2025-04-11 14:41:17,269 - INFO - Loaded config file: configs/generated_configs/studentPerformance/studentPerformance_synth_rows2x.yaml
2025-04-11 14:41:17,269 - INFO -  Benchmarking started for dataset: studentPerformance
2025-04-11 14:41:17,269 - INFO - Configuration loaded: enable_anonymization = False, enable_synthesis = True
2025-04-11 14:41:17,269 - INFO - Running preprocessing...
2025-04-11 14:41:17,274 - INFO - Preprocessed files found. Skipping preprocessing.
2025-04-11 14:41:17,294 - INFO - Preprocessing completed. Rows before: 4424, after: 3539
2025-04-11 14:41:17,294 - INFO - enable_anonymization = None
2025-04-11 14:41:17,294 - INFO - Anonymization Skipped (Disabled in Configuration).
2025-04-11 14:41:17,294 - INFO - enable_synthetic_generation = True
2025-04-11 14:41:17,295 - INFO - Starting Synthetic Data Generation Pipeline...
2025-04-11 14:41:17,315 - INFO - Detected metadata:
2025-04-11 14:41:17,315 - INFO - {
    "METADATA_SPEC_VERSION": "SINGLE_TABLE_V1",
    "columns": {
        "Marital status": {
            "sdtype": "categorical"
        },
        "Application mode": {
            "sdtype": "numerical"
        },
        "Application order": {
            "sdtype": "categorical"
        },
        "Course": {
            "sdtype": "numerical"
        },
        "Daytime/evening attendance": {
            "sdtype": "categorical"
        },
        "Previous qualification": {
            "sdtype": "numerical"
        },
        "Previous qualification (grade)": {
            "sdtype": "numerical"
        },
        "Nacionality": {
            "sdtype": "numerical"
        },
        "Mother's qualification": {
            "sdtype": "numerical"
        },
        "Father's qualification": {
            "sdtype": "numerical"
        },
        "Mother's occupation": {
            "sdtype": "numerical"
        },
        "Father's occupation": {
            "sdtype": "numerical"
        },
        "Admission grade": {
            "sdtype": "numerical"
        },
        "Displaced": {
            "sdtype": "categorical"
        },
        "Educational special needs": {
            "sdtype": "categorical"
        },
        "Debtor": {
            "sdtype": "categorical"
        },
        "Tuition fees up to date": {
            "sdtype": "categorical"
        },
        "Gender": {
            "sdtype": "categorical"
        },
        "Scholarship_holder": {
            "sdtype": "categorical"
        },
        "Age at enrollment": {
            "sdtype": "numerical"
        },
        "International": {
            "sdtype": "categorical"
        },
        "Curricular units 1st sem (credited)": {
            "sdtype": "numerical"
        },
        "Curricular units 1st sem (enrolled)": {
            "sdtype": "numerical"
        },
        "Curricular units 1st sem (evaluations)": {
            "sdtype": "numerical"
        },
        "Curricular units 1st sem (approved)": {
            "sdtype": "numerical"
        },
        "Curricular units 1st sem (grade)": {
            "sdtype": "numerical"
        },
        "Curricular units 1st sem (without evaluations)": {
            "sdtype": "numerical"
        },
        "Curricular units 2nd sem (credited)": {
            "sdtype": "numerical"
        },
        "Curricular units 2nd sem (enrolled)": {
            "sdtype": "numerical"
        },
        "Curricular units 2nd sem (evaluations)": {
            "sdtype": "numerical"
        },
        "Curricular units 2nd sem (approved)": {
            "sdtype": "numerical"
        },
        "Curricular units 2nd sem (grade)": {
            "sdtype": "numerical"
        },
        "Curricular units 2nd sem (without evaluations)": {
            "sdtype": "categorical"
        },
        "Unemployment rate": {
            "sdtype": "numerical"
        },
        "Inflation rate": {
            "sdtype": "numerical"
        },
        "GDP": {
            "sdtype": "numerical"
        },
        "Target": {
            "sdtype": "categorical"
        }
    }
}
2025-04-11 14:41:17,320 - INFO - {'EVENT': 'Instance', 'TIMESTAMP': datetime.datetime(2025, 4, 11, 14, 41, 17, 320768), 'SYNTHESIZER CLASS NAME': 'CTGANSynthesizer', 'SYNTHESIZER ID': 'CTGANSynthesizer_1.18.0_433f393932a54bd9986e748f5a3ee000'}
2025-04-11 14:41:17,320 - INFO - {'EVENT': 'Fit', 'TIMESTAMP': datetime.datetime(2025, 4, 11, 14, 41, 17, 320885), 'SYNTHESIZER CLASS NAME': 'CTGANSynthesizer', 'SYNTHESIZER ID': 'CTGANSynthesizer_1.18.0_433f393932a54bd9986e748f5a3ee000', 'TOTAL NUMBER OF TABLES': 1, 'TOTAL NUMBER OF ROWS': 3539, 'TOTAL NUMBER OF COLUMNS': 37}
2025-04-11 14:41:17,352 - INFO - Fitting table  metadata
2025-04-11 14:41:17,353 - INFO - Fitting formatters for table 
2025-04-11 14:41:17,359 - INFO - No rounding scheme detected for column 'Curricular units 1st sem (grade)'. Data will not be rounded.
2025-04-11 14:41:17,361 - INFO - No rounding scheme detected for column 'Curricular units 2nd sem (grade)'. Data will not be rounded.
2025-04-11 14:41:17,362 - INFO - Fitting constraints for table 
2025-04-11 14:41:17,362 - INFO - Setting the configuration for the ``HyperTransformer`` for table 
2025-04-11 14:41:17,371 - INFO - Fitting HyperTransformer for table 
2025-04-11 14:41:17,418 - INFO - No rounding scheme detected for column 'Curricular units 1st sem (grade)'. Data will not be rounded.
2025-04-11 14:41:17,438 - INFO - No rounding scheme detected for column 'Curricular units 2nd sem (grade)'. Data will not be rounded.
2025-04-11 14:41:17,490 - INFO - {'EVENT': 'Fit processed data', 'TIMESTAMP': datetime.datetime(2025, 4, 11, 14, 41, 17, 490878), 'SYNTHESIZER CLASS NAME': 'CTGANSynthesizer', 'SYNTHESIZER ID': 'CTGANSynthesizer_1.18.0_433f393932a54bd9986e748f5a3ee000', 'TOTAL NUMBER OF TABLES': 1, 'TOTAL NUMBER OF ROWS': 3539, 'TOTAL NUMBER OF COLUMNS': 37}
2025-04-11 14:41:17,511 - INFO - Guidance: There are no missing values in column Application mode. Extra column not created.
2025-04-11 14:41:17,666 - INFO - Guidance: There are no missing values in column Course. Extra column not created.
2025-04-11 14:41:17,899 - INFO - Guidance: There are no missing values in column Previous qualification. Extra column not created.
2025-04-11 14:41:17,937 - INFO - Guidance: There are no missing values in column Previous qualification (grade). Extra column not created.
2025-04-11 14:41:18,171 - INFO - Guidance: There are no missing values in column Nacionality. Extra column not created.
2025-04-11 14:41:18,219 - INFO - Guidance: There are no missing values in column Mother's qualification. Extra column not created.
2025-04-11 14:41:18,336 - INFO - Guidance: There are no missing values in column Father's qualification. Extra column not created.
2025-04-11 14:41:18,566 - INFO - Guidance: There are no missing values in column Mother's occupation. Extra column not created.
2025-04-11 14:41:18,752 - INFO - Guidance: There are no missing values in column Father's occupation. Extra column not created.
2025-04-11 14:41:19,154 - INFO - Guidance: There are no missing values in column Admission grade. Extra column not created.
2025-04-11 14:41:19,815 - INFO - Guidance: There are no missing values in column Age at enrollment. Extra column not created.
2025-04-11 14:41:20,285 - INFO - Guidance: There are no missing values in column Curricular units 1st sem (credited). Extra column not created.
2025-04-11 14:41:20,696 - INFO - Guidance: There are no missing values in column Curricular units 1st sem (enrolled). Extra column not created.
2025-04-11 14:41:21,082 - INFO - Guidance: There are no missing values in column Curricular units 1st sem (evaluations). Extra column not created.
2025-04-11 14:41:21,506 - INFO - Guidance: There are no missing values in column Curricular units 1st sem (approved). Extra column not created.
2025-04-11 14:41:21,687 - INFO - Guidance: There are no missing values in column Curricular units 1st sem (grade). Extra column not created.
2025-04-11 14:41:21,886 - INFO - Guidance: There are no missing values in column Curricular units 1st sem (without evaluations). Extra column not created.
2025-04-11 14:41:21,960 - INFO - Guidance: There are no missing values in column Curricular units 2nd sem (credited). Extra column not created.
2025-04-11 14:41:22,097 - INFO - Guidance: There are no missing values in column Curricular units 2nd sem (enrolled). Extra column not created.
2025-04-11 14:41:22,229 - INFO - Guidance: There are no missing values in column Curricular units 2nd sem (evaluations). Extra column not created.
2025-04-11 14:41:22,437 - INFO - Guidance: There are no missing values in column Curricular units 2nd sem (approved). Extra column not created.
2025-04-11 14:41:22,505 - INFO - Guidance: There are no missing values in column Curricular units 2nd sem (grade). Extra column not created.
2025-04-11 14:41:22,746 - INFO - Guidance: There are no missing values in column Unemployment rate. Extra column not created.
2025-04-11 14:41:23,088 - INFO - Guidance: There are no missing values in column Inflation rate. Extra column not created.
2025-04-11 14:41:23,269 - INFO - Guidance: There are no missing values in column GDP. Extra column not created.
2025-04-11 14:46:44,026 - INFO - {'EVENT': 'Save', 'TIMESTAMP': datetime.datetime(2025, 4, 11, 14, 46, 44, 26620), 'SYNTHESIZER CLASS NAME': 'CTGANSynthesizer', 'SYNTHESIZER ID': 'CTGANSynthesizer_1.18.0_433f393932a54bd9986e748f5a3ee000'}
2025-04-11 14:46:44,178 - INFO - {'EVENT': 'Load', 'TIMESTAMP': datetime.datetime(2025, 4, 11, 14, 46, 44, 178851), 'SYNTHESIZER CLASS NAME': 'GaussianCopulaSynthesizer', 'SYNTHESIZER ID': 'GaussianCopulaSynthesizer_1.18.0_acab0468a1be4c6288582dab1e032559'}
2025-04-11 14:46:44,273 - INFO - {'EVENT': 'Load', 'TIMESTAMP': datetime.datetime(2025, 4, 11, 14, 46, 44, 273637), 'SYNTHESIZER CLASS NAME': 'TVAESynthesizer', 'SYNTHESIZER ID': 'TVAESynthesizer_1.18.0_c734219605eb438e885a0a2cb23abba8'}
2025-04-11 14:46:45,838 - INFO - {'EVENT': 'Sample', 'TIMESTAMP': datetime.datetime(2025, 4, 11, 14, 46, 44, 273898), 'SYNTHESIZER CLASS NAME': 'CTGANSynthesizer', 'SYNTHESIZER ID': 'CTGANSynthesizer_1.18.0_433f393932a54bd9986e748f5a3ee000', 'TOTAL NUMBER OF TABLES': 1, 'TOTAL NUMBER OF ROWS': 3539, 'TOTAL NUMBER OF COLUMNS': 37}
2025-04-11 14:46:46,221 - INFO - {'EVENT': 'Sample', 'TIMESTAMP': datetime.datetime(2025, 4, 11, 14, 46, 45, 839090), 'SYNTHESIZER CLASS NAME': 'GaussianCopulaSynthesizer', 'SYNTHESIZER ID': 'GaussianCopulaSynthesizer_1.18.0_acab0468a1be4c6288582dab1e032559', 'TOTAL NUMBER OF TABLES': 1, 'TOTAL NUMBER OF ROWS': 3539, 'TOTAL NUMBER OF COLUMNS': 37}
2025-04-11 14:46:47,434 - INFO - {'EVENT': 'Sample', 'TIMESTAMP': datetime.datetime(2025, 4, 11, 14, 46, 46, 221927), 'SYNTHESIZER CLASS NAME': 'TVAESynthesizer', 'SYNTHESIZER ID': 'TVAESynthesizer_1.18.0_c734219605eb438e885a0a2cb23abba8', 'TOTAL NUMBER OF TABLES': 1, 'TOTAL NUMBER OF ROWS': 3539, 'TOTAL NUMBER OF COLUMNS': 37}
2025-04-11 14:46:47,436 - INFO - Synthetic Data Generation Completed.
2025-04-11 14:46:55,193 - INFO - Synthetic Data Evaluation Completed.
2025-04-11 14:46:55,208 - INFO - Synthetic Data Report Generated Successfully.
2025-04-11 14:46:55,425 - INFO - Synthetic data generated with 3 synthesizers.
2025-04-11 14:46:55,425 - INFO - Hybrid pipeline skipped (disabled in configuration).
2025-04-11 14:46:55,426 - INFO - Preparing datasets for machine learning...
2025-04-11 14:46:55,426 - INFO - Original Data - Training Size: 3539, Testing Size: 885
2025-04-11 14:46:55,427 - INFO - Processing synthetic dataset generated by CTGAN...
2025-04-11 14:46:55,428 - INFO - Synthetic Data (CTGAN) - Training Size: 3539
2025-04-11 14:46:55,428 - INFO - Processing synthetic dataset generated by GaussianCopula...
2025-04-11 14:46:55,429 - INFO - Synthetic Data (GaussianCopula) - Training Size: 3539
2025-04-11 14:46:55,430 - INFO - Processing synthetic dataset generated by TVAE...
2025-04-11 14:46:55,431 - INFO - Synthetic Data (TVAE) - Training Size: 3539
2025-04-11 14:46:55,431 - INFO - Training models on all datasets...
2025-04-11 14:48:47,319 - INFO - Model Training Completed.
2025-04-11 14:48:47,319 - INFO - Evaluating models...
2025-04-11 14:48:51,101 - INFO - Model Training and Evaluation completed.
2025-04-11 14:48:52,472 - INFO -  Visualizations saved.
2025-04-11 14:48:52,473 - INFO -  Benchmarking Completed. Results saved in output folder.
