2025-04-11 14:27:43,854 - INFO - Loaded config file: configs/generated_configs/loan/loan_anon_k2_l2_sl0.05.yaml
2025-04-11 14:27:43,854 - INFO -  Benchmarking started for dataset: loan
2025-04-11 14:27:43,854 - INFO - Configuration loaded: enable_anonymization = True, enable_synthesis = False
2025-04-11 14:27:43,854 - INFO - Running preprocessing...
2025-04-11 14:27:43,858 - INFO - Preprocessed files found. Skipping preprocessing.
2025-04-11 14:27:43,865 - INFO - Preprocessing completed. Rows before: 614, after: 336
2025-04-11 14:27:43,865 - INFO - enable_anonymization = None
2025-04-11 14:27:43,871 - INFO - Running Java Anonymization Program...........
2025-04-11 14:27:43,871 - INFO - Using JAR file at /mnt/NVMETank/Projects/Students/Dele/A-STUDY-INTO-THE-QUALITY-AND-USABILITY-OF-PRIVACY-FRIENDLY-SYNTHETIC-DATA/src/anonymization/anonymARXij/bin/anonymARXij.jar to anonymize the dataset.
2025-04-11 14:27:45,640 - INFO - Anonimized file saved to : /mnt/NVMETank/Projects/Students/Dele/A-STUDY-INTO-THE-QUALITY-AND-USABILITY-OF-PRIVACY-FRIENDLY-SYNTHETIC-DATA/datasets/anonymized/loan_k2_l2_sup05_anonymized.csv
2025-04-11 14:27:45,641 - INFO - Java anonymization completed successfully.
2025-04-11 14:27:45,641 - INFO - Anonymized data saved to: /mnt/NVMETank/Projects/Students/Dele/A-STUDY-INTO-THE-QUALITY-AND-USABILITY-OF-PRIVACY-FRIENDLY-SYNTHETIC-DATA/datasets/anonymized/loan_k2_l2_sup05_anonymized.csv
2025-04-11 14:27:45,666 - INFO - Loaded anonymized data: (336, 13)
2025-04-11 14:27:45,716 - INFO - Encoding applied to anonymized data. Encoded shape: (336, 12)
2025-04-11 14:27:45,718 - INFO - Encoded anonymized dataset saved to: /mnt/NVMETank/Projects/Students/Dele/A-STUDY-INTO-THE-QUALITY-AND-USABILITY-OF-PRIVACY-FRIENDLY-SYNTHETIC-DATA/datasets/anonymized/loan_k2_l2_sup05_anonymized_encoded.csv
2025-04-11 14:27:45,719 - INFO - Deleted anonymized dataset: /mnt/NVMETank/Projects/Students/Dele/A-STUDY-INTO-THE-QUALITY-AND-USABILITY-OF-PRIVACY-FRIENDLY-SYNTHETIC-DATA/datasets/anonymized/loan_k2_l2_sup05_anonymized.csv
2025-04-11 14:27:45,719 - INFO - enable_synthetic_generation = False
2025-04-11 14:27:45,719 - INFO - Synthetic Data Generation Skipped (Disabled in Configuration).
2025-04-11 14:27:45,719 - INFO - Synthetic data generated with 2 synthesizers.
2025-04-11 14:27:45,719 - INFO - Hybrid pipeline skipped (disabled in configuration).
2025-04-11 14:27:45,719 - INFO - Preparing datasets for machine learning...
2025-04-11 14:27:45,720 - INFO - Original Data - Training Size: 336, Testing Size: 144
2025-04-11 14:27:45,720 - INFO - Processing anonymized dataset...
2025-04-11 14:27:45,721 - INFO - Anonymized Data - Training Size: 336
2025-04-11 14:27:45,721 - INFO - Training models on all datasets...
2025-04-11 14:28:39,852 - INFO - Model Training Completed.
2025-04-11 14:28:39,852 - INFO - Evaluating models...
2025-04-11 14:28:40,272 - INFO - Model Training and Evaluation completed.
2025-04-11 14:28:41,263 - INFO -  Visualizations saved.
2025-04-11 14:28:41,263 - INFO -  Benchmarking Completed. Results saved in output folder.
