2025-04-20 21:30:20,156 - INFO - Loaded config file: configs/generated_configs/crimeData/crimeData_anon_k10_sl0p2_l2.yaml
2025-04-20 21:30:20,156 - INFO -  Benchmarking started for dataset: crimeData
2025-04-20 21:30:20,156 - INFO - Using dataset path: /mnt/NVMETank/Projects/Students/Dele/A-STUDY-INTO-THE-QUALITY-AND-USABILITY-OF-PRIVACY-FRIENDLY-SYNTHETIC-DATA/datasets/original/crimeData.csv
2025-04-20 21:30:20,156 - INFO - Target column: Status, separator: ','
2025-04-20 21:30:20,156 - INFO - Configuration loaded: enable_anonymization = True, enable_synthesis = False, enable_hybrid = True, enable_utility = True, delete_after_evaluation = True
2025-04-20 21:30:20,156 - INFO - Running preprocessing...
2025-04-20 21:30:20,161 - INFO - [PREPROCESSING] No preprocessed files found. Starting full preprocessing pipeline...
2025-04-20 21:30:22,071 - INFO - [PREPROCESSING] Missing value handling strategy: 'drop' applied.
2025-04-20 21:30:22,295 - INFO - [PREPROCESSING] Split data into train (260402 rows) and test (65101 rows). Test size: 0.2
2025-04-20 21:30:29,117 - INFO -  [PREPROCESSING] Saved raw train set to: datasets/train/crimeData_train_raw.csv
2025-04-20 21:30:29,117 - INFO -  [PREPROCESSING] Saved encoder to: artifacts/crimeData_binary_encoder.pkl
2025-04-20 21:30:29,117 - INFO -  [PREPROCESSING]Saved encoded train set to: datasets/cleaned/crimeData_cleaned.csv
2025-04-20 21:30:29,117 - INFO -  [PREPROCESSING] Saved encoded test set to: datasets/test/crimeData_test_set.csv
2025-04-20 21:30:29,117 - INFO - [PREPROCESSING] run_preprocessing finished executing.
2025-04-20 21:30:29,497 - INFO - Preprocessing completed. Rows before: 974477, after: 260402
2025-04-20 21:30:29,497 - INFO - Preprocessed data saved to: outputs/batch/crimeData_batch_2025-04-20_21-30-12/crimeData_anon_k10_sl0p2_l2/preprocessing_report.txt
2025-04-20 21:30:29,497 - INFO - enable_anonymization = True
2025-04-20 21:30:29,498 - INFO - Starting Anonymization Pipeline with output path: /mnt/NVMETank/Projects/Students/Dele/A-STUDY-INTO-THE-QUALITY-AND-USABILITY-OF-PRIVACY-FRIENDLY-SYNTHETIC-DATA/datasets/anonymized/crimeData_k10_l2_sup20_anonymized.csv.......
2025-04-20 21:30:29,502 - INFO -  [ANONYMIZATION] Executing run_anonymization, config_path : configs/generated_configs/crimeData/crimeData_anon_k10_sl0p2_l2.yaml...........
2025-04-20 21:30:29,502 - INFO -  [ANONYMIZATION] Using JAR file at /mnt/NVMETank/Projects/Students/Dele/A-STUDY-INTO-THE-QUALITY-AND-USABILITY-OF-PRIVACY-FRIENDLY-SYNTHETIC-DATA/src/anonymization/anonymARXij/bin/anonymARXij.jar to anonymize the dataset.
2025-04-20 21:30:47,154 - INFO -  [ANONYMIZATION] Anonimized file saved to : /mnt/NVMETank/Projects/Students/Dele/A-STUDY-INTO-THE-QUALITY-AND-USABILITY-OF-PRIVACY-FRIENDLY-SYNTHETIC-DATA/datasets/anonymized/crimeData_k10_l2_sup20_anonymized.csv
2025-04-20 21:30:47,154 - INFO -  [ANONYMIZATION] Java anonymization completed successfully.
2025-04-20 21:30:47,154 - INFO -  [ANONYMIZATION] Java STDOUT:
📄 Java received config path: /mnt/NVMETank/Projects/Students/Dele/A-STUDY-INTO-THE-QUALITY-AND-USABILITY-OF-PRIVACY-FRIENDLY-SYNTHETIC-DATA/configs/generated_configs/crimeData/crimeData_anon_k10_sl0p2_l2.yaml
🔹 Loading config from: /mnt/NVMETank/Projects/Students/Dele/A-STUDY-INTO-THE-QUALITY-AND-USABILITY-OF-PRIVACY-FRIENDLY-SYNTHETIC-DATA/configs/generated_configs/crimeData/crimeData_anon_k10_sl0p2_l2.yaml
Loading config from: /mnt/NVMETank/Projects/Students/Dele/A-STUDY-INTO-THE-QUALITY-AND-USABILITY-OF-PRIVACY-FRIENDLY-SYNTHETIC-DATA/configs/generated_configs/crimeData/crimeData_anon_k10_sl0p2_l2.yaml
📂 Dataset Path (from args): /mnt/NVMETank/Projects/Students/Dele/A-STUDY-INTO-THE-QUALITY-AND-USABILITY-OF-PRIVACY-FRIENDLY-SYNTHETIC-DATA/datasets/train/crimeData_train_raw.csv
🔹 Dataset Separator: ,
🔹 Suppression Limit: 0.2

🔹 Configured Attributes:
  ✅ Quasi-Identifier: Victim_age
  ✅ Quasi-Identifier: Victim_sex
  ✅ Quasi-Identifier: Victim_descent
  ✅ Quasi-Identifier: LAT
  ✅ Quasi-Identifier: LON
  ✅ Sensitive Attribute: Crime_Code
  ✅ Insensitive Attribute: DR_NO
  ✅ Insensitive Attribute: Time_occured
  ✅ Insensitive Attribute: Premis
  ✅ Insensitive Attribute: Weapon
  ✅ Insensitive Attribute: Status

🔹 Defined Hierarchies:
  ✅ Victim_sex -> /mnt/NVMETank/Projects/Students/Dele/A-STUDY-INTO-THE-QUALITY-AND-USABILITY-OF-PRIVACY-FRIENDLY-SYNTHETIC-DATA/src/anonymization/anonymARXij/src/hierarchies/hierarchy_sex.csv
  ✅ Victim_descent -> /mnt/NVMETank/Projects/Students/Dele/A-STUDY-INTO-THE-QUALITY-AND-USABILITY-OF-PRIVACY-FRIENDLY-SYNTHETIC-DATA/src/anonymization/anonymARXij/src/hierarchies/hierarchy_descent.csv
  ✅ Victim_age -> /mnt/NVMETank/Projects/Students/Dele/A-STUDY-INTO-THE-QUALITY-AND-USABILITY-OF-PRIVACY-FRIENDLY-SYNTHETIC-DATA/src/anonymization/anonymARXij/src/hierarchies/hierarchy_age_4.csv
Java is searching for hierarchy file at: /mnt/NVMETank/Projects/Students/Dele/A-STUDY-INTO-THE-QUALITY-AND-USABILITY-OF-PRIVACY-FRIENDLY-SYNTHETIC-DATA/src/anonymization/anonymARXij/src/hierarchies/hierarchy_sex.csv
Java is searching for hierarchy file at: /mnt/NVMETank/Projects/Students/Dele/A-STUDY-INTO-THE-QUALITY-AND-USABILITY-OF-PRIVACY-FRIENDLY-SYNTHETIC-DATA/src/anonymization/anonymARXij/src/hierarchies/hierarchy_descent.csv
Java is searching for hierarchy file at: /mnt/NVMETank/Projects/Students/Dele/A-STUDY-INTO-THE-QUALITY-AND-USABILITY-OF-PRIVACY-FRIENDLY-SYNTHETIC-DATA/src/anonymization/anonymARXij/src/hierarchies/hierarchy_age_4.csv
Interval-based hierarchy created for: LAT
Interval-based hierarchy created for: LON
🔹 Privacy Models Configured
📂 Anonymized Output Path (from args): /mnt/NVMETank/Projects/Students/Dele/A-STUDY-INTO-THE-QUALITY-AND-USABILITY-OF-PRIVACY-FRIENDLY-SYNTHETIC-DATA/datasets/anonymized/crimeData_k10_l2_sup20_anonymized.csv
📂 Anonymized Output Path: /mnt/NVMETank/Projects/Students/Dele/A-STUDY-INTO-THE-QUALITY-AND-USABILITY-OF-PRIVACY-FRIENDLY-SYNTHETIC-DATA/datasets/anonymized/crimeData_k10_l2_sup20_anonymized.csv
✅ Anonymization completed. Output saved to: /mnt/NVMETank/Projects/Students/Dele/A-STUDY-INTO-THE-QUALITY-AND-USABILITY-OF-PRIVACY-FRIENDLY-SYNTHETIC-DATA/datasets/anonymized/crimeData_k10_l2_sup20_anonymized.csv
Anonymized Data Quality Metrics:
 - Ambiguity: 0.9895837772655024
 - AECS: 0.9988759310046099
 - Discernibility: 0.9841286367223508
 - Granularity: 0.5805376968889708
 - MSE: 4.947517855324879E-4
 - Non-Uniform Entropy: 0.2952461500808431
 - Precision: 0.8906613620479106
 - Record-level SE: 0.7372938146143446
Equivalence Class Statistics:
 - Number of Classes: 877
 - Average Class Size: 293.842645381984
Suppression Statistics:
 - Suppressed Records: 2702
 - Suppression Percentage: 1.04%
2025-04-20 21:30:47,154 - INFO - Anonymized data saved to: /mnt/NVMETank/Projects/Students/Dele/A-STUDY-INTO-THE-QUALITY-AND-USABILITY-OF-PRIVACY-FRIENDLY-SYNTHETIC-DATA/datasets/anonymized/crimeData_k10_l2_sup20_anonymized.csv
2025-04-20 21:30:52,785 - INFO - Anonymous data report saved at: outputs/batch/crimeData_batch_2025-04-20_21-30-12/crimeData_anon_k10_sl0p2_l2/anonymous_data_report.txt
2025-04-20 21:30:52,785 - INFO -  [POSTPROCESSING] Postprocessing anonymized data: /mnt/NVMETank/Projects/Students/Dele/A-STUDY-INTO-THE-QUALITY-AND-USABILITY-OF-PRIVACY-FRIENDLY-SYNTHETIC-DATA/datasets/anonymized/crimeData_k10_l2_sup20_anonymized.csv
2025-04-20 21:30:53,759 - INFO -  [POSTPROCESSING] Loaded anonymized data: (260402, 12)
2025-04-20 21:30:55,426 - INFO -  [POSTPROCESSING] Loaded fallback maps from training data. Categorical cols: 7, Numeric cols: 5
2025-04-20 21:30:55,426 - INFO -  [POSTPROCESSING] Normalizing anonymized data using ARX artifact cleaning and fallback values.
2025-04-20 21:31:11,418 - INFO -  [POSTPROCESSING] Normalized anonymized data saved to: /mnt/NVMETank/Projects/Students/Dele/A-STUDY-INTO-THE-QUALITY-AND-USABILITY-OF-PRIVACY-FRIENDLY-SYNTHETIC-DATA/datasets/anonymized/crimeData_k10_l2_sup20_anonymized_processed.csv
2025-04-20 21:31:12,314 - INFO -  [POSTPROCESSING] Binary Encoding applied to anonymized data. Encoded shape: (260402, 47)
2025-04-20 21:31:27,097 - INFO -  [POSTPROCESSING] Encoded anonymized dataset saved to: /mnt/NVMETank/Projects/Students/Dele/A-STUDY-INTO-THE-QUALITY-AND-USABILITY-OF-PRIVACY-FRIENDLY-SYNTHETIC-DATA/datasets/anonymized/crimeData_k10_l2_sup20_anonymized_encoded.csv
2025-04-20 21:31:27,097 - INFO -  [POSTPROCESSING] Encoding map generated for anonymized data: 0 original categorical columns.
2025-04-20 21:31:27,207 - INFO - Postprocessing report saved at: outputs/batch/crimeData_batch_2025-04-20_21-30-12/crimeData_anon_k10_sl0p2_l2/postprocessing_report.txt
2025-04-20 21:31:27,207 - INFO - enable_synthetic_generation = False
2025-04-20 21:31:27,207 - INFO - Synthetic Data Generation Skipped (Disabled in Configuration).
2025-04-20 21:31:27,207 - INFO - Running Hybrid Pipeline...
2025-04-20 21:31:27,207 - INFO -  [HYBRID] Executing run_hybrid...
2025-04-20 21:31:27,207 - INFO -  [HYBRID] Looking for encoded anonymized data in /mnt/NVMETank/Projects/Students/Dele/A-STUDY-INTO-THE-QUALITY-AND-USABILITY-OF-PRIVACY-FRIENDLY-SYNTHETIC-DATA/datasets/anonymized/crimeData_k10_l2_sup20_anonymized_encoded.csv
2025-04-20 21:31:27,207 - INFO -  [HYBRID ] Loaded cached encoded anonymous data from /mnt/NVMETank/Projects/Students/Dele/A-STUDY-INTO-THE-QUALITY-AND-USABILITY-OF-PRIVACY-FRIENDLY-SYNTHETIC-DATA/datasets/anonymized/crimeData_k10_l2_sup20_anonymized_encoded.csv
2025-04-20 21:31:32,148 - INFO -  [HYBRID] Starting synthetic generation for hybrid pipeline...
2025-04-20 21:31:32,151 - INFO - Executing run_synthetic.....
2025-04-20 21:31:32,151 - INFO - [SYNTHETIC PIPELINE] executing run_synthetic for crimeData_k10_l2_sup20...
2025-04-20 21:31:32,152 - INFO - [SYNTHETIC] Processing dataset: crimeData_k10_l2_sup20
2025-04-20 21:31:32,152 - INFO - [SYNTHETIC] Original dataset size: 260402 rows
2025-04-20 21:31:35,226 - INFO - Detected metadata:
2025-04-20 21:31:35,234 - INFO - {
    "primary_key": "DR_NO",
    "METADATA_SPEC_VERSION": "SINGLE_TABLE_V1",
    "columns": {
        "DR_NO": {
            "sdtype": "id"
        },
        "Date_occured_0": {
            "sdtype": "categorical"
        },
        "Date_occured_1": {
            "sdtype": "categorical"
        },
        "Date_occured_2": {
            "sdtype": "categorical"
        },
        "Date_occured_3": {
            "sdtype": "categorical"
        },
        "Date_occured_4": {
            "sdtype": "categorical"
        },
        "Date_occured_5": {
            "sdtype": "categorical"
        },
        "Date_occured_6": {
            "sdtype": "categorical"
        },
        "Date_occured_7": {
            "sdtype": "categorical"
        },
        "Date_occured_8": {
            "sdtype": "categorical"
        },
        "Date_occured_9": {
            "sdtype": "categorical"
        },
        "Date_occured_10": {
            "sdtype": "categorical"
        },
        "Time_occured": {
            "sdtype": "numerical"
        },
        "Crime_Code_0": {
            "sdtype": "categorical"
        },
        "Crime_Code_1": {
            "sdtype": "categorical"
        },
        "Crime_Code_2": {
            "sdtype": "categorical"
        },
        "Crime_Code_3": {
            "sdtype": "categorical"
        },
        "Crime_Code_4": {
            "sdtype": "categorical"
        },
        "Crime_Code_5": {
            "sdtype": "categorical"
        },
        "Crime_Code_6": {
            "sdtype": "categorical"
        },
        "Victim_age": {
            "sdtype": "numerical"
        },
        "Victim_sex_1": {
            "sdtype": "categorical"
        },
        "Victim_sex_2": {
            "sdtype": "categorical"
        },
        "Victim_descent_0": {
            "sdtype": "categorical"
        },
        "Victim_descent_1": {
            "sdtype": "categorical"
        },
        "Victim_descent_2": {
            "sdtype": "categorical"
        },
        "Victim_descent_3": {
            "sdtype": "categorical"
        },
        "Victim_descent_4": {
            "sdtype": "categorical"
        },
        "Premis_0": {
            "sdtype": "categorical"
        },
        "Premis_1": {
            "sdtype": "categorical"
        },
        "Premis_2": {
            "sdtype": "categorical"
        },
        "Premis_3": {
            "sdtype": "categorical"
        },
        "Premis_4": {
            "sdtype": "categorical"
        },
        "Premis_5": {
            "sdtype": "categorical"
        },
        "Premis_6": {
            "sdtype": "categorical"
        },
        "Premis_7": {
            "sdtype": "categorical"
        },
        "Premis_8": {
            "sdtype": "categorical"
        },
        "Weapon_0": {
            "sdtype": "categorical"
        },
        "Weapon_1": {
            "sdtype": "categorical"
        },
        "Weapon_2": {
            "sdtype": "categorical"
        },
        "Weapon_3": {
            "sdtype": "categorical"
        },
        "Weapon_4": {
            "sdtype": "categorical"
        },
        "Weapon_5": {
            "sdtype": "categorical"
        },
        "Weapon_6": {
            "sdtype": "categorical"
        },
        "Status": {
            "sdtype": "categorical"
        },
        "LAT": {
            "sdtype": "numerical"
        },
        "LON": {
            "sdtype": "numerical"
        }
    }
}
2025-04-20 21:31:35,243 - INFO - [SYNTHETIC] Preparing synthesizer: CTGAN
2025-04-20 21:31:35,243 - INFO - [SYNTHETIC] Params from config: {'epochs': 300}
2025-04-20 21:31:35,243 - INFO -  [SYNTHETIC] No pre-trained synthesizer found
2025-04-20 21:31:35,244 - INFO - [SYNTHETIC] Training new CTGAN synthesizer from scratch...
2025-04-20 21:31:35,244 - WARNING - [FutureWarning] The 'SingleTableMetadata' is deprecated. Please use the new 'Metadata' class for synthesizers. (from /mnt/NVMETank/Projects/Students/Dele/A-STUDY-INTO-THE-QUALITY-AND-USABILITY-OF-PRIVACY-FRIENDLY-SYNTHETIC-DATA/.venv/lib/python3.12/site-packages/sdv/single_table/base.py:119)
2025-04-20 21:31:35,256 - WARNING - [UserWarning] We strongly recommend saving the metadata using 'save_to_json' for replicability in future SDV versions. (from /mnt/NVMETank/Projects/Students/Dele/A-STUDY-INTO-THE-QUALITY-AND-USABILITY-OF-PRIVACY-FRIENDLY-SYNTHETIC-DATA/.venv/lib/python3.12/site-packages/sdv/single_table/base.py:104)
2025-04-20 21:31:35,356 - INFO - {'EVENT': 'Instance', 'TIMESTAMP': datetime.datetime(2025, 4, 20, 21, 31, 35, 356726), 'SYNTHESIZER CLASS NAME': 'CTGANSynthesizer', 'SYNTHESIZER ID': 'CTGANSynthesizer_1.18.0_30fc0155a1964b85abe10a8f01e84d91'}
2025-04-20 21:31:35,356 - INFO - [SYNTHETIC] CTGAN initialized with epochs: 300
2025-04-20 21:31:35,356 - INFO - [SYNTHETIC] Training parameters for CTGAN: {}
2025-04-20 21:31:35,357 - INFO - [SYNTHETIC] fitting CTGAN 
2025-04-20 21:31:35,357 - INFO - {'EVENT': 'Fit', 'TIMESTAMP': datetime.datetime(2025, 4, 20, 21, 31, 35, 357130), 'SYNTHESIZER CLASS NAME': 'CTGANSynthesizer', 'SYNTHESIZER ID': 'CTGANSynthesizer_1.18.0_30fc0155a1964b85abe10a8f01e84d91', 'TOTAL NUMBER OF TABLES': 1, 'TOTAL NUMBER OF ROWS': 260402, 'TOTAL NUMBER OF COLUMNS': 47}
2025-04-20 21:31:39,347 - INFO - Fitting table  metadata
2025-04-20 21:31:39,538 - INFO - Fitting formatters for table 
2025-04-20 21:31:39,582 - INFO - No rounding scheme detected for column 'LAT'. Data will not be rounded.
2025-04-20 21:31:39,585 - INFO - No rounding scheme detected for column 'LON'. Data will not be rounded.
2025-04-20 21:31:39,618 - INFO - Fitting constraints for table 
2025-04-20 21:31:39,618 - INFO - Setting the configuration for the ``HyperTransformer`` for table 
2025-04-20 21:31:39,621 - INFO - Fitting HyperTransformer for table 
2025-04-20 21:31:40,528 - INFO - No rounding scheme detected for column 'LAT'. Data will not be rounded.
2025-04-20 21:31:41,180 - INFO - No rounding scheme detected for column 'LON'. Data will not be rounded.
2025-04-20 21:31:45,053 - INFO - {'EVENT': 'Fit processed data', 'TIMESTAMP': datetime.datetime(2025, 4, 20, 21, 31, 45, 53459), 'SYNTHESIZER CLASS NAME': 'CTGANSynthesizer', 'SYNTHESIZER ID': 'CTGANSynthesizer_1.18.0_30fc0155a1964b85abe10a8f01e84d91', 'TOTAL NUMBER OF TABLES': 1, 'TOTAL NUMBER OF ROWS': 260402, 'TOTAL NUMBER OF COLUMNS': 46}
2025-04-20 21:31:46,576 - INFO - Guidance: There are no missing values in column Time_occured. Extra column not created.
2025-04-20 21:35:11,643 - INFO - Guidance: There are no missing values in column Victim_age. Extra column not created.
2025-04-20 21:39:40,937 - INFO - Guidance: There are no missing values in column LAT. Extra column not created.
2025-04-20 21:39:49,774 - INFO - Guidance: There are no missing values in column LON. Extra column not created.
2025-04-21 05:07:03,528 - INFO - [SYNTHETIC] Fitting complete for CTGAN. Duration: 27328.17 seconds.
2025-04-21 05:07:03,529 - INFO - [SYNTHETIC] CONFIRMATION CTGAN actually trained with epochs = 300
2025-04-21 05:07:03,530 - INFO - {'EVENT': 'Save', 'TIMESTAMP': datetime.datetime(2025, 4, 21, 5, 7, 3, 530178), 'SYNTHESIZER CLASS NAME': 'CTGANSynthesizer', 'SYNTHESIZER ID': 'CTGANSynthesizer_1.18.0_30fc0155a1964b85abe10a8f01e84d91'}
2025-04-21 05:07:03,603 - INFO - [SYNTHETIC] CTGAN trained and saved.
2025-04-21 05:07:03,603 - INFO - [SYNTHETIC] Preparing synthesizer: GaussianCopula
2025-04-21 05:07:03,603 - INFO - [SYNTHETIC] Params from config: {}
2025-04-21 05:07:03,604 - INFO -  [SYNTHETIC] No pre-trained synthesizer found
2025-04-21 05:07:03,604 - INFO - [SYNTHETIC] Training new GaussianCopula synthesizer from scratch...
2025-04-21 05:07:03,605 - WARNING - [FutureWarning] The 'SingleTableMetadata' is deprecated. Please use the new 'Metadata' class for synthesizers. (from /mnt/NVMETank/Projects/Students/Dele/A-STUDY-INTO-THE-QUALITY-AND-USABILITY-OF-PRIVACY-FRIENDLY-SYNTHETIC-DATA/.venv/lib/python3.12/site-packages/sdv/single_table/base.py:119)
2025-04-21 05:07:03,610 - INFO - {'EVENT': 'Instance', 'TIMESTAMP': datetime.datetime(2025, 4, 21, 5, 7, 3, 610633), 'SYNTHESIZER CLASS NAME': 'GaussianCopulaSynthesizer', 'SYNTHESIZER ID': 'GaussianCopulaSynthesizer_1.18.0_1ba4e3cee1d34e77b36dc2dbf3f07aba'}
2025-04-21 05:07:03,610 - INFO - [SYNTHETIC] fitting GaussianCopula 
2025-04-21 05:07:03,611 - INFO - {'EVENT': 'Fit', 'TIMESTAMP': datetime.datetime(2025, 4, 21, 5, 7, 3, 611081), 'SYNTHESIZER CLASS NAME': 'GaussianCopulaSynthesizer', 'SYNTHESIZER ID': 'GaussianCopulaSynthesizer_1.18.0_1ba4e3cee1d34e77b36dc2dbf3f07aba', 'TOTAL NUMBER OF TABLES': 1, 'TOTAL NUMBER OF ROWS': 260402, 'TOTAL NUMBER OF COLUMNS': 47}
2025-04-21 05:07:03,945 - INFO - Fitting table  metadata
2025-04-21 05:07:04,056 - INFO - Fitting formatters for table 
2025-04-21 05:07:04,068 - INFO - No rounding scheme detected for column 'LAT'. Data will not be rounded.
2025-04-21 05:07:04,071 - INFO - No rounding scheme detected for column 'LON'. Data will not be rounded.
2025-04-21 05:07:04,071 - INFO - Fitting constraints for table 
2025-04-21 05:07:04,071 - INFO - Setting the configuration for the ``HyperTransformer`` for table 
2025-04-21 05:07:04,088 - INFO - Fitting HyperTransformer for table 
2025-04-21 05:07:26,487 - INFO - No rounding scheme detected for column 'LAT'. Data will not be rounded.
2025-04-21 05:07:26,598 - INFO - No rounding scheme detected for column 'LON'. Data will not be rounded.
2025-04-21 05:07:50,502 - INFO - {'EVENT': 'Fit processed data', 'TIMESTAMP': datetime.datetime(2025, 4, 21, 5, 7, 50, 502777), 'SYNTHESIZER CLASS NAME': 'GaussianCopulaSynthesizer', 'SYNTHESIZER ID': 'GaussianCopulaSynthesizer_1.18.0_1ba4e3cee1d34e77b36dc2dbf3f07aba', 'TOTAL NUMBER OF TABLES': 1, 'TOTAL NUMBER OF ROWS': 260402, 'TOTAL NUMBER OF COLUMNS': 46}
2025-04-21 05:07:50,514 - INFO - Fitting GaussianMultivariate(distribution="{'Date_occured_0': <class 'copulas.univariate.beta.BetaUnivariate'>, 'Date_occured_1': <class 'copulas.univariate.beta.BetaUnivariate'>, 'Date_occured_2': <class 'copulas.univariate.beta.BetaUnivariate'>, 'Date_occured_3': <class 'copulas.univariate.beta.BetaUnivariate'>, 'Date_occured_4': <class 'copulas.univariate.beta.BetaUnivariate'>, 'Date_occured_5': <class 'copulas.univariate.beta.BetaUnivariate'>, 'Date_occured_6': <class 'copulas.univariate.beta.BetaUnivariate'>, 'Date_occured_7': <class 'copulas.univariate.beta.BetaUnivariate'>, 'Date_occured_8': <class 'copulas.univariate.beta.BetaUnivariate'>, 'Date_occured_9': <class 'copulas.univariate.beta.BetaUnivariate'>, 'Date_occured_10': <class 'copulas.univariate.beta.BetaUnivariate'>, 'Time_occured': <class 'copulas.univariate.beta.BetaUnivariate'>, 'Crime_Code_0': <class 'copulas.univariate.beta.BetaUnivariate'>, 'Crime_Code_1': <class 'copulas.univariate.beta.BetaUnivariate'>, 'Crime_Code_2': <class 'copulas.univariate.beta.BetaUnivariate'>, 'Crime_Code_3': <class 'copulas.univariate.beta.BetaUnivariate'>, 'Crime_Code_4': <class 'copulas.univariate.beta.BetaUnivariate'>, 'Crime_Code_5': <class 'copulas.univariate.beta.BetaUnivariate'>, 'Crime_Code_6': <class 'copulas.univariate.beta.BetaUnivariate'>, 'Victim_age': <class 'copulas.univariate.beta.BetaUnivariate'>, 'Victim_sex_1': <class 'copulas.univariate.beta.BetaUnivariate'>, 'Victim_sex_2': <class 'copulas.univariate.beta.BetaUnivariate'>, 'Victim_descent_0': <class 'copulas.univariate.beta.BetaUnivariate'>, 'Victim_descent_1': <class 'copulas.univariate.beta.BetaUnivariate'>, 'Victim_descent_2': <class 'copulas.univariate.beta.BetaUnivariate'>, 'Victim_descent_3': <class 'copulas.univariate.beta.BetaUnivariate'>, 'Victim_descent_4': <class 'copulas.univariate.beta.BetaUnivariate'>, 'Premis_0': <class 'copulas.univariate.beta.BetaUnivariate'>, 'Premis_1': <class 'copulas.univariate.beta.BetaUnivariate'>, 'Premis_2': <class 'copulas.univariate.beta.BetaUnivariate'>, 'Premis_3': <class 'copulas.univariate.beta.BetaUnivariate'>, 'Premis_4': <class 'copulas.univariate.beta.BetaUnivariate'>, 'Premis_5': <class 'copulas.univariate.beta.BetaUnivariate'>, 'Premis_6': <class 'copulas.univariate.beta.BetaUnivariate'>, 'Premis_7': <class 'copulas.univariate.beta.BetaUnivariate'>, 'Premis_8': <class 'copulas.univariate.beta.BetaUnivariate'>, 'Weapon_0': <class 'copulas.univariate.beta.BetaUnivariate'>, 'Weapon_1': <class 'copulas.univariate.beta.BetaUnivariate'>, 'Weapon_2': <class 'copulas.univariate.beta.BetaUnivariate'>, 'Weapon_3': <class 'copulas.univariate.beta.BetaUnivariate'>, 'Weapon_4': <class 'copulas.univariate.beta.BetaUnivariate'>, 'Weapon_5': <class 'copulas.univariate.beta.BetaUnivariate'>, 'Weapon_6': <class 'copulas.univariate.beta.BetaUnivariate'>, 'Status': <class 'copulas.univariate.beta.BetaUnivariate'>, 'LAT': <class 'copulas.univariate.beta.BetaUnivariate'>, 'LON': <class 'copulas.univariate.beta.BetaUnivariate'>}")
2025-04-21 05:11:06,857 - INFO - [SYNTHETIC] Fitting complete for GaussianCopula. Duration: 243.25 seconds.
2025-04-21 05:11:06,857 - WARNING - [SYNTHETIC] WARNING Could not determine actual epochs used for GaussianCopula
2025-04-21 05:11:06,857 - INFO - {'EVENT': 'Save', 'TIMESTAMP': datetime.datetime(2025, 4, 21, 5, 11, 6, 857957), 'SYNTHESIZER CLASS NAME': 'GaussianCopulaSynthesizer', 'SYNTHESIZER ID': 'GaussianCopulaSynthesizer_1.18.0_1ba4e3cee1d34e77b36dc2dbf3f07aba'}
2025-04-21 05:11:07,023 - INFO - [SYNTHETIC] GaussianCopula trained and saved.
2025-04-21 05:11:07,023 - INFO - [SYNTHETIC] Preparing synthesizer: TVAE
2025-04-21 05:11:07,023 - INFO - [SYNTHETIC] Params from config: {'epochs': 300}
2025-04-21 05:11:07,023 - INFO -  [SYNTHETIC] No pre-trained synthesizer found
2025-04-21 05:11:07,023 - INFO - [SYNTHETIC] Training new TVAE synthesizer from scratch...
2025-04-21 05:11:07,024 - WARNING - [FutureWarning] The 'SingleTableMetadata' is deprecated. Please use the new 'Metadata' class for synthesizers. (from /mnt/NVMETank/Projects/Students/Dele/A-STUDY-INTO-THE-QUALITY-AND-USABILITY-OF-PRIVACY-FRIENDLY-SYNTHETIC-DATA/.venv/lib/python3.12/site-packages/sdv/single_table/base.py:119)
2025-04-21 05:11:07,050 - INFO - {'EVENT': 'Instance', 'TIMESTAMP': datetime.datetime(2025, 4, 21, 5, 11, 7, 49990), 'SYNTHESIZER CLASS NAME': 'TVAESynthesizer', 'SYNTHESIZER ID': 'TVAESynthesizer_1.18.0_872818336d2f4c3bbc73736acba4440a'}
2025-04-21 05:11:07,071 - INFO - [SYNTHETIC] TVAE initialized with epochs: 300
2025-04-21 05:11:07,071 - INFO - [SYNTHETIC] Training parameters for TVAE: {}
2025-04-21 05:11:07,071 - INFO - [SYNTHETIC] fitting TVAE 
2025-04-21 05:11:07,071 - INFO - {'EVENT': 'Fit', 'TIMESTAMP': datetime.datetime(2025, 4, 21, 5, 11, 7, 71833), 'SYNTHESIZER CLASS NAME': 'TVAESynthesizer', 'SYNTHESIZER ID': 'TVAESynthesizer_1.18.0_872818336d2f4c3bbc73736acba4440a', 'TOTAL NUMBER OF TABLES': 1, 'TOTAL NUMBER OF ROWS': 260402, 'TOTAL NUMBER OF COLUMNS': 47}
2025-04-21 05:11:09,867 - INFO - Fitting table  metadata
2025-04-21 05:11:09,918 - INFO - Fitting formatters for table 
2025-04-21 05:11:09,934 - INFO - No rounding scheme detected for column 'LAT'. Data will not be rounded.
2025-04-21 05:11:09,941 - INFO - No rounding scheme detected for column 'LON'. Data will not be rounded.
2025-04-21 05:11:09,945 - INFO - Fitting constraints for table 
2025-04-21 05:11:09,945 - INFO - Setting the configuration for the ``HyperTransformer`` for table 
2025-04-21 05:11:09,949 - INFO - Fitting HyperTransformer for table 
2025-04-21 05:11:10,429 - INFO - No rounding scheme detected for column 'LAT'. Data will not be rounded.
2025-04-21 05:11:10,601 - INFO - No rounding scheme detected for column 'LON'. Data will not be rounded.
2025-04-21 05:11:12,203 - INFO - {'EVENT': 'Fit processed data', 'TIMESTAMP': datetime.datetime(2025, 4, 21, 5, 11, 12, 203618), 'SYNTHESIZER CLASS NAME': 'TVAESynthesizer', 'SYNTHESIZER ID': 'TVAESynthesizer_1.18.0_872818336d2f4c3bbc73736acba4440a', 'TOTAL NUMBER OF TABLES': 1, 'TOTAL NUMBER OF ROWS': 260402, 'TOTAL NUMBER OF COLUMNS': 46}
2025-04-21 05:11:12,495 - INFO - Guidance: There are no missing values in column Time_occured. Extra column not created.
2025-04-21 05:14:03,732 - INFO - Guidance: There are no missing values in column Victim_age. Extra column not created.
2025-04-21 05:15:49,529 - INFO - Guidance: There are no missing values in column LAT. Extra column not created.
2025-04-21 05:15:52,040 - INFO - Guidance: There are no missing values in column LON. Extra column not created.
2025-04-21 06:02:24,544 - INFO - [SYNTHETIC] Fitting complete for TVAE. Duration: 3077.47 seconds.
2025-04-21 06:02:24,544 - INFO - [SYNTHETIC] CONFIRMATION TVAE actually trained with epochs = 300
2025-04-21 06:02:24,545 - INFO - {'EVENT': 'Save', 'TIMESTAMP': datetime.datetime(2025, 4, 21, 6, 2, 24, 545045), 'SYNTHESIZER CLASS NAME': 'TVAESynthesizer', 'SYNTHESIZER ID': 'TVAESynthesizer_1.18.0_872818336d2f4c3bbc73736acba4440a'}
2025-04-21 06:02:24,611 - INFO - [SYNTHETIC] TVAE trained and saved.
2025-04-21 06:02:24,611 - INFO - [SYNTHETIC] Using CTGAN to generate 260402 rows...
2025-04-21 06:04:05,321 - INFO - {'EVENT': 'Sample', 'TIMESTAMP': datetime.datetime(2025, 4, 21, 6, 2, 24, 611765), 'SYNTHESIZER CLASS NAME': 'CTGANSynthesizer', 'SYNTHESIZER ID': 'CTGANSynthesizer_1.18.0_30fc0155a1964b85abe10a8f01e84d91', 'TOTAL NUMBER OF TABLES': 1, 'TOTAL NUMBER OF ROWS': 260402, 'TOTAL NUMBER OF COLUMNS': 47}
2025-04-21 06:04:05,322 - INFO - [SYNTHETIC] CTGAN completed: 260402 rows generated.
2025-04-21 06:04:05,330 - INFO - [SYNTHETIC] Target class distribution for CTGAN: {'Invest Cont': 148898, 'Adult Other': 67113, 'Adult Arrest': 39326, 'Juv Arrest': 3316, 'Juv Other': 1619, 'UNK': 130}
2025-04-21 06:04:05,330 - INFO - [SYNTHETIC] Using GaussianCopula to generate 260402 rows...
2025-04-21 06:04:18,972 - INFO - {'EVENT': 'Sample', 'TIMESTAMP': datetime.datetime(2025, 4, 21, 6, 4, 5, 330889), 'SYNTHESIZER CLASS NAME': 'GaussianCopulaSynthesizer', 'SYNTHESIZER ID': 'GaussianCopulaSynthesizer_1.18.0_1ba4e3cee1d34e77b36dc2dbf3f07aba', 'TOTAL NUMBER OF TABLES': 1, 'TOTAL NUMBER OF ROWS': 260402, 'TOTAL NUMBER OF COLUMNS': 47}
2025-04-21 06:04:18,972 - INFO - [SYNTHETIC] GaussianCopula completed: 260402 rows generated.
2025-04-21 06:04:18,982 - INFO - [SYNTHETIC] Target class distribution for GaussianCopula: {'Invest Cont': 152955, 'Adult Other': 61836, 'Adult Arrest': 42642, 'Juv Arrest': 1951, 'Juv Other': 1015, 'UNK': 3}
2025-04-21 06:04:18,982 - INFO - [SYNTHETIC] Using TVAE to generate 260402 rows...
2025-04-21 06:04:26,102 - INFO - {'EVENT': 'Sample', 'TIMESTAMP': datetime.datetime(2025, 4, 21, 6, 4, 18, 982849), 'SYNTHESIZER CLASS NAME': 'TVAESynthesizer', 'SYNTHESIZER ID': 'TVAESynthesizer_1.18.0_872818336d2f4c3bbc73736acba4440a', 'TOTAL NUMBER OF TABLES': 1, 'TOTAL NUMBER OF ROWS': 260402, 'TOTAL NUMBER OF COLUMNS': 47}
2025-04-21 06:04:26,103 - INFO - [SYNTHETIC] TVAE completed: 260402 rows generated.
2025-04-21 06:04:26,111 - INFO - [SYNTHETIC] Target class distribution for TVAE: {'Invest Cont': 169145, 'Adult Other': 45667, 'Adult Arrest': 45358, 'Juv Other': 117, 'Juv Arrest': 115}
2025-04-21 06:04:26,114 - INFO - [SYNTHETIC PIPELINE] Synthetic Data Generation Completed.
2025-04-21 06:04:26,114 - INFO - [SYNTHETIC PIPELINE] Synthesizers used: ['CTGAN', 'GaussianCopula', 'TVAE']
2025-04-21 06:04:26,114 - INFO - [SYNTHETIC PIPELINE] Evaluating synthetic dataset generated by CTGAN...
2025-04-21 06:04:26,114 - INFO - [SYNTHETIC EVAL] Real data columns     (47): ['DR_NO', 'Date_occured_0', 'Date_occured_1', 'Date_occured_2', 'Date_occured_3', 'Date_occured_4', 'Date_occured_5', 'Date_occured_6', 'Date_occured_7', 'Date_occured_8', 'Date_occured_9', 'Date_occured_10', 'Time_occured', 'Crime_Code_0', 'Crime_Code_1', 'Crime_Code_2', 'Crime_Code_3', 'Crime_Code_4', 'Crime_Code_5', 'Crime_Code_6', 'Victim_age', 'Victim_sex_1', 'Victim_sex_2', 'Victim_descent_0', 'Victim_descent_1', 'Victim_descent_2', 'Victim_descent_3', 'Victim_descent_4', 'Premis_0', 'Premis_1', 'Premis_2', 'Premis_3', 'Premis_4', 'Premis_5', 'Premis_6', 'Premis_7', 'Premis_8', 'Weapon_0', 'Weapon_1', 'Weapon_2', 'Weapon_3', 'Weapon_4', 'Weapon_5', 'Weapon_6', 'Status', 'LAT', 'LON']
2025-04-21 06:04:26,114 - INFO - [SYNTHETIC EVAL] Synthetic data columns (47): ['DR_NO', 'Date_occured_0', 'Date_occured_1', 'Date_occured_2', 'Date_occured_3', 'Date_occured_4', 'Date_occured_5', 'Date_occured_6', 'Date_occured_7', 'Date_occured_8', 'Date_occured_9', 'Date_occured_10', 'Time_occured', 'Crime_Code_0', 'Crime_Code_1', 'Crime_Code_2', 'Crime_Code_3', 'Crime_Code_4', 'Crime_Code_5', 'Crime_Code_6', 'Victim_age', 'Victim_sex_1', 'Victim_sex_2', 'Victim_descent_0', 'Victim_descent_1', 'Victim_descent_2', 'Victim_descent_3', 'Victim_descent_4', 'Premis_0', 'Premis_1', 'Premis_2', 'Premis_3', 'Premis_4', 'Premis_5', 'Premis_6', 'Premis_7', 'Premis_8', 'Weapon_0', 'Weapon_1', 'Weapon_2', 'Weapon_3', 'Weapon_4', 'Weapon_5', 'Weapon_6', 'Status', 'LAT', 'LON']
2025-04-21 06:04:26,114 - INFO - [SYNTHETIC EVAL] Metadata columns      (47): ['DR_NO', 'Date_occured_0', 'Date_occured_1', 'Date_occured_2', 'Date_occured_3', 'Date_occured_4', 'Date_occured_5', 'Date_occured_6', 'Date_occured_7', 'Date_occured_8', 'Date_occured_9', 'Date_occured_10', 'Time_occured', 'Crime_Code_0', 'Crime_Code_1', 'Crime_Code_2', 'Crime_Code_3', 'Crime_Code_4', 'Crime_Code_5', 'Crime_Code_6', 'Victim_age', 'Victim_sex_1', 'Victim_sex_2', 'Victim_descent_0', 'Victim_descent_1', 'Victim_descent_2', 'Victim_descent_3', 'Victim_descent_4', 'Premis_0', 'Premis_1', 'Premis_2', 'Premis_3', 'Premis_4', 'Premis_5', 'Premis_6', 'Premis_7', 'Premis_8', 'Weapon_0', 'Weapon_1', 'Weapon_2', 'Weapon_3', 'Weapon_4', 'Weapon_5', 'Weapon_6', 'Status', 'LAT', 'LON']
2025-04-21 06:04:26,114 - INFO - [SYNTHETIC EVAL] Shape — Real: (260402, 47), Synthetic: (260402, 47)
2025-04-21 06:04:26,115 - INFO - [SYNTHETIC EVAL] Metadata structure:
{
  "primary_key": "DR_NO",
  "METADATA_SPEC_VERSION": "SINGLE_TABLE_V1",
  "columns": {
    "DR_NO": {
      "sdtype": "id"
    },
    "Date_occured_0": {
      "sdtype": "categorical"
    },
    "Date_occured_1": {
      "sdtype": "categorical"
    },
    "Date_occured_2": {
      "sdtype": "categorical"
    },
    "Date_occured_3": {
      "sdtype": "categorical"
    },
    "Date_occured_4": {
      "sdtype": "categorical"
    },
    "Date_occured_5": {
      "sdtype": "categorical"
    },
    "Date_occured_6": {
      "sdtype": "categorical"
    },
    "Date_occured_7": {
      "sdtype": "categorical"
    },
    "Date_occured_8": {
      "sdtype": "categorical"
    },
    "Date_occured_9": {
      "sdtype": "categorical"
    },
    "Date_occured_10": {
      "sdtype": "categorical"
    },
    "Time_occured": {
      "sdtype": "numerical"
    },
    "Crime_Code_0": {
      "sdtype": "categorical"
    },
    "Crime_Code_1": {
      "sdtype": "categorical"
    },
    "Crime_Code_2": {
      "sdtype": "categorical"
    },
    "Crime_Code_3": {
      "sdtype": "categorical"
    },
    "Crime_Code_4": {
      "sdtype": "categorical"
    },
    "Crime_Code_5": {
      "sdtype": "categorical"
    },
    "Crime_Code_6": {
      "sdtype": "categorical"
    },
    "Victim_age": {
      "sdtype": "numerical"
    },
    "Victim_sex_1": {
      "sdtype": "categorical"
    },
    "Victim_sex_2": {
      "sdtype": "categorical"
    },
    "Victim_descent_0": {
      "sdtype": "categorical"
    },
    "Victim_descent_1": {
      "sdtype": "categorical"
    },
    "Victim_descent_2": {
      "sdtype": "categorical"
    },
    "Victim_descent_3": {
      "sdtype": "categorical"
    },
    "Victim_descent_4": {
      "sdtype": "categorical"
    },
    "Premis_0": {
      "sdtype": "categorical"
    },
    "Premis_1": {
      "sdtype": "categorical"
    },
    "Premis_2": {
      "sdtype": "categorical"
    },
    "Premis_3": {
      "sdtype": "categorical"
    },
    "Premis_4": {
      "sdtype": "categorical"
    },
    "Premis_5": {
      "sdtype": "categorical"
    },
    "Premis_6": {
      "sdtype": "categorical"
    },
    "Premis_7": {
      "sdtype": "categorical"
    },
    "Premis_8": {
      "sdtype": "categorical"
    },
    "Weapon_0": {
      "sdtype": "categorical"
    },
    "Weapon_1": {
      "sdtype": "categorical"
    },
    "Weapon_2": {
      "sdtype": "categorical"
    },
    "Weapon_3": {
      "sdtype": "categorical"
    },
    "Weapon_4": {
      "sdtype": "categorical"
    },
    "Weapon_5": {
      "sdtype": "categorical"
    },
    "Weapon_6": {
      "sdtype": "categorical"
    },
    "Status": {
      "sdtype": "categorical"
    },
    "LAT": {
      "sdtype": "numerical"
    },
    "LON": {
      "sdtype": "numerical"
    }
  }
}
2025-04-21 06:04:43,232 - INFO - [SYNTHETIC PIPELINE] Evaluating synthetic dataset generated by GaussianCopula...
2025-04-21 06:04:43,232 - INFO - [SYNTHETIC EVAL] Real data columns     (47): ['DR_NO', 'Date_occured_0', 'Date_occured_1', 'Date_occured_2', 'Date_occured_3', 'Date_occured_4', 'Date_occured_5', 'Date_occured_6', 'Date_occured_7', 'Date_occured_8', 'Date_occured_9', 'Date_occured_10', 'Time_occured', 'Crime_Code_0', 'Crime_Code_1', 'Crime_Code_2', 'Crime_Code_3', 'Crime_Code_4', 'Crime_Code_5', 'Crime_Code_6', 'Victim_age', 'Victim_sex_1', 'Victim_sex_2', 'Victim_descent_0', 'Victim_descent_1', 'Victim_descent_2', 'Victim_descent_3', 'Victim_descent_4', 'Premis_0', 'Premis_1', 'Premis_2', 'Premis_3', 'Premis_4', 'Premis_5', 'Premis_6', 'Premis_7', 'Premis_8', 'Weapon_0', 'Weapon_1', 'Weapon_2', 'Weapon_3', 'Weapon_4', 'Weapon_5', 'Weapon_6', 'Status', 'LAT', 'LON']
2025-04-21 06:04:43,232 - INFO - [SYNTHETIC EVAL] Synthetic data columns (47): ['DR_NO', 'Date_occured_0', 'Date_occured_1', 'Date_occured_2', 'Date_occured_3', 'Date_occured_4', 'Date_occured_5', 'Date_occured_6', 'Date_occured_7', 'Date_occured_8', 'Date_occured_9', 'Date_occured_10', 'Time_occured', 'Crime_Code_0', 'Crime_Code_1', 'Crime_Code_2', 'Crime_Code_3', 'Crime_Code_4', 'Crime_Code_5', 'Crime_Code_6', 'Victim_age', 'Victim_sex_1', 'Victim_sex_2', 'Victim_descent_0', 'Victim_descent_1', 'Victim_descent_2', 'Victim_descent_3', 'Victim_descent_4', 'Premis_0', 'Premis_1', 'Premis_2', 'Premis_3', 'Premis_4', 'Premis_5', 'Premis_6', 'Premis_7', 'Premis_8', 'Weapon_0', 'Weapon_1', 'Weapon_2', 'Weapon_3', 'Weapon_4', 'Weapon_5', 'Weapon_6', 'Status', 'LAT', 'LON']
2025-04-21 06:04:43,232 - INFO - [SYNTHETIC EVAL] Metadata columns      (47): ['DR_NO', 'Date_occured_0', 'Date_occured_1', 'Date_occured_2', 'Date_occured_3', 'Date_occured_4', 'Date_occured_5', 'Date_occured_6', 'Date_occured_7', 'Date_occured_8', 'Date_occured_9', 'Date_occured_10', 'Time_occured', 'Crime_Code_0', 'Crime_Code_1', 'Crime_Code_2', 'Crime_Code_3', 'Crime_Code_4', 'Crime_Code_5', 'Crime_Code_6', 'Victim_age', 'Victim_sex_1', 'Victim_sex_2', 'Victim_descent_0', 'Victim_descent_1', 'Victim_descent_2', 'Victim_descent_3', 'Victim_descent_4', 'Premis_0', 'Premis_1', 'Premis_2', 'Premis_3', 'Premis_4', 'Premis_5', 'Premis_6', 'Premis_7', 'Premis_8', 'Weapon_0', 'Weapon_1', 'Weapon_2', 'Weapon_3', 'Weapon_4', 'Weapon_5', 'Weapon_6', 'Status', 'LAT', 'LON']
2025-04-21 06:04:43,232 - INFO - [SYNTHETIC EVAL] Shape — Real: (260402, 47), Synthetic: (260402, 47)
2025-04-21 06:04:43,232 - INFO - [SYNTHETIC EVAL] Metadata structure:
{
  "primary_key": "DR_NO",
  "METADATA_SPEC_VERSION": "SINGLE_TABLE_V1",
  "columns": {
    "DR_NO": {
      "sdtype": "id"
    },
    "Date_occured_0": {
      "sdtype": "categorical"
    },
    "Date_occured_1": {
      "sdtype": "categorical"
    },
    "Date_occured_2": {
      "sdtype": "categorical"
    },
    "Date_occured_3": {
      "sdtype": "categorical"
    },
    "Date_occured_4": {
      "sdtype": "categorical"
    },
    "Date_occured_5": {
      "sdtype": "categorical"
    },
    "Date_occured_6": {
      "sdtype": "categorical"
    },
    "Date_occured_7": {
      "sdtype": "categorical"
    },
    "Date_occured_8": {
      "sdtype": "categorical"
    },
    "Date_occured_9": {
      "sdtype": "categorical"
    },
    "Date_occured_10": {
      "sdtype": "categorical"
    },
    "Time_occured": {
      "sdtype": "numerical"
    },
    "Crime_Code_0": {
      "sdtype": "categorical"
    },
    "Crime_Code_1": {
      "sdtype": "categorical"
    },
    "Crime_Code_2": {
      "sdtype": "categorical"
    },
    "Crime_Code_3": {
      "sdtype": "categorical"
    },
    "Crime_Code_4": {
      "sdtype": "categorical"
    },
    "Crime_Code_5": {
      "sdtype": "categorical"
    },
    "Crime_Code_6": {
      "sdtype": "categorical"
    },
    "Victim_age": {
      "sdtype": "numerical"
    },
    "Victim_sex_1": {
      "sdtype": "categorical"
    },
    "Victim_sex_2": {
      "sdtype": "categorical"
    },
    "Victim_descent_0": {
      "sdtype": "categorical"
    },
    "Victim_descent_1": {
      "sdtype": "categorical"
    },
    "Victim_descent_2": {
      "sdtype": "categorical"
    },
    "Victim_descent_3": {
      "sdtype": "categorical"
    },
    "Victim_descent_4": {
      "sdtype": "categorical"
    },
    "Premis_0": {
      "sdtype": "categorical"
    },
    "Premis_1": {
      "sdtype": "categorical"
    },
    "Premis_2": {
      "sdtype": "categorical"
    },
    "Premis_3": {
      "sdtype": "categorical"
    },
    "Premis_4": {
      "sdtype": "categorical"
    },
    "Premis_5": {
      "sdtype": "categorical"
    },
    "Premis_6": {
      "sdtype": "categorical"
    },
    "Premis_7": {
      "sdtype": "categorical"
    },
    "Premis_8": {
      "sdtype": "categorical"
    },
    "Weapon_0": {
      "sdtype": "categorical"
    },
    "Weapon_1": {
      "sdtype": "categorical"
    },
    "Weapon_2": {
      "sdtype": "categorical"
    },
    "Weapon_3": {
      "sdtype": "categorical"
    },
    "Weapon_4": {
      "sdtype": "categorical"
    },
    "Weapon_5": {
      "sdtype": "categorical"
    },
    "Weapon_6": {
      "sdtype": "categorical"
    },
    "Status": {
      "sdtype": "categorical"
    },
    "LAT": {
      "sdtype": "numerical"
    },
    "LON": {
      "sdtype": "numerical"
    }
  }
}
2025-04-21 06:04:59,306 - INFO - [SYNTHETIC PIPELINE] Evaluating synthetic dataset generated by TVAE...
2025-04-21 06:04:59,307 - INFO - [SYNTHETIC EVAL] Real data columns     (47): ['DR_NO', 'Date_occured_0', 'Date_occured_1', 'Date_occured_2', 'Date_occured_3', 'Date_occured_4', 'Date_occured_5', 'Date_occured_6', 'Date_occured_7', 'Date_occured_8', 'Date_occured_9', 'Date_occured_10', 'Time_occured', 'Crime_Code_0', 'Crime_Code_1', 'Crime_Code_2', 'Crime_Code_3', 'Crime_Code_4', 'Crime_Code_5', 'Crime_Code_6', 'Victim_age', 'Victim_sex_1', 'Victim_sex_2', 'Victim_descent_0', 'Victim_descent_1', 'Victim_descent_2', 'Victim_descent_3', 'Victim_descent_4', 'Premis_0', 'Premis_1', 'Premis_2', 'Premis_3', 'Premis_4', 'Premis_5', 'Premis_6', 'Premis_7', 'Premis_8', 'Weapon_0', 'Weapon_1', 'Weapon_2', 'Weapon_3', 'Weapon_4', 'Weapon_5', 'Weapon_6', 'Status', 'LAT', 'LON']
2025-04-21 06:04:59,307 - INFO - [SYNTHETIC EVAL] Synthetic data columns (47): ['DR_NO', 'Date_occured_0', 'Date_occured_1', 'Date_occured_2', 'Date_occured_3', 'Date_occured_4', 'Date_occured_5', 'Date_occured_6', 'Date_occured_7', 'Date_occured_8', 'Date_occured_9', 'Date_occured_10', 'Time_occured', 'Crime_Code_0', 'Crime_Code_1', 'Crime_Code_2', 'Crime_Code_3', 'Crime_Code_4', 'Crime_Code_5', 'Crime_Code_6', 'Victim_age', 'Victim_sex_1', 'Victim_sex_2', 'Victim_descent_0', 'Victim_descent_1', 'Victim_descent_2', 'Victim_descent_3', 'Victim_descent_4', 'Premis_0', 'Premis_1', 'Premis_2', 'Premis_3', 'Premis_4', 'Premis_5', 'Premis_6', 'Premis_7', 'Premis_8', 'Weapon_0', 'Weapon_1', 'Weapon_2', 'Weapon_3', 'Weapon_4', 'Weapon_5', 'Weapon_6', 'Status', 'LAT', 'LON']
2025-04-21 06:04:59,307 - INFO - [SYNTHETIC EVAL] Metadata columns      (47): ['DR_NO', 'Date_occured_0', 'Date_occured_1', 'Date_occured_2', 'Date_occured_3', 'Date_occured_4', 'Date_occured_5', 'Date_occured_6', 'Date_occured_7', 'Date_occured_8', 'Date_occured_9', 'Date_occured_10', 'Time_occured', 'Crime_Code_0', 'Crime_Code_1', 'Crime_Code_2', 'Crime_Code_3', 'Crime_Code_4', 'Crime_Code_5', 'Crime_Code_6', 'Victim_age', 'Victim_sex_1', 'Victim_sex_2', 'Victim_descent_0', 'Victim_descent_1', 'Victim_descent_2', 'Victim_descent_3', 'Victim_descent_4', 'Premis_0', 'Premis_1', 'Premis_2', 'Premis_3', 'Premis_4', 'Premis_5', 'Premis_6', 'Premis_7', 'Premis_8', 'Weapon_0', 'Weapon_1', 'Weapon_2', 'Weapon_3', 'Weapon_4', 'Weapon_5', 'Weapon_6', 'Status', 'LAT', 'LON']
2025-04-21 06:04:59,307 - INFO - [SYNTHETIC EVAL] Shape — Real: (260402, 47), Synthetic: (260402, 47)
2025-04-21 06:04:59,307 - INFO - [SYNTHETIC EVAL] Metadata structure:
{
  "primary_key": "DR_NO",
  "METADATA_SPEC_VERSION": "SINGLE_TABLE_V1",
  "columns": {
    "DR_NO": {
      "sdtype": "id"
    },
    "Date_occured_0": {
      "sdtype": "categorical"
    },
    "Date_occured_1": {
      "sdtype": "categorical"
    },
    "Date_occured_2": {
      "sdtype": "categorical"
    },
    "Date_occured_3": {
      "sdtype": "categorical"
    },
    "Date_occured_4": {
      "sdtype": "categorical"
    },
    "Date_occured_5": {
      "sdtype": "categorical"
    },
    "Date_occured_6": {
      "sdtype": "categorical"
    },
    "Date_occured_7": {
      "sdtype": "categorical"
    },
    "Date_occured_8": {
      "sdtype": "categorical"
    },
    "Date_occured_9": {
      "sdtype": "categorical"
    },
    "Date_occured_10": {
      "sdtype": "categorical"
    },
    "Time_occured": {
      "sdtype": "numerical"
    },
    "Crime_Code_0": {
      "sdtype": "categorical"
    },
    "Crime_Code_1": {
      "sdtype": "categorical"
    },
    "Crime_Code_2": {
      "sdtype": "categorical"
    },
    "Crime_Code_3": {
      "sdtype": "categorical"
    },
    "Crime_Code_4": {
      "sdtype": "categorical"
    },
    "Crime_Code_5": {
      "sdtype": "categorical"
    },
    "Crime_Code_6": {
      "sdtype": "categorical"
    },
    "Victim_age": {
      "sdtype": "numerical"
    },
    "Victim_sex_1": {
      "sdtype": "categorical"
    },
    "Victim_sex_2": {
      "sdtype": "categorical"
    },
    "Victim_descent_0": {
      "sdtype": "categorical"
    },
    "Victim_descent_1": {
      "sdtype": "categorical"
    },
    "Victim_descent_2": {
      "sdtype": "categorical"
    },
    "Victim_descent_3": {
      "sdtype": "categorical"
    },
    "Victim_descent_4": {
      "sdtype": "categorical"
    },
    "Premis_0": {
      "sdtype": "categorical"
    },
    "Premis_1": {
      "sdtype": "categorical"
    },
    "Premis_2": {
      "sdtype": "categorical"
    },
    "Premis_3": {
      "sdtype": "categorical"
    },
    "Premis_4": {
      "sdtype": "categorical"
    },
    "Premis_5": {
      "sdtype": "categorical"
    },
    "Premis_6": {
      "sdtype": "categorical"
    },
    "Premis_7": {
      "sdtype": "categorical"
    },
    "Premis_8": {
      "sdtype": "categorical"
    },
    "Weapon_0": {
      "sdtype": "categorical"
    },
    "Weapon_1": {
      "sdtype": "categorical"
    },
    "Weapon_2": {
      "sdtype": "categorical"
    },
    "Weapon_3": {
      "sdtype": "categorical"
    },
    "Weapon_4": {
      "sdtype": "categorical"
    },
    "Weapon_5": {
      "sdtype": "categorical"
    },
    "Weapon_6": {
      "sdtype": "categorical"
    },
    "Status": {
      "sdtype": "categorical"
    },
    "LAT": {
      "sdtype": "numerical"
    },
    "LON": {
      "sdtype": "numerical"
    }
  }
}
2025-04-21 06:05:19,454 - INFO -  [SYNTHETIC PIPELINE]  Synthetic Data Evaluation Completed.
2025-04-21 06:05:19,485 - INFO -  [SYNTHETIC PIPELINE] Synthetic Data Report Generated Successfully.
2025-04-21 06:05:21,983 - INFO - [HYBRID] Generated hybrid dataset shape for CTGAN: (260402, 47)
2025-04-21 06:05:21,994 - INFO - [HYBRID] Target distribution for CTGAN: {'Invest Cont': 148898, 'Adult Other': 67113, 'Adult Arrest': 39326, 'Juv Arrest': 3316, 'Juv Other': 1619, 'UNK': 130}
2025-04-21 06:05:25,925 - INFO -  [HYBRID] Saved hybrid dataset to /mnt/NVMETank/Projects/Students/Dele/A-STUDY-INTO-THE-QUALITY-AND-USABILITY-OF-PRIVACY-FRIENDLY-SYNTHETIC-DATA/datasets/hybrid/crimeData_k10_l2_sup20_CTGAN_HYBRID.csv
2025-04-21 06:05:25,925 - INFO - [HYBRID] Generated hybrid dataset shape for GaussianCopula: (260402, 47)
2025-04-21 06:05:25,933 - INFO - [HYBRID] Target distribution for GaussianCopula: {'Invest Cont': 152955, 'Adult Other': 61836, 'Adult Arrest': 42642, 'Juv Arrest': 1951, 'Juv Other': 1015, 'UNK': 3}
2025-04-21 06:05:27,870 - INFO -  [HYBRID] Saved hybrid dataset to /mnt/NVMETank/Projects/Students/Dele/A-STUDY-INTO-THE-QUALITY-AND-USABILITY-OF-PRIVACY-FRIENDLY-SYNTHETIC-DATA/datasets/hybrid/crimeData_k10_l2_sup20_GaussianCopula_HYBRID.csv
2025-04-21 06:05:27,870 - INFO - [HYBRID] Generated hybrid dataset shape for TVAE: (260402, 47)
2025-04-21 06:05:27,878 - INFO - [HYBRID] Target distribution for TVAE: {'Invest Cont': 169145, 'Adult Other': 45667, 'Adult Arrest': 45358, 'Juv Other': 117, 'Juv Arrest': 115}
2025-04-21 06:05:31,107 - INFO -  [HYBRID] Saved hybrid dataset to /mnt/NVMETank/Projects/Students/Dele/A-STUDY-INTO-THE-QUALITY-AND-USABILITY-OF-PRIVACY-FRIENDLY-SYNTHETIC-DATA/datasets/hybrid/crimeData_k10_l2_sup20_TVAE_HYBRID.csv
2025-04-21 06:05:31,108 - INFO -  [HYBRID] Hybrid pipeline complete — 3 dataset(s) ready.
2025-04-21 06:05:31,108 - INFO - [HYBRID] Total rows across all hybrid datasets: 781206
2025-04-21 06:05:31,118 - INFO - Hybrid pipeline completed successfully.
2025-04-21 06:05:31,118 - INFO - Hybrid pipeline duration: 30843.91 seconds
2025-04-21 06:05:31,119 - INFO - Starting Utility...
2025-04-21 06:05:31,119 - INFO - [UTILITY] Preparing datasets for machine learning...
2025-04-21 06:05:31,429 - INFO - [UTILITY] Original Data - Training Size: 260402, Testing Size: 65101
2025-04-21 06:05:31,453 - INFO - [UTILITY] Target class distribution (Original): {'Invest Cont': 153331, 'Adult Other': 61489, 'Adult Arrest': 42625, 'Juv Arrest': 1937, 'Juv Other': 1018, 'UNK': 2}
2025-04-21 06:05:31,476 - INFO - [UTILITY] Processing anonymized dataset...
2025-04-21 06:05:31,752 - INFO - [UTILITY] Anonymized Data - Training Size: 260402
2025-04-21 06:05:31,768 - INFO - [UTILITY] Target class distribution (Anonymous): {'Invest Cont': 153331, 'Adult Other': 61489, 'Adult Arrest': 42625, 'Juv Arrest': 1937, 'Juv Other': 1018, 'UNK': 2}
2025-04-21 06:05:31,778 - INFO - [UTILITY] Processing hybrid dataset generated by CTGAN...
2025-04-21 06:05:31,813 - INFO - [UTILITY] Hybrid Data (CTGAN_HYBRID) - Training Size: 260402
2025-04-21 06:05:31,825 - INFO - [UTILITY] Target class distribution (CTGAN_HYBRID): {'Invest Cont': 148898, 'Adult Other': 67113, 'Adult Arrest': 39326, 'Juv Arrest': 3316, 'Juv Other': 1619, 'UNK': 130}
2025-04-21 06:05:31,835 - INFO - [UTILITY] Processing hybrid dataset generated by GaussianCopula...
2025-04-21 06:05:31,884 - INFO - [UTILITY] Hybrid Data (GaussianCopula_HYBRID) - Training Size: 260402
2025-04-21 06:05:31,896 - INFO - [UTILITY] Target class distribution (GaussianCopula_HYBRID): {'Invest Cont': 152955, 'Adult Other': 61836, 'Adult Arrest': 42642, 'Juv Arrest': 1951, 'Juv Other': 1015, 'UNK': 3}
2025-04-21 06:05:31,904 - INFO - [UTILITY] Processing hybrid dataset generated by TVAE...
2025-04-21 06:05:31,978 - INFO - [UTILITY] Hybrid Data (TVAE_HYBRID) - Training Size: 260402
2025-04-21 06:05:31,992 - INFO - [UTILITY] Target class distribution (TVAE_HYBRID): {'Invest Cont': 169145, 'Adult Other': 45667, 'Adult Arrest': 45358, 'Juv Other': 117, 'Juv Arrest': 115}
2025-04-21 06:05:31,992 - INFO - [UTILITY] Training models on all datasets...
2025-04-21 06:05:31,992 - INFO - [UTILITY] Total datasets used for training: 5
2025-04-21 06:05:31,993 - INFO - [TRAINING] Training models from scratch...
2025-04-21 06:05:31,993 - INFO - [TRAINING] Starting training for dataset: Original — Rows: 260402, Features: 46
2025-04-21 06:05:31,993 - INFO - [TRAINING] Training DecisionTree on Original...
2025-04-21 06:05:38,621 - INFO - [TRAINING] DecisionTree trained successfully on Original in 6.63 sec
2025-04-21 06:05:38,622 - INFO - [TRAINING] Training KNN on Original...
2025-04-21 06:05:38,987 - INFO - [TRAINING] KNN trained successfully on Original in 0.37 sec
2025-04-21 06:05:38,988 - INFO - [TRAINING] Training LogisticRegression on Original...
2025-04-21 06:05:59,542 - INFO - [TRAINING] LogisticRegression trained successfully on Original in 20.55 sec
2025-04-21 06:05:59,542 - INFO - [TRAINING] Training RandomForest on Original...
2025-04-21 06:07:00,676 - INFO - [TRAINING] RandomForest trained successfully on Original in 61.13 sec
2025-04-21 06:07:00,676 - INFO - [TRAINING] Training SVM on Original...
2025-04-21 08:48:18,589 - INFO - [TRAINING] SVM trained successfully on Original in 9677.91 sec
2025-04-21 08:48:18,589 - INFO - [TRAINING] Finished training 5 model(s) for dataset: Original
2025-04-21 08:48:18,589 - INFO - [TRAINING] Starting training for dataset: Anonymous — Rows: 260402, Features: 46
2025-04-21 08:48:18,589 - INFO - [TRAINING] Training DecisionTree on Anonymous...
2025-04-21 08:48:21,658 - INFO - [TRAINING] DecisionTree trained successfully on Anonymous in 3.07 sec
2025-04-21 08:48:21,659 - INFO - [TRAINING] Training KNN on Anonymous...
2025-04-21 08:48:22,274 - INFO - [TRAINING] KNN trained successfully on Anonymous in 0.61 sec
2025-04-21 08:48:22,274 - INFO - [TRAINING] Training LogisticRegression on Anonymous...
2025-04-21 08:48:35,828 - INFO - [TRAINING] LogisticRegression trained successfully on Anonymous in 13.55 sec
2025-04-21 08:48:35,829 - INFO - [TRAINING] Training RandomForest on Anonymous...
2025-04-21 08:49:18,786 - INFO - [TRAINING] RandomForest trained successfully on Anonymous in 42.96 sec
2025-04-21 08:49:18,786 - INFO - [TRAINING] Training SVM on Anonymous...
2025-04-21 11:34:22,597 - INFO - [TRAINING] SVM trained successfully on Anonymous in 9903.81 sec
2025-04-21 11:34:22,597 - INFO - [TRAINING] Finished training 5 model(s) for dataset: Anonymous
2025-04-21 11:34:22,597 - INFO - [TRAINING] Starting training for dataset: CTGAN_HYBRID — Rows: 260402, Features: 46
2025-04-21 11:34:22,597 - INFO - [TRAINING] Training DecisionTree on CTGAN_HYBRID...
2025-04-21 11:34:26,024 - INFO - [TRAINING] DecisionTree trained successfully on CTGAN_HYBRID in 3.43 sec
2025-04-21 11:34:26,024 - INFO - [TRAINING] Training KNN on CTGAN_HYBRID...
2025-04-21 11:34:26,234 - INFO - [TRAINING] KNN trained successfully on CTGAN_HYBRID in 0.21 sec
2025-04-21 11:34:26,234 - INFO - [TRAINING] Training LogisticRegression on CTGAN_HYBRID...
2025-04-21 11:34:39,437 - INFO - [TRAINING] LogisticRegression trained successfully on CTGAN_HYBRID in 13.20 sec
2025-04-21 11:34:39,438 - INFO - [TRAINING] Training RandomForest on CTGAN_HYBRID...
2025-04-21 11:35:28,339 - INFO - [TRAINING] RandomForest trained successfully on CTGAN_HYBRID in 48.90 sec
2025-04-21 11:35:28,339 - INFO - [TRAINING] Training SVM on CTGAN_HYBRID...
2025-04-21 15:20:08,160 - INFO - [TRAINING] SVM trained successfully on CTGAN_HYBRID in 13479.82 sec
2025-04-21 15:20:08,160 - INFO - [TRAINING] Finished training 5 model(s) for dataset: CTGAN_HYBRID
2025-04-21 15:20:08,161 - INFO - [TRAINING] Starting training for dataset: GaussianCopula_HYBRID — Rows: 260402, Features: 46
2025-04-21 15:20:08,161 - INFO - [TRAINING] Training DecisionTree on GaussianCopula_HYBRID...
2025-04-21 15:20:13,120 - INFO - [TRAINING] DecisionTree trained successfully on GaussianCopula_HYBRID in 4.96 sec
2025-04-21 15:20:13,120 - INFO - [TRAINING] Training KNN on GaussianCopula_HYBRID...
2025-04-21 15:20:13,343 - INFO - [TRAINING] KNN trained successfully on GaussianCopula_HYBRID in 0.22 sec
2025-04-21 15:20:13,343 - INFO - [TRAINING] Training LogisticRegression on GaussianCopula_HYBRID...
2025-04-21 15:20:20,228 - INFO - [TRAINING] LogisticRegression trained successfully on GaussianCopula_HYBRID in 6.88 sec
2025-04-21 15:20:20,229 - INFO - [TRAINING] Training RandomForest on GaussianCopula_HYBRID...
2025-04-21 15:21:17,774 - INFO - [TRAINING] RandomForest trained successfully on GaussianCopula_HYBRID in 57.55 sec
2025-04-21 15:21:17,775 - INFO - [TRAINING] Training SVM on GaussianCopula_HYBRID...
2025-04-21 18:57:23,622 - INFO - [TRAINING] SVM trained successfully on GaussianCopula_HYBRID in 12965.85 sec
2025-04-21 18:57:23,622 - INFO - [TRAINING] Finished training 5 model(s) for dataset: GaussianCopula_HYBRID
2025-04-21 18:57:23,622 - INFO - [TRAINING] Starting training for dataset: TVAE_HYBRID — Rows: 260402, Features: 46
2025-04-21 18:57:23,622 - INFO - [TRAINING] Training DecisionTree on TVAE_HYBRID...
2025-04-21 18:57:27,220 - INFO - [TRAINING] DecisionTree trained successfully on TVAE_HYBRID in 3.60 sec
2025-04-21 18:57:27,221 - INFO - [TRAINING] Training KNN on TVAE_HYBRID...
2025-04-21 18:57:27,457 - INFO - [TRAINING] KNN trained successfully on TVAE_HYBRID in 0.24 sec
2025-04-21 18:57:27,457 - INFO - [TRAINING] Training LogisticRegression on TVAE_HYBRID...
2025-04-21 18:57:37,037 - INFO - [TRAINING] LogisticRegression trained successfully on TVAE_HYBRID in 9.58 sec
2025-04-21 18:57:37,037 - INFO - [TRAINING] Training RandomForest on TVAE_HYBRID...
2025-04-21 18:58:44,083 - INFO - [TRAINING] RandomForest trained successfully on TVAE_HYBRID in 67.04 sec
2025-04-21 18:58:44,083 - INFO - [TRAINING] Training SVM on TVAE_HYBRID...
2025-04-21 21:24:55,789 - INFO - [TRAINING] SVM trained successfully on TVAE_HYBRID in 8771.71 sec
2025-04-21 21:24:55,789 - INFO - [TRAINING] Finished training 5 model(s) for dataset: TVAE_HYBRID
2025-04-21 21:24:55,789 - INFO - [TRAINING] Total models trained across all datasets: 25
2025-04-21 21:24:55,790 - INFO - [UTILITY] Trained model names: ['Original', 'Anonymous', 'CTGAN_HYBRID', 'GaussianCopula_HYBRID', 'TVAE_HYBRID']
2025-04-21 21:24:55,790 - INFO - [UTILITY] Model Training Completed.
2025-04-21 21:24:55,790 - INFO - Starting the Evaluating of models...
2025-04-21 21:24:55,791 - INFO - Preparing evaluation for model 'DecisionTree' across all datasets...
2025-04-21 21:24:55,791 - INFO - Evaluating DecisionTree on Original...
2025-04-21 21:24:55,913 - INFO - Predictions completed for DecisionTree on Original
2025-04-21 21:24:55,918 - INFO - Prediction distribution for DecisionTree on Original: {'Invest Cont': 37325, 'Adult Other': 15756, 'Adult Arrest': 11199, 'Juv Arrest': 511, 'Juv Other': 309, 'UNK': 1}
2025-04-21 21:24:56,115 - WARNING - [UndefinedMetricWarning] Recall is ill-defined and being set to 0.0 in labels with no true samples. Use `zero_division` parameter to control this behavior. (from /mnt/NVMETank/Projects/Students/Dele/A-STUDY-INTO-THE-QUALITY-AND-USABILITY-OF-PRIVACY-FRIENDLY-SYNTHETIC-DATA/.venv/lib/python3.12/site-packages/sklearn/metrics/_classification.py:1565)
2025-04-21 21:24:56,266 - WARNING - [UndefinedMetricWarning] Recall is ill-defined and being set to 0.0 in labels with no true samples. Use `zero_division` parameter to control this behavior. (from /mnt/NVMETank/Projects/Students/Dele/A-STUDY-INTO-THE-QUALITY-AND-USABILITY-OF-PRIVACY-FRIENDLY-SYNTHETIC-DATA/.venv/lib/python3.12/site-packages/sklearn/metrics/_classification.py:1565)
2025-04-21 21:24:56,417 - WARNING - [UndefinedMetricWarning] Recall is ill-defined and being set to 0.0 in labels with no true samples. Use `zero_division` parameter to control this behavior. (from /mnt/NVMETank/Projects/Students/Dele/A-STUDY-INTO-THE-QUALITY-AND-USABILITY-OF-PRIVACY-FRIENDLY-SYNTHETIC-DATA/.venv/lib/python3.12/site-packages/sklearn/metrics/_classification.py:1565)
2025-04-21 21:24:56,498 - WARNING -  Failed to compute AUC-ROC for DecisionTree on Original: Number of classes in y_true not equal to the number of columns in 'y_score'
2025-04-21 21:24:56,679 - WARNING -  Failed to compute LogLoss for DecisionTree on Original: y_true and y_pred contain different number of classes 5, 6. Please provide the true labels explicitly through the labels argument. Classes found in y_true: ['Adult Arrest' 'Adult Other' 'Invest Cont' 'Juv Arrest' 'Juv Other']
2025-04-21 21:24:56,798 - INFO - Computed 8 metric(s) for DecisionTree on Original
2025-04-21 21:24:56,798 - INFO - Evaluating DecisionTree on Anonymous...
2025-04-21 21:24:56,896 - INFO - Predictions completed for DecisionTree on Anonymous
2025-04-21 21:24:56,900 - INFO - Prediction distribution for DecisionTree on Anonymous: {'Invest Cont': 36969, 'Adult Other': 15443, 'Adult Arrest': 11828, 'Juv Arrest': 543, 'Juv Other': 317, 'UNK': 1}
2025-04-21 21:24:57,090 - WARNING - [UndefinedMetricWarning] Recall is ill-defined and being set to 0.0 in labels with no true samples. Use `zero_division` parameter to control this behavior. (from /mnt/NVMETank/Projects/Students/Dele/A-STUDY-INTO-THE-QUALITY-AND-USABILITY-OF-PRIVACY-FRIENDLY-SYNTHETIC-DATA/.venv/lib/python3.12/site-packages/sklearn/metrics/_classification.py:1565)
2025-04-21 21:24:57,242 - WARNING - [UndefinedMetricWarning] Recall is ill-defined and being set to 0.0 in labels with no true samples. Use `zero_division` parameter to control this behavior. (from /mnt/NVMETank/Projects/Students/Dele/A-STUDY-INTO-THE-QUALITY-AND-USABILITY-OF-PRIVACY-FRIENDLY-SYNTHETIC-DATA/.venv/lib/python3.12/site-packages/sklearn/metrics/_classification.py:1565)
2025-04-21 21:24:57,394 - WARNING - [UndefinedMetricWarning] Recall is ill-defined and being set to 0.0 in labels with no true samples. Use `zero_division` parameter to control this behavior. (from /mnt/NVMETank/Projects/Students/Dele/A-STUDY-INTO-THE-QUALITY-AND-USABILITY-OF-PRIVACY-FRIENDLY-SYNTHETIC-DATA/.venv/lib/python3.12/site-packages/sklearn/metrics/_classification.py:1565)
2025-04-21 21:24:57,463 - WARNING -  Failed to compute AUC-ROC for DecisionTree on Anonymous: Number of classes in y_true not equal to the number of columns in 'y_score'
2025-04-21 21:24:57,623 - WARNING -  Failed to compute LogLoss for DecisionTree on Anonymous: y_true and y_pred contain different number of classes 5, 6. Please provide the true labels explicitly through the labels argument. Classes found in y_true: ['Adult Arrest' 'Adult Other' 'Invest Cont' 'Juv Arrest' 'Juv Other']
2025-04-21 21:24:57,743 - INFO - Computed 8 metric(s) for DecisionTree on Anonymous
2025-04-21 21:24:57,744 - INFO - Evaluating DecisionTree on CTGAN_HYBRID...
2025-04-21 21:24:57,800 - INFO - Predictions completed for DecisionTree on CTGAN_HYBRID
2025-04-21 21:24:57,803 - INFO - Prediction distribution for DecisionTree on CTGAN_HYBRID: {'Invest Cont': 27275, 'Adult Other': 18621, 'Adult Arrest': 17079, 'Juv Arrest': 1427, 'UNK': 456, 'Juv Other': 243}
2025-04-21 21:24:57,996 - WARNING - [UndefinedMetricWarning] Recall is ill-defined and being set to 0.0 in labels with no true samples. Use `zero_division` parameter to control this behavior. (from /mnt/NVMETank/Projects/Students/Dele/A-STUDY-INTO-THE-QUALITY-AND-USABILITY-OF-PRIVACY-FRIENDLY-SYNTHETIC-DATA/.venv/lib/python3.12/site-packages/sklearn/metrics/_classification.py:1565)
2025-04-21 21:24:58,148 - WARNING - [UndefinedMetricWarning] Recall is ill-defined and being set to 0.0 in labels with no true samples. Use `zero_division` parameter to control this behavior. (from /mnt/NVMETank/Projects/Students/Dele/A-STUDY-INTO-THE-QUALITY-AND-USABILITY-OF-PRIVACY-FRIENDLY-SYNTHETIC-DATA/.venv/lib/python3.12/site-packages/sklearn/metrics/_classification.py:1565)
2025-04-21 21:24:58,301 - WARNING - [UndefinedMetricWarning] Recall is ill-defined and being set to 0.0 in labels with no true samples. Use `zero_division` parameter to control this behavior. (from /mnt/NVMETank/Projects/Students/Dele/A-STUDY-INTO-THE-QUALITY-AND-USABILITY-OF-PRIVACY-FRIENDLY-SYNTHETIC-DATA/.venv/lib/python3.12/site-packages/sklearn/metrics/_classification.py:1565)
2025-04-21 21:24:58,350 - WARNING -  Failed to compute AUC-ROC for DecisionTree on CTGAN_HYBRID: Number of classes in y_true not equal to the number of columns in 'y_score'
2025-04-21 21:24:58,495 - WARNING -  Failed to compute LogLoss for DecisionTree on CTGAN_HYBRID: y_true and y_pred contain different number of classes 5, 6. Please provide the true labels explicitly through the labels argument. Classes found in y_true: ['Adult Arrest' 'Adult Other' 'Invest Cont' 'Juv Arrest' 'Juv Other']
2025-04-21 21:24:58,618 - INFO - Computed 8 metric(s) for DecisionTree on CTGAN_HYBRID
2025-04-21 21:24:58,619 - INFO - Evaluating DecisionTree on GaussianCopula_HYBRID...
2025-04-21 21:24:58,661 - INFO - Predictions completed for DecisionTree on GaussianCopula_HYBRID
2025-04-21 21:24:58,665 - INFO - Prediction distribution for DecisionTree on GaussianCopula_HYBRID: {'Invest Cont': 31949, 'Adult Other': 17956, 'Adult Arrest': 13785, 'Juv Arrest': 1194, 'Juv Other': 217}
2025-04-21 21:24:59,219 - WARNING -  Failed to compute AUC-ROC for DecisionTree on GaussianCopula_HYBRID: Number of classes in y_true not equal to the number of columns in 'y_score'
2025-04-21 21:24:59,362 - WARNING -  Failed to compute LogLoss for DecisionTree on GaussianCopula_HYBRID: y_true and y_pred contain different number of classes 5, 6. Please provide the true labels explicitly through the labels argument. Classes found in y_true: ['Adult Arrest' 'Adult Other' 'Invest Cont' 'Juv Arrest' 'Juv Other']
2025-04-21 21:24:59,482 - INFO - Computed 8 metric(s) for DecisionTree on GaussianCopula_HYBRID
2025-04-21 21:24:59,483 - INFO - Evaluating DecisionTree on TVAE_HYBRID...
2025-04-21 21:24:59,529 - INFO - Predictions completed for DecisionTree on TVAE_HYBRID
2025-04-21 21:24:59,533 - INFO - Prediction distribution for DecisionTree on TVAE_HYBRID: {'Invest Cont': 31887, 'Adult Arrest': 17475, 'Adult Other': 15642, 'Juv Other': 72, 'Juv Arrest': 25}
2025-04-21 21:25:00,387 - INFO - Computed 8 metric(s) for DecisionTree on TVAE_HYBRID
2025-04-21 21:25:00,387 - INFO - Preparing evaluation for model 'KNN' across all datasets...
2025-04-21 21:25:00,387 - INFO - Evaluating KNN on Original...
2025-04-21 21:25:09,370 - INFO - Predictions completed for KNN on Original
2025-04-21 21:25:09,373 - INFO - Prediction distribution for KNN on Original: {'Invest Cont': 42030, 'Adult Other': 13073, 'Adult Arrest': 9928, 'Juv Arrest': 51, 'Juv Other': 19}
2025-04-21 21:25:17,590 - WARNING -  Failed to compute AUC-ROC for KNN on Original: Number of classes in y_true not equal to the number of columns in 'y_score'
2025-04-21 21:25:25,453 - WARNING -  Failed to compute LogLoss for KNN on Original: y_true and y_pred contain different number of classes 5, 6. Please provide the true labels explicitly through the labels argument. Classes found in y_true: ['Adult Arrest' 'Adult Other' 'Invest Cont' 'Juv Arrest' 'Juv Other']
2025-04-21 21:25:25,579 - INFO - Computed 8 metric(s) for KNN on Original
2025-04-21 21:25:25,579 - INFO - Evaluating KNN on Anonymous...
2025-04-21 21:25:34,589 - INFO - Predictions completed for KNN on Anonymous
2025-04-21 21:25:34,592 - INFO - Prediction distribution for KNN on Anonymous: {'Invest Cont': 42098, 'Adult Other': 13039, 'Adult Arrest': 9893, 'Juv Arrest': 51, 'Juv Other': 20}
2025-04-21 21:25:42,767 - WARNING -  Failed to compute AUC-ROC for KNN on Anonymous: Number of classes in y_true not equal to the number of columns in 'y_score'
2025-04-21 21:25:50,844 - WARNING -  Failed to compute LogLoss for KNN on Anonymous: y_true and y_pred contain different number of classes 5, 6. Please provide the true labels explicitly through the labels argument. Classes found in y_true: ['Adult Arrest' 'Adult Other' 'Invest Cont' 'Juv Arrest' 'Juv Other']
2025-04-21 21:25:50,964 - INFO - Computed 8 metric(s) for KNN on Anonymous
2025-04-21 21:25:50,964 - INFO - Evaluating KNN on CTGAN_HYBRID...
2025-04-21 21:25:59,571 - INFO - Predictions completed for KNN on CTGAN_HYBRID
2025-04-21 21:25:59,573 - INFO - Prediction distribution for KNN on CTGAN_HYBRID: {'Invest Cont': 65101}
2025-04-21 21:25:59,575 - WARNING -  [WARNING] :KNN on CTGAN_HYBRID predicted only one class: {'Invest Cont'}
2025-04-21 21:25:59,760 - WARNING - [UndefinedMetricWarning] Precision is ill-defined and being set to 0.0 in labels with no predicted samples. Use `zero_division` parameter to control this behavior. (from /mnt/NVMETank/Projects/Students/Dele/A-STUDY-INTO-THE-QUALITY-AND-USABILITY-OF-PRIVACY-FRIENDLY-SYNTHETIC-DATA/.venv/lib/python3.12/site-packages/sklearn/metrics/_classification.py:1565)
2025-04-21 21:25:59,910 - WARNING - [UndefinedMetricWarning] Precision is ill-defined and being set to 0.0 in labels with no predicted samples. Use `zero_division` parameter to control this behavior. (from /mnt/NVMETank/Projects/Students/Dele/A-STUDY-INTO-THE-QUALITY-AND-USABILITY-OF-PRIVACY-FRIENDLY-SYNTHETIC-DATA/.venv/lib/python3.12/site-packages/sklearn/metrics/_classification.py:1565)
2025-04-21 21:26:00,066 - WARNING - [UndefinedMetricWarning] Precision is ill-defined and being set to 0.0 in labels with no predicted samples. Use `zero_division` parameter to control this behavior. (from /mnt/NVMETank/Projects/Students/Dele/A-STUDY-INTO-THE-QUALITY-AND-USABILITY-OF-PRIVACY-FRIENDLY-SYNTHETIC-DATA/.venv/lib/python3.12/site-packages/sklearn/metrics/_classification.py:1565)
2025-04-21 21:26:07,231 - WARNING -  Failed to compute AUC-ROC for KNN on CTGAN_HYBRID: Number of classes in y_true not equal to the number of columns in 'y_score'
2025-04-21 21:26:14,951 - WARNING -  Failed to compute LogLoss for KNN on CTGAN_HYBRID: y_true and y_pred contain different number of classes 5, 6. Please provide the true labels explicitly through the labels argument. Classes found in y_true: ['Adult Arrest' 'Adult Other' 'Invest Cont' 'Juv Arrest' 'Juv Other']
2025-04-21 21:26:15,093 - INFO - Computed 8 metric(s) for KNN on CTGAN_HYBRID
2025-04-21 21:26:15,093 - INFO - Evaluating KNN on GaussianCopula_HYBRID...
2025-04-21 21:26:23,869 - INFO - Predictions completed for KNN on GaussianCopula_HYBRID
2025-04-21 21:26:23,871 - INFO - Prediction distribution for KNN on GaussianCopula_HYBRID: {'Invest Cont': 65101}
2025-04-21 21:26:23,873 - WARNING -  [WARNING] :KNN on GaussianCopula_HYBRID predicted only one class: {'Invest Cont'}
2025-04-21 21:26:24,054 - WARNING - [UndefinedMetricWarning] Precision is ill-defined and being set to 0.0 in labels with no predicted samples. Use `zero_division` parameter to control this behavior. (from /mnt/NVMETank/Projects/Students/Dele/A-STUDY-INTO-THE-QUALITY-AND-USABILITY-OF-PRIVACY-FRIENDLY-SYNTHETIC-DATA/.venv/lib/python3.12/site-packages/sklearn/metrics/_classification.py:1565)
2025-04-21 21:26:24,200 - WARNING - [UndefinedMetricWarning] Precision is ill-defined and being set to 0.0 in labels with no predicted samples. Use `zero_division` parameter to control this behavior. (from /mnt/NVMETank/Projects/Students/Dele/A-STUDY-INTO-THE-QUALITY-AND-USABILITY-OF-PRIVACY-FRIENDLY-SYNTHETIC-DATA/.venv/lib/python3.12/site-packages/sklearn/metrics/_classification.py:1565)
2025-04-21 21:26:24,346 - WARNING - [UndefinedMetricWarning] Precision is ill-defined and being set to 0.0 in labels with no predicted samples. Use `zero_division` parameter to control this behavior. (from /mnt/NVMETank/Projects/Students/Dele/A-STUDY-INTO-THE-QUALITY-AND-USABILITY-OF-PRIVACY-FRIENDLY-SYNTHETIC-DATA/.venv/lib/python3.12/site-packages/sklearn/metrics/_classification.py:1565)
2025-04-21 21:26:31,980 - WARNING -  Failed to compute AUC-ROC for KNN on GaussianCopula_HYBRID: Number of classes in y_true not equal to the number of columns in 'y_score'
2025-04-21 21:26:39,671 - WARNING -  Failed to compute LogLoss for KNN on GaussianCopula_HYBRID: y_true and y_pred contain different number of classes 5, 6. Please provide the true labels explicitly through the labels argument. Classes found in y_true: ['Adult Arrest' 'Adult Other' 'Invest Cont' 'Juv Arrest' 'Juv Other']
2025-04-21 21:26:39,786 - INFO - Computed 8 metric(s) for KNN on GaussianCopula_HYBRID
2025-04-21 21:26:39,786 - INFO - Evaluating KNN on TVAE_HYBRID...
2025-04-21 21:26:48,454 - INFO - Predictions completed for KNN on TVAE_HYBRID
2025-04-21 21:26:48,457 - INFO - Prediction distribution for KNN on TVAE_HYBRID: {'Invest Cont': 65101}
2025-04-21 21:26:48,458 - WARNING -  [WARNING] :KNN on TVAE_HYBRID predicted only one class: {'Invest Cont'}
2025-04-21 21:26:48,646 - WARNING - [UndefinedMetricWarning] Precision is ill-defined and being set to 0.0 in labels with no predicted samples. Use `zero_division` parameter to control this behavior. (from /mnt/NVMETank/Projects/Students/Dele/A-STUDY-INTO-THE-QUALITY-AND-USABILITY-OF-PRIVACY-FRIENDLY-SYNTHETIC-DATA/.venv/lib/python3.12/site-packages/sklearn/metrics/_classification.py:1565)
2025-04-21 21:26:48,800 - WARNING - [UndefinedMetricWarning] Precision is ill-defined and being set to 0.0 in labels with no predicted samples. Use `zero_division` parameter to control this behavior. (from /mnt/NVMETank/Projects/Students/Dele/A-STUDY-INTO-THE-QUALITY-AND-USABILITY-OF-PRIVACY-FRIENDLY-SYNTHETIC-DATA/.venv/lib/python3.12/site-packages/sklearn/metrics/_classification.py:1565)
2025-04-21 21:26:48,951 - WARNING - [UndefinedMetricWarning] Precision is ill-defined and being set to 0.0 in labels with no predicted samples. Use `zero_division` parameter to control this behavior. (from /mnt/NVMETank/Projects/Students/Dele/A-STUDY-INTO-THE-QUALITY-AND-USABILITY-OF-PRIVACY-FRIENDLY-SYNTHETIC-DATA/.venv/lib/python3.12/site-packages/sklearn/metrics/_classification.py:1565)
2025-04-21 21:27:04,997 - INFO - Computed 8 metric(s) for KNN on TVAE_HYBRID
2025-04-21 21:27:04,997 - INFO - Preparing evaluation for model 'LogisticRegression' across all datasets...
2025-04-21 21:27:04,997 - INFO - Evaluating LogisticRegression on Original...
2025-04-21 21:27:05,064 - INFO - Predictions completed for LogisticRegression on Original
2025-04-21 21:27:05,076 - INFO - Prediction distribution for LogisticRegression on Original: {'Invest Cont': 57031, 'Adult Other': 7631, 'Adult Arrest': 439}
2025-04-21 21:27:05,304 - WARNING - [UndefinedMetricWarning] Precision is ill-defined and being set to 0.0 in labels with no predicted samples. Use `zero_division` parameter to control this behavior. (from /mnt/NVMETank/Projects/Students/Dele/A-STUDY-INTO-THE-QUALITY-AND-USABILITY-OF-PRIVACY-FRIENDLY-SYNTHETIC-DATA/.venv/lib/python3.12/site-packages/sklearn/metrics/_classification.py:1565)
2025-04-21 21:27:05,457 - WARNING - [UndefinedMetricWarning] Precision is ill-defined and being set to 0.0 in labels with no predicted samples. Use `zero_division` parameter to control this behavior. (from /mnt/NVMETank/Projects/Students/Dele/A-STUDY-INTO-THE-QUALITY-AND-USABILITY-OF-PRIVACY-FRIENDLY-SYNTHETIC-DATA/.venv/lib/python3.12/site-packages/sklearn/metrics/_classification.py:1565)
2025-04-21 21:27:05,608 - WARNING - [UndefinedMetricWarning] Precision is ill-defined and being set to 0.0 in labels with no predicted samples. Use `zero_division` parameter to control this behavior. (from /mnt/NVMETank/Projects/Students/Dele/A-STUDY-INTO-THE-QUALITY-AND-USABILITY-OF-PRIVACY-FRIENDLY-SYNTHETIC-DATA/.venv/lib/python3.12/site-packages/sklearn/metrics/_classification.py:1565)
2025-04-21 21:27:05,686 - WARNING -  Failed to compute AUC-ROC for LogisticRegression on Original: Number of classes in y_true not equal to the number of columns in 'y_score'
2025-04-21 21:27:05,885 - WARNING -  Failed to compute LogLoss for LogisticRegression on Original: y_true and y_pred contain different number of classes 5, 6. Please provide the true labels explicitly through the labels argument. Classes found in y_true: ['Adult Arrest' 'Adult Other' 'Invest Cont' 'Juv Arrest' 'Juv Other']
2025-04-21 21:27:06,004 - INFO - Computed 8 metric(s) for LogisticRegression on Original
2025-04-21 21:27:06,005 - INFO - Evaluating LogisticRegression on Anonymous...
2025-04-21 21:27:06,061 - INFO - Predictions completed for LogisticRegression on Anonymous
2025-04-21 21:27:06,066 - INFO - Prediction distribution for LogisticRegression on Anonymous: {'Invest Cont': 61492, 'Adult Other': 3508, 'Adult Arrest': 101}
2025-04-21 21:27:06,270 - WARNING - [UndefinedMetricWarning] Precision is ill-defined and being set to 0.0 in labels with no predicted samples. Use `zero_division` parameter to control this behavior. (from /mnt/NVMETank/Projects/Students/Dele/A-STUDY-INTO-THE-QUALITY-AND-USABILITY-OF-PRIVACY-FRIENDLY-SYNTHETIC-DATA/.venv/lib/python3.12/site-packages/sklearn/metrics/_classification.py:1565)
2025-04-21 21:27:06,421 - WARNING - [UndefinedMetricWarning] Precision is ill-defined and being set to 0.0 in labels with no predicted samples. Use `zero_division` parameter to control this behavior. (from /mnt/NVMETank/Projects/Students/Dele/A-STUDY-INTO-THE-QUALITY-AND-USABILITY-OF-PRIVACY-FRIENDLY-SYNTHETIC-DATA/.venv/lib/python3.12/site-packages/sklearn/metrics/_classification.py:1565)
2025-04-21 21:27:06,571 - WARNING - [UndefinedMetricWarning] Precision is ill-defined and being set to 0.0 in labels with no predicted samples. Use `zero_division` parameter to control this behavior. (from /mnt/NVMETank/Projects/Students/Dele/A-STUDY-INTO-THE-QUALITY-AND-USABILITY-OF-PRIVACY-FRIENDLY-SYNTHETIC-DATA/.venv/lib/python3.12/site-packages/sklearn/metrics/_classification.py:1565)
2025-04-21 21:27:06,649 - WARNING -  Failed to compute AUC-ROC for LogisticRegression on Anonymous: Number of classes in y_true not equal to the number of columns in 'y_score'
2025-04-21 21:27:06,823 - WARNING -  Failed to compute LogLoss for LogisticRegression on Anonymous: y_true and y_pred contain different number of classes 5, 6. Please provide the true labels explicitly through the labels argument. Classes found in y_true: ['Adult Arrest' 'Adult Other' 'Invest Cont' 'Juv Arrest' 'Juv Other']
2025-04-21 21:27:06,941 - INFO - Computed 8 metric(s) for LogisticRegression on Anonymous
2025-04-21 21:27:06,941 - INFO - Evaluating LogisticRegression on CTGAN_HYBRID...
2025-04-21 21:27:06,993 - INFO - Predictions completed for LogisticRegression on CTGAN_HYBRID
2025-04-21 21:27:06,998 - INFO - Prediction distribution for LogisticRegression on CTGAN_HYBRID: {'Invest Cont': 54738, 'Adult Other': 8786, 'UNK': 1401, 'Juv Arrest': 174, 'Adult Arrest': 2}
2025-04-21 21:27:07,205 - WARNING - [UndefinedMetricWarning] Precision is ill-defined and being set to 0.0 in labels with no predicted samples. Use `zero_division` parameter to control this behavior. (from /mnt/NVMETank/Projects/Students/Dele/A-STUDY-INTO-THE-QUALITY-AND-USABILITY-OF-PRIVACY-FRIENDLY-SYNTHETIC-DATA/.venv/lib/python3.12/site-packages/sklearn/metrics/_classification.py:1565)
2025-04-21 21:27:07,205 - WARNING - [UndefinedMetricWarning] Recall is ill-defined and being set to 0.0 in labels with no true samples. Use `zero_division` parameter to control this behavior. (from /mnt/NVMETank/Projects/Students/Dele/A-STUDY-INTO-THE-QUALITY-AND-USABILITY-OF-PRIVACY-FRIENDLY-SYNTHETIC-DATA/.venv/lib/python3.12/site-packages/sklearn/metrics/_classification.py:1565)
2025-04-21 21:27:07,355 - WARNING - [UndefinedMetricWarning] Precision is ill-defined and being set to 0.0 in labels with no predicted samples. Use `zero_division` parameter to control this behavior. (from /mnt/NVMETank/Projects/Students/Dele/A-STUDY-INTO-THE-QUALITY-AND-USABILITY-OF-PRIVACY-FRIENDLY-SYNTHETIC-DATA/.venv/lib/python3.12/site-packages/sklearn/metrics/_classification.py:1565)
2025-04-21 21:27:07,356 - WARNING - [UndefinedMetricWarning] Recall is ill-defined and being set to 0.0 in labels with no true samples. Use `zero_division` parameter to control this behavior. (from /mnt/NVMETank/Projects/Students/Dele/A-STUDY-INTO-THE-QUALITY-AND-USABILITY-OF-PRIVACY-FRIENDLY-SYNTHETIC-DATA/.venv/lib/python3.12/site-packages/sklearn/metrics/_classification.py:1565)
2025-04-21 21:27:07,505 - WARNING - [UndefinedMetricWarning] Precision is ill-defined and being set to 0.0 in labels with no predicted samples. Use `zero_division` parameter to control this behavior. (from /mnt/NVMETank/Projects/Students/Dele/A-STUDY-INTO-THE-QUALITY-AND-USABILITY-OF-PRIVACY-FRIENDLY-SYNTHETIC-DATA/.venv/lib/python3.12/site-packages/sklearn/metrics/_classification.py:1565)
2025-04-21 21:27:07,506 - WARNING - [UndefinedMetricWarning] Recall is ill-defined and being set to 0.0 in labels with no true samples. Use `zero_division` parameter to control this behavior. (from /mnt/NVMETank/Projects/Students/Dele/A-STUDY-INTO-THE-QUALITY-AND-USABILITY-OF-PRIVACY-FRIENDLY-SYNTHETIC-DATA/.venv/lib/python3.12/site-packages/sklearn/metrics/_classification.py:1565)
2025-04-21 21:27:07,617 - WARNING -  Failed to compute AUC-ROC for LogisticRegression on CTGAN_HYBRID: Number of classes in y_true not equal to the number of columns in 'y_score'
2025-04-21 21:27:07,848 - WARNING -  Failed to compute LogLoss for LogisticRegression on CTGAN_HYBRID: y_true and y_pred contain different number of classes 5, 6. Please provide the true labels explicitly through the labels argument. Classes found in y_true: ['Adult Arrest' 'Adult Other' 'Invest Cont' 'Juv Arrest' 'Juv Other']
2025-04-21 21:27:07,967 - INFO - Computed 8 metric(s) for LogisticRegression on CTGAN_HYBRID
2025-04-21 21:27:07,968 - INFO - Evaluating LogisticRegression on GaussianCopula_HYBRID...
2025-04-21 21:27:08,019 - INFO - Predictions completed for LogisticRegression on GaussianCopula_HYBRID
2025-04-21 21:27:08,024 - INFO - Prediction distribution for LogisticRegression on GaussianCopula_HYBRID: {'Invest Cont': 64927, 'Juv Other': 167, 'Adult Arrest': 7}
2025-04-21 21:27:08,233 - WARNING - [UndefinedMetricWarning] Precision is ill-defined and being set to 0.0 in labels with no predicted samples. Use `zero_division` parameter to control this behavior. (from /mnt/NVMETank/Projects/Students/Dele/A-STUDY-INTO-THE-QUALITY-AND-USABILITY-OF-PRIVACY-FRIENDLY-SYNTHETIC-DATA/.venv/lib/python3.12/site-packages/sklearn/metrics/_classification.py:1565)
2025-04-21 21:27:08,382 - WARNING - [UndefinedMetricWarning] Precision is ill-defined and being set to 0.0 in labels with no predicted samples. Use `zero_division` parameter to control this behavior. (from /mnt/NVMETank/Projects/Students/Dele/A-STUDY-INTO-THE-QUALITY-AND-USABILITY-OF-PRIVACY-FRIENDLY-SYNTHETIC-DATA/.venv/lib/python3.12/site-packages/sklearn/metrics/_classification.py:1565)
2025-04-21 21:27:08,534 - WARNING - [UndefinedMetricWarning] Precision is ill-defined and being set to 0.0 in labels with no predicted samples. Use `zero_division` parameter to control this behavior. (from /mnt/NVMETank/Projects/Students/Dele/A-STUDY-INTO-THE-QUALITY-AND-USABILITY-OF-PRIVACY-FRIENDLY-SYNTHETIC-DATA/.venv/lib/python3.12/site-packages/sklearn/metrics/_classification.py:1565)
2025-04-21 21:27:08,614 - WARNING -  Failed to compute AUC-ROC for LogisticRegression on GaussianCopula_HYBRID: Number of classes in y_true not equal to the number of columns in 'y_score'
2025-04-21 21:27:08,790 - WARNING -  Failed to compute LogLoss for LogisticRegression on GaussianCopula_HYBRID: y_true and y_pred contain different number of classes 5, 6. Please provide the true labels explicitly through the labels argument. Classes found in y_true: ['Adult Arrest' 'Adult Other' 'Invest Cont' 'Juv Arrest' 'Juv Other']
2025-04-21 21:27:08,907 - INFO - Computed 8 metric(s) for LogisticRegression on GaussianCopula_HYBRID
2025-04-21 21:27:08,908 - INFO - Evaluating LogisticRegression on TVAE_HYBRID...
2025-04-21 21:27:08,966 - INFO - Predictions completed for LogisticRegression on TVAE_HYBRID
2025-04-21 21:27:08,971 - INFO - Prediction distribution for LogisticRegression on TVAE_HYBRID: {'Invest Cont': 64310, 'Adult Other': 595, 'Juv Arrest': 156, 'Juv Other': 39, 'Adult Arrest': 1}
2025-04-21 21:27:09,965 - INFO - Computed 8 metric(s) for LogisticRegression on TVAE_HYBRID
2025-04-21 21:27:09,965 - INFO - Preparing evaluation for model 'RandomForest' across all datasets...
2025-04-21 21:27:09,966 - INFO - Evaluating RandomForest on Original...
2025-04-21 21:27:15,437 - INFO - Predictions completed for RandomForest on Original
2025-04-21 21:27:15,440 - INFO - Prediction distribution for RandomForest on Original: {'Invest Cont': 50873, 'Adult Other': 11284, 'Adult Arrest': 2899, 'Juv Other': 25, 'Juv Arrest': 20}
2025-04-21 21:27:19,637 - WARNING -  Failed to compute AUC-ROC for RandomForest on Original: Number of classes in y_true not equal to the number of columns in 'y_score'
2025-04-21 21:27:23,579 - WARNING -  Failed to compute LogLoss for RandomForest on Original: y_true and y_pred contain different number of classes 5, 6. Please provide the true labels explicitly through the labels argument. Classes found in y_true: ['Adult Arrest' 'Adult Other' 'Invest Cont' 'Juv Arrest' 'Juv Other']
2025-04-21 21:27:23,698 - INFO - Computed 8 metric(s) for RandomForest on Original
2025-04-21 21:27:23,698 - INFO - Evaluating RandomForest on Anonymous...
2025-04-21 21:27:28,734 - INFO - Predictions completed for RandomForest on Anonymous
2025-04-21 21:27:28,738 - INFO - Prediction distribution for RandomForest on Anonymous: {'Invest Cont': 50376, 'Adult Other': 10258, 'Adult Arrest': 4399, 'Juv Arrest': 36, 'Juv Other': 32}
2025-04-21 21:27:32,194 - WARNING -  Failed to compute AUC-ROC for RandomForest on Anonymous: Number of classes in y_true not equal to the number of columns in 'y_score'
2025-04-21 21:27:35,302 - WARNING -  Failed to compute LogLoss for RandomForest on Anonymous: y_true and y_pred contain different number of classes 5, 6. Please provide the true labels explicitly through the labels argument. Classes found in y_true: ['Adult Arrest' 'Adult Other' 'Invest Cont' 'Juv Arrest' 'Juv Other']
2025-04-21 21:27:35,424 - INFO - Computed 8 metric(s) for RandomForest on Anonymous
2025-04-21 21:27:35,424 - INFO - Evaluating RandomForest on CTGAN_HYBRID...
2025-04-21 21:27:38,032 - INFO - Predictions completed for RandomForest on CTGAN_HYBRID
2025-04-21 21:27:38,035 - INFO - Prediction distribution for RandomForest on CTGAN_HYBRID: {'Invest Cont': 49761, 'Adult Other': 14871, 'Adult Arrest': 457, 'UNK': 8, 'Juv Arrest': 4}
2025-04-21 21:27:38,221 - WARNING - [UndefinedMetricWarning] Precision is ill-defined and being set to 0.0 in labels with no predicted samples. Use `zero_division` parameter to control this behavior. (from /mnt/NVMETank/Projects/Students/Dele/A-STUDY-INTO-THE-QUALITY-AND-USABILITY-OF-PRIVACY-FRIENDLY-SYNTHETIC-DATA/.venv/lib/python3.12/site-packages/sklearn/metrics/_classification.py:1565)
2025-04-21 21:27:38,221 - WARNING - [UndefinedMetricWarning] Recall is ill-defined and being set to 0.0 in labels with no true samples. Use `zero_division` parameter to control this behavior. (from /mnt/NVMETank/Projects/Students/Dele/A-STUDY-INTO-THE-QUALITY-AND-USABILITY-OF-PRIVACY-FRIENDLY-SYNTHETIC-DATA/.venv/lib/python3.12/site-packages/sklearn/metrics/_classification.py:1565)
2025-04-21 21:27:38,372 - WARNING - [UndefinedMetricWarning] Precision is ill-defined and being set to 0.0 in labels with no predicted samples. Use `zero_division` parameter to control this behavior. (from /mnt/NVMETank/Projects/Students/Dele/A-STUDY-INTO-THE-QUALITY-AND-USABILITY-OF-PRIVACY-FRIENDLY-SYNTHETIC-DATA/.venv/lib/python3.12/site-packages/sklearn/metrics/_classification.py:1565)
2025-04-21 21:27:38,373 - WARNING - [UndefinedMetricWarning] Recall is ill-defined and being set to 0.0 in labels with no true samples. Use `zero_division` parameter to control this behavior. (from /mnt/NVMETank/Projects/Students/Dele/A-STUDY-INTO-THE-QUALITY-AND-USABILITY-OF-PRIVACY-FRIENDLY-SYNTHETIC-DATA/.venv/lib/python3.12/site-packages/sklearn/metrics/_classification.py:1565)
2025-04-21 21:27:38,523 - WARNING - [UndefinedMetricWarning] Precision is ill-defined and being set to 0.0 in labels with no predicted samples. Use `zero_division` parameter to control this behavior. (from /mnt/NVMETank/Projects/Students/Dele/A-STUDY-INTO-THE-QUALITY-AND-USABILITY-OF-PRIVACY-FRIENDLY-SYNTHETIC-DATA/.venv/lib/python3.12/site-packages/sklearn/metrics/_classification.py:1565)
2025-04-21 21:27:38,524 - WARNING - [UndefinedMetricWarning] Recall is ill-defined and being set to 0.0 in labels with no true samples. Use `zero_division` parameter to control this behavior. (from /mnt/NVMETank/Projects/Students/Dele/A-STUDY-INTO-THE-QUALITY-AND-USABILITY-OF-PRIVACY-FRIENDLY-SYNTHETIC-DATA/.venv/lib/python3.12/site-packages/sklearn/metrics/_classification.py:1565)
2025-04-21 21:27:40,125 - WARNING -  Failed to compute AUC-ROC for RandomForest on CTGAN_HYBRID: Number of classes in y_true not equal to the number of columns in 'y_score'
2025-04-21 21:27:41,815 - WARNING -  Failed to compute LogLoss for RandomForest on CTGAN_HYBRID: y_true and y_pred contain different number of classes 5, 6. Please provide the true labels explicitly through the labels argument. Classes found in y_true: ['Adult Arrest' 'Adult Other' 'Invest Cont' 'Juv Arrest' 'Juv Other']
2025-04-21 21:27:41,934 - INFO - Computed 8 metric(s) for RandomForest on CTGAN_HYBRID
2025-04-21 21:27:41,934 - INFO - Evaluating RandomForest on GaussianCopula_HYBRID...
2025-04-21 21:27:43,289 - INFO - Predictions completed for RandomForest on GaussianCopula_HYBRID
2025-04-21 21:27:43,292 - INFO - Prediction distribution for RandomForest on GaussianCopula_HYBRID: {'Invest Cont': 57204, 'Adult Other': 7126, 'Adult Arrest': 771}
2025-04-21 21:27:43,479 - WARNING - [UndefinedMetricWarning] Precision is ill-defined and being set to 0.0 in labels with no predicted samples. Use `zero_division` parameter to control this behavior. (from /mnt/NVMETank/Projects/Students/Dele/A-STUDY-INTO-THE-QUALITY-AND-USABILITY-OF-PRIVACY-FRIENDLY-SYNTHETIC-DATA/.venv/lib/python3.12/site-packages/sklearn/metrics/_classification.py:1565)
2025-04-21 21:27:43,631 - WARNING - [UndefinedMetricWarning] Precision is ill-defined and being set to 0.0 in labels with no predicted samples. Use `zero_division` parameter to control this behavior. (from /mnt/NVMETank/Projects/Students/Dele/A-STUDY-INTO-THE-QUALITY-AND-USABILITY-OF-PRIVACY-FRIENDLY-SYNTHETIC-DATA/.venv/lib/python3.12/site-packages/sklearn/metrics/_classification.py:1565)
2025-04-21 21:27:43,784 - WARNING - [UndefinedMetricWarning] Precision is ill-defined and being set to 0.0 in labels with no predicted samples. Use `zero_division` parameter to control this behavior. (from /mnt/NVMETank/Projects/Students/Dele/A-STUDY-INTO-THE-QUALITY-AND-USABILITY-OF-PRIVACY-FRIENDLY-SYNTHETIC-DATA/.venv/lib/python3.12/site-packages/sklearn/metrics/_classification.py:1565)
2025-04-21 21:27:45,133 - WARNING -  Failed to compute AUC-ROC for RandomForest on GaussianCopula_HYBRID: Number of classes in y_true not equal to the number of columns in 'y_score'
2025-04-21 21:27:46,590 - WARNING -  Failed to compute LogLoss for RandomForest on GaussianCopula_HYBRID: y_true and y_pred contain different number of classes 5, 6. Please provide the true labels explicitly through the labels argument. Classes found in y_true: ['Adult Arrest' 'Adult Other' 'Invest Cont' 'Juv Arrest' 'Juv Other']
2025-04-21 21:27:46,709 - INFO - Computed 8 metric(s) for RandomForest on GaussianCopula_HYBRID
2025-04-21 21:27:46,709 - INFO - Evaluating RandomForest on TVAE_HYBRID...
2025-04-21 21:27:48,218 - INFO - Predictions completed for RandomForest on TVAE_HYBRID
2025-04-21 21:27:48,221 - INFO - Prediction distribution for RandomForest on TVAE_HYBRID: {'Invest Cont': 54686, 'Adult Other': 6079, 'Adult Arrest': 4336}
2025-04-21 21:27:48,410 - WARNING - [UndefinedMetricWarning] Precision is ill-defined and being set to 0.0 in labels with no predicted samples. Use `zero_division` parameter to control this behavior. (from /mnt/NVMETank/Projects/Students/Dele/A-STUDY-INTO-THE-QUALITY-AND-USABILITY-OF-PRIVACY-FRIENDLY-SYNTHETIC-DATA/.venv/lib/python3.12/site-packages/sklearn/metrics/_classification.py:1565)
2025-04-21 21:27:48,562 - WARNING - [UndefinedMetricWarning] Precision is ill-defined and being set to 0.0 in labels with no predicted samples. Use `zero_division` parameter to control this behavior. (from /mnt/NVMETank/Projects/Students/Dele/A-STUDY-INTO-THE-QUALITY-AND-USABILITY-OF-PRIVACY-FRIENDLY-SYNTHETIC-DATA/.venv/lib/python3.12/site-packages/sklearn/metrics/_classification.py:1565)
2025-04-21 21:27:48,715 - WARNING - [UndefinedMetricWarning] Precision is ill-defined and being set to 0.0 in labels with no predicted samples. Use `zero_division` parameter to control this behavior. (from /mnt/NVMETank/Projects/Students/Dele/A-STUDY-INTO-THE-QUALITY-AND-USABILITY-OF-PRIVACY-FRIENDLY-SYNTHETIC-DATA/.venv/lib/python3.12/site-packages/sklearn/metrics/_classification.py:1565)
2025-04-21 21:27:51,989 - INFO - Computed 8 metric(s) for RandomForest on TVAE_HYBRID
2025-04-21 21:27:51,989 - INFO - Preparing evaluation for model 'SVM' across all datasets...
2025-04-21 21:27:51,989 - INFO - Evaluating SVM on Original...
2025-04-21 21:41:33,209 - INFO - Predictions completed for SVM on Original
2025-04-21 21:41:33,212 - INFO - Prediction distribution for SVM on Original: {'Invest Cont': 65101}
2025-04-21 21:41:33,214 - WARNING -  [WARNING] :SVM on Original predicted only one class: {'Invest Cont'}
2025-04-21 21:41:33,401 - WARNING - [UndefinedMetricWarning] Precision is ill-defined and being set to 0.0 in labels with no predicted samples. Use `zero_division` parameter to control this behavior. (from /mnt/NVMETank/Projects/Students/Dele/A-STUDY-INTO-THE-QUALITY-AND-USABILITY-OF-PRIVACY-FRIENDLY-SYNTHETIC-DATA/.venv/lib/python3.12/site-packages/sklearn/metrics/_classification.py:1565)
2025-04-21 21:41:33,552 - WARNING - [UndefinedMetricWarning] Precision is ill-defined and being set to 0.0 in labels with no predicted samples. Use `zero_division` parameter to control this behavior. (from /mnt/NVMETank/Projects/Students/Dele/A-STUDY-INTO-THE-QUALITY-AND-USABILITY-OF-PRIVACY-FRIENDLY-SYNTHETIC-DATA/.venv/lib/python3.12/site-packages/sklearn/metrics/_classification.py:1565)
2025-04-21 21:41:33,700 - WARNING - [UndefinedMetricWarning] Precision is ill-defined and being set to 0.0 in labels with no predicted samples. Use `zero_division` parameter to control this behavior. (from /mnt/NVMETank/Projects/Students/Dele/A-STUDY-INTO-THE-QUALITY-AND-USABILITY-OF-PRIVACY-FRIENDLY-SYNTHETIC-DATA/.venv/lib/python3.12/site-packages/sklearn/metrics/_classification.py:1565)
2025-04-21 21:41:33,817 - INFO - Computed 8 metric(s) for SVM on Original
2025-04-21 21:41:33,817 - INFO - Evaluating SVM on Anonymous...
2025-04-21 21:53:56,773 - INFO - Predictions completed for SVM on Anonymous
2025-04-21 21:53:56,776 - INFO - Prediction distribution for SVM on Anonymous: {'Invest Cont': 65101}
2025-04-21 21:53:56,778 - WARNING -  [WARNING] :SVM on Anonymous predicted only one class: {'Invest Cont'}
2025-04-21 21:53:56,967 - WARNING - [UndefinedMetricWarning] Precision is ill-defined and being set to 0.0 in labels with no predicted samples. Use `zero_division` parameter to control this behavior. (from /mnt/NVMETank/Projects/Students/Dele/A-STUDY-INTO-THE-QUALITY-AND-USABILITY-OF-PRIVACY-FRIENDLY-SYNTHETIC-DATA/.venv/lib/python3.12/site-packages/sklearn/metrics/_classification.py:1565)
2025-04-21 21:53:57,117 - WARNING - [UndefinedMetricWarning] Precision is ill-defined and being set to 0.0 in labels with no predicted samples. Use `zero_division` parameter to control this behavior. (from /mnt/NVMETank/Projects/Students/Dele/A-STUDY-INTO-THE-QUALITY-AND-USABILITY-OF-PRIVACY-FRIENDLY-SYNTHETIC-DATA/.venv/lib/python3.12/site-packages/sklearn/metrics/_classification.py:1565)
2025-04-21 21:53:57,266 - WARNING - [UndefinedMetricWarning] Precision is ill-defined and being set to 0.0 in labels with no predicted samples. Use `zero_division` parameter to control this behavior. (from /mnt/NVMETank/Projects/Students/Dele/A-STUDY-INTO-THE-QUALITY-AND-USABILITY-OF-PRIVACY-FRIENDLY-SYNTHETIC-DATA/.venv/lib/python3.12/site-packages/sklearn/metrics/_classification.py:1565)
2025-04-21 21:53:57,383 - INFO - Computed 8 metric(s) for SVM on Anonymous
2025-04-21 21:53:57,383 - INFO - Evaluating SVM on CTGAN_HYBRID...
2025-04-21 22:06:13,822 - INFO - Predictions completed for SVM on CTGAN_HYBRID
2025-04-21 22:06:13,825 - INFO - Prediction distribution for SVM on CTGAN_HYBRID: {'Invest Cont': 65101}
2025-04-21 22:06:13,826 - WARNING -  [WARNING] :SVM on CTGAN_HYBRID predicted only one class: {'Invest Cont'}
2025-04-21 22:06:14,013 - WARNING - [UndefinedMetricWarning] Precision is ill-defined and being set to 0.0 in labels with no predicted samples. Use `zero_division` parameter to control this behavior. (from /mnt/NVMETank/Projects/Students/Dele/A-STUDY-INTO-THE-QUALITY-AND-USABILITY-OF-PRIVACY-FRIENDLY-SYNTHETIC-DATA/.venv/lib/python3.12/site-packages/sklearn/metrics/_classification.py:1565)
2025-04-21 22:06:14,160 - WARNING - [UndefinedMetricWarning] Precision is ill-defined and being set to 0.0 in labels with no predicted samples. Use `zero_division` parameter to control this behavior. (from /mnt/NVMETank/Projects/Students/Dele/A-STUDY-INTO-THE-QUALITY-AND-USABILITY-OF-PRIVACY-FRIENDLY-SYNTHETIC-DATA/.venv/lib/python3.12/site-packages/sklearn/metrics/_classification.py:1565)
2025-04-21 22:06:14,308 - WARNING - [UndefinedMetricWarning] Precision is ill-defined and being set to 0.0 in labels with no predicted samples. Use `zero_division` parameter to control this behavior. (from /mnt/NVMETank/Projects/Students/Dele/A-STUDY-INTO-THE-QUALITY-AND-USABILITY-OF-PRIVACY-FRIENDLY-SYNTHETIC-DATA/.venv/lib/python3.12/site-packages/sklearn/metrics/_classification.py:1565)
2025-04-21 22:06:14,424 - INFO - Computed 8 metric(s) for SVM on CTGAN_HYBRID
2025-04-21 22:06:14,424 - INFO - Evaluating SVM on GaussianCopula_HYBRID...
2025-04-21 22:20:40,343 - INFO - Predictions completed for SVM on GaussianCopula_HYBRID
2025-04-21 22:20:40,347 - INFO - Prediction distribution for SVM on GaussianCopula_HYBRID: {'Invest Cont': 65101}
2025-04-21 22:20:40,350 - WARNING -  [WARNING] :SVM on GaussianCopula_HYBRID predicted only one class: {'Invest Cont'}
2025-04-21 22:20:40,602 - WARNING - [UndefinedMetricWarning] Precision is ill-defined and being set to 0.0 in labels with no predicted samples. Use `zero_division` parameter to control this behavior. (from /mnt/NVMETank/Projects/Students/Dele/A-STUDY-INTO-THE-QUALITY-AND-USABILITY-OF-PRIVACY-FRIENDLY-SYNTHETIC-DATA/.venv/lib/python3.12/site-packages/sklearn/metrics/_classification.py:1565)
2025-04-21 22:20:40,900 - WARNING - [UndefinedMetricWarning] Precision is ill-defined and being set to 0.0 in labels with no predicted samples. Use `zero_division` parameter to control this behavior. (from /mnt/NVMETank/Projects/Students/Dele/A-STUDY-INTO-THE-QUALITY-AND-USABILITY-OF-PRIVACY-FRIENDLY-SYNTHETIC-DATA/.venv/lib/python3.12/site-packages/sklearn/metrics/_classification.py:1565)
2025-04-21 22:20:41,090 - WARNING - [UndefinedMetricWarning] Precision is ill-defined and being set to 0.0 in labels with no predicted samples. Use `zero_division` parameter to control this behavior. (from /mnt/NVMETank/Projects/Students/Dele/A-STUDY-INTO-THE-QUALITY-AND-USABILITY-OF-PRIVACY-FRIENDLY-SYNTHETIC-DATA/.venv/lib/python3.12/site-packages/sklearn/metrics/_classification.py:1565)
2025-04-21 22:20:41,267 - INFO - Computed 8 metric(s) for SVM on GaussianCopula_HYBRID
2025-04-21 22:20:41,268 - INFO - Evaluating SVM on TVAE_HYBRID...
2025-04-21 22:31:37,578 - INFO - Predictions completed for SVM on TVAE_HYBRID
2025-04-21 22:31:37,581 - INFO - Prediction distribution for SVM on TVAE_HYBRID: {'Invest Cont': 65101}
2025-04-21 22:31:37,583 - WARNING -  [WARNING] :SVM on TVAE_HYBRID predicted only one class: {'Invest Cont'}
2025-04-21 22:31:37,773 - WARNING - [UndefinedMetricWarning] Precision is ill-defined and being set to 0.0 in labels with no predicted samples. Use `zero_division` parameter to control this behavior. (from /mnt/NVMETank/Projects/Students/Dele/A-STUDY-INTO-THE-QUALITY-AND-USABILITY-OF-PRIVACY-FRIENDLY-SYNTHETIC-DATA/.venv/lib/python3.12/site-packages/sklearn/metrics/_classification.py:1565)
2025-04-21 22:31:37,924 - WARNING - [UndefinedMetricWarning] Precision is ill-defined and being set to 0.0 in labels with no predicted samples. Use `zero_division` parameter to control this behavior. (from /mnt/NVMETank/Projects/Students/Dele/A-STUDY-INTO-THE-QUALITY-AND-USABILITY-OF-PRIVACY-FRIENDLY-SYNTHETIC-DATA/.venv/lib/python3.12/site-packages/sklearn/metrics/_classification.py:1565)
2025-04-21 22:31:38,074 - WARNING - [UndefinedMetricWarning] Precision is ill-defined and being set to 0.0 in labels with no predicted samples. Use `zero_division` parameter to control this behavior. (from /mnt/NVMETank/Projects/Students/Dele/A-STUDY-INTO-THE-QUALITY-AND-USABILITY-OF-PRIVACY-FRIENDLY-SYNTHETIC-DATA/.venv/lib/python3.12/site-packages/sklearn/metrics/_classification.py:1565)
2025-04-21 22:31:38,192 - INFO - Computed 8 metric(s) for SVM on TVAE_HYBRID
2025-04-21 22:31:38,200 - INFO - Evaluation completed for all models.
2025-04-21 22:31:38,200 - INFO - Model evaluation completed in 4002.41 seconds.
2025-04-21 22:31:38,211 - INFO - Evaluated models: ['DecisionTree', 'KNN', 'LogisticRegression', 'RandomForest', 'SVM']
2025-04-21 22:31:38,211 - INFO - Model Training and Evaluation completed.
2025-04-21 22:31:38,859 - INFO -  Visualizations saved.
2025-04-21 22:31:38,860 - INFO -  Benchmarking Completed. Results saved in output folder.
2025-04-21 22:31:39,010 - INFO - Deleted anonymized file: /mnt/NVMETank/Projects/Students/Dele/A-STUDY-INTO-THE-QUALITY-AND-USABILITY-OF-PRIVACY-FRIENDLY-SYNTHETIC-DATA/datasets/anonymized/crimeData_k10_l2_sup01_anonymized_processed.csv
2025-04-21 22:31:39,011 - INFO - Deleted anonymized file: /mnt/NVMETank/Projects/Students/Dele/A-STUDY-INTO-THE-QUALITY-AND-USABILITY-OF-PRIVACY-FRIENDLY-SYNTHETIC-DATA/datasets/anonymized/crimeData_k10_l2_sup01_anonymized_encoded.csv
2025-04-21 22:31:39,013 - INFO - Deleted anonymized file: /mnt/NVMETank/Projects/Students/Dele/A-STUDY-INTO-THE-QUALITY-AND-USABILITY-OF-PRIVACY-FRIENDLY-SYNTHETIC-DATA/datasets/anonymized/crimeData_k10_l2_sup01_anonymized.csv
