2025-04-13 19:15:58,625 - INFO - Loaded config file: configs/generated_configs/crimeData/crimeData_anon_k15_l4_sl0.05.yaml
2025-04-13 19:15:58,625 - INFO -  Benchmarking started for dataset: crimeData
2025-04-13 19:15:58,625 - INFO - Configuration loaded: enable_anonymization = True, enable_synthesis = False
2025-04-13 19:15:58,626 - INFO - Running preprocessing...
2025-04-13 19:15:58,630 - INFO - Preprocessed files found. Skipping preprocessing.
2025-04-13 19:16:00,912 - INFO - Preprocessing completed. Rows before: 974477, after: 260402
2025-04-13 19:16:00,912 - INFO - enable_anonymization = None
2025-04-13 19:16:00,917 - INFO - Running Java Anonymization Program...........
2025-04-13 19:16:00,917 - INFO - Using JAR file at /mnt/NVMETank/Projects/Students/Dele/A-STUDY-INTO-THE-QUALITY-AND-USABILITY-OF-PRIVACY-FRIENDLY-SYNTHETIC-DATA/src/anonymization/anonymARXij/bin/anonymARXij.jar to anonymize the dataset.
2025-04-13 19:16:07,842 - INFO - Anonimized file saved to : /mnt/NVMETank/Projects/Students/Dele/A-STUDY-INTO-THE-QUALITY-AND-USABILITY-OF-PRIVACY-FRIENDLY-SYNTHETIC-DATA/datasets/anonymized/crimeData_k15_l4_sup05_anonymized.csv
2025-04-13 19:16:07,842 - INFO - Java anonymization completed successfully.
2025-04-13 19:16:07,842 - INFO - Anonymized data saved to: /mnt/NVMETank/Projects/Students/Dele/A-STUDY-INTO-THE-QUALITY-AND-USABILITY-OF-PRIVACY-FRIENDLY-SYNTHETIC-DATA/datasets/anonymized/crimeData_k15_l4_sup05_anonymized.csv
2025-04-13 19:16:09,382 - INFO - Loaded anonymized data: (260402, 12)
2025-04-13 19:16:10,973 - INFO - Encoding applied to anonymized data. Encoded shape: (260402, 42)
2025-04-13 19:16:12,072 - INFO - Encoded anonymized dataset saved to: /mnt/NVMETank/Projects/Students/Dele/A-STUDY-INTO-THE-QUALITY-AND-USABILITY-OF-PRIVACY-FRIENDLY-SYNTHETIC-DATA/datasets/anonymized/crimeData_k15_l4_sup05_anonymized_encoded.csv
2025-04-13 19:16:12,078 - INFO - Deleted anonymized dataset: /mnt/NVMETank/Projects/Students/Dele/A-STUDY-INTO-THE-QUALITY-AND-USABILITY-OF-PRIVACY-FRIENDLY-SYNTHETIC-DATA/datasets/anonymized/crimeData_k15_l4_sup05_anonymized.csv
2025-04-13 19:16:12,078 - INFO - enable_synthetic_generation = False
2025-04-13 19:16:12,078 - INFO - Synthetic Data Generation Skipped (Disabled in Configuration).
2025-04-13 19:16:12,078 - INFO - Synthetic data generated with 2 synthesizers.
2025-04-13 19:16:12,078 - INFO - Hybrid pipeline skipped (disabled in configuration).
2025-04-13 19:16:12,078 - INFO - Preparing datasets for machine learning...
2025-04-13 19:16:12,105 - INFO - Original Data - Training Size: 260402, Testing Size: 116461
2025-04-13 19:16:12,106 - INFO - Processing anonymized dataset...
2025-04-13 19:16:12,124 - INFO - Anonymized Data - Training Size: 260402
2025-04-13 19:16:12,124 - INFO - Training models on all datasets...
2025-04-14 01:47:10,791 - INFO - Model Training Completed.
2025-04-14 01:47:10,792 - INFO - Evaluating models...
