2025-05-08 18:43:49,546 - INFO - Loaded config file: configs/generated_configs/loan/loan_anon_k13_sl0p05_l10.yaml
2025-05-08 18:43:49,546 - INFO -  Benchmarking started for dataset: loan
2025-05-08 18:43:49,547 - INFO - Using dataset path: /mnt/NVMETank/Projects/Students/Dele/A-STUDY-INTO-THE-QUALITY-AND-USABILITY-OF-PRIVACY-FRIENDLY-SYNTHETIC-DATA/datasets/original/loan.csv
2025-05-08 18:43:49,547 - INFO - Target column: Loan_Status, separator: ','
2025-05-08 18:43:49,547 - INFO - Configuration loaded: enable_anonymization = True, enable_synthesis = False, enable_hybrid = True, enable_utility = True, delete_after_evaluation = False
2025-05-08 18:43:49,547 - INFO - Running preprocessing...
2025-05-08 18:43:49,551 - INFO -  [PREPROCESSING] Preprocessed files found. Skipping preprocessing.
2025-05-08 18:43:49,560 - INFO - Preprocessing completed. Rows before: 614, after: 336
2025-05-08 18:43:49,560 - INFO - Preprocessed data saved to: outputs/batch/loan_batch_2025-05-08_18-38-44/loan_anon_k13_sl0p05_l10/preprocessing_report.txt
2025-05-08 18:43:49,560 - INFO - enable_anonymization = True
2025-05-08 18:43:49,560 - INFO - Starting Anonymization Pipeline with output path: /mnt/NVMETank/Projects/Students/Dele/A-STUDY-INTO-THE-QUALITY-AND-USABILITY-OF-PRIVACY-FRIENDLY-SYNTHETIC-DATA/datasets/anonymized/loan_k13_l10_sup05_anonymized.csv.......
2025-05-08 18:43:49,564 - INFO -  [ANONYMIZATION] Executing run_anonymization, config_path : configs/generated_configs/loan/loan_anon_k13_sl0p05_l10.yaml...........
2025-05-08 18:43:49,564 - INFO -  [ANONYMIZATION] Using JAR file at /mnt/NVMETank/Projects/Students/Dele/A-STUDY-INTO-THE-QUALITY-AND-USABILITY-OF-PRIVACY-FRIENDLY-SYNTHETIC-DATA/src/anonymization/anonymARXij/bin/anonymARXij.jar to anonymize the dataset.
2025-05-08 18:43:50,933 - INFO -  [ANONYMIZATION] Anonimized file saved to : /mnt/NVMETank/Projects/Students/Dele/A-STUDY-INTO-THE-QUALITY-AND-USABILITY-OF-PRIVACY-FRIENDLY-SYNTHETIC-DATA/datasets/anonymized/loan_k13_l10_sup05_anonymized.csv
2025-05-08 18:43:50,933 - INFO -  [ANONYMIZATION] Java anonymization completed successfully.
2025-05-08 18:43:50,933 - INFO -  [ANONYMIZATION] Java STDOUT:
📄 Java received config path: /mnt/NVMETank/Projects/Students/Dele/A-STUDY-INTO-THE-QUALITY-AND-USABILITY-OF-PRIVACY-FRIENDLY-SYNTHETIC-DATA/configs/generated_configs/loan/loan_anon_k13_sl0p05_l10.yaml
🔹 Loading config from: /mnt/NVMETank/Projects/Students/Dele/A-STUDY-INTO-THE-QUALITY-AND-USABILITY-OF-PRIVACY-FRIENDLY-SYNTHETIC-DATA/configs/generated_configs/loan/loan_anon_k13_sl0p05_l10.yaml
Loading config from: /mnt/NVMETank/Projects/Students/Dele/A-STUDY-INTO-THE-QUALITY-AND-USABILITY-OF-PRIVACY-FRIENDLY-SYNTHETIC-DATA/configs/generated_configs/loan/loan_anon_k13_sl0p05_l10.yaml
📂 Dataset Path (from args): /mnt/NVMETank/Projects/Students/Dele/A-STUDY-INTO-THE-QUALITY-AND-USABILITY-OF-PRIVACY-FRIENDLY-SYNTHETIC-DATA/datasets/train/loan_train_raw.csv
🔹 Dataset Separator: ,
🔹 Suppression Limit: 0.05

🔹 Configured Attributes:
  ✅ Quasi-Identifier: Gender
  ✅ Quasi-Identifier: Married
  ✅ Quasi-Identifier: Education
  ✅ Quasi-Identifier: Dependents
  ✅ Quasi-Identifier: Self_Employed
  ✅ Quasi-Identifier: Property_Area
  ✅ Quasi-Identifier: Credit_History
  ✅ Quasi-Identifier: Loan_Amount_Term
  ✅ Sensitive Attribute: LoanAmount
  ✅ Insensitive Attribute: Loan_Status
  ✅ Insensitive Attribute: ApplicantIncome
  ✅ Insensitive Attribute: CoapplicantIncome

🔹 Defined Hierarchies:
  ✅ Property_Area -> /mnt/NVMETank/Projects/Students/Dele/A-STUDY-INTO-THE-QUALITY-AND-USABILITY-OF-PRIVACY-FRIENDLY-SYNTHETIC-DATA/src/anonymization/anonymARXij/src/hierarchies_loan/property_area.csv
  ✅ Self_Employed -> /mnt/NVMETank/Projects/Students/Dele/A-STUDY-INTO-THE-QUALITY-AND-USABILITY-OF-PRIVACY-FRIENDLY-SYNTHETIC-DATA/src/anonymization/anonymARXij/src/hierarchies_loan/self_employed.csv
  ✅ Credit_History -> /mnt/NVMETank/Projects/Students/Dele/A-STUDY-INTO-THE-QUALITY-AND-USABILITY-OF-PRIVACY-FRIENDLY-SYNTHETIC-DATA/src/anonymization/anonymARXij/src/hierarchies_loan/credit_history.csv
  ✅ Dependents -> /mnt/NVMETank/Projects/Students/Dele/A-STUDY-INTO-THE-QUALITY-AND-USABILITY-OF-PRIVACY-FRIENDLY-SYNTHETIC-DATA/src/anonymization/anonymARXij/src/hierarchies_loan/dependents.csv
  ✅ Education -> /mnt/NVMETank/Projects/Students/Dele/A-STUDY-INTO-THE-QUALITY-AND-USABILITY-OF-PRIVACY-FRIENDLY-SYNTHETIC-DATA/src/anonymization/anonymARXij/src/hierarchies_loan/education.csv
  ✅ Loan_Amount_Term -> /mnt/NVMETank/Projects/Students/Dele/A-STUDY-INTO-THE-QUALITY-AND-USABILITY-OF-PRIVACY-FRIENDLY-SYNTHETIC-DATA/src/anonymization/anonymARXij/src/hierarchies_loan/loan_amount_terms.csv
  ✅ Married -> /mnt/NVMETank/Projects/Students/Dele/A-STUDY-INTO-THE-QUALITY-AND-USABILITY-OF-PRIVACY-FRIENDLY-SYNTHETIC-DATA/src/anonymization/anonymARXij/src/hierarchies_loan/married.csv
  ✅ Gender -> /mnt/NVMETank/Projects/Students/Dele/A-STUDY-INTO-THE-QUALITY-AND-USABILITY-OF-PRIVACY-FRIENDLY-SYNTHETIC-DATA/src/anonymization/anonymARXij/src/hierarchies_loan/gender.csv
Java is searching for hierarchy file at: /mnt/NVMETank/Projects/Students/Dele/A-STUDY-INTO-THE-QUALITY-AND-USABILITY-OF-PRIVACY-FRIENDLY-SYNTHETIC-DATA/src/anonymization/anonymARXij/src/hierarchies_loan/property_area.csv
Java is searching for hierarchy file at: /mnt/NVMETank/Projects/Students/Dele/A-STUDY-INTO-THE-QUALITY-AND-USABILITY-OF-PRIVACY-FRIENDLY-SYNTHETIC-DATA/src/anonymization/anonymARXij/src/hierarchies_loan/self_employed.csv
Java is searching for hierarchy file at: /mnt/NVMETank/Projects/Students/Dele/A-STUDY-INTO-THE-QUALITY-AND-USABILITY-OF-PRIVACY-FRIENDLY-SYNTHETIC-DATA/src/anonymization/anonymARXij/src/hierarchies_loan/credit_history.csv
Java is searching for hierarchy file at: /mnt/NVMETank/Projects/Students/Dele/A-STUDY-INTO-THE-QUALITY-AND-USABILITY-OF-PRIVACY-FRIENDLY-SYNTHETIC-DATA/src/anonymization/anonymARXij/src/hierarchies_loan/dependents.csv
Java is searching for hierarchy file at: /mnt/NVMETank/Projects/Students/Dele/A-STUDY-INTO-THE-QUALITY-AND-USABILITY-OF-PRIVACY-FRIENDLY-SYNTHETIC-DATA/src/anonymization/anonymARXij/src/hierarchies_loan/education.csv
Java is searching for hierarchy file at: /mnt/NVMETank/Projects/Students/Dele/A-STUDY-INTO-THE-QUALITY-AND-USABILITY-OF-PRIVACY-FRIENDLY-SYNTHETIC-DATA/src/anonymization/anonymARXij/src/hierarchies_loan/loan_amount_terms.csv
Java is searching for hierarchy file at: /mnt/NVMETank/Projects/Students/Dele/A-STUDY-INTO-THE-QUALITY-AND-USABILITY-OF-PRIVACY-FRIENDLY-SYNTHETIC-DATA/src/anonymization/anonymARXij/src/hierarchies_loan/married.csv
Java is searching for hierarchy file at: /mnt/NVMETank/Projects/Students/Dele/A-STUDY-INTO-THE-QUALITY-AND-USABILITY-OF-PRIVACY-FRIENDLY-SYNTHETIC-DATA/src/anonymization/anonymARXij/src/hierarchies_loan/gender.csv
✓ Applied Entropy L-Diversity on: LoanAmount (l=10)
🔹 Privacy Models Configured
📂 Anonymized Output Path (from args): /mnt/NVMETank/Projects/Students/Dele/A-STUDY-INTO-THE-QUALITY-AND-USABILITY-OF-PRIVACY-FRIENDLY-SYNTHETIC-DATA/datasets/anonymized/loan_k13_l10_sup05_anonymized.csv
📂 Anonymized Output Path: /mnt/NVMETank/Projects/Students/Dele/A-STUDY-INTO-THE-QUALITY-AND-USABILITY-OF-PRIVACY-FRIENDLY-SYNTHETIC-DATA/datasets/anonymized/loan_k13_l10_sup05_anonymized.csv
✅ Anonymization completed. Output saved to: /mnt/NVMETank/Projects/Students/Dele/A-STUDY-INTO-THE-QUALITY-AND-USABILITY-OF-PRIVACY-FRIENDLY-SYNTHETIC-DATA/datasets/anonymized/loan_k13_l10_sup05_anonymized.csv
Anonymized Data Quality Metrics:
 - Ambiguity: 0.9213189407994603
 - AECS: 0.8996136424193978
 - Discernibility: 0.8015739636416206
 - Granularity: 0.39422788042661894
 - MSE: 0.07517281105990781
 - Non-Uniform Entropy: 0.37217999159487636
 - Precision: 0.42057291666666663
 - Record-level SE: 0.1763408224248848
Equivalence Class Statistics:
 - Number of Classes: 9
 - Average Class Size: 35.888888888888886
Suppression Statistics:
 - Suppressed Records: 13
 - Suppression Percentage: 3.87%
2025-05-08 18:43:50,934 - INFO - Anonymized data saved to: /mnt/NVMETank/Projects/Students/Dele/A-STUDY-INTO-THE-QUALITY-AND-USABILITY-OF-PRIVACY-FRIENDLY-SYNTHETIC-DATA/datasets/anonymized/loan_k13_l10_sup05_anonymized.csv
2025-05-08 18:43:50,943 - INFO - Anonymous data report saved at: outputs/batch/loan_batch_2025-05-08_18-38-44/loan_anon_k13_sl0p05_l10/anonymous_data_report.txt
2025-05-08 18:43:50,943 - INFO -  [POSTPROCESSING] Postprocessing anonymized data: /mnt/NVMETank/Projects/Students/Dele/A-STUDY-INTO-THE-QUALITY-AND-USABILITY-OF-PRIVACY-FRIENDLY-SYNTHETIC-DATA/datasets/anonymized/loan_k13_l10_sup05_anonymized.csv
2025-05-08 18:43:50,945 - INFO -  [POSTPROCESSING] Loaded anonymized data: (336, 12)
2025-05-08 18:43:50,948 - INFO -  [POSTPROCESSING] Loaded fallback maps from training data. Categorical cols: 7, Numeric cols: 5
2025-05-08 18:43:50,948 - INFO -  [POSTPROCESSING] Normalizing anonymized data using ARX artifact cleaning and fallback values.
2025-05-08 18:43:50,963 - INFO -  [POSTPROCESSING] Normalized anonymized data saved to: /mnt/NVMETank/Projects/Students/Dele/A-STUDY-INTO-THE-QUALITY-AND-USABILITY-OF-PRIVACY-FRIENDLY-SYNTHETIC-DATA/datasets/anonymized/loan_k13_l10_sup05_anonymized_processed.csv
2025-05-08 18:43:50,970 - INFO -  [POSTPROCESSING] Binary Encoding applied to anonymized data. Encoded shape: (336, 19)
2025-05-08 18:43:50,971 - INFO -  [POSTPROCESSING] Encoded anonymized dataset saved to: /mnt/NVMETank/Projects/Students/Dele/A-STUDY-INTO-THE-QUALITY-AND-USABILITY-OF-PRIVACY-FRIENDLY-SYNTHETIC-DATA/datasets/anonymized/loan_k13_l10_sup05_anonymized_encoded.csv
2025-05-08 18:43:50,971 - INFO -  [POSTPROCESSING] Encoding map generated for anonymized data: 0 original categorical columns.
2025-05-08 18:43:50,972 - INFO - Postprocessing report saved at: outputs/batch/loan_batch_2025-05-08_18-38-44/loan_anon_k13_sl0p05_l10/postprocessing_report.txt
2025-05-08 18:43:50,972 - INFO - enable_synthetic_generation = False
2025-05-08 18:43:50,972 - INFO - Synthetic Data Generation Skipped (Disabled in Configuration).
2025-05-08 18:43:50,972 - INFO - Running Hybrid Pipeline...
2025-05-08 18:43:50,972 - INFO -  [HYBRID] Executing run_hybrid...
2025-05-08 18:43:50,972 - INFO -  [HYBRID] Looking for encoded anonymized data in /mnt/NVMETank/Projects/Students/Dele/A-STUDY-INTO-THE-QUALITY-AND-USABILITY-OF-PRIVACY-FRIENDLY-SYNTHETIC-DATA/datasets/anonymized/loan_k13_l10_sup05_anonymized_encoded.csv
2025-05-08 18:43:50,972 - INFO -  [HYBRID ] Loaded cached encoded anonymous data from /mnt/NVMETank/Projects/Students/Dele/A-STUDY-INTO-THE-QUALITY-AND-USABILITY-OF-PRIVACY-FRIENDLY-SYNTHETIC-DATA/datasets/anonymized/loan_k13_l10_sup05_anonymized_encoded.csv
2025-05-08 18:43:50,973 - INFO -  [HYBRID] Starting synthetic generation for hybrid pipeline...
2025-05-08 18:43:50,973 - INFO - Executing run_synthetic.....
2025-05-08 18:43:50,973 - INFO - [SYNTHETIC PIPELINE] executing run_synthetic for loan_k13_l10_sup05...
2025-05-08 18:43:50,973 - INFO - [SYNTHETIC] Processing dataset: loan_k13_l10_sup05
2025-05-08 18:43:50,973 - INFO - [SYNTHETIC] Original dataset size: 336 rows
2025-05-08 18:43:50,982 - INFO - Detected metadata:
2025-05-08 18:43:50,982 - INFO - {
    "METADATA_SPEC_VERSION": "SINGLE_TABLE_V1",
    "columns": {
        "Gender_0": {
            "sdtype": "categorical"
        },
        "Gender_1": {
            "sdtype": "categorical"
        },
        "Married_0": {
            "sdtype": "categorical"
        },
        "Married_1": {
            "sdtype": "categorical"
        },
        "Dependents_0": {
            "sdtype": "categorical"
        },
        "Dependents_1": {
            "sdtype": "categorical"
        },
        "Dependents_2": {
            "sdtype": "categorical"
        },
        "Education_0": {
            "sdtype": "categorical"
        },
        "Education_1": {
            "sdtype": "categorical"
        },
        "Self_Employed_0": {
            "sdtype": "categorical"
        },
        "Self_Employed_1": {
            "sdtype": "categorical"
        },
        "ApplicantIncome": {
            "sdtype": "numerical"
        },
        "CoapplicantIncome": {
            "sdtype": "numerical"
        },
        "LoanAmount": {
            "sdtype": "numerical"
        },
        "Loan_Amount_Term": {
            "sdtype": "categorical"
        },
        "Credit_History": {
            "sdtype": "categorical"
        },
        "Property_Area_0": {
            "sdtype": "categorical"
        },
        "Property_Area_1": {
            "sdtype": "categorical"
        },
        "Loan_Status": {
            "sdtype": "categorical"
        }
    }
}
2025-05-08 18:43:50,982 - INFO - [SYNTHETIC] Preparing synthesizer: CTGAN
2025-05-08 18:43:50,982 - INFO - [SYNTHETIC] Params from config: {'epochs': 300}
2025-05-08 18:43:50,982 - INFO -  [SYNTHETIC] No pre-trained synthesizer found
2025-05-08 18:43:50,983 - INFO - [SYNTHETIC] Training new CTGAN synthesizer from scratch...
2025-05-08 18:43:50,983 - WARNING - [FutureWarning] The 'SingleTableMetadata' is deprecated. Please use the new 'Metadata' class for synthesizers. (from /mnt/NVMETank/Projects/Students/Dele/A-STUDY-INTO-THE-QUALITY-AND-USABILITY-OF-PRIVACY-FRIENDLY-SYNTHETIC-DATA/.venv/lib/python3.12/site-packages/sdv/single_table/base.py:119)
2025-05-08 18:43:50,983 - WARNING - [UserWarning] We strongly recommend saving the metadata using 'save_to_json' for replicability in future SDV versions. (from /mnt/NVMETank/Projects/Students/Dele/A-STUDY-INTO-THE-QUALITY-AND-USABILITY-OF-PRIVACY-FRIENDLY-SYNTHETIC-DATA/.venv/lib/python3.12/site-packages/sdv/single_table/base.py:104)
2025-05-08 18:43:50,987 - INFO - {'EVENT': 'Instance', 'TIMESTAMP': datetime.datetime(2025, 5, 8, 18, 43, 50, 987138), 'SYNTHESIZER CLASS NAME': 'CTGANSynthesizer', 'SYNTHESIZER ID': 'CTGANSynthesizer_1.18.0_811e7f87d95c48acb49935e206abd8f2'}
2025-05-08 18:43:50,987 - INFO - [SYNTHETIC] CTGAN initialized with epochs: 300
2025-05-08 18:43:50,987 - INFO - [SYNTHETIC] Training parameters for CTGAN: {}
2025-05-08 18:43:50,987 - INFO - [SYNTHETIC] fitting CTGAN 
2025-05-08 18:43:50,987 - INFO - {'EVENT': 'Fit', 'TIMESTAMP': datetime.datetime(2025, 5, 8, 18, 43, 50, 987339), 'SYNTHESIZER CLASS NAME': 'CTGANSynthesizer', 'SYNTHESIZER ID': 'CTGANSynthesizer_1.18.0_811e7f87d95c48acb49935e206abd8f2', 'TOTAL NUMBER OF TABLES': 1, 'TOTAL NUMBER OF ROWS': 336, 'TOTAL NUMBER OF COLUMNS': 19}
2025-05-08 18:43:50,988 - INFO - Fitting table  metadata
2025-05-08 18:43:50,988 - INFO - Fitting formatters for table 
2025-05-08 18:43:50,990 - INFO - Fitting constraints for table 
2025-05-08 18:43:50,990 - INFO - Setting the configuration for the ``HyperTransformer`` for table 
2025-05-08 18:43:50,991 - INFO - Fitting HyperTransformer for table 
2025-05-08 18:43:51,004 - INFO - {'EVENT': 'Fit processed data', 'TIMESTAMP': datetime.datetime(2025, 5, 8, 18, 43, 51, 4259), 'SYNTHESIZER CLASS NAME': 'CTGANSynthesizer', 'SYNTHESIZER ID': 'CTGANSynthesizer_1.18.0_811e7f87d95c48acb49935e206abd8f2', 'TOTAL NUMBER OF TABLES': 1, 'TOTAL NUMBER OF ROWS': 336, 'TOTAL NUMBER OF COLUMNS': 19}
2025-05-08 18:43:51,034 - INFO - Guidance: There are no missing values in column ApplicantIncome. Extra column not created.
2025-05-08 18:43:51,134 - INFO - Guidance: There are no missing values in column CoapplicantIncome. Extra column not created.
2025-05-08 18:43:51,168 - INFO - Guidance: There are no missing values in column LoanAmount. Extra column not created.
2025-05-08 18:44:11,005 - INFO - [SYNTHETIC] Fitting complete for CTGAN. Duration: 20.02 seconds.
2025-05-08 18:44:11,005 - INFO - [SYNTHETIC] CONFIRMATION CTGAN actually trained with epochs = 300
2025-05-08 18:44:11,005 - INFO - {'EVENT': 'Save', 'TIMESTAMP': datetime.datetime(2025, 5, 8, 18, 44, 11, 5919), 'SYNTHESIZER CLASS NAME': 'CTGANSynthesizer', 'SYNTHESIZER ID': 'CTGANSynthesizer_1.18.0_811e7f87d95c48acb49935e206abd8f2'}
2025-05-08 18:44:11,034 - INFO - [SYNTHETIC] CTGAN trained and saved.
2025-05-08 18:44:11,034 - INFO - [SYNTHETIC] Preparing synthesizer: GaussianCopula
2025-05-08 18:44:11,034 - INFO - [SYNTHETIC] Params from config: {}
2025-05-08 18:44:11,034 - INFO -  [SYNTHETIC] No pre-trained synthesizer found
2025-05-08 18:44:11,034 - INFO - [SYNTHETIC] Training new GaussianCopula synthesizer from scratch...
2025-05-08 18:44:11,034 - WARNING - [FutureWarning] The 'SingleTableMetadata' is deprecated. Please use the new 'Metadata' class for synthesizers. (from /mnt/NVMETank/Projects/Students/Dele/A-STUDY-INTO-THE-QUALITY-AND-USABILITY-OF-PRIVACY-FRIENDLY-SYNTHETIC-DATA/.venv/lib/python3.12/site-packages/sdv/single_table/base.py:119)
2025-05-08 18:44:11,038 - INFO - {'EVENT': 'Instance', 'TIMESTAMP': datetime.datetime(2025, 5, 8, 18, 44, 11, 38659), 'SYNTHESIZER CLASS NAME': 'GaussianCopulaSynthesizer', 'SYNTHESIZER ID': 'GaussianCopulaSynthesizer_1.18.0_052bcf381ced4fc1866f395afda4b9e8'}
2025-05-08 18:44:11,038 - INFO - [SYNTHETIC] fitting GaussianCopula 
2025-05-08 18:44:11,038 - INFO - {'EVENT': 'Fit', 'TIMESTAMP': datetime.datetime(2025, 5, 8, 18, 44, 11, 38861), 'SYNTHESIZER CLASS NAME': 'GaussianCopulaSynthesizer', 'SYNTHESIZER ID': 'GaussianCopulaSynthesizer_1.18.0_052bcf381ced4fc1866f395afda4b9e8', 'TOTAL NUMBER OF TABLES': 1, 'TOTAL NUMBER OF ROWS': 336, 'TOTAL NUMBER OF COLUMNS': 19}
2025-05-08 18:44:11,040 - INFO - Fitting table  metadata
2025-05-08 18:44:11,041 - INFO - Fitting formatters for table 
2025-05-08 18:44:11,044 - INFO - Fitting constraints for table 
2025-05-08 18:44:11,044 - INFO - Setting the configuration for the ``HyperTransformer`` for table 
2025-05-08 18:44:11,056 - INFO - Fitting HyperTransformer for table 
2025-05-08 18:44:11,190 - INFO - {'EVENT': 'Fit processed data', 'TIMESTAMP': datetime.datetime(2025, 5, 8, 18, 44, 11, 190691), 'SYNTHESIZER CLASS NAME': 'GaussianCopulaSynthesizer', 'SYNTHESIZER ID': 'GaussianCopulaSynthesizer_1.18.0_052bcf381ced4fc1866f395afda4b9e8', 'TOTAL NUMBER OF TABLES': 1, 'TOTAL NUMBER OF ROWS': 336, 'TOTAL NUMBER OF COLUMNS': 19}
2025-05-08 18:44:11,191 - INFO - Fitting GaussianMultivariate(distribution="{'Gender_0': <class 'copulas.univariate.beta.BetaUnivariate'>, 'Gender_1': <class 'copulas.univariate.beta.BetaUnivariate'>, 'Married_0': <class 'copulas.univariate.beta.BetaUnivariate'>, 'Married_1': <class 'copulas.univariate.beta.BetaUnivariate'>, 'Dependents_0': <class 'copulas.univariate.beta.BetaUnivariate'>, 'Dependents_1': <class 'copulas.univariate.beta.BetaUnivariate'>, 'Dependents_2': <class 'copulas.univariate.beta.BetaUnivariate'>, 'Education_0': <class 'copulas.univariate.beta.BetaUnivariate'>, 'Education_1': <class 'copulas.univariate.beta.BetaUnivariate'>, 'Self_Employed_0': <class 'copulas.univariate.beta.BetaUnivariate'>, 'Self_Employed_1': <class 'copulas.univariate.beta.BetaUnivariate'>, 'ApplicantIncome': <class 'copulas.univariate.beta.BetaUnivariate'>, 'CoapplicantIncome': <class 'copulas.univariate.beta.BetaUnivariate'>, 'LoanAmount': <class 'copulas.univariate.beta.BetaUnivariate'>, 'Loan_Amount_Term': <class 'copulas.univariate.beta.BetaUnivariate'>, 'Credit_History': <class 'copulas.univariate.beta.BetaUnivariate'>, 'Property_Area_0': <class 'copulas.univariate.beta.BetaUnivariate'>, 'Property_Area_1': <class 'copulas.univariate.beta.BetaUnivariate'>, 'Loan_Status': <class 'copulas.univariate.beta.BetaUnivariate'>}")
2025-05-08 18:44:11,775 - INFO - [SYNTHETIC] Fitting complete for GaussianCopula. Duration: 0.74 seconds.
2025-05-08 18:44:11,775 - WARNING - [SYNTHETIC] WARNING Could not determine actual epochs used for GaussianCopula
2025-05-08 18:44:11,775 - INFO - {'EVENT': 'Save', 'TIMESTAMP': datetime.datetime(2025, 5, 8, 18, 44, 11, 775915), 'SYNTHESIZER CLASS NAME': 'GaussianCopulaSynthesizer', 'SYNTHESIZER ID': 'GaussianCopulaSynthesizer_1.18.0_052bcf381ced4fc1866f395afda4b9e8'}
2025-05-08 18:44:11,784 - INFO - [SYNTHETIC] GaussianCopula trained and saved.
2025-05-08 18:44:11,784 - INFO - [SYNTHETIC] Preparing synthesizer: TVAE
2025-05-08 18:44:11,784 - INFO - [SYNTHETIC] Params from config: {'epochs': 300}
2025-05-08 18:44:11,784 - INFO -  [SYNTHETIC] No pre-trained synthesizer found
2025-05-08 18:44:11,784 - INFO - [SYNTHETIC] Training new TVAE synthesizer from scratch...
2025-05-08 18:44:11,784 - WARNING - [FutureWarning] The 'SingleTableMetadata' is deprecated. Please use the new 'Metadata' class for synthesizers. (from /mnt/NVMETank/Projects/Students/Dele/A-STUDY-INTO-THE-QUALITY-AND-USABILITY-OF-PRIVACY-FRIENDLY-SYNTHETIC-DATA/.venv/lib/python3.12/site-packages/sdv/single_table/base.py:119)
2025-05-08 18:44:11,788 - INFO - {'EVENT': 'Instance', 'TIMESTAMP': datetime.datetime(2025, 5, 8, 18, 44, 11, 788435), 'SYNTHESIZER CLASS NAME': 'TVAESynthesizer', 'SYNTHESIZER ID': 'TVAESynthesizer_1.18.0_3b380604da6a462eacd73f921f2c77e3'}
2025-05-08 18:44:11,788 - INFO - [SYNTHETIC] TVAE initialized with epochs: 300
2025-05-08 18:44:11,788 - INFO - [SYNTHETIC] Training parameters for TVAE: {}
2025-05-08 18:44:11,788 - INFO - [SYNTHETIC] fitting TVAE 
2025-05-08 18:44:11,788 - INFO - {'EVENT': 'Fit', 'TIMESTAMP': datetime.datetime(2025, 5, 8, 18, 44, 11, 788801), 'SYNTHESIZER CLASS NAME': 'TVAESynthesizer', 'SYNTHESIZER ID': 'TVAESynthesizer_1.18.0_3b380604da6a462eacd73f921f2c77e3', 'TOTAL NUMBER OF TABLES': 1, 'TOTAL NUMBER OF ROWS': 336, 'TOTAL NUMBER OF COLUMNS': 19}
2025-05-08 18:44:11,790 - INFO - Fitting table  metadata
2025-05-08 18:44:11,791 - INFO - Fitting formatters for table 
2025-05-08 18:44:11,794 - INFO - Fitting constraints for table 
2025-05-08 18:44:11,794 - INFO - Setting the configuration for the ``HyperTransformer`` for table 
2025-05-08 18:44:11,795 - INFO - Fitting HyperTransformer for table 
2025-05-08 18:44:11,807 - INFO - {'EVENT': 'Fit processed data', 'TIMESTAMP': datetime.datetime(2025, 5, 8, 18, 44, 11, 807666), 'SYNTHESIZER CLASS NAME': 'TVAESynthesizer', 'SYNTHESIZER ID': 'TVAESynthesizer_1.18.0_3b380604da6a462eacd73f921f2c77e3', 'TOTAL NUMBER OF TABLES': 1, 'TOTAL NUMBER OF ROWS': 336, 'TOTAL NUMBER OF COLUMNS': 19}
2025-05-08 18:44:11,824 - INFO - Guidance: There are no missing values in column ApplicantIncome. Extra column not created.
2025-05-08 18:44:11,917 - INFO - Guidance: There are no missing values in column CoapplicantIncome. Extra column not created.
2025-05-08 18:44:11,962 - INFO - Guidance: There are no missing values in column LoanAmount. Extra column not created.
2025-05-08 18:44:14,687 - INFO - [SYNTHETIC] Fitting complete for TVAE. Duration: 2.90 seconds.
2025-05-08 18:44:14,687 - INFO - [SYNTHETIC] CONFIRMATION TVAE actually trained with epochs = 300
2025-05-08 18:44:14,688 - INFO - {'EVENT': 'Save', 'TIMESTAMP': datetime.datetime(2025, 5, 8, 18, 44, 14, 688034), 'SYNTHESIZER CLASS NAME': 'TVAESynthesizer', 'SYNTHESIZER ID': 'TVAESynthesizer_1.18.0_3b380604da6a462eacd73f921f2c77e3'}
2025-05-08 18:44:14,720 - INFO - [SYNTHETIC] TVAE trained and saved.
2025-05-08 18:44:14,720 - INFO - [SYNTHETIC] Using CTGAN to generate 336 rows...
2025-05-08 18:44:14,783 - INFO - {'EVENT': 'Sample', 'TIMESTAMP': datetime.datetime(2025, 5, 8, 18, 44, 14, 720841), 'SYNTHESIZER CLASS NAME': 'CTGANSynthesizer', 'SYNTHESIZER ID': 'CTGANSynthesizer_1.18.0_811e7f87d95c48acb49935e206abd8f2', 'TOTAL NUMBER OF TABLES': 1, 'TOTAL NUMBER OF ROWS': 336, 'TOTAL NUMBER OF COLUMNS': 19}
2025-05-08 18:44:14,783 - INFO - [SYNTHETIC] CTGAN completed: 336 rows generated.
2025-05-08 18:44:14,783 - INFO - [SYNTHETIC] Target class distribution for CTGAN: {'Y': 244, 'N': 92}
2025-05-08 18:44:14,784 - INFO - [SYNTHETIC] Using GaussianCopula to generate 336 rows...
2025-05-08 18:44:14,835 - INFO - {'EVENT': 'Sample', 'TIMESTAMP': datetime.datetime(2025, 5, 8, 18, 44, 14, 784139), 'SYNTHESIZER CLASS NAME': 'GaussianCopulaSynthesizer', 'SYNTHESIZER ID': 'GaussianCopulaSynthesizer_1.18.0_052bcf381ced4fc1866f395afda4b9e8', 'TOTAL NUMBER OF TABLES': 1, 'TOTAL NUMBER OF ROWS': 336, 'TOTAL NUMBER OF COLUMNS': 19}
2025-05-08 18:44:14,835 - INFO - [SYNTHETIC] GaussianCopula completed: 336 rows generated.
2025-05-08 18:44:14,835 - INFO - [SYNTHETIC] Target class distribution for GaussianCopula: {'Y': 230, 'N': 106}
2025-05-08 18:44:14,835 - INFO - [SYNTHETIC] Using TVAE to generate 336 rows...
2025-05-08 18:44:14,873 - INFO - {'EVENT': 'Sample', 'TIMESTAMP': datetime.datetime(2025, 5, 8, 18, 44, 14, 835647), 'SYNTHESIZER CLASS NAME': 'TVAESynthesizer', 'SYNTHESIZER ID': 'TVAESynthesizer_1.18.0_3b380604da6a462eacd73f921f2c77e3', 'TOTAL NUMBER OF TABLES': 1, 'TOTAL NUMBER OF ROWS': 336, 'TOTAL NUMBER OF COLUMNS': 19}
2025-05-08 18:44:14,873 - INFO - [SYNTHETIC] TVAE completed: 336 rows generated.
2025-05-08 18:44:14,873 - INFO - [SYNTHETIC] Target class distribution for TVAE: {'Y': 336}
2025-05-08 18:44:14,874 - INFO - [SYNTHETIC PIPELINE] Synthetic Data Generation Completed.
2025-05-08 18:44:14,874 - INFO - [SYNTHETIC PIPELINE] Synthesizers used: ['CTGAN', 'GaussianCopula', 'TVAE']
2025-05-08 18:44:14,874 - INFO - [SYNTHETIC PIPELINE] Evaluating synthetic dataset generated by CTGAN...
2025-05-08 18:44:14,874 - INFO - [SYNTHETIC EVAL] Real data columns     (19): ['Gender_0', 'Gender_1', 'Married_0', 'Married_1', 'Dependents_0', 'Dependents_1', 'Dependents_2', 'Education_0', 'Education_1', 'Self_Employed_0', 'Self_Employed_1', 'ApplicantIncome', 'CoapplicantIncome', 'LoanAmount', 'Loan_Amount_Term', 'Credit_History', 'Property_Area_0', 'Property_Area_1', 'Loan_Status']
2025-05-08 18:44:14,874 - INFO - [SYNTHETIC EVAL] Synthetic data columns (19): ['Gender_0', 'Gender_1', 'Married_0', 'Married_1', 'Dependents_0', 'Dependents_1', 'Dependents_2', 'Education_0', 'Education_1', 'Self_Employed_0', 'Self_Employed_1', 'ApplicantIncome', 'CoapplicantIncome', 'LoanAmount', 'Loan_Amount_Term', 'Credit_History', 'Property_Area_0', 'Property_Area_1', 'Loan_Status']
2025-05-08 18:44:14,874 - INFO - [SYNTHETIC EVAL] Metadata columns      (19): ['Gender_0', 'Gender_1', 'Married_0', 'Married_1', 'Dependents_0', 'Dependents_1', 'Dependents_2', 'Education_0', 'Education_1', 'Self_Employed_0', 'Self_Employed_1', 'ApplicantIncome', 'CoapplicantIncome', 'LoanAmount', 'Loan_Amount_Term', 'Credit_History', 'Property_Area_0', 'Property_Area_1', 'Loan_Status']
2025-05-08 18:44:14,874 - INFO - [SYNTHETIC EVAL] Shape — Real: (336, 19), Synthetic: (336, 19)
2025-05-08 18:44:14,875 - INFO - [SYNTHETIC EVAL] Metadata structure:
{
  "METADATA_SPEC_VERSION": "SINGLE_TABLE_V1",
  "columns": {
    "Gender_0": {
      "sdtype": "categorical"
    },
    "Gender_1": {
      "sdtype": "categorical"
    },
    "Married_0": {
      "sdtype": "categorical"
    },
    "Married_1": {
      "sdtype": "categorical"
    },
    "Dependents_0": {
      "sdtype": "categorical"
    },
    "Dependents_1": {
      "sdtype": "categorical"
    },
    "Dependents_2": {
      "sdtype": "categorical"
    },
    "Education_0": {
      "sdtype": "categorical"
    },
    "Education_1": {
      "sdtype": "categorical"
    },
    "Self_Employed_0": {
      "sdtype": "categorical"
    },
    "Self_Employed_1": {
      "sdtype": "categorical"
    },
    "ApplicantIncome": {
      "sdtype": "numerical"
    },
    "CoapplicantIncome": {
      "sdtype": "numerical"
    },
    "LoanAmount": {
      "sdtype": "numerical"
    },
    "Loan_Amount_Term": {
      "sdtype": "categorical"
    },
    "Credit_History": {
      "sdtype": "categorical"
    },
    "Property_Area_0": {
      "sdtype": "categorical"
    },
    "Property_Area_1": {
      "sdtype": "categorical"
    },
    "Loan_Status": {
      "sdtype": "categorical"
    }
  }
}
2025-05-08 18:44:15,209 - INFO - [SYNTHETIC PIPELINE] Evaluating synthetic dataset generated by GaussianCopula...
2025-05-08 18:44:15,209 - INFO - [SYNTHETIC EVAL] Real data columns     (19): ['Gender_0', 'Gender_1', 'Married_0', 'Married_1', 'Dependents_0', 'Dependents_1', 'Dependents_2', 'Education_0', 'Education_1', 'Self_Employed_0', 'Self_Employed_1', 'ApplicantIncome', 'CoapplicantIncome', 'LoanAmount', 'Loan_Amount_Term', 'Credit_History', 'Property_Area_0', 'Property_Area_1', 'Loan_Status']
2025-05-08 18:44:15,209 - INFO - [SYNTHETIC EVAL] Synthetic data columns (19): ['Gender_0', 'Gender_1', 'Married_0', 'Married_1', 'Dependents_0', 'Dependents_1', 'Dependents_2', 'Education_0', 'Education_1', 'Self_Employed_0', 'Self_Employed_1', 'ApplicantIncome', 'CoapplicantIncome', 'LoanAmount', 'Loan_Amount_Term', 'Credit_History', 'Property_Area_0', 'Property_Area_1', 'Loan_Status']
2025-05-08 18:44:15,209 - INFO - [SYNTHETIC EVAL] Metadata columns      (19): ['Gender_0', 'Gender_1', 'Married_0', 'Married_1', 'Dependents_0', 'Dependents_1', 'Dependents_2', 'Education_0', 'Education_1', 'Self_Employed_0', 'Self_Employed_1', 'ApplicantIncome', 'CoapplicantIncome', 'LoanAmount', 'Loan_Amount_Term', 'Credit_History', 'Property_Area_0', 'Property_Area_1', 'Loan_Status']
2025-05-08 18:44:15,209 - INFO - [SYNTHETIC EVAL] Shape — Real: (336, 19), Synthetic: (336, 19)
2025-05-08 18:44:15,209 - INFO - [SYNTHETIC EVAL] Metadata structure:
{
  "METADATA_SPEC_VERSION": "SINGLE_TABLE_V1",
  "columns": {
    "Gender_0": {
      "sdtype": "categorical"
    },
    "Gender_1": {
      "sdtype": "categorical"
    },
    "Married_0": {
      "sdtype": "categorical"
    },
    "Married_1": {
      "sdtype": "categorical"
    },
    "Dependents_0": {
      "sdtype": "categorical"
    },
    "Dependents_1": {
      "sdtype": "categorical"
    },
    "Dependents_2": {
      "sdtype": "categorical"
    },
    "Education_0": {
      "sdtype": "categorical"
    },
    "Education_1": {
      "sdtype": "categorical"
    },
    "Self_Employed_0": {
      "sdtype": "categorical"
    },
    "Self_Employed_1": {
      "sdtype": "categorical"
    },
    "ApplicantIncome": {
      "sdtype": "numerical"
    },
    "CoapplicantIncome": {
      "sdtype": "numerical"
    },
    "LoanAmount": {
      "sdtype": "numerical"
    },
    "Loan_Amount_Term": {
      "sdtype": "categorical"
    },
    "Credit_History": {
      "sdtype": "categorical"
    },
    "Property_Area_0": {
      "sdtype": "categorical"
    },
    "Property_Area_1": {
      "sdtype": "categorical"
    },
    "Loan_Status": {
      "sdtype": "categorical"
    }
  }
}
2025-05-08 18:44:15,633 - INFO - [SYNTHETIC PIPELINE] Evaluating synthetic dataset generated by TVAE...
2025-05-08 18:44:15,634 - INFO - [SYNTHETIC EVAL] Real data columns     (19): ['Gender_0', 'Gender_1', 'Married_0', 'Married_1', 'Dependents_0', 'Dependents_1', 'Dependents_2', 'Education_0', 'Education_1', 'Self_Employed_0', 'Self_Employed_1', 'ApplicantIncome', 'CoapplicantIncome', 'LoanAmount', 'Loan_Amount_Term', 'Credit_History', 'Property_Area_0', 'Property_Area_1', 'Loan_Status']
2025-05-08 18:44:15,634 - INFO - [SYNTHETIC EVAL] Synthetic data columns (19): ['Gender_0', 'Gender_1', 'Married_0', 'Married_1', 'Dependents_0', 'Dependents_1', 'Dependents_2', 'Education_0', 'Education_1', 'Self_Employed_0', 'Self_Employed_1', 'ApplicantIncome', 'CoapplicantIncome', 'LoanAmount', 'Loan_Amount_Term', 'Credit_History', 'Property_Area_0', 'Property_Area_1', 'Loan_Status']
2025-05-08 18:44:15,634 - INFO - [SYNTHETIC EVAL] Metadata columns      (19): ['Gender_0', 'Gender_1', 'Married_0', 'Married_1', 'Dependents_0', 'Dependents_1', 'Dependents_2', 'Education_0', 'Education_1', 'Self_Employed_0', 'Self_Employed_1', 'ApplicantIncome', 'CoapplicantIncome', 'LoanAmount', 'Loan_Amount_Term', 'Credit_History', 'Property_Area_0', 'Property_Area_1', 'Loan_Status']
2025-05-08 18:44:15,634 - INFO - [SYNTHETIC EVAL] Shape — Real: (336, 19), Synthetic: (336, 19)
2025-05-08 18:44:15,634 - INFO - [SYNTHETIC EVAL] Metadata structure:
{
  "METADATA_SPEC_VERSION": "SINGLE_TABLE_V1",
  "columns": {
    "Gender_0": {
      "sdtype": "categorical"
    },
    "Gender_1": {
      "sdtype": "categorical"
    },
    "Married_0": {
      "sdtype": "categorical"
    },
    "Married_1": {
      "sdtype": "categorical"
    },
    "Dependents_0": {
      "sdtype": "categorical"
    },
    "Dependents_1": {
      "sdtype": "categorical"
    },
    "Dependents_2": {
      "sdtype": "categorical"
    },
    "Education_0": {
      "sdtype": "categorical"
    },
    "Education_1": {
      "sdtype": "categorical"
    },
    "Self_Employed_0": {
      "sdtype": "categorical"
    },
    "Self_Employed_1": {
      "sdtype": "categorical"
    },
    "ApplicantIncome": {
      "sdtype": "numerical"
    },
    "CoapplicantIncome": {
      "sdtype": "numerical"
    },
    "LoanAmount": {
      "sdtype": "numerical"
    },
    "Loan_Amount_Term": {
      "sdtype": "categorical"
    },
    "Credit_History": {
      "sdtype": "categorical"
    },
    "Property_Area_0": {
      "sdtype": "categorical"
    },
    "Property_Area_1": {
      "sdtype": "categorical"
    },
    "Loan_Status": {
      "sdtype": "categorical"
    }
  }
}
2025-05-08 18:44:15,990 - INFO -  [SYNTHETIC PIPELINE]  Synthetic Data Evaluation Completed.
2025-05-08 18:44:15,997 - INFO -  [SYNTHETIC PIPELINE] Synthetic Data Report Generated Successfully.
2025-05-08 18:44:16,098 - INFO - [HYBRID] Generated hybrid dataset shape for CTGAN: (336, 19)
2025-05-08 18:44:16,098 - INFO - [HYBRID] Target distribution for CTGAN: {'Y': 244, 'N': 92}
2025-05-08 18:44:16,100 - INFO -  [HYBRID] Saved hybrid dataset to /mnt/NVMETank/Projects/Students/Dele/A-STUDY-INTO-THE-QUALITY-AND-USABILITY-OF-PRIVACY-FRIENDLY-SYNTHETIC-DATA/datasets/hybrid/loan_k13_l10_sup05_CTGAN_HYBRID.csv
2025-05-08 18:44:16,100 - INFO - [HYBRID] Generated hybrid dataset shape for GaussianCopula: (336, 19)
2025-05-08 18:44:16,100 - INFO - [HYBRID] Target distribution for GaussianCopula: {'Y': 230, 'N': 106}
2025-05-08 18:44:16,102 - INFO -  [HYBRID] Saved hybrid dataset to /mnt/NVMETank/Projects/Students/Dele/A-STUDY-INTO-THE-QUALITY-AND-USABILITY-OF-PRIVACY-FRIENDLY-SYNTHETIC-DATA/datasets/hybrid/loan_k13_l10_sup05_GaussianCopula_HYBRID.csv
2025-05-08 18:44:16,102 - INFO - [HYBRID] Generated hybrid dataset shape for TVAE: (336, 19)
2025-05-08 18:44:16,102 - INFO - [HYBRID] Target distribution for TVAE: {'Y': 336}
2025-05-08 18:44:16,104 - INFO -  [HYBRID] Saved hybrid dataset to /mnt/NVMETank/Projects/Students/Dele/A-STUDY-INTO-THE-QUALITY-AND-USABILITY-OF-PRIVACY-FRIENDLY-SYNTHETIC-DATA/datasets/hybrid/loan_k13_l10_sup05_TVAE_HYBRID.csv
2025-05-08 18:44:16,104 - INFO -  [HYBRID] Hybrid pipeline complete — 3 dataset(s) ready.
2025-05-08 18:44:16,104 - INFO - [HYBRID] Total rows across all hybrid datasets: 1008
2025-05-08 18:44:16,104 - INFO - Hybrid pipeline completed successfully.
2025-05-08 18:44:16,104 - INFO - Hybrid pipeline duration: 25.13 seconds
2025-05-08 18:44:16,104 - INFO - Starting Utility...
2025-05-08 18:44:16,104 - INFO - [UTILITY] Preparing datasets for machine learning...
2025-05-08 18:44:16,104 - INFO - [UTILITY] Original Data - Training Size: 336, Testing Size: 144
2025-05-08 18:44:16,105 - INFO - [UTILITY] Target class distribution (Original): {'Y': 232, 'N': 104}
2025-05-08 18:44:16,105 - INFO - [UTILITY] Processing anonymized dataset...
2025-05-08 18:44:16,105 - INFO - [UTILITY] Anonymized Data - Training Size: 336
2025-05-08 18:44:16,105 - INFO - [UTILITY] Target class distribution (Anonymous): {'Y': 232, 'N': 104}
2025-05-08 18:44:16,105 - INFO - [UTILITY] Processing hybrid dataset generated by CTGAN...
2025-05-08 18:44:16,106 - INFO - [UTILITY] Hybrid Data (CTGAN_HYBRID) - Training Size: 336
2025-05-08 18:44:16,106 - INFO - [UTILITY] Target class distribution (CTGAN_HYBRID): {'Y': 244, 'N': 92}
2025-05-08 18:44:16,106 - INFO - [UTILITY] Processing hybrid dataset generated by GaussianCopula...
2025-05-08 18:44:16,107 - INFO - [UTILITY] Hybrid Data (GaussianCopula_HYBRID) - Training Size: 336
2025-05-08 18:44:16,107 - INFO - [UTILITY] Target class distribution (GaussianCopula_HYBRID): {'Y': 230, 'N': 106}
2025-05-08 18:44:16,107 - WARNING -  Skipping hybrid dataset 'TVAE_HYBRID' - only one class in target.
2025-05-08 18:44:16,107 - INFO - [UTILITY] Training models on all datasets...
2025-05-08 18:44:16,107 - INFO - [UTILITY] Total datasets used for training: 4
2025-05-08 18:44:16,107 - INFO - [TRAINING] Training models from scratch...
2025-05-08 18:44:16,107 - INFO - [TRAINING] Starting training for dataset: Original — Rows: 336, Features: 18
2025-05-08 18:44:16,107 - INFO - [TRAINING] Training DecisionTree on Original...
2025-05-08 18:44:16,110 - INFO - [TRAINING] DecisionTree trained successfully on Original in 0.00 sec
2025-05-08 18:44:16,110 - INFO - [TRAINING] Training KNN on Original...
2025-05-08 18:44:16,111 - INFO - [TRAINING] KNN trained successfully on Original in 0.00 sec
2025-05-08 18:44:16,111 - INFO - [TRAINING] Training LogisticRegression on Original...
2025-05-08 18:44:16,115 - INFO - [TRAINING] LogisticRegression trained successfully on Original in 0.00 sec
2025-05-08 18:44:16,115 - INFO - [TRAINING] Training RandomForest on Original...
2025-05-08 18:44:16,236 - INFO - [TRAINING] RandomForest trained successfully on Original in 0.12 sec
2025-05-08 18:44:16,236 - INFO - [TRAINING] Training SVM on Original...
2025-05-08 18:44:16,242 - INFO - [TRAINING] SVM trained successfully on Original in 0.01 sec
2025-05-08 18:44:16,242 - INFO - [TRAINING] Finished training 5 model(s) for dataset: Original
2025-05-08 18:44:16,242 - INFO - [TRAINING] Starting training for dataset: Anonymous — Rows: 336, Features: 18
2025-05-08 18:44:16,243 - INFO - [TRAINING] Training DecisionTree on Anonymous...
2025-05-08 18:44:16,245 - INFO - [TRAINING] DecisionTree trained successfully on Anonymous in 0.00 sec
2025-05-08 18:44:16,245 - INFO - [TRAINING] Training KNN on Anonymous...
2025-05-08 18:44:16,247 - INFO - [TRAINING] KNN trained successfully on Anonymous in 0.00 sec
2025-05-08 18:44:16,247 - INFO - [TRAINING] Training LogisticRegression on Anonymous...
2025-05-08 18:44:16,254 - INFO - [TRAINING] LogisticRegression trained successfully on Anonymous in 0.01 sec
2025-05-08 18:44:16,254 - INFO - [TRAINING] Training RandomForest on Anonymous...
2025-05-08 18:44:16,358 - INFO - [TRAINING] RandomForest trained successfully on Anonymous in 0.10 sec
2025-05-08 18:44:16,359 - INFO - [TRAINING] Training SVM on Anonymous...
2025-05-08 18:44:16,362 - INFO - [TRAINING] SVM trained successfully on Anonymous in 0.00 sec
2025-05-08 18:44:16,363 - INFO - [TRAINING] Finished training 5 model(s) for dataset: Anonymous
2025-05-08 18:44:16,363 - INFO - [TRAINING] Starting training for dataset: CTGAN_HYBRID — Rows: 336, Features: 18
2025-05-08 18:44:16,363 - INFO - [TRAINING] Training DecisionTree on CTGAN_HYBRID...
2025-05-08 18:44:16,365 - INFO - [TRAINING] DecisionTree trained successfully on CTGAN_HYBRID in 0.00 sec
2025-05-08 18:44:16,365 - INFO - [TRAINING] Training KNN on CTGAN_HYBRID...
2025-05-08 18:44:16,366 - INFO - [TRAINING] KNN trained successfully on CTGAN_HYBRID in 0.00 sec
2025-05-08 18:44:16,366 - INFO - [TRAINING] Training LogisticRegression on CTGAN_HYBRID...
2025-05-08 18:44:16,368 - INFO - [TRAINING] LogisticRegression trained successfully on CTGAN_HYBRID in 0.00 sec
2025-05-08 18:44:16,368 - INFO - [TRAINING] Training RandomForest on CTGAN_HYBRID...
2025-05-08 18:44:16,453 - INFO - [TRAINING] RandomForest trained successfully on CTGAN_HYBRID in 0.08 sec
2025-05-08 18:44:16,453 - INFO - [TRAINING] Training SVM on CTGAN_HYBRID...
2025-05-08 18:44:16,457 - INFO - [TRAINING] SVM trained successfully on CTGAN_HYBRID in 0.00 sec
2025-05-08 18:44:16,457 - INFO - [TRAINING] Finished training 5 model(s) for dataset: CTGAN_HYBRID
2025-05-08 18:44:16,457 - INFO - [TRAINING] Starting training for dataset: GaussianCopula_HYBRID — Rows: 336, Features: 18
2025-05-08 18:44:16,457 - INFO - [TRAINING] Training DecisionTree on GaussianCopula_HYBRID...
2025-05-08 18:44:16,459 - INFO - [TRAINING] DecisionTree trained successfully on GaussianCopula_HYBRID in 0.00 sec
2025-05-08 18:44:16,459 - INFO - [TRAINING] Training KNN on GaussianCopula_HYBRID...
2025-05-08 18:44:16,460 - INFO - [TRAINING] KNN trained successfully on GaussianCopula_HYBRID in 0.00 sec
2025-05-08 18:44:16,460 - INFO - [TRAINING] Training LogisticRegression on GaussianCopula_HYBRID...
2025-05-08 18:44:16,463 - INFO - [TRAINING] LogisticRegression trained successfully on GaussianCopula_HYBRID in 0.00 sec
2025-05-08 18:44:16,463 - INFO - [TRAINING] Training RandomForest on GaussianCopula_HYBRID...
2025-05-08 18:44:16,554 - INFO - [TRAINING] RandomForest trained successfully on GaussianCopula_HYBRID in 0.09 sec
2025-05-08 18:44:16,555 - INFO - [TRAINING] Training SVM on GaussianCopula_HYBRID...
2025-05-08 18:44:16,558 - INFO - [TRAINING] SVM trained successfully on GaussianCopula_HYBRID in 0.00 sec
2025-05-08 18:44:16,559 - INFO - [TRAINING] Finished training 5 model(s) for dataset: GaussianCopula_HYBRID
2025-05-08 18:44:16,559 - INFO - [TRAINING] Total models trained across all datasets: 20
2025-05-08 18:44:16,559 - INFO - [UTILITY] Trained model names: ['Original', 'Anonymous', 'CTGAN_HYBRID', 'GaussianCopula_HYBRID']
2025-05-08 18:44:16,559 - INFO - [UTILITY] Model Training Completed.
2025-05-08 18:44:16,559 - INFO - Starting the Evaluating of models...
2025-05-08 18:44:16,559 - INFO - Preparing evaluation for model 'DecisionTree' across all datasets...
2025-05-08 18:44:16,559 - INFO - Evaluating DecisionTree on Original...
2025-05-08 18:44:16,560 - INFO - Predictions completed for DecisionTree on Original
2025-05-08 18:44:16,560 - INFO - Prediction distribution for DecisionTree on Original: {'Y': 92, 'N': 52}
2025-05-08 18:44:16,569 - INFO - Computed 8 metric(s) for DecisionTree on Original
2025-05-08 18:44:16,569 - INFO - Evaluating DecisionTree on Anonymous...
2025-05-08 18:44:16,570 - INFO - Predictions completed for DecisionTree on Anonymous
2025-05-08 18:44:16,570 - INFO - Prediction distribution for DecisionTree on Anonymous: {'Y': 78, 'N': 66}
2025-05-08 18:44:16,578 - INFO - Computed 8 metric(s) for DecisionTree on Anonymous
2025-05-08 18:44:16,579 - INFO - Evaluating DecisionTree on CTGAN_HYBRID...
2025-05-08 18:44:16,579 - INFO - Predictions completed for DecisionTree on CTGAN_HYBRID
2025-05-08 18:44:16,580 - INFO - Prediction distribution for DecisionTree on CTGAN_HYBRID: {'Y': 112, 'N': 32}
2025-05-08 18:44:16,588 - INFO - Computed 8 metric(s) for DecisionTree on CTGAN_HYBRID
2025-05-08 18:44:16,588 - INFO - Evaluating DecisionTree on GaussianCopula_HYBRID...
2025-05-08 18:44:16,589 - INFO - Predictions completed for DecisionTree on GaussianCopula_HYBRID
2025-05-08 18:44:16,590 - INFO - Prediction distribution for DecisionTree on GaussianCopula_HYBRID: {'Y': 93, 'N': 51}
2025-05-08 18:44:16,598 - INFO - Computed 8 metric(s) for DecisionTree on GaussianCopula_HYBRID
2025-05-08 18:44:16,598 - INFO - Preparing evaluation for model 'KNN' across all datasets...
2025-05-08 18:44:16,598 - INFO - Evaluating KNN on Original...
2025-05-08 18:44:16,604 - INFO - Predictions completed for KNN on Original
2025-05-08 18:44:16,604 - INFO - Prediction distribution for KNN on Original: {'Y': 115, 'N': 29}
2025-05-08 18:44:16,615 - INFO - Computed 8 metric(s) for KNN on Original
2025-05-08 18:44:16,615 - INFO - Evaluating KNN on Anonymous...
2025-05-08 18:44:16,621 - INFO - Predictions completed for KNN on Anonymous
2025-05-08 18:44:16,622 - INFO - Prediction distribution for KNN on Anonymous: {'Y': 114, 'N': 30}
2025-05-08 18:44:16,635 - INFO - Computed 8 metric(s) for KNN on Anonymous
2025-05-08 18:44:16,635 - INFO - Evaluating KNN on CTGAN_HYBRID...
2025-05-08 18:44:16,643 - INFO - Predictions completed for KNN on CTGAN_HYBRID
2025-05-08 18:44:16,643 - INFO - Prediction distribution for KNN on CTGAN_HYBRID: {'Y': 125, 'N': 19}
2025-05-08 18:44:16,657 - INFO - Computed 8 metric(s) for KNN on CTGAN_HYBRID
2025-05-08 18:44:16,657 - INFO - Evaluating KNN on GaussianCopula_HYBRID...
2025-05-08 18:44:16,663 - INFO - Predictions completed for KNN on GaussianCopula_HYBRID
2025-05-08 18:44:16,664 - INFO - Prediction distribution for KNN on GaussianCopula_HYBRID: {'Y': 126, 'N': 18}
2025-05-08 18:44:16,676 - INFO - Computed 8 metric(s) for KNN on GaussianCopula_HYBRID
2025-05-08 18:44:16,676 - INFO - Preparing evaluation for model 'LogisticRegression' across all datasets...
2025-05-08 18:44:16,676 - INFO - Evaluating LogisticRegression on Original...
2025-05-08 18:44:16,677 - INFO - Predictions completed for LogisticRegression on Original
2025-05-08 18:44:16,678 - INFO - Prediction distribution for LogisticRegression on Original: {'Y': 115, 'N': 29}
2025-05-08 18:44:16,686 - INFO - Computed 8 metric(s) for LogisticRegression on Original
2025-05-08 18:44:16,686 - INFO - Evaluating LogisticRegression on Anonymous...
2025-05-08 18:44:16,687 - INFO - Predictions completed for LogisticRegression on Anonymous
2025-05-08 18:44:16,688 - INFO - Prediction distribution for LogisticRegression on Anonymous: {'Y': 78, 'N': 66}
2025-05-08 18:44:16,696 - INFO - Computed 8 metric(s) for LogisticRegression on Anonymous
2025-05-08 18:44:16,696 - INFO - Evaluating LogisticRegression on CTGAN_HYBRID...
2025-05-08 18:44:16,697 - INFO - Predictions completed for LogisticRegression on CTGAN_HYBRID
2025-05-08 18:44:16,698 - INFO - Prediction distribution for LogisticRegression on CTGAN_HYBRID: {'Y': 141, 'N': 3}
2025-05-08 18:44:16,706 - INFO - Computed 8 metric(s) for LogisticRegression on CTGAN_HYBRID
2025-05-08 18:44:16,706 - INFO - Evaluating LogisticRegression on GaussianCopula_HYBRID...
2025-05-08 18:44:16,707 - INFO - Predictions completed for LogisticRegression on GaussianCopula_HYBRID
2025-05-08 18:44:16,708 - INFO - Prediction distribution for LogisticRegression on GaussianCopula_HYBRID: {'Y': 125, 'N': 19}
2025-05-08 18:44:16,716 - INFO - Computed 8 metric(s) for LogisticRegression on GaussianCopula_HYBRID
2025-05-08 18:44:16,716 - INFO - Preparing evaluation for model 'RandomForest' across all datasets...
2025-05-08 18:44:16,716 - INFO - Evaluating RandomForest on Original...
2025-05-08 18:44:16,722 - INFO - Predictions completed for RandomForest on Original
2025-05-08 18:44:16,722 - INFO - Prediction distribution for RandomForest on Original: {'Y': 107, 'N': 37}
2025-05-08 18:44:16,739 - INFO - Computed 8 metric(s) for RandomForest on Original
2025-05-08 18:44:16,739 - INFO - Evaluating RandomForest on Anonymous...
2025-05-08 18:44:16,745 - INFO - Predictions completed for RandomForest on Anonymous
2025-05-08 18:44:16,745 - INFO - Prediction distribution for RandomForest on Anonymous: {'Y': 106, 'N': 38}
2025-05-08 18:44:16,762 - INFO - Computed 8 metric(s) for RandomForest on Anonymous
2025-05-08 18:44:16,762 - INFO - Evaluating RandomForest on CTGAN_HYBRID...
2025-05-08 18:44:16,767 - INFO - Predictions completed for RandomForest on CTGAN_HYBRID
2025-05-08 18:44:16,768 - INFO - Prediction distribution for RandomForest on CTGAN_HYBRID: {'Y': 134, 'N': 10}
2025-05-08 18:44:16,785 - INFO - Computed 8 metric(s) for RandomForest on CTGAN_HYBRID
2025-05-08 18:44:16,785 - INFO - Evaluating RandomForest on GaussianCopula_HYBRID...
2025-05-08 18:44:16,791 - INFO - Predictions completed for RandomForest on GaussianCopula_HYBRID
2025-05-08 18:44:16,791 - INFO - Prediction distribution for RandomForest on GaussianCopula_HYBRID: {'Y': 124, 'N': 20}
2025-05-08 18:44:16,808 - INFO - Computed 8 metric(s) for RandomForest on GaussianCopula_HYBRID
2025-05-08 18:44:16,808 - INFO - Preparing evaluation for model 'SVM' across all datasets...
2025-05-08 18:44:16,808 - INFO - Evaluating SVM on Original...
2025-05-08 18:44:16,810 - INFO - Predictions completed for SVM on Original
2025-05-08 18:44:16,810 - INFO - Prediction distribution for SVM on Original: {'Y': 144}
2025-05-08 18:44:16,810 - WARNING -  [WARNING] :SVM on Original predicted only one class: {'Y'}
2025-05-08 18:44:16,812 - WARNING - [UndefinedMetricWarning] Precision is ill-defined and being set to 0.0 in labels with no predicted samples. Use `zero_division` parameter to control this behavior. (from /mnt/NVMETank/Projects/Students/Dele/A-STUDY-INTO-THE-QUALITY-AND-USABILITY-OF-PRIVACY-FRIENDLY-SYNTHETIC-DATA/.venv/lib/python3.12/site-packages/sklearn/metrics/_classification.py:1565)
2025-05-08 18:44:16,813 - WARNING - [UndefinedMetricWarning] Precision is ill-defined and being set to 0.0 in labels with no predicted samples. Use `zero_division` parameter to control this behavior. (from /mnt/NVMETank/Projects/Students/Dele/A-STUDY-INTO-THE-QUALITY-AND-USABILITY-OF-PRIVACY-FRIENDLY-SYNTHETIC-DATA/.venv/lib/python3.12/site-packages/sklearn/metrics/_classification.py:1565)
2025-05-08 18:44:16,815 - WARNING - [UndefinedMetricWarning] Precision is ill-defined and being set to 0.0 in labels with no predicted samples. Use `zero_division` parameter to control this behavior. (from /mnt/NVMETank/Projects/Students/Dele/A-STUDY-INTO-THE-QUALITY-AND-USABILITY-OF-PRIVACY-FRIENDLY-SYNTHETIC-DATA/.venv/lib/python3.12/site-packages/sklearn/metrics/_classification.py:1565)
2025-05-08 18:44:16,816 - INFO - Computed 8 metric(s) for SVM on Original
2025-05-08 18:44:16,816 - INFO - Evaluating SVM on Anonymous...
2025-05-08 18:44:16,818 - INFO - Predictions completed for SVM on Anonymous
2025-05-08 18:44:16,819 - INFO - Prediction distribution for SVM on Anonymous: {'Y': 144}
2025-05-08 18:44:16,819 - WARNING -  [WARNING] :SVM on Anonymous predicted only one class: {'Y'}
2025-05-08 18:44:16,820 - WARNING - [UndefinedMetricWarning] Precision is ill-defined and being set to 0.0 in labels with no predicted samples. Use `zero_division` parameter to control this behavior. (from /mnt/NVMETank/Projects/Students/Dele/A-STUDY-INTO-THE-QUALITY-AND-USABILITY-OF-PRIVACY-FRIENDLY-SYNTHETIC-DATA/.venv/lib/python3.12/site-packages/sklearn/metrics/_classification.py:1565)
2025-05-08 18:44:16,822 - WARNING - [UndefinedMetricWarning] Precision is ill-defined and being set to 0.0 in labels with no predicted samples. Use `zero_division` parameter to control this behavior. (from /mnt/NVMETank/Projects/Students/Dele/A-STUDY-INTO-THE-QUALITY-AND-USABILITY-OF-PRIVACY-FRIENDLY-SYNTHETIC-DATA/.venv/lib/python3.12/site-packages/sklearn/metrics/_classification.py:1565)
2025-05-08 18:44:16,823 - WARNING - [UndefinedMetricWarning] Precision is ill-defined and being set to 0.0 in labels with no predicted samples. Use `zero_division` parameter to control this behavior. (from /mnt/NVMETank/Projects/Students/Dele/A-STUDY-INTO-THE-QUALITY-AND-USABILITY-OF-PRIVACY-FRIENDLY-SYNTHETIC-DATA/.venv/lib/python3.12/site-packages/sklearn/metrics/_classification.py:1565)
2025-05-08 18:44:16,824 - INFO - Computed 8 metric(s) for SVM on Anonymous
2025-05-08 18:44:16,825 - INFO - Evaluating SVM on CTGAN_HYBRID...
2025-05-08 18:44:16,826 - INFO - Predictions completed for SVM on CTGAN_HYBRID
2025-05-08 18:44:16,827 - INFO - Prediction distribution for SVM on CTGAN_HYBRID: {'Y': 144}
2025-05-08 18:44:16,827 - WARNING -  [WARNING] :SVM on CTGAN_HYBRID predicted only one class: {'Y'}
2025-05-08 18:44:16,828 - WARNING - [UndefinedMetricWarning] Precision is ill-defined and being set to 0.0 in labels with no predicted samples. Use `zero_division` parameter to control this behavior. (from /mnt/NVMETank/Projects/Students/Dele/A-STUDY-INTO-THE-QUALITY-AND-USABILITY-OF-PRIVACY-FRIENDLY-SYNTHETIC-DATA/.venv/lib/python3.12/site-packages/sklearn/metrics/_classification.py:1565)
2025-05-08 18:44:16,830 - WARNING - [UndefinedMetricWarning] Precision is ill-defined and being set to 0.0 in labels with no predicted samples. Use `zero_division` parameter to control this behavior. (from /mnt/NVMETank/Projects/Students/Dele/A-STUDY-INTO-THE-QUALITY-AND-USABILITY-OF-PRIVACY-FRIENDLY-SYNTHETIC-DATA/.venv/lib/python3.12/site-packages/sklearn/metrics/_classification.py:1565)
2025-05-08 18:44:16,831 - WARNING - [UndefinedMetricWarning] Precision is ill-defined and being set to 0.0 in labels with no predicted samples. Use `zero_division` parameter to control this behavior. (from /mnt/NVMETank/Projects/Students/Dele/A-STUDY-INTO-THE-QUALITY-AND-USABILITY-OF-PRIVACY-FRIENDLY-SYNTHETIC-DATA/.venv/lib/python3.12/site-packages/sklearn/metrics/_classification.py:1565)
2025-05-08 18:44:16,832 - INFO - Computed 8 metric(s) for SVM on CTGAN_HYBRID
2025-05-08 18:44:16,833 - INFO - Evaluating SVM on GaussianCopula_HYBRID...
2025-05-08 18:44:16,835 - INFO - Predictions completed for SVM on GaussianCopula_HYBRID
2025-05-08 18:44:16,835 - INFO - Prediction distribution for SVM on GaussianCopula_HYBRID: {'Y': 144}
2025-05-08 18:44:16,835 - WARNING -  [WARNING] :SVM on GaussianCopula_HYBRID predicted only one class: {'Y'}
2025-05-08 18:44:16,836 - WARNING - [UndefinedMetricWarning] Precision is ill-defined and being set to 0.0 in labels with no predicted samples. Use `zero_division` parameter to control this behavior. (from /mnt/NVMETank/Projects/Students/Dele/A-STUDY-INTO-THE-QUALITY-AND-USABILITY-OF-PRIVACY-FRIENDLY-SYNTHETIC-DATA/.venv/lib/python3.12/site-packages/sklearn/metrics/_classification.py:1565)
2025-05-08 18:44:16,838 - WARNING - [UndefinedMetricWarning] Precision is ill-defined and being set to 0.0 in labels with no predicted samples. Use `zero_division` parameter to control this behavior. (from /mnt/NVMETank/Projects/Students/Dele/A-STUDY-INTO-THE-QUALITY-AND-USABILITY-OF-PRIVACY-FRIENDLY-SYNTHETIC-DATA/.venv/lib/python3.12/site-packages/sklearn/metrics/_classification.py:1565)
2025-05-08 18:44:16,839 - WARNING - [UndefinedMetricWarning] Precision is ill-defined and being set to 0.0 in labels with no predicted samples. Use `zero_division` parameter to control this behavior. (from /mnt/NVMETank/Projects/Students/Dele/A-STUDY-INTO-THE-QUALITY-AND-USABILITY-OF-PRIVACY-FRIENDLY-SYNTHETIC-DATA/.venv/lib/python3.12/site-packages/sklearn/metrics/_classification.py:1565)
2025-05-08 18:44:16,841 - INFO - Computed 8 metric(s) for SVM on GaussianCopula_HYBRID
2025-05-08 18:44:16,844 - INFO - Evaluation completed for all models.
2025-05-08 18:44:16,844 - INFO - Model evaluation completed in 0.29 seconds.
2025-05-08 18:44:16,846 - INFO - Evaluated models: ['DecisionTree', 'KNN', 'LogisticRegression', 'RandomForest', 'SVM']
2025-05-08 18:44:16,846 - INFO - Model Training and Evaluation completed.
2025-05-08 18:44:17,395 - INFO -  Visualizations saved.
2025-05-08 18:44:17,395 - INFO -  Benchmarking Completed. Results saved in output folder.
