2025-05-08 18:46:00,713 - INFO - Loaded config file: configs/generated_configs/loan/loan_anon_k3_sl0p1_l5.yaml
2025-05-08 18:46:00,713 - INFO -  Benchmarking started for dataset: loan
2025-05-08 18:46:00,713 - INFO - Using dataset path: /mnt/NVMETank/Projects/Students/Dele/A-STUDY-INTO-THE-QUALITY-AND-USABILITY-OF-PRIVACY-FRIENDLY-SYNTHETIC-DATA/datasets/original/loan.csv
2025-05-08 18:46:00,713 - INFO - Target column: Loan_Status, separator: ','
2025-05-08 18:46:00,713 - INFO - Configuration loaded: enable_anonymization = True, enable_synthesis = False, enable_hybrid = True, enable_utility = True, delete_after_evaluation = False
2025-05-08 18:46:00,713 - INFO - Running preprocessing...
2025-05-08 18:46:00,718 - INFO -  [PREPROCESSING] Preprocessed files found. Skipping preprocessing.
2025-05-08 18:46:00,726 - INFO - Preprocessing completed. Rows before: 614, after: 336
2025-05-08 18:46:00,726 - INFO - Preprocessed data saved to: outputs/batch/loan_batch_2025-05-08_18-38-44/loan_anon_k3_sl0p1_l5/preprocessing_report.txt
2025-05-08 18:46:00,726 - INFO - enable_anonymization = True
2025-05-08 18:46:00,726 - INFO - Starting Anonymization Pipeline with output path: /mnt/NVMETank/Projects/Students/Dele/A-STUDY-INTO-THE-QUALITY-AND-USABILITY-OF-PRIVACY-FRIENDLY-SYNTHETIC-DATA/datasets/anonymized/loan_k3_l5_sup10_anonymized.csv.......
2025-05-08 18:46:00,731 - INFO -  [ANONYMIZATION] Executing run_anonymization, config_path : configs/generated_configs/loan/loan_anon_k3_sl0p1_l5.yaml...........
2025-05-08 18:46:00,731 - INFO -  [ANONYMIZATION] Using JAR file at /mnt/NVMETank/Projects/Students/Dele/A-STUDY-INTO-THE-QUALITY-AND-USABILITY-OF-PRIVACY-FRIENDLY-SYNTHETIC-DATA/src/anonymization/anonymARXij/bin/anonymARXij.jar to anonymize the dataset.
2025-05-08 18:46:02,010 - INFO -  [ANONYMIZATION] Anonimized file saved to : /mnt/NVMETank/Projects/Students/Dele/A-STUDY-INTO-THE-QUALITY-AND-USABILITY-OF-PRIVACY-FRIENDLY-SYNTHETIC-DATA/datasets/anonymized/loan_k3_l5_sup10_anonymized.csv
2025-05-08 18:46:02,010 - INFO -  [ANONYMIZATION] Java anonymization completed successfully.
2025-05-08 18:46:02,010 - INFO -  [ANONYMIZATION] Java STDOUT:
📄 Java received config path: /mnt/NVMETank/Projects/Students/Dele/A-STUDY-INTO-THE-QUALITY-AND-USABILITY-OF-PRIVACY-FRIENDLY-SYNTHETIC-DATA/configs/generated_configs/loan/loan_anon_k3_sl0p1_l5.yaml
🔹 Loading config from: /mnt/NVMETank/Projects/Students/Dele/A-STUDY-INTO-THE-QUALITY-AND-USABILITY-OF-PRIVACY-FRIENDLY-SYNTHETIC-DATA/configs/generated_configs/loan/loan_anon_k3_sl0p1_l5.yaml
Loading config from: /mnt/NVMETank/Projects/Students/Dele/A-STUDY-INTO-THE-QUALITY-AND-USABILITY-OF-PRIVACY-FRIENDLY-SYNTHETIC-DATA/configs/generated_configs/loan/loan_anon_k3_sl0p1_l5.yaml
📂 Dataset Path (from args): /mnt/NVMETank/Projects/Students/Dele/A-STUDY-INTO-THE-QUALITY-AND-USABILITY-OF-PRIVACY-FRIENDLY-SYNTHETIC-DATA/datasets/train/loan_train_raw.csv
🔹 Dataset Separator: ,
🔹 Suppression Limit: 0.1

🔹 Configured Attributes:
  ✅ Quasi-Identifier: Gender
  ✅ Quasi-Identifier: Married
  ✅ Quasi-Identifier: Education
  ✅ Quasi-Identifier: Dependents
  ✅ Quasi-Identifier: Self_Employed
  ✅ Quasi-Identifier: Property_Area
  ✅ Quasi-Identifier: Credit_History
  ✅ Quasi-Identifier: Loan_Amount_Term
  ✅ Sensitive Attribute: LoanAmount
  ✅ Insensitive Attribute: Loan_Status
  ✅ Insensitive Attribute: ApplicantIncome
  ✅ Insensitive Attribute: CoapplicantIncome

🔹 Defined Hierarchies:
  ✅ Property_Area -> /mnt/NVMETank/Projects/Students/Dele/A-STUDY-INTO-THE-QUALITY-AND-USABILITY-OF-PRIVACY-FRIENDLY-SYNTHETIC-DATA/src/anonymization/anonymARXij/src/hierarchies_loan/property_area.csv
  ✅ Self_Employed -> /mnt/NVMETank/Projects/Students/Dele/A-STUDY-INTO-THE-QUALITY-AND-USABILITY-OF-PRIVACY-FRIENDLY-SYNTHETIC-DATA/src/anonymization/anonymARXij/src/hierarchies_loan/self_employed.csv
  ✅ Credit_History -> /mnt/NVMETank/Projects/Students/Dele/A-STUDY-INTO-THE-QUALITY-AND-USABILITY-OF-PRIVACY-FRIENDLY-SYNTHETIC-DATA/src/anonymization/anonymARXij/src/hierarchies_loan/credit_history.csv
  ✅ Dependents -> /mnt/NVMETank/Projects/Students/Dele/A-STUDY-INTO-THE-QUALITY-AND-USABILITY-OF-PRIVACY-FRIENDLY-SYNTHETIC-DATA/src/anonymization/anonymARXij/src/hierarchies_loan/dependents.csv
  ✅ Education -> /mnt/NVMETank/Projects/Students/Dele/A-STUDY-INTO-THE-QUALITY-AND-USABILITY-OF-PRIVACY-FRIENDLY-SYNTHETIC-DATA/src/anonymization/anonymARXij/src/hierarchies_loan/education.csv
  ✅ Loan_Amount_Term -> /mnt/NVMETank/Projects/Students/Dele/A-STUDY-INTO-THE-QUALITY-AND-USABILITY-OF-PRIVACY-FRIENDLY-SYNTHETIC-DATA/src/anonymization/anonymARXij/src/hierarchies_loan/loan_amount_terms.csv
  ✅ Married -> /mnt/NVMETank/Projects/Students/Dele/A-STUDY-INTO-THE-QUALITY-AND-USABILITY-OF-PRIVACY-FRIENDLY-SYNTHETIC-DATA/src/anonymization/anonymARXij/src/hierarchies_loan/married.csv
  ✅ Gender -> /mnt/NVMETank/Projects/Students/Dele/A-STUDY-INTO-THE-QUALITY-AND-USABILITY-OF-PRIVACY-FRIENDLY-SYNTHETIC-DATA/src/anonymization/anonymARXij/src/hierarchies_loan/gender.csv
Java is searching for hierarchy file at: /mnt/NVMETank/Projects/Students/Dele/A-STUDY-INTO-THE-QUALITY-AND-USABILITY-OF-PRIVACY-FRIENDLY-SYNTHETIC-DATA/src/anonymization/anonymARXij/src/hierarchies_loan/property_area.csv
Java is searching for hierarchy file at: /mnt/NVMETank/Projects/Students/Dele/A-STUDY-INTO-THE-QUALITY-AND-USABILITY-OF-PRIVACY-FRIENDLY-SYNTHETIC-DATA/src/anonymization/anonymARXij/src/hierarchies_loan/self_employed.csv
Java is searching for hierarchy file at: /mnt/NVMETank/Projects/Students/Dele/A-STUDY-INTO-THE-QUALITY-AND-USABILITY-OF-PRIVACY-FRIENDLY-SYNTHETIC-DATA/src/anonymization/anonymARXij/src/hierarchies_loan/credit_history.csv
Java is searching for hierarchy file at: /mnt/NVMETank/Projects/Students/Dele/A-STUDY-INTO-THE-QUALITY-AND-USABILITY-OF-PRIVACY-FRIENDLY-SYNTHETIC-DATA/src/anonymization/anonymARXij/src/hierarchies_loan/dependents.csv
Java is searching for hierarchy file at: /mnt/NVMETank/Projects/Students/Dele/A-STUDY-INTO-THE-QUALITY-AND-USABILITY-OF-PRIVACY-FRIENDLY-SYNTHETIC-DATA/src/anonymization/anonymARXij/src/hierarchies_loan/education.csv
Java is searching for hierarchy file at: /mnt/NVMETank/Projects/Students/Dele/A-STUDY-INTO-THE-QUALITY-AND-USABILITY-OF-PRIVACY-FRIENDLY-SYNTHETIC-DATA/src/anonymization/anonymARXij/src/hierarchies_loan/loan_amount_terms.csv
Java is searching for hierarchy file at: /mnt/NVMETank/Projects/Students/Dele/A-STUDY-INTO-THE-QUALITY-AND-USABILITY-OF-PRIVACY-FRIENDLY-SYNTHETIC-DATA/src/anonymization/anonymARXij/src/hierarchies_loan/married.csv
Java is searching for hierarchy file at: /mnt/NVMETank/Projects/Students/Dele/A-STUDY-INTO-THE-QUALITY-AND-USABILITY-OF-PRIVACY-FRIENDLY-SYNTHETIC-DATA/src/anonymization/anonymARXij/src/hierarchies_loan/gender.csv
✓ Applied Entropy L-Diversity on: LoanAmount (l=5)
🔹 Privacy Models Configured
📂 Anonymized Output Path (from args): /mnt/NVMETank/Projects/Students/Dele/A-STUDY-INTO-THE-QUALITY-AND-USABILITY-OF-PRIVACY-FRIENDLY-SYNTHETIC-DATA/datasets/anonymized/loan_k3_l5_sup10_anonymized.csv
📂 Anonymized Output Path: /mnt/NVMETank/Projects/Students/Dele/A-STUDY-INTO-THE-QUALITY-AND-USABILITY-OF-PRIVACY-FRIENDLY-SYNTHETIC-DATA/datasets/anonymized/loan_k3_l5_sup10_anonymized.csv
✅ Anonymization completed. Output saved to: /mnt/NVMETank/Projects/Students/Dele/A-STUDY-INTO-THE-QUALITY-AND-USABILITY-OF-PRIVACY-FRIENDLY-SYNTHETIC-DATA/datasets/anonymized/loan_k3_l5_sup10_anonymized.csv
Anonymized Data Quality Metrics:
 - Ambiguity: 0.9147832686793725
 - AECS: 0.9227163723566602
 - Discernibility: 0.6952184755502548
 - Granularity: 0.5685368784737868
 - MSE: 0.6984927035330262
 - Non-Uniform Entropy: 0.3480275596018527
 - Precision: 0.5574156746031749
 - Record-level SE: 0.5664320482941356
Equivalence Class Statistics:
 - Number of Classes: 11
 - Average Class Size: 28.181818181818183
Suppression Statistics:
 - Suppressed Records: 26
 - Suppression Percentage: 7.74%
2025-05-08 18:46:02,010 - INFO - Anonymized data saved to: /mnt/NVMETank/Projects/Students/Dele/A-STUDY-INTO-THE-QUALITY-AND-USABILITY-OF-PRIVACY-FRIENDLY-SYNTHETIC-DATA/datasets/anonymized/loan_k3_l5_sup10_anonymized.csv
2025-05-08 18:46:02,020 - INFO - Anonymous data report saved at: outputs/batch/loan_batch_2025-05-08_18-38-44/loan_anon_k3_sl0p1_l5/anonymous_data_report.txt
2025-05-08 18:46:02,020 - INFO -  [POSTPROCESSING] Postprocessing anonymized data: /mnt/NVMETank/Projects/Students/Dele/A-STUDY-INTO-THE-QUALITY-AND-USABILITY-OF-PRIVACY-FRIENDLY-SYNTHETIC-DATA/datasets/anonymized/loan_k3_l5_sup10_anonymized.csv
2025-05-08 18:46:02,022 - INFO -  [POSTPROCESSING] Loaded anonymized data: (336, 12)
2025-05-08 18:46:02,029 - INFO -  [POSTPROCESSING] Loaded fallback maps from training data. Categorical cols: 7, Numeric cols: 5
2025-05-08 18:46:02,029 - INFO -  [POSTPROCESSING] Normalizing anonymized data using ARX artifact cleaning and fallback values.
2025-05-08 18:46:02,042 - INFO -  [POSTPROCESSING] Normalized anonymized data saved to: /mnt/NVMETank/Projects/Students/Dele/A-STUDY-INTO-THE-QUALITY-AND-USABILITY-OF-PRIVACY-FRIENDLY-SYNTHETIC-DATA/datasets/anonymized/loan_k3_l5_sup10_anonymized_processed.csv
2025-05-08 18:46:02,049 - INFO -  [POSTPROCESSING] Binary Encoding applied to anonymized data. Encoded shape: (336, 19)
2025-05-08 18:46:02,051 - INFO -  [POSTPROCESSING] Encoded anonymized dataset saved to: /mnt/NVMETank/Projects/Students/Dele/A-STUDY-INTO-THE-QUALITY-AND-USABILITY-OF-PRIVACY-FRIENDLY-SYNTHETIC-DATA/datasets/anonymized/loan_k3_l5_sup10_anonymized_encoded.csv
2025-05-08 18:46:02,051 - INFO -  [POSTPROCESSING] Encoding map generated for anonymized data: 0 original categorical columns.
2025-05-08 18:46:02,051 - INFO - Postprocessing report saved at: outputs/batch/loan_batch_2025-05-08_18-38-44/loan_anon_k3_sl0p1_l5/postprocessing_report.txt
2025-05-08 18:46:02,051 - INFO - enable_synthetic_generation = False
2025-05-08 18:46:02,051 - INFO - Synthetic Data Generation Skipped (Disabled in Configuration).
2025-05-08 18:46:02,051 - INFO - Running Hybrid Pipeline...
2025-05-08 18:46:02,051 - INFO -  [HYBRID] Executing run_hybrid...
2025-05-08 18:46:02,051 - INFO -  [HYBRID] Looking for encoded anonymized data in /mnt/NVMETank/Projects/Students/Dele/A-STUDY-INTO-THE-QUALITY-AND-USABILITY-OF-PRIVACY-FRIENDLY-SYNTHETIC-DATA/datasets/anonymized/loan_k3_l5_sup10_anonymized_encoded.csv
2025-05-08 18:46:02,052 - INFO -  [HYBRID ] Loaded cached encoded anonymous data from /mnt/NVMETank/Projects/Students/Dele/A-STUDY-INTO-THE-QUALITY-AND-USABILITY-OF-PRIVACY-FRIENDLY-SYNTHETIC-DATA/datasets/anonymized/loan_k3_l5_sup10_anonymized_encoded.csv
2025-05-08 18:46:02,053 - INFO -  [HYBRID] Starting synthetic generation for hybrid pipeline...
2025-05-08 18:46:02,053 - INFO - Executing run_synthetic.....
2025-05-08 18:46:02,053 - INFO - [SYNTHETIC PIPELINE] executing run_synthetic for loan_k3_l5_sup10...
2025-05-08 18:46:02,053 - INFO - [SYNTHETIC] Processing dataset: loan_k3_l5_sup10
2025-05-08 18:46:02,053 - INFO - [SYNTHETIC] Original dataset size: 336 rows
2025-05-08 18:46:02,062 - INFO - Detected metadata:
2025-05-08 18:46:02,063 - INFO - {
    "METADATA_SPEC_VERSION": "SINGLE_TABLE_V1",
    "columns": {
        "Gender_0": {
            "sdtype": "categorical"
        },
        "Gender_1": {
            "sdtype": "categorical"
        },
        "Married_0": {
            "sdtype": "categorical"
        },
        "Married_1": {
            "sdtype": "categorical"
        },
        "Dependents_0": {
            "sdtype": "categorical"
        },
        "Dependents_1": {
            "sdtype": "categorical"
        },
        "Dependents_2": {
            "sdtype": "categorical"
        },
        "Education_0": {
            "sdtype": "categorical"
        },
        "Education_1": {
            "sdtype": "categorical"
        },
        "Self_Employed_0": {
            "sdtype": "categorical"
        },
        "Self_Employed_1": {
            "sdtype": "categorical"
        },
        "ApplicantIncome": {
            "sdtype": "numerical"
        },
        "CoapplicantIncome": {
            "sdtype": "numerical"
        },
        "LoanAmount": {
            "sdtype": "numerical"
        },
        "Loan_Amount_Term": {
            "sdtype": "categorical"
        },
        "Credit_History": {
            "sdtype": "categorical"
        },
        "Property_Area_0": {
            "sdtype": "categorical"
        },
        "Property_Area_1": {
            "sdtype": "categorical"
        },
        "Loan_Status": {
            "sdtype": "categorical"
        }
    }
}
2025-05-08 18:46:02,063 - INFO - [SYNTHETIC] Preparing synthesizer: CTGAN
2025-05-08 18:46:02,063 - INFO - [SYNTHETIC] Params from config: {'epochs': 300}
2025-05-08 18:46:02,063 - INFO -  [SYNTHETIC] No pre-trained synthesizer found
2025-05-08 18:46:02,063 - INFO - [SYNTHETIC] Training new CTGAN synthesizer from scratch...
2025-05-08 18:46:02,063 - WARNING - [FutureWarning] The 'SingleTableMetadata' is deprecated. Please use the new 'Metadata' class for synthesizers. (from /mnt/NVMETank/Projects/Students/Dele/A-STUDY-INTO-THE-QUALITY-AND-USABILITY-OF-PRIVACY-FRIENDLY-SYNTHETIC-DATA/.venv/lib/python3.12/site-packages/sdv/single_table/base.py:119)
2025-05-08 18:46:02,063 - WARNING - [UserWarning] We strongly recommend saving the metadata using 'save_to_json' for replicability in future SDV versions. (from /mnt/NVMETank/Projects/Students/Dele/A-STUDY-INTO-THE-QUALITY-AND-USABILITY-OF-PRIVACY-FRIENDLY-SYNTHETIC-DATA/.venv/lib/python3.12/site-packages/sdv/single_table/base.py:104)
2025-05-08 18:46:02,067 - INFO - {'EVENT': 'Instance', 'TIMESTAMP': datetime.datetime(2025, 5, 8, 18, 46, 2, 67570), 'SYNTHESIZER CLASS NAME': 'CTGANSynthesizer', 'SYNTHESIZER ID': 'CTGANSynthesizer_1.18.0_3762a103610e4ad39664b215a88c525c'}
2025-05-08 18:46:02,067 - INFO - [SYNTHETIC] CTGAN initialized with epochs: 300
2025-05-08 18:46:02,067 - INFO - [SYNTHETIC] Training parameters for CTGAN: {}
2025-05-08 18:46:02,067 - INFO - [SYNTHETIC] fitting CTGAN 
2025-05-08 18:46:02,067 - INFO - {'EVENT': 'Fit', 'TIMESTAMP': datetime.datetime(2025, 5, 8, 18, 46, 2, 67769), 'SYNTHESIZER CLASS NAME': 'CTGANSynthesizer', 'SYNTHESIZER ID': 'CTGANSynthesizer_1.18.0_3762a103610e4ad39664b215a88c525c', 'TOTAL NUMBER OF TABLES': 1, 'TOTAL NUMBER OF ROWS': 336, 'TOTAL NUMBER OF COLUMNS': 19}
2025-05-08 18:46:02,068 - INFO - Fitting table  metadata
2025-05-08 18:46:02,069 - INFO - Fitting formatters for table 
2025-05-08 18:46:02,071 - INFO - Fitting constraints for table 
2025-05-08 18:46:02,071 - INFO - Setting the configuration for the ``HyperTransformer`` for table 
2025-05-08 18:46:02,072 - INFO - Fitting HyperTransformer for table 
2025-05-08 18:46:02,085 - INFO - {'EVENT': 'Fit processed data', 'TIMESTAMP': datetime.datetime(2025, 5, 8, 18, 46, 2, 85640), 'SYNTHESIZER CLASS NAME': 'CTGANSynthesizer', 'SYNTHESIZER ID': 'CTGANSynthesizer_1.18.0_3762a103610e4ad39664b215a88c525c', 'TOTAL NUMBER OF TABLES': 1, 'TOTAL NUMBER OF ROWS': 336, 'TOTAL NUMBER OF COLUMNS': 19}
2025-05-08 18:46:02,116 - INFO - Guidance: There are no missing values in column ApplicantIncome. Extra column not created.
2025-05-08 18:46:02,232 - INFO - Guidance: There are no missing values in column CoapplicantIncome. Extra column not created.
2025-05-08 18:46:02,300 - INFO - Guidance: There are no missing values in column LoanAmount. Extra column not created.
2025-05-08 18:46:24,673 - INFO - [SYNTHETIC] Fitting complete for CTGAN. Duration: 22.61 seconds.
2025-05-08 18:46:24,674 - INFO - [SYNTHETIC] CONFIRMATION CTGAN actually trained with epochs = 300
2025-05-08 18:46:24,674 - INFO - {'EVENT': 'Save', 'TIMESTAMP': datetime.datetime(2025, 5, 8, 18, 46, 24, 674123), 'SYNTHESIZER CLASS NAME': 'CTGANSynthesizer', 'SYNTHESIZER ID': 'CTGANSynthesizer_1.18.0_3762a103610e4ad39664b215a88c525c'}
2025-05-08 18:46:24,724 - INFO - [SYNTHETIC] CTGAN trained and saved.
2025-05-08 18:46:24,725 - INFO - [SYNTHETIC] Preparing synthesizer: GaussianCopula
2025-05-08 18:46:24,725 - INFO - [SYNTHETIC] Params from config: {}
2025-05-08 18:46:24,725 - INFO -  [SYNTHETIC] No pre-trained synthesizer found
2025-05-08 18:46:24,725 - INFO - [SYNTHETIC] Training new GaussianCopula synthesizer from scratch...
2025-05-08 18:46:24,725 - WARNING - [FutureWarning] The 'SingleTableMetadata' is deprecated. Please use the new 'Metadata' class for synthesizers. (from /mnt/NVMETank/Projects/Students/Dele/A-STUDY-INTO-THE-QUALITY-AND-USABILITY-OF-PRIVACY-FRIENDLY-SYNTHETIC-DATA/.venv/lib/python3.12/site-packages/sdv/single_table/base.py:119)
2025-05-08 18:46:24,727 - INFO - {'EVENT': 'Instance', 'TIMESTAMP': datetime.datetime(2025, 5, 8, 18, 46, 24, 727524), 'SYNTHESIZER CLASS NAME': 'GaussianCopulaSynthesizer', 'SYNTHESIZER ID': 'GaussianCopulaSynthesizer_1.18.0_1745d2b6b2f7436a8562ba3696095e94'}
2025-05-08 18:46:24,727 - INFO - [SYNTHETIC] fitting GaussianCopula 
2025-05-08 18:46:24,727 - INFO - {'EVENT': 'Fit', 'TIMESTAMP': datetime.datetime(2025, 5, 8, 18, 46, 24, 727653), 'SYNTHESIZER CLASS NAME': 'GaussianCopulaSynthesizer', 'SYNTHESIZER ID': 'GaussianCopulaSynthesizer_1.18.0_1745d2b6b2f7436a8562ba3696095e94', 'TOTAL NUMBER OF TABLES': 1, 'TOTAL NUMBER OF ROWS': 336, 'TOTAL NUMBER OF COLUMNS': 19}
2025-05-08 18:46:24,728 - INFO - Fitting table  metadata
2025-05-08 18:46:24,729 - INFO - Fitting formatters for table 
2025-05-08 18:46:24,731 - INFO - Fitting constraints for table 
2025-05-08 18:46:24,731 - INFO - Setting the configuration for the ``HyperTransformer`` for table 
2025-05-08 18:46:24,741 - INFO - Fitting HyperTransformer for table 
2025-05-08 18:46:24,847 - INFO - {'EVENT': 'Fit processed data', 'TIMESTAMP': datetime.datetime(2025, 5, 8, 18, 46, 24, 847683), 'SYNTHESIZER CLASS NAME': 'GaussianCopulaSynthesizer', 'SYNTHESIZER ID': 'GaussianCopulaSynthesizer_1.18.0_1745d2b6b2f7436a8562ba3696095e94', 'TOTAL NUMBER OF TABLES': 1, 'TOTAL NUMBER OF ROWS': 336, 'TOTAL NUMBER OF COLUMNS': 19}
2025-05-08 18:46:24,847 - INFO - Fitting GaussianMultivariate(distribution="{'Gender_0': <class 'copulas.univariate.beta.BetaUnivariate'>, 'Gender_1': <class 'copulas.univariate.beta.BetaUnivariate'>, 'Married_0': <class 'copulas.univariate.beta.BetaUnivariate'>, 'Married_1': <class 'copulas.univariate.beta.BetaUnivariate'>, 'Dependents_0': <class 'copulas.univariate.beta.BetaUnivariate'>, 'Dependents_1': <class 'copulas.univariate.beta.BetaUnivariate'>, 'Dependents_2': <class 'copulas.univariate.beta.BetaUnivariate'>, 'Education_0': <class 'copulas.univariate.beta.BetaUnivariate'>, 'Education_1': <class 'copulas.univariate.beta.BetaUnivariate'>, 'Self_Employed_0': <class 'copulas.univariate.beta.BetaUnivariate'>, 'Self_Employed_1': <class 'copulas.univariate.beta.BetaUnivariate'>, 'ApplicantIncome': <class 'copulas.univariate.beta.BetaUnivariate'>, 'CoapplicantIncome': <class 'copulas.univariate.beta.BetaUnivariate'>, 'LoanAmount': <class 'copulas.univariate.beta.BetaUnivariate'>, 'Loan_Amount_Term': <class 'copulas.univariate.beta.BetaUnivariate'>, 'Credit_History': <class 'copulas.univariate.beta.BetaUnivariate'>, 'Property_Area_0': <class 'copulas.univariate.beta.BetaUnivariate'>, 'Property_Area_1': <class 'copulas.univariate.beta.BetaUnivariate'>, 'Loan_Status': <class 'copulas.univariate.beta.BetaUnivariate'>}")
2025-05-08 18:46:25,430 - INFO - [SYNTHETIC] Fitting complete for GaussianCopula. Duration: 0.70 seconds.
2025-05-08 18:46:25,431 - WARNING - [SYNTHETIC] WARNING Could not determine actual epochs used for GaussianCopula
2025-05-08 18:46:25,431 - INFO - {'EVENT': 'Save', 'TIMESTAMP': datetime.datetime(2025, 5, 8, 18, 46, 25, 431153), 'SYNTHESIZER CLASS NAME': 'GaussianCopulaSynthesizer', 'SYNTHESIZER ID': 'GaussianCopulaSynthesizer_1.18.0_1745d2b6b2f7436a8562ba3696095e94'}
2025-05-08 18:46:25,438 - INFO - [SYNTHETIC] GaussianCopula trained and saved.
2025-05-08 18:46:25,439 - INFO - [SYNTHETIC] Preparing synthesizer: TVAE
2025-05-08 18:46:25,439 - INFO - [SYNTHETIC] Params from config: {'epochs': 300}
2025-05-08 18:46:25,439 - INFO -  [SYNTHETIC] No pre-trained synthesizer found
2025-05-08 18:46:25,439 - INFO - [SYNTHETIC] Training new TVAE synthesizer from scratch...
2025-05-08 18:46:25,439 - WARNING - [FutureWarning] The 'SingleTableMetadata' is deprecated. Please use the new 'Metadata' class for synthesizers. (from /mnt/NVMETank/Projects/Students/Dele/A-STUDY-INTO-THE-QUALITY-AND-USABILITY-OF-PRIVACY-FRIENDLY-SYNTHETIC-DATA/.venv/lib/python3.12/site-packages/sdv/single_table/base.py:119)
2025-05-08 18:46:25,441 - INFO - {'EVENT': 'Instance', 'TIMESTAMP': datetime.datetime(2025, 5, 8, 18, 46, 25, 441377), 'SYNTHESIZER CLASS NAME': 'TVAESynthesizer', 'SYNTHESIZER ID': 'TVAESynthesizer_1.18.0_05785fb6ad8547bd8d37e5965c2d055e'}
2025-05-08 18:46:25,441 - INFO - [SYNTHETIC] TVAE initialized with epochs: 300
2025-05-08 18:46:25,441 - INFO - [SYNTHETIC] Training parameters for TVAE: {}
2025-05-08 18:46:25,441 - INFO - [SYNTHETIC] fitting TVAE 
2025-05-08 18:46:25,441 - INFO - {'EVENT': 'Fit', 'TIMESTAMP': datetime.datetime(2025, 5, 8, 18, 46, 25, 441576), 'SYNTHESIZER CLASS NAME': 'TVAESynthesizer', 'SYNTHESIZER ID': 'TVAESynthesizer_1.18.0_05785fb6ad8547bd8d37e5965c2d055e', 'TOTAL NUMBER OF TABLES': 1, 'TOTAL NUMBER OF ROWS': 336, 'TOTAL NUMBER OF COLUMNS': 19}
2025-05-08 18:46:25,442 - INFO - Fitting table  metadata
2025-05-08 18:46:25,443 - INFO - Fitting formatters for table 
2025-05-08 18:46:25,444 - INFO - Fitting constraints for table 
2025-05-08 18:46:25,444 - INFO - Setting the configuration for the ``HyperTransformer`` for table 
2025-05-08 18:46:25,445 - INFO - Fitting HyperTransformer for table 
2025-05-08 18:46:25,457 - INFO - {'EVENT': 'Fit processed data', 'TIMESTAMP': datetime.datetime(2025, 5, 8, 18, 46, 25, 457565), 'SYNTHESIZER CLASS NAME': 'TVAESynthesizer', 'SYNTHESIZER ID': 'TVAESynthesizer_1.18.0_05785fb6ad8547bd8d37e5965c2d055e', 'TOTAL NUMBER OF TABLES': 1, 'TOTAL NUMBER OF ROWS': 336, 'TOTAL NUMBER OF COLUMNS': 19}
2025-05-08 18:46:25,470 - INFO - Guidance: There are no missing values in column ApplicantIncome. Extra column not created.
2025-05-08 18:46:25,546 - INFO - Guidance: There are no missing values in column CoapplicantIncome. Extra column not created.
2025-05-08 18:46:25,580 - INFO - Guidance: There are no missing values in column LoanAmount. Extra column not created.
2025-05-08 18:46:28,417 - INFO - [SYNTHETIC] Fitting complete for TVAE. Duration: 2.98 seconds.
2025-05-08 18:46:28,417 - INFO - [SYNTHETIC] CONFIRMATION TVAE actually trained with epochs = 300
2025-05-08 18:46:28,417 - INFO - {'EVENT': 'Save', 'TIMESTAMP': datetime.datetime(2025, 5, 8, 18, 46, 28, 417420), 'SYNTHESIZER CLASS NAME': 'TVAESynthesizer', 'SYNTHESIZER ID': 'TVAESynthesizer_1.18.0_05785fb6ad8547bd8d37e5965c2d055e'}
2025-05-08 18:46:28,447 - INFO - [SYNTHETIC] TVAE trained and saved.
2025-05-08 18:46:28,447 - INFO - [SYNTHETIC] Using CTGAN to generate 336 rows...
2025-05-08 18:46:28,512 - INFO - {'EVENT': 'Sample', 'TIMESTAMP': datetime.datetime(2025, 5, 8, 18, 46, 28, 447755), 'SYNTHESIZER CLASS NAME': 'CTGANSynthesizer', 'SYNTHESIZER ID': 'CTGANSynthesizer_1.18.0_3762a103610e4ad39664b215a88c525c', 'TOTAL NUMBER OF TABLES': 1, 'TOTAL NUMBER OF ROWS': 336, 'TOTAL NUMBER OF COLUMNS': 19}
2025-05-08 18:46:28,512 - INFO - [SYNTHETIC] CTGAN completed: 336 rows generated.
2025-05-08 18:46:28,512 - INFO - [SYNTHETIC] Target class distribution for CTGAN: {'Y': 221, 'N': 115}
2025-05-08 18:46:28,512 - INFO - [SYNTHETIC] Using GaussianCopula to generate 336 rows...
2025-05-08 18:46:28,565 - INFO - {'EVENT': 'Sample', 'TIMESTAMP': datetime.datetime(2025, 5, 8, 18, 46, 28, 512739), 'SYNTHESIZER CLASS NAME': 'GaussianCopulaSynthesizer', 'SYNTHESIZER ID': 'GaussianCopulaSynthesizer_1.18.0_1745d2b6b2f7436a8562ba3696095e94', 'TOTAL NUMBER OF TABLES': 1, 'TOTAL NUMBER OF ROWS': 336, 'TOTAL NUMBER OF COLUMNS': 19}
2025-05-08 18:46:28,565 - INFO - [SYNTHETIC] GaussianCopula completed: 336 rows generated.
2025-05-08 18:46:28,565 - INFO - [SYNTHETIC] Target class distribution for GaussianCopula: {'Y': 223, 'N': 113}
2025-05-08 18:46:28,565 - INFO - [SYNTHETIC] Using TVAE to generate 336 rows...
2025-05-08 18:46:28,605 - INFO - {'EVENT': 'Sample', 'TIMESTAMP': datetime.datetime(2025, 5, 8, 18, 46, 28, 565790), 'SYNTHESIZER CLASS NAME': 'TVAESynthesizer', 'SYNTHESIZER ID': 'TVAESynthesizer_1.18.0_05785fb6ad8547bd8d37e5965c2d055e', 'TOTAL NUMBER OF TABLES': 1, 'TOTAL NUMBER OF ROWS': 336, 'TOTAL NUMBER OF COLUMNS': 19}
2025-05-08 18:46:28,605 - INFO - [SYNTHETIC] TVAE completed: 336 rows generated.
2025-05-08 18:46:28,605 - INFO - [SYNTHETIC] Target class distribution for TVAE: {'Y': 336}
2025-05-08 18:46:28,606 - INFO - [SYNTHETIC PIPELINE] Synthetic Data Generation Completed.
2025-05-08 18:46:28,606 - INFO - [SYNTHETIC PIPELINE] Synthesizers used: ['CTGAN', 'GaussianCopula', 'TVAE']
2025-05-08 18:46:28,606 - INFO - [SYNTHETIC PIPELINE] Evaluating synthetic dataset generated by CTGAN...
2025-05-08 18:46:28,606 - INFO - [SYNTHETIC EVAL] Real data columns     (19): ['Gender_0', 'Gender_1', 'Married_0', 'Married_1', 'Dependents_0', 'Dependents_1', 'Dependents_2', 'Education_0', 'Education_1', 'Self_Employed_0', 'Self_Employed_1', 'ApplicantIncome', 'CoapplicantIncome', 'LoanAmount', 'Loan_Amount_Term', 'Credit_History', 'Property_Area_0', 'Property_Area_1', 'Loan_Status']
2025-05-08 18:46:28,606 - INFO - [SYNTHETIC EVAL] Synthetic data columns (19): ['Gender_0', 'Gender_1', 'Married_0', 'Married_1', 'Dependents_0', 'Dependents_1', 'Dependents_2', 'Education_0', 'Education_1', 'Self_Employed_0', 'Self_Employed_1', 'ApplicantIncome', 'CoapplicantIncome', 'LoanAmount', 'Loan_Amount_Term', 'Credit_History', 'Property_Area_0', 'Property_Area_1', 'Loan_Status']
2025-05-08 18:46:28,606 - INFO - [SYNTHETIC EVAL] Metadata columns      (19): ['Gender_0', 'Gender_1', 'Married_0', 'Married_1', 'Dependents_0', 'Dependents_1', 'Dependents_2', 'Education_0', 'Education_1', 'Self_Employed_0', 'Self_Employed_1', 'ApplicantIncome', 'CoapplicantIncome', 'LoanAmount', 'Loan_Amount_Term', 'Credit_History', 'Property_Area_0', 'Property_Area_1', 'Loan_Status']
2025-05-08 18:46:28,606 - INFO - [SYNTHETIC EVAL] Shape — Real: (336, 19), Synthetic: (336, 19)
2025-05-08 18:46:28,606 - INFO - [SYNTHETIC EVAL] Metadata structure:
{
  "METADATA_SPEC_VERSION": "SINGLE_TABLE_V1",
  "columns": {
    "Gender_0": {
      "sdtype": "categorical"
    },
    "Gender_1": {
      "sdtype": "categorical"
    },
    "Married_0": {
      "sdtype": "categorical"
    },
    "Married_1": {
      "sdtype": "categorical"
    },
    "Dependents_0": {
      "sdtype": "categorical"
    },
    "Dependents_1": {
      "sdtype": "categorical"
    },
    "Dependents_2": {
      "sdtype": "categorical"
    },
    "Education_0": {
      "sdtype": "categorical"
    },
    "Education_1": {
      "sdtype": "categorical"
    },
    "Self_Employed_0": {
      "sdtype": "categorical"
    },
    "Self_Employed_1": {
      "sdtype": "categorical"
    },
    "ApplicantIncome": {
      "sdtype": "numerical"
    },
    "CoapplicantIncome": {
      "sdtype": "numerical"
    },
    "LoanAmount": {
      "sdtype": "numerical"
    },
    "Loan_Amount_Term": {
      "sdtype": "categorical"
    },
    "Credit_History": {
      "sdtype": "categorical"
    },
    "Property_Area_0": {
      "sdtype": "categorical"
    },
    "Property_Area_1": {
      "sdtype": "categorical"
    },
    "Loan_Status": {
      "sdtype": "categorical"
    }
  }
}
2025-05-08 18:46:28,965 - INFO - [SYNTHETIC PIPELINE] Evaluating synthetic dataset generated by GaussianCopula...
2025-05-08 18:46:28,965 - INFO - [SYNTHETIC EVAL] Real data columns     (19): ['Gender_0', 'Gender_1', 'Married_0', 'Married_1', 'Dependents_0', 'Dependents_1', 'Dependents_2', 'Education_0', 'Education_1', 'Self_Employed_0', 'Self_Employed_1', 'ApplicantIncome', 'CoapplicantIncome', 'LoanAmount', 'Loan_Amount_Term', 'Credit_History', 'Property_Area_0', 'Property_Area_1', 'Loan_Status']
2025-05-08 18:46:28,966 - INFO - [SYNTHETIC EVAL] Synthetic data columns (19): ['Gender_0', 'Gender_1', 'Married_0', 'Married_1', 'Dependents_0', 'Dependents_1', 'Dependents_2', 'Education_0', 'Education_1', 'Self_Employed_0', 'Self_Employed_1', 'ApplicantIncome', 'CoapplicantIncome', 'LoanAmount', 'Loan_Amount_Term', 'Credit_History', 'Property_Area_0', 'Property_Area_1', 'Loan_Status']
2025-05-08 18:46:28,966 - INFO - [SYNTHETIC EVAL] Metadata columns      (19): ['Gender_0', 'Gender_1', 'Married_0', 'Married_1', 'Dependents_0', 'Dependents_1', 'Dependents_2', 'Education_0', 'Education_1', 'Self_Employed_0', 'Self_Employed_1', 'ApplicantIncome', 'CoapplicantIncome', 'LoanAmount', 'Loan_Amount_Term', 'Credit_History', 'Property_Area_0', 'Property_Area_1', 'Loan_Status']
2025-05-08 18:46:28,966 - INFO - [SYNTHETIC EVAL] Shape — Real: (336, 19), Synthetic: (336, 19)
2025-05-08 18:46:28,966 - INFO - [SYNTHETIC EVAL] Metadata structure:
{
  "METADATA_SPEC_VERSION": "SINGLE_TABLE_V1",
  "columns": {
    "Gender_0": {
      "sdtype": "categorical"
    },
    "Gender_1": {
      "sdtype": "categorical"
    },
    "Married_0": {
      "sdtype": "categorical"
    },
    "Married_1": {
      "sdtype": "categorical"
    },
    "Dependents_0": {
      "sdtype": "categorical"
    },
    "Dependents_1": {
      "sdtype": "categorical"
    },
    "Dependents_2": {
      "sdtype": "categorical"
    },
    "Education_0": {
      "sdtype": "categorical"
    },
    "Education_1": {
      "sdtype": "categorical"
    },
    "Self_Employed_0": {
      "sdtype": "categorical"
    },
    "Self_Employed_1": {
      "sdtype": "categorical"
    },
    "ApplicantIncome": {
      "sdtype": "numerical"
    },
    "CoapplicantIncome": {
      "sdtype": "numerical"
    },
    "LoanAmount": {
      "sdtype": "numerical"
    },
    "Loan_Amount_Term": {
      "sdtype": "categorical"
    },
    "Credit_History": {
      "sdtype": "categorical"
    },
    "Property_Area_0": {
      "sdtype": "categorical"
    },
    "Property_Area_1": {
      "sdtype": "categorical"
    },
    "Loan_Status": {
      "sdtype": "categorical"
    }
  }
}
2025-05-08 18:46:29,330 - INFO - [SYNTHETIC PIPELINE] Evaluating synthetic dataset generated by TVAE...
2025-05-08 18:46:29,330 - INFO - [SYNTHETIC EVAL] Real data columns     (19): ['Gender_0', 'Gender_1', 'Married_0', 'Married_1', 'Dependents_0', 'Dependents_1', 'Dependents_2', 'Education_0', 'Education_1', 'Self_Employed_0', 'Self_Employed_1', 'ApplicantIncome', 'CoapplicantIncome', 'LoanAmount', 'Loan_Amount_Term', 'Credit_History', 'Property_Area_0', 'Property_Area_1', 'Loan_Status']
2025-05-08 18:46:29,330 - INFO - [SYNTHETIC EVAL] Synthetic data columns (19): ['Gender_0', 'Gender_1', 'Married_0', 'Married_1', 'Dependents_0', 'Dependents_1', 'Dependents_2', 'Education_0', 'Education_1', 'Self_Employed_0', 'Self_Employed_1', 'ApplicantIncome', 'CoapplicantIncome', 'LoanAmount', 'Loan_Amount_Term', 'Credit_History', 'Property_Area_0', 'Property_Area_1', 'Loan_Status']
2025-05-08 18:46:29,330 - INFO - [SYNTHETIC EVAL] Metadata columns      (19): ['Gender_0', 'Gender_1', 'Married_0', 'Married_1', 'Dependents_0', 'Dependents_1', 'Dependents_2', 'Education_0', 'Education_1', 'Self_Employed_0', 'Self_Employed_1', 'ApplicantIncome', 'CoapplicantIncome', 'LoanAmount', 'Loan_Amount_Term', 'Credit_History', 'Property_Area_0', 'Property_Area_1', 'Loan_Status']
2025-05-08 18:46:29,330 - INFO - [SYNTHETIC EVAL] Shape — Real: (336, 19), Synthetic: (336, 19)
2025-05-08 18:46:29,330 - INFO - [SYNTHETIC EVAL] Metadata structure:
{
  "METADATA_SPEC_VERSION": "SINGLE_TABLE_V1",
  "columns": {
    "Gender_0": {
      "sdtype": "categorical"
    },
    "Gender_1": {
      "sdtype": "categorical"
    },
    "Married_0": {
      "sdtype": "categorical"
    },
    "Married_1": {
      "sdtype": "categorical"
    },
    "Dependents_0": {
      "sdtype": "categorical"
    },
    "Dependents_1": {
      "sdtype": "categorical"
    },
    "Dependents_2": {
      "sdtype": "categorical"
    },
    "Education_0": {
      "sdtype": "categorical"
    },
    "Education_1": {
      "sdtype": "categorical"
    },
    "Self_Employed_0": {
      "sdtype": "categorical"
    },
    "Self_Employed_1": {
      "sdtype": "categorical"
    },
    "ApplicantIncome": {
      "sdtype": "numerical"
    },
    "CoapplicantIncome": {
      "sdtype": "numerical"
    },
    "LoanAmount": {
      "sdtype": "numerical"
    },
    "Loan_Amount_Term": {
      "sdtype": "categorical"
    },
    "Credit_History": {
      "sdtype": "categorical"
    },
    "Property_Area_0": {
      "sdtype": "categorical"
    },
    "Property_Area_1": {
      "sdtype": "categorical"
    },
    "Loan_Status": {
      "sdtype": "categorical"
    }
  }
}
2025-05-08 18:46:29,705 - INFO -  [SYNTHETIC PIPELINE]  Synthetic Data Evaluation Completed.
2025-05-08 18:46:29,711 - INFO -  [SYNTHETIC PIPELINE] Synthetic Data Report Generated Successfully.
2025-05-08 18:46:29,818 - INFO - [HYBRID] Generated hybrid dataset shape for CTGAN: (336, 19)
2025-05-08 18:46:29,818 - INFO - [HYBRID] Target distribution for CTGAN: {'Y': 221, 'N': 115}
2025-05-08 18:46:29,820 - INFO -  [HYBRID] Saved hybrid dataset to /mnt/NVMETank/Projects/Students/Dele/A-STUDY-INTO-THE-QUALITY-AND-USABILITY-OF-PRIVACY-FRIENDLY-SYNTHETIC-DATA/datasets/hybrid/loan_k3_l5_sup10_CTGAN_HYBRID.csv
2025-05-08 18:46:29,820 - INFO - [HYBRID] Generated hybrid dataset shape for GaussianCopula: (336, 19)
2025-05-08 18:46:29,821 - INFO - [HYBRID] Target distribution for GaussianCopula: {'Y': 223, 'N': 113}
2025-05-08 18:46:29,822 - INFO -  [HYBRID] Saved hybrid dataset to /mnt/NVMETank/Projects/Students/Dele/A-STUDY-INTO-THE-QUALITY-AND-USABILITY-OF-PRIVACY-FRIENDLY-SYNTHETIC-DATA/datasets/hybrid/loan_k3_l5_sup10_GaussianCopula_HYBRID.csv
2025-05-08 18:46:29,822 - INFO - [HYBRID] Generated hybrid dataset shape for TVAE: (336, 19)
2025-05-08 18:46:29,822 - INFO - [HYBRID] Target distribution for TVAE: {'Y': 336}
2025-05-08 18:46:29,824 - INFO -  [HYBRID] Saved hybrid dataset to /mnt/NVMETank/Projects/Students/Dele/A-STUDY-INTO-THE-QUALITY-AND-USABILITY-OF-PRIVACY-FRIENDLY-SYNTHETIC-DATA/datasets/hybrid/loan_k3_l5_sup10_TVAE_HYBRID.csv
2025-05-08 18:46:29,824 - INFO -  [HYBRID] Hybrid pipeline complete — 3 dataset(s) ready.
2025-05-08 18:46:29,824 - INFO - [HYBRID] Total rows across all hybrid datasets: 1008
2025-05-08 18:46:29,824 - INFO - Hybrid pipeline completed successfully.
2025-05-08 18:46:29,824 - INFO - Hybrid pipeline duration: 27.77 seconds
2025-05-08 18:46:29,824 - INFO - Starting Utility...
2025-05-08 18:46:29,824 - INFO - [UTILITY] Preparing datasets for machine learning...
2025-05-08 18:46:29,825 - INFO - [UTILITY] Original Data - Training Size: 336, Testing Size: 144
2025-05-08 18:46:29,825 - INFO - [UTILITY] Target class distribution (Original): {'Y': 232, 'N': 104}
2025-05-08 18:46:29,825 - INFO - [UTILITY] Processing anonymized dataset...
2025-05-08 18:46:29,825 - INFO - [UTILITY] Anonymized Data - Training Size: 336
2025-05-08 18:46:29,826 - INFO - [UTILITY] Target class distribution (Anonymous): {'Y': 232, 'N': 104}
2025-05-08 18:46:29,826 - INFO - [UTILITY] Processing hybrid dataset generated by CTGAN...
2025-05-08 18:46:29,826 - INFO - [UTILITY] Hybrid Data (CTGAN_HYBRID) - Training Size: 336
2025-05-08 18:46:29,826 - INFO - [UTILITY] Target class distribution (CTGAN_HYBRID): {'Y': 221, 'N': 115}
2025-05-08 18:46:29,826 - INFO - [UTILITY] Processing hybrid dataset generated by GaussianCopula...
2025-05-08 18:46:29,827 - INFO - [UTILITY] Hybrid Data (GaussianCopula_HYBRID) - Training Size: 336
2025-05-08 18:46:29,827 - INFO - [UTILITY] Target class distribution (GaussianCopula_HYBRID): {'Y': 223, 'N': 113}
2025-05-08 18:46:29,827 - WARNING -  Skipping hybrid dataset 'TVAE_HYBRID' - only one class in target.
2025-05-08 18:46:29,827 - INFO - [UTILITY] Training models on all datasets...
2025-05-08 18:46:29,827 - INFO - [UTILITY] Total datasets used for training: 4
2025-05-08 18:46:29,827 - INFO - [TRAINING] Training models from scratch...
2025-05-08 18:46:29,827 - INFO - [TRAINING] Starting training for dataset: Original — Rows: 336, Features: 18
2025-05-08 18:46:29,827 - INFO - [TRAINING] Training DecisionTree on Original...
2025-05-08 18:46:29,830 - INFO - [TRAINING] DecisionTree trained successfully on Original in 0.00 sec
2025-05-08 18:46:29,830 - INFO - [TRAINING] Training KNN on Original...
2025-05-08 18:46:29,831 - INFO - [TRAINING] KNN trained successfully on Original in 0.00 sec
2025-05-08 18:46:29,831 - INFO - [TRAINING] Training LogisticRegression on Original...
2025-05-08 18:46:29,834 - INFO - [TRAINING] LogisticRegression trained successfully on Original in 0.00 sec
2025-05-08 18:46:29,835 - INFO - [TRAINING] Training RandomForest on Original...
2025-05-08 18:46:29,945 - INFO - [TRAINING] RandomForest trained successfully on Original in 0.11 sec
2025-05-08 18:46:29,945 - INFO - [TRAINING] Training SVM on Original...
2025-05-08 18:46:29,949 - INFO - [TRAINING] SVM trained successfully on Original in 0.00 sec
2025-05-08 18:46:29,949 - INFO - [TRAINING] Finished training 5 model(s) for dataset: Original
2025-05-08 18:46:29,949 - INFO - [TRAINING] Starting training for dataset: Anonymous — Rows: 336, Features: 18
2025-05-08 18:46:29,949 - INFO - [TRAINING] Training DecisionTree on Anonymous...
2025-05-08 18:46:29,951 - INFO - [TRAINING] DecisionTree trained successfully on Anonymous in 0.00 sec
2025-05-08 18:46:29,951 - INFO - [TRAINING] Training KNN on Anonymous...
2025-05-08 18:46:29,952 - INFO - [TRAINING] KNN trained successfully on Anonymous in 0.00 sec
2025-05-08 18:46:29,952 - INFO - [TRAINING] Training LogisticRegression on Anonymous...
2025-05-08 18:46:29,956 - INFO - [TRAINING] LogisticRegression trained successfully on Anonymous in 0.00 sec
2025-05-08 18:46:29,956 - INFO - [TRAINING] Training RandomForest on Anonymous...
2025-05-08 18:46:30,063 - INFO - [TRAINING] RandomForest trained successfully on Anonymous in 0.11 sec
2025-05-08 18:46:30,063 - INFO - [TRAINING] Training SVM on Anonymous...
2025-05-08 18:46:30,067 - INFO - [TRAINING] SVM trained successfully on Anonymous in 0.00 sec
2025-05-08 18:46:30,067 - INFO - [TRAINING] Finished training 5 model(s) for dataset: Anonymous
2025-05-08 18:46:30,067 - INFO - [TRAINING] Starting training for dataset: CTGAN_HYBRID — Rows: 336, Features: 18
2025-05-08 18:46:30,067 - INFO - [TRAINING] Training DecisionTree on CTGAN_HYBRID...
2025-05-08 18:46:30,069 - INFO - [TRAINING] DecisionTree trained successfully on CTGAN_HYBRID in 0.00 sec
2025-05-08 18:46:30,069 - INFO - [TRAINING] Training KNN on CTGAN_HYBRID...
2025-05-08 18:46:30,070 - INFO - [TRAINING] KNN trained successfully on CTGAN_HYBRID in 0.00 sec
2025-05-08 18:46:30,070 - INFO - [TRAINING] Training LogisticRegression on CTGAN_HYBRID...
2025-05-08 18:46:30,073 - INFO - [TRAINING] LogisticRegression trained successfully on CTGAN_HYBRID in 0.00 sec
2025-05-08 18:46:30,073 - INFO - [TRAINING] Training RandomForest on CTGAN_HYBRID...
2025-05-08 18:46:30,163 - INFO - [TRAINING] RandomForest trained successfully on CTGAN_HYBRID in 0.09 sec
2025-05-08 18:46:30,163 - INFO - [TRAINING] Training SVM on CTGAN_HYBRID...
2025-05-08 18:46:30,167 - INFO - [TRAINING] SVM trained successfully on CTGAN_HYBRID in 0.00 sec
2025-05-08 18:46:30,167 - INFO - [TRAINING] Finished training 5 model(s) for dataset: CTGAN_HYBRID
2025-05-08 18:46:30,167 - INFO - [TRAINING] Starting training for dataset: GaussianCopula_HYBRID — Rows: 336, Features: 18
2025-05-08 18:46:30,167 - INFO - [TRAINING] Training DecisionTree on GaussianCopula_HYBRID...
2025-05-08 18:46:30,169 - INFO - [TRAINING] DecisionTree trained successfully on GaussianCopula_HYBRID in 0.00 sec
2025-05-08 18:46:30,170 - INFO - [TRAINING] Training KNN on GaussianCopula_HYBRID...
2025-05-08 18:46:30,171 - INFO - [TRAINING] KNN trained successfully on GaussianCopula_HYBRID in 0.00 sec
2025-05-08 18:46:30,171 - INFO - [TRAINING] Training LogisticRegression on GaussianCopula_HYBRID...
2025-05-08 18:46:30,174 - INFO - [TRAINING] LogisticRegression trained successfully on GaussianCopula_HYBRID in 0.00 sec
2025-05-08 18:46:30,174 - INFO - [TRAINING] Training RandomForest on GaussianCopula_HYBRID...
2025-05-08 18:46:30,285 - INFO - [TRAINING] RandomForest trained successfully on GaussianCopula_HYBRID in 0.11 sec
2025-05-08 18:46:30,285 - INFO - [TRAINING] Training SVM on GaussianCopula_HYBRID...
2025-05-08 18:46:30,289 - INFO - [TRAINING] SVM trained successfully on GaussianCopula_HYBRID in 0.00 sec
2025-05-08 18:46:30,290 - INFO - [TRAINING] Finished training 5 model(s) for dataset: GaussianCopula_HYBRID
2025-05-08 18:46:30,290 - INFO - [TRAINING] Total models trained across all datasets: 20
2025-05-08 18:46:30,290 - INFO - [UTILITY] Trained model names: ['Original', 'Anonymous', 'CTGAN_HYBRID', 'GaussianCopula_HYBRID']
2025-05-08 18:46:30,290 - INFO - [UTILITY] Model Training Completed.
2025-05-08 18:46:30,290 - INFO - Starting the Evaluating of models...
2025-05-08 18:46:30,290 - INFO - Preparing evaluation for model 'DecisionTree' across all datasets...
2025-05-08 18:46:30,290 - INFO - Evaluating DecisionTree on Original...
2025-05-08 18:46:30,291 - INFO - Predictions completed for DecisionTree on Original
2025-05-08 18:46:30,291 - INFO - Prediction distribution for DecisionTree on Original: {'Y': 92, 'N': 52}
2025-05-08 18:46:30,300 - INFO - Computed 8 metric(s) for DecisionTree on Original
2025-05-08 18:46:30,301 - INFO - Evaluating DecisionTree on Anonymous...
2025-05-08 18:46:30,302 - INFO - Predictions completed for DecisionTree on Anonymous
2025-05-08 18:46:30,302 - INFO - Prediction distribution for DecisionTree on Anonymous: {'N': 78, 'Y': 66}
2025-05-08 18:46:30,310 - INFO - Computed 8 metric(s) for DecisionTree on Anonymous
2025-05-08 18:46:30,310 - INFO - Evaluating DecisionTree on CTGAN_HYBRID...
2025-05-08 18:46:30,311 - INFO - Predictions completed for DecisionTree on CTGAN_HYBRID
2025-05-08 18:46:30,312 - INFO - Prediction distribution for DecisionTree on CTGAN_HYBRID: {'Y': 120, 'N': 24}
2025-05-08 18:46:30,320 - INFO - Computed 8 metric(s) for DecisionTree on CTGAN_HYBRID
2025-05-08 18:46:30,320 - INFO - Evaluating DecisionTree on GaussianCopula_HYBRID...
2025-05-08 18:46:30,321 - INFO - Predictions completed for DecisionTree on GaussianCopula_HYBRID
2025-05-08 18:46:30,321 - INFO - Prediction distribution for DecisionTree on GaussianCopula_HYBRID: {'Y': 100, 'N': 44}
2025-05-08 18:46:30,330 - INFO - Computed 8 metric(s) for DecisionTree on GaussianCopula_HYBRID
2025-05-08 18:46:30,330 - INFO - Preparing evaluation for model 'KNN' across all datasets...
2025-05-08 18:46:30,330 - INFO - Evaluating KNN on Original...
2025-05-08 18:46:30,336 - INFO - Predictions completed for KNN on Original
2025-05-08 18:46:30,336 - INFO - Prediction distribution for KNN on Original: {'Y': 115, 'N': 29}
2025-05-08 18:46:30,347 - INFO - Computed 8 metric(s) for KNN on Original
2025-05-08 18:46:30,348 - INFO - Evaluating KNN on Anonymous...
2025-05-08 18:46:30,353 - INFO - Predictions completed for KNN on Anonymous
2025-05-08 18:46:30,353 - INFO - Prediction distribution for KNN on Anonymous: {'Y': 113, 'N': 31}
2025-05-08 18:46:30,365 - INFO - Computed 8 metric(s) for KNN on Anonymous
2025-05-08 18:46:30,365 - INFO - Evaluating KNN on CTGAN_HYBRID...
2025-05-08 18:46:30,370 - INFO - Predictions completed for KNN on CTGAN_HYBRID
2025-05-08 18:46:30,370 - INFO - Prediction distribution for KNN on CTGAN_HYBRID: {'Y': 116, 'N': 28}
2025-05-08 18:46:30,381 - INFO - Computed 8 metric(s) for KNN on CTGAN_HYBRID
2025-05-08 18:46:30,381 - INFO - Evaluating KNN on GaussianCopula_HYBRID...
2025-05-08 18:46:30,387 - INFO - Predictions completed for KNN on GaussianCopula_HYBRID
2025-05-08 18:46:30,387 - INFO - Prediction distribution for KNN on GaussianCopula_HYBRID: {'Y': 126, 'N': 18}
2025-05-08 18:46:30,398 - INFO - Computed 8 metric(s) for KNN on GaussianCopula_HYBRID
2025-05-08 18:46:30,398 - INFO - Preparing evaluation for model 'LogisticRegression' across all datasets...
2025-05-08 18:46:30,398 - INFO - Evaluating LogisticRegression on Original...
2025-05-08 18:46:30,399 - INFO - Predictions completed for LogisticRegression on Original
2025-05-08 18:46:30,399 - INFO - Prediction distribution for LogisticRegression on Original: {'Y': 115, 'N': 29}
2025-05-08 18:46:30,408 - INFO - Computed 8 metric(s) for LogisticRegression on Original
2025-05-08 18:46:30,408 - INFO - Evaluating LogisticRegression on Anonymous...
2025-05-08 18:46:30,409 - INFO - Predictions completed for LogisticRegression on Anonymous
2025-05-08 18:46:30,410 - INFO - Prediction distribution for LogisticRegression on Anonymous: {'N': 100, 'Y': 44}
2025-05-08 18:46:30,418 - INFO - Computed 8 metric(s) for LogisticRegression on Anonymous
2025-05-08 18:46:30,418 - INFO - Evaluating LogisticRegression on CTGAN_HYBRID...
2025-05-08 18:46:30,420 - INFO - Predictions completed for LogisticRegression on CTGAN_HYBRID
2025-05-08 18:46:30,420 - INFO - Prediction distribution for LogisticRegression on CTGAN_HYBRID: {'Y': 142, 'N': 2}
2025-05-08 18:46:30,429 - INFO - Computed 8 metric(s) for LogisticRegression on CTGAN_HYBRID
2025-05-08 18:46:30,429 - INFO - Evaluating LogisticRegression on GaussianCopula_HYBRID...
2025-05-08 18:46:30,430 - INFO - Predictions completed for LogisticRegression on GaussianCopula_HYBRID
2025-05-08 18:46:30,430 - INFO - Prediction distribution for LogisticRegression on GaussianCopula_HYBRID: {'Y': 131, 'N': 13}
2025-05-08 18:46:30,439 - INFO - Computed 8 metric(s) for LogisticRegression on GaussianCopula_HYBRID
2025-05-08 18:46:30,439 - INFO - Preparing evaluation for model 'RandomForest' across all datasets...
2025-05-08 18:46:30,439 - INFO - Evaluating RandomForest on Original...
2025-05-08 18:46:30,444 - INFO - Predictions completed for RandomForest on Original
2025-05-08 18:46:30,445 - INFO - Prediction distribution for RandomForest on Original: {'Y': 108, 'N': 36}
2025-05-08 18:46:30,462 - INFO - Computed 8 metric(s) for RandomForest on Original
2025-05-08 18:46:30,462 - INFO - Evaluating RandomForest on Anonymous...
2025-05-08 18:46:30,468 - INFO - Predictions completed for RandomForest on Anonymous
2025-05-08 18:46:30,468 - INFO - Prediction distribution for RandomForest on Anonymous: {'N': 83, 'Y': 61}
2025-05-08 18:46:30,486 - INFO - Computed 8 metric(s) for RandomForest on Anonymous
2025-05-08 18:46:30,486 - INFO - Evaluating RandomForest on CTGAN_HYBRID...
2025-05-08 18:46:30,491 - INFO - Predictions completed for RandomForest on CTGAN_HYBRID
2025-05-08 18:46:30,492 - INFO - Prediction distribution for RandomForest on CTGAN_HYBRID: {'Y': 137, 'N': 7}
2025-05-08 18:46:30,510 - INFO - Computed 8 metric(s) for RandomForest on CTGAN_HYBRID
2025-05-08 18:46:30,510 - INFO - Evaluating RandomForest on GaussianCopula_HYBRID...
2025-05-08 18:46:30,516 - INFO - Predictions completed for RandomForest on GaussianCopula_HYBRID
2025-05-08 18:46:30,516 - INFO - Prediction distribution for RandomForest on GaussianCopula_HYBRID: {'Y': 119, 'N': 25}
2025-05-08 18:46:30,533 - INFO - Computed 8 metric(s) for RandomForest on GaussianCopula_HYBRID
2025-05-08 18:46:30,533 - INFO - Preparing evaluation for model 'SVM' across all datasets...
2025-05-08 18:46:30,534 - INFO - Evaluating SVM on Original...
2025-05-08 18:46:30,536 - INFO - Predictions completed for SVM on Original
2025-05-08 18:46:30,536 - INFO - Prediction distribution for SVM on Original: {'Y': 144}
2025-05-08 18:46:30,536 - WARNING -  [WARNING] :SVM on Original predicted only one class: {'Y'}
2025-05-08 18:46:30,538 - WARNING - [UndefinedMetricWarning] Precision is ill-defined and being set to 0.0 in labels with no predicted samples. Use `zero_division` parameter to control this behavior. (from /mnt/NVMETank/Projects/Students/Dele/A-STUDY-INTO-THE-QUALITY-AND-USABILITY-OF-PRIVACY-FRIENDLY-SYNTHETIC-DATA/.venv/lib/python3.12/site-packages/sklearn/metrics/_classification.py:1565)
2025-05-08 18:46:30,539 - WARNING - [UndefinedMetricWarning] Precision is ill-defined and being set to 0.0 in labels with no predicted samples. Use `zero_division` parameter to control this behavior. (from /mnt/NVMETank/Projects/Students/Dele/A-STUDY-INTO-THE-QUALITY-AND-USABILITY-OF-PRIVACY-FRIENDLY-SYNTHETIC-DATA/.venv/lib/python3.12/site-packages/sklearn/metrics/_classification.py:1565)
2025-05-08 18:46:30,540 - WARNING - [UndefinedMetricWarning] Precision is ill-defined and being set to 0.0 in labels with no predicted samples. Use `zero_division` parameter to control this behavior. (from /mnt/NVMETank/Projects/Students/Dele/A-STUDY-INTO-THE-QUALITY-AND-USABILITY-OF-PRIVACY-FRIENDLY-SYNTHETIC-DATA/.venv/lib/python3.12/site-packages/sklearn/metrics/_classification.py:1565)
2025-05-08 18:46:30,542 - INFO - Computed 8 metric(s) for SVM on Original
2025-05-08 18:46:30,542 - INFO - Evaluating SVM on Anonymous...
2025-05-08 18:46:30,544 - INFO - Predictions completed for SVM on Anonymous
2025-05-08 18:46:30,544 - INFO - Prediction distribution for SVM on Anonymous: {'Y': 144}
2025-05-08 18:46:30,545 - WARNING -  [WARNING] :SVM on Anonymous predicted only one class: {'Y'}
2025-05-08 18:46:30,546 - WARNING - [UndefinedMetricWarning] Precision is ill-defined and being set to 0.0 in labels with no predicted samples. Use `zero_division` parameter to control this behavior. (from /mnt/NVMETank/Projects/Students/Dele/A-STUDY-INTO-THE-QUALITY-AND-USABILITY-OF-PRIVACY-FRIENDLY-SYNTHETIC-DATA/.venv/lib/python3.12/site-packages/sklearn/metrics/_classification.py:1565)
2025-05-08 18:46:30,547 - WARNING - [UndefinedMetricWarning] Precision is ill-defined and being set to 0.0 in labels with no predicted samples. Use `zero_division` parameter to control this behavior. (from /mnt/NVMETank/Projects/Students/Dele/A-STUDY-INTO-THE-QUALITY-AND-USABILITY-OF-PRIVACY-FRIENDLY-SYNTHETIC-DATA/.venv/lib/python3.12/site-packages/sklearn/metrics/_classification.py:1565)
2025-05-08 18:46:30,549 - WARNING - [UndefinedMetricWarning] Precision is ill-defined and being set to 0.0 in labels with no predicted samples. Use `zero_division` parameter to control this behavior. (from /mnt/NVMETank/Projects/Students/Dele/A-STUDY-INTO-THE-QUALITY-AND-USABILITY-OF-PRIVACY-FRIENDLY-SYNTHETIC-DATA/.venv/lib/python3.12/site-packages/sklearn/metrics/_classification.py:1565)
2025-05-08 18:46:30,550 - INFO - Computed 8 metric(s) for SVM on Anonymous
2025-05-08 18:46:30,551 - INFO - Evaluating SVM on CTGAN_HYBRID...
2025-05-08 18:46:30,553 - INFO - Predictions completed for SVM on CTGAN_HYBRID
2025-05-08 18:46:30,553 - INFO - Prediction distribution for SVM on CTGAN_HYBRID: {'Y': 144}
2025-05-08 18:46:30,553 - WARNING -  [WARNING] :SVM on CTGAN_HYBRID predicted only one class: {'Y'}
2025-05-08 18:46:30,555 - WARNING - [UndefinedMetricWarning] Precision is ill-defined and being set to 0.0 in labels with no predicted samples. Use `zero_division` parameter to control this behavior. (from /mnt/NVMETank/Projects/Students/Dele/A-STUDY-INTO-THE-QUALITY-AND-USABILITY-OF-PRIVACY-FRIENDLY-SYNTHETIC-DATA/.venv/lib/python3.12/site-packages/sklearn/metrics/_classification.py:1565)
2025-05-08 18:46:30,556 - WARNING - [UndefinedMetricWarning] Precision is ill-defined and being set to 0.0 in labels with no predicted samples. Use `zero_division` parameter to control this behavior. (from /mnt/NVMETank/Projects/Students/Dele/A-STUDY-INTO-THE-QUALITY-AND-USABILITY-OF-PRIVACY-FRIENDLY-SYNTHETIC-DATA/.venv/lib/python3.12/site-packages/sklearn/metrics/_classification.py:1565)
2025-05-08 18:46:30,557 - WARNING - [UndefinedMetricWarning] Precision is ill-defined and being set to 0.0 in labels with no predicted samples. Use `zero_division` parameter to control this behavior. (from /mnt/NVMETank/Projects/Students/Dele/A-STUDY-INTO-THE-QUALITY-AND-USABILITY-OF-PRIVACY-FRIENDLY-SYNTHETIC-DATA/.venv/lib/python3.12/site-packages/sklearn/metrics/_classification.py:1565)
2025-05-08 18:46:30,559 - INFO - Computed 8 metric(s) for SVM on CTGAN_HYBRID
2025-05-08 18:46:30,559 - INFO - Evaluating SVM on GaussianCopula_HYBRID...
2025-05-08 18:46:30,561 - INFO - Predictions completed for SVM on GaussianCopula_HYBRID
2025-05-08 18:46:30,562 - INFO - Prediction distribution for SVM on GaussianCopula_HYBRID: {'Y': 144}
2025-05-08 18:46:30,562 - WARNING -  [WARNING] :SVM on GaussianCopula_HYBRID predicted only one class: {'Y'}
2025-05-08 18:46:30,563 - WARNING - [UndefinedMetricWarning] Precision is ill-defined and being set to 0.0 in labels with no predicted samples. Use `zero_division` parameter to control this behavior. (from /mnt/NVMETank/Projects/Students/Dele/A-STUDY-INTO-THE-QUALITY-AND-USABILITY-OF-PRIVACY-FRIENDLY-SYNTHETIC-DATA/.venv/lib/python3.12/site-packages/sklearn/metrics/_classification.py:1565)
2025-05-08 18:46:30,565 - WARNING - [UndefinedMetricWarning] Precision is ill-defined and being set to 0.0 in labels with no predicted samples. Use `zero_division` parameter to control this behavior. (from /mnt/NVMETank/Projects/Students/Dele/A-STUDY-INTO-THE-QUALITY-AND-USABILITY-OF-PRIVACY-FRIENDLY-SYNTHETIC-DATA/.venv/lib/python3.12/site-packages/sklearn/metrics/_classification.py:1565)
2025-05-08 18:46:30,566 - WARNING - [UndefinedMetricWarning] Precision is ill-defined and being set to 0.0 in labels with no predicted samples. Use `zero_division` parameter to control this behavior. (from /mnt/NVMETank/Projects/Students/Dele/A-STUDY-INTO-THE-QUALITY-AND-USABILITY-OF-PRIVACY-FRIENDLY-SYNTHETIC-DATA/.venv/lib/python3.12/site-packages/sklearn/metrics/_classification.py:1565)
2025-05-08 18:46:30,568 - INFO - Computed 8 metric(s) for SVM on GaussianCopula_HYBRID
2025-05-08 18:46:30,571 - INFO - Evaluation completed for all models.
2025-05-08 18:46:30,571 - INFO - Model evaluation completed in 0.28 seconds.
2025-05-08 18:46:30,573 - INFO - Evaluated models: ['DecisionTree', 'KNN', 'LogisticRegression', 'RandomForest', 'SVM']
2025-05-08 18:46:30,573 - INFO - Model Training and Evaluation completed.
2025-05-08 18:46:31,121 - INFO -  Visualizations saved.
2025-05-08 18:46:31,122 - INFO -  Benchmarking Completed. Results saved in output folder.
