2025-05-08 18:50:47,487 - INFO - Loaded config file: configs/generated_configs/loan/loan_anon_k20_sl0p1_l15.yaml
2025-05-08 18:50:47,488 - INFO -  Benchmarking started for dataset: loan
2025-05-08 18:50:47,488 - INFO - Using dataset path: /mnt/NVMETank/Projects/Students/Dele/A-STUDY-INTO-THE-QUALITY-AND-USABILITY-OF-PRIVACY-FRIENDLY-SYNTHETIC-DATA/datasets/original/loan.csv
2025-05-08 18:50:47,488 - INFO - Target column: Loan_Status, separator: ','
2025-05-08 18:50:47,488 - INFO - Configuration loaded: enable_anonymization = True, enable_synthesis = False, enable_hybrid = True, enable_utility = True, delete_after_evaluation = False
2025-05-08 18:50:47,488 - INFO - Running preprocessing...
2025-05-08 18:50:47,496 - INFO -  [PREPROCESSING] Preprocessed files found. Skipping preprocessing.
2025-05-08 18:50:47,510 - INFO - Preprocessing completed. Rows before: 614, after: 336
2025-05-08 18:50:47,510 - INFO - Preprocessed data saved to: outputs/batch/loan_batch_2025-05-08_18-38-44/loan_anon_k20_sl0p1_l15/preprocessing_report.txt
2025-05-08 18:50:47,510 - INFO - enable_anonymization = True
2025-05-08 18:50:47,510 - INFO - Starting Anonymization Pipeline with output path: /mnt/NVMETank/Projects/Students/Dele/A-STUDY-INTO-THE-QUALITY-AND-USABILITY-OF-PRIVACY-FRIENDLY-SYNTHETIC-DATA/datasets/anonymized/loan_k20_l15_sup10_anonymized.csv.......
2025-05-08 18:50:47,519 - INFO -  [ANONYMIZATION] Executing run_anonymization, config_path : configs/generated_configs/loan/loan_anon_k20_sl0p1_l15.yaml...........
2025-05-08 18:50:47,519 - INFO -  [ANONYMIZATION] Using JAR file at /mnt/NVMETank/Projects/Students/Dele/A-STUDY-INTO-THE-QUALITY-AND-USABILITY-OF-PRIVACY-FRIENDLY-SYNTHETIC-DATA/src/anonymization/anonymARXij/bin/anonymARXij.jar to anonymize the dataset.
2025-05-08 18:50:48,882 - INFO -  [ANONYMIZATION] Anonimized file saved to : /mnt/NVMETank/Projects/Students/Dele/A-STUDY-INTO-THE-QUALITY-AND-USABILITY-OF-PRIVACY-FRIENDLY-SYNTHETIC-DATA/datasets/anonymized/loan_k20_l15_sup10_anonymized.csv
2025-05-08 18:50:48,882 - INFO -  [ANONYMIZATION] Java anonymization completed successfully.
2025-05-08 18:50:48,882 - INFO -  [ANONYMIZATION] Java STDOUT:
📄 Java received config path: /mnt/NVMETank/Projects/Students/Dele/A-STUDY-INTO-THE-QUALITY-AND-USABILITY-OF-PRIVACY-FRIENDLY-SYNTHETIC-DATA/configs/generated_configs/loan/loan_anon_k20_sl0p1_l15.yaml
🔹 Loading config from: /mnt/NVMETank/Projects/Students/Dele/A-STUDY-INTO-THE-QUALITY-AND-USABILITY-OF-PRIVACY-FRIENDLY-SYNTHETIC-DATA/configs/generated_configs/loan/loan_anon_k20_sl0p1_l15.yaml
Loading config from: /mnt/NVMETank/Projects/Students/Dele/A-STUDY-INTO-THE-QUALITY-AND-USABILITY-OF-PRIVACY-FRIENDLY-SYNTHETIC-DATA/configs/generated_configs/loan/loan_anon_k20_sl0p1_l15.yaml
📂 Dataset Path (from args): /mnt/NVMETank/Projects/Students/Dele/A-STUDY-INTO-THE-QUALITY-AND-USABILITY-OF-PRIVACY-FRIENDLY-SYNTHETIC-DATA/datasets/train/loan_train_raw.csv
🔹 Dataset Separator: ,
🔹 Suppression Limit: 0.1

🔹 Configured Attributes:
  ✅ Quasi-Identifier: Gender
  ✅ Quasi-Identifier: Married
  ✅ Quasi-Identifier: Education
  ✅ Quasi-Identifier: Dependents
  ✅ Quasi-Identifier: Self_Employed
  ✅ Quasi-Identifier: Property_Area
  ✅ Quasi-Identifier: Credit_History
  ✅ Quasi-Identifier: Loan_Amount_Term
  ✅ Sensitive Attribute: LoanAmount
  ✅ Insensitive Attribute: Loan_Status
  ✅ Insensitive Attribute: ApplicantIncome
  ✅ Insensitive Attribute: CoapplicantIncome

🔹 Defined Hierarchies:
  ✅ Property_Area -> /mnt/NVMETank/Projects/Students/Dele/A-STUDY-INTO-THE-QUALITY-AND-USABILITY-OF-PRIVACY-FRIENDLY-SYNTHETIC-DATA/src/anonymization/anonymARXij/src/hierarchies_loan/property_area.csv
  ✅ Self_Employed -> /mnt/NVMETank/Projects/Students/Dele/A-STUDY-INTO-THE-QUALITY-AND-USABILITY-OF-PRIVACY-FRIENDLY-SYNTHETIC-DATA/src/anonymization/anonymARXij/src/hierarchies_loan/self_employed.csv
  ✅ Credit_History -> /mnt/NVMETank/Projects/Students/Dele/A-STUDY-INTO-THE-QUALITY-AND-USABILITY-OF-PRIVACY-FRIENDLY-SYNTHETIC-DATA/src/anonymization/anonymARXij/src/hierarchies_loan/credit_history.csv
  ✅ Dependents -> /mnt/NVMETank/Projects/Students/Dele/A-STUDY-INTO-THE-QUALITY-AND-USABILITY-OF-PRIVACY-FRIENDLY-SYNTHETIC-DATA/src/anonymization/anonymARXij/src/hierarchies_loan/dependents.csv
  ✅ Education -> /mnt/NVMETank/Projects/Students/Dele/A-STUDY-INTO-THE-QUALITY-AND-USABILITY-OF-PRIVACY-FRIENDLY-SYNTHETIC-DATA/src/anonymization/anonymARXij/src/hierarchies_loan/education.csv
  ✅ Loan_Amount_Term -> /mnt/NVMETank/Projects/Students/Dele/A-STUDY-INTO-THE-QUALITY-AND-USABILITY-OF-PRIVACY-FRIENDLY-SYNTHETIC-DATA/src/anonymization/anonymARXij/src/hierarchies_loan/loan_amount_terms.csv
  ✅ Married -> /mnt/NVMETank/Projects/Students/Dele/A-STUDY-INTO-THE-QUALITY-AND-USABILITY-OF-PRIVACY-FRIENDLY-SYNTHETIC-DATA/src/anonymization/anonymARXij/src/hierarchies_loan/married.csv
  ✅ Gender -> /mnt/NVMETank/Projects/Students/Dele/A-STUDY-INTO-THE-QUALITY-AND-USABILITY-OF-PRIVACY-FRIENDLY-SYNTHETIC-DATA/src/anonymization/anonymARXij/src/hierarchies_loan/gender.csv
Java is searching for hierarchy file at: /mnt/NVMETank/Projects/Students/Dele/A-STUDY-INTO-THE-QUALITY-AND-USABILITY-OF-PRIVACY-FRIENDLY-SYNTHETIC-DATA/src/anonymization/anonymARXij/src/hierarchies_loan/property_area.csv
Java is searching for hierarchy file at: /mnt/NVMETank/Projects/Students/Dele/A-STUDY-INTO-THE-QUALITY-AND-USABILITY-OF-PRIVACY-FRIENDLY-SYNTHETIC-DATA/src/anonymization/anonymARXij/src/hierarchies_loan/self_employed.csv
Java is searching for hierarchy file at: /mnt/NVMETank/Projects/Students/Dele/A-STUDY-INTO-THE-QUALITY-AND-USABILITY-OF-PRIVACY-FRIENDLY-SYNTHETIC-DATA/src/anonymization/anonymARXij/src/hierarchies_loan/credit_history.csv
Java is searching for hierarchy file at: /mnt/NVMETank/Projects/Students/Dele/A-STUDY-INTO-THE-QUALITY-AND-USABILITY-OF-PRIVACY-FRIENDLY-SYNTHETIC-DATA/src/anonymization/anonymARXij/src/hierarchies_loan/dependents.csv
Java is searching for hierarchy file at: /mnt/NVMETank/Projects/Students/Dele/A-STUDY-INTO-THE-QUALITY-AND-USABILITY-OF-PRIVACY-FRIENDLY-SYNTHETIC-DATA/src/anonymization/anonymARXij/src/hierarchies_loan/education.csv
Java is searching for hierarchy file at: /mnt/NVMETank/Projects/Students/Dele/A-STUDY-INTO-THE-QUALITY-AND-USABILITY-OF-PRIVACY-FRIENDLY-SYNTHETIC-DATA/src/anonymization/anonymARXij/src/hierarchies_loan/loan_amount_terms.csv
Java is searching for hierarchy file at: /mnt/NVMETank/Projects/Students/Dele/A-STUDY-INTO-THE-QUALITY-AND-USABILITY-OF-PRIVACY-FRIENDLY-SYNTHETIC-DATA/src/anonymization/anonymARXij/src/hierarchies_loan/married.csv
Java is searching for hierarchy file at: /mnt/NVMETank/Projects/Students/Dele/A-STUDY-INTO-THE-QUALITY-AND-USABILITY-OF-PRIVACY-FRIENDLY-SYNTHETIC-DATA/src/anonymization/anonymARXij/src/hierarchies_loan/gender.csv
✓ Applied Entropy L-Diversity on: LoanAmount (l=15)
🔹 Privacy Models Configured
📂 Anonymized Output Path (from args): /mnt/NVMETank/Projects/Students/Dele/A-STUDY-INTO-THE-QUALITY-AND-USABILITY-OF-PRIVACY-FRIENDLY-SYNTHETIC-DATA/datasets/anonymized/loan_k20_l15_sup10_anonymized.csv
📂 Anonymized Output Path: /mnt/NVMETank/Projects/Students/Dele/A-STUDY-INTO-THE-QUALITY-AND-USABILITY-OF-PRIVACY-FRIENDLY-SYNTHETIC-DATA/datasets/anonymized/loan_k20_l15_sup10_anonymized.csv
✅ Anonymization completed. Output saved to: /mnt/NVMETank/Projects/Students/Dele/A-STUDY-INTO-THE-QUALITY-AND-USABILITY-OF-PRIVACY-FRIENDLY-SYNTHETIC-DATA/datasets/anonymized/loan_k20_l15_sup10_anonymized.csv
Anonymized Data Quality Metrics:
 - Ambiguity: 0.8927951345827587
 - AECS: 0.7726318944844125
 - Discernibility: 0.598223643789078
 - Granularity: 0.38202268289019103
 - MSE: 0.04507488479262678
 - Non-Uniform Entropy: 0.24338723386558747
 - Precision: 0.40755208333333326
 - Record-level SE: 0.25288940258536396
Equivalence Class Statistics:
 - Number of Classes: 4
 - Average Class Size: 78.25
Suppression Statistics:
 - Suppressed Records: 23
 - Suppression Percentage: 6.85%
2025-05-08 18:50:48,882 - INFO - Anonymized data saved to: /mnt/NVMETank/Projects/Students/Dele/A-STUDY-INTO-THE-QUALITY-AND-USABILITY-OF-PRIVACY-FRIENDLY-SYNTHETIC-DATA/datasets/anonymized/loan_k20_l15_sup10_anonymized.csv
2025-05-08 18:50:48,893 - INFO - Anonymous data report saved at: outputs/batch/loan_batch_2025-05-08_18-38-44/loan_anon_k20_sl0p1_l15/anonymous_data_report.txt
2025-05-08 18:50:48,893 - INFO -  [POSTPROCESSING] Postprocessing anonymized data: /mnt/NVMETank/Projects/Students/Dele/A-STUDY-INTO-THE-QUALITY-AND-USABILITY-OF-PRIVACY-FRIENDLY-SYNTHETIC-DATA/datasets/anonymized/loan_k20_l15_sup10_anonymized.csv
2025-05-08 18:50:48,895 - INFO -  [POSTPROCESSING] Loaded anonymized data: (336, 12)
2025-05-08 18:50:48,901 - INFO -  [POSTPROCESSING] Loaded fallback maps from training data. Categorical cols: 7, Numeric cols: 5
2025-05-08 18:50:48,901 - INFO -  [POSTPROCESSING] Normalizing anonymized data using ARX artifact cleaning and fallback values.
2025-05-08 18:50:48,917 - INFO -  [POSTPROCESSING] Normalized anonymized data saved to: /mnt/NVMETank/Projects/Students/Dele/A-STUDY-INTO-THE-QUALITY-AND-USABILITY-OF-PRIVACY-FRIENDLY-SYNTHETIC-DATA/datasets/anonymized/loan_k20_l15_sup10_anonymized_processed.csv
2025-05-08 18:50:48,926 - INFO -  [POSTPROCESSING] Binary Encoding applied to anonymized data. Encoded shape: (336, 19)
2025-05-08 18:50:48,928 - INFO -  [POSTPROCESSING] Encoded anonymized dataset saved to: /mnt/NVMETank/Projects/Students/Dele/A-STUDY-INTO-THE-QUALITY-AND-USABILITY-OF-PRIVACY-FRIENDLY-SYNTHETIC-DATA/datasets/anonymized/loan_k20_l15_sup10_anonymized_encoded.csv
2025-05-08 18:50:48,928 - INFO -  [POSTPROCESSING] Encoding map generated for anonymized data: 0 original categorical columns.
2025-05-08 18:50:48,929 - INFO - Postprocessing report saved at: outputs/batch/loan_batch_2025-05-08_18-38-44/loan_anon_k20_sl0p1_l15/postprocessing_report.txt
2025-05-08 18:50:48,929 - INFO - enable_synthetic_generation = False
2025-05-08 18:50:48,929 - INFO - Synthetic Data Generation Skipped (Disabled in Configuration).
2025-05-08 18:50:48,929 - INFO - Running Hybrid Pipeline...
2025-05-08 18:50:48,929 - INFO -  [HYBRID] Executing run_hybrid...
2025-05-08 18:50:48,929 - INFO -  [HYBRID] Looking for encoded anonymized data in /mnt/NVMETank/Projects/Students/Dele/A-STUDY-INTO-THE-QUALITY-AND-USABILITY-OF-PRIVACY-FRIENDLY-SYNTHETIC-DATA/datasets/anonymized/loan_k20_l15_sup10_anonymized_encoded.csv
2025-05-08 18:50:48,929 - INFO -  [HYBRID ] Loaded cached encoded anonymous data from /mnt/NVMETank/Projects/Students/Dele/A-STUDY-INTO-THE-QUALITY-AND-USABILITY-OF-PRIVACY-FRIENDLY-SYNTHETIC-DATA/datasets/anonymized/loan_k20_l15_sup10_anonymized_encoded.csv
2025-05-08 18:50:48,930 - INFO -  [HYBRID] Starting synthetic generation for hybrid pipeline...
2025-05-08 18:50:48,931 - INFO - Executing run_synthetic.....
2025-05-08 18:50:48,931 - INFO - [SYNTHETIC PIPELINE] executing run_synthetic for loan_k20_l15_sup10...
2025-05-08 18:50:48,931 - INFO - [SYNTHETIC] Processing dataset: loan_k20_l15_sup10
2025-05-08 18:50:48,931 - INFO - [SYNTHETIC] Original dataset size: 336 rows
2025-05-08 18:50:48,945 - INFO - Detected metadata:
2025-05-08 18:50:48,945 - INFO - {
    "columns": {
        "Gender_0": {
            "sdtype": "categorical"
        },
        "Gender_1": {
            "sdtype": "categorical"
        },
        "Married_0": {
            "sdtype": "categorical"
        },
        "Married_1": {
            "sdtype": "categorical"
        },
        "Dependents_0": {
            "sdtype": "categorical"
        },
        "Dependents_1": {
            "sdtype": "categorical"
        },
        "Dependents_2": {
            "sdtype": "categorical"
        },
        "Education_0": {
            "sdtype": "categorical"
        },
        "Education_1": {
            "sdtype": "categorical"
        },
        "Self_Employed_0": {
            "sdtype": "categorical"
        },
        "Self_Employed_1": {
            "sdtype": "categorical"
        },
        "ApplicantIncome": {
            "sdtype": "numerical"
        },
        "CoapplicantIncome": {
            "sdtype": "numerical"
        },
        "LoanAmount": {
            "sdtype": "numerical"
        },
        "Loan_Amount_Term": {
            "sdtype": "categorical"
        },
        "Credit_History": {
            "sdtype": "categorical"
        },
        "Property_Area_0": {
            "sdtype": "categorical"
        },
        "Property_Area_1": {
            "sdtype": "categorical"
        },
        "Loan_Status": {
            "sdtype": "categorical"
        }
    },
    "METADATA_SPEC_VERSION": "SINGLE_TABLE_V1"
}
2025-05-08 18:50:48,945 - INFO - [SYNTHETIC] Preparing synthesizer: CTGAN
2025-05-08 18:50:48,945 - INFO - [SYNTHETIC] Params from config: {'epochs': 300}
2025-05-08 18:50:48,945 - INFO -  [SYNTHETIC] No pre-trained synthesizer found
2025-05-08 18:50:48,945 - INFO - [SYNTHETIC] Training new CTGAN synthesizer from scratch...
2025-05-08 18:50:48,945 - WARNING - [FutureWarning] The 'SingleTableMetadata' is deprecated. Please use the new 'Metadata' class for synthesizers. (from /mnt/NVMETank/Projects/Students/Dele/A-STUDY-INTO-THE-QUALITY-AND-USABILITY-OF-PRIVACY-FRIENDLY-SYNTHETIC-DATA/.venv/lib/python3.12/site-packages/sdv/single_table/base.py:119)
2025-05-08 18:50:48,945 - WARNING - [UserWarning] We strongly recommend saving the metadata using 'save_to_json' for replicability in future SDV versions. (from /mnt/NVMETank/Projects/Students/Dele/A-STUDY-INTO-THE-QUALITY-AND-USABILITY-OF-PRIVACY-FRIENDLY-SYNTHETIC-DATA/.venv/lib/python3.12/site-packages/sdv/single_table/base.py:104)
2025-05-08 18:50:48,952 - INFO - {'EVENT': 'Instance', 'TIMESTAMP': datetime.datetime(2025, 5, 8, 18, 50, 48, 952203), 'SYNTHESIZER CLASS NAME': 'CTGANSynthesizer', 'SYNTHESIZER ID': 'CTGANSynthesizer_1.18.0_d0404c9558c74f14b9a3243e9f6543f8'}
2025-05-08 18:50:48,952 - INFO - [SYNTHETIC] CTGAN initialized with epochs: 300
2025-05-08 18:50:48,952 - INFO - [SYNTHETIC] Training parameters for CTGAN: {}
2025-05-08 18:50:48,952 - INFO - [SYNTHETIC] fitting CTGAN 
2025-05-08 18:50:48,952 - INFO - {'EVENT': 'Fit', 'TIMESTAMP': datetime.datetime(2025, 5, 8, 18, 50, 48, 952454), 'SYNTHESIZER CLASS NAME': 'CTGANSynthesizer', 'SYNTHESIZER ID': 'CTGANSynthesizer_1.18.0_d0404c9558c74f14b9a3243e9f6543f8', 'TOTAL NUMBER OF TABLES': 1, 'TOTAL NUMBER OF ROWS': 336, 'TOTAL NUMBER OF COLUMNS': 19}
2025-05-08 18:50:48,953 - INFO - Fitting table  metadata
2025-05-08 18:50:48,954 - INFO - Fitting formatters for table 
2025-05-08 18:50:48,956 - INFO - Fitting constraints for table 
2025-05-08 18:50:48,956 - INFO - Setting the configuration for the ``HyperTransformer`` for table 
2025-05-08 18:50:48,959 - INFO - Fitting HyperTransformer for table 
2025-05-08 18:50:48,977 - INFO - {'EVENT': 'Fit processed data', 'TIMESTAMP': datetime.datetime(2025, 5, 8, 18, 50, 48, 977119), 'SYNTHESIZER CLASS NAME': 'CTGANSynthesizer', 'SYNTHESIZER ID': 'CTGANSynthesizer_1.18.0_d0404c9558c74f14b9a3243e9f6543f8', 'TOTAL NUMBER OF TABLES': 1, 'TOTAL NUMBER OF ROWS': 336, 'TOTAL NUMBER OF COLUMNS': 19}
2025-05-08 18:50:49,038 - INFO - Guidance: There are no missing values in column ApplicantIncome. Extra column not created.
2025-05-08 18:50:49,178 - INFO - Guidance: There are no missing values in column CoapplicantIncome. Extra column not created.
2025-05-08 18:50:49,212 - INFO - Guidance: There are no missing values in column LoanAmount. Extra column not created.
2025-05-08 18:51:11,215 - INFO - [SYNTHETIC] Fitting complete for CTGAN. Duration: 22.26 seconds.
2025-05-08 18:51:11,216 - INFO - [SYNTHETIC] CONFIRMATION CTGAN actually trained with epochs = 300
2025-05-08 18:51:11,216 - INFO - {'EVENT': 'Save', 'TIMESTAMP': datetime.datetime(2025, 5, 8, 18, 51, 11, 216149), 'SYNTHESIZER CLASS NAME': 'CTGANSynthesizer', 'SYNTHESIZER ID': 'CTGANSynthesizer_1.18.0_d0404c9558c74f14b9a3243e9f6543f8'}
2025-05-08 18:51:11,247 - INFO - [SYNTHETIC] CTGAN trained and saved.
2025-05-08 18:51:11,247 - INFO - [SYNTHETIC] Preparing synthesizer: GaussianCopula
2025-05-08 18:51:11,247 - INFO - [SYNTHETIC] Params from config: {}
2025-05-08 18:51:11,247 - INFO -  [SYNTHETIC] No pre-trained synthesizer found
2025-05-08 18:51:11,247 - INFO - [SYNTHETIC] Training new GaussianCopula synthesizer from scratch...
2025-05-08 18:51:11,247 - WARNING - [FutureWarning] The 'SingleTableMetadata' is deprecated. Please use the new 'Metadata' class for synthesizers. (from /mnt/NVMETank/Projects/Students/Dele/A-STUDY-INTO-THE-QUALITY-AND-USABILITY-OF-PRIVACY-FRIENDLY-SYNTHETIC-DATA/.venv/lib/python3.12/site-packages/sdv/single_table/base.py:119)
2025-05-08 18:51:11,249 - INFO - {'EVENT': 'Instance', 'TIMESTAMP': datetime.datetime(2025, 5, 8, 18, 51, 11, 249962), 'SYNTHESIZER CLASS NAME': 'GaussianCopulaSynthesizer', 'SYNTHESIZER ID': 'GaussianCopulaSynthesizer_1.18.0_19e137141dbd46d88faec1e62fbb4ce7'}
2025-05-08 18:51:11,250 - INFO - [SYNTHETIC] fitting GaussianCopula 
2025-05-08 18:51:11,250 - INFO - {'EVENT': 'Fit', 'TIMESTAMP': datetime.datetime(2025, 5, 8, 18, 51, 11, 250097), 'SYNTHESIZER CLASS NAME': 'GaussianCopulaSynthesizer', 'SYNTHESIZER ID': 'GaussianCopulaSynthesizer_1.18.0_19e137141dbd46d88faec1e62fbb4ce7', 'TOTAL NUMBER OF TABLES': 1, 'TOTAL NUMBER OF ROWS': 336, 'TOTAL NUMBER OF COLUMNS': 19}
2025-05-08 18:51:11,251 - INFO - Fitting table  metadata
2025-05-08 18:51:11,251 - INFO - Fitting formatters for table 
2025-05-08 18:51:11,253 - INFO - Fitting constraints for table 
2025-05-08 18:51:11,253 - INFO - Setting the configuration for the ``HyperTransformer`` for table 
2025-05-08 18:51:11,261 - INFO - Fitting HyperTransformer for table 
2025-05-08 18:51:11,381 - INFO - {'EVENT': 'Fit processed data', 'TIMESTAMP': datetime.datetime(2025, 5, 8, 18, 51, 11, 381058), 'SYNTHESIZER CLASS NAME': 'GaussianCopulaSynthesizer', 'SYNTHESIZER ID': 'GaussianCopulaSynthesizer_1.18.0_19e137141dbd46d88faec1e62fbb4ce7', 'TOTAL NUMBER OF TABLES': 1, 'TOTAL NUMBER OF ROWS': 336, 'TOTAL NUMBER OF COLUMNS': 19}
2025-05-08 18:51:11,381 - INFO - Fitting GaussianMultivariate(distribution="{'Gender_0': <class 'copulas.univariate.beta.BetaUnivariate'>, 'Gender_1': <class 'copulas.univariate.beta.BetaUnivariate'>, 'Married_0': <class 'copulas.univariate.beta.BetaUnivariate'>, 'Married_1': <class 'copulas.univariate.beta.BetaUnivariate'>, 'Dependents_0': <class 'copulas.univariate.beta.BetaUnivariate'>, 'Dependents_1': <class 'copulas.univariate.beta.BetaUnivariate'>, 'Dependents_2': <class 'copulas.univariate.beta.BetaUnivariate'>, 'Education_0': <class 'copulas.univariate.beta.BetaUnivariate'>, 'Education_1': <class 'copulas.univariate.beta.BetaUnivariate'>, 'Self_Employed_0': <class 'copulas.univariate.beta.BetaUnivariate'>, 'Self_Employed_1': <class 'copulas.univariate.beta.BetaUnivariate'>, 'ApplicantIncome': <class 'copulas.univariate.beta.BetaUnivariate'>, 'CoapplicantIncome': <class 'copulas.univariate.beta.BetaUnivariate'>, 'LoanAmount': <class 'copulas.univariate.beta.BetaUnivariate'>, 'Loan_Amount_Term': <class 'copulas.univariate.beta.BetaUnivariate'>, 'Credit_History': <class 'copulas.univariate.beta.BetaUnivariate'>, 'Property_Area_0': <class 'copulas.univariate.beta.BetaUnivariate'>, 'Property_Area_1': <class 'copulas.univariate.beta.BetaUnivariate'>, 'Loan_Status': <class 'copulas.univariate.beta.BetaUnivariate'>}")
2025-05-08 18:51:11,924 - INFO - [SYNTHETIC] Fitting complete for GaussianCopula. Duration: 0.67 seconds.
2025-05-08 18:51:11,924 - WARNING - [SYNTHETIC] WARNING Could not determine actual epochs used for GaussianCopula
2025-05-08 18:51:11,924 - INFO - {'EVENT': 'Save', 'TIMESTAMP': datetime.datetime(2025, 5, 8, 18, 51, 11, 924381), 'SYNTHESIZER CLASS NAME': 'GaussianCopulaSynthesizer', 'SYNTHESIZER ID': 'GaussianCopulaSynthesizer_1.18.0_19e137141dbd46d88faec1e62fbb4ce7'}
2025-05-08 18:51:11,932 - INFO - [SYNTHETIC] GaussianCopula trained and saved.
2025-05-08 18:51:11,932 - INFO - [SYNTHETIC] Preparing synthesizer: TVAE
2025-05-08 18:51:11,932 - INFO - [SYNTHETIC] Params from config: {'epochs': 300}
2025-05-08 18:51:11,932 - INFO -  [SYNTHETIC] No pre-trained synthesizer found
2025-05-08 18:51:11,932 - INFO - [SYNTHETIC] Training new TVAE synthesizer from scratch...
2025-05-08 18:51:11,932 - WARNING - [FutureWarning] The 'SingleTableMetadata' is deprecated. Please use the new 'Metadata' class for synthesizers. (from /mnt/NVMETank/Projects/Students/Dele/A-STUDY-INTO-THE-QUALITY-AND-USABILITY-OF-PRIVACY-FRIENDLY-SYNTHETIC-DATA/.venv/lib/python3.12/site-packages/sdv/single_table/base.py:119)
2025-05-08 18:51:11,934 - INFO - {'EVENT': 'Instance', 'TIMESTAMP': datetime.datetime(2025, 5, 8, 18, 51, 11, 934695), 'SYNTHESIZER CLASS NAME': 'TVAESynthesizer', 'SYNTHESIZER ID': 'TVAESynthesizer_1.18.0_7ca253be01684163ac01adf06756f81a'}
2025-05-08 18:51:11,934 - INFO - [SYNTHETIC] TVAE initialized with epochs: 300
2025-05-08 18:51:11,934 - INFO - [SYNTHETIC] Training parameters for TVAE: {}
2025-05-08 18:51:11,934 - INFO - [SYNTHETIC] fitting TVAE 
2025-05-08 18:51:11,934 - INFO - {'EVENT': 'Fit', 'TIMESTAMP': datetime.datetime(2025, 5, 8, 18, 51, 11, 934892), 'SYNTHESIZER CLASS NAME': 'TVAESynthesizer', 'SYNTHESIZER ID': 'TVAESynthesizer_1.18.0_7ca253be01684163ac01adf06756f81a', 'TOTAL NUMBER OF TABLES': 1, 'TOTAL NUMBER OF ROWS': 336, 'TOTAL NUMBER OF COLUMNS': 19}
2025-05-08 18:51:11,935 - INFO - Fitting table  metadata
2025-05-08 18:51:11,936 - INFO - Fitting formatters for table 
2025-05-08 18:51:11,937 - INFO - Fitting constraints for table 
2025-05-08 18:51:11,937 - INFO - Setting the configuration for the ``HyperTransformer`` for table 
2025-05-08 18:51:11,939 - INFO - Fitting HyperTransformer for table 
2025-05-08 18:51:11,950 - INFO - {'EVENT': 'Fit processed data', 'TIMESTAMP': datetime.datetime(2025, 5, 8, 18, 51, 11, 950881), 'SYNTHESIZER CLASS NAME': 'TVAESynthesizer', 'SYNTHESIZER ID': 'TVAESynthesizer_1.18.0_7ca253be01684163ac01adf06756f81a', 'TOTAL NUMBER OF TABLES': 1, 'TOTAL NUMBER OF ROWS': 336, 'TOTAL NUMBER OF COLUMNS': 19}
2025-05-08 18:51:11,964 - INFO - Guidance: There are no missing values in column ApplicantIncome. Extra column not created.
2025-05-08 18:51:12,075 - INFO - Guidance: There are no missing values in column CoapplicantIncome. Extra column not created.
2025-05-08 18:51:12,112 - INFO - Guidance: There are no missing values in column LoanAmount. Extra column not created.
2025-05-08 18:51:14,677 - INFO - [SYNTHETIC] Fitting complete for TVAE. Duration: 2.74 seconds.
2025-05-08 18:51:14,677 - INFO - [SYNTHETIC] CONFIRMATION TVAE actually trained with epochs = 300
2025-05-08 18:51:14,677 - INFO - {'EVENT': 'Save', 'TIMESTAMP': datetime.datetime(2025, 5, 8, 18, 51, 14, 677878), 'SYNTHESIZER CLASS NAME': 'TVAESynthesizer', 'SYNTHESIZER ID': 'TVAESynthesizer_1.18.0_7ca253be01684163ac01adf06756f81a'}
2025-05-08 18:51:14,713 - INFO - [SYNTHETIC] TVAE trained and saved.
2025-05-08 18:51:14,713 - INFO - [SYNTHETIC] Using CTGAN to generate 336 rows...
2025-05-08 18:51:14,804 - INFO - {'EVENT': 'Sample', 'TIMESTAMP': datetime.datetime(2025, 5, 8, 18, 51, 14, 713998), 'SYNTHESIZER CLASS NAME': 'CTGANSynthesizer', 'SYNTHESIZER ID': 'CTGANSynthesizer_1.18.0_d0404c9558c74f14b9a3243e9f6543f8', 'TOTAL NUMBER OF TABLES': 1, 'TOTAL NUMBER OF ROWS': 336, 'TOTAL NUMBER OF COLUMNS': 19}
2025-05-08 18:51:14,804 - INFO - [SYNTHETIC] CTGAN completed: 336 rows generated.
2025-05-08 18:51:14,805 - INFO - [SYNTHETIC] Target class distribution for CTGAN: {'Y': 196, 'N': 140}
2025-05-08 18:51:14,805 - INFO - [SYNTHETIC] Using GaussianCopula to generate 336 rows...
2025-05-08 18:51:14,867 - INFO - {'EVENT': 'Sample', 'TIMESTAMP': datetime.datetime(2025, 5, 8, 18, 51, 14, 805634), 'SYNTHESIZER CLASS NAME': 'GaussianCopulaSynthesizer', 'SYNTHESIZER ID': 'GaussianCopulaSynthesizer_1.18.0_19e137141dbd46d88faec1e62fbb4ce7', 'TOTAL NUMBER OF TABLES': 1, 'TOTAL NUMBER OF ROWS': 336, 'TOTAL NUMBER OF COLUMNS': 19}
2025-05-08 18:51:14,867 - INFO - [SYNTHETIC] GaussianCopula completed: 336 rows generated.
2025-05-08 18:51:14,868 - INFO - [SYNTHETIC] Target class distribution for GaussianCopula: {'Y': 209, 'N': 127}
2025-05-08 18:51:14,868 - INFO - [SYNTHETIC] Using TVAE to generate 336 rows...
2025-05-08 18:51:14,905 - INFO - {'EVENT': 'Sample', 'TIMESTAMP': datetime.datetime(2025, 5, 8, 18, 51, 14, 868229), 'SYNTHESIZER CLASS NAME': 'TVAESynthesizer', 'SYNTHESIZER ID': 'TVAESynthesizer_1.18.0_7ca253be01684163ac01adf06756f81a', 'TOTAL NUMBER OF TABLES': 1, 'TOTAL NUMBER OF ROWS': 336, 'TOTAL NUMBER OF COLUMNS': 19}
2025-05-08 18:51:14,905 - INFO - [SYNTHETIC] TVAE completed: 336 rows generated.
2025-05-08 18:51:14,906 - INFO - [SYNTHETIC] Target class distribution for TVAE: {'Y': 336}
2025-05-08 18:51:14,906 - INFO - [SYNTHETIC PIPELINE] Synthetic Data Generation Completed.
2025-05-08 18:51:14,906 - INFO - [SYNTHETIC PIPELINE] Synthesizers used: ['CTGAN', 'GaussianCopula', 'TVAE']
2025-05-08 18:51:14,906 - INFO - [SYNTHETIC PIPELINE] Evaluating synthetic dataset generated by CTGAN...
2025-05-08 18:51:14,906 - INFO - [SYNTHETIC EVAL] Real data columns     (19): ['Gender_0', 'Gender_1', 'Married_0', 'Married_1', 'Dependents_0', 'Dependents_1', 'Dependents_2', 'Education_0', 'Education_1', 'Self_Employed_0', 'Self_Employed_1', 'ApplicantIncome', 'CoapplicantIncome', 'LoanAmount', 'Loan_Amount_Term', 'Credit_History', 'Property_Area_0', 'Property_Area_1', 'Loan_Status']
2025-05-08 18:51:14,906 - INFO - [SYNTHETIC EVAL] Synthetic data columns (19): ['Gender_0', 'Gender_1', 'Married_0', 'Married_1', 'Dependents_0', 'Dependents_1', 'Dependents_2', 'Education_0', 'Education_1', 'Self_Employed_0', 'Self_Employed_1', 'ApplicantIncome', 'CoapplicantIncome', 'LoanAmount', 'Loan_Amount_Term', 'Credit_History', 'Property_Area_0', 'Property_Area_1', 'Loan_Status']
2025-05-08 18:51:14,906 - INFO - [SYNTHETIC EVAL] Metadata columns      (19): ['Gender_0', 'Gender_1', 'Married_0', 'Married_1', 'Dependents_0', 'Dependents_1', 'Dependents_2', 'Education_0', 'Education_1', 'Self_Employed_0', 'Self_Employed_1', 'ApplicantIncome', 'CoapplicantIncome', 'LoanAmount', 'Loan_Amount_Term', 'Credit_History', 'Property_Area_0', 'Property_Area_1', 'Loan_Status']
2025-05-08 18:51:14,906 - INFO - [SYNTHETIC EVAL] Shape — Real: (336, 19), Synthetic: (336, 19)
2025-05-08 18:51:14,907 - INFO - [SYNTHETIC EVAL] Metadata structure:
{
  "columns": {
    "Gender_0": {
      "sdtype": "categorical"
    },
    "Gender_1": {
      "sdtype": "categorical"
    },
    "Married_0": {
      "sdtype": "categorical"
    },
    "Married_1": {
      "sdtype": "categorical"
    },
    "Dependents_0": {
      "sdtype": "categorical"
    },
    "Dependents_1": {
      "sdtype": "categorical"
    },
    "Dependents_2": {
      "sdtype": "categorical"
    },
    "Education_0": {
      "sdtype": "categorical"
    },
    "Education_1": {
      "sdtype": "categorical"
    },
    "Self_Employed_0": {
      "sdtype": "categorical"
    },
    "Self_Employed_1": {
      "sdtype": "categorical"
    },
    "ApplicantIncome": {
      "sdtype": "numerical"
    },
    "CoapplicantIncome": {
      "sdtype": "numerical"
    },
    "LoanAmount": {
      "sdtype": "numerical"
    },
    "Loan_Amount_Term": {
      "sdtype": "categorical"
    },
    "Credit_History": {
      "sdtype": "categorical"
    },
    "Property_Area_0": {
      "sdtype": "categorical"
    },
    "Property_Area_1": {
      "sdtype": "categorical"
    },
    "Loan_Status": {
      "sdtype": "categorical"
    }
  },
  "METADATA_SPEC_VERSION": "SINGLE_TABLE_V1"
}
2025-05-08 18:51:15,278 - INFO - [SYNTHETIC PIPELINE] Evaluating synthetic dataset generated by GaussianCopula...
2025-05-08 18:51:15,278 - INFO - [SYNTHETIC EVAL] Real data columns     (19): ['Gender_0', 'Gender_1', 'Married_0', 'Married_1', 'Dependents_0', 'Dependents_1', 'Dependents_2', 'Education_0', 'Education_1', 'Self_Employed_0', 'Self_Employed_1', 'ApplicantIncome', 'CoapplicantIncome', 'LoanAmount', 'Loan_Amount_Term', 'Credit_History', 'Property_Area_0', 'Property_Area_1', 'Loan_Status']
2025-05-08 18:51:15,278 - INFO - [SYNTHETIC EVAL] Synthetic data columns (19): ['Gender_0', 'Gender_1', 'Married_0', 'Married_1', 'Dependents_0', 'Dependents_1', 'Dependents_2', 'Education_0', 'Education_1', 'Self_Employed_0', 'Self_Employed_1', 'ApplicantIncome', 'CoapplicantIncome', 'LoanAmount', 'Loan_Amount_Term', 'Credit_History', 'Property_Area_0', 'Property_Area_1', 'Loan_Status']
2025-05-08 18:51:15,278 - INFO - [SYNTHETIC EVAL] Metadata columns      (19): ['Gender_0', 'Gender_1', 'Married_0', 'Married_1', 'Dependents_0', 'Dependents_1', 'Dependents_2', 'Education_0', 'Education_1', 'Self_Employed_0', 'Self_Employed_1', 'ApplicantIncome', 'CoapplicantIncome', 'LoanAmount', 'Loan_Amount_Term', 'Credit_History', 'Property_Area_0', 'Property_Area_1', 'Loan_Status']
2025-05-08 18:51:15,278 - INFO - [SYNTHETIC EVAL] Shape — Real: (336, 19), Synthetic: (336, 19)
2025-05-08 18:51:15,278 - INFO - [SYNTHETIC EVAL] Metadata structure:
{
  "columns": {
    "Gender_0": {
      "sdtype": "categorical"
    },
    "Gender_1": {
      "sdtype": "categorical"
    },
    "Married_0": {
      "sdtype": "categorical"
    },
    "Married_1": {
      "sdtype": "categorical"
    },
    "Dependents_0": {
      "sdtype": "categorical"
    },
    "Dependents_1": {
      "sdtype": "categorical"
    },
    "Dependents_2": {
      "sdtype": "categorical"
    },
    "Education_0": {
      "sdtype": "categorical"
    },
    "Education_1": {
      "sdtype": "categorical"
    },
    "Self_Employed_0": {
      "sdtype": "categorical"
    },
    "Self_Employed_1": {
      "sdtype": "categorical"
    },
    "ApplicantIncome": {
      "sdtype": "numerical"
    },
    "CoapplicantIncome": {
      "sdtype": "numerical"
    },
    "LoanAmount": {
      "sdtype": "numerical"
    },
    "Loan_Amount_Term": {
      "sdtype": "categorical"
    },
    "Credit_History": {
      "sdtype": "categorical"
    },
    "Property_Area_0": {
      "sdtype": "categorical"
    },
    "Property_Area_1": {
      "sdtype": "categorical"
    },
    "Loan_Status": {
      "sdtype": "categorical"
    }
  },
  "METADATA_SPEC_VERSION": "SINGLE_TABLE_V1"
}
2025-05-08 18:51:15,610 - INFO - [SYNTHETIC PIPELINE] Evaluating synthetic dataset generated by TVAE...
2025-05-08 18:51:15,610 - INFO - [SYNTHETIC EVAL] Real data columns     (19): ['Gender_0', 'Gender_1', 'Married_0', 'Married_1', 'Dependents_0', 'Dependents_1', 'Dependents_2', 'Education_0', 'Education_1', 'Self_Employed_0', 'Self_Employed_1', 'ApplicantIncome', 'CoapplicantIncome', 'LoanAmount', 'Loan_Amount_Term', 'Credit_History', 'Property_Area_0', 'Property_Area_1', 'Loan_Status']
2025-05-08 18:51:15,610 - INFO - [SYNTHETIC EVAL] Synthetic data columns (19): ['Gender_0', 'Gender_1', 'Married_0', 'Married_1', 'Dependents_0', 'Dependents_1', 'Dependents_2', 'Education_0', 'Education_1', 'Self_Employed_0', 'Self_Employed_1', 'ApplicantIncome', 'CoapplicantIncome', 'LoanAmount', 'Loan_Amount_Term', 'Credit_History', 'Property_Area_0', 'Property_Area_1', 'Loan_Status']
2025-05-08 18:51:15,610 - INFO - [SYNTHETIC EVAL] Metadata columns      (19): ['Gender_0', 'Gender_1', 'Married_0', 'Married_1', 'Dependents_0', 'Dependents_1', 'Dependents_2', 'Education_0', 'Education_1', 'Self_Employed_0', 'Self_Employed_1', 'ApplicantIncome', 'CoapplicantIncome', 'LoanAmount', 'Loan_Amount_Term', 'Credit_History', 'Property_Area_0', 'Property_Area_1', 'Loan_Status']
2025-05-08 18:51:15,610 - INFO - [SYNTHETIC EVAL] Shape — Real: (336, 19), Synthetic: (336, 19)
2025-05-08 18:51:15,610 - INFO - [SYNTHETIC EVAL] Metadata structure:
{
  "columns": {
    "Gender_0": {
      "sdtype": "categorical"
    },
    "Gender_1": {
      "sdtype": "categorical"
    },
    "Married_0": {
      "sdtype": "categorical"
    },
    "Married_1": {
      "sdtype": "categorical"
    },
    "Dependents_0": {
      "sdtype": "categorical"
    },
    "Dependents_1": {
      "sdtype": "categorical"
    },
    "Dependents_2": {
      "sdtype": "categorical"
    },
    "Education_0": {
      "sdtype": "categorical"
    },
    "Education_1": {
      "sdtype": "categorical"
    },
    "Self_Employed_0": {
      "sdtype": "categorical"
    },
    "Self_Employed_1": {
      "sdtype": "categorical"
    },
    "ApplicantIncome": {
      "sdtype": "numerical"
    },
    "CoapplicantIncome": {
      "sdtype": "numerical"
    },
    "LoanAmount": {
      "sdtype": "numerical"
    },
    "Loan_Amount_Term": {
      "sdtype": "categorical"
    },
    "Credit_History": {
      "sdtype": "categorical"
    },
    "Property_Area_0": {
      "sdtype": "categorical"
    },
    "Property_Area_1": {
      "sdtype": "categorical"
    },
    "Loan_Status": {
      "sdtype": "categorical"
    }
  },
  "METADATA_SPEC_VERSION": "SINGLE_TABLE_V1"
}
2025-05-08 18:51:15,992 - INFO -  [SYNTHETIC PIPELINE]  Synthetic Data Evaluation Completed.
2025-05-08 18:51:16,000 - INFO -  [SYNTHETIC PIPELINE] Synthetic Data Report Generated Successfully.
2025-05-08 18:51:16,117 - INFO - [HYBRID] Generated hybrid dataset shape for CTGAN: (336, 19)
2025-05-08 18:51:16,117 - INFO - [HYBRID] Target distribution for CTGAN: {'Y': 196, 'N': 140}
2025-05-08 18:51:16,120 - INFO -  [HYBRID] Saved hybrid dataset to /mnt/NVMETank/Projects/Students/Dele/A-STUDY-INTO-THE-QUALITY-AND-USABILITY-OF-PRIVACY-FRIENDLY-SYNTHETIC-DATA/datasets/hybrid/loan_k20_l15_sup10_CTGAN_HYBRID.csv
2025-05-08 18:51:16,120 - INFO - [HYBRID] Generated hybrid dataset shape for GaussianCopula: (336, 19)
2025-05-08 18:51:16,120 - INFO - [HYBRID] Target distribution for GaussianCopula: {'Y': 209, 'N': 127}
2025-05-08 18:51:16,123 - INFO -  [HYBRID] Saved hybrid dataset to /mnt/NVMETank/Projects/Students/Dele/A-STUDY-INTO-THE-QUALITY-AND-USABILITY-OF-PRIVACY-FRIENDLY-SYNTHETIC-DATA/datasets/hybrid/loan_k20_l15_sup10_GaussianCopula_HYBRID.csv
2025-05-08 18:51:16,123 - INFO - [HYBRID] Generated hybrid dataset shape for TVAE: (336, 19)
2025-05-08 18:51:16,123 - INFO - [HYBRID] Target distribution for TVAE: {'Y': 336}
2025-05-08 18:51:16,126 - INFO -  [HYBRID] Saved hybrid dataset to /mnt/NVMETank/Projects/Students/Dele/A-STUDY-INTO-THE-QUALITY-AND-USABILITY-OF-PRIVACY-FRIENDLY-SYNTHETIC-DATA/datasets/hybrid/loan_k20_l15_sup10_TVAE_HYBRID.csv
2025-05-08 18:51:16,126 - INFO -  [HYBRID] Hybrid pipeline complete — 3 dataset(s) ready.
2025-05-08 18:51:16,126 - INFO - [HYBRID] Total rows across all hybrid datasets: 1008
2025-05-08 18:51:16,126 - INFO - Hybrid pipeline completed successfully.
2025-05-08 18:51:16,126 - INFO - Hybrid pipeline duration: 27.20 seconds
2025-05-08 18:51:16,126 - INFO - Starting Utility...
2025-05-08 18:51:16,126 - INFO - [UTILITY] Preparing datasets for machine learning...
2025-05-08 18:51:16,127 - INFO - [UTILITY] Original Data - Training Size: 336, Testing Size: 144
2025-05-08 18:51:16,127 - INFO - [UTILITY] Target class distribution (Original): {'Y': 232, 'N': 104}
2025-05-08 18:51:16,128 - INFO - [UTILITY] Processing anonymized dataset...
2025-05-08 18:51:16,128 - INFO - [UTILITY] Anonymized Data - Training Size: 336
2025-05-08 18:51:16,128 - INFO - [UTILITY] Target class distribution (Anonymous): {'Y': 232, 'N': 104}
2025-05-08 18:51:16,128 - INFO - [UTILITY] Processing hybrid dataset generated by CTGAN...
2025-05-08 18:51:16,129 - INFO - [UTILITY] Hybrid Data (CTGAN_HYBRID) - Training Size: 336
2025-05-08 18:51:16,129 - INFO - [UTILITY] Target class distribution (CTGAN_HYBRID): {'Y': 196, 'N': 140}
2025-05-08 18:51:16,130 - INFO - [UTILITY] Processing hybrid dataset generated by GaussianCopula...
2025-05-08 18:51:16,130 - INFO - [UTILITY] Hybrid Data (GaussianCopula_HYBRID) - Training Size: 336
2025-05-08 18:51:16,130 - INFO - [UTILITY] Target class distribution (GaussianCopula_HYBRID): {'Y': 209, 'N': 127}
2025-05-08 18:51:16,131 - WARNING -  Skipping hybrid dataset 'TVAE_HYBRID' - only one class in target.
2025-05-08 18:51:16,131 - INFO - [UTILITY] Training models on all datasets...
2025-05-08 18:51:16,131 - INFO - [UTILITY] Total datasets used for training: 4
2025-05-08 18:51:16,131 - INFO - [TRAINING] Training models from scratch...
2025-05-08 18:51:16,131 - INFO - [TRAINING] Starting training for dataset: Original — Rows: 336, Features: 18
2025-05-08 18:51:16,131 - INFO - [TRAINING] Training DecisionTree on Original...
2025-05-08 18:51:16,134 - INFO - [TRAINING] DecisionTree trained successfully on Original in 0.00 sec
2025-05-08 18:51:16,134 - INFO - [TRAINING] Training KNN on Original...
2025-05-08 18:51:16,136 - INFO - [TRAINING] KNN trained successfully on Original in 0.00 sec
2025-05-08 18:51:16,136 - INFO - [TRAINING] Training LogisticRegression on Original...
2025-05-08 18:51:16,149 - INFO - [TRAINING] LogisticRegression trained successfully on Original in 0.01 sec
2025-05-08 18:51:16,149 - INFO - [TRAINING] Training RandomForest on Original...
2025-05-08 18:51:16,280 - INFO - [TRAINING] RandomForest trained successfully on Original in 0.13 sec
2025-05-08 18:51:16,281 - INFO - [TRAINING] Training SVM on Original...
2025-05-08 18:51:16,287 - INFO - [TRAINING] SVM trained successfully on Original in 0.01 sec
2025-05-08 18:51:16,287 - INFO - [TRAINING] Finished training 5 model(s) for dataset: Original
2025-05-08 18:51:16,287 - INFO - [TRAINING] Starting training for dataset: Anonymous — Rows: 336, Features: 18
2025-05-08 18:51:16,287 - INFO - [TRAINING] Training DecisionTree on Anonymous...
2025-05-08 18:51:16,290 - INFO - [TRAINING] DecisionTree trained successfully on Anonymous in 0.00 sec
2025-05-08 18:51:16,290 - INFO - [TRAINING] Training KNN on Anonymous...
2025-05-08 18:51:16,292 - INFO - [TRAINING] KNN trained successfully on Anonymous in 0.00 sec
2025-05-08 18:51:16,292 - INFO - [TRAINING] Training LogisticRegression on Anonymous...
2025-05-08 18:51:16,296 - INFO - [TRAINING] LogisticRegression trained successfully on Anonymous in 0.00 sec
2025-05-08 18:51:16,296 - INFO - [TRAINING] Training RandomForest on Anonymous...
2025-05-08 18:51:16,421 - INFO - [TRAINING] RandomForest trained successfully on Anonymous in 0.12 sec
2025-05-08 18:51:16,421 - INFO - [TRAINING] Training SVM on Anonymous...
2025-05-08 18:51:16,427 - INFO - [TRAINING] SVM trained successfully on Anonymous in 0.01 sec
2025-05-08 18:51:16,427 - INFO - [TRAINING] Finished training 5 model(s) for dataset: Anonymous
2025-05-08 18:51:16,427 - INFO - [TRAINING] Starting training for dataset: CTGAN_HYBRID — Rows: 336, Features: 18
2025-05-08 18:51:16,427 - INFO - [TRAINING] Training DecisionTree on CTGAN_HYBRID...
2025-05-08 18:51:16,429 - INFO - [TRAINING] DecisionTree trained successfully on CTGAN_HYBRID in 0.00 sec
2025-05-08 18:51:16,429 - INFO - [TRAINING] Training KNN on CTGAN_HYBRID...
2025-05-08 18:51:16,430 - INFO - [TRAINING] KNN trained successfully on CTGAN_HYBRID in 0.00 sec
2025-05-08 18:51:16,430 - INFO - [TRAINING] Training LogisticRegression on CTGAN_HYBRID...
2025-05-08 18:51:16,433 - INFO - [TRAINING] LogisticRegression trained successfully on CTGAN_HYBRID in 0.00 sec
2025-05-08 18:51:16,433 - INFO - [TRAINING] Training RandomForest on CTGAN_HYBRID...
2025-05-08 18:51:16,552 - INFO - [TRAINING] RandomForest trained successfully on CTGAN_HYBRID in 0.12 sec
2025-05-08 18:51:16,552 - INFO - [TRAINING] Training SVM on CTGAN_HYBRID...
2025-05-08 18:51:16,556 - INFO - [TRAINING] SVM trained successfully on CTGAN_HYBRID in 0.00 sec
2025-05-08 18:51:16,556 - INFO - [TRAINING] Finished training 5 model(s) for dataset: CTGAN_HYBRID
2025-05-08 18:51:16,556 - INFO - [TRAINING] Starting training for dataset: GaussianCopula_HYBRID — Rows: 336, Features: 18
2025-05-08 18:51:16,556 - INFO - [TRAINING] Training DecisionTree on GaussianCopula_HYBRID...
2025-05-08 18:51:16,559 - INFO - [TRAINING] DecisionTree trained successfully on GaussianCopula_HYBRID in 0.00 sec
2025-05-08 18:51:16,559 - INFO - [TRAINING] Training KNN on GaussianCopula_HYBRID...
2025-05-08 18:51:16,560 - INFO - [TRAINING] KNN trained successfully on GaussianCopula_HYBRID in 0.00 sec
2025-05-08 18:51:16,560 - INFO - [TRAINING] Training LogisticRegression on GaussianCopula_HYBRID...
2025-05-08 18:51:16,562 - INFO - [TRAINING] LogisticRegression trained successfully on GaussianCopula_HYBRID in 0.00 sec
2025-05-08 18:51:16,562 - INFO - [TRAINING] Training RandomForest on GaussianCopula_HYBRID...
2025-05-08 18:51:16,651 - INFO - [TRAINING] RandomForest trained successfully on GaussianCopula_HYBRID in 0.09 sec
2025-05-08 18:51:16,651 - INFO - [TRAINING] Training SVM on GaussianCopula_HYBRID...
2025-05-08 18:51:16,656 - INFO - [TRAINING] SVM trained successfully on GaussianCopula_HYBRID in 0.00 sec
2025-05-08 18:51:16,656 - INFO - [TRAINING] Finished training 5 model(s) for dataset: GaussianCopula_HYBRID
2025-05-08 18:51:16,656 - INFO - [TRAINING] Total models trained across all datasets: 20
2025-05-08 18:51:16,656 - INFO - [UTILITY] Trained model names: ['Original', 'Anonymous', 'CTGAN_HYBRID', 'GaussianCopula_HYBRID']
2025-05-08 18:51:16,656 - INFO - [UTILITY] Model Training Completed.
2025-05-08 18:51:16,656 - INFO - Starting the Evaluating of models...
2025-05-08 18:51:16,656 - INFO - Preparing evaluation for model 'DecisionTree' across all datasets...
2025-05-08 18:51:16,656 - INFO - Evaluating DecisionTree on Original...
2025-05-08 18:51:16,657 - INFO - Predictions completed for DecisionTree on Original
2025-05-08 18:51:16,658 - INFO - Prediction distribution for DecisionTree on Original: {'Y': 90, 'N': 54}
2025-05-08 18:51:16,670 - INFO - Computed 8 metric(s) for DecisionTree on Original
2025-05-08 18:51:16,670 - INFO - Evaluating DecisionTree on Anonymous...
2025-05-08 18:51:16,672 - INFO - Predictions completed for DecisionTree on Anonymous
2025-05-08 18:51:16,672 - INFO - Prediction distribution for DecisionTree on Anonymous: {'Y': 77, 'N': 67}
2025-05-08 18:51:16,683 - INFO - Computed 8 metric(s) for DecisionTree on Anonymous
2025-05-08 18:51:16,683 - INFO - Evaluating DecisionTree on CTGAN_HYBRID...
2025-05-08 18:51:16,684 - INFO - Predictions completed for DecisionTree on CTGAN_HYBRID
2025-05-08 18:51:16,685 - INFO - Prediction distribution for DecisionTree on CTGAN_HYBRID: {'Y': 100, 'N': 44}
2025-05-08 18:51:16,693 - INFO - Computed 8 metric(s) for DecisionTree on CTGAN_HYBRID
2025-05-08 18:51:16,693 - INFO - Evaluating DecisionTree on GaussianCopula_HYBRID...
2025-05-08 18:51:16,694 - INFO - Predictions completed for DecisionTree on GaussianCopula_HYBRID
2025-05-08 18:51:16,694 - INFO - Prediction distribution for DecisionTree on GaussianCopula_HYBRID: {'N': 82, 'Y': 62}
2025-05-08 18:51:16,703 - INFO - Computed 8 metric(s) for DecisionTree on GaussianCopula_HYBRID
2025-05-08 18:51:16,703 - INFO - Preparing evaluation for model 'KNN' across all datasets...
2025-05-08 18:51:16,703 - INFO - Evaluating KNN on Original...
2025-05-08 18:51:16,709 - INFO - Predictions completed for KNN on Original
2025-05-08 18:51:16,710 - INFO - Prediction distribution for KNN on Original: {'Y': 115, 'N': 29}
2025-05-08 18:51:16,721 - INFO - Computed 8 metric(s) for KNN on Original
2025-05-08 18:51:16,721 - INFO - Evaluating KNN on Anonymous...
2025-05-08 18:51:16,727 - INFO - Predictions completed for KNN on Anonymous
2025-05-08 18:51:16,727 - INFO - Prediction distribution for KNN on Anonymous: {'Y': 114, 'N': 30}
2025-05-08 18:51:16,739 - INFO - Computed 8 metric(s) for KNN on Anonymous
2025-05-08 18:51:16,739 - INFO - Evaluating KNN on CTGAN_HYBRID...
2025-05-08 18:51:16,745 - INFO - Predictions completed for KNN on CTGAN_HYBRID
2025-05-08 18:51:16,745 - INFO - Prediction distribution for KNN on CTGAN_HYBRID: {'Y': 86, 'N': 58}
2025-05-08 18:51:16,756 - INFO - Computed 8 metric(s) for KNN on CTGAN_HYBRID
2025-05-08 18:51:16,756 - INFO - Evaluating KNN on GaussianCopula_HYBRID...
2025-05-08 18:51:16,762 - INFO - Predictions completed for KNN on GaussianCopula_HYBRID
2025-05-08 18:51:16,762 - INFO - Prediction distribution for KNN on GaussianCopula_HYBRID: {'Y': 83, 'N': 61}
2025-05-08 18:51:16,774 - INFO - Computed 8 metric(s) for KNN on GaussianCopula_HYBRID
2025-05-08 18:51:16,774 - INFO - Preparing evaluation for model 'LogisticRegression' across all datasets...
2025-05-08 18:51:16,774 - INFO - Evaluating LogisticRegression on Original...
2025-05-08 18:51:16,775 - INFO - Predictions completed for LogisticRegression on Original
2025-05-08 18:51:16,775 - INFO - Prediction distribution for LogisticRegression on Original: {'Y': 115, 'N': 29}
2025-05-08 18:51:16,784 - INFO - Computed 8 metric(s) for LogisticRegression on Original
2025-05-08 18:51:16,784 - INFO - Evaluating LogisticRegression on Anonymous...
2025-05-08 18:51:16,785 - INFO - Predictions completed for LogisticRegression on Anonymous
2025-05-08 18:51:16,786 - INFO - Prediction distribution for LogisticRegression on Anonymous: {'Y': 105, 'N': 39}
2025-05-08 18:51:16,795 - INFO - Computed 8 metric(s) for LogisticRegression on Anonymous
2025-05-08 18:51:16,795 - INFO - Evaluating LogisticRegression on CTGAN_HYBRID...
2025-05-08 18:51:16,796 - INFO - Predictions completed for LogisticRegression on CTGAN_HYBRID
2025-05-08 18:51:16,796 - INFO - Prediction distribution for LogisticRegression on CTGAN_HYBRID: {'Y': 118, 'N': 26}
2025-05-08 18:51:16,805 - INFO - Computed 8 metric(s) for LogisticRegression on CTGAN_HYBRID
2025-05-08 18:51:16,806 - INFO - Evaluating LogisticRegression on GaussianCopula_HYBRID...
2025-05-08 18:51:16,807 - INFO - Predictions completed for LogisticRegression on GaussianCopula_HYBRID
2025-05-08 18:51:16,807 - INFO - Prediction distribution for LogisticRegression on GaussianCopula_HYBRID: {'Y': 135, 'N': 9}
2025-05-08 18:51:16,816 - INFO - Computed 8 metric(s) for LogisticRegression on GaussianCopula_HYBRID
2025-05-08 18:51:16,816 - INFO - Preparing evaluation for model 'RandomForest' across all datasets...
2025-05-08 18:51:16,816 - INFO - Evaluating RandomForest on Original...
2025-05-08 18:51:16,822 - INFO - Predictions completed for RandomForest on Original
2025-05-08 18:51:16,822 - INFO - Prediction distribution for RandomForest on Original: {'Y': 105, 'N': 39}
2025-05-08 18:51:16,840 - INFO - Computed 8 metric(s) for RandomForest on Original
2025-05-08 18:51:16,840 - INFO - Evaluating RandomForest on Anonymous...
2025-05-08 18:51:16,846 - INFO - Predictions completed for RandomForest on Anonymous
2025-05-08 18:51:16,846 - INFO - Prediction distribution for RandomForest on Anonymous: {'Y': 103, 'N': 41}
2025-05-08 18:51:16,864 - INFO - Computed 8 metric(s) for RandomForest on Anonymous
2025-05-08 18:51:16,864 - INFO - Evaluating RandomForest on CTGAN_HYBRID...
2025-05-08 18:51:16,870 - INFO - Predictions completed for RandomForest on CTGAN_HYBRID
2025-05-08 18:51:16,870 - INFO - Prediction distribution for RandomForest on CTGAN_HYBRID: {'Y': 116, 'N': 28}
2025-05-08 18:51:16,889 - INFO - Computed 8 metric(s) for RandomForest on CTGAN_HYBRID
2025-05-08 18:51:16,889 - INFO - Evaluating RandomForest on GaussianCopula_HYBRID...
2025-05-08 18:51:16,894 - INFO - Predictions completed for RandomForest on GaussianCopula_HYBRID
2025-05-08 18:51:16,895 - INFO - Prediction distribution for RandomForest on GaussianCopula_HYBRID: {'Y': 105, 'N': 39}
2025-05-08 18:51:16,913 - INFO - Computed 8 metric(s) for RandomForest on GaussianCopula_HYBRID
2025-05-08 18:51:16,913 - INFO - Preparing evaluation for model 'SVM' across all datasets...
2025-05-08 18:51:16,913 - INFO - Evaluating SVM on Original...
2025-05-08 18:51:16,915 - INFO - Predictions completed for SVM on Original
2025-05-08 18:51:16,915 - INFO - Prediction distribution for SVM on Original: {'Y': 144}
2025-05-08 18:51:16,915 - WARNING -  [WARNING] :SVM on Original predicted only one class: {'Y'}
2025-05-08 18:51:16,917 - WARNING - [UndefinedMetricWarning] Precision is ill-defined and being set to 0.0 in labels with no predicted samples. Use `zero_division` parameter to control this behavior. (from /mnt/NVMETank/Projects/Students/Dele/A-STUDY-INTO-THE-QUALITY-AND-USABILITY-OF-PRIVACY-FRIENDLY-SYNTHETIC-DATA/.venv/lib/python3.12/site-packages/sklearn/metrics/_classification.py:1565)
2025-05-08 18:51:16,918 - WARNING - [UndefinedMetricWarning] Precision is ill-defined and being set to 0.0 in labels with no predicted samples. Use `zero_division` parameter to control this behavior. (from /mnt/NVMETank/Projects/Students/Dele/A-STUDY-INTO-THE-QUALITY-AND-USABILITY-OF-PRIVACY-FRIENDLY-SYNTHETIC-DATA/.venv/lib/python3.12/site-packages/sklearn/metrics/_classification.py:1565)
2025-05-08 18:51:16,920 - WARNING - [UndefinedMetricWarning] Precision is ill-defined and being set to 0.0 in labels with no predicted samples. Use `zero_division` parameter to control this behavior. (from /mnt/NVMETank/Projects/Students/Dele/A-STUDY-INTO-THE-QUALITY-AND-USABILITY-OF-PRIVACY-FRIENDLY-SYNTHETIC-DATA/.venv/lib/python3.12/site-packages/sklearn/metrics/_classification.py:1565)
2025-05-08 18:51:16,921 - INFO - Computed 8 metric(s) for SVM on Original
2025-05-08 18:51:16,921 - INFO - Evaluating SVM on Anonymous...
2025-05-08 18:51:16,923 - INFO - Predictions completed for SVM on Anonymous
2025-05-08 18:51:16,924 - INFO - Prediction distribution for SVM on Anonymous: {'Y': 144}
2025-05-08 18:51:16,924 - WARNING -  [WARNING] :SVM on Anonymous predicted only one class: {'Y'}
2025-05-08 18:51:16,925 - WARNING - [UndefinedMetricWarning] Precision is ill-defined and being set to 0.0 in labels with no predicted samples. Use `zero_division` parameter to control this behavior. (from /mnt/NVMETank/Projects/Students/Dele/A-STUDY-INTO-THE-QUALITY-AND-USABILITY-OF-PRIVACY-FRIENDLY-SYNTHETIC-DATA/.venv/lib/python3.12/site-packages/sklearn/metrics/_classification.py:1565)
2025-05-08 18:51:16,927 - WARNING - [UndefinedMetricWarning] Precision is ill-defined and being set to 0.0 in labels with no predicted samples. Use `zero_division` parameter to control this behavior. (from /mnt/NVMETank/Projects/Students/Dele/A-STUDY-INTO-THE-QUALITY-AND-USABILITY-OF-PRIVACY-FRIENDLY-SYNTHETIC-DATA/.venv/lib/python3.12/site-packages/sklearn/metrics/_classification.py:1565)
2025-05-08 18:51:16,928 - WARNING - [UndefinedMetricWarning] Precision is ill-defined and being set to 0.0 in labels with no predicted samples. Use `zero_division` parameter to control this behavior. (from /mnt/NVMETank/Projects/Students/Dele/A-STUDY-INTO-THE-QUALITY-AND-USABILITY-OF-PRIVACY-FRIENDLY-SYNTHETIC-DATA/.venv/lib/python3.12/site-packages/sklearn/metrics/_classification.py:1565)
2025-05-08 18:51:16,930 - INFO - Computed 8 metric(s) for SVM on Anonymous
2025-05-08 18:51:16,930 - INFO - Evaluating SVM on CTGAN_HYBRID...
2025-05-08 18:51:16,932 - INFO - Predictions completed for SVM on CTGAN_HYBRID
2025-05-08 18:51:16,932 - INFO - Prediction distribution for SVM on CTGAN_HYBRID: {'Y': 132, 'N': 12}
2025-05-08 18:51:16,938 - INFO - Computed 8 metric(s) for SVM on CTGAN_HYBRID
2025-05-08 18:51:16,938 - INFO - Evaluating SVM on GaussianCopula_HYBRID...
2025-05-08 18:51:16,940 - INFO - Predictions completed for SVM on GaussianCopula_HYBRID
2025-05-08 18:51:16,941 - INFO - Prediction distribution for SVM on GaussianCopula_HYBRID: {'Y': 144}
2025-05-08 18:51:16,941 - WARNING -  [WARNING] :SVM on GaussianCopula_HYBRID predicted only one class: {'Y'}
2025-05-08 18:51:16,942 - WARNING - [UndefinedMetricWarning] Precision is ill-defined and being set to 0.0 in labels with no predicted samples. Use `zero_division` parameter to control this behavior. (from /mnt/NVMETank/Projects/Students/Dele/A-STUDY-INTO-THE-QUALITY-AND-USABILITY-OF-PRIVACY-FRIENDLY-SYNTHETIC-DATA/.venv/lib/python3.12/site-packages/sklearn/metrics/_classification.py:1565)
2025-05-08 18:51:16,944 - WARNING - [UndefinedMetricWarning] Precision is ill-defined and being set to 0.0 in labels with no predicted samples. Use `zero_division` parameter to control this behavior. (from /mnt/NVMETank/Projects/Students/Dele/A-STUDY-INTO-THE-QUALITY-AND-USABILITY-OF-PRIVACY-FRIENDLY-SYNTHETIC-DATA/.venv/lib/python3.12/site-packages/sklearn/metrics/_classification.py:1565)
2025-05-08 18:51:16,945 - WARNING - [UndefinedMetricWarning] Precision is ill-defined and being set to 0.0 in labels with no predicted samples. Use `zero_division` parameter to control this behavior. (from /mnt/NVMETank/Projects/Students/Dele/A-STUDY-INTO-THE-QUALITY-AND-USABILITY-OF-PRIVACY-FRIENDLY-SYNTHETIC-DATA/.venv/lib/python3.12/site-packages/sklearn/metrics/_classification.py:1565)
2025-05-08 18:51:16,947 - INFO - Computed 8 metric(s) for SVM on GaussianCopula_HYBRID
2025-05-08 18:51:16,950 - INFO - Evaluation completed for all models.
2025-05-08 18:51:16,950 - INFO - Model evaluation completed in 0.29 seconds.
2025-05-08 18:51:16,952 - INFO - Evaluated models: ['DecisionTree', 'KNN', 'LogisticRegression', 'RandomForest', 'SVM']
2025-05-08 18:51:16,952 - INFO - Model Training and Evaluation completed.
2025-05-08 18:51:17,502 - INFO -  Visualizations saved.
2025-05-08 18:51:17,502 - INFO -  Benchmarking Completed. Results saved in output folder.
