2025-05-08 11:10:03,979 - INFO - Loaded config file: configs/generated_configs/censusIncome/censusIncome_anon_k12_sl1p0_l1.yaml
2025-05-08 11:10:03,979 - INFO -  Benchmarking started for dataset: censusIncome
2025-05-08 11:10:03,979 - INFO - Using dataset path: /mnt/NVMETank/Projects/Students/Dele/A-STUDY-INTO-THE-QUALITY-AND-USABILITY-OF-PRIVACY-FRIENDLY-SYNTHETIC-DATA/datasets/original/censusIncome.csv
2025-05-08 11:10:03,979 - INFO - Target column: income, separator: ','
2025-05-08 11:10:03,979 - INFO - Configuration loaded: enable_anonymization = True, enable_synthesis = False, enable_hybrid = False, enable_utility = True, delete_after_evaluation = False
2025-05-08 11:10:03,979 - INFO - Running preprocessing...
2025-05-08 11:10:03,984 - INFO -  [PREPROCESSING] Preprocessed files found. Skipping preprocessing.
2025-05-08 11:10:04,116 - INFO - Preprocessing completed. Rows before: 48842, after: 39073
2025-05-08 11:10:04,116 - INFO - Preprocessed data saved to: outputs/batch/censusIncome_batch_2025-05-08_10-04-54/censusIncome_anon_k12_sl1p0_l1/preprocessing_report.txt
2025-05-08 11:10:04,116 - INFO - enable_anonymization = True
2025-05-08 11:10:04,116 - INFO - Starting Anonymization Pipeline with output path: /mnt/NVMETank/Projects/Students/Dele/A-STUDY-INTO-THE-QUALITY-AND-USABILITY-OF-PRIVACY-FRIENDLY-SYNTHETIC-DATA/datasets/anonymized/censusIncome_k12_l1_sup100_anonymized.csv.......
2025-05-08 11:10:04,121 - INFO -  [ANONYMIZATION] Executing run_anonymization, config_path : configs/generated_configs/censusIncome/censusIncome_anon_k12_sl1p0_l1.yaml...........
2025-05-08 11:10:04,121 - INFO -  [ANONYMIZATION] Using JAR file at /mnt/NVMETank/Projects/Students/Dele/A-STUDY-INTO-THE-QUALITY-AND-USABILITY-OF-PRIVACY-FRIENDLY-SYNTHETIC-DATA/src/anonymization/anonymARXij/bin/anonymARXij.jar to anonymize the dataset.
2025-05-08 11:10:37,681 - INFO -  [ANONYMIZATION] Anonimized file saved to : /mnt/NVMETank/Projects/Students/Dele/A-STUDY-INTO-THE-QUALITY-AND-USABILITY-OF-PRIVACY-FRIENDLY-SYNTHETIC-DATA/datasets/anonymized/censusIncome_k12_l1_sup100_anonymized.csv
2025-05-08 11:10:37,681 - INFO -  [ANONYMIZATION] Java anonymization completed successfully.
2025-05-08 11:10:37,681 - INFO -  [ANONYMIZATION] Java STDOUT:
📄 Java received config path: /mnt/NVMETank/Projects/Students/Dele/A-STUDY-INTO-THE-QUALITY-AND-USABILITY-OF-PRIVACY-FRIENDLY-SYNTHETIC-DATA/configs/generated_configs/censusIncome/censusIncome_anon_k12_sl1p0_l1.yaml
🔹 Loading config from: /mnt/NVMETank/Projects/Students/Dele/A-STUDY-INTO-THE-QUALITY-AND-USABILITY-OF-PRIVACY-FRIENDLY-SYNTHETIC-DATA/configs/generated_configs/censusIncome/censusIncome_anon_k12_sl1p0_l1.yaml
Loading config from: /mnt/NVMETank/Projects/Students/Dele/A-STUDY-INTO-THE-QUALITY-AND-USABILITY-OF-PRIVACY-FRIENDLY-SYNTHETIC-DATA/configs/generated_configs/censusIncome/censusIncome_anon_k12_sl1p0_l1.yaml
📂 Dataset Path (from args): /mnt/NVMETank/Projects/Students/Dele/A-STUDY-INTO-THE-QUALITY-AND-USABILITY-OF-PRIVACY-FRIENDLY-SYNTHETIC-DATA/datasets/train/censusIncome_train_raw.csv
🔹 Dataset Separator: ,
🔹 Suppression Limit: 1.0

🔹 Configured Attributes:
  ✅ Quasi-Identifier: age
  ✅ Quasi-Identifier: education
  ✅ Quasi-Identifier: workclass
  ✅ Quasi-Identifier: marital-status
  ✅ Quasi-Identifier: occupation
  ✅ Quasi-Identifier: race
  ✅ Quasi-Identifier: sex
  ✅ Quasi-Identifier: native-country
  ✅ Sensitive Attribute: income
  ✅ Insensitive Attribute: fnlwgt
  ✅ Insensitive Attribute: hours-per-week
  ✅ Insensitive Attribute: capital-gain
  ✅ Insensitive Attribute: capital-loss
  ✅ Insensitive Attribute: relationship
  ✅ Insensitive Attribute: education-num

🔹 Defined Hierarchies:
  ✅ education -> /mnt/NVMETank/Projects/Students/Dele/A-STUDY-INTO-THE-QUALITY-AND-USABILITY-OF-PRIVACY-FRIENDLY-SYNTHETIC-DATA/src/anonymization/anonymARXij/src/hierarchies_censusIncome/education.csv
  ✅ occupation -> /mnt/NVMETank/Projects/Students/Dele/A-STUDY-INTO-THE-QUALITY-AND-USABILITY-OF-PRIVACY-FRIENDLY-SYNTHETIC-DATA/src/anonymization/anonymARXij/src/hierarchies_censusIncome/occupation.csv
  ✅ workclass -> /mnt/NVMETank/Projects/Students/Dele/A-STUDY-INTO-THE-QUALITY-AND-USABILITY-OF-PRIVACY-FRIENDLY-SYNTHETIC-DATA/src/anonymization/anonymARXij/src/hierarchies_censusIncome/workclass.csv
  ✅ native-country -> /mnt/NVMETank/Projects/Students/Dele/A-STUDY-INTO-THE-QUALITY-AND-USABILITY-OF-PRIVACY-FRIENDLY-SYNTHETIC-DATA/src/anonymization/anonymARXij/src/hierarchies_censusIncome/native-country.csv
  ✅ race -> /mnt/NVMETank/Projects/Students/Dele/A-STUDY-INTO-THE-QUALITY-AND-USABILITY-OF-PRIVACY-FRIENDLY-SYNTHETIC-DATA/src/anonymization/anonymARXij/src/hierarchies_censusIncome/race.csv
  ✅ sex -> /mnt/NVMETank/Projects/Students/Dele/A-STUDY-INTO-THE-QUALITY-AND-USABILITY-OF-PRIVACY-FRIENDLY-SYNTHETIC-DATA/src/anonymization/anonymARXij/src/hierarchies_censusIncome/sex.csv
  ✅ marital-status -> /mnt/NVMETank/Projects/Students/Dele/A-STUDY-INTO-THE-QUALITY-AND-USABILITY-OF-PRIVACY-FRIENDLY-SYNTHETIC-DATA/src/anonymization/anonymARXij/src/hierarchies_censusIncome/marital-status.csv
  ✅ age -> /mnt/NVMETank/Projects/Students/Dele/A-STUDY-INTO-THE-QUALITY-AND-USABILITY-OF-PRIVACY-FRIENDLY-SYNTHETIC-DATA/src/anonymization/anonymARXij/src/hierarchies_censusIncome/age.csv
Java is searching for hierarchy file at: /mnt/NVMETank/Projects/Students/Dele/A-STUDY-INTO-THE-QUALITY-AND-USABILITY-OF-PRIVACY-FRIENDLY-SYNTHETIC-DATA/src/anonymization/anonymARXij/src/hierarchies_censusIncome/education.csv
Java is searching for hierarchy file at: /mnt/NVMETank/Projects/Students/Dele/A-STUDY-INTO-THE-QUALITY-AND-USABILITY-OF-PRIVACY-FRIENDLY-SYNTHETIC-DATA/src/anonymization/anonymARXij/src/hierarchies_censusIncome/occupation.csv
Java is searching for hierarchy file at: /mnt/NVMETank/Projects/Students/Dele/A-STUDY-INTO-THE-QUALITY-AND-USABILITY-OF-PRIVACY-FRIENDLY-SYNTHETIC-DATA/src/anonymization/anonymARXij/src/hierarchies_censusIncome/workclass.csv
Java is searching for hierarchy file at: /mnt/NVMETank/Projects/Students/Dele/A-STUDY-INTO-THE-QUALITY-AND-USABILITY-OF-PRIVACY-FRIENDLY-SYNTHETIC-DATA/src/anonymization/anonymARXij/src/hierarchies_censusIncome/native-country.csv
Java is searching for hierarchy file at: /mnt/NVMETank/Projects/Students/Dele/A-STUDY-INTO-THE-QUALITY-AND-USABILITY-OF-PRIVACY-FRIENDLY-SYNTHETIC-DATA/src/anonymization/anonymARXij/src/hierarchies_censusIncome/race.csv
Java is searching for hierarchy file at: /mnt/NVMETank/Projects/Students/Dele/A-STUDY-INTO-THE-QUALITY-AND-USABILITY-OF-PRIVACY-FRIENDLY-SYNTHETIC-DATA/src/anonymization/anonymARXij/src/hierarchies_censusIncome/sex.csv
Java is searching for hierarchy file at: /mnt/NVMETank/Projects/Students/Dele/A-STUDY-INTO-THE-QUALITY-AND-USABILITY-OF-PRIVACY-FRIENDLY-SYNTHETIC-DATA/src/anonymization/anonymARXij/src/hierarchies_censusIncome/marital-status.csv
Java is searching for hierarchy file at: /mnt/NVMETank/Projects/Students/Dele/A-STUDY-INTO-THE-QUALITY-AND-USABILITY-OF-PRIVACY-FRIENDLY-SYNTHETIC-DATA/src/anonymization/anonymARXij/src/hierarchies_censusIncome/age.csv
✓ Applied Distinct L-Diversity on: income (l=1)
🔹 Privacy Models Configured
📂 Anonymized Output Path (from args): /mnt/NVMETank/Projects/Students/Dele/A-STUDY-INTO-THE-QUALITY-AND-USABILITY-OF-PRIVACY-FRIENDLY-SYNTHETIC-DATA/datasets/anonymized/censusIncome_k12_l1_sup100_anonymized.csv
📂 Anonymized Output Path: /mnt/NVMETank/Projects/Students/Dele/A-STUDY-INTO-THE-QUALITY-AND-USABILITY-OF-PRIVACY-FRIENDLY-SYNTHETIC-DATA/datasets/anonymized/censusIncome_k12_l1_sup100_anonymized.csv
✅ Anonymization completed. Output saved to: /mnt/NVMETank/Projects/Students/Dele/A-STUDY-INTO-THE-QUALITY-AND-USABILITY-OF-PRIVACY-FRIENDLY-SYNTHETIC-DATA/datasets/anonymized/censusIncome_k12_l1_sup100_anonymized.csv
Anonymized Data Quality Metrics:
 - Ambiguity: 0.8956873885783839
 - AECS: 0.9973044316152294
 - Discernibility: 0.8799219257451811
 - Granularity: 0.7213081417565028
 - MSE: 0.7950116600414212
 - Non-Uniform Entropy: 0.41055696134898123
 - Precision: 0.5392954945138453
 - Record-level SE: 0.6251629716947928
Equivalence Class Statistics:
 - Number of Classes: 327
 - Average Class Size: 107.02752293577981
Suppression Statistics:
 - Suppressed Records: 4075
 - Suppression Percentage: 10.43%
2025-05-08 11:10:37,682 - INFO - Anonymized data saved to: /mnt/NVMETank/Projects/Students/Dele/A-STUDY-INTO-THE-QUALITY-AND-USABILITY-OF-PRIVACY-FRIENDLY-SYNTHETIC-DATA/datasets/anonymized/censusIncome_k12_l1_sup100_anonymized.csv
2025-05-08 11:10:37,812 - INFO - Anonymous data report saved at: outputs/batch/censusIncome_batch_2025-05-08_10-04-54/censusIncome_anon_k12_sl1p0_l1/anonymous_data_report.txt
2025-05-08 11:10:37,812 - INFO -  [POSTPROCESSING] Postprocessing anonymized data: /mnt/NVMETank/Projects/Students/Dele/A-STUDY-INTO-THE-QUALITY-AND-USABILITY-OF-PRIVACY-FRIENDLY-SYNTHETIC-DATA/datasets/anonymized/censusIncome_k12_l1_sup100_anonymized.csv
2025-05-08 11:10:37,848 - INFO -  [POSTPROCESSING] Loaded anonymized data: (39073, 15)
2025-05-08 11:10:37,947 - INFO -  [POSTPROCESSING] Loaded fallback maps from training data. Categorical cols: 9, Numeric cols: 6
2025-05-08 11:10:37,947 - INFO -  [POSTPROCESSING] Normalizing anonymized data using ARX artifact cleaning and fallback values.
2025-05-08 11:10:39,161 - INFO -  [POSTPROCESSING] Normalized anonymized data saved to: /mnt/NVMETank/Projects/Students/Dele/A-STUDY-INTO-THE-QUALITY-AND-USABILITY-OF-PRIVACY-FRIENDLY-SYNTHETIC-DATA/datasets/anonymized/censusIncome_k12_l1_sup100_anonymized_processed.csv
2025-05-08 11:10:39,275 - INFO -  [POSTPROCESSING] Binary Encoding applied to anonymized data. Encoded shape: (39073, 37)
2025-05-08 11:10:39,443 - INFO -  [POSTPROCESSING] Encoded anonymized dataset saved to: /mnt/NVMETank/Projects/Students/Dele/A-STUDY-INTO-THE-QUALITY-AND-USABILITY-OF-PRIVACY-FRIENDLY-SYNTHETIC-DATA/datasets/anonymized/censusIncome_k12_l1_sup100_anonymized_encoded.csv
2025-05-08 11:10:39,443 - INFO -  [POSTPROCESSING] Encoding map generated for anonymized data: 0 original categorical columns.
2025-05-08 11:10:39,446 - INFO - Postprocessing report saved at: outputs/batch/censusIncome_batch_2025-05-08_10-04-54/censusIncome_anon_k12_sl1p0_l1/postprocessing_report.txt
2025-05-08 11:10:39,446 - INFO - enable_synthetic_generation = False
2025-05-08 11:10:39,446 - INFO - Synthetic Data Generation Skipped (Disabled in Configuration).
2025-05-08 11:10:39,446 - INFO - Hybrid Pipeline skipped (disabled in configuration).
2025-05-08 11:10:39,446 - INFO - Starting Utility...
2025-05-08 11:10:39,446 - INFO - [UTILITY] Preparing datasets for machine learning...
2025-05-08 11:10:39,449 - INFO - [UTILITY] Original Data - Training Size: 39073, Testing Size: 9769
2025-05-08 11:10:39,450 - INFO - [UTILITY] Target class distribution (Original): {'<=50K': 19775, '<=50K.': 9948, '>50K': 6273, '>50K.': 3077}
2025-05-08 11:10:39,451 - INFO - [UTILITY] Processing anonymized dataset...
2025-05-08 11:10:39,454 - INFO - [UTILITY] Anonymized Data - Training Size: 39073
2025-05-08 11:10:39,456 - INFO - [UTILITY] Target class distribution (Anonymous): {'<=50K': 19775, '<=50K.': 9948, '>50K': 6273, '>50K.': 3077}
2025-05-08 11:10:39,456 - INFO - [UTILITY] Training models on all datasets...
2025-05-08 11:10:39,456 - INFO - [UTILITY] Total datasets used for training: 2
2025-05-08 11:10:39,456 - INFO - [TRAINING] Training models from scratch...
2025-05-08 11:10:39,457 - INFO - [TRAINING] Starting training for dataset: Original — Rows: 39073, Features: 36
2025-05-08 11:10:39,457 - INFO - [TRAINING] Training DecisionTree on Original...
2025-05-08 11:10:39,802 - INFO - [TRAINING] DecisionTree trained successfully on Original in 0.35 sec
2025-05-08 11:10:39,802 - INFO - [TRAINING] Training KNN on Original...
2025-05-08 11:10:39,831 - INFO - [TRAINING] KNN trained successfully on Original in 0.03 sec
2025-05-08 11:10:39,831 - INFO - [TRAINING] Training LogisticRegression on Original...
2025-05-08 11:10:40,474 - INFO - [TRAINING] LogisticRegression trained successfully on Original in 0.64 sec
2025-05-08 11:10:40,474 - INFO - [TRAINING] Training RandomForest on Original...
2025-05-08 11:10:44,937 - INFO - [TRAINING] RandomForest trained successfully on Original in 4.46 sec
2025-05-08 11:10:44,937 - INFO - [TRAINING] Training SVM on Original...
2025-05-08 11:11:21,768 - INFO - [TRAINING] SVM trained successfully on Original in 36.83 sec
2025-05-08 11:11:21,768 - INFO - [TRAINING] Finished training 5 model(s) for dataset: Original
2025-05-08 11:11:21,768 - INFO - [TRAINING] Starting training for dataset: Anonymous — Rows: 39073, Features: 36
2025-05-08 11:11:21,768 - INFO - [TRAINING] Training DecisionTree on Anonymous...
2025-05-08 11:11:22,067 - INFO - [TRAINING] DecisionTree trained successfully on Anonymous in 0.30 sec
2025-05-08 11:11:22,067 - INFO - [TRAINING] Training KNN on Anonymous...
2025-05-08 11:11:22,133 - INFO - [TRAINING] KNN trained successfully on Anonymous in 0.07 sec
2025-05-08 11:11:22,133 - INFO - [TRAINING] Training LogisticRegression on Anonymous...
2025-05-08 11:11:23,087 - INFO - [TRAINING] LogisticRegression trained successfully on Anonymous in 0.95 sec
2025-05-08 11:11:23,087 - INFO - [TRAINING] Training RandomForest on Anonymous...
2025-05-08 11:11:27,011 - INFO - [TRAINING] RandomForest trained successfully on Anonymous in 3.92 sec
2025-05-08 11:11:27,011 - INFO - [TRAINING] Training SVM on Anonymous...
2025-05-08 11:12:04,142 - INFO - [TRAINING] SVM trained successfully on Anonymous in 37.13 sec
2025-05-08 11:12:04,142 - INFO - [TRAINING] Finished training 5 model(s) for dataset: Anonymous
2025-05-08 11:12:04,142 - INFO - [TRAINING] Total models trained across all datasets: 10
2025-05-08 11:12:04,142 - INFO - [UTILITY] Trained model names: ['Original', 'Anonymous']
2025-05-08 11:12:04,142 - INFO - [UTILITY] Model Training Completed.
2025-05-08 11:12:04,142 - INFO - Starting the Evaluating of models...
2025-05-08 11:12:04,142 - INFO - Preparing evaluation for model 'DecisionTree' across all datasets...
2025-05-08 11:12:04,142 - INFO - Evaluating DecisionTree on Original...
2025-05-08 11:12:04,147 - INFO - Predictions completed for DecisionTree on Original
2025-05-08 11:12:04,148 - INFO - Prediction distribution for DecisionTree on Original: {'<=50K': 4767, '<=50K.': 2510, '>50K': 1642, '>50K.': 850}
2025-05-08 11:12:04,246 - INFO - Computed 8 metric(s) for DecisionTree on Original
2025-05-08 11:12:04,246 - INFO - Evaluating DecisionTree on Anonymous...
2025-05-08 11:12:04,250 - INFO - Predictions completed for DecisionTree on Anonymous
2025-05-08 11:12:04,251 - INFO - Prediction distribution for DecisionTree on Anonymous: {'<=50K': 4872, '<=50K.': 2637, '>50K': 1459, '>50K.': 801}
2025-05-08 11:12:04,348 - INFO - Computed 8 metric(s) for DecisionTree on Anonymous
2025-05-08 11:12:04,349 - INFO - Preparing evaluation for model 'KNN' across all datasets...
2025-05-08 11:12:04,349 - INFO - Evaluating KNN on Original...
2025-05-08 11:12:07,081 - INFO - Predictions completed for KNN on Original
2025-05-08 11:12:07,082 - INFO - Prediction distribution for KNN on Original: {'<=50K': 7038, '<=50K.': 1542, '>50K': 1005, '>50K.': 184}
2025-05-08 11:12:12,345 - INFO - Computed 8 metric(s) for KNN on Original
2025-05-08 11:12:12,345 - INFO - Evaluating KNN on Anonymous...
2025-05-08 11:12:15,116 - INFO - Predictions completed for KNN on Anonymous
2025-05-08 11:12:15,117 - INFO - Prediction distribution for KNN on Anonymous: {'<=50K': 7093, '<=50K.': 1607, '>50K': 902, '>50K.': 167}
2025-05-08 11:12:20,298 - INFO - Computed 8 metric(s) for KNN on Anonymous
2025-05-08 11:12:20,298 - INFO - Preparing evaluation for model 'LogisticRegression' across all datasets...
2025-05-08 11:12:20,298 - INFO - Evaluating LogisticRegression on Original...
2025-05-08 11:12:20,301 - INFO - Predictions completed for LogisticRegression on Original
2025-05-08 11:12:20,301 - INFO - Prediction distribution for LogisticRegression on Original: {'<=50K': 7883, '>50K': 1884, '>50K.': 2}
2025-05-08 11:12:20,323 - WARNING - [UndefinedMetricWarning] Precision is ill-defined and being set to 0.0 in labels with no predicted samples. Use `zero_division` parameter to control this behavior. (from /mnt/NVMETank/Projects/Students/Dele/A-STUDY-INTO-THE-QUALITY-AND-USABILITY-OF-PRIVACY-FRIENDLY-SYNTHETIC-DATA/.venv/lib/python3.12/site-packages/sklearn/metrics/_classification.py:1565)
2025-05-08 11:12:20,341 - WARNING - [UndefinedMetricWarning] Precision is ill-defined and being set to 0.0 in labels with no predicted samples. Use `zero_division` parameter to control this behavior. (from /mnt/NVMETank/Projects/Students/Dele/A-STUDY-INTO-THE-QUALITY-AND-USABILITY-OF-PRIVACY-FRIENDLY-SYNTHETIC-DATA/.venv/lib/python3.12/site-packages/sklearn/metrics/_classification.py:1565)
2025-05-08 11:12:20,358 - WARNING - [UndefinedMetricWarning] Precision is ill-defined and being set to 0.0 in labels with no predicted samples. Use `zero_division` parameter to control this behavior. (from /mnt/NVMETank/Projects/Students/Dele/A-STUDY-INTO-THE-QUALITY-AND-USABILITY-OF-PRIVACY-FRIENDLY-SYNTHETIC-DATA/.venv/lib/python3.12/site-packages/sklearn/metrics/_classification.py:1565)
2025-05-08 11:12:20,400 - INFO - Computed 8 metric(s) for LogisticRegression on Original
2025-05-08 11:12:20,400 - INFO - Evaluating LogisticRegression on Anonymous...
2025-05-08 11:12:20,403 - INFO - Predictions completed for LogisticRegression on Anonymous
2025-05-08 11:12:20,403 - INFO - Prediction distribution for LogisticRegression on Anonymous: {'<=50K': 8679, '>50K': 1021, '<=50K.': 47, '>50K.': 22}
2025-05-08 11:12:20,504 - INFO - Computed 8 metric(s) for LogisticRegression on Anonymous
2025-05-08 11:12:20,505 - INFO - Preparing evaluation for model 'RandomForest' across all datasets...
2025-05-08 11:12:20,505 - INFO - Evaluating RandomForest on Original...
2025-05-08 11:12:20,701 - INFO - Predictions completed for RandomForest on Original
2025-05-08 11:12:20,702 - INFO - Prediction distribution for RandomForest on Original: {'<=50K': 6683, '>50K': 1695, '<=50K.': 1048, '>50K.': 343}
2025-05-08 11:12:21,180 - INFO - Computed 8 metric(s) for RandomForest on Original
2025-05-08 11:12:21,180 - INFO - Evaluating RandomForest on Anonymous...
2025-05-08 11:12:21,340 - INFO - Predictions completed for RandomForest on Anonymous
2025-05-08 11:12:21,340 - INFO - Prediction distribution for RandomForest on Anonymous: {'<=50K': 6887, '>50K': 1385, '<=50K.': 1188, '>50K.': 309}
2025-05-08 11:12:21,751 - INFO - Computed 8 metric(s) for RandomForest on Anonymous
2025-05-08 11:12:21,752 - INFO - Preparing evaluation for model 'SVM' across all datasets...
2025-05-08 11:12:21,752 - INFO - Evaluating SVM on Original...
2025-05-08 11:12:34,293 - INFO - Predictions completed for SVM on Original
2025-05-08 11:12:34,294 - INFO - Prediction distribution for SVM on Original: {'<=50K': 9395, '>50K': 374}
2025-05-08 11:12:34,316 - WARNING - [UndefinedMetricWarning] Precision is ill-defined and being set to 0.0 in labels with no predicted samples. Use `zero_division` parameter to control this behavior. (from /mnt/NVMETank/Projects/Students/Dele/A-STUDY-INTO-THE-QUALITY-AND-USABILITY-OF-PRIVACY-FRIENDLY-SYNTHETIC-DATA/.venv/lib/python3.12/site-packages/sklearn/metrics/_classification.py:1565)
2025-05-08 11:12:34,334 - WARNING - [UndefinedMetricWarning] Precision is ill-defined and being set to 0.0 in labels with no predicted samples. Use `zero_division` parameter to control this behavior. (from /mnt/NVMETank/Projects/Students/Dele/A-STUDY-INTO-THE-QUALITY-AND-USABILITY-OF-PRIVACY-FRIENDLY-SYNTHETIC-DATA/.venv/lib/python3.12/site-packages/sklearn/metrics/_classification.py:1565)
2025-05-08 11:12:34,351 - WARNING - [UndefinedMetricWarning] Precision is ill-defined and being set to 0.0 in labels with no predicted samples. Use `zero_division` parameter to control this behavior. (from /mnt/NVMETank/Projects/Students/Dele/A-STUDY-INTO-THE-QUALITY-AND-USABILITY-OF-PRIVACY-FRIENDLY-SYNTHETIC-DATA/.venv/lib/python3.12/site-packages/sklearn/metrics/_classification.py:1565)
2025-05-08 11:12:34,366 - INFO - Computed 8 metric(s) for SVM on Original
2025-05-08 11:12:34,366 - INFO - Evaluating SVM on Anonymous...
2025-05-08 11:12:45,973 - INFO - Predictions completed for SVM on Anonymous
2025-05-08 11:12:45,974 - INFO - Prediction distribution for SVM on Anonymous: {'<=50K': 9395, '>50K': 374}
2025-05-08 11:12:45,996 - WARNING - [UndefinedMetricWarning] Precision is ill-defined and being set to 0.0 in labels with no predicted samples. Use `zero_division` parameter to control this behavior. (from /mnt/NVMETank/Projects/Students/Dele/A-STUDY-INTO-THE-QUALITY-AND-USABILITY-OF-PRIVACY-FRIENDLY-SYNTHETIC-DATA/.venv/lib/python3.12/site-packages/sklearn/metrics/_classification.py:1565)
2025-05-08 11:12:46,013 - WARNING - [UndefinedMetricWarning] Precision is ill-defined and being set to 0.0 in labels with no predicted samples. Use `zero_division` parameter to control this behavior. (from /mnt/NVMETank/Projects/Students/Dele/A-STUDY-INTO-THE-QUALITY-AND-USABILITY-OF-PRIVACY-FRIENDLY-SYNTHETIC-DATA/.venv/lib/python3.12/site-packages/sklearn/metrics/_classification.py:1565)
2025-05-08 11:12:46,030 - WARNING - [UndefinedMetricWarning] Precision is ill-defined and being set to 0.0 in labels with no predicted samples. Use `zero_division` parameter to control this behavior. (from /mnt/NVMETank/Projects/Students/Dele/A-STUDY-INTO-THE-QUALITY-AND-USABILITY-OF-PRIVACY-FRIENDLY-SYNTHETIC-DATA/.venv/lib/python3.12/site-packages/sklearn/metrics/_classification.py:1565)
2025-05-08 11:12:46,045 - INFO - Computed 8 metric(s) for SVM on Anonymous
2025-05-08 11:12:46,048 - INFO - Evaluation completed for all models.
2025-05-08 11:12:46,048 - INFO - Model evaluation completed in 41.91 seconds.
2025-05-08 11:12:46,049 - INFO - Evaluated models: ['DecisionTree', 'KNN', 'LogisticRegression', 'RandomForest', 'SVM']
2025-05-08 11:12:46,049 - INFO - Model Training and Evaluation completed.
2025-05-08 11:12:46,491 - INFO -  Visualizations saved.
2025-05-08 11:12:46,491 - INFO -  Benchmarking Completed. Results saved in output folder.
