2025-04-23 01:12:34,617 - INFO - Loaded config file: configs/generated_configs/loan/loan_anon_k5_sl0p04_l2.yaml
2025-04-23 01:12:34,617 - INFO -  Benchmarking started for dataset: loan
2025-04-23 01:12:34,617 - INFO - Using dataset path: /mnt/NVMETank/Projects/Students/Dele/A-STUDY-INTO-THE-QUALITY-AND-USABILITY-OF-PRIVACY-FRIENDLY-SYNTHETIC-DATA/datasets/original/loan.csv
2025-04-23 01:12:34,617 - INFO - Target column: Loan_Status, separator: ','
2025-04-23 01:12:34,617 - INFO - Configuration loaded: enable_anonymization = True, enable_synthesis = False, enable_hybrid = True, enable_utility = True, delete_after_evaluation = True
2025-04-23 01:12:34,617 - INFO - Running preprocessing...
2025-04-23 01:12:34,621 - INFO -  [PREPROCESSING] Preprocessed files found. Skipping preprocessing.
2025-04-23 01:12:34,630 - INFO - Preprocessing completed. Rows before: 614, after: 336
2025-04-23 01:12:34,630 - INFO - Preprocessed data saved to: outputs/batch/loan_batch_2025-04-23_01-09-27/loan_anon_k5_sl0p04_l2/preprocessing_report.txt
2025-04-23 01:12:34,630 - INFO - enable_anonymization = True
2025-04-23 01:12:34,630 - INFO - Starting Anonymization Pipeline with output path: /mnt/NVMETank/Projects/Students/Dele/A-STUDY-INTO-THE-QUALITY-AND-USABILITY-OF-PRIVACY-FRIENDLY-SYNTHETIC-DATA/datasets/anonymized/loan_k5_l2_sup04_anonymized.csv.......
2025-04-23 01:12:34,634 - INFO -  [ANONYMIZATION] Executing run_anonymization, config_path : configs/generated_configs/loan/loan_anon_k5_sl0p04_l2.yaml...........
2025-04-23 01:12:34,634 - INFO -  [ANONYMIZATION] Using JAR file at /mnt/NVMETank/Projects/Students/Dele/A-STUDY-INTO-THE-QUALITY-AND-USABILITY-OF-PRIVACY-FRIENDLY-SYNTHETIC-DATA/src/anonymization/anonymARXij/bin/anonymARXij.jar to anonymize the dataset.
2025-04-23 01:12:35,900 - INFO -  [ANONYMIZATION] Anonimized file saved to : /mnt/NVMETank/Projects/Students/Dele/A-STUDY-INTO-THE-QUALITY-AND-USABILITY-OF-PRIVACY-FRIENDLY-SYNTHETIC-DATA/datasets/anonymized/loan_k5_l2_sup04_anonymized.csv
2025-04-23 01:12:35,900 - INFO -  [ANONYMIZATION] Java anonymization completed successfully.
2025-04-23 01:12:35,901 - INFO -  [ANONYMIZATION] Java STDOUT:
📄 Java received config path: /mnt/NVMETank/Projects/Students/Dele/A-STUDY-INTO-THE-QUALITY-AND-USABILITY-OF-PRIVACY-FRIENDLY-SYNTHETIC-DATA/configs/generated_configs/loan/loan_anon_k5_sl0p04_l2.yaml
🔹 Loading config from: /mnt/NVMETank/Projects/Students/Dele/A-STUDY-INTO-THE-QUALITY-AND-USABILITY-OF-PRIVACY-FRIENDLY-SYNTHETIC-DATA/configs/generated_configs/loan/loan_anon_k5_sl0p04_l2.yaml
Loading config from: /mnt/NVMETank/Projects/Students/Dele/A-STUDY-INTO-THE-QUALITY-AND-USABILITY-OF-PRIVACY-FRIENDLY-SYNTHETIC-DATA/configs/generated_configs/loan/loan_anon_k5_sl0p04_l2.yaml
📂 Dataset Path (from args): /mnt/NVMETank/Projects/Students/Dele/A-STUDY-INTO-THE-QUALITY-AND-USABILITY-OF-PRIVACY-FRIENDLY-SYNTHETIC-DATA/datasets/train/loan_train_raw.csv
🔹 Dataset Separator: ,
🔹 Suppression Limit: 0.04

🔹 Configured Attributes:
  ✅ Quasi-Identifier: Gender
  ✅ Quasi-Identifier: Married
  ✅ Quasi-Identifier: Education
  ✅ Sensitive Attribute: ApplicantIncome
  ✅ Insensitive Attribute: Loan_Amount_Term
  ✅ Insensitive Attribute: Dependents
  ✅ Insensitive Attribute: Loan_Status

🔹 Defined Hierarchies:
  ✅ Education -> /mnt/NVMETank/Projects/Students/Dele/A-STUDY-INTO-THE-QUALITY-AND-USABILITY-OF-PRIVACY-FRIENDLY-SYNTHETIC-DATA/src/anonymization/anonymARXij/src/hierarchies_loan/education.csv
  ✅ Married -> /mnt/NVMETank/Projects/Students/Dele/A-STUDY-INTO-THE-QUALITY-AND-USABILITY-OF-PRIVACY-FRIENDLY-SYNTHETIC-DATA/src/anonymization/anonymARXij/src/hierarchies_loan/married.csv
  ✅ Gender -> /mnt/NVMETank/Projects/Students/Dele/A-STUDY-INTO-THE-QUALITY-AND-USABILITY-OF-PRIVACY-FRIENDLY-SYNTHETIC-DATA/src/anonymization/anonymARXij/src/hierarchies_loan/gender.csv
Java is searching for hierarchy file at: /mnt/NVMETank/Projects/Students/Dele/A-STUDY-INTO-THE-QUALITY-AND-USABILITY-OF-PRIVACY-FRIENDLY-SYNTHETIC-DATA/src/anonymization/anonymARXij/src/hierarchies_loan/education.csv
Java is searching for hierarchy file at: /mnt/NVMETank/Projects/Students/Dele/A-STUDY-INTO-THE-QUALITY-AND-USABILITY-OF-PRIVACY-FRIENDLY-SYNTHETIC-DATA/src/anonymization/anonymARXij/src/hierarchies_loan/married.csv
Java is searching for hierarchy file at: /mnt/NVMETank/Projects/Students/Dele/A-STUDY-INTO-THE-QUALITY-AND-USABILITY-OF-PRIVACY-FRIENDLY-SYNTHETIC-DATA/src/anonymization/anonymARXij/src/hierarchies_loan/gender.csv
🔹 Privacy Models Configured
📂 Anonymized Output Path (from args): /mnt/NVMETank/Projects/Students/Dele/A-STUDY-INTO-THE-QUALITY-AND-USABILITY-OF-PRIVACY-FRIENDLY-SYNTHETIC-DATA/datasets/anonymized/loan_k5_l2_sup04_anonymized.csv
📂 Anonymized Output Path: /mnt/NVMETank/Projects/Students/Dele/A-STUDY-INTO-THE-QUALITY-AND-USABILITY-OF-PRIVACY-FRIENDLY-SYNTHETIC-DATA/datasets/anonymized/loan_k5_l2_sup04_anonymized.csv
✅ Anonymization completed. Output saved to: /mnt/NVMETank/Projects/Students/Dele/A-STUDY-INTO-THE-QUALITY-AND-USABILITY-OF-PRIVACY-FRIENDLY-SYNTHETIC-DATA/datasets/anonymized/loan_k5_l2_sup04_anonymized.csv
Anonymized Data Quality Metrics:
 - Ambiguity: 0.9970238095238095
 - AECS: 0.9800777453838678
 - Discernibility: 0.995875806372187
 - Granularity: 0.9970238095238095
 - MSE: 0.9970238095238095
 - Non-Uniform Entropy: 1.0
 - Precision: 0.9970238095238095
 - Record-level SE: 0.9975536288984225
Equivalence Class Statistics:
 - Number of Classes: 7
 - Average Class Size: 47.857142857142854
Suppression Statistics:
 - Suppressed Records: 1
 - Suppression Percentage: 0.30%
2025-04-23 01:12:35,901 - INFO - Anonymized data saved to: /mnt/NVMETank/Projects/Students/Dele/A-STUDY-INTO-THE-QUALITY-AND-USABILITY-OF-PRIVACY-FRIENDLY-SYNTHETIC-DATA/datasets/anonymized/loan_k5_l2_sup04_anonymized.csv
2025-04-23 01:12:35,914 - INFO - Anonymous data report saved at: outputs/batch/loan_batch_2025-04-23_01-09-27/loan_anon_k5_sl0p04_l2/anonymous_data_report.txt
2025-04-23 01:12:35,914 - INFO -  [POSTPROCESSING] Postprocessing anonymized data: /mnt/NVMETank/Projects/Students/Dele/A-STUDY-INTO-THE-QUALITY-AND-USABILITY-OF-PRIVACY-FRIENDLY-SYNTHETIC-DATA/datasets/anonymized/loan_k5_l2_sup04_anonymized.csv
2025-04-23 01:12:35,915 - INFO -  [POSTPROCESSING] Loaded anonymized data: (336, 13)
2025-04-23 01:12:35,920 - INFO -  [POSTPROCESSING] Loaded fallback maps from training data. Categorical cols: 8, Numeric cols: 5
2025-04-23 01:12:35,920 - INFO -  [POSTPROCESSING] Normalizing anonymized data using ARX artifact cleaning and fallback values.
2025-04-23 01:12:35,929 - INFO -  [POSTPROCESSING] Normalized anonymized data saved to: /mnt/NVMETank/Projects/Students/Dele/A-STUDY-INTO-THE-QUALITY-AND-USABILITY-OF-PRIVACY-FRIENDLY-SYNTHETIC-DATA/datasets/anonymized/loan_k5_l2_sup04_anonymized_processed.csv
2025-04-23 01:12:35,938 - INFO -  [POSTPROCESSING] Binary Encoding applied to anonymized data. Encoded shape: (336, 28)
2025-04-23 01:12:35,941 - INFO -  [POSTPROCESSING] Encoded anonymized dataset saved to: /mnt/NVMETank/Projects/Students/Dele/A-STUDY-INTO-THE-QUALITY-AND-USABILITY-OF-PRIVACY-FRIENDLY-SYNTHETIC-DATA/datasets/anonymized/loan_k5_l2_sup04_anonymized_encoded.csv
2025-04-23 01:12:35,941 - INFO -  [POSTPROCESSING] Encoding map generated for anonymized data: 0 original categorical columns.
2025-04-23 01:12:35,941 - INFO - Postprocessing report saved at: outputs/batch/loan_batch_2025-04-23_01-09-27/loan_anon_k5_sl0p04_l2/postprocessing_report.txt
2025-04-23 01:12:35,941 - INFO - enable_synthetic_generation = False
2025-04-23 01:12:35,941 - INFO - Synthetic Data Generation Skipped (Disabled in Configuration).
2025-04-23 01:12:35,941 - INFO - Running Hybrid Pipeline...
2025-04-23 01:12:35,941 - INFO -  [HYBRID] Executing run_hybrid...
2025-04-23 01:12:35,942 - INFO -  [HYBRID] Looking for encoded anonymized data in /mnt/NVMETank/Projects/Students/Dele/A-STUDY-INTO-THE-QUALITY-AND-USABILITY-OF-PRIVACY-FRIENDLY-SYNTHETIC-DATA/datasets/anonymized/loan_k5_l2_sup04_anonymized_encoded.csv
2025-04-23 01:12:35,942 - INFO -  [HYBRID ] Loaded cached encoded anonymous data from /mnt/NVMETank/Projects/Students/Dele/A-STUDY-INTO-THE-QUALITY-AND-USABILITY-OF-PRIVACY-FRIENDLY-SYNTHETIC-DATA/datasets/anonymized/loan_k5_l2_sup04_anonymized_encoded.csv
2025-04-23 01:12:35,943 - INFO -  [HYBRID] Starting synthetic generation for hybrid pipeline...
2025-04-23 01:12:35,944 - INFO - Executing run_synthetic.....
2025-04-23 01:12:35,944 - INFO - [SYNTHETIC PIPELINE] executing run_synthetic for loan_k5_l2_sup04...
2025-04-23 01:12:35,944 - INFO - [SYNTHETIC] Processing dataset: loan_k5_l2_sup04
2025-04-23 01:12:35,944 - INFO - [SYNTHETIC] Original dataset size: 336 rows
2025-04-23 01:12:35,965 - INFO - Detected metadata:
2025-04-23 01:12:35,965 - INFO - {
    "METADATA_SPEC_VERSION": "SINGLE_TABLE_V1",
    "columns": {
        "Loan_ID_0": {
            "sdtype": "categorical"
        },
        "Loan_ID_1": {
            "sdtype": "categorical"
        },
        "Loan_ID_2": {
            "sdtype": "categorical"
        },
        "Loan_ID_3": {
            "sdtype": "categorical"
        },
        "Loan_ID_4": {
            "sdtype": "categorical"
        },
        "Loan_ID_5": {
            "sdtype": "categorical"
        },
        "Loan_ID_6": {
            "sdtype": "categorical"
        },
        "Loan_ID_7": {
            "sdtype": "categorical"
        },
        "Loan_ID_8": {
            "sdtype": "categorical"
        },
        "Gender_0": {
            "sdtype": "categorical"
        },
        "Gender_1": {
            "sdtype": "categorical"
        },
        "Married_0": {
            "sdtype": "categorical"
        },
        "Married_1": {
            "sdtype": "categorical"
        },
        "Dependents_0": {
            "sdtype": "categorical"
        },
        "Dependents_1": {
            "sdtype": "categorical"
        },
        "Dependents_2": {
            "sdtype": "categorical"
        },
        "Education_0": {
            "sdtype": "categorical"
        },
        "Education_1": {
            "sdtype": "categorical"
        },
        "Self_Employed_0": {
            "sdtype": "categorical"
        },
        "Self_Employed_1": {
            "sdtype": "categorical"
        },
        "ApplicantIncome": {
            "sdtype": "numerical"
        },
        "CoapplicantIncome": {
            "sdtype": "numerical"
        },
        "LoanAmount": {
            "sdtype": "categorical"
        },
        "Loan_Amount_Term": {
            "sdtype": "categorical"
        },
        "Credit_History": {
            "sdtype": "categorical"
        },
        "Property_Area_0": {
            "sdtype": "categorical"
        },
        "Property_Area_1": {
            "sdtype": "categorical"
        },
        "Loan_Status": {
            "sdtype": "categorical"
        }
    }
}
2025-04-23 01:12:35,965 - INFO - [SYNTHETIC] Preparing synthesizer: CTGAN
2025-04-23 01:12:35,965 - INFO - [SYNTHETIC] Params from config: {'epochs': 300}
2025-04-23 01:12:35,965 - INFO -  [SYNTHETIC] No pre-trained synthesizer found
2025-04-23 01:12:35,965 - INFO - [SYNTHETIC] Training new CTGAN synthesizer from scratch...
2025-04-23 01:12:35,965 - WARNING - [FutureWarning] The 'SingleTableMetadata' is deprecated. Please use the new 'Metadata' class for synthesizers. (from /mnt/NVMETank/Projects/Students/Dele/A-STUDY-INTO-THE-QUALITY-AND-USABILITY-OF-PRIVACY-FRIENDLY-SYNTHETIC-DATA/.venv/lib/python3.12/site-packages/sdv/single_table/base.py:119)
2025-04-23 01:12:35,965 - WARNING - [UserWarning] We strongly recommend saving the metadata using 'save_to_json' for replicability in future SDV versions. (from /mnt/NVMETank/Projects/Students/Dele/A-STUDY-INTO-THE-QUALITY-AND-USABILITY-OF-PRIVACY-FRIENDLY-SYNTHETIC-DATA/.venv/lib/python3.12/site-packages/sdv/single_table/base.py:104)
2025-04-23 01:12:35,969 - INFO - {'EVENT': 'Instance', 'TIMESTAMP': datetime.datetime(2025, 4, 23, 1, 12, 35, 969863), 'SYNTHESIZER CLASS NAME': 'CTGANSynthesizer', 'SYNTHESIZER ID': 'CTGANSynthesizer_1.18.0_d9cc89f068764827a678a4285c55206b'}
2025-04-23 01:12:35,969 - INFO - [SYNTHETIC] CTGAN initialized with epochs: 300
2025-04-23 01:12:35,970 - INFO - [SYNTHETIC] Training parameters for CTGAN: {}
2025-04-23 01:12:35,970 - INFO - [SYNTHETIC] fitting CTGAN 
2025-04-23 01:12:35,970 - INFO - {'EVENT': 'Fit', 'TIMESTAMP': datetime.datetime(2025, 4, 23, 1, 12, 35, 970123), 'SYNTHESIZER CLASS NAME': 'CTGANSynthesizer', 'SYNTHESIZER ID': 'CTGANSynthesizer_1.18.0_d9cc89f068764827a678a4285c55206b', 'TOTAL NUMBER OF TABLES': 1, 'TOTAL NUMBER OF ROWS': 336, 'TOTAL NUMBER OF COLUMNS': 28}
2025-04-23 01:12:35,971 - INFO - Fitting table  metadata
2025-04-23 01:12:35,971 - INFO - Fitting formatters for table 
2025-04-23 01:12:35,972 - INFO - Fitting constraints for table 
2025-04-23 01:12:35,972 - INFO - Setting the configuration for the ``HyperTransformer`` for table 
2025-04-23 01:12:35,973 - INFO - Fitting HyperTransformer for table 
2025-04-23 01:12:35,983 - INFO - {'EVENT': 'Fit processed data', 'TIMESTAMP': datetime.datetime(2025, 4, 23, 1, 12, 35, 983178), 'SYNTHESIZER CLASS NAME': 'CTGANSynthesizer', 'SYNTHESIZER ID': 'CTGANSynthesizer_1.18.0_d9cc89f068764827a678a4285c55206b', 'TOTAL NUMBER OF TABLES': 1, 'TOTAL NUMBER OF ROWS': 336, 'TOTAL NUMBER OF COLUMNS': 28}
2025-04-23 01:12:36,027 - INFO - Guidance: There are no missing values in column ApplicantIncome. Extra column not created.
2025-04-23 01:12:36,126 - INFO - Guidance: There are no missing values in column CoapplicantIncome. Extra column not created.
2025-04-23 01:13:04,610 - INFO - [SYNTHETIC] Fitting complete for CTGAN. Duration: 28.64 seconds.
2025-04-23 01:13:04,610 - INFO - [SYNTHETIC] CONFIRMATION CTGAN actually trained with epochs = 300
2025-04-23 01:13:04,610 - INFO - {'EVENT': 'Save', 'TIMESTAMP': datetime.datetime(2025, 4, 23, 1, 13, 4, 610408), 'SYNTHESIZER CLASS NAME': 'CTGANSynthesizer', 'SYNTHESIZER ID': 'CTGANSynthesizer_1.18.0_d9cc89f068764827a678a4285c55206b'}
2025-04-23 01:13:04,639 - INFO - [SYNTHETIC] CTGAN trained and saved.
2025-04-23 01:13:04,639 - INFO - [SYNTHETIC] Preparing synthesizer: GaussianCopula
2025-04-23 01:13:04,639 - INFO - [SYNTHETIC] Params from config: {}
2025-04-23 01:13:04,639 - INFO -  [SYNTHETIC] No pre-trained synthesizer found
2025-04-23 01:13:04,639 - INFO - [SYNTHETIC] Training new GaussianCopula synthesizer from scratch...
2025-04-23 01:13:04,639 - WARNING - [FutureWarning] The 'SingleTableMetadata' is deprecated. Please use the new 'Metadata' class for synthesizers. (from /mnt/NVMETank/Projects/Students/Dele/A-STUDY-INTO-THE-QUALITY-AND-USABILITY-OF-PRIVACY-FRIENDLY-SYNTHETIC-DATA/.venv/lib/python3.12/site-packages/sdv/single_table/base.py:119)
2025-04-23 01:13:04,642 - INFO - {'EVENT': 'Instance', 'TIMESTAMP': datetime.datetime(2025, 4, 23, 1, 13, 4, 642183), 'SYNTHESIZER CLASS NAME': 'GaussianCopulaSynthesizer', 'SYNTHESIZER ID': 'GaussianCopulaSynthesizer_1.18.0_85efeb01f3a24359a125c4d6a603a614'}
2025-04-23 01:13:04,642 - INFO - [SYNTHETIC] fitting GaussianCopula 
2025-04-23 01:13:04,642 - INFO - {'EVENT': 'Fit', 'TIMESTAMP': datetime.datetime(2025, 4, 23, 1, 13, 4, 642321), 'SYNTHESIZER CLASS NAME': 'GaussianCopulaSynthesizer', 'SYNTHESIZER ID': 'GaussianCopulaSynthesizer_1.18.0_85efeb01f3a24359a125c4d6a603a614', 'TOTAL NUMBER OF TABLES': 1, 'TOTAL NUMBER OF ROWS': 336, 'TOTAL NUMBER OF COLUMNS': 28}
2025-04-23 01:13:04,643 - INFO - Fitting table  metadata
2025-04-23 01:13:04,643 - INFO - Fitting formatters for table 
2025-04-23 01:13:04,645 - INFO - Fitting constraints for table 
2025-04-23 01:13:04,645 - INFO - Setting the configuration for the ``HyperTransformer`` for table 
2025-04-23 01:13:04,653 - INFO - Fitting HyperTransformer for table 
2025-04-23 01:13:04,797 - INFO - {'EVENT': 'Fit processed data', 'TIMESTAMP': datetime.datetime(2025, 4, 23, 1, 13, 4, 797669), 'SYNTHESIZER CLASS NAME': 'GaussianCopulaSynthesizer', 'SYNTHESIZER ID': 'GaussianCopulaSynthesizer_1.18.0_85efeb01f3a24359a125c4d6a603a614', 'TOTAL NUMBER OF TABLES': 1, 'TOTAL NUMBER OF ROWS': 336, 'TOTAL NUMBER OF COLUMNS': 28}
2025-04-23 01:13:04,797 - INFO - Fitting GaussianMultivariate(distribution="{'Loan_ID_0': <class 'copulas.univariate.beta.BetaUnivariate'>, 'Loan_ID_1': <class 'copulas.univariate.beta.BetaUnivariate'>, 'Loan_ID_2': <class 'copulas.univariate.beta.BetaUnivariate'>, 'Loan_ID_3': <class 'copulas.univariate.beta.BetaUnivariate'>, 'Loan_ID_4': <class 'copulas.univariate.beta.BetaUnivariate'>, 'Loan_ID_5': <class 'copulas.univariate.beta.BetaUnivariate'>, 'Loan_ID_6': <class 'copulas.univariate.beta.BetaUnivariate'>, 'Loan_ID_7': <class 'copulas.univariate.beta.BetaUnivariate'>, 'Loan_ID_8': <class 'copulas.univariate.beta.BetaUnivariate'>, 'Gender_0': <class 'copulas.univariate.beta.BetaUnivariate'>, 'Gender_1': <class 'copulas.univariate.beta.BetaUnivariate'>, 'Married_0': <class 'copulas.univariate.beta.BetaUnivariate'>, 'Married_1': <class 'copulas.univariate.beta.BetaUnivariate'>, 'Dependents_0': <class 'copulas.univariate.beta.BetaUnivariate'>, 'Dependents_1': <class 'copulas.univariate.beta.BetaUnivariate'>, 'Dependents_2': <class 'copulas.univariate.beta.BetaUnivariate'>, 'Education_0': <class 'copulas.univariate.beta.BetaUnivariate'>, 'Education_1': <class 'copulas.univariate.beta.BetaUnivariate'>, 'Self_Employed_0': <class 'copulas.univariate.beta.BetaUnivariate'>, 'Self_Employed_1': <class 'copulas.univariate.beta.BetaUnivariate'>, 'ApplicantIncome': <class 'copulas.univariate.beta.BetaUnivariate'>, 'CoapplicantIncome': <class 'copulas.univariate.beta.BetaUnivariate'>, 'LoanAmount': <class 'copulas.univariate.beta.BetaUnivariate'>, 'Loan_Amount_Term': <class 'copulas.univariate.beta.BetaUnivariate'>, 'Credit_History': <class 'copulas.univariate.beta.BetaUnivariate'>, 'Property_Area_0': <class 'copulas.univariate.beta.BetaUnivariate'>, 'Property_Area_1': <class 'copulas.univariate.beta.BetaUnivariate'>, 'Loan_Status': <class 'copulas.univariate.beta.BetaUnivariate'>}")
2025-04-23 01:13:05,484 - INFO - [SYNTHETIC] Fitting complete for GaussianCopula. Duration: 0.84 seconds.
2025-04-23 01:13:05,485 - WARNING - [SYNTHETIC] WARNING Could not determine actual epochs used for GaussianCopula
2025-04-23 01:13:05,485 - INFO - {'EVENT': 'Save', 'TIMESTAMP': datetime.datetime(2025, 4, 23, 1, 13, 5, 485060), 'SYNTHESIZER CLASS NAME': 'GaussianCopulaSynthesizer', 'SYNTHESIZER ID': 'GaussianCopulaSynthesizer_1.18.0_85efeb01f3a24359a125c4d6a603a614'}
2025-04-23 01:13:05,495 - INFO - [SYNTHETIC] GaussianCopula trained and saved.
2025-04-23 01:13:05,495 - INFO - [SYNTHETIC] Preparing synthesizer: TVAE
2025-04-23 01:13:05,495 - INFO - [SYNTHETIC] Params from config: {'epochs': 300}
2025-04-23 01:13:05,495 - INFO -  [SYNTHETIC] No pre-trained synthesizer found
2025-04-23 01:13:05,495 - INFO - [SYNTHETIC] Training new TVAE synthesizer from scratch...
2025-04-23 01:13:05,495 - WARNING - [FutureWarning] The 'SingleTableMetadata' is deprecated. Please use the new 'Metadata' class for synthesizers. (from /mnt/NVMETank/Projects/Students/Dele/A-STUDY-INTO-THE-QUALITY-AND-USABILITY-OF-PRIVACY-FRIENDLY-SYNTHETIC-DATA/.venv/lib/python3.12/site-packages/sdv/single_table/base.py:119)
2025-04-23 01:13:05,497 - INFO - {'EVENT': 'Instance', 'TIMESTAMP': datetime.datetime(2025, 4, 23, 1, 13, 5, 497894), 'SYNTHESIZER CLASS NAME': 'TVAESynthesizer', 'SYNTHESIZER ID': 'TVAESynthesizer_1.18.0_81c9b6a75556445abd35ee9156183f9a'}
2025-04-23 01:13:05,497 - INFO - [SYNTHETIC] TVAE initialized with epochs: 300
2025-04-23 01:13:05,498 - INFO - [SYNTHETIC] Training parameters for TVAE: {}
2025-04-23 01:13:05,498 - INFO - [SYNTHETIC] fitting TVAE 
2025-04-23 01:13:05,498 - INFO - {'EVENT': 'Fit', 'TIMESTAMP': datetime.datetime(2025, 4, 23, 1, 13, 5, 498142), 'SYNTHESIZER CLASS NAME': 'TVAESynthesizer', 'SYNTHESIZER ID': 'TVAESynthesizer_1.18.0_81c9b6a75556445abd35ee9156183f9a', 'TOTAL NUMBER OF TABLES': 1, 'TOTAL NUMBER OF ROWS': 336, 'TOTAL NUMBER OF COLUMNS': 28}
2025-04-23 01:13:05,499 - INFO - Fitting table  metadata
2025-04-23 01:13:05,499 - INFO - Fitting formatters for table 
2025-04-23 01:13:05,500 - INFO - Fitting constraints for table 
2025-04-23 01:13:05,500 - INFO - Setting the configuration for the ``HyperTransformer`` for table 
2025-04-23 01:13:05,501 - INFO - Fitting HyperTransformer for table 
2025-04-23 01:13:05,509 - INFO - {'EVENT': 'Fit processed data', 'TIMESTAMP': datetime.datetime(2025, 4, 23, 1, 13, 5, 509852), 'SYNTHESIZER CLASS NAME': 'TVAESynthesizer', 'SYNTHESIZER ID': 'TVAESynthesizer_1.18.0_81c9b6a75556445abd35ee9156183f9a', 'TOTAL NUMBER OF TABLES': 1, 'TOTAL NUMBER OF ROWS': 336, 'TOTAL NUMBER OF COLUMNS': 28}
2025-04-23 01:13:05,532 - INFO - Guidance: There are no missing values in column ApplicantIncome. Extra column not created.
2025-04-23 01:13:05,605 - INFO - Guidance: There are no missing values in column CoapplicantIncome. Extra column not created.
2025-04-23 01:13:08,495 - INFO - [SYNTHETIC] Fitting complete for TVAE. Duration: 3.00 seconds.
2025-04-23 01:13:08,495 - INFO - [SYNTHETIC] CONFIRMATION TVAE actually trained with epochs = 300
2025-04-23 01:13:08,495 - INFO - {'EVENT': 'Save', 'TIMESTAMP': datetime.datetime(2025, 4, 23, 1, 13, 8, 495633), 'SYNTHESIZER CLASS NAME': 'TVAESynthesizer', 'SYNTHESIZER ID': 'TVAESynthesizer_1.18.0_81c9b6a75556445abd35ee9156183f9a'}
2025-04-23 01:13:08,521 - INFO - [SYNTHETIC] TVAE trained and saved.
2025-04-23 01:13:08,521 - INFO - [SYNTHETIC] Using CTGAN to generate 336 rows...
2025-04-23 01:13:08,594 - INFO - {'EVENT': 'Sample', 'TIMESTAMP': datetime.datetime(2025, 4, 23, 1, 13, 8, 521670), 'SYNTHESIZER CLASS NAME': 'CTGANSynthesizer', 'SYNTHESIZER ID': 'CTGANSynthesizer_1.18.0_d9cc89f068764827a678a4285c55206b', 'TOTAL NUMBER OF TABLES': 1, 'TOTAL NUMBER OF ROWS': 336, 'TOTAL NUMBER OF COLUMNS': 28}
2025-04-23 01:13:08,594 - INFO - [SYNTHETIC] CTGAN completed: 336 rows generated.
2025-04-23 01:13:08,595 - INFO - [SYNTHETIC] Target class distribution for CTGAN: {'Y': 253, 'N': 83}
2025-04-23 01:13:08,595 - INFO - [SYNTHETIC] Using GaussianCopula to generate 336 rows...
2025-04-23 01:13:08,700 - INFO - {'EVENT': 'Sample', 'TIMESTAMP': datetime.datetime(2025, 4, 23, 1, 13, 8, 595262), 'SYNTHESIZER CLASS NAME': 'GaussianCopulaSynthesizer', 'SYNTHESIZER ID': 'GaussianCopulaSynthesizer_1.18.0_85efeb01f3a24359a125c4d6a603a614', 'TOTAL NUMBER OF TABLES': 1, 'TOTAL NUMBER OF ROWS': 336, 'TOTAL NUMBER OF COLUMNS': 28}
2025-04-23 01:13:08,700 - INFO - [SYNTHETIC] GaussianCopula completed: 336 rows generated.
2025-04-23 01:13:08,700 - INFO - [SYNTHETIC] Target class distribution for GaussianCopula: {'Y': 220, 'N': 116}
2025-04-23 01:13:08,700 - INFO - [SYNTHETIC] Using TVAE to generate 336 rows...
2025-04-23 01:13:08,757 - INFO - {'EVENT': 'Sample', 'TIMESTAMP': datetime.datetime(2025, 4, 23, 1, 13, 8, 701003), 'SYNTHESIZER CLASS NAME': 'TVAESynthesizer', 'SYNTHESIZER ID': 'TVAESynthesizer_1.18.0_81c9b6a75556445abd35ee9156183f9a', 'TOTAL NUMBER OF TABLES': 1, 'TOTAL NUMBER OF ROWS': 336, 'TOTAL NUMBER OF COLUMNS': 28}
2025-04-23 01:13:08,757 - INFO - [SYNTHETIC] TVAE completed: 336 rows generated.
2025-04-23 01:13:08,758 - INFO - [SYNTHETIC] Target class distribution for TVAE: {'Y': 336}
2025-04-23 01:13:08,758 - INFO - [SYNTHETIC PIPELINE] Synthetic Data Generation Completed.
2025-04-23 01:13:08,759 - INFO - [SYNTHETIC PIPELINE] Synthesizers used: ['CTGAN', 'GaussianCopula', 'TVAE']
2025-04-23 01:13:08,759 - INFO - [SYNTHETIC PIPELINE] Evaluating synthetic dataset generated by CTGAN...
2025-04-23 01:13:08,759 - INFO - [SYNTHETIC EVAL] Real data columns     (28): ['Loan_ID_0', 'Loan_ID_1', 'Loan_ID_2', 'Loan_ID_3', 'Loan_ID_4', 'Loan_ID_5', 'Loan_ID_6', 'Loan_ID_7', 'Loan_ID_8', 'Gender_0', 'Gender_1', 'Married_0', 'Married_1', 'Dependents_0', 'Dependents_1', 'Dependents_2', 'Education_0', 'Education_1', 'Self_Employed_0', 'Self_Employed_1', 'ApplicantIncome', 'CoapplicantIncome', 'LoanAmount', 'Loan_Amount_Term', 'Credit_History', 'Property_Area_0', 'Property_Area_1', 'Loan_Status']
2025-04-23 01:13:08,759 - INFO - [SYNTHETIC EVAL] Synthetic data columns (28): ['Loan_ID_0', 'Loan_ID_1', 'Loan_ID_2', 'Loan_ID_3', 'Loan_ID_4', 'Loan_ID_5', 'Loan_ID_6', 'Loan_ID_7', 'Loan_ID_8', 'Gender_0', 'Gender_1', 'Married_0', 'Married_1', 'Dependents_0', 'Dependents_1', 'Dependents_2', 'Education_0', 'Education_1', 'Self_Employed_0', 'Self_Employed_1', 'ApplicantIncome', 'CoapplicantIncome', 'LoanAmount', 'Loan_Amount_Term', 'Credit_History', 'Property_Area_0', 'Property_Area_1', 'Loan_Status']
2025-04-23 01:13:08,759 - INFO - [SYNTHETIC EVAL] Metadata columns      (28): ['Loan_ID_0', 'Loan_ID_1', 'Loan_ID_2', 'Loan_ID_3', 'Loan_ID_4', 'Loan_ID_5', 'Loan_ID_6', 'Loan_ID_7', 'Loan_ID_8', 'Gender_0', 'Gender_1', 'Married_0', 'Married_1', 'Dependents_0', 'Dependents_1', 'Dependents_2', 'Education_0', 'Education_1', 'Self_Employed_0', 'Self_Employed_1', 'ApplicantIncome', 'CoapplicantIncome', 'LoanAmount', 'Loan_Amount_Term', 'Credit_History', 'Property_Area_0', 'Property_Area_1', 'Loan_Status']
2025-04-23 01:13:08,759 - INFO - [SYNTHETIC EVAL] Shape — Real: (336, 28), Synthetic: (336, 28)
2025-04-23 01:13:08,759 - INFO - [SYNTHETIC EVAL] Metadata structure:
{
  "METADATA_SPEC_VERSION": "SINGLE_TABLE_V1",
  "columns": {
    "Loan_ID_0": {
      "sdtype": "categorical"
    },
    "Loan_ID_1": {
      "sdtype": "categorical"
    },
    "Loan_ID_2": {
      "sdtype": "categorical"
    },
    "Loan_ID_3": {
      "sdtype": "categorical"
    },
    "Loan_ID_4": {
      "sdtype": "categorical"
    },
    "Loan_ID_5": {
      "sdtype": "categorical"
    },
    "Loan_ID_6": {
      "sdtype": "categorical"
    },
    "Loan_ID_7": {
      "sdtype": "categorical"
    },
    "Loan_ID_8": {
      "sdtype": "categorical"
    },
    "Gender_0": {
      "sdtype": "categorical"
    },
    "Gender_1": {
      "sdtype": "categorical"
    },
    "Married_0": {
      "sdtype": "categorical"
    },
    "Married_1": {
      "sdtype": "categorical"
    },
    "Dependents_0": {
      "sdtype": "categorical"
    },
    "Dependents_1": {
      "sdtype": "categorical"
    },
    "Dependents_2": {
      "sdtype": "categorical"
    },
    "Education_0": {
      "sdtype": "categorical"
    },
    "Education_1": {
      "sdtype": "categorical"
    },
    "Self_Employed_0": {
      "sdtype": "categorical"
    },
    "Self_Employed_1": {
      "sdtype": "categorical"
    },
    "ApplicantIncome": {
      "sdtype": "numerical"
    },
    "CoapplicantIncome": {
      "sdtype": "numerical"
    },
    "LoanAmount": {
      "sdtype": "categorical"
    },
    "Loan_Amount_Term": {
      "sdtype": "categorical"
    },
    "Credit_History": {
      "sdtype": "categorical"
    },
    "Property_Area_0": {
      "sdtype": "categorical"
    },
    "Property_Area_1": {
      "sdtype": "categorical"
    },
    "Loan_Status": {
      "sdtype": "categorical"
    }
  }
}
2025-04-23 01:13:09,522 - INFO - [SYNTHETIC PIPELINE] Evaluating synthetic dataset generated by GaussianCopula...
2025-04-23 01:13:09,522 - INFO - [SYNTHETIC EVAL] Real data columns     (28): ['Loan_ID_0', 'Loan_ID_1', 'Loan_ID_2', 'Loan_ID_3', 'Loan_ID_4', 'Loan_ID_5', 'Loan_ID_6', 'Loan_ID_7', 'Loan_ID_8', 'Gender_0', 'Gender_1', 'Married_0', 'Married_1', 'Dependents_0', 'Dependents_1', 'Dependents_2', 'Education_0', 'Education_1', 'Self_Employed_0', 'Self_Employed_1', 'ApplicantIncome', 'CoapplicantIncome', 'LoanAmount', 'Loan_Amount_Term', 'Credit_History', 'Property_Area_0', 'Property_Area_1', 'Loan_Status']
2025-04-23 01:13:09,522 - INFO - [SYNTHETIC EVAL] Synthetic data columns (28): ['Loan_ID_0', 'Loan_ID_1', 'Loan_ID_2', 'Loan_ID_3', 'Loan_ID_4', 'Loan_ID_5', 'Loan_ID_6', 'Loan_ID_7', 'Loan_ID_8', 'Gender_0', 'Gender_1', 'Married_0', 'Married_1', 'Dependents_0', 'Dependents_1', 'Dependents_2', 'Education_0', 'Education_1', 'Self_Employed_0', 'Self_Employed_1', 'ApplicantIncome', 'CoapplicantIncome', 'LoanAmount', 'Loan_Amount_Term', 'Credit_History', 'Property_Area_0', 'Property_Area_1', 'Loan_Status']
2025-04-23 01:13:09,522 - INFO - [SYNTHETIC EVAL] Metadata columns      (28): ['Loan_ID_0', 'Loan_ID_1', 'Loan_ID_2', 'Loan_ID_3', 'Loan_ID_4', 'Loan_ID_5', 'Loan_ID_6', 'Loan_ID_7', 'Loan_ID_8', 'Gender_0', 'Gender_1', 'Married_0', 'Married_1', 'Dependents_0', 'Dependents_1', 'Dependents_2', 'Education_0', 'Education_1', 'Self_Employed_0', 'Self_Employed_1', 'ApplicantIncome', 'CoapplicantIncome', 'LoanAmount', 'Loan_Amount_Term', 'Credit_History', 'Property_Area_0', 'Property_Area_1', 'Loan_Status']
2025-04-23 01:13:09,522 - INFO - [SYNTHETIC EVAL] Shape — Real: (336, 28), Synthetic: (336, 28)
2025-04-23 01:13:09,522 - INFO - [SYNTHETIC EVAL] Metadata structure:
{
  "METADATA_SPEC_VERSION": "SINGLE_TABLE_V1",
  "columns": {
    "Loan_ID_0": {
      "sdtype": "categorical"
    },
    "Loan_ID_1": {
      "sdtype": "categorical"
    },
    "Loan_ID_2": {
      "sdtype": "categorical"
    },
    "Loan_ID_3": {
      "sdtype": "categorical"
    },
    "Loan_ID_4": {
      "sdtype": "categorical"
    },
    "Loan_ID_5": {
      "sdtype": "categorical"
    },
    "Loan_ID_6": {
      "sdtype": "categorical"
    },
    "Loan_ID_7": {
      "sdtype": "categorical"
    },
    "Loan_ID_8": {
      "sdtype": "categorical"
    },
    "Gender_0": {
      "sdtype": "categorical"
    },
    "Gender_1": {
      "sdtype": "categorical"
    },
    "Married_0": {
      "sdtype": "categorical"
    },
    "Married_1": {
      "sdtype": "categorical"
    },
    "Dependents_0": {
      "sdtype": "categorical"
    },
    "Dependents_1": {
      "sdtype": "categorical"
    },
    "Dependents_2": {
      "sdtype": "categorical"
    },
    "Education_0": {
      "sdtype": "categorical"
    },
    "Education_1": {
      "sdtype": "categorical"
    },
    "Self_Employed_0": {
      "sdtype": "categorical"
    },
    "Self_Employed_1": {
      "sdtype": "categorical"
    },
    "ApplicantIncome": {
      "sdtype": "numerical"
    },
    "CoapplicantIncome": {
      "sdtype": "numerical"
    },
    "LoanAmount": {
      "sdtype": "categorical"
    },
    "Loan_Amount_Term": {
      "sdtype": "categorical"
    },
    "Credit_History": {
      "sdtype": "categorical"
    },
    "Property_Area_0": {
      "sdtype": "categorical"
    },
    "Property_Area_1": {
      "sdtype": "categorical"
    },
    "Loan_Status": {
      "sdtype": "categorical"
    }
  }
}
2025-04-23 01:13:10,230 - INFO - [SYNTHETIC PIPELINE] Evaluating synthetic dataset generated by TVAE...
2025-04-23 01:13:10,231 - INFO - [SYNTHETIC EVAL] Real data columns     (28): ['Loan_ID_0', 'Loan_ID_1', 'Loan_ID_2', 'Loan_ID_3', 'Loan_ID_4', 'Loan_ID_5', 'Loan_ID_6', 'Loan_ID_7', 'Loan_ID_8', 'Gender_0', 'Gender_1', 'Married_0', 'Married_1', 'Dependents_0', 'Dependents_1', 'Dependents_2', 'Education_0', 'Education_1', 'Self_Employed_0', 'Self_Employed_1', 'ApplicantIncome', 'CoapplicantIncome', 'LoanAmount', 'Loan_Amount_Term', 'Credit_History', 'Property_Area_0', 'Property_Area_1', 'Loan_Status']
2025-04-23 01:13:10,231 - INFO - [SYNTHETIC EVAL] Synthetic data columns (28): ['Loan_ID_0', 'Loan_ID_1', 'Loan_ID_2', 'Loan_ID_3', 'Loan_ID_4', 'Loan_ID_5', 'Loan_ID_6', 'Loan_ID_7', 'Loan_ID_8', 'Gender_0', 'Gender_1', 'Married_0', 'Married_1', 'Dependents_0', 'Dependents_1', 'Dependents_2', 'Education_0', 'Education_1', 'Self_Employed_0', 'Self_Employed_1', 'ApplicantIncome', 'CoapplicantIncome', 'LoanAmount', 'Loan_Amount_Term', 'Credit_History', 'Property_Area_0', 'Property_Area_1', 'Loan_Status']
2025-04-23 01:13:10,231 - INFO - [SYNTHETIC EVAL] Metadata columns      (28): ['Loan_ID_0', 'Loan_ID_1', 'Loan_ID_2', 'Loan_ID_3', 'Loan_ID_4', 'Loan_ID_5', 'Loan_ID_6', 'Loan_ID_7', 'Loan_ID_8', 'Gender_0', 'Gender_1', 'Married_0', 'Married_1', 'Dependents_0', 'Dependents_1', 'Dependents_2', 'Education_0', 'Education_1', 'Self_Employed_0', 'Self_Employed_1', 'ApplicantIncome', 'CoapplicantIncome', 'LoanAmount', 'Loan_Amount_Term', 'Credit_History', 'Property_Area_0', 'Property_Area_1', 'Loan_Status']
2025-04-23 01:13:10,231 - INFO - [SYNTHETIC EVAL] Shape — Real: (336, 28), Synthetic: (336, 28)
2025-04-23 01:13:10,231 - INFO - [SYNTHETIC EVAL] Metadata structure:
{
  "METADATA_SPEC_VERSION": "SINGLE_TABLE_V1",
  "columns": {
    "Loan_ID_0": {
      "sdtype": "categorical"
    },
    "Loan_ID_1": {
      "sdtype": "categorical"
    },
    "Loan_ID_2": {
      "sdtype": "categorical"
    },
    "Loan_ID_3": {
      "sdtype": "categorical"
    },
    "Loan_ID_4": {
      "sdtype": "categorical"
    },
    "Loan_ID_5": {
      "sdtype": "categorical"
    },
    "Loan_ID_6": {
      "sdtype": "categorical"
    },
    "Loan_ID_7": {
      "sdtype": "categorical"
    },
    "Loan_ID_8": {
      "sdtype": "categorical"
    },
    "Gender_0": {
      "sdtype": "categorical"
    },
    "Gender_1": {
      "sdtype": "categorical"
    },
    "Married_0": {
      "sdtype": "categorical"
    },
    "Married_1": {
      "sdtype": "categorical"
    },
    "Dependents_0": {
      "sdtype": "categorical"
    },
    "Dependents_1": {
      "sdtype": "categorical"
    },
    "Dependents_2": {
      "sdtype": "categorical"
    },
    "Education_0": {
      "sdtype": "categorical"
    },
    "Education_1": {
      "sdtype": "categorical"
    },
    "Self_Employed_0": {
      "sdtype": "categorical"
    },
    "Self_Employed_1": {
      "sdtype": "categorical"
    },
    "ApplicantIncome": {
      "sdtype": "numerical"
    },
    "CoapplicantIncome": {
      "sdtype": "numerical"
    },
    "LoanAmount": {
      "sdtype": "categorical"
    },
    "Loan_Amount_Term": {
      "sdtype": "categorical"
    },
    "Credit_History": {
      "sdtype": "categorical"
    },
    "Property_Area_0": {
      "sdtype": "categorical"
    },
    "Property_Area_1": {
      "sdtype": "categorical"
    },
    "Loan_Status": {
      "sdtype": "categorical"
    }
  }
}
2025-04-23 01:13:11,017 - INFO -  [SYNTHETIC PIPELINE]  Synthetic Data Evaluation Completed.
2025-04-23 01:13:11,025 - INFO -  [SYNTHETIC PIPELINE] Synthetic Data Report Generated Successfully.
2025-04-23 01:13:11,165 - INFO - [HYBRID] Generated hybrid dataset shape for CTGAN: (336, 28)
2025-04-23 01:13:11,166 - INFO - [HYBRID] Target distribution for CTGAN: {'Y': 253, 'N': 83}
2025-04-23 01:13:11,169 - INFO -  [HYBRID] Saved hybrid dataset to /mnt/NVMETank/Projects/Students/Dele/A-STUDY-INTO-THE-QUALITY-AND-USABILITY-OF-PRIVACY-FRIENDLY-SYNTHETIC-DATA/datasets/hybrid/loan_k5_l2_sup04_CTGAN_HYBRID.csv
2025-04-23 01:13:11,169 - INFO - [HYBRID] Generated hybrid dataset shape for GaussianCopula: (336, 28)
2025-04-23 01:13:11,170 - INFO - [HYBRID] Target distribution for GaussianCopula: {'Y': 220, 'N': 116}
2025-04-23 01:13:11,174 - INFO -  [HYBRID] Saved hybrid dataset to /mnt/NVMETank/Projects/Students/Dele/A-STUDY-INTO-THE-QUALITY-AND-USABILITY-OF-PRIVACY-FRIENDLY-SYNTHETIC-DATA/datasets/hybrid/loan_k5_l2_sup04_GaussianCopula_HYBRID.csv
2025-04-23 01:13:11,174 - INFO - [HYBRID] Generated hybrid dataset shape for TVAE: (336, 28)
2025-04-23 01:13:11,175 - INFO - [HYBRID] Target distribution for TVAE: {'Y': 336}
2025-04-23 01:13:11,178 - INFO -  [HYBRID] Saved hybrid dataset to /mnt/NVMETank/Projects/Students/Dele/A-STUDY-INTO-THE-QUALITY-AND-USABILITY-OF-PRIVACY-FRIENDLY-SYNTHETIC-DATA/datasets/hybrid/loan_k5_l2_sup04_TVAE_HYBRID.csv
2025-04-23 01:13:11,178 - INFO -  [HYBRID] Hybrid pipeline complete — 3 dataset(s) ready.
2025-04-23 01:13:11,179 - INFO - [HYBRID] Total rows across all hybrid datasets: 1008
2025-04-23 01:13:11,179 - INFO - Hybrid pipeline completed successfully.
2025-04-23 01:13:11,179 - INFO - Hybrid pipeline duration: 35.24 seconds
2025-04-23 01:13:11,179 - INFO - Starting Utility...
2025-04-23 01:13:11,179 - INFO - [UTILITY] Preparing datasets for machine learning...
2025-04-23 01:13:11,180 - INFO - [UTILITY] Original Data - Training Size: 336, Testing Size: 144
2025-04-23 01:13:11,181 - INFO - [UTILITY] Target class distribution (Original): {'Y': 232, 'N': 104}
2025-04-23 01:13:11,181 - INFO - [UTILITY] Processing anonymized dataset...
2025-04-23 01:13:11,182 - INFO - [UTILITY] Anonymized Data - Training Size: 336
2025-04-23 01:13:11,182 - INFO - [UTILITY] Target class distribution (Anonymous): {'Y': 232, 'N': 104}
2025-04-23 01:13:11,182 - INFO - [UTILITY] Processing hybrid dataset generated by CTGAN...
2025-04-23 01:13:11,183 - INFO - [UTILITY] Hybrid Data (CTGAN_HYBRID) - Training Size: 336
2025-04-23 01:13:11,183 - INFO - [UTILITY] Target class distribution (CTGAN_HYBRID): {'Y': 253, 'N': 83}
2025-04-23 01:13:11,184 - INFO - [UTILITY] Processing hybrid dataset generated by GaussianCopula...
2025-04-23 01:13:11,184 - INFO - [UTILITY] Hybrid Data (GaussianCopula_HYBRID) - Training Size: 336
2025-04-23 01:13:11,185 - INFO - [UTILITY] Target class distribution (GaussianCopula_HYBRID): {'Y': 220, 'N': 116}
2025-04-23 01:13:11,185 - WARNING -  Skipping hybrid dataset 'TVAE_HYBRID' - only one class in target.
2025-04-23 01:13:11,185 - INFO - [UTILITY] Training models on all datasets...
2025-04-23 01:13:11,185 - INFO - [UTILITY] Total datasets used for training: 4
2025-04-23 01:13:11,186 - INFO - [TRAINING] Training models from scratch...
2025-04-23 01:13:11,186 - INFO - [TRAINING] Starting training for dataset: Original — Rows: 336, Features: 27
2025-04-23 01:13:11,186 - INFO - [TRAINING] Training DecisionTree on Original...
2025-04-23 01:13:11,190 - INFO - [TRAINING] DecisionTree trained successfully on Original in 0.00 sec
2025-04-23 01:13:11,190 - INFO - [TRAINING] Training KNN on Original...
2025-04-23 01:13:11,191 - INFO - [TRAINING] KNN trained successfully on Original in 0.00 sec
2025-04-23 01:13:11,191 - INFO - [TRAINING] Training LogisticRegression on Original...
2025-04-23 01:13:11,256 - INFO - [TRAINING] LogisticRegression trained successfully on Original in 0.06 sec
2025-04-23 01:13:11,256 - INFO - [TRAINING] Training RandomForest on Original...
2025-04-23 01:13:11,361 - INFO - [TRAINING] RandomForest trained successfully on Original in 0.10 sec
2025-04-23 01:13:11,361 - INFO - [TRAINING] Training SVM on Original...
2025-04-23 01:13:11,365 - INFO - [TRAINING] SVM trained successfully on Original in 0.00 sec
2025-04-23 01:13:11,365 - INFO - [TRAINING] Finished training 5 model(s) for dataset: Original
2025-04-23 01:13:11,365 - INFO - [TRAINING] Starting training for dataset: Anonymous — Rows: 336, Features: 27
2025-04-23 01:13:11,365 - INFO - [TRAINING] Training DecisionTree on Anonymous...
2025-04-23 01:13:11,367 - INFO - [TRAINING] DecisionTree trained successfully on Anonymous in 0.00 sec
2025-04-23 01:13:11,367 - INFO - [TRAINING] Training KNN on Anonymous...
2025-04-23 01:13:11,369 - INFO - [TRAINING] KNN trained successfully on Anonymous in 0.00 sec
2025-04-23 01:13:11,369 - INFO - [TRAINING] Training LogisticRegression on Anonymous...
2025-04-23 01:13:11,373 - INFO - [TRAINING] LogisticRegression trained successfully on Anonymous in 0.00 sec
2025-04-23 01:13:11,373 - INFO - [TRAINING] Training RandomForest on Anonymous...
2025-04-23 01:13:11,457 - INFO - [TRAINING] RandomForest trained successfully on Anonymous in 0.08 sec
2025-04-23 01:13:11,457 - INFO - [TRAINING] Training SVM on Anonymous...
2025-04-23 01:13:11,461 - INFO - [TRAINING] SVM trained successfully on Anonymous in 0.00 sec
2025-04-23 01:13:11,461 - INFO - [TRAINING] Finished training 5 model(s) for dataset: Anonymous
2025-04-23 01:13:11,461 - INFO - [TRAINING] Starting training for dataset: CTGAN_HYBRID — Rows: 336, Features: 27
2025-04-23 01:13:11,461 - INFO - [TRAINING] Training DecisionTree on CTGAN_HYBRID...
2025-04-23 01:13:11,463 - INFO - [TRAINING] DecisionTree trained successfully on CTGAN_HYBRID in 0.00 sec
2025-04-23 01:13:11,463 - INFO - [TRAINING] Training KNN on CTGAN_HYBRID...
2025-04-23 01:13:11,464 - INFO - [TRAINING] KNN trained successfully on CTGAN_HYBRID in 0.00 sec
2025-04-23 01:13:11,464 - INFO - [TRAINING] Training LogisticRegression on CTGAN_HYBRID...
2025-04-23 01:13:11,468 - INFO - [TRAINING] LogisticRegression trained successfully on CTGAN_HYBRID in 0.00 sec
2025-04-23 01:13:11,468 - INFO - [TRAINING] Training RandomForest on CTGAN_HYBRID...
2025-04-23 01:13:11,548 - INFO - [TRAINING] RandomForest trained successfully on CTGAN_HYBRID in 0.08 sec
2025-04-23 01:13:11,548 - INFO - [TRAINING] Training SVM on CTGAN_HYBRID...
2025-04-23 01:13:11,552 - INFO - [TRAINING] SVM trained successfully on CTGAN_HYBRID in 0.00 sec
2025-04-23 01:13:11,552 - INFO - [TRAINING] Finished training 5 model(s) for dataset: CTGAN_HYBRID
2025-04-23 01:13:11,552 - INFO - [TRAINING] Starting training for dataset: GaussianCopula_HYBRID — Rows: 336, Features: 27
2025-04-23 01:13:11,552 - INFO - [TRAINING] Training DecisionTree on GaussianCopula_HYBRID...
2025-04-23 01:13:11,553 - INFO - [TRAINING] DecisionTree trained successfully on GaussianCopula_HYBRID in 0.00 sec
2025-04-23 01:13:11,554 - INFO - [TRAINING] Training KNN on GaussianCopula_HYBRID...
2025-04-23 01:13:11,555 - INFO - [TRAINING] KNN trained successfully on GaussianCopula_HYBRID in 0.00 sec
2025-04-23 01:13:11,555 - INFO - [TRAINING] Training LogisticRegression on GaussianCopula_HYBRID...
2025-04-23 01:13:11,557 - INFO - [TRAINING] LogisticRegression trained successfully on GaussianCopula_HYBRID in 0.00 sec
2025-04-23 01:13:11,558 - INFO - [TRAINING] Training RandomForest on GaussianCopula_HYBRID...
2025-04-23 01:13:11,641 - INFO - [TRAINING] RandomForest trained successfully on GaussianCopula_HYBRID in 0.08 sec
2025-04-23 01:13:11,641 - INFO - [TRAINING] Training SVM on GaussianCopula_HYBRID...
2025-04-23 01:13:11,645 - INFO - [TRAINING] SVM trained successfully on GaussianCopula_HYBRID in 0.00 sec
2025-04-23 01:13:11,645 - INFO - [TRAINING] Finished training 5 model(s) for dataset: GaussianCopula_HYBRID
2025-04-23 01:13:11,645 - INFO - [TRAINING] Total models trained across all datasets: 20
2025-04-23 01:13:11,645 - INFO - [UTILITY] Trained model names: ['Original', 'Anonymous', 'CTGAN_HYBRID', 'GaussianCopula_HYBRID']
2025-04-23 01:13:11,645 - INFO - [UTILITY] Model Training Completed.
2025-04-23 01:13:11,645 - INFO - Starting the Evaluating of models...
2025-04-23 01:13:11,645 - INFO - Preparing evaluation for model 'DecisionTree' across all datasets...
2025-04-23 01:13:11,646 - INFO - Evaluating DecisionTree on Original...
2025-04-23 01:13:11,647 - INFO - Predictions completed for DecisionTree on Original
2025-04-23 01:13:11,647 - INFO - Prediction distribution for DecisionTree on Original: {'Y': 98, 'N': 46}
2025-04-23 01:13:11,656 - INFO - Computed 8 metric(s) for DecisionTree on Original
2025-04-23 01:13:11,656 - INFO - Evaluating DecisionTree on Anonymous...
2025-04-23 01:13:11,657 - INFO - Predictions completed for DecisionTree on Anonymous
2025-04-23 01:13:11,657 - INFO - Prediction distribution for DecisionTree on Anonymous: {'Y': 100, 'N': 44}
2025-04-23 01:13:11,666 - INFO - Computed 8 metric(s) for DecisionTree on Anonymous
2025-04-23 01:13:11,666 - INFO - Evaluating DecisionTree on CTGAN_HYBRID...
2025-04-23 01:13:11,667 - INFO - Predictions completed for DecisionTree on CTGAN_HYBRID
2025-04-23 01:13:11,667 - INFO - Prediction distribution for DecisionTree on CTGAN_HYBRID: {'Y': 118, 'N': 26}
2025-04-23 01:13:11,675 - INFO - Computed 8 metric(s) for DecisionTree on CTGAN_HYBRID
2025-04-23 01:13:11,675 - INFO - Evaluating DecisionTree on GaussianCopula_HYBRID...
2025-04-23 01:13:11,676 - INFO - Predictions completed for DecisionTree on GaussianCopula_HYBRID
2025-04-23 01:13:11,677 - INFO - Prediction distribution for DecisionTree on GaussianCopula_HYBRID: {'Y': 102, 'N': 42}
2025-04-23 01:13:11,685 - INFO - Computed 8 metric(s) for DecisionTree on GaussianCopula_HYBRID
2025-04-23 01:13:11,685 - INFO - Preparing evaluation for model 'KNN' across all datasets...
2025-04-23 01:13:11,685 - INFO - Evaluating KNN on Original...
2025-04-23 01:13:11,691 - INFO - Predictions completed for KNN on Original
2025-04-23 01:13:11,691 - INFO - Prediction distribution for KNN on Original: {'Y': 115, 'N': 29}
2025-04-23 01:13:11,703 - INFO - Computed 8 metric(s) for KNN on Original
2025-04-23 01:13:11,703 - INFO - Evaluating KNN on Anonymous...
2025-04-23 01:13:11,708 - INFO - Predictions completed for KNN on Anonymous
2025-04-23 01:13:11,709 - INFO - Prediction distribution for KNN on Anonymous: {'Y': 122, 'N': 22}
2025-04-23 01:13:11,720 - INFO - Computed 8 metric(s) for KNN on Anonymous
2025-04-23 01:13:11,720 - INFO - Evaluating KNN on CTGAN_HYBRID...
2025-04-23 01:13:11,737 - INFO - Predictions completed for KNN on CTGAN_HYBRID
2025-04-23 01:13:11,738 - INFO - Prediction distribution for KNN on CTGAN_HYBRID: {'Y': 134, 'N': 10}
2025-04-23 01:13:11,749 - INFO - Computed 8 metric(s) for KNN on CTGAN_HYBRID
2025-04-23 01:13:11,749 - INFO - Evaluating KNN on GaussianCopula_HYBRID...
2025-04-23 01:13:11,754 - INFO - Predictions completed for KNN on GaussianCopula_HYBRID
2025-04-23 01:13:11,755 - INFO - Prediction distribution for KNN on GaussianCopula_HYBRID: {'Y': 113, 'N': 31}
2025-04-23 01:13:11,781 - INFO - Computed 8 metric(s) for KNN on GaussianCopula_HYBRID
2025-04-23 01:13:11,781 - INFO - Preparing evaluation for model 'LogisticRegression' across all datasets...
2025-04-23 01:13:11,781 - INFO - Evaluating LogisticRegression on Original...
2025-04-23 01:13:11,783 - INFO - Predictions completed for LogisticRegression on Original
2025-04-23 01:13:11,783 - INFO - Prediction distribution for LogisticRegression on Original: {'Y': 118, 'N': 26}
2025-04-23 01:13:11,792 - INFO - Computed 8 metric(s) for LogisticRegression on Original
2025-04-23 01:13:11,792 - INFO - Evaluating LogisticRegression on Anonymous...
2025-04-23 01:13:11,793 - INFO - Predictions completed for LogisticRegression on Anonymous
2025-04-23 01:13:11,793 - INFO - Prediction distribution for LogisticRegression on Anonymous: {'Y': 138, 'N': 6}
2025-04-23 01:13:11,802 - INFO - Computed 8 metric(s) for LogisticRegression on Anonymous
2025-04-23 01:13:11,802 - INFO - Evaluating LogisticRegression on CTGAN_HYBRID...
2025-04-23 01:13:11,803 - INFO - Predictions completed for LogisticRegression on CTGAN_HYBRID
2025-04-23 01:13:11,803 - INFO - Prediction distribution for LogisticRegression on CTGAN_HYBRID: {'Y': 144}
2025-04-23 01:13:11,803 - WARNING -  [WARNING] :LogisticRegression on CTGAN_HYBRID predicted only one class: {'Y'}
2025-04-23 01:13:11,805 - WARNING - [UndefinedMetricWarning] Precision is ill-defined and being set to 0.0 in labels with no predicted samples. Use `zero_division` parameter to control this behavior. (from /mnt/NVMETank/Projects/Students/Dele/A-STUDY-INTO-THE-QUALITY-AND-USABILITY-OF-PRIVACY-FRIENDLY-SYNTHETIC-DATA/.venv/lib/python3.12/site-packages/sklearn/metrics/_classification.py:1565)
2025-04-23 01:13:11,806 - WARNING - [UndefinedMetricWarning] Precision is ill-defined and being set to 0.0 in labels with no predicted samples. Use `zero_division` parameter to control this behavior. (from /mnt/NVMETank/Projects/Students/Dele/A-STUDY-INTO-THE-QUALITY-AND-USABILITY-OF-PRIVACY-FRIENDLY-SYNTHETIC-DATA/.venv/lib/python3.12/site-packages/sklearn/metrics/_classification.py:1565)
2025-04-23 01:13:11,807 - WARNING - [UndefinedMetricWarning] Precision is ill-defined and being set to 0.0 in labels with no predicted samples. Use `zero_division` parameter to control this behavior. (from /mnt/NVMETank/Projects/Students/Dele/A-STUDY-INTO-THE-QUALITY-AND-USABILITY-OF-PRIVACY-FRIENDLY-SYNTHETIC-DATA/.venv/lib/python3.12/site-packages/sklearn/metrics/_classification.py:1565)
2025-04-23 01:13:11,812 - INFO - Computed 8 metric(s) for LogisticRegression on CTGAN_HYBRID
2025-04-23 01:13:11,812 - INFO - Evaluating LogisticRegression on GaussianCopula_HYBRID...
2025-04-23 01:13:11,813 - INFO - Predictions completed for LogisticRegression on GaussianCopula_HYBRID
2025-04-23 01:13:11,814 - INFO - Prediction distribution for LogisticRegression on GaussianCopula_HYBRID: {'Y': 142, 'N': 2}
2025-04-23 01:13:11,822 - INFO - Computed 8 metric(s) for LogisticRegression on GaussianCopula_HYBRID
2025-04-23 01:13:11,822 - INFO - Preparing evaluation for model 'RandomForest' across all datasets...
2025-04-23 01:13:11,822 - INFO - Evaluating RandomForest on Original...
2025-04-23 01:13:11,828 - INFO - Predictions completed for RandomForest on Original
2025-04-23 01:13:11,828 - INFO - Prediction distribution for RandomForest on Original: {'Y': 116, 'N': 28}
2025-04-23 01:13:11,845 - INFO - Computed 8 metric(s) for RandomForest on Original
2025-04-23 01:13:11,845 - INFO - Evaluating RandomForest on Anonymous...
2025-04-23 01:13:11,850 - INFO - Predictions completed for RandomForest on Anonymous
2025-04-23 01:13:11,851 - INFO - Prediction distribution for RandomForest on Anonymous: {'Y': 102, 'N': 42}
2025-04-23 01:13:11,868 - INFO - Computed 8 metric(s) for RandomForest on Anonymous
2025-04-23 01:13:11,868 - INFO - Evaluating RandomForest on CTGAN_HYBRID...
2025-04-23 01:13:11,873 - INFO - Predictions completed for RandomForest on CTGAN_HYBRID
2025-04-23 01:13:11,874 - INFO - Prediction distribution for RandomForest on CTGAN_HYBRID: {'Y': 133, 'N': 11}
2025-04-23 01:13:11,894 - INFO - Computed 8 metric(s) for RandomForest on CTGAN_HYBRID
2025-04-23 01:13:11,894 - INFO - Evaluating RandomForest on GaussianCopula_HYBRID...
2025-04-23 01:13:11,900 - INFO - Predictions completed for RandomForest on GaussianCopula_HYBRID
2025-04-23 01:13:11,900 - INFO - Prediction distribution for RandomForest on GaussianCopula_HYBRID: {'Y': 105, 'N': 39}
2025-04-23 01:13:11,917 - INFO - Computed 8 metric(s) for RandomForest on GaussianCopula_HYBRID
2025-04-23 01:13:11,917 - INFO - Preparing evaluation for model 'SVM' across all datasets...
2025-04-23 01:13:11,917 - INFO - Evaluating SVM on Original...
2025-04-23 01:13:11,919 - INFO - Predictions completed for SVM on Original
2025-04-23 01:13:11,920 - INFO - Prediction distribution for SVM on Original: {'Y': 144}
2025-04-23 01:13:11,920 - WARNING -  [WARNING] :SVM on Original predicted only one class: {'Y'}
2025-04-23 01:13:11,921 - WARNING - [UndefinedMetricWarning] Precision is ill-defined and being set to 0.0 in labels with no predicted samples. Use `zero_division` parameter to control this behavior. (from /mnt/NVMETank/Projects/Students/Dele/A-STUDY-INTO-THE-QUALITY-AND-USABILITY-OF-PRIVACY-FRIENDLY-SYNTHETIC-DATA/.venv/lib/python3.12/site-packages/sklearn/metrics/_classification.py:1565)
2025-04-23 01:13:11,923 - WARNING - [UndefinedMetricWarning] Precision is ill-defined and being set to 0.0 in labels with no predicted samples. Use `zero_division` parameter to control this behavior. (from /mnt/NVMETank/Projects/Students/Dele/A-STUDY-INTO-THE-QUALITY-AND-USABILITY-OF-PRIVACY-FRIENDLY-SYNTHETIC-DATA/.venv/lib/python3.12/site-packages/sklearn/metrics/_classification.py:1565)
2025-04-23 01:13:11,924 - WARNING - [UndefinedMetricWarning] Precision is ill-defined and being set to 0.0 in labels with no predicted samples. Use `zero_division` parameter to control this behavior. (from /mnt/NVMETank/Projects/Students/Dele/A-STUDY-INTO-THE-QUALITY-AND-USABILITY-OF-PRIVACY-FRIENDLY-SYNTHETIC-DATA/.venv/lib/python3.12/site-packages/sklearn/metrics/_classification.py:1565)
2025-04-23 01:13:11,926 - INFO - Computed 8 metric(s) for SVM on Original
2025-04-23 01:13:11,926 - INFO - Evaluating SVM on Anonymous...
2025-04-23 01:13:11,928 - INFO - Predictions completed for SVM on Anonymous
2025-04-23 01:13:11,928 - INFO - Prediction distribution for SVM on Anonymous: {'Y': 144}
2025-04-23 01:13:11,928 - WARNING -  [WARNING] :SVM on Anonymous predicted only one class: {'Y'}
2025-04-23 01:13:11,930 - WARNING - [UndefinedMetricWarning] Precision is ill-defined and being set to 0.0 in labels with no predicted samples. Use `zero_division` parameter to control this behavior. (from /mnt/NVMETank/Projects/Students/Dele/A-STUDY-INTO-THE-QUALITY-AND-USABILITY-OF-PRIVACY-FRIENDLY-SYNTHETIC-DATA/.venv/lib/python3.12/site-packages/sklearn/metrics/_classification.py:1565)
2025-04-23 01:13:11,931 - WARNING - [UndefinedMetricWarning] Precision is ill-defined and being set to 0.0 in labels with no predicted samples. Use `zero_division` parameter to control this behavior. (from /mnt/NVMETank/Projects/Students/Dele/A-STUDY-INTO-THE-QUALITY-AND-USABILITY-OF-PRIVACY-FRIENDLY-SYNTHETIC-DATA/.venv/lib/python3.12/site-packages/sklearn/metrics/_classification.py:1565)
2025-04-23 01:13:11,932 - WARNING - [UndefinedMetricWarning] Precision is ill-defined and being set to 0.0 in labels with no predicted samples. Use `zero_division` parameter to control this behavior. (from /mnt/NVMETank/Projects/Students/Dele/A-STUDY-INTO-THE-QUALITY-AND-USABILITY-OF-PRIVACY-FRIENDLY-SYNTHETIC-DATA/.venv/lib/python3.12/site-packages/sklearn/metrics/_classification.py:1565)
2025-04-23 01:13:11,934 - INFO - Computed 8 metric(s) for SVM on Anonymous
2025-04-23 01:13:11,934 - INFO - Evaluating SVM on CTGAN_HYBRID...
2025-04-23 01:13:11,936 - INFO - Predictions completed for SVM on CTGAN_HYBRID
2025-04-23 01:13:11,936 - INFO - Prediction distribution for SVM on CTGAN_HYBRID: {'Y': 144}
2025-04-23 01:13:11,937 - WARNING -  [WARNING] :SVM on CTGAN_HYBRID predicted only one class: {'Y'}
2025-04-23 01:13:11,938 - WARNING - [UndefinedMetricWarning] Precision is ill-defined and being set to 0.0 in labels with no predicted samples. Use `zero_division` parameter to control this behavior. (from /mnt/NVMETank/Projects/Students/Dele/A-STUDY-INTO-THE-QUALITY-AND-USABILITY-OF-PRIVACY-FRIENDLY-SYNTHETIC-DATA/.venv/lib/python3.12/site-packages/sklearn/metrics/_classification.py:1565)
2025-04-23 01:13:11,940 - WARNING - [UndefinedMetricWarning] Precision is ill-defined and being set to 0.0 in labels with no predicted samples. Use `zero_division` parameter to control this behavior. (from /mnt/NVMETank/Projects/Students/Dele/A-STUDY-INTO-THE-QUALITY-AND-USABILITY-OF-PRIVACY-FRIENDLY-SYNTHETIC-DATA/.venv/lib/python3.12/site-packages/sklearn/metrics/_classification.py:1565)
2025-04-23 01:13:11,941 - WARNING - [UndefinedMetricWarning] Precision is ill-defined and being set to 0.0 in labels with no predicted samples. Use `zero_division` parameter to control this behavior. (from /mnt/NVMETank/Projects/Students/Dele/A-STUDY-INTO-THE-QUALITY-AND-USABILITY-OF-PRIVACY-FRIENDLY-SYNTHETIC-DATA/.venv/lib/python3.12/site-packages/sklearn/metrics/_classification.py:1565)
2025-04-23 01:13:11,943 - INFO - Computed 8 metric(s) for SVM on CTGAN_HYBRID
2025-04-23 01:13:11,943 - INFO - Evaluating SVM on GaussianCopula_HYBRID...
2025-04-23 01:13:11,945 - INFO - Predictions completed for SVM on GaussianCopula_HYBRID
2025-04-23 01:13:11,946 - INFO - Prediction distribution for SVM on GaussianCopula_HYBRID: {'Y': 144}
2025-04-23 01:13:11,946 - WARNING -  [WARNING] :SVM on GaussianCopula_HYBRID predicted only one class: {'Y'}
2025-04-23 01:13:11,947 - WARNING - [UndefinedMetricWarning] Precision is ill-defined and being set to 0.0 in labels with no predicted samples. Use `zero_division` parameter to control this behavior. (from /mnt/NVMETank/Projects/Students/Dele/A-STUDY-INTO-THE-QUALITY-AND-USABILITY-OF-PRIVACY-FRIENDLY-SYNTHETIC-DATA/.venv/lib/python3.12/site-packages/sklearn/metrics/_classification.py:1565)
2025-04-23 01:13:11,949 - WARNING - [UndefinedMetricWarning] Precision is ill-defined and being set to 0.0 in labels with no predicted samples. Use `zero_division` parameter to control this behavior. (from /mnt/NVMETank/Projects/Students/Dele/A-STUDY-INTO-THE-QUALITY-AND-USABILITY-OF-PRIVACY-FRIENDLY-SYNTHETIC-DATA/.venv/lib/python3.12/site-packages/sklearn/metrics/_classification.py:1565)
2025-04-23 01:13:11,950 - WARNING - [UndefinedMetricWarning] Precision is ill-defined and being set to 0.0 in labels with no predicted samples. Use `zero_division` parameter to control this behavior. (from /mnt/NVMETank/Projects/Students/Dele/A-STUDY-INTO-THE-QUALITY-AND-USABILITY-OF-PRIVACY-FRIENDLY-SYNTHETIC-DATA/.venv/lib/python3.12/site-packages/sklearn/metrics/_classification.py:1565)
2025-04-23 01:13:11,952 - INFO - Computed 8 metric(s) for SVM on GaussianCopula_HYBRID
2025-04-23 01:13:11,955 - INFO - Evaluation completed for all models.
2025-04-23 01:13:11,955 - INFO - Model evaluation completed in 0.31 seconds.
2025-04-23 01:13:11,957 - INFO - Evaluated models: ['DecisionTree', 'KNN', 'LogisticRegression', 'RandomForest', 'SVM']
2025-04-23 01:13:11,957 - INFO - Model Training and Evaluation completed.
2025-04-23 01:13:12,539 - INFO -  Visualizations saved.
2025-04-23 01:13:12,539 - INFO -  Benchmarking Completed. Results saved in output folder.
2025-04-23 01:13:12,787 - INFO - Deleted anonymized file: /mnt/NVMETank/Projects/Students/Dele/A-STUDY-INTO-THE-QUALITY-AND-USABILITY-OF-PRIVACY-FRIENDLY-SYNTHETIC-DATA/datasets/anonymized/loan_k15_l2_sup05_anonymized_processed.csv
2025-04-23 01:13:12,787 - INFO - Deleted anonymized file: /mnt/NVMETank/Projects/Students/Dele/A-STUDY-INTO-THE-QUALITY-AND-USABILITY-OF-PRIVACY-FRIENDLY-SYNTHETIC-DATA/datasets/anonymized/loan_k5_l2_sup10_anonymized.csv
2025-04-23 01:13:12,787 - INFO - Deleted anonymized file: /mnt/NVMETank/Projects/Students/Dele/A-STUDY-INTO-THE-QUALITY-AND-USABILITY-OF-PRIVACY-FRIENDLY-SYNTHETIC-DATA/datasets/anonymized/loan_k15_l2_sup05_anonymized.csv
2025-04-23 01:13:12,787 - INFO - Deleted anonymized file: /mnt/NVMETank/Projects/Students/Dele/A-STUDY-INTO-THE-QUALITY-AND-USABILITY-OF-PRIVACY-FRIENDLY-SYNTHETIC-DATA/datasets/anonymized/loan_k5_l2_sup10_anonymized_processed.csv
2025-04-23 01:13:12,787 - INFO - Deleted anonymized file: /mnt/NVMETank/Projects/Students/Dele/A-STUDY-INTO-THE-QUALITY-AND-USABILITY-OF-PRIVACY-FRIENDLY-SYNTHETIC-DATA/datasets/anonymized/loan_k5_l2_sup10_anonymized_encoded.csv
2025-04-23 01:13:12,787 - INFO - Deleted anonymized file: /mnt/NVMETank/Projects/Students/Dele/A-STUDY-INTO-THE-QUALITY-AND-USABILITY-OF-PRIVACY-FRIENDLY-SYNTHETIC-DATA/datasets/anonymized/loan_k15_l2_sup05_anonymized_encoded.csv
