2025-05-08 18:46:07,488 - INFO - Loaded config file: configs/generated_configs/loan/loan_anon_k3_sl0p5_l5.yaml
2025-05-08 18:46:07,488 - INFO -  Benchmarking started for dataset: loan
2025-05-08 18:46:07,488 - INFO - Using dataset path: /mnt/NVMETank/Projects/Students/Dele/A-STUDY-INTO-THE-QUALITY-AND-USABILITY-OF-PRIVACY-FRIENDLY-SYNTHETIC-DATA/datasets/original/loan.csv
2025-05-08 18:46:07,488 - INFO - Target column: Loan_Status, separator: ','
2025-05-08 18:46:07,488 - INFO - Configuration loaded: enable_anonymization = True, enable_synthesis = False, enable_hybrid = True, enable_utility = True, delete_after_evaluation = False
2025-05-08 18:46:07,488 - INFO - Running preprocessing...
2025-05-08 18:46:07,493 - INFO -  [PREPROCESSING] Preprocessed files found. Skipping preprocessing.
2025-05-08 18:46:07,502 - INFO - Preprocessing completed. Rows before: 614, after: 336
2025-05-08 18:46:07,502 - INFO - Preprocessed data saved to: outputs/batch/loan_batch_2025-05-08_18-38-44/loan_anon_k3_sl0p5_l5/preprocessing_report.txt
2025-05-08 18:46:07,502 - INFO - enable_anonymization = True
2025-05-08 18:46:07,502 - INFO - Starting Anonymization Pipeline with output path: /mnt/NVMETank/Projects/Students/Dele/A-STUDY-INTO-THE-QUALITY-AND-USABILITY-OF-PRIVACY-FRIENDLY-SYNTHETIC-DATA/datasets/anonymized/loan_k3_l5_sup50_anonymized.csv.......
2025-05-08 18:46:07,509 - INFO -  [ANONYMIZATION] Executing run_anonymization, config_path : configs/generated_configs/loan/loan_anon_k3_sl0p5_l5.yaml...........
2025-05-08 18:46:07,509 - INFO -  [ANONYMIZATION] Using JAR file at /mnt/NVMETank/Projects/Students/Dele/A-STUDY-INTO-THE-QUALITY-AND-USABILITY-OF-PRIVACY-FRIENDLY-SYNTHETIC-DATA/src/anonymization/anonymARXij/bin/anonymARXij.jar to anonymize the dataset.
2025-05-08 18:46:08,691 - INFO -  [ANONYMIZATION] Anonimized file saved to : /mnt/NVMETank/Projects/Students/Dele/A-STUDY-INTO-THE-QUALITY-AND-USABILITY-OF-PRIVACY-FRIENDLY-SYNTHETIC-DATA/datasets/anonymized/loan_k3_l5_sup50_anonymized.csv
2025-05-08 18:46:08,692 - INFO -  [ANONYMIZATION] Java anonymization completed successfully.
2025-05-08 18:46:08,692 - INFO -  [ANONYMIZATION] Java STDOUT:
📄 Java received config path: /mnt/NVMETank/Projects/Students/Dele/A-STUDY-INTO-THE-QUALITY-AND-USABILITY-OF-PRIVACY-FRIENDLY-SYNTHETIC-DATA/configs/generated_configs/loan/loan_anon_k3_sl0p5_l5.yaml
🔹 Loading config from: /mnt/NVMETank/Projects/Students/Dele/A-STUDY-INTO-THE-QUALITY-AND-USABILITY-OF-PRIVACY-FRIENDLY-SYNTHETIC-DATA/configs/generated_configs/loan/loan_anon_k3_sl0p5_l5.yaml
Loading config from: /mnt/NVMETank/Projects/Students/Dele/A-STUDY-INTO-THE-QUALITY-AND-USABILITY-OF-PRIVACY-FRIENDLY-SYNTHETIC-DATA/configs/generated_configs/loan/loan_anon_k3_sl0p5_l5.yaml
📂 Dataset Path (from args): /mnt/NVMETank/Projects/Students/Dele/A-STUDY-INTO-THE-QUALITY-AND-USABILITY-OF-PRIVACY-FRIENDLY-SYNTHETIC-DATA/datasets/train/loan_train_raw.csv
🔹 Dataset Separator: ,
🔹 Suppression Limit: 0.5

🔹 Configured Attributes:
  ✅ Quasi-Identifier: Gender
  ✅ Quasi-Identifier: Married
  ✅ Quasi-Identifier: Education
  ✅ Quasi-Identifier: Dependents
  ✅ Quasi-Identifier: Self_Employed
  ✅ Quasi-Identifier: Property_Area
  ✅ Quasi-Identifier: Credit_History
  ✅ Quasi-Identifier: Loan_Amount_Term
  ✅ Sensitive Attribute: LoanAmount
  ✅ Insensitive Attribute: Loan_Status
  ✅ Insensitive Attribute: ApplicantIncome
  ✅ Insensitive Attribute: CoapplicantIncome

🔹 Defined Hierarchies:
  ✅ Property_Area -> /mnt/NVMETank/Projects/Students/Dele/A-STUDY-INTO-THE-QUALITY-AND-USABILITY-OF-PRIVACY-FRIENDLY-SYNTHETIC-DATA/src/anonymization/anonymARXij/src/hierarchies_loan/property_area.csv
  ✅ Self_Employed -> /mnt/NVMETank/Projects/Students/Dele/A-STUDY-INTO-THE-QUALITY-AND-USABILITY-OF-PRIVACY-FRIENDLY-SYNTHETIC-DATA/src/anonymization/anonymARXij/src/hierarchies_loan/self_employed.csv
  ✅ Credit_History -> /mnt/NVMETank/Projects/Students/Dele/A-STUDY-INTO-THE-QUALITY-AND-USABILITY-OF-PRIVACY-FRIENDLY-SYNTHETIC-DATA/src/anonymization/anonymARXij/src/hierarchies_loan/credit_history.csv
  ✅ Dependents -> /mnt/NVMETank/Projects/Students/Dele/A-STUDY-INTO-THE-QUALITY-AND-USABILITY-OF-PRIVACY-FRIENDLY-SYNTHETIC-DATA/src/anonymization/anonymARXij/src/hierarchies_loan/dependents.csv
  ✅ Education -> /mnt/NVMETank/Projects/Students/Dele/A-STUDY-INTO-THE-QUALITY-AND-USABILITY-OF-PRIVACY-FRIENDLY-SYNTHETIC-DATA/src/anonymization/anonymARXij/src/hierarchies_loan/education.csv
  ✅ Loan_Amount_Term -> /mnt/NVMETank/Projects/Students/Dele/A-STUDY-INTO-THE-QUALITY-AND-USABILITY-OF-PRIVACY-FRIENDLY-SYNTHETIC-DATA/src/anonymization/anonymARXij/src/hierarchies_loan/loan_amount_terms.csv
  ✅ Married -> /mnt/NVMETank/Projects/Students/Dele/A-STUDY-INTO-THE-QUALITY-AND-USABILITY-OF-PRIVACY-FRIENDLY-SYNTHETIC-DATA/src/anonymization/anonymARXij/src/hierarchies_loan/married.csv
  ✅ Gender -> /mnt/NVMETank/Projects/Students/Dele/A-STUDY-INTO-THE-QUALITY-AND-USABILITY-OF-PRIVACY-FRIENDLY-SYNTHETIC-DATA/src/anonymization/anonymARXij/src/hierarchies_loan/gender.csv
Java is searching for hierarchy file at: /mnt/NVMETank/Projects/Students/Dele/A-STUDY-INTO-THE-QUALITY-AND-USABILITY-OF-PRIVACY-FRIENDLY-SYNTHETIC-DATA/src/anonymization/anonymARXij/src/hierarchies_loan/property_area.csv
Java is searching for hierarchy file at: /mnt/NVMETank/Projects/Students/Dele/A-STUDY-INTO-THE-QUALITY-AND-USABILITY-OF-PRIVACY-FRIENDLY-SYNTHETIC-DATA/src/anonymization/anonymARXij/src/hierarchies_loan/self_employed.csv
Java is searching for hierarchy file at: /mnt/NVMETank/Projects/Students/Dele/A-STUDY-INTO-THE-QUALITY-AND-USABILITY-OF-PRIVACY-FRIENDLY-SYNTHETIC-DATA/src/anonymization/anonymARXij/src/hierarchies_loan/credit_history.csv
Java is searching for hierarchy file at: /mnt/NVMETank/Projects/Students/Dele/A-STUDY-INTO-THE-QUALITY-AND-USABILITY-OF-PRIVACY-FRIENDLY-SYNTHETIC-DATA/src/anonymization/anonymARXij/src/hierarchies_loan/dependents.csv
Java is searching for hierarchy file at: /mnt/NVMETank/Projects/Students/Dele/A-STUDY-INTO-THE-QUALITY-AND-USABILITY-OF-PRIVACY-FRIENDLY-SYNTHETIC-DATA/src/anonymization/anonymARXij/src/hierarchies_loan/education.csv
Java is searching for hierarchy file at: /mnt/NVMETank/Projects/Students/Dele/A-STUDY-INTO-THE-QUALITY-AND-USABILITY-OF-PRIVACY-FRIENDLY-SYNTHETIC-DATA/src/anonymization/anonymARXij/src/hierarchies_loan/loan_amount_terms.csv
Java is searching for hierarchy file at: /mnt/NVMETank/Projects/Students/Dele/A-STUDY-INTO-THE-QUALITY-AND-USABILITY-OF-PRIVACY-FRIENDLY-SYNTHETIC-DATA/src/anonymization/anonymARXij/src/hierarchies_loan/married.csv
Java is searching for hierarchy file at: /mnt/NVMETank/Projects/Students/Dele/A-STUDY-INTO-THE-QUALITY-AND-USABILITY-OF-PRIVACY-FRIENDLY-SYNTHETIC-DATA/src/anonymization/anonymARXij/src/hierarchies_loan/gender.csv
✓ Applied Entropy L-Diversity on: LoanAmount (l=5)
🔹 Privacy Models Configured
📂 Anonymized Output Path (from args): /mnt/NVMETank/Projects/Students/Dele/A-STUDY-INTO-THE-QUALITY-AND-USABILITY-OF-PRIVACY-FRIENDLY-SYNTHETIC-DATA/datasets/anonymized/loan_k3_l5_sup50_anonymized.csv
📂 Anonymized Output Path: /mnt/NVMETank/Projects/Students/Dele/A-STUDY-INTO-THE-QUALITY-AND-USABILITY-OF-PRIVACY-FRIENDLY-SYNTHETIC-DATA/datasets/anonymized/loan_k3_l5_sup50_anonymized.csv
✅ Anonymization completed. Output saved to: /mnt/NVMETank/Projects/Students/Dele/A-STUDY-INTO-THE-QUALITY-AND-USABILITY-OF-PRIVACY-FRIENDLY-SYNTHETIC-DATA/datasets/anonymized/loan_k3_l5_sup50_anonymized.csv
Anonymized Data Quality Metrics:
 - Ambiguity: 0.8766523138180893
 - AECS: 0.9480415667466027
 - Discernibility: 0.7450034334453721
 - Granularity: 0.6131140153222172
 - MSE: 0.6975326420890937
 - Non-Uniform Entropy: 0.41854707015460646
 - Precision: 0.5873015873015877
 - Record-level SE: 0.5718502632895833
Equivalence Class Statistics:
 - Number of Classes: 15
 - Average Class Size: 19.733333333333334
Suppression Statistics:
 - Suppressed Records: 40
 - Suppression Percentage: 11.90%
2025-05-08 18:46:08,692 - INFO - Anonymized data saved to: /mnt/NVMETank/Projects/Students/Dele/A-STUDY-INTO-THE-QUALITY-AND-USABILITY-OF-PRIVACY-FRIENDLY-SYNTHETIC-DATA/datasets/anonymized/loan_k3_l5_sup50_anonymized.csv
2025-05-08 18:46:08,699 - INFO - Anonymous data report saved at: outputs/batch/loan_batch_2025-05-08_18-38-44/loan_anon_k3_sl0p5_l5/anonymous_data_report.txt
2025-05-08 18:46:08,699 - INFO -  [POSTPROCESSING] Postprocessing anonymized data: /mnt/NVMETank/Projects/Students/Dele/A-STUDY-INTO-THE-QUALITY-AND-USABILITY-OF-PRIVACY-FRIENDLY-SYNTHETIC-DATA/datasets/anonymized/loan_k3_l5_sup50_anonymized.csv
2025-05-08 18:46:08,700 - INFO -  [POSTPROCESSING] Loaded anonymized data: (336, 12)
2025-05-08 18:46:08,703 - INFO -  [POSTPROCESSING] Loaded fallback maps from training data. Categorical cols: 7, Numeric cols: 5
2025-05-08 18:46:08,703 - INFO -  [POSTPROCESSING] Normalizing anonymized data using ARX artifact cleaning and fallback values.
2025-05-08 18:46:08,714 - INFO -  [POSTPROCESSING] Normalized anonymized data saved to: /mnt/NVMETank/Projects/Students/Dele/A-STUDY-INTO-THE-QUALITY-AND-USABILITY-OF-PRIVACY-FRIENDLY-SYNTHETIC-DATA/datasets/anonymized/loan_k3_l5_sup50_anonymized_processed.csv
2025-05-08 18:46:08,721 - INFO -  [POSTPROCESSING] Binary Encoding applied to anonymized data. Encoded shape: (336, 19)
2025-05-08 18:46:08,723 - INFO -  [POSTPROCESSING] Encoded anonymized dataset saved to: /mnt/NVMETank/Projects/Students/Dele/A-STUDY-INTO-THE-QUALITY-AND-USABILITY-OF-PRIVACY-FRIENDLY-SYNTHETIC-DATA/datasets/anonymized/loan_k3_l5_sup50_anonymized_encoded.csv
2025-05-08 18:46:08,723 - INFO -  [POSTPROCESSING] Encoding map generated for anonymized data: 0 original categorical columns.
2025-05-08 18:46:08,723 - INFO - Postprocessing report saved at: outputs/batch/loan_batch_2025-05-08_18-38-44/loan_anon_k3_sl0p5_l5/postprocessing_report.txt
2025-05-08 18:46:08,723 - INFO - enable_synthetic_generation = False
2025-05-08 18:46:08,723 - INFO - Synthetic Data Generation Skipped (Disabled in Configuration).
2025-05-08 18:46:08,724 - INFO - Running Hybrid Pipeline...
2025-05-08 18:46:08,724 - INFO -  [HYBRID] Executing run_hybrid...
2025-05-08 18:46:08,724 - INFO -  [HYBRID] Looking for encoded anonymized data in /mnt/NVMETank/Projects/Students/Dele/A-STUDY-INTO-THE-QUALITY-AND-USABILITY-OF-PRIVACY-FRIENDLY-SYNTHETIC-DATA/datasets/anonymized/loan_k3_l5_sup50_anonymized_encoded.csv
2025-05-08 18:46:08,724 - INFO -  [HYBRID ] Loaded cached encoded anonymous data from /mnt/NVMETank/Projects/Students/Dele/A-STUDY-INTO-THE-QUALITY-AND-USABILITY-OF-PRIVACY-FRIENDLY-SYNTHETIC-DATA/datasets/anonymized/loan_k3_l5_sup50_anonymized_encoded.csv
2025-05-08 18:46:08,725 - INFO -  [HYBRID] Starting synthetic generation for hybrid pipeline...
2025-05-08 18:46:08,725 - INFO - Executing run_synthetic.....
2025-05-08 18:46:08,726 - INFO - [SYNTHETIC PIPELINE] executing run_synthetic for loan_k3_l5_sup50...
2025-05-08 18:46:08,726 - INFO - [SYNTHETIC] Processing dataset: loan_k3_l5_sup50
2025-05-08 18:46:08,726 - INFO - [SYNTHETIC] Original dataset size: 336 rows
2025-05-08 18:46:08,737 - INFO - Detected metadata:
2025-05-08 18:46:08,737 - INFO - {
    "columns": {
        "Gender_0": {
            "sdtype": "categorical"
        },
        "Gender_1": {
            "sdtype": "categorical"
        },
        "Married_0": {
            "sdtype": "categorical"
        },
        "Married_1": {
            "sdtype": "categorical"
        },
        "Dependents_0": {
            "sdtype": "categorical"
        },
        "Dependents_1": {
            "sdtype": "categorical"
        },
        "Dependents_2": {
            "sdtype": "categorical"
        },
        "Education_0": {
            "sdtype": "categorical"
        },
        "Education_1": {
            "sdtype": "categorical"
        },
        "Self_Employed_0": {
            "sdtype": "categorical"
        },
        "Self_Employed_1": {
            "sdtype": "categorical"
        },
        "ApplicantIncome": {
            "sdtype": "numerical"
        },
        "CoapplicantIncome": {
            "sdtype": "numerical"
        },
        "LoanAmount": {
            "sdtype": "numerical"
        },
        "Loan_Amount_Term": {
            "sdtype": "categorical"
        },
        "Credit_History": {
            "sdtype": "categorical"
        },
        "Property_Area_0": {
            "sdtype": "categorical"
        },
        "Property_Area_1": {
            "sdtype": "categorical"
        },
        "Loan_Status": {
            "sdtype": "categorical"
        }
    },
    "METADATA_SPEC_VERSION": "SINGLE_TABLE_V1"
}
2025-05-08 18:46:08,737 - INFO - [SYNTHETIC] Preparing synthesizer: CTGAN
2025-05-08 18:46:08,737 - INFO - [SYNTHETIC] Params from config: {'epochs': 300}
2025-05-08 18:46:08,737 - INFO -  [SYNTHETIC] No pre-trained synthesizer found
2025-05-08 18:46:08,737 - INFO - [SYNTHETIC] Training new CTGAN synthesizer from scratch...
2025-05-08 18:46:08,737 - WARNING - [FutureWarning] The 'SingleTableMetadata' is deprecated. Please use the new 'Metadata' class for synthesizers. (from /mnt/NVMETank/Projects/Students/Dele/A-STUDY-INTO-THE-QUALITY-AND-USABILITY-OF-PRIVACY-FRIENDLY-SYNTHETIC-DATA/.venv/lib/python3.12/site-packages/sdv/single_table/base.py:119)
2025-05-08 18:46:08,737 - WARNING - [UserWarning] We strongly recommend saving the metadata using 'save_to_json' for replicability in future SDV versions. (from /mnt/NVMETank/Projects/Students/Dele/A-STUDY-INTO-THE-QUALITY-AND-USABILITY-OF-PRIVACY-FRIENDLY-SYNTHETIC-DATA/.venv/lib/python3.12/site-packages/sdv/single_table/base.py:104)
2025-05-08 18:46:08,741 - INFO - {'EVENT': 'Instance', 'TIMESTAMP': datetime.datetime(2025, 5, 8, 18, 46, 8, 741775), 'SYNTHESIZER CLASS NAME': 'CTGANSynthesizer', 'SYNTHESIZER ID': 'CTGANSynthesizer_1.18.0_fce5d3fa9035482695cf1f57f21f6c62'}
2025-05-08 18:46:08,741 - INFO - [SYNTHETIC] CTGAN initialized with epochs: 300
2025-05-08 18:46:08,741 - INFO - [SYNTHETIC] Training parameters for CTGAN: {}
2025-05-08 18:46:08,741 - INFO - [SYNTHETIC] fitting CTGAN 
2025-05-08 18:46:08,741 - INFO - {'EVENT': 'Fit', 'TIMESTAMP': datetime.datetime(2025, 5, 8, 18, 46, 8, 741975), 'SYNTHESIZER CLASS NAME': 'CTGANSynthesizer', 'SYNTHESIZER ID': 'CTGANSynthesizer_1.18.0_fce5d3fa9035482695cf1f57f21f6c62', 'TOTAL NUMBER OF TABLES': 1, 'TOTAL NUMBER OF ROWS': 336, 'TOTAL NUMBER OF COLUMNS': 19}
2025-05-08 18:46:08,743 - INFO - Fitting table  metadata
2025-05-08 18:46:08,743 - INFO - Fitting formatters for table 
2025-05-08 18:46:08,745 - INFO - Fitting constraints for table 
2025-05-08 18:46:08,745 - INFO - Setting the configuration for the ``HyperTransformer`` for table 
2025-05-08 18:46:08,746 - INFO - Fitting HyperTransformer for table 
2025-05-08 18:46:08,759 - INFO - {'EVENT': 'Fit processed data', 'TIMESTAMP': datetime.datetime(2025, 5, 8, 18, 46, 8, 759911), 'SYNTHESIZER CLASS NAME': 'CTGANSynthesizer', 'SYNTHESIZER ID': 'CTGANSynthesizer_1.18.0_fce5d3fa9035482695cf1f57f21f6c62', 'TOTAL NUMBER OF TABLES': 1, 'TOTAL NUMBER OF ROWS': 336, 'TOTAL NUMBER OF COLUMNS': 19}
2025-05-08 18:46:08,790 - INFO - Guidance: There are no missing values in column ApplicantIncome. Extra column not created.
2025-05-08 18:46:08,890 - INFO - Guidance: There are no missing values in column CoapplicantIncome. Extra column not created.
2025-05-08 18:46:08,924 - INFO - Guidance: There are no missing values in column LoanAmount. Extra column not created.
2025-05-08 18:46:30,919 - INFO - [SYNTHETIC] Fitting complete for CTGAN. Duration: 22.18 seconds.
2025-05-08 18:46:30,920 - INFO - [SYNTHETIC] CONFIRMATION CTGAN actually trained with epochs = 300
2025-05-08 18:46:30,920 - INFO - {'EVENT': 'Save', 'TIMESTAMP': datetime.datetime(2025, 5, 8, 18, 46, 30, 920176), 'SYNTHESIZER CLASS NAME': 'CTGANSynthesizer', 'SYNTHESIZER ID': 'CTGANSynthesizer_1.18.0_fce5d3fa9035482695cf1f57f21f6c62'}
2025-05-08 18:46:30,961 - INFO - [SYNTHETIC] CTGAN trained and saved.
2025-05-08 18:46:30,961 - INFO - [SYNTHETIC] Preparing synthesizer: GaussianCopula
2025-05-08 18:46:30,961 - INFO - [SYNTHETIC] Params from config: {}
2025-05-08 18:46:30,961 - INFO -  [SYNTHETIC] No pre-trained synthesizer found
2025-05-08 18:46:30,961 - INFO - [SYNTHETIC] Training new GaussianCopula synthesizer from scratch...
2025-05-08 18:46:30,961 - WARNING - [FutureWarning] The 'SingleTableMetadata' is deprecated. Please use the new 'Metadata' class for synthesizers. (from /mnt/NVMETank/Projects/Students/Dele/A-STUDY-INTO-THE-QUALITY-AND-USABILITY-OF-PRIVACY-FRIENDLY-SYNTHETIC-DATA/.venv/lib/python3.12/site-packages/sdv/single_table/base.py:119)
2025-05-08 18:46:30,965 - INFO - {'EVENT': 'Instance', 'TIMESTAMP': datetime.datetime(2025, 5, 8, 18, 46, 30, 965351), 'SYNTHESIZER CLASS NAME': 'GaussianCopulaSynthesizer', 'SYNTHESIZER ID': 'GaussianCopulaSynthesizer_1.18.0_08a0e76127994ba19ca5872ec3219721'}
2025-05-08 18:46:30,965 - INFO - [SYNTHETIC] fitting GaussianCopula 
2025-05-08 18:46:30,965 - INFO - {'EVENT': 'Fit', 'TIMESTAMP': datetime.datetime(2025, 5, 8, 18, 46, 30, 965511), 'SYNTHESIZER CLASS NAME': 'GaussianCopulaSynthesizer', 'SYNTHESIZER ID': 'GaussianCopulaSynthesizer_1.18.0_08a0e76127994ba19ca5872ec3219721', 'TOTAL NUMBER OF TABLES': 1, 'TOTAL NUMBER OF ROWS': 336, 'TOTAL NUMBER OF COLUMNS': 19}
2025-05-08 18:46:30,967 - INFO - Fitting table  metadata
2025-05-08 18:46:30,967 - INFO - Fitting formatters for table 
2025-05-08 18:46:30,970 - INFO - Fitting constraints for table 
2025-05-08 18:46:30,970 - INFO - Setting the configuration for the ``HyperTransformer`` for table 
2025-05-08 18:46:30,980 - INFO - Fitting HyperTransformer for table 
2025-05-08 18:46:31,085 - INFO - {'EVENT': 'Fit processed data', 'TIMESTAMP': datetime.datetime(2025, 5, 8, 18, 46, 31, 85255), 'SYNTHESIZER CLASS NAME': 'GaussianCopulaSynthesizer', 'SYNTHESIZER ID': 'GaussianCopulaSynthesizer_1.18.0_08a0e76127994ba19ca5872ec3219721', 'TOTAL NUMBER OF TABLES': 1, 'TOTAL NUMBER OF ROWS': 336, 'TOTAL NUMBER OF COLUMNS': 19}
2025-05-08 18:46:31,085 - INFO - Fitting GaussianMultivariate(distribution="{'Gender_0': <class 'copulas.univariate.beta.BetaUnivariate'>, 'Gender_1': <class 'copulas.univariate.beta.BetaUnivariate'>, 'Married_0': <class 'copulas.univariate.beta.BetaUnivariate'>, 'Married_1': <class 'copulas.univariate.beta.BetaUnivariate'>, 'Dependents_0': <class 'copulas.univariate.beta.BetaUnivariate'>, 'Dependents_1': <class 'copulas.univariate.beta.BetaUnivariate'>, 'Dependents_2': <class 'copulas.univariate.beta.BetaUnivariate'>, 'Education_0': <class 'copulas.univariate.beta.BetaUnivariate'>, 'Education_1': <class 'copulas.univariate.beta.BetaUnivariate'>, 'Self_Employed_0': <class 'copulas.univariate.beta.BetaUnivariate'>, 'Self_Employed_1': <class 'copulas.univariate.beta.BetaUnivariate'>, 'ApplicantIncome': <class 'copulas.univariate.beta.BetaUnivariate'>, 'CoapplicantIncome': <class 'copulas.univariate.beta.BetaUnivariate'>, 'LoanAmount': <class 'copulas.univariate.beta.BetaUnivariate'>, 'Loan_Amount_Term': <class 'copulas.univariate.beta.BetaUnivariate'>, 'Credit_History': <class 'copulas.univariate.beta.BetaUnivariate'>, 'Property_Area_0': <class 'copulas.univariate.beta.BetaUnivariate'>, 'Property_Area_1': <class 'copulas.univariate.beta.BetaUnivariate'>, 'Loan_Status': <class 'copulas.univariate.beta.BetaUnivariate'>}")
2025-05-08 18:46:31,651 - INFO - [SYNTHETIC] Fitting complete for GaussianCopula. Duration: 0.69 seconds.
2025-05-08 18:46:31,651 - WARNING - [SYNTHETIC] WARNING Could not determine actual epochs used for GaussianCopula
2025-05-08 18:46:31,651 - INFO - {'EVENT': 'Save', 'TIMESTAMP': datetime.datetime(2025, 5, 8, 18, 46, 31, 651393), 'SYNTHESIZER CLASS NAME': 'GaussianCopulaSynthesizer', 'SYNTHESIZER ID': 'GaussianCopulaSynthesizer_1.18.0_08a0e76127994ba19ca5872ec3219721'}
2025-05-08 18:46:31,659 - INFO - [SYNTHETIC] GaussianCopula trained and saved.
2025-05-08 18:46:31,659 - INFO - [SYNTHETIC] Preparing synthesizer: TVAE
2025-05-08 18:46:31,660 - INFO - [SYNTHETIC] Params from config: {'epochs': 300}
2025-05-08 18:46:31,660 - INFO -  [SYNTHETIC] No pre-trained synthesizer found
2025-05-08 18:46:31,660 - INFO - [SYNTHETIC] Training new TVAE synthesizer from scratch...
2025-05-08 18:46:31,660 - WARNING - [FutureWarning] The 'SingleTableMetadata' is deprecated. Please use the new 'Metadata' class for synthesizers. (from /mnt/NVMETank/Projects/Students/Dele/A-STUDY-INTO-THE-QUALITY-AND-USABILITY-OF-PRIVACY-FRIENDLY-SYNTHETIC-DATA/.venv/lib/python3.12/site-packages/sdv/single_table/base.py:119)
2025-05-08 18:46:31,662 - INFO - {'EVENT': 'Instance', 'TIMESTAMP': datetime.datetime(2025, 5, 8, 18, 46, 31, 662517), 'SYNTHESIZER CLASS NAME': 'TVAESynthesizer', 'SYNTHESIZER ID': 'TVAESynthesizer_1.18.0_3fd403c8d8e848f296e81364460fa30f'}
2025-05-08 18:46:31,662 - INFO - [SYNTHETIC] TVAE initialized with epochs: 300
2025-05-08 18:46:31,662 - INFO - [SYNTHETIC] Training parameters for TVAE: {}
2025-05-08 18:46:31,662 - INFO - [SYNTHETIC] fitting TVAE 
2025-05-08 18:46:31,662 - INFO - {'EVENT': 'Fit', 'TIMESTAMP': datetime.datetime(2025, 5, 8, 18, 46, 31, 662749), 'SYNTHESIZER CLASS NAME': 'TVAESynthesizer', 'SYNTHESIZER ID': 'TVAESynthesizer_1.18.0_3fd403c8d8e848f296e81364460fa30f', 'TOTAL NUMBER OF TABLES': 1, 'TOTAL NUMBER OF ROWS': 336, 'TOTAL NUMBER OF COLUMNS': 19}
2025-05-08 18:46:31,663 - INFO - Fitting table  metadata
2025-05-08 18:46:31,664 - INFO - Fitting formatters for table 
2025-05-08 18:46:31,666 - INFO - Fitting constraints for table 
2025-05-08 18:46:31,666 - INFO - Setting the configuration for the ``HyperTransformer`` for table 
2025-05-08 18:46:31,667 - INFO - Fitting HyperTransformer for table 
2025-05-08 18:46:31,679 - INFO - {'EVENT': 'Fit processed data', 'TIMESTAMP': datetime.datetime(2025, 5, 8, 18, 46, 31, 679424), 'SYNTHESIZER CLASS NAME': 'TVAESynthesizer', 'SYNTHESIZER ID': 'TVAESynthesizer_1.18.0_3fd403c8d8e848f296e81364460fa30f', 'TOTAL NUMBER OF TABLES': 1, 'TOTAL NUMBER OF ROWS': 336, 'TOTAL NUMBER OF COLUMNS': 19}
2025-05-08 18:46:31,692 - INFO - Guidance: There are no missing values in column ApplicantIncome. Extra column not created.
2025-05-08 18:46:31,768 - INFO - Guidance: There are no missing values in column CoapplicantIncome. Extra column not created.
2025-05-08 18:46:31,802 - INFO - Guidance: There are no missing values in column LoanAmount. Extra column not created.
2025-05-08 18:46:34,473 - INFO - [SYNTHETIC] Fitting complete for TVAE. Duration: 2.81 seconds.
2025-05-08 18:46:34,473 - INFO - [SYNTHETIC] CONFIRMATION TVAE actually trained with epochs = 300
2025-05-08 18:46:34,473 - INFO - {'EVENT': 'Save', 'TIMESTAMP': datetime.datetime(2025, 5, 8, 18, 46, 34, 473872), 'SYNTHESIZER CLASS NAME': 'TVAESynthesizer', 'SYNTHESIZER ID': 'TVAESynthesizer_1.18.0_3fd403c8d8e848f296e81364460fa30f'}
2025-05-08 18:46:34,499 - INFO - [SYNTHETIC] TVAE trained and saved.
2025-05-08 18:46:34,499 - INFO - [SYNTHETIC] Using CTGAN to generate 336 rows...
2025-05-08 18:46:34,576 - INFO - {'EVENT': 'Sample', 'TIMESTAMP': datetime.datetime(2025, 5, 8, 18, 46, 34, 499717), 'SYNTHESIZER CLASS NAME': 'CTGANSynthesizer', 'SYNTHESIZER ID': 'CTGANSynthesizer_1.18.0_fce5d3fa9035482695cf1f57f21f6c62', 'TOTAL NUMBER OF TABLES': 1, 'TOTAL NUMBER OF ROWS': 336, 'TOTAL NUMBER OF COLUMNS': 19}
2025-05-08 18:46:34,576 - INFO - [SYNTHETIC] CTGAN completed: 336 rows generated.
2025-05-08 18:46:34,577 - INFO - [SYNTHETIC] Target class distribution for CTGAN: {'Y': 218, 'N': 118}
2025-05-08 18:46:34,577 - INFO - [SYNTHETIC] Using GaussianCopula to generate 336 rows...
2025-05-08 18:46:34,642 - INFO - {'EVENT': 'Sample', 'TIMESTAMP': datetime.datetime(2025, 5, 8, 18, 46, 34, 577189), 'SYNTHESIZER CLASS NAME': 'GaussianCopulaSynthesizer', 'SYNTHESIZER ID': 'GaussianCopulaSynthesizer_1.18.0_08a0e76127994ba19ca5872ec3219721', 'TOTAL NUMBER OF TABLES': 1, 'TOTAL NUMBER OF ROWS': 336, 'TOTAL NUMBER OF COLUMNS': 19}
2025-05-08 18:46:34,642 - INFO - [SYNTHETIC] GaussianCopula completed: 336 rows generated.
2025-05-08 18:46:34,642 - INFO - [SYNTHETIC] Target class distribution for GaussianCopula: {'Y': 229, 'N': 107}
2025-05-08 18:46:34,642 - INFO - [SYNTHETIC] Using TVAE to generate 336 rows...
2025-05-08 18:46:34,681 - INFO - {'EVENT': 'Sample', 'TIMESTAMP': datetime.datetime(2025, 5, 8, 18, 46, 34, 642761), 'SYNTHESIZER CLASS NAME': 'TVAESynthesizer', 'SYNTHESIZER ID': 'TVAESynthesizer_1.18.0_3fd403c8d8e848f296e81364460fa30f', 'TOTAL NUMBER OF TABLES': 1, 'TOTAL NUMBER OF ROWS': 336, 'TOTAL NUMBER OF COLUMNS': 19}
2025-05-08 18:46:34,681 - INFO - [SYNTHETIC] TVAE completed: 336 rows generated.
2025-05-08 18:46:34,682 - INFO - [SYNTHETIC] Target class distribution for TVAE: {'Y': 332, 'N': 4}
2025-05-08 18:46:34,682 - INFO - [SYNTHETIC PIPELINE] Synthetic Data Generation Completed.
2025-05-08 18:46:34,682 - INFO - [SYNTHETIC PIPELINE] Synthesizers used: ['CTGAN', 'GaussianCopula', 'TVAE']
2025-05-08 18:46:34,682 - INFO - [SYNTHETIC PIPELINE] Evaluating synthetic dataset generated by CTGAN...
2025-05-08 18:46:34,682 - INFO - [SYNTHETIC EVAL] Real data columns     (19): ['Gender_0', 'Gender_1', 'Married_0', 'Married_1', 'Dependents_0', 'Dependents_1', 'Dependents_2', 'Education_0', 'Education_1', 'Self_Employed_0', 'Self_Employed_1', 'ApplicantIncome', 'CoapplicantIncome', 'LoanAmount', 'Loan_Amount_Term', 'Credit_History', 'Property_Area_0', 'Property_Area_1', 'Loan_Status']
2025-05-08 18:46:34,682 - INFO - [SYNTHETIC EVAL] Synthetic data columns (19): ['Gender_0', 'Gender_1', 'Married_0', 'Married_1', 'Dependents_0', 'Dependents_1', 'Dependents_2', 'Education_0', 'Education_1', 'Self_Employed_0', 'Self_Employed_1', 'ApplicantIncome', 'CoapplicantIncome', 'LoanAmount', 'Loan_Amount_Term', 'Credit_History', 'Property_Area_0', 'Property_Area_1', 'Loan_Status']
2025-05-08 18:46:34,682 - INFO - [SYNTHETIC EVAL] Metadata columns      (19): ['Gender_0', 'Gender_1', 'Married_0', 'Married_1', 'Dependents_0', 'Dependents_1', 'Dependents_2', 'Education_0', 'Education_1', 'Self_Employed_0', 'Self_Employed_1', 'ApplicantIncome', 'CoapplicantIncome', 'LoanAmount', 'Loan_Amount_Term', 'Credit_History', 'Property_Area_0', 'Property_Area_1', 'Loan_Status']
2025-05-08 18:46:34,683 - INFO - [SYNTHETIC EVAL] Shape — Real: (336, 19), Synthetic: (336, 19)
2025-05-08 18:46:34,683 - INFO - [SYNTHETIC EVAL] Metadata structure:
{
  "columns": {
    "Gender_0": {
      "sdtype": "categorical"
    },
    "Gender_1": {
      "sdtype": "categorical"
    },
    "Married_0": {
      "sdtype": "categorical"
    },
    "Married_1": {
      "sdtype": "categorical"
    },
    "Dependents_0": {
      "sdtype": "categorical"
    },
    "Dependents_1": {
      "sdtype": "categorical"
    },
    "Dependents_2": {
      "sdtype": "categorical"
    },
    "Education_0": {
      "sdtype": "categorical"
    },
    "Education_1": {
      "sdtype": "categorical"
    },
    "Self_Employed_0": {
      "sdtype": "categorical"
    },
    "Self_Employed_1": {
      "sdtype": "categorical"
    },
    "ApplicantIncome": {
      "sdtype": "numerical"
    },
    "CoapplicantIncome": {
      "sdtype": "numerical"
    },
    "LoanAmount": {
      "sdtype": "numerical"
    },
    "Loan_Amount_Term": {
      "sdtype": "categorical"
    },
    "Credit_History": {
      "sdtype": "categorical"
    },
    "Property_Area_0": {
      "sdtype": "categorical"
    },
    "Property_Area_1": {
      "sdtype": "categorical"
    },
    "Loan_Status": {
      "sdtype": "categorical"
    }
  },
  "METADATA_SPEC_VERSION": "SINGLE_TABLE_V1"
}
2025-05-08 18:46:35,031 - INFO - [SYNTHETIC PIPELINE] Evaluating synthetic dataset generated by GaussianCopula...
2025-05-08 18:46:35,031 - INFO - [SYNTHETIC EVAL] Real data columns     (19): ['Gender_0', 'Gender_1', 'Married_0', 'Married_1', 'Dependents_0', 'Dependents_1', 'Dependents_2', 'Education_0', 'Education_1', 'Self_Employed_0', 'Self_Employed_1', 'ApplicantIncome', 'CoapplicantIncome', 'LoanAmount', 'Loan_Amount_Term', 'Credit_History', 'Property_Area_0', 'Property_Area_1', 'Loan_Status']
2025-05-08 18:46:35,031 - INFO - [SYNTHETIC EVAL] Synthetic data columns (19): ['Gender_0', 'Gender_1', 'Married_0', 'Married_1', 'Dependents_0', 'Dependents_1', 'Dependents_2', 'Education_0', 'Education_1', 'Self_Employed_0', 'Self_Employed_1', 'ApplicantIncome', 'CoapplicantIncome', 'LoanAmount', 'Loan_Amount_Term', 'Credit_History', 'Property_Area_0', 'Property_Area_1', 'Loan_Status']
2025-05-08 18:46:35,031 - INFO - [SYNTHETIC EVAL] Metadata columns      (19): ['Gender_0', 'Gender_1', 'Married_0', 'Married_1', 'Dependents_0', 'Dependents_1', 'Dependents_2', 'Education_0', 'Education_1', 'Self_Employed_0', 'Self_Employed_1', 'ApplicantIncome', 'CoapplicantIncome', 'LoanAmount', 'Loan_Amount_Term', 'Credit_History', 'Property_Area_0', 'Property_Area_1', 'Loan_Status']
2025-05-08 18:46:35,031 - INFO - [SYNTHETIC EVAL] Shape — Real: (336, 19), Synthetic: (336, 19)
2025-05-08 18:46:35,031 - INFO - [SYNTHETIC EVAL] Metadata structure:
{
  "columns": {
    "Gender_0": {
      "sdtype": "categorical"
    },
    "Gender_1": {
      "sdtype": "categorical"
    },
    "Married_0": {
      "sdtype": "categorical"
    },
    "Married_1": {
      "sdtype": "categorical"
    },
    "Dependents_0": {
      "sdtype": "categorical"
    },
    "Dependents_1": {
      "sdtype": "categorical"
    },
    "Dependents_2": {
      "sdtype": "categorical"
    },
    "Education_0": {
      "sdtype": "categorical"
    },
    "Education_1": {
      "sdtype": "categorical"
    },
    "Self_Employed_0": {
      "sdtype": "categorical"
    },
    "Self_Employed_1": {
      "sdtype": "categorical"
    },
    "ApplicantIncome": {
      "sdtype": "numerical"
    },
    "CoapplicantIncome": {
      "sdtype": "numerical"
    },
    "LoanAmount": {
      "sdtype": "numerical"
    },
    "Loan_Amount_Term": {
      "sdtype": "categorical"
    },
    "Credit_History": {
      "sdtype": "categorical"
    },
    "Property_Area_0": {
      "sdtype": "categorical"
    },
    "Property_Area_1": {
      "sdtype": "categorical"
    },
    "Loan_Status": {
      "sdtype": "categorical"
    }
  },
  "METADATA_SPEC_VERSION": "SINGLE_TABLE_V1"
}
2025-05-08 18:46:35,409 - INFO - [SYNTHETIC PIPELINE] Evaluating synthetic dataset generated by TVAE...
2025-05-08 18:46:35,409 - INFO - [SYNTHETIC EVAL] Real data columns     (19): ['Gender_0', 'Gender_1', 'Married_0', 'Married_1', 'Dependents_0', 'Dependents_1', 'Dependents_2', 'Education_0', 'Education_1', 'Self_Employed_0', 'Self_Employed_1', 'ApplicantIncome', 'CoapplicantIncome', 'LoanAmount', 'Loan_Amount_Term', 'Credit_History', 'Property_Area_0', 'Property_Area_1', 'Loan_Status']
2025-05-08 18:46:35,409 - INFO - [SYNTHETIC EVAL] Synthetic data columns (19): ['Gender_0', 'Gender_1', 'Married_0', 'Married_1', 'Dependents_0', 'Dependents_1', 'Dependents_2', 'Education_0', 'Education_1', 'Self_Employed_0', 'Self_Employed_1', 'ApplicantIncome', 'CoapplicantIncome', 'LoanAmount', 'Loan_Amount_Term', 'Credit_History', 'Property_Area_0', 'Property_Area_1', 'Loan_Status']
2025-05-08 18:46:35,409 - INFO - [SYNTHETIC EVAL] Metadata columns      (19): ['Gender_0', 'Gender_1', 'Married_0', 'Married_1', 'Dependents_0', 'Dependents_1', 'Dependents_2', 'Education_0', 'Education_1', 'Self_Employed_0', 'Self_Employed_1', 'ApplicantIncome', 'CoapplicantIncome', 'LoanAmount', 'Loan_Amount_Term', 'Credit_History', 'Property_Area_0', 'Property_Area_1', 'Loan_Status']
2025-05-08 18:46:35,409 - INFO - [SYNTHETIC EVAL] Shape — Real: (336, 19), Synthetic: (336, 19)
2025-05-08 18:46:35,409 - INFO - [SYNTHETIC EVAL] Metadata structure:
{
  "columns": {
    "Gender_0": {
      "sdtype": "categorical"
    },
    "Gender_1": {
      "sdtype": "categorical"
    },
    "Married_0": {
      "sdtype": "categorical"
    },
    "Married_1": {
      "sdtype": "categorical"
    },
    "Dependents_0": {
      "sdtype": "categorical"
    },
    "Dependents_1": {
      "sdtype": "categorical"
    },
    "Dependents_2": {
      "sdtype": "categorical"
    },
    "Education_0": {
      "sdtype": "categorical"
    },
    "Education_1": {
      "sdtype": "categorical"
    },
    "Self_Employed_0": {
      "sdtype": "categorical"
    },
    "Self_Employed_1": {
      "sdtype": "categorical"
    },
    "ApplicantIncome": {
      "sdtype": "numerical"
    },
    "CoapplicantIncome": {
      "sdtype": "numerical"
    },
    "LoanAmount": {
      "sdtype": "numerical"
    },
    "Loan_Amount_Term": {
      "sdtype": "categorical"
    },
    "Credit_History": {
      "sdtype": "categorical"
    },
    "Property_Area_0": {
      "sdtype": "categorical"
    },
    "Property_Area_1": {
      "sdtype": "categorical"
    },
    "Loan_Status": {
      "sdtype": "categorical"
    }
  },
  "METADATA_SPEC_VERSION": "SINGLE_TABLE_V1"
}
2025-05-08 18:46:35,787 - INFO -  [SYNTHETIC PIPELINE]  Synthetic Data Evaluation Completed.
2025-05-08 18:46:35,794 - INFO -  [SYNTHETIC PIPELINE] Synthetic Data Report Generated Successfully.
2025-05-08 18:46:35,887 - INFO - [HYBRID] Generated hybrid dataset shape for CTGAN: (336, 19)
2025-05-08 18:46:35,888 - INFO - [HYBRID] Target distribution for CTGAN: {'Y': 218, 'N': 118}
2025-05-08 18:46:35,889 - INFO -  [HYBRID] Saved hybrid dataset to /mnt/NVMETank/Projects/Students/Dele/A-STUDY-INTO-THE-QUALITY-AND-USABILITY-OF-PRIVACY-FRIENDLY-SYNTHETIC-DATA/datasets/hybrid/loan_k3_l5_sup50_CTGAN_HYBRID.csv
2025-05-08 18:46:35,889 - INFO - [HYBRID] Generated hybrid dataset shape for GaussianCopula: (336, 19)
2025-05-08 18:46:35,890 - INFO - [HYBRID] Target distribution for GaussianCopula: {'Y': 229, 'N': 107}
2025-05-08 18:46:35,891 - INFO -  [HYBRID] Saved hybrid dataset to /mnt/NVMETank/Projects/Students/Dele/A-STUDY-INTO-THE-QUALITY-AND-USABILITY-OF-PRIVACY-FRIENDLY-SYNTHETIC-DATA/datasets/hybrid/loan_k3_l5_sup50_GaussianCopula_HYBRID.csv
2025-05-08 18:46:35,891 - INFO - [HYBRID] Generated hybrid dataset shape for TVAE: (336, 19)
2025-05-08 18:46:35,892 - INFO - [HYBRID] Target distribution for TVAE: {'Y': 332, 'N': 4}
2025-05-08 18:46:35,893 - INFO -  [HYBRID] Saved hybrid dataset to /mnt/NVMETank/Projects/Students/Dele/A-STUDY-INTO-THE-QUALITY-AND-USABILITY-OF-PRIVACY-FRIENDLY-SYNTHETIC-DATA/datasets/hybrid/loan_k3_l5_sup50_TVAE_HYBRID.csv
2025-05-08 18:46:35,893 - INFO -  [HYBRID] Hybrid pipeline complete — 3 dataset(s) ready.
2025-05-08 18:46:35,893 - INFO - [HYBRID] Total rows across all hybrid datasets: 1008
2025-05-08 18:46:35,893 - INFO - Hybrid pipeline completed successfully.
2025-05-08 18:46:35,893 - INFO - Hybrid pipeline duration: 27.17 seconds
2025-05-08 18:46:35,893 - INFO - Starting Utility...
2025-05-08 18:46:35,893 - INFO - [UTILITY] Preparing datasets for machine learning...
2025-05-08 18:46:35,894 - INFO - [UTILITY] Original Data - Training Size: 336, Testing Size: 144
2025-05-08 18:46:35,894 - INFO - [UTILITY] Target class distribution (Original): {'Y': 232, 'N': 104}
2025-05-08 18:46:35,894 - INFO - [UTILITY] Processing anonymized dataset...
2025-05-08 18:46:35,895 - INFO - [UTILITY] Anonymized Data - Training Size: 336
2025-05-08 18:46:35,895 - INFO - [UTILITY] Target class distribution (Anonymous): {'Y': 232, 'N': 104}
2025-05-08 18:46:35,895 - INFO - [UTILITY] Processing hybrid dataset generated by CTGAN...
2025-05-08 18:46:35,895 - INFO - [UTILITY] Hybrid Data (CTGAN_HYBRID) - Training Size: 336
2025-05-08 18:46:35,895 - INFO - [UTILITY] Target class distribution (CTGAN_HYBRID): {'Y': 218, 'N': 118}
2025-05-08 18:46:35,896 - INFO - [UTILITY] Processing hybrid dataset generated by GaussianCopula...
2025-05-08 18:46:35,896 - INFO - [UTILITY] Hybrid Data (GaussianCopula_HYBRID) - Training Size: 336
2025-05-08 18:46:35,896 - INFO - [UTILITY] Target class distribution (GaussianCopula_HYBRID): {'Y': 229, 'N': 107}
2025-05-08 18:46:35,896 - INFO - [UTILITY] Processing hybrid dataset generated by TVAE...
2025-05-08 18:46:35,897 - INFO - [UTILITY] Hybrid Data (TVAE_HYBRID) - Training Size: 336
2025-05-08 18:46:35,897 - INFO - [UTILITY] Target class distribution (TVAE_HYBRID): {'Y': 332, 'N': 4}
2025-05-08 18:46:35,897 - INFO - [UTILITY] Training models on all datasets...
2025-05-08 18:46:35,897 - INFO - [UTILITY] Total datasets used for training: 5
2025-05-08 18:46:35,897 - INFO - [TRAINING] Training models from scratch...
2025-05-08 18:46:35,897 - INFO - [TRAINING] Starting training for dataset: Original — Rows: 336, Features: 18
2025-05-08 18:46:35,897 - INFO - [TRAINING] Training DecisionTree on Original...
2025-05-08 18:46:35,899 - INFO - [TRAINING] DecisionTree trained successfully on Original in 0.00 sec
2025-05-08 18:46:35,899 - INFO - [TRAINING] Training KNN on Original...
2025-05-08 18:46:35,900 - INFO - [TRAINING] KNN trained successfully on Original in 0.00 sec
2025-05-08 18:46:35,900 - INFO - [TRAINING] Training LogisticRegression on Original...
2025-05-08 18:46:35,904 - INFO - [TRAINING] LogisticRegression trained successfully on Original in 0.00 sec
2025-05-08 18:46:35,904 - INFO - [TRAINING] Training RandomForest on Original...
2025-05-08 18:46:36,013 - INFO - [TRAINING] RandomForest trained successfully on Original in 0.11 sec
2025-05-08 18:46:36,013 - INFO - [TRAINING] Training SVM on Original...
2025-05-08 18:46:36,017 - INFO - [TRAINING] SVM trained successfully on Original in 0.00 sec
2025-05-08 18:46:36,017 - INFO - [TRAINING] Finished training 5 model(s) for dataset: Original
2025-05-08 18:46:36,017 - INFO - [TRAINING] Starting training for dataset: Anonymous — Rows: 336, Features: 18
2025-05-08 18:46:36,017 - INFO - [TRAINING] Training DecisionTree on Anonymous...
2025-05-08 18:46:36,019 - INFO - [TRAINING] DecisionTree trained successfully on Anonymous in 0.00 sec
2025-05-08 18:46:36,019 - INFO - [TRAINING] Training KNN on Anonymous...
2025-05-08 18:46:36,021 - INFO - [TRAINING] KNN trained successfully on Anonymous in 0.00 sec
2025-05-08 18:46:36,021 - INFO - [TRAINING] Training LogisticRegression on Anonymous...
2025-05-08 18:46:36,024 - INFO - [TRAINING] LogisticRegression trained successfully on Anonymous in 0.00 sec
2025-05-08 18:46:36,024 - INFO - [TRAINING] Training RandomForest on Anonymous...
2025-05-08 18:46:36,112 - INFO - [TRAINING] RandomForest trained successfully on Anonymous in 0.09 sec
2025-05-08 18:46:36,112 - INFO - [TRAINING] Training SVM on Anonymous...
2025-05-08 18:46:36,116 - INFO - [TRAINING] SVM trained successfully on Anonymous in 0.00 sec
2025-05-08 18:46:36,116 - INFO - [TRAINING] Finished training 5 model(s) for dataset: Anonymous
2025-05-08 18:46:36,116 - INFO - [TRAINING] Starting training for dataset: CTGAN_HYBRID — Rows: 336, Features: 18
2025-05-08 18:46:36,116 - INFO - [TRAINING] Training DecisionTree on CTGAN_HYBRID...
2025-05-08 18:46:36,118 - INFO - [TRAINING] DecisionTree trained successfully on CTGAN_HYBRID in 0.00 sec
2025-05-08 18:46:36,118 - INFO - [TRAINING] Training KNN on CTGAN_HYBRID...
2025-05-08 18:46:36,119 - INFO - [TRAINING] KNN trained successfully on CTGAN_HYBRID in 0.00 sec
2025-05-08 18:46:36,119 - INFO - [TRAINING] Training LogisticRegression on CTGAN_HYBRID...
2025-05-08 18:46:36,122 - INFO - [TRAINING] LogisticRegression trained successfully on CTGAN_HYBRID in 0.00 sec
2025-05-08 18:46:36,122 - INFO - [TRAINING] Training RandomForest on CTGAN_HYBRID...
2025-05-08 18:46:36,214 - INFO - [TRAINING] RandomForest trained successfully on CTGAN_HYBRID in 0.09 sec
2025-05-08 18:46:36,214 - INFO - [TRAINING] Training SVM on CTGAN_HYBRID...
2025-05-08 18:46:36,219 - INFO - [TRAINING] SVM trained successfully on CTGAN_HYBRID in 0.00 sec
2025-05-08 18:46:36,219 - INFO - [TRAINING] Finished training 5 model(s) for dataset: CTGAN_HYBRID
2025-05-08 18:46:36,219 - INFO - [TRAINING] Starting training for dataset: GaussianCopula_HYBRID — Rows: 336, Features: 18
2025-05-08 18:46:36,219 - INFO - [TRAINING] Training DecisionTree on GaussianCopula_HYBRID...
2025-05-08 18:46:36,221 - INFO - [TRAINING] DecisionTree trained successfully on GaussianCopula_HYBRID in 0.00 sec
2025-05-08 18:46:36,221 - INFO - [TRAINING] Training KNN on GaussianCopula_HYBRID...
2025-05-08 18:46:36,222 - INFO - [TRAINING] KNN trained successfully on GaussianCopula_HYBRID in 0.00 sec
2025-05-08 18:46:36,222 - INFO - [TRAINING] Training LogisticRegression on GaussianCopula_HYBRID...
2025-05-08 18:46:36,264 - INFO - [TRAINING] LogisticRegression trained successfully on GaussianCopula_HYBRID in 0.04 sec
2025-05-08 18:46:36,264 - INFO - [TRAINING] Training RandomForest on GaussianCopula_HYBRID...
2025-05-08 18:46:36,380 - INFO - [TRAINING] RandomForest trained successfully on GaussianCopula_HYBRID in 0.12 sec
2025-05-08 18:46:36,381 - INFO - [TRAINING] Training SVM on GaussianCopula_HYBRID...
2025-05-08 18:46:36,384 - INFO - [TRAINING] SVM trained successfully on GaussianCopula_HYBRID in 0.00 sec
2025-05-08 18:46:36,384 - INFO - [TRAINING] Finished training 5 model(s) for dataset: GaussianCopula_HYBRID
2025-05-08 18:46:36,384 - INFO - [TRAINING] Starting training for dataset: TVAE_HYBRID — Rows: 336, Features: 18
2025-05-08 18:46:36,384 - INFO - [TRAINING] Training DecisionTree on TVAE_HYBRID...
2025-05-08 18:46:36,386 - INFO - [TRAINING] DecisionTree trained successfully on TVAE_HYBRID in 0.00 sec
2025-05-08 18:46:36,386 - INFO - [TRAINING] Training KNN on TVAE_HYBRID...
2025-05-08 18:46:36,387 - INFO - [TRAINING] KNN trained successfully on TVAE_HYBRID in 0.00 sec
2025-05-08 18:46:36,387 - INFO - [TRAINING] Training LogisticRegression on TVAE_HYBRID...
2025-05-08 18:46:36,390 - INFO - [TRAINING] LogisticRegression trained successfully on TVAE_HYBRID in 0.00 sec
2025-05-08 18:46:36,390 - INFO - [TRAINING] Training RandomForest on TVAE_HYBRID...
2025-05-08 18:46:36,479 - INFO - [TRAINING] RandomForest trained successfully on TVAE_HYBRID in 0.09 sec
2025-05-08 18:46:36,479 - INFO - [TRAINING] Training SVM on TVAE_HYBRID...
2025-05-08 18:46:36,480 - INFO - [TRAINING] SVM trained successfully on TVAE_HYBRID in 0.00 sec
2025-05-08 18:46:36,480 - INFO - [TRAINING] Finished training 5 model(s) for dataset: TVAE_HYBRID
2025-05-08 18:46:36,480 - INFO - [TRAINING] Total models trained across all datasets: 25
2025-05-08 18:46:36,480 - INFO - [UTILITY] Trained model names: ['Original', 'Anonymous', 'CTGAN_HYBRID', 'GaussianCopula_HYBRID', 'TVAE_HYBRID']
2025-05-08 18:46:36,480 - INFO - [UTILITY] Model Training Completed.
2025-05-08 18:46:36,480 - INFO - Starting the Evaluating of models...
2025-05-08 18:46:36,480 - INFO - Preparing evaluation for model 'DecisionTree' across all datasets...
2025-05-08 18:46:36,481 - INFO - Evaluating DecisionTree on Original...
2025-05-08 18:46:36,482 - INFO - Predictions completed for DecisionTree on Original
2025-05-08 18:46:36,482 - INFO - Prediction distribution for DecisionTree on Original: {'Y': 94, 'N': 50}
2025-05-08 18:46:36,490 - INFO - Computed 8 metric(s) for DecisionTree on Original
2025-05-08 18:46:36,490 - INFO - Evaluating DecisionTree on Anonymous...
2025-05-08 18:46:36,491 - INFO - Predictions completed for DecisionTree on Anonymous
2025-05-08 18:46:36,492 - INFO - Prediction distribution for DecisionTree on Anonymous: {'N': 88, 'Y': 56}
2025-05-08 18:46:36,500 - INFO - Computed 8 metric(s) for DecisionTree on Anonymous
2025-05-08 18:46:36,500 - INFO - Evaluating DecisionTree on CTGAN_HYBRID...
2025-05-08 18:46:36,501 - INFO - Predictions completed for DecisionTree on CTGAN_HYBRID
2025-05-08 18:46:36,501 - INFO - Prediction distribution for DecisionTree on CTGAN_HYBRID: {'Y': 86, 'N': 58}
2025-05-08 18:46:36,509 - INFO - Computed 8 metric(s) for DecisionTree on CTGAN_HYBRID
2025-05-08 18:46:36,509 - INFO - Evaluating DecisionTree on GaussianCopula_HYBRID...
2025-05-08 18:46:36,510 - INFO - Predictions completed for DecisionTree on GaussianCopula_HYBRID
2025-05-08 18:46:36,511 - INFO - Prediction distribution for DecisionTree on GaussianCopula_HYBRID: {'Y': 86, 'N': 58}
2025-05-08 18:46:36,519 - INFO - Computed 8 metric(s) for DecisionTree on GaussianCopula_HYBRID
2025-05-08 18:46:36,519 - INFO - Evaluating DecisionTree on TVAE_HYBRID...
2025-05-08 18:46:36,520 - INFO - Predictions completed for DecisionTree on TVAE_HYBRID
2025-05-08 18:46:36,520 - INFO - Prediction distribution for DecisionTree on TVAE_HYBRID: {'Y': 142, 'N': 2}
2025-05-08 18:46:36,528 - INFO - Computed 8 metric(s) for DecisionTree on TVAE_HYBRID
2025-05-08 18:46:36,528 - INFO - Preparing evaluation for model 'KNN' across all datasets...
2025-05-08 18:46:36,528 - INFO - Evaluating KNN on Original...
2025-05-08 18:46:36,534 - INFO - Predictions completed for KNN on Original
2025-05-08 18:46:36,535 - INFO - Prediction distribution for KNN on Original: {'Y': 115, 'N': 29}
2025-05-08 18:46:36,546 - INFO - Computed 8 metric(s) for KNN on Original
2025-05-08 18:46:36,546 - INFO - Evaluating KNN on Anonymous...
2025-05-08 18:46:36,552 - INFO - Predictions completed for KNN on Anonymous
2025-05-08 18:46:36,552 - INFO - Prediction distribution for KNN on Anonymous: {'Y': 113, 'N': 31}
2025-05-08 18:46:36,565 - INFO - Computed 8 metric(s) for KNN on Anonymous
2025-05-08 18:46:36,565 - INFO - Evaluating KNN on CTGAN_HYBRID...
2025-05-08 18:46:36,576 - INFO - Predictions completed for KNN on CTGAN_HYBRID
2025-05-08 18:46:36,577 - INFO - Prediction distribution for KNN on CTGAN_HYBRID: {'Y': 91, 'N': 53}
2025-05-08 18:46:36,588 - INFO - Computed 8 metric(s) for KNN on CTGAN_HYBRID
2025-05-08 18:46:36,588 - INFO - Evaluating KNN on GaussianCopula_HYBRID...
2025-05-08 18:46:36,594 - INFO - Predictions completed for KNN on GaussianCopula_HYBRID
2025-05-08 18:46:36,594 - INFO - Prediction distribution for KNN on GaussianCopula_HYBRID: {'Y': 112, 'N': 32}
2025-05-08 18:46:36,707 - INFO - Computed 8 metric(s) for KNN on GaussianCopula_HYBRID
2025-05-08 18:46:36,707 - INFO - Evaluating KNN on TVAE_HYBRID...
2025-05-08 18:46:36,718 - INFO - Predictions completed for KNN on TVAE_HYBRID
2025-05-08 18:46:36,718 - INFO - Prediction distribution for KNN on TVAE_HYBRID: {'Y': 144}
2025-05-08 18:46:36,718 - WARNING -  [WARNING] :KNN on TVAE_HYBRID predicted only one class: {'Y'}
2025-05-08 18:46:36,721 - WARNING - [UndefinedMetricWarning] Precision is ill-defined and being set to 0.0 in labels with no predicted samples. Use `zero_division` parameter to control this behavior. (from /mnt/NVMETank/Projects/Students/Dele/A-STUDY-INTO-THE-QUALITY-AND-USABILITY-OF-PRIVACY-FRIENDLY-SYNTHETIC-DATA/.venv/lib/python3.12/site-packages/sklearn/metrics/_classification.py:1565)
2025-05-08 18:46:36,723 - WARNING - [UndefinedMetricWarning] Precision is ill-defined and being set to 0.0 in labels with no predicted samples. Use `zero_division` parameter to control this behavior. (from /mnt/NVMETank/Projects/Students/Dele/A-STUDY-INTO-THE-QUALITY-AND-USABILITY-OF-PRIVACY-FRIENDLY-SYNTHETIC-DATA/.venv/lib/python3.12/site-packages/sklearn/metrics/_classification.py:1565)
2025-05-08 18:46:36,724 - WARNING - [UndefinedMetricWarning] Precision is ill-defined and being set to 0.0 in labels with no predicted samples. Use `zero_division` parameter to control this behavior. (from /mnt/NVMETank/Projects/Students/Dele/A-STUDY-INTO-THE-QUALITY-AND-USABILITY-OF-PRIVACY-FRIENDLY-SYNTHETIC-DATA/.venv/lib/python3.12/site-packages/sklearn/metrics/_classification.py:1565)
2025-05-08 18:46:36,732 - INFO - Computed 8 metric(s) for KNN on TVAE_HYBRID
2025-05-08 18:46:36,732 - INFO - Preparing evaluation for model 'LogisticRegression' across all datasets...
2025-05-08 18:46:36,732 - INFO - Evaluating LogisticRegression on Original...
2025-05-08 18:46:36,733 - INFO - Predictions completed for LogisticRegression on Original
2025-05-08 18:46:36,733 - INFO - Prediction distribution for LogisticRegression on Original: {'Y': 115, 'N': 29}
2025-05-08 18:46:36,742 - INFO - Computed 8 metric(s) for LogisticRegression on Original
2025-05-08 18:46:36,742 - INFO - Evaluating LogisticRegression on Anonymous...
2025-05-08 18:46:36,743 - INFO - Predictions completed for LogisticRegression on Anonymous
2025-05-08 18:46:36,744 - INFO - Prediction distribution for LogisticRegression on Anonymous: {'Y': 80, 'N': 64}
2025-05-08 18:46:36,754 - INFO - Computed 8 metric(s) for LogisticRegression on Anonymous
2025-05-08 18:46:36,754 - INFO - Evaluating LogisticRegression on CTGAN_HYBRID...
2025-05-08 18:46:36,756 - INFO - Predictions completed for LogisticRegression on CTGAN_HYBRID
2025-05-08 18:46:36,756 - INFO - Prediction distribution for LogisticRegression on CTGAN_HYBRID: {'Y': 115, 'N': 29}
2025-05-08 18:46:36,767 - INFO - Computed 8 metric(s) for LogisticRegression on CTGAN_HYBRID
2025-05-08 18:46:36,767 - INFO - Evaluating LogisticRegression on GaussianCopula_HYBRID...
2025-05-08 18:46:36,769 - INFO - Predictions completed for LogisticRegression on GaussianCopula_HYBRID
2025-05-08 18:46:36,769 - INFO - Prediction distribution for LogisticRegression on GaussianCopula_HYBRID: {'Y': 100, 'N': 44}
2025-05-08 18:46:36,778 - INFO - Computed 8 metric(s) for LogisticRegression on GaussianCopula_HYBRID
2025-05-08 18:46:36,778 - INFO - Evaluating LogisticRegression on TVAE_HYBRID...
2025-05-08 18:46:36,780 - INFO - Predictions completed for LogisticRegression on TVAE_HYBRID
2025-05-08 18:46:36,780 - INFO - Prediction distribution for LogisticRegression on TVAE_HYBRID: {'Y': 144}
2025-05-08 18:46:36,780 - WARNING -  [WARNING] :LogisticRegression on TVAE_HYBRID predicted only one class: {'Y'}
2025-05-08 18:46:36,783 - WARNING - [UndefinedMetricWarning] Precision is ill-defined and being set to 0.0 in labels with no predicted samples. Use `zero_division` parameter to control this behavior. (from /mnt/NVMETank/Projects/Students/Dele/A-STUDY-INTO-THE-QUALITY-AND-USABILITY-OF-PRIVACY-FRIENDLY-SYNTHETIC-DATA/.venv/lib/python3.12/site-packages/sklearn/metrics/_classification.py:1565)
2025-05-08 18:46:36,786 - WARNING - [UndefinedMetricWarning] Precision is ill-defined and being set to 0.0 in labels with no predicted samples. Use `zero_division` parameter to control this behavior. (from /mnt/NVMETank/Projects/Students/Dele/A-STUDY-INTO-THE-QUALITY-AND-USABILITY-OF-PRIVACY-FRIENDLY-SYNTHETIC-DATA/.venv/lib/python3.12/site-packages/sklearn/metrics/_classification.py:1565)
2025-05-08 18:46:36,787 - WARNING - [UndefinedMetricWarning] Precision is ill-defined and being set to 0.0 in labels with no predicted samples. Use `zero_division` parameter to control this behavior. (from /mnt/NVMETank/Projects/Students/Dele/A-STUDY-INTO-THE-QUALITY-AND-USABILITY-OF-PRIVACY-FRIENDLY-SYNTHETIC-DATA/.venv/lib/python3.12/site-packages/sklearn/metrics/_classification.py:1565)
2025-05-08 18:46:36,792 - INFO - Computed 8 metric(s) for LogisticRegression on TVAE_HYBRID
2025-05-08 18:46:36,792 - INFO - Preparing evaluation for model 'RandomForest' across all datasets...
2025-05-08 18:46:36,792 - INFO - Evaluating RandomForest on Original...
2025-05-08 18:46:36,798 - INFO - Predictions completed for RandomForest on Original
2025-05-08 18:46:36,798 - INFO - Prediction distribution for RandomForest on Original: {'Y': 104, 'N': 40}
2025-05-08 18:46:36,821 - INFO - Computed 8 metric(s) for RandomForest on Original
2025-05-08 18:46:36,821 - INFO - Evaluating RandomForest on Anonymous...
2025-05-08 18:46:36,827 - INFO - Predictions completed for RandomForest on Anonymous
2025-05-08 18:46:36,827 - INFO - Prediction distribution for RandomForest on Anonymous: {'Y': 73, 'N': 71}
2025-05-08 18:46:36,848 - INFO - Computed 8 metric(s) for RandomForest on Anonymous
2025-05-08 18:46:36,848 - INFO - Evaluating RandomForest on CTGAN_HYBRID...
2025-05-08 18:46:36,854 - INFO - Predictions completed for RandomForest on CTGAN_HYBRID
2025-05-08 18:46:36,854 - INFO - Prediction distribution for RandomForest on CTGAN_HYBRID: {'Y': 73, 'N': 71}
2025-05-08 18:46:36,872 - INFO - Computed 8 metric(s) for RandomForest on CTGAN_HYBRID
2025-05-08 18:46:36,872 - INFO - Evaluating RandomForest on GaussianCopula_HYBRID...
2025-05-08 18:46:36,880 - INFO - Predictions completed for RandomForest on GaussianCopula_HYBRID
2025-05-08 18:46:36,881 - INFO - Prediction distribution for RandomForest on GaussianCopula_HYBRID: {'Y': 101, 'N': 43}
2025-05-08 18:46:36,900 - INFO - Computed 8 metric(s) for RandomForest on GaussianCopula_HYBRID
2025-05-08 18:46:36,900 - INFO - Evaluating RandomForest on TVAE_HYBRID...
2025-05-08 18:46:36,905 - INFO - Predictions completed for RandomForest on TVAE_HYBRID
2025-05-08 18:46:36,906 - INFO - Prediction distribution for RandomForest on TVAE_HYBRID: {'Y': 144}
2025-05-08 18:46:36,906 - WARNING -  [WARNING] :RandomForest on TVAE_HYBRID predicted only one class: {'Y'}
2025-05-08 18:46:36,908 - WARNING - [UndefinedMetricWarning] Precision is ill-defined and being set to 0.0 in labels with no predicted samples. Use `zero_division` parameter to control this behavior. (from /mnt/NVMETank/Projects/Students/Dele/A-STUDY-INTO-THE-QUALITY-AND-USABILITY-OF-PRIVACY-FRIENDLY-SYNTHETIC-DATA/.venv/lib/python3.12/site-packages/sklearn/metrics/_classification.py:1565)
2025-05-08 18:46:36,911 - WARNING - [UndefinedMetricWarning] Precision is ill-defined and being set to 0.0 in labels with no predicted samples. Use `zero_division` parameter to control this behavior. (from /mnt/NVMETank/Projects/Students/Dele/A-STUDY-INTO-THE-QUALITY-AND-USABILITY-OF-PRIVACY-FRIENDLY-SYNTHETIC-DATA/.venv/lib/python3.12/site-packages/sklearn/metrics/_classification.py:1565)
2025-05-08 18:46:36,913 - WARNING - [UndefinedMetricWarning] Precision is ill-defined and being set to 0.0 in labels with no predicted samples. Use `zero_division` parameter to control this behavior. (from /mnt/NVMETank/Projects/Students/Dele/A-STUDY-INTO-THE-QUALITY-AND-USABILITY-OF-PRIVACY-FRIENDLY-SYNTHETIC-DATA/.venv/lib/python3.12/site-packages/sklearn/metrics/_classification.py:1565)
2025-05-08 18:46:36,926 - INFO - Computed 8 metric(s) for RandomForest on TVAE_HYBRID
2025-05-08 18:46:36,926 - INFO - Preparing evaluation for model 'SVM' across all datasets...
2025-05-08 18:46:36,926 - INFO - Evaluating SVM on Original...
2025-05-08 18:46:36,928 - INFO - Predictions completed for SVM on Original
2025-05-08 18:46:36,929 - INFO - Prediction distribution for SVM on Original: {'Y': 144}
2025-05-08 18:46:36,929 - WARNING -  [WARNING] :SVM on Original predicted only one class: {'Y'}
2025-05-08 18:46:36,930 - WARNING - [UndefinedMetricWarning] Precision is ill-defined and being set to 0.0 in labels with no predicted samples. Use `zero_division` parameter to control this behavior. (from /mnt/NVMETank/Projects/Students/Dele/A-STUDY-INTO-THE-QUALITY-AND-USABILITY-OF-PRIVACY-FRIENDLY-SYNTHETIC-DATA/.venv/lib/python3.12/site-packages/sklearn/metrics/_classification.py:1565)
2025-05-08 18:46:36,932 - WARNING - [UndefinedMetricWarning] Precision is ill-defined and being set to 0.0 in labels with no predicted samples. Use `zero_division` parameter to control this behavior. (from /mnt/NVMETank/Projects/Students/Dele/A-STUDY-INTO-THE-QUALITY-AND-USABILITY-OF-PRIVACY-FRIENDLY-SYNTHETIC-DATA/.venv/lib/python3.12/site-packages/sklearn/metrics/_classification.py:1565)
2025-05-08 18:46:36,933 - WARNING - [UndefinedMetricWarning] Precision is ill-defined and being set to 0.0 in labels with no predicted samples. Use `zero_division` parameter to control this behavior. (from /mnt/NVMETank/Projects/Students/Dele/A-STUDY-INTO-THE-QUALITY-AND-USABILITY-OF-PRIVACY-FRIENDLY-SYNTHETIC-DATA/.venv/lib/python3.12/site-packages/sklearn/metrics/_classification.py:1565)
2025-05-08 18:46:36,935 - INFO - Computed 8 metric(s) for SVM on Original
2025-05-08 18:46:36,935 - INFO - Evaluating SVM on Anonymous...
2025-05-08 18:46:36,937 - INFO - Predictions completed for SVM on Anonymous
2025-05-08 18:46:36,937 - INFO - Prediction distribution for SVM on Anonymous: {'Y': 144}
2025-05-08 18:46:36,937 - WARNING -  [WARNING] :SVM on Anonymous predicted only one class: {'Y'}
2025-05-08 18:46:36,939 - WARNING - [UndefinedMetricWarning] Precision is ill-defined and being set to 0.0 in labels with no predicted samples. Use `zero_division` parameter to control this behavior. (from /mnt/NVMETank/Projects/Students/Dele/A-STUDY-INTO-THE-QUALITY-AND-USABILITY-OF-PRIVACY-FRIENDLY-SYNTHETIC-DATA/.venv/lib/python3.12/site-packages/sklearn/metrics/_classification.py:1565)
2025-05-08 18:46:36,941 - WARNING - [UndefinedMetricWarning] Precision is ill-defined and being set to 0.0 in labels with no predicted samples. Use `zero_division` parameter to control this behavior. (from /mnt/NVMETank/Projects/Students/Dele/A-STUDY-INTO-THE-QUALITY-AND-USABILITY-OF-PRIVACY-FRIENDLY-SYNTHETIC-DATA/.venv/lib/python3.12/site-packages/sklearn/metrics/_classification.py:1565)
2025-05-08 18:46:36,944 - WARNING - [UndefinedMetricWarning] Precision is ill-defined and being set to 0.0 in labels with no predicted samples. Use `zero_division` parameter to control this behavior. (from /mnt/NVMETank/Projects/Students/Dele/A-STUDY-INTO-THE-QUALITY-AND-USABILITY-OF-PRIVACY-FRIENDLY-SYNTHETIC-DATA/.venv/lib/python3.12/site-packages/sklearn/metrics/_classification.py:1565)
2025-05-08 18:46:36,947 - INFO - Computed 8 metric(s) for SVM on Anonymous
2025-05-08 18:46:36,947 - INFO - Evaluating SVM on CTGAN_HYBRID...
2025-05-08 18:46:36,950 - INFO - Predictions completed for SVM on CTGAN_HYBRID
2025-05-08 18:46:36,950 - INFO - Prediction distribution for SVM on CTGAN_HYBRID: {'Y': 143, 'N': 1}
2025-05-08 18:46:36,956 - INFO - Computed 8 metric(s) for SVM on CTGAN_HYBRID
2025-05-08 18:46:36,956 - INFO - Evaluating SVM on GaussianCopula_HYBRID...
2025-05-08 18:46:36,958 - INFO - Predictions completed for SVM on GaussianCopula_HYBRID
2025-05-08 18:46:36,958 - INFO - Prediction distribution for SVM on GaussianCopula_HYBRID: {'Y': 144}
2025-05-08 18:46:36,958 - WARNING -  [WARNING] :SVM on GaussianCopula_HYBRID predicted only one class: {'Y'}
2025-05-08 18:46:36,960 - WARNING - [UndefinedMetricWarning] Precision is ill-defined and being set to 0.0 in labels with no predicted samples. Use `zero_division` parameter to control this behavior. (from /mnt/NVMETank/Projects/Students/Dele/A-STUDY-INTO-THE-QUALITY-AND-USABILITY-OF-PRIVACY-FRIENDLY-SYNTHETIC-DATA/.venv/lib/python3.12/site-packages/sklearn/metrics/_classification.py:1565)
2025-05-08 18:46:36,961 - WARNING - [UndefinedMetricWarning] Precision is ill-defined and being set to 0.0 in labels with no predicted samples. Use `zero_division` parameter to control this behavior. (from /mnt/NVMETank/Projects/Students/Dele/A-STUDY-INTO-THE-QUALITY-AND-USABILITY-OF-PRIVACY-FRIENDLY-SYNTHETIC-DATA/.venv/lib/python3.12/site-packages/sklearn/metrics/_classification.py:1565)
2025-05-08 18:46:36,963 - WARNING - [UndefinedMetricWarning] Precision is ill-defined and being set to 0.0 in labels with no predicted samples. Use `zero_division` parameter to control this behavior. (from /mnt/NVMETank/Projects/Students/Dele/A-STUDY-INTO-THE-QUALITY-AND-USABILITY-OF-PRIVACY-FRIENDLY-SYNTHETIC-DATA/.venv/lib/python3.12/site-packages/sklearn/metrics/_classification.py:1565)
2025-05-08 18:46:36,964 - INFO - Computed 8 metric(s) for SVM on GaussianCopula_HYBRID
2025-05-08 18:46:36,965 - INFO - Evaluating SVM on TVAE_HYBRID...
2025-05-08 18:46:36,966 - INFO - Predictions completed for SVM on TVAE_HYBRID
2025-05-08 18:46:36,966 - INFO - Prediction distribution for SVM on TVAE_HYBRID: {'Y': 144}
2025-05-08 18:46:36,966 - WARNING -  [WARNING] :SVM on TVAE_HYBRID predicted only one class: {'Y'}
2025-05-08 18:46:36,968 - WARNING - [UndefinedMetricWarning] Precision is ill-defined and being set to 0.0 in labels with no predicted samples. Use `zero_division` parameter to control this behavior. (from /mnt/NVMETank/Projects/Students/Dele/A-STUDY-INTO-THE-QUALITY-AND-USABILITY-OF-PRIVACY-FRIENDLY-SYNTHETIC-DATA/.venv/lib/python3.12/site-packages/sklearn/metrics/_classification.py:1565)
2025-05-08 18:46:36,969 - WARNING - [UndefinedMetricWarning] Precision is ill-defined and being set to 0.0 in labels with no predicted samples. Use `zero_division` parameter to control this behavior. (from /mnt/NVMETank/Projects/Students/Dele/A-STUDY-INTO-THE-QUALITY-AND-USABILITY-OF-PRIVACY-FRIENDLY-SYNTHETIC-DATA/.venv/lib/python3.12/site-packages/sklearn/metrics/_classification.py:1565)
2025-05-08 18:46:36,970 - WARNING - [UndefinedMetricWarning] Precision is ill-defined and being set to 0.0 in labels with no predicted samples. Use `zero_division` parameter to control this behavior. (from /mnt/NVMETank/Projects/Students/Dele/A-STUDY-INTO-THE-QUALITY-AND-USABILITY-OF-PRIVACY-FRIENDLY-SYNTHETIC-DATA/.venv/lib/python3.12/site-packages/sklearn/metrics/_classification.py:1565)
2025-05-08 18:46:36,972 - INFO - Computed 8 metric(s) for SVM on TVAE_HYBRID
2025-05-08 18:46:36,976 - INFO - Evaluation completed for all models.
2025-05-08 18:46:36,976 - INFO - Model evaluation completed in 0.50 seconds.
2025-05-08 18:46:36,980 - INFO - Evaluated models: ['DecisionTree', 'KNN', 'LogisticRegression', 'RandomForest', 'SVM']
2025-05-08 18:46:36,980 - INFO - Model Training and Evaluation completed.
2025-05-08 18:46:37,567 - INFO -  Visualizations saved.
2025-05-08 18:46:37,567 - INFO -  Benchmarking Completed. Results saved in output folder.
