2025-05-08 10:05:04,337 - INFO - Loaded config file: configs/generated_configs/censusIncome/censusIncome_anon_k14_sl0p3_l2.yaml
2025-05-08 10:05:04,337 - INFO -  Benchmarking started for dataset: censusIncome
2025-05-08 10:05:04,337 - INFO - Using dataset path: /mnt/NVMETank/Projects/Students/Dele/A-STUDY-INTO-THE-QUALITY-AND-USABILITY-OF-PRIVACY-FRIENDLY-SYNTHETIC-DATA/datasets/original/censusIncome.csv
2025-05-08 10:05:04,337 - INFO - Target column: income, separator: ','
2025-05-08 10:05:04,337 - INFO - Configuration loaded: enable_anonymization = True, enable_synthesis = False, enable_hybrid = False, enable_utility = True, delete_after_evaluation = False
2025-05-08 10:05:04,337 - INFO - Running preprocessing...
2025-05-08 10:05:04,342 - INFO - [PREPROCESSING] No preprocessed files found. Starting full preprocessing pipeline...
2025-05-08 10:05:04,468 - INFO - [PREPROCESSING] Missing value handling strategy: 'drop' applied.
2025-05-08 10:05:04,497 - INFO - [PREPROCESSING] Split data into train (39073 rows) and test (9769 rows). Test size: 0.2
2025-05-08 10:05:31,244 - INFO -  [PREPROCESSING] Saved raw train set to: datasets/train/censusIncome_train_raw.csv
2025-05-08 10:05:31,244 - INFO -  [PREPROCESSING] Saved encoder to: artifacts/censusIncome_binary_encoder.pkl
2025-05-08 10:05:31,244 - INFO -  [PREPROCESSING]Saved encoded train set to: datasets/cleaned/censusIncome_cleaned.csv
2025-05-08 10:05:31,244 - INFO -  [PREPROCESSING] Saved encoded test set to: datasets/test/censusIncome_test_set.csv
2025-05-08 10:05:31,244 - INFO - [PREPROCESSING] run_preprocessing finished executing.
2025-05-08 10:05:31,272 - INFO - Preprocessing completed. Rows before: 48842, after: 39073
2025-05-08 10:05:31,272 - INFO - Preprocessed data saved to: outputs/batch/censusIncome_batch_2025-05-08_10-04-54/censusIncome_anon_k14_sl0p3_l2/preprocessing_report.txt
2025-05-08 10:05:31,272 - INFO - enable_anonymization = True
2025-05-08 10:05:31,272 - INFO - Starting Anonymization Pipeline with output path: /mnt/NVMETank/Projects/Students/Dele/A-STUDY-INTO-THE-QUALITY-AND-USABILITY-OF-PRIVACY-FRIENDLY-SYNTHETIC-DATA/datasets/anonymized/censusIncome_k14_l2_sup30_anonymized.csv.......
2025-05-08 10:05:31,276 - INFO -  [ANONYMIZATION] Executing run_anonymization, config_path : configs/generated_configs/censusIncome/censusIncome_anon_k14_sl0p3_l2.yaml...........
2025-05-08 10:05:31,276 - INFO -  [ANONYMIZATION] Using JAR file at /mnt/NVMETank/Projects/Students/Dele/A-STUDY-INTO-THE-QUALITY-AND-USABILITY-OF-PRIVACY-FRIENDLY-SYNTHETIC-DATA/src/anonymization/anonymARXij/bin/anonymARXij.jar to anonymize the dataset.
2025-05-08 10:05:52,336 - INFO -  [ANONYMIZATION] Anonimized file saved to : /mnt/NVMETank/Projects/Students/Dele/A-STUDY-INTO-THE-QUALITY-AND-USABILITY-OF-PRIVACY-FRIENDLY-SYNTHETIC-DATA/datasets/anonymized/censusIncome_k14_l2_sup30_anonymized.csv
2025-05-08 10:05:52,336 - INFO -  [ANONYMIZATION] Java anonymization completed successfully.
2025-05-08 10:05:52,336 - INFO -  [ANONYMIZATION] Java STDOUT:
📄 Java received config path: /mnt/NVMETank/Projects/Students/Dele/A-STUDY-INTO-THE-QUALITY-AND-USABILITY-OF-PRIVACY-FRIENDLY-SYNTHETIC-DATA/configs/generated_configs/censusIncome/censusIncome_anon_k14_sl0p3_l2.yaml
🔹 Loading config from: /mnt/NVMETank/Projects/Students/Dele/A-STUDY-INTO-THE-QUALITY-AND-USABILITY-OF-PRIVACY-FRIENDLY-SYNTHETIC-DATA/configs/generated_configs/censusIncome/censusIncome_anon_k14_sl0p3_l2.yaml
Loading config from: /mnt/NVMETank/Projects/Students/Dele/A-STUDY-INTO-THE-QUALITY-AND-USABILITY-OF-PRIVACY-FRIENDLY-SYNTHETIC-DATA/configs/generated_configs/censusIncome/censusIncome_anon_k14_sl0p3_l2.yaml
📂 Dataset Path (from args): /mnt/NVMETank/Projects/Students/Dele/A-STUDY-INTO-THE-QUALITY-AND-USABILITY-OF-PRIVACY-FRIENDLY-SYNTHETIC-DATA/datasets/train/censusIncome_train_raw.csv
🔹 Dataset Separator: ,
🔹 Suppression Limit: 0.3

🔹 Configured Attributes:
  ✅ Quasi-Identifier: age
  ✅ Quasi-Identifier: education
  ✅ Quasi-Identifier: workclass
  ✅ Quasi-Identifier: marital-status
  ✅ Quasi-Identifier: occupation
  ✅ Quasi-Identifier: race
  ✅ Quasi-Identifier: sex
  ✅ Quasi-Identifier: native-country
  ✅ Sensitive Attribute: income
  ✅ Insensitive Attribute: fnlwgt
  ✅ Insensitive Attribute: hours-per-week
  ✅ Insensitive Attribute: capital-gain
  ✅ Insensitive Attribute: capital-loss
  ✅ Insensitive Attribute: relationship
  ✅ Insensitive Attribute: education-num

🔹 Defined Hierarchies:
  ✅ education -> /mnt/NVMETank/Projects/Students/Dele/A-STUDY-INTO-THE-QUALITY-AND-USABILITY-OF-PRIVACY-FRIENDLY-SYNTHETIC-DATA/src/anonymization/anonymARXij/src/hierarchies_censusIncome/education.csv
  ✅ occupation -> /mnt/NVMETank/Projects/Students/Dele/A-STUDY-INTO-THE-QUALITY-AND-USABILITY-OF-PRIVACY-FRIENDLY-SYNTHETIC-DATA/src/anonymization/anonymARXij/src/hierarchies_censusIncome/occupation.csv
  ✅ workclass -> /mnt/NVMETank/Projects/Students/Dele/A-STUDY-INTO-THE-QUALITY-AND-USABILITY-OF-PRIVACY-FRIENDLY-SYNTHETIC-DATA/src/anonymization/anonymARXij/src/hierarchies_censusIncome/workclass.csv
  ✅ native-country -> /mnt/NVMETank/Projects/Students/Dele/A-STUDY-INTO-THE-QUALITY-AND-USABILITY-OF-PRIVACY-FRIENDLY-SYNTHETIC-DATA/src/anonymization/anonymARXij/src/hierarchies_censusIncome/native-country.csv
  ✅ race -> /mnt/NVMETank/Projects/Students/Dele/A-STUDY-INTO-THE-QUALITY-AND-USABILITY-OF-PRIVACY-FRIENDLY-SYNTHETIC-DATA/src/anonymization/anonymARXij/src/hierarchies_censusIncome/race.csv
  ✅ sex -> /mnt/NVMETank/Projects/Students/Dele/A-STUDY-INTO-THE-QUALITY-AND-USABILITY-OF-PRIVACY-FRIENDLY-SYNTHETIC-DATA/src/anonymization/anonymARXij/src/hierarchies_censusIncome/sex.csv
  ✅ marital-status -> /mnt/NVMETank/Projects/Students/Dele/A-STUDY-INTO-THE-QUALITY-AND-USABILITY-OF-PRIVACY-FRIENDLY-SYNTHETIC-DATA/src/anonymization/anonymARXij/src/hierarchies_censusIncome/marital-status.csv
  ✅ age -> /mnt/NVMETank/Projects/Students/Dele/A-STUDY-INTO-THE-QUALITY-AND-USABILITY-OF-PRIVACY-FRIENDLY-SYNTHETIC-DATA/src/anonymization/anonymARXij/src/hierarchies_censusIncome/age.csv
Java is searching for hierarchy file at: /mnt/NVMETank/Projects/Students/Dele/A-STUDY-INTO-THE-QUALITY-AND-USABILITY-OF-PRIVACY-FRIENDLY-SYNTHETIC-DATA/src/anonymization/anonymARXij/src/hierarchies_censusIncome/education.csv
Java is searching for hierarchy file at: /mnt/NVMETank/Projects/Students/Dele/A-STUDY-INTO-THE-QUALITY-AND-USABILITY-OF-PRIVACY-FRIENDLY-SYNTHETIC-DATA/src/anonymization/anonymARXij/src/hierarchies_censusIncome/occupation.csv
Java is searching for hierarchy file at: /mnt/NVMETank/Projects/Students/Dele/A-STUDY-INTO-THE-QUALITY-AND-USABILITY-OF-PRIVACY-FRIENDLY-SYNTHETIC-DATA/src/anonymization/anonymARXij/src/hierarchies_censusIncome/workclass.csv
Java is searching for hierarchy file at: /mnt/NVMETank/Projects/Students/Dele/A-STUDY-INTO-THE-QUALITY-AND-USABILITY-OF-PRIVACY-FRIENDLY-SYNTHETIC-DATA/src/anonymization/anonymARXij/src/hierarchies_censusIncome/native-country.csv
Java is searching for hierarchy file at: /mnt/NVMETank/Projects/Students/Dele/A-STUDY-INTO-THE-QUALITY-AND-USABILITY-OF-PRIVACY-FRIENDLY-SYNTHETIC-DATA/src/anonymization/anonymARXij/src/hierarchies_censusIncome/race.csv
Java is searching for hierarchy file at: /mnt/NVMETank/Projects/Students/Dele/A-STUDY-INTO-THE-QUALITY-AND-USABILITY-OF-PRIVACY-FRIENDLY-SYNTHETIC-DATA/src/anonymization/anonymARXij/src/hierarchies_censusIncome/sex.csv
Java is searching for hierarchy file at: /mnt/NVMETank/Projects/Students/Dele/A-STUDY-INTO-THE-QUALITY-AND-USABILITY-OF-PRIVACY-FRIENDLY-SYNTHETIC-DATA/src/anonymization/anonymARXij/src/hierarchies_censusIncome/marital-status.csv
Java is searching for hierarchy file at: /mnt/NVMETank/Projects/Students/Dele/A-STUDY-INTO-THE-QUALITY-AND-USABILITY-OF-PRIVACY-FRIENDLY-SYNTHETIC-DATA/src/anonymization/anonymARXij/src/hierarchies_censusIncome/age.csv
✓ Applied Distinct L-Diversity on: income (l=2)
🔹 Privacy Models Configured
📂 Anonymized Output Path (from args): /mnt/NVMETank/Projects/Students/Dele/A-STUDY-INTO-THE-QUALITY-AND-USABILITY-OF-PRIVACY-FRIENDLY-SYNTHETIC-DATA/datasets/anonymized/censusIncome_k14_l2_sup30_anonymized.csv
📂 Anonymized Output Path: /mnt/NVMETank/Projects/Students/Dele/A-STUDY-INTO-THE-QUALITY-AND-USABILITY-OF-PRIVACY-FRIENDLY-SYNTHETIC-DATA/datasets/anonymized/censusIncome_k14_l2_sup30_anonymized.csv
✅ Anonymization completed. Output saved to: /mnt/NVMETank/Projects/Students/Dele/A-STUDY-INTO-THE-QUALITY-AND-USABILITY-OF-PRIVACY-FRIENDLY-SYNTHETIC-DATA/datasets/anonymized/censusIncome_k14_l2_sup30_anonymized.csv
Anonymized Data Quality Metrics:
 - Ambiguity: 0.8845805156405627
 - AECS: 0.9970141330468758
 - Discernibility: 0.8688165444544176
 - Granularity: 0.7127607800507705
 - MSE: 0.7862798855849928
 - Non-Uniform Entropy: 0.4034218184164846
 - Precision: 0.5325946671248183
 - Record-level SE: 0.6184368660922006
Equivalence Class Statistics:
 - Number of Classes: 292
 - Average Class Size: 118.36986301369863
Suppression Statistics:
 - Suppressed Records: 4509
 - Suppression Percentage: 11.54%
2025-05-08 10:05:52,337 - INFO - Anonymized data saved to: /mnt/NVMETank/Projects/Students/Dele/A-STUDY-INTO-THE-QUALITY-AND-USABILITY-OF-PRIVACY-FRIENDLY-SYNTHETIC-DATA/datasets/anonymized/censusIncome_k14_l2_sup30_anonymized.csv
2025-05-08 10:05:52,471 - INFO - Anonymous data report saved at: outputs/batch/censusIncome_batch_2025-05-08_10-04-54/censusIncome_anon_k14_sl0p3_l2/anonymous_data_report.txt
2025-05-08 10:05:52,471 - INFO -  [POSTPROCESSING] Postprocessing anonymized data: /mnt/NVMETank/Projects/Students/Dele/A-STUDY-INTO-THE-QUALITY-AND-USABILITY-OF-PRIVACY-FRIENDLY-SYNTHETIC-DATA/datasets/anonymized/censusIncome_k14_l2_sup30_anonymized.csv
2025-05-08 10:05:52,517 - INFO -  [POSTPROCESSING] Loaded anonymized data: (39073, 15)
2025-05-08 10:05:52,608 - INFO -  [POSTPROCESSING] Loaded fallback maps from training data. Categorical cols: 9, Numeric cols: 6
2025-05-08 10:05:52,608 - INFO -  [POSTPROCESSING] Normalizing anonymized data using ARX artifact cleaning and fallback values.
2025-05-08 10:05:53,783 - INFO -  [POSTPROCESSING] Normalized anonymized data saved to: /mnt/NVMETank/Projects/Students/Dele/A-STUDY-INTO-THE-QUALITY-AND-USABILITY-OF-PRIVACY-FRIENDLY-SYNTHETIC-DATA/datasets/anonymized/censusIncome_k14_l2_sup30_anonymized_processed.csv
2025-05-08 10:05:53,903 - INFO -  [POSTPROCESSING] Binary Encoding applied to anonymized data. Encoded shape: (39073, 37)
2025-05-08 10:05:54,072 - INFO -  [POSTPROCESSING] Encoded anonymized dataset saved to: /mnt/NVMETank/Projects/Students/Dele/A-STUDY-INTO-THE-QUALITY-AND-USABILITY-OF-PRIVACY-FRIENDLY-SYNTHETIC-DATA/datasets/anonymized/censusIncome_k14_l2_sup30_anonymized_encoded.csv
2025-05-08 10:05:54,072 - INFO -  [POSTPROCESSING] Encoding map generated for anonymized data: 0 original categorical columns.
2025-05-08 10:05:54,076 - INFO - Postprocessing report saved at: outputs/batch/censusIncome_batch_2025-05-08_10-04-54/censusIncome_anon_k14_sl0p3_l2/postprocessing_report.txt
2025-05-08 10:05:54,077 - INFO - enable_synthetic_generation = False
2025-05-08 10:05:54,077 - INFO - Synthetic Data Generation Skipped (Disabled in Configuration).
2025-05-08 10:05:54,077 - INFO - Hybrid Pipeline skipped (disabled in configuration).
2025-05-08 10:05:54,077 - INFO - Starting Utility...
2025-05-08 10:05:54,077 - INFO - [UTILITY] Preparing datasets for machine learning...
2025-05-08 10:05:54,081 - INFO - [UTILITY] Original Data - Training Size: 39073, Testing Size: 9769
2025-05-08 10:05:54,082 - INFO - [UTILITY] Target class distribution (Original): {'<=50K': 19775, '<=50K.': 9948, '>50K': 6273, '>50K.': 3077}
2025-05-08 10:05:54,083 - INFO - [UTILITY] Processing anonymized dataset...
2025-05-08 10:05:54,087 - INFO - [UTILITY] Anonymized Data - Training Size: 39073
2025-05-08 10:05:54,089 - INFO - [UTILITY] Target class distribution (Anonymous): {'<=50K': 19775, '<=50K.': 9948, '>50K': 6273, '>50K.': 3077}
2025-05-08 10:05:54,089 - INFO - [UTILITY] Training models on all datasets...
2025-05-08 10:05:54,089 - INFO - [UTILITY] Total datasets used for training: 2
2025-05-08 10:05:54,089 - INFO - [TRAINING] Training models from scratch...
2025-05-08 10:05:54,089 - INFO - [TRAINING] Starting training for dataset: Original — Rows: 39073, Features: 36
2025-05-08 10:05:54,089 - INFO - [TRAINING] Training DecisionTree on Original...
2025-05-08 10:05:54,470 - INFO - [TRAINING] DecisionTree trained successfully on Original in 0.38 sec
2025-05-08 10:05:54,471 - INFO - [TRAINING] Training KNN on Original...
2025-05-08 10:05:54,502 - INFO - [TRAINING] KNN trained successfully on Original in 0.03 sec
2025-05-08 10:05:54,503 - INFO - [TRAINING] Training LogisticRegression on Original...
2025-05-08 10:05:55,297 - INFO - [TRAINING] LogisticRegression trained successfully on Original in 0.79 sec
2025-05-08 10:05:55,297 - INFO - [TRAINING] Training RandomForest on Original...
2025-05-08 10:06:00,590 - INFO - [TRAINING] RandomForest trained successfully on Original in 5.29 sec
2025-05-08 10:06:00,590 - INFO - [TRAINING] Training SVM on Original...
2025-05-08 10:08:13,681 - INFO - [TRAINING] SVM trained successfully on Original in 133.09 sec
2025-05-08 10:08:13,681 - INFO - [TRAINING] Finished training 5 model(s) for dataset: Original
2025-05-08 10:08:13,681 - INFO - [TRAINING] Starting training for dataset: Anonymous — Rows: 39073, Features: 36
2025-05-08 10:08:13,682 - INFO - [TRAINING] Training DecisionTree on Anonymous...
2025-05-08 10:08:14,085 - INFO - [TRAINING] DecisionTree trained successfully on Anonymous in 0.40 sec
2025-05-08 10:08:14,086 - INFO - [TRAINING] Training KNN on Anonymous...
2025-05-08 10:08:14,191 - INFO - [TRAINING] KNN trained successfully on Anonymous in 0.10 sec
2025-05-08 10:08:14,191 - INFO - [TRAINING] Training LogisticRegression on Anonymous...
2025-05-08 10:08:15,592 - INFO - [TRAINING] LogisticRegression trained successfully on Anonymous in 1.40 sec
2025-05-08 10:08:15,592 - INFO - [TRAINING] Training RandomForest on Anonymous...
2025-05-08 10:08:20,160 - INFO - [TRAINING] RandomForest trained successfully on Anonymous in 4.57 sec
2025-05-08 10:08:20,161 - INFO - [TRAINING] Training SVM on Anonymous...
2025-05-08 10:09:54,902 - INFO - [TRAINING] SVM trained successfully on Anonymous in 94.74 sec
2025-05-08 10:09:54,902 - INFO - [TRAINING] Finished training 5 model(s) for dataset: Anonymous
2025-05-08 10:09:54,902 - INFO - [TRAINING] Total models trained across all datasets: 10
2025-05-08 10:09:54,902 - INFO - [UTILITY] Trained model names: ['Original', 'Anonymous']
2025-05-08 10:09:54,902 - INFO - [UTILITY] Model Training Completed.
2025-05-08 10:09:54,902 - INFO - Starting the Evaluating of models...
2025-05-08 10:09:54,902 - INFO - Preparing evaluation for model 'DecisionTree' across all datasets...
2025-05-08 10:09:54,903 - INFO - Evaluating DecisionTree on Original...
2025-05-08 10:09:54,911 - INFO - Predictions completed for DecisionTree on Original
2025-05-08 10:09:54,913 - INFO - Prediction distribution for DecisionTree on Original: {'<=50K': 4756, '<=50K.': 2512, '>50K': 1653, '>50K.': 848}
2025-05-08 10:09:55,017 - INFO - Computed 8 metric(s) for DecisionTree on Original
2025-05-08 10:09:55,017 - INFO - Evaluating DecisionTree on Anonymous...
2025-05-08 10:09:55,026 - INFO - Predictions completed for DecisionTree on Anonymous
2025-05-08 10:09:55,027 - INFO - Prediction distribution for DecisionTree on Anonymous: {'<=50K': 4805, '<=50K.': 2705, '>50K': 1530, '>50K.': 729}
2025-05-08 10:09:55,130 - INFO - Computed 8 metric(s) for DecisionTree on Anonymous
2025-05-08 10:09:55,130 - INFO - Preparing evaluation for model 'KNN' across all datasets...
2025-05-08 10:09:55,130 - INFO - Evaluating KNN on Original...
2025-05-08 10:10:00,526 - INFO - Predictions completed for KNN on Original
2025-05-08 10:10:00,527 - INFO - Prediction distribution for KNN on Original: {'<=50K': 7038, '<=50K.': 1542, '>50K': 1005, '>50K.': 184}
2025-05-08 10:10:08,880 - INFO - Computed 8 metric(s) for KNN on Original
2025-05-08 10:10:08,881 - INFO - Evaluating KNN on Anonymous...
2025-05-08 10:10:12,623 - INFO - Predictions completed for KNN on Anonymous
2025-05-08 10:10:12,624 - INFO - Prediction distribution for KNN on Anonymous: {'<=50K': 7092, '<=50K.': 1607, '>50K': 903, '>50K.': 167}
2025-05-08 10:10:21,351 - INFO - Computed 8 metric(s) for KNN on Anonymous
2025-05-08 10:10:21,351 - INFO - Preparing evaluation for model 'LogisticRegression' across all datasets...
2025-05-08 10:10:21,351 - INFO - Evaluating LogisticRegression on Original...
2025-05-08 10:10:21,357 - INFO - Predictions completed for LogisticRegression on Original
2025-05-08 10:10:21,358 - INFO - Prediction distribution for LogisticRegression on Original: {'<=50K': 7883, '>50K': 1884, '>50K.': 2}
2025-05-08 10:10:21,379 - WARNING - [UndefinedMetricWarning] Precision is ill-defined and being set to 0.0 in labels with no predicted samples. Use `zero_division` parameter to control this behavior. (from /mnt/NVMETank/Projects/Students/Dele/A-STUDY-INTO-THE-QUALITY-AND-USABILITY-OF-PRIVACY-FRIENDLY-SYNTHETIC-DATA/.venv/lib/python3.12/site-packages/sklearn/metrics/_classification.py:1565)
2025-05-08 10:10:21,397 - WARNING - [UndefinedMetricWarning] Precision is ill-defined and being set to 0.0 in labels with no predicted samples. Use `zero_division` parameter to control this behavior. (from /mnt/NVMETank/Projects/Students/Dele/A-STUDY-INTO-THE-QUALITY-AND-USABILITY-OF-PRIVACY-FRIENDLY-SYNTHETIC-DATA/.venv/lib/python3.12/site-packages/sklearn/metrics/_classification.py:1565)
2025-05-08 10:10:21,415 - WARNING - [UndefinedMetricWarning] Precision is ill-defined and being set to 0.0 in labels with no predicted samples. Use `zero_division` parameter to control this behavior. (from /mnt/NVMETank/Projects/Students/Dele/A-STUDY-INTO-THE-QUALITY-AND-USABILITY-OF-PRIVACY-FRIENDLY-SYNTHETIC-DATA/.venv/lib/python3.12/site-packages/sklearn/metrics/_classification.py:1565)
2025-05-08 10:10:21,461 - INFO - Computed 8 metric(s) for LogisticRegression on Original
2025-05-08 10:10:21,462 - INFO - Evaluating LogisticRegression on Anonymous...
2025-05-08 10:10:21,467 - INFO - Predictions completed for LogisticRegression on Anonymous
2025-05-08 10:10:21,468 - INFO - Prediction distribution for LogisticRegression on Anonymous: {'<=50K': 8713, '>50K': 1022, '>50K.': 34}
2025-05-08 10:10:21,490 - WARNING - [UndefinedMetricWarning] Precision is ill-defined and being set to 0.0 in labels with no predicted samples. Use `zero_division` parameter to control this behavior. (from /mnt/NVMETank/Projects/Students/Dele/A-STUDY-INTO-THE-QUALITY-AND-USABILITY-OF-PRIVACY-FRIENDLY-SYNTHETIC-DATA/.venv/lib/python3.12/site-packages/sklearn/metrics/_classification.py:1565)
2025-05-08 10:10:21,508 - WARNING - [UndefinedMetricWarning] Precision is ill-defined and being set to 0.0 in labels with no predicted samples. Use `zero_division` parameter to control this behavior. (from /mnt/NVMETank/Projects/Students/Dele/A-STUDY-INTO-THE-QUALITY-AND-USABILITY-OF-PRIVACY-FRIENDLY-SYNTHETIC-DATA/.venv/lib/python3.12/site-packages/sklearn/metrics/_classification.py:1565)
2025-05-08 10:10:21,526 - WARNING - [UndefinedMetricWarning] Precision is ill-defined and being set to 0.0 in labels with no predicted samples. Use `zero_division` parameter to control this behavior. (from /mnt/NVMETank/Projects/Students/Dele/A-STUDY-INTO-THE-QUALITY-AND-USABILITY-OF-PRIVACY-FRIENDLY-SYNTHETIC-DATA/.venv/lib/python3.12/site-packages/sklearn/metrics/_classification.py:1565)
2025-05-08 10:10:21,574 - INFO - Computed 8 metric(s) for LogisticRegression on Anonymous
2025-05-08 10:10:21,574 - INFO - Preparing evaluation for model 'RandomForest' across all datasets...
2025-05-08 10:10:21,574 - INFO - Evaluating RandomForest on Original...
2025-05-08 10:10:21,925 - INFO - Predictions completed for RandomForest on Original
2025-05-08 10:10:21,926 - INFO - Prediction distribution for RandomForest on Original: {'<=50K': 6662, '>50K': 1687, '<=50K.': 1069, '>50K.': 351}
2025-05-08 10:10:22,986 - INFO - Computed 8 metric(s) for RandomForest on Original
2025-05-08 10:10:22,986 - INFO - Evaluating RandomForest on Anonymous...
2025-05-08 10:10:23,452 - INFO - Predictions completed for RandomForest on Anonymous
2025-05-08 10:10:23,453 - INFO - Prediction distribution for RandomForest on Anonymous: {'<=50K': 6869, '>50K': 1384, '<=50K.': 1206, '>50K.': 310}
2025-05-08 10:10:24,204 - INFO - Computed 8 metric(s) for RandomForest on Anonymous
2025-05-08 10:10:24,205 - INFO - Preparing evaluation for model 'SVM' across all datasets...
2025-05-08 10:10:24,205 - INFO - Evaluating SVM on Original...
2025-05-08 10:10:39,895 - INFO - Predictions completed for SVM on Original
2025-05-08 10:10:39,897 - INFO - Prediction distribution for SVM on Original: {'<=50K': 9395, '>50K': 374}
2025-05-08 10:10:39,919 - WARNING - [UndefinedMetricWarning] Precision is ill-defined and being set to 0.0 in labels with no predicted samples. Use `zero_division` parameter to control this behavior. (from /mnt/NVMETank/Projects/Students/Dele/A-STUDY-INTO-THE-QUALITY-AND-USABILITY-OF-PRIVACY-FRIENDLY-SYNTHETIC-DATA/.venv/lib/python3.12/site-packages/sklearn/metrics/_classification.py:1565)
2025-05-08 10:10:39,938 - WARNING - [UndefinedMetricWarning] Precision is ill-defined and being set to 0.0 in labels with no predicted samples. Use `zero_division` parameter to control this behavior. (from /mnt/NVMETank/Projects/Students/Dele/A-STUDY-INTO-THE-QUALITY-AND-USABILITY-OF-PRIVACY-FRIENDLY-SYNTHETIC-DATA/.venv/lib/python3.12/site-packages/sklearn/metrics/_classification.py:1565)
2025-05-08 10:10:39,956 - WARNING - [UndefinedMetricWarning] Precision is ill-defined and being set to 0.0 in labels with no predicted samples. Use `zero_division` parameter to control this behavior. (from /mnt/NVMETank/Projects/Students/Dele/A-STUDY-INTO-THE-QUALITY-AND-USABILITY-OF-PRIVACY-FRIENDLY-SYNTHETIC-DATA/.venv/lib/python3.12/site-packages/sklearn/metrics/_classification.py:1565)
2025-05-08 10:10:39,972 - INFO - Computed 8 metric(s) for SVM on Original
2025-05-08 10:10:39,973 - INFO - Evaluating SVM on Anonymous...
2025-05-08 10:11:03,893 - INFO - Predictions completed for SVM on Anonymous
2025-05-08 10:11:03,899 - INFO - Prediction distribution for SVM on Anonymous: {'<=50K': 9395, '>50K': 374}
2025-05-08 10:11:03,966 - WARNING - [UndefinedMetricWarning] Precision is ill-defined and being set to 0.0 in labels with no predicted samples. Use `zero_division` parameter to control this behavior. (from /mnt/NVMETank/Projects/Students/Dele/A-STUDY-INTO-THE-QUALITY-AND-USABILITY-OF-PRIVACY-FRIENDLY-SYNTHETIC-DATA/.venv/lib/python3.12/site-packages/sklearn/metrics/_classification.py:1565)
2025-05-08 10:11:04,024 - WARNING - [UndefinedMetricWarning] Precision is ill-defined and being set to 0.0 in labels with no predicted samples. Use `zero_division` parameter to control this behavior. (from /mnt/NVMETank/Projects/Students/Dele/A-STUDY-INTO-THE-QUALITY-AND-USABILITY-OF-PRIVACY-FRIENDLY-SYNTHETIC-DATA/.venv/lib/python3.12/site-packages/sklearn/metrics/_classification.py:1565)
2025-05-08 10:11:04,079 - WARNING - [UndefinedMetricWarning] Precision is ill-defined and being set to 0.0 in labels with no predicted samples. Use `zero_division` parameter to control this behavior. (from /mnt/NVMETank/Projects/Students/Dele/A-STUDY-INTO-THE-QUALITY-AND-USABILITY-OF-PRIVACY-FRIENDLY-SYNTHETIC-DATA/.venv/lib/python3.12/site-packages/sklearn/metrics/_classification.py:1565)
2025-05-08 10:11:04,113 - INFO - Computed 8 metric(s) for SVM on Anonymous
2025-05-08 10:11:04,118 - INFO - Evaluation completed for all models.
2025-05-08 10:11:04,118 - INFO - Model evaluation completed in 69.22 seconds.
2025-05-08 10:11:04,121 - INFO - Evaluated models: ['DecisionTree', 'KNN', 'LogisticRegression', 'RandomForest', 'SVM']
2025-05-08 10:11:04,122 - INFO - Model Training and Evaluation completed.
2025-05-08 10:11:04,901 - INFO -  Visualizations saved.
2025-05-08 10:11:04,901 - INFO -  Benchmarking Completed. Results saved in output folder.
