2025-05-08 18:38:47,897 - INFO - Loaded config file: configs/generated_configs/loan/loan_anon_k19_sl0p5_l15.yaml
2025-05-08 18:38:47,897 - INFO -  Benchmarking started for dataset: loan
2025-05-08 18:38:47,897 - INFO - Using dataset path: /mnt/NVMETank/Projects/Students/Dele/A-STUDY-INTO-THE-QUALITY-AND-USABILITY-OF-PRIVACY-FRIENDLY-SYNTHETIC-DATA/datasets/original/loan.csv
2025-05-08 18:38:47,897 - INFO - Target column: Loan_Status, separator: ','
2025-05-08 18:38:47,897 - INFO - Configuration loaded: enable_anonymization = True, enable_synthesis = False, enable_hybrid = True, enable_utility = True, delete_after_evaluation = False
2025-05-08 18:38:47,897 - INFO - Running preprocessing...
2025-05-08 18:38:47,903 - INFO -  [PREPROCESSING] Preprocessed files found. Skipping preprocessing.
2025-05-08 18:38:47,913 - INFO - Preprocessing completed. Rows before: 614, after: 336
2025-05-08 18:38:47,913 - INFO - Preprocessed data saved to: outputs/batch/loan_batch_2025-05-08_18-38-44/loan_anon_k19_sl0p5_l15/preprocessing_report.txt
2025-05-08 18:38:47,913 - INFO - enable_anonymization = True
2025-05-08 18:38:47,913 - INFO - Starting Anonymization Pipeline with output path: /mnt/NVMETank/Projects/Students/Dele/A-STUDY-INTO-THE-QUALITY-AND-USABILITY-OF-PRIVACY-FRIENDLY-SYNTHETIC-DATA/datasets/anonymized/loan_k19_l15_sup50_anonymized.csv.......
2025-05-08 18:38:47,920 - INFO -  [ANONYMIZATION] Executing run_anonymization, config_path : configs/generated_configs/loan/loan_anon_k19_sl0p5_l15.yaml...........
2025-05-08 18:38:47,920 - INFO -  [ANONYMIZATION] Using JAR file at /mnt/NVMETank/Projects/Students/Dele/A-STUDY-INTO-THE-QUALITY-AND-USABILITY-OF-PRIVACY-FRIENDLY-SYNTHETIC-DATA/src/anonymization/anonymARXij/bin/anonymARXij.jar to anonymize the dataset.
2025-05-08 18:38:50,271 - INFO -  [ANONYMIZATION] Anonimized file saved to : /mnt/NVMETank/Projects/Students/Dele/A-STUDY-INTO-THE-QUALITY-AND-USABILITY-OF-PRIVACY-FRIENDLY-SYNTHETIC-DATA/datasets/anonymized/loan_k19_l15_sup50_anonymized.csv
2025-05-08 18:38:50,271 - INFO -  [ANONYMIZATION] Java anonymization completed successfully.
2025-05-08 18:38:50,271 - INFO -  [ANONYMIZATION] Java STDOUT:
📄 Java received config path: /mnt/NVMETank/Projects/Students/Dele/A-STUDY-INTO-THE-QUALITY-AND-USABILITY-OF-PRIVACY-FRIENDLY-SYNTHETIC-DATA/configs/generated_configs/loan/loan_anon_k19_sl0p5_l15.yaml
🔹 Loading config from: /mnt/NVMETank/Projects/Students/Dele/A-STUDY-INTO-THE-QUALITY-AND-USABILITY-OF-PRIVACY-FRIENDLY-SYNTHETIC-DATA/configs/generated_configs/loan/loan_anon_k19_sl0p5_l15.yaml
Loading config from: /mnt/NVMETank/Projects/Students/Dele/A-STUDY-INTO-THE-QUALITY-AND-USABILITY-OF-PRIVACY-FRIENDLY-SYNTHETIC-DATA/configs/generated_configs/loan/loan_anon_k19_sl0p5_l15.yaml
📂 Dataset Path (from args): /mnt/NVMETank/Projects/Students/Dele/A-STUDY-INTO-THE-QUALITY-AND-USABILITY-OF-PRIVACY-FRIENDLY-SYNTHETIC-DATA/datasets/train/loan_train_raw.csv
🔹 Dataset Separator: ,
🔹 Suppression Limit: 0.5

🔹 Configured Attributes:
  ✅ Quasi-Identifier: Gender
  ✅ Quasi-Identifier: Married
  ✅ Quasi-Identifier: Education
  ✅ Quasi-Identifier: Dependents
  ✅ Quasi-Identifier: Self_Employed
  ✅ Quasi-Identifier: Property_Area
  ✅ Quasi-Identifier: Credit_History
  ✅ Quasi-Identifier: Loan_Amount_Term
  ✅ Sensitive Attribute: LoanAmount
  ✅ Insensitive Attribute: Loan_Status
  ✅ Insensitive Attribute: ApplicantIncome
  ✅ Insensitive Attribute: CoapplicantIncome

🔹 Defined Hierarchies:
  ✅ Property_Area -> /mnt/NVMETank/Projects/Students/Dele/A-STUDY-INTO-THE-QUALITY-AND-USABILITY-OF-PRIVACY-FRIENDLY-SYNTHETIC-DATA/src/anonymization/anonymARXij/src/hierarchies_loan/property_area.csv
  ✅ Self_Employed -> /mnt/NVMETank/Projects/Students/Dele/A-STUDY-INTO-THE-QUALITY-AND-USABILITY-OF-PRIVACY-FRIENDLY-SYNTHETIC-DATA/src/anonymization/anonymARXij/src/hierarchies_loan/self_employed.csv
  ✅ Credit_History -> /mnt/NVMETank/Projects/Students/Dele/A-STUDY-INTO-THE-QUALITY-AND-USABILITY-OF-PRIVACY-FRIENDLY-SYNTHETIC-DATA/src/anonymization/anonymARXij/src/hierarchies_loan/credit_history.csv
  ✅ Dependents -> /mnt/NVMETank/Projects/Students/Dele/A-STUDY-INTO-THE-QUALITY-AND-USABILITY-OF-PRIVACY-FRIENDLY-SYNTHETIC-DATA/src/anonymization/anonymARXij/src/hierarchies_loan/dependents.csv
  ✅ Education -> /mnt/NVMETank/Projects/Students/Dele/A-STUDY-INTO-THE-QUALITY-AND-USABILITY-OF-PRIVACY-FRIENDLY-SYNTHETIC-DATA/src/anonymization/anonymARXij/src/hierarchies_loan/education.csv
  ✅ Loan_Amount_Term -> /mnt/NVMETank/Projects/Students/Dele/A-STUDY-INTO-THE-QUALITY-AND-USABILITY-OF-PRIVACY-FRIENDLY-SYNTHETIC-DATA/src/anonymization/anonymARXij/src/hierarchies_loan/loan_amount_terms.csv
  ✅ Married -> /mnt/NVMETank/Projects/Students/Dele/A-STUDY-INTO-THE-QUALITY-AND-USABILITY-OF-PRIVACY-FRIENDLY-SYNTHETIC-DATA/src/anonymization/anonymARXij/src/hierarchies_loan/married.csv
  ✅ Gender -> /mnt/NVMETank/Projects/Students/Dele/A-STUDY-INTO-THE-QUALITY-AND-USABILITY-OF-PRIVACY-FRIENDLY-SYNTHETIC-DATA/src/anonymization/anonymARXij/src/hierarchies_loan/gender.csv
Java is searching for hierarchy file at: /mnt/NVMETank/Projects/Students/Dele/A-STUDY-INTO-THE-QUALITY-AND-USABILITY-OF-PRIVACY-FRIENDLY-SYNTHETIC-DATA/src/anonymization/anonymARXij/src/hierarchies_loan/property_area.csv
Java is searching for hierarchy file at: /mnt/NVMETank/Projects/Students/Dele/A-STUDY-INTO-THE-QUALITY-AND-USABILITY-OF-PRIVACY-FRIENDLY-SYNTHETIC-DATA/src/anonymization/anonymARXij/src/hierarchies_loan/self_employed.csv
Java is searching for hierarchy file at: /mnt/NVMETank/Projects/Students/Dele/A-STUDY-INTO-THE-QUALITY-AND-USABILITY-OF-PRIVACY-FRIENDLY-SYNTHETIC-DATA/src/anonymization/anonymARXij/src/hierarchies_loan/credit_history.csv
Java is searching for hierarchy file at: /mnt/NVMETank/Projects/Students/Dele/A-STUDY-INTO-THE-QUALITY-AND-USABILITY-OF-PRIVACY-FRIENDLY-SYNTHETIC-DATA/src/anonymization/anonymARXij/src/hierarchies_loan/dependents.csv
Java is searching for hierarchy file at: /mnt/NVMETank/Projects/Students/Dele/A-STUDY-INTO-THE-QUALITY-AND-USABILITY-OF-PRIVACY-FRIENDLY-SYNTHETIC-DATA/src/anonymization/anonymARXij/src/hierarchies_loan/education.csv
Java is searching for hierarchy file at: /mnt/NVMETank/Projects/Students/Dele/A-STUDY-INTO-THE-QUALITY-AND-USABILITY-OF-PRIVACY-FRIENDLY-SYNTHETIC-DATA/src/anonymization/anonymARXij/src/hierarchies_loan/loan_amount_terms.csv
Java is searching for hierarchy file at: /mnt/NVMETank/Projects/Students/Dele/A-STUDY-INTO-THE-QUALITY-AND-USABILITY-OF-PRIVACY-FRIENDLY-SYNTHETIC-DATA/src/anonymization/anonymARXij/src/hierarchies_loan/married.csv
Java is searching for hierarchy file at: /mnt/NVMETank/Projects/Students/Dele/A-STUDY-INTO-THE-QUALITY-AND-USABILITY-OF-PRIVACY-FRIENDLY-SYNTHETIC-DATA/src/anonymization/anonymARXij/src/hierarchies_loan/gender.csv
✓ Applied Entropy L-Diversity on: LoanAmount (l=15)
🔹 Privacy Models Configured
📂 Anonymized Output Path (from args): /mnt/NVMETank/Projects/Students/Dele/A-STUDY-INTO-THE-QUALITY-AND-USABILITY-OF-PRIVACY-FRIENDLY-SYNTHETIC-DATA/datasets/anonymized/loan_k19_l15_sup50_anonymized.csv
📂 Anonymized Output Path: /mnt/NVMETank/Projects/Students/Dele/A-STUDY-INTO-THE-QUALITY-AND-USABILITY-OF-PRIVACY-FRIENDLY-SYNTHETIC-DATA/datasets/anonymized/loan_k19_l15_sup50_anonymized.csv
✅ Anonymization completed. Output saved to: /mnt/NVMETank/Projects/Students/Dele/A-STUDY-INTO-THE-QUALITY-AND-USABILITY-OF-PRIVACY-FRIENDLY-SYNTHETIC-DATA/datasets/anonymized/loan_k19_l15_sup50_anonymized.csv
Anonymized Data Quality Metrics:
 - Ambiguity: 0.7069067296340024
 - AECS: 0.8288369304556356
 - Discernibility: 0.4995663016372113
 - Granularity: 0.478180862250263
 - MSE: 0.605510752688172
 - Non-Uniform Entropy: 0.23853613236526627
 - Precision: 0.48697916666666663
 - Record-level SE: 0.468242047881382
Equivalence Class Statistics:
 - Number of Classes: 4
 - Average Class Size: 59.5
Suppression Statistics:
 - Suppressed Records: 98
 - Suppression Percentage: 29.17%
2025-05-08 18:38:50,272 - INFO - Anonymized data saved to: /mnt/NVMETank/Projects/Students/Dele/A-STUDY-INTO-THE-QUALITY-AND-USABILITY-OF-PRIVACY-FRIENDLY-SYNTHETIC-DATA/datasets/anonymized/loan_k19_l15_sup50_anonymized.csv
2025-05-08 18:38:50,285 - INFO - Anonymous data report saved at: outputs/batch/loan_batch_2025-05-08_18-38-44/loan_anon_k19_sl0p5_l15/anonymous_data_report.txt
2025-05-08 18:38:50,285 - INFO -  [POSTPROCESSING] Postprocessing anonymized data: /mnt/NVMETank/Projects/Students/Dele/A-STUDY-INTO-THE-QUALITY-AND-USABILITY-OF-PRIVACY-FRIENDLY-SYNTHETIC-DATA/datasets/anonymized/loan_k19_l15_sup50_anonymized.csv
2025-05-08 18:38:50,287 - INFO -  [POSTPROCESSING] Loaded anonymized data: (336, 12)
2025-05-08 18:38:50,291 - INFO -  [POSTPROCESSING] Loaded fallback maps from training data. Categorical cols: 7, Numeric cols: 5
2025-05-08 18:38:50,291 - INFO -  [POSTPROCESSING] Normalizing anonymized data using ARX artifact cleaning and fallback values.
2025-05-08 18:38:50,307 - INFO -  [POSTPROCESSING] Normalized anonymized data saved to: /mnt/NVMETank/Projects/Students/Dele/A-STUDY-INTO-THE-QUALITY-AND-USABILITY-OF-PRIVACY-FRIENDLY-SYNTHETIC-DATA/datasets/anonymized/loan_k19_l15_sup50_anonymized_processed.csv
2025-05-08 18:38:50,315 - INFO -  [POSTPROCESSING] Binary Encoding applied to anonymized data. Encoded shape: (336, 19)
2025-05-08 18:38:50,317 - INFO -  [POSTPROCESSING] Encoded anonymized dataset saved to: /mnt/NVMETank/Projects/Students/Dele/A-STUDY-INTO-THE-QUALITY-AND-USABILITY-OF-PRIVACY-FRIENDLY-SYNTHETIC-DATA/datasets/anonymized/loan_k19_l15_sup50_anonymized_encoded.csv
2025-05-08 18:38:50,317 - INFO -  [POSTPROCESSING] Encoding map generated for anonymized data: 0 original categorical columns.
2025-05-08 18:38:50,317 - INFO - Postprocessing report saved at: outputs/batch/loan_batch_2025-05-08_18-38-44/loan_anon_k19_sl0p5_l15/postprocessing_report.txt
2025-05-08 18:38:50,317 - INFO - enable_synthetic_generation = False
2025-05-08 18:38:50,317 - INFO - Synthetic Data Generation Skipped (Disabled in Configuration).
2025-05-08 18:38:50,317 - INFO - Running Hybrid Pipeline...
2025-05-08 18:38:50,317 - INFO -  [HYBRID] Executing run_hybrid...
2025-05-08 18:38:50,318 - INFO -  [HYBRID] Looking for encoded anonymized data in /mnt/NVMETank/Projects/Students/Dele/A-STUDY-INTO-THE-QUALITY-AND-USABILITY-OF-PRIVACY-FRIENDLY-SYNTHETIC-DATA/datasets/anonymized/loan_k19_l15_sup50_anonymized_encoded.csv
2025-05-08 18:38:50,318 - INFO -  [HYBRID ] Loaded cached encoded anonymous data from /mnt/NVMETank/Projects/Students/Dele/A-STUDY-INTO-THE-QUALITY-AND-USABILITY-OF-PRIVACY-FRIENDLY-SYNTHETIC-DATA/datasets/anonymized/loan_k19_l15_sup50_anonymized_encoded.csv
2025-05-08 18:38:50,319 - INFO -  [HYBRID] Starting synthetic generation for hybrid pipeline...
2025-05-08 18:38:50,319 - INFO - Executing run_synthetic.....
2025-05-08 18:38:50,319 - INFO - [SYNTHETIC PIPELINE] executing run_synthetic for loan_k19_l15_sup50...
2025-05-08 18:38:50,319 - INFO - [SYNTHETIC] Processing dataset: loan_k19_l15_sup50
2025-05-08 18:38:50,319 - INFO - [SYNTHETIC] Original dataset size: 336 rows
2025-05-08 18:38:50,329 - INFO - Detected metadata:
2025-05-08 18:38:50,330 - INFO - {
    "METADATA_SPEC_VERSION": "SINGLE_TABLE_V1",
    "columns": {
        "Gender_0": {
            "sdtype": "categorical"
        },
        "Gender_1": {
            "sdtype": "categorical"
        },
        "Married_0": {
            "sdtype": "categorical"
        },
        "Married_1": {
            "sdtype": "categorical"
        },
        "Dependents_0": {
            "sdtype": "categorical"
        },
        "Dependents_1": {
            "sdtype": "categorical"
        },
        "Dependents_2": {
            "sdtype": "categorical"
        },
        "Education_0": {
            "sdtype": "categorical"
        },
        "Education_1": {
            "sdtype": "categorical"
        },
        "Self_Employed_0": {
            "sdtype": "categorical"
        },
        "Self_Employed_1": {
            "sdtype": "categorical"
        },
        "ApplicantIncome": {
            "sdtype": "numerical"
        },
        "CoapplicantIncome": {
            "sdtype": "numerical"
        },
        "LoanAmount": {
            "sdtype": "numerical"
        },
        "Loan_Amount_Term": {
            "sdtype": "categorical"
        },
        "Credit_History": {
            "sdtype": "categorical"
        },
        "Property_Area_0": {
            "sdtype": "categorical"
        },
        "Property_Area_1": {
            "sdtype": "categorical"
        },
        "Loan_Status": {
            "sdtype": "categorical"
        }
    }
}
2025-05-08 18:38:50,330 - INFO - [SYNTHETIC] Preparing synthesizer: CTGAN
2025-05-08 18:38:50,330 - INFO - [SYNTHETIC] Params from config: {'epochs': 300}
2025-05-08 18:38:50,330 - INFO -  [SYNTHETIC] No pre-trained synthesizer found
2025-05-08 18:38:50,330 - INFO - [SYNTHETIC] Training new CTGAN synthesizer from scratch...
2025-05-08 18:38:50,330 - WARNING - [FutureWarning] The 'SingleTableMetadata' is deprecated. Please use the new 'Metadata' class for synthesizers. (from /mnt/NVMETank/Projects/Students/Dele/A-STUDY-INTO-THE-QUALITY-AND-USABILITY-OF-PRIVACY-FRIENDLY-SYNTHETIC-DATA/.venv/lib/python3.12/site-packages/sdv/single_table/base.py:119)
2025-05-08 18:38:50,330 - WARNING - [UserWarning] We strongly recommend saving the metadata using 'save_to_json' for replicability in future SDV versions. (from /mnt/NVMETank/Projects/Students/Dele/A-STUDY-INTO-THE-QUALITY-AND-USABILITY-OF-PRIVACY-FRIENDLY-SYNTHETIC-DATA/.venv/lib/python3.12/site-packages/sdv/single_table/base.py:104)
2025-05-08 18:38:50,334 - INFO - {'EVENT': 'Instance', 'TIMESTAMP': datetime.datetime(2025, 5, 8, 18, 38, 50, 334667), 'SYNTHESIZER CLASS NAME': 'CTGANSynthesizer', 'SYNTHESIZER ID': 'CTGANSynthesizer_1.18.0_0267d636dbc84e67b75649581c134674'}
2025-05-08 18:38:50,334 - INFO - [SYNTHETIC] CTGAN initialized with epochs: 300
2025-05-08 18:38:50,334 - INFO - [SYNTHETIC] Training parameters for CTGAN: {}
2025-05-08 18:38:50,334 - INFO - [SYNTHETIC] fitting CTGAN 
2025-05-08 18:38:50,334 - INFO - {'EVENT': 'Fit', 'TIMESTAMP': datetime.datetime(2025, 5, 8, 18, 38, 50, 334885), 'SYNTHESIZER CLASS NAME': 'CTGANSynthesizer', 'SYNTHESIZER ID': 'CTGANSynthesizer_1.18.0_0267d636dbc84e67b75649581c134674', 'TOTAL NUMBER OF TABLES': 1, 'TOTAL NUMBER OF ROWS': 336, 'TOTAL NUMBER OF COLUMNS': 19}
2025-05-08 18:38:50,336 - INFO - Fitting table  metadata
2025-05-08 18:38:50,336 - INFO - Fitting formatters for table 
2025-05-08 18:38:50,338 - INFO - Fitting constraints for table 
2025-05-08 18:38:50,338 - INFO - Setting the configuration for the ``HyperTransformer`` for table 
2025-05-08 18:38:50,339 - INFO - Fitting HyperTransformer for table 
2025-05-08 18:38:50,354 - INFO - {'EVENT': 'Fit processed data', 'TIMESTAMP': datetime.datetime(2025, 5, 8, 18, 38, 50, 354206), 'SYNTHESIZER CLASS NAME': 'CTGANSynthesizer', 'SYNTHESIZER ID': 'CTGANSynthesizer_1.18.0_0267d636dbc84e67b75649581c134674', 'TOTAL NUMBER OF TABLES': 1, 'TOTAL NUMBER OF ROWS': 336, 'TOTAL NUMBER OF COLUMNS': 19}
2025-05-08 18:38:50,384 - INFO - Guidance: There are no missing values in column ApplicantIncome. Extra column not created.
2025-05-08 18:38:50,499 - INFO - Guidance: There are no missing values in column CoapplicantIncome. Extra column not created.
2025-05-08 18:38:50,535 - INFO - Guidance: There are no missing values in column LoanAmount. Extra column not created.
2025-05-08 18:39:19,342 - INFO - [SYNTHETIC] Fitting complete for CTGAN. Duration: 29.01 seconds.
2025-05-08 18:39:19,342 - INFO - [SYNTHETIC] CONFIRMATION CTGAN actually trained with epochs = 300
2025-05-08 18:39:19,342 - INFO - {'EVENT': 'Save', 'TIMESTAMP': datetime.datetime(2025, 5, 8, 18, 39, 19, 342266), 'SYNTHESIZER CLASS NAME': 'CTGANSynthesizer', 'SYNTHESIZER ID': 'CTGANSynthesizer_1.18.0_0267d636dbc84e67b75649581c134674'}
2025-05-08 18:39:19,380 - INFO - [SYNTHETIC] CTGAN trained and saved.
2025-05-08 18:39:19,380 - INFO - [SYNTHETIC] Preparing synthesizer: GaussianCopula
2025-05-08 18:39:19,380 - INFO - [SYNTHETIC] Params from config: {}
2025-05-08 18:39:19,380 - INFO -  [SYNTHETIC] No pre-trained synthesizer found
2025-05-08 18:39:19,380 - INFO - [SYNTHETIC] Training new GaussianCopula synthesizer from scratch...
2025-05-08 18:39:19,380 - WARNING - [FutureWarning] The 'SingleTableMetadata' is deprecated. Please use the new 'Metadata' class for synthesizers. (from /mnt/NVMETank/Projects/Students/Dele/A-STUDY-INTO-THE-QUALITY-AND-USABILITY-OF-PRIVACY-FRIENDLY-SYNTHETIC-DATA/.venv/lib/python3.12/site-packages/sdv/single_table/base.py:119)
2025-05-08 18:39:19,384 - INFO - {'EVENT': 'Instance', 'TIMESTAMP': datetime.datetime(2025, 5, 8, 18, 39, 19, 384390), 'SYNTHESIZER CLASS NAME': 'GaussianCopulaSynthesizer', 'SYNTHESIZER ID': 'GaussianCopulaSynthesizer_1.18.0_96f1855c6a5846eeba196a53db1896b9'}
2025-05-08 18:39:19,384 - INFO - [SYNTHETIC] fitting GaussianCopula 
2025-05-08 18:39:19,384 - INFO - {'EVENT': 'Fit', 'TIMESTAMP': datetime.datetime(2025, 5, 8, 18, 39, 19, 384589), 'SYNTHESIZER CLASS NAME': 'GaussianCopulaSynthesizer', 'SYNTHESIZER ID': 'GaussianCopulaSynthesizer_1.18.0_96f1855c6a5846eeba196a53db1896b9', 'TOTAL NUMBER OF TABLES': 1, 'TOTAL NUMBER OF ROWS': 336, 'TOTAL NUMBER OF COLUMNS': 19}
2025-05-08 18:39:19,386 - INFO - Fitting table  metadata
2025-05-08 18:39:19,387 - INFO - Fitting formatters for table 
2025-05-08 18:39:19,388 - INFO - Fitting constraints for table 
2025-05-08 18:39:19,388 - INFO - Setting the configuration for the ``HyperTransformer`` for table 
2025-05-08 18:39:19,397 - INFO - Fitting HyperTransformer for table 
2025-05-08 18:39:19,512 - INFO - {'EVENT': 'Fit processed data', 'TIMESTAMP': datetime.datetime(2025, 5, 8, 18, 39, 19, 512456), 'SYNTHESIZER CLASS NAME': 'GaussianCopulaSynthesizer', 'SYNTHESIZER ID': 'GaussianCopulaSynthesizer_1.18.0_96f1855c6a5846eeba196a53db1896b9', 'TOTAL NUMBER OF TABLES': 1, 'TOTAL NUMBER OF ROWS': 336, 'TOTAL NUMBER OF COLUMNS': 19}
2025-05-08 18:39:19,512 - INFO - Fitting GaussianMultivariate(distribution="{'Gender_0': <class 'copulas.univariate.beta.BetaUnivariate'>, 'Gender_1': <class 'copulas.univariate.beta.BetaUnivariate'>, 'Married_0': <class 'copulas.univariate.beta.BetaUnivariate'>, 'Married_1': <class 'copulas.univariate.beta.BetaUnivariate'>, 'Dependents_0': <class 'copulas.univariate.beta.BetaUnivariate'>, 'Dependents_1': <class 'copulas.univariate.beta.BetaUnivariate'>, 'Dependents_2': <class 'copulas.univariate.beta.BetaUnivariate'>, 'Education_0': <class 'copulas.univariate.beta.BetaUnivariate'>, 'Education_1': <class 'copulas.univariate.beta.BetaUnivariate'>, 'Self_Employed_0': <class 'copulas.univariate.beta.BetaUnivariate'>, 'Self_Employed_1': <class 'copulas.univariate.beta.BetaUnivariate'>, 'ApplicantIncome': <class 'copulas.univariate.beta.BetaUnivariate'>, 'CoapplicantIncome': <class 'copulas.univariate.beta.BetaUnivariate'>, 'LoanAmount': <class 'copulas.univariate.beta.BetaUnivariate'>, 'Loan_Amount_Term': <class 'copulas.univariate.beta.BetaUnivariate'>, 'Credit_History': <class 'copulas.univariate.beta.BetaUnivariate'>, 'Property_Area_0': <class 'copulas.univariate.beta.BetaUnivariate'>, 'Property_Area_1': <class 'copulas.univariate.beta.BetaUnivariate'>, 'Loan_Status': <class 'copulas.univariate.beta.BetaUnivariate'>}")
2025-05-08 18:39:20,055 - INFO - [SYNTHETIC] Fitting complete for GaussianCopula. Duration: 0.67 seconds.
2025-05-08 18:39:20,055 - WARNING - [SYNTHETIC] WARNING Could not determine actual epochs used for GaussianCopula
2025-05-08 18:39:20,055 - INFO - {'EVENT': 'Save', 'TIMESTAMP': datetime.datetime(2025, 5, 8, 18, 39, 20, 55193), 'SYNTHESIZER CLASS NAME': 'GaussianCopulaSynthesizer', 'SYNTHESIZER ID': 'GaussianCopulaSynthesizer_1.18.0_96f1855c6a5846eeba196a53db1896b9'}
2025-05-08 18:39:20,062 - INFO - [SYNTHETIC] GaussianCopula trained and saved.
2025-05-08 18:39:20,063 - INFO - [SYNTHETIC] Preparing synthesizer: TVAE
2025-05-08 18:39:20,063 - INFO - [SYNTHETIC] Params from config: {'epochs': 300}
2025-05-08 18:39:20,063 - INFO -  [SYNTHETIC] No pre-trained synthesizer found
2025-05-08 18:39:20,063 - INFO - [SYNTHETIC] Training new TVAE synthesizer from scratch...
2025-05-08 18:39:20,063 - WARNING - [FutureWarning] The 'SingleTableMetadata' is deprecated. Please use the new 'Metadata' class for synthesizers. (from /mnt/NVMETank/Projects/Students/Dele/A-STUDY-INTO-THE-QUALITY-AND-USABILITY-OF-PRIVACY-FRIENDLY-SYNTHETIC-DATA/.venv/lib/python3.12/site-packages/sdv/single_table/base.py:119)
2025-05-08 18:39:20,065 - INFO - {'EVENT': 'Instance', 'TIMESTAMP': datetime.datetime(2025, 5, 8, 18, 39, 20, 65382), 'SYNTHESIZER CLASS NAME': 'TVAESynthesizer', 'SYNTHESIZER ID': 'TVAESynthesizer_1.18.0_479d9db1cda4459b8a5fb78dc54a43e8'}
2025-05-08 18:39:20,065 - INFO - [SYNTHETIC] TVAE initialized with epochs: 300
2025-05-08 18:39:20,065 - INFO - [SYNTHETIC] Training parameters for TVAE: {}
2025-05-08 18:39:20,065 - INFO - [SYNTHETIC] fitting TVAE 
2025-05-08 18:39:20,065 - INFO - {'EVENT': 'Fit', 'TIMESTAMP': datetime.datetime(2025, 5, 8, 18, 39, 20, 65575), 'SYNTHESIZER CLASS NAME': 'TVAESynthesizer', 'SYNTHESIZER ID': 'TVAESynthesizer_1.18.0_479d9db1cda4459b8a5fb78dc54a43e8', 'TOTAL NUMBER OF TABLES': 1, 'TOTAL NUMBER OF ROWS': 336, 'TOTAL NUMBER OF COLUMNS': 19}
2025-05-08 18:39:20,066 - INFO - Fitting table  metadata
2025-05-08 18:39:20,067 - INFO - Fitting formatters for table 
2025-05-08 18:39:20,068 - INFO - Fitting constraints for table 
2025-05-08 18:39:20,068 - INFO - Setting the configuration for the ``HyperTransformer`` for table 
2025-05-08 18:39:20,069 - INFO - Fitting HyperTransformer for table 
2025-05-08 18:39:20,081 - INFO - {'EVENT': 'Fit processed data', 'TIMESTAMP': datetime.datetime(2025, 5, 8, 18, 39, 20, 81456), 'SYNTHESIZER CLASS NAME': 'TVAESynthesizer', 'SYNTHESIZER ID': 'TVAESynthesizer_1.18.0_479d9db1cda4459b8a5fb78dc54a43e8', 'TOTAL NUMBER OF TABLES': 1, 'TOTAL NUMBER OF ROWS': 336, 'TOTAL NUMBER OF COLUMNS': 19}
2025-05-08 18:39:20,094 - INFO - Guidance: There are no missing values in column ApplicantIncome. Extra column not created.
2025-05-08 18:39:20,170 - INFO - Guidance: There are no missing values in column CoapplicantIncome. Extra column not created.
2025-05-08 18:39:20,215 - INFO - Guidance: There are no missing values in column LoanAmount. Extra column not created.
2025-05-08 18:39:23,519 - INFO - [SYNTHETIC] Fitting complete for TVAE. Duration: 3.45 seconds.
2025-05-08 18:39:23,520 - INFO - [SYNTHETIC] CONFIRMATION TVAE actually trained with epochs = 300
2025-05-08 18:39:23,520 - INFO - {'EVENT': 'Save', 'TIMESTAMP': datetime.datetime(2025, 5, 8, 18, 39, 23, 520127), 'SYNTHESIZER CLASS NAME': 'TVAESynthesizer', 'SYNTHESIZER ID': 'TVAESynthesizer_1.18.0_479d9db1cda4459b8a5fb78dc54a43e8'}
2025-05-08 18:39:23,541 - INFO - [SYNTHETIC] TVAE trained and saved.
2025-05-08 18:39:23,541 - INFO - [SYNTHETIC] Using CTGAN to generate 336 rows...
2025-05-08 18:39:23,598 - INFO - {'EVENT': 'Sample', 'TIMESTAMP': datetime.datetime(2025, 5, 8, 18, 39, 23, 542006), 'SYNTHESIZER CLASS NAME': 'CTGANSynthesizer', 'SYNTHESIZER ID': 'CTGANSynthesizer_1.18.0_0267d636dbc84e67b75649581c134674', 'TOTAL NUMBER OF TABLES': 1, 'TOTAL NUMBER OF ROWS': 336, 'TOTAL NUMBER OF COLUMNS': 19}
2025-05-08 18:39:23,598 - INFO - [SYNTHETIC] CTGAN completed: 336 rows generated.
2025-05-08 18:39:23,598 - INFO - [SYNTHETIC] Target class distribution for CTGAN: {'Y': 230, 'N': 106}
2025-05-08 18:39:23,598 - INFO - [SYNTHETIC] Using GaussianCopula to generate 336 rows...
2025-05-08 18:39:23,656 - INFO - {'EVENT': 'Sample', 'TIMESTAMP': datetime.datetime(2025, 5, 8, 18, 39, 23, 598813), 'SYNTHESIZER CLASS NAME': 'GaussianCopulaSynthesizer', 'SYNTHESIZER ID': 'GaussianCopulaSynthesizer_1.18.0_96f1855c6a5846eeba196a53db1896b9', 'TOTAL NUMBER OF TABLES': 1, 'TOTAL NUMBER OF ROWS': 336, 'TOTAL NUMBER OF COLUMNS': 19}
2025-05-08 18:39:23,656 - INFO - [SYNTHETIC] GaussianCopula completed: 336 rows generated.
2025-05-08 18:39:23,657 - INFO - [SYNTHETIC] Target class distribution for GaussianCopula: {'Y': 231, 'N': 105}
2025-05-08 18:39:23,657 - INFO - [SYNTHETIC] Using TVAE to generate 336 rows...
2025-05-08 18:39:23,696 - INFO - {'EVENT': 'Sample', 'TIMESTAMP': datetime.datetime(2025, 5, 8, 18, 39, 23, 657345), 'SYNTHESIZER CLASS NAME': 'TVAESynthesizer', 'SYNTHESIZER ID': 'TVAESynthesizer_1.18.0_479d9db1cda4459b8a5fb78dc54a43e8', 'TOTAL NUMBER OF TABLES': 1, 'TOTAL NUMBER OF ROWS': 336, 'TOTAL NUMBER OF COLUMNS': 19}
2025-05-08 18:39:23,697 - INFO - [SYNTHETIC] TVAE completed: 336 rows generated.
2025-05-08 18:39:23,697 - INFO - [SYNTHETIC] Target class distribution for TVAE: {'Y': 319, 'N': 17}
2025-05-08 18:39:23,697 - INFO - [SYNTHETIC PIPELINE] Synthetic Data Generation Completed.
2025-05-08 18:39:23,697 - INFO - [SYNTHETIC PIPELINE] Synthesizers used: ['CTGAN', 'GaussianCopula', 'TVAE']
2025-05-08 18:39:23,697 - INFO - [SYNTHETIC PIPELINE] Evaluating synthetic dataset generated by CTGAN...
2025-05-08 18:39:23,697 - INFO - [SYNTHETIC EVAL] Real data columns     (19): ['Gender_0', 'Gender_1', 'Married_0', 'Married_1', 'Dependents_0', 'Dependents_1', 'Dependents_2', 'Education_0', 'Education_1', 'Self_Employed_0', 'Self_Employed_1', 'ApplicantIncome', 'CoapplicantIncome', 'LoanAmount', 'Loan_Amount_Term', 'Credit_History', 'Property_Area_0', 'Property_Area_1', 'Loan_Status']
2025-05-08 18:39:23,697 - INFO - [SYNTHETIC EVAL] Synthetic data columns (19): ['Gender_0', 'Gender_1', 'Married_0', 'Married_1', 'Dependents_0', 'Dependents_1', 'Dependents_2', 'Education_0', 'Education_1', 'Self_Employed_0', 'Self_Employed_1', 'ApplicantIncome', 'CoapplicantIncome', 'LoanAmount', 'Loan_Amount_Term', 'Credit_History', 'Property_Area_0', 'Property_Area_1', 'Loan_Status']
2025-05-08 18:39:23,698 - INFO - [SYNTHETIC EVAL] Metadata columns      (19): ['Gender_0', 'Gender_1', 'Married_0', 'Married_1', 'Dependents_0', 'Dependents_1', 'Dependents_2', 'Education_0', 'Education_1', 'Self_Employed_0', 'Self_Employed_1', 'ApplicantIncome', 'CoapplicantIncome', 'LoanAmount', 'Loan_Amount_Term', 'Credit_History', 'Property_Area_0', 'Property_Area_1', 'Loan_Status']
2025-05-08 18:39:23,698 - INFO - [SYNTHETIC EVAL] Shape — Real: (336, 19), Synthetic: (336, 19)
2025-05-08 18:39:23,698 - INFO - [SYNTHETIC EVAL] Metadata structure:
{
  "METADATA_SPEC_VERSION": "SINGLE_TABLE_V1",
  "columns": {
    "Gender_0": {
      "sdtype": "categorical"
    },
    "Gender_1": {
      "sdtype": "categorical"
    },
    "Married_0": {
      "sdtype": "categorical"
    },
    "Married_1": {
      "sdtype": "categorical"
    },
    "Dependents_0": {
      "sdtype": "categorical"
    },
    "Dependents_1": {
      "sdtype": "categorical"
    },
    "Dependents_2": {
      "sdtype": "categorical"
    },
    "Education_0": {
      "sdtype": "categorical"
    },
    "Education_1": {
      "sdtype": "categorical"
    },
    "Self_Employed_0": {
      "sdtype": "categorical"
    },
    "Self_Employed_1": {
      "sdtype": "categorical"
    },
    "ApplicantIncome": {
      "sdtype": "numerical"
    },
    "CoapplicantIncome": {
      "sdtype": "numerical"
    },
    "LoanAmount": {
      "sdtype": "numerical"
    },
    "Loan_Amount_Term": {
      "sdtype": "categorical"
    },
    "Credit_History": {
      "sdtype": "categorical"
    },
    "Property_Area_0": {
      "sdtype": "categorical"
    },
    "Property_Area_1": {
      "sdtype": "categorical"
    },
    "Loan_Status": {
      "sdtype": "categorical"
    }
  }
}
2025-05-08 18:39:24,096 - INFO - [SYNTHETIC PIPELINE] Evaluating synthetic dataset generated by GaussianCopula...
2025-05-08 18:39:24,096 - INFO - [SYNTHETIC EVAL] Real data columns     (19): ['Gender_0', 'Gender_1', 'Married_0', 'Married_1', 'Dependents_0', 'Dependents_1', 'Dependents_2', 'Education_0', 'Education_1', 'Self_Employed_0', 'Self_Employed_1', 'ApplicantIncome', 'CoapplicantIncome', 'LoanAmount', 'Loan_Amount_Term', 'Credit_History', 'Property_Area_0', 'Property_Area_1', 'Loan_Status']
2025-05-08 18:39:24,096 - INFO - [SYNTHETIC EVAL] Synthetic data columns (19): ['Gender_0', 'Gender_1', 'Married_0', 'Married_1', 'Dependents_0', 'Dependents_1', 'Dependents_2', 'Education_0', 'Education_1', 'Self_Employed_0', 'Self_Employed_1', 'ApplicantIncome', 'CoapplicantIncome', 'LoanAmount', 'Loan_Amount_Term', 'Credit_History', 'Property_Area_0', 'Property_Area_1', 'Loan_Status']
2025-05-08 18:39:24,096 - INFO - [SYNTHETIC EVAL] Metadata columns      (19): ['Gender_0', 'Gender_1', 'Married_0', 'Married_1', 'Dependents_0', 'Dependents_1', 'Dependents_2', 'Education_0', 'Education_1', 'Self_Employed_0', 'Self_Employed_1', 'ApplicantIncome', 'CoapplicantIncome', 'LoanAmount', 'Loan_Amount_Term', 'Credit_History', 'Property_Area_0', 'Property_Area_1', 'Loan_Status']
2025-05-08 18:39:24,096 - INFO - [SYNTHETIC EVAL] Shape — Real: (336, 19), Synthetic: (336, 19)
2025-05-08 18:39:24,097 - INFO - [SYNTHETIC EVAL] Metadata structure:
{
  "METADATA_SPEC_VERSION": "SINGLE_TABLE_V1",
  "columns": {
    "Gender_0": {
      "sdtype": "categorical"
    },
    "Gender_1": {
      "sdtype": "categorical"
    },
    "Married_0": {
      "sdtype": "categorical"
    },
    "Married_1": {
      "sdtype": "categorical"
    },
    "Dependents_0": {
      "sdtype": "categorical"
    },
    "Dependents_1": {
      "sdtype": "categorical"
    },
    "Dependents_2": {
      "sdtype": "categorical"
    },
    "Education_0": {
      "sdtype": "categorical"
    },
    "Education_1": {
      "sdtype": "categorical"
    },
    "Self_Employed_0": {
      "sdtype": "categorical"
    },
    "Self_Employed_1": {
      "sdtype": "categorical"
    },
    "ApplicantIncome": {
      "sdtype": "numerical"
    },
    "CoapplicantIncome": {
      "sdtype": "numerical"
    },
    "LoanAmount": {
      "sdtype": "numerical"
    },
    "Loan_Amount_Term": {
      "sdtype": "categorical"
    },
    "Credit_History": {
      "sdtype": "categorical"
    },
    "Property_Area_0": {
      "sdtype": "categorical"
    },
    "Property_Area_1": {
      "sdtype": "categorical"
    },
    "Loan_Status": {
      "sdtype": "categorical"
    }
  }
}
2025-05-08 18:39:24,525 - INFO - [SYNTHETIC PIPELINE] Evaluating synthetic dataset generated by TVAE...
2025-05-08 18:39:24,526 - INFO - [SYNTHETIC EVAL] Real data columns     (19): ['Gender_0', 'Gender_1', 'Married_0', 'Married_1', 'Dependents_0', 'Dependents_1', 'Dependents_2', 'Education_0', 'Education_1', 'Self_Employed_0', 'Self_Employed_1', 'ApplicantIncome', 'CoapplicantIncome', 'LoanAmount', 'Loan_Amount_Term', 'Credit_History', 'Property_Area_0', 'Property_Area_1', 'Loan_Status']
2025-05-08 18:39:24,526 - INFO - [SYNTHETIC EVAL] Synthetic data columns (19): ['Gender_0', 'Gender_1', 'Married_0', 'Married_1', 'Dependents_0', 'Dependents_1', 'Dependents_2', 'Education_0', 'Education_1', 'Self_Employed_0', 'Self_Employed_1', 'ApplicantIncome', 'CoapplicantIncome', 'LoanAmount', 'Loan_Amount_Term', 'Credit_History', 'Property_Area_0', 'Property_Area_1', 'Loan_Status']
2025-05-08 18:39:24,526 - INFO - [SYNTHETIC EVAL] Metadata columns      (19): ['Gender_0', 'Gender_1', 'Married_0', 'Married_1', 'Dependents_0', 'Dependents_1', 'Dependents_2', 'Education_0', 'Education_1', 'Self_Employed_0', 'Self_Employed_1', 'ApplicantIncome', 'CoapplicantIncome', 'LoanAmount', 'Loan_Amount_Term', 'Credit_History', 'Property_Area_0', 'Property_Area_1', 'Loan_Status']
2025-05-08 18:39:24,526 - INFO - [SYNTHETIC EVAL] Shape — Real: (336, 19), Synthetic: (336, 19)
2025-05-08 18:39:24,526 - INFO - [SYNTHETIC EVAL] Metadata structure:
{
  "METADATA_SPEC_VERSION": "SINGLE_TABLE_V1",
  "columns": {
    "Gender_0": {
      "sdtype": "categorical"
    },
    "Gender_1": {
      "sdtype": "categorical"
    },
    "Married_0": {
      "sdtype": "categorical"
    },
    "Married_1": {
      "sdtype": "categorical"
    },
    "Dependents_0": {
      "sdtype": "categorical"
    },
    "Dependents_1": {
      "sdtype": "categorical"
    },
    "Dependents_2": {
      "sdtype": "categorical"
    },
    "Education_0": {
      "sdtype": "categorical"
    },
    "Education_1": {
      "sdtype": "categorical"
    },
    "Self_Employed_0": {
      "sdtype": "categorical"
    },
    "Self_Employed_1": {
      "sdtype": "categorical"
    },
    "ApplicantIncome": {
      "sdtype": "numerical"
    },
    "CoapplicantIncome": {
      "sdtype": "numerical"
    },
    "LoanAmount": {
      "sdtype": "numerical"
    },
    "Loan_Amount_Term": {
      "sdtype": "categorical"
    },
    "Credit_History": {
      "sdtype": "categorical"
    },
    "Property_Area_0": {
      "sdtype": "categorical"
    },
    "Property_Area_1": {
      "sdtype": "categorical"
    },
    "Loan_Status": {
      "sdtype": "categorical"
    }
  }
}
2025-05-08 18:39:24,994 - INFO -  [SYNTHETIC PIPELINE]  Synthetic Data Evaluation Completed.
2025-05-08 18:39:25,002 - INFO -  [SYNTHETIC PIPELINE] Synthetic Data Report Generated Successfully.
2025-05-08 18:39:25,146 - INFO - [HYBRID] Generated hybrid dataset shape for CTGAN: (336, 19)
2025-05-08 18:39:25,146 - INFO - [HYBRID] Target distribution for CTGAN: {'Y': 230, 'N': 106}
2025-05-08 18:39:25,149 - INFO -  [HYBRID] Saved hybrid dataset to /mnt/NVMETank/Projects/Students/Dele/A-STUDY-INTO-THE-QUALITY-AND-USABILITY-OF-PRIVACY-FRIENDLY-SYNTHETIC-DATA/datasets/hybrid/loan_k19_l15_sup50_CTGAN_HYBRID.csv
2025-05-08 18:39:25,149 - INFO - [HYBRID] Generated hybrid dataset shape for GaussianCopula: (336, 19)
2025-05-08 18:39:25,149 - INFO - [HYBRID] Target distribution for GaussianCopula: {'Y': 231, 'N': 105}
2025-05-08 18:39:25,152 - INFO -  [HYBRID] Saved hybrid dataset to /mnt/NVMETank/Projects/Students/Dele/A-STUDY-INTO-THE-QUALITY-AND-USABILITY-OF-PRIVACY-FRIENDLY-SYNTHETIC-DATA/datasets/hybrid/loan_k19_l15_sup50_GaussianCopula_HYBRID.csv
2025-05-08 18:39:25,152 - INFO - [HYBRID] Generated hybrid dataset shape for TVAE: (336, 19)
2025-05-08 18:39:25,152 - INFO - [HYBRID] Target distribution for TVAE: {'Y': 319, 'N': 17}
2025-05-08 18:39:25,154 - INFO -  [HYBRID] Saved hybrid dataset to /mnt/NVMETank/Projects/Students/Dele/A-STUDY-INTO-THE-QUALITY-AND-USABILITY-OF-PRIVACY-FRIENDLY-SYNTHETIC-DATA/datasets/hybrid/loan_k19_l15_sup50_TVAE_HYBRID.csv
2025-05-08 18:39:25,155 - INFO -  [HYBRID] Hybrid pipeline complete — 3 dataset(s) ready.
2025-05-08 18:39:25,155 - INFO - [HYBRID] Total rows across all hybrid datasets: 1008
2025-05-08 18:39:25,155 - INFO - Hybrid pipeline completed successfully.
2025-05-08 18:39:25,155 - INFO - Hybrid pipeline duration: 34.84 seconds
2025-05-08 18:39:25,155 - INFO - Starting Utility...
2025-05-08 18:39:25,155 - INFO - [UTILITY] Preparing datasets for machine learning...
2025-05-08 18:39:25,156 - INFO - [UTILITY] Original Data - Training Size: 336, Testing Size: 144
2025-05-08 18:39:25,156 - INFO - [UTILITY] Target class distribution (Original): {'Y': 232, 'N': 104}
2025-05-08 18:39:25,156 - INFO - [UTILITY] Processing anonymized dataset...
2025-05-08 18:39:25,157 - INFO - [UTILITY] Anonymized Data - Training Size: 336
2025-05-08 18:39:25,157 - INFO - [UTILITY] Target class distribution (Anonymous): {'Y': 232, 'N': 104}
2025-05-08 18:39:25,157 - INFO - [UTILITY] Processing hybrid dataset generated by CTGAN...
2025-05-08 18:39:25,158 - INFO - [UTILITY] Hybrid Data (CTGAN_HYBRID) - Training Size: 336
2025-05-08 18:39:25,158 - INFO - [UTILITY] Target class distribution (CTGAN_HYBRID): {'Y': 230, 'N': 106}
2025-05-08 18:39:25,158 - INFO - [UTILITY] Processing hybrid dataset generated by GaussianCopula...
2025-05-08 18:39:25,159 - INFO - [UTILITY] Hybrid Data (GaussianCopula_HYBRID) - Training Size: 336
2025-05-08 18:39:25,159 - INFO - [UTILITY] Target class distribution (GaussianCopula_HYBRID): {'Y': 231, 'N': 105}
2025-05-08 18:39:25,159 - INFO - [UTILITY] Processing hybrid dataset generated by TVAE...
2025-05-08 18:39:25,160 - INFO - [UTILITY] Hybrid Data (TVAE_HYBRID) - Training Size: 336
2025-05-08 18:39:25,160 - INFO - [UTILITY] Target class distribution (TVAE_HYBRID): {'Y': 319, 'N': 17}
2025-05-08 18:39:25,160 - INFO - [UTILITY] Training models on all datasets...
2025-05-08 18:39:25,160 - INFO - [UTILITY] Total datasets used for training: 5
2025-05-08 18:39:25,160 - INFO - [TRAINING] Training models from scratch...
2025-05-08 18:39:25,161 - INFO - [TRAINING] Starting training for dataset: Original — Rows: 336, Features: 18
2025-05-08 18:39:25,161 - INFO - [TRAINING] Training DecisionTree on Original...
2025-05-08 18:39:25,164 - INFO - [TRAINING] DecisionTree trained successfully on Original in 0.00 sec
2025-05-08 18:39:25,164 - INFO - [TRAINING] Training KNN on Original...
2025-05-08 18:39:25,167 - INFO - [TRAINING] KNN trained successfully on Original in 0.00 sec
2025-05-08 18:39:25,167 - INFO - [TRAINING] Training LogisticRegression on Original...
2025-05-08 18:39:25,200 - INFO - [TRAINING] LogisticRegression trained successfully on Original in 0.03 sec
2025-05-08 18:39:25,200 - INFO - [TRAINING] Training RandomForest on Original...
2025-05-08 18:39:25,324 - INFO - [TRAINING] RandomForest trained successfully on Original in 0.12 sec
2025-05-08 18:39:25,324 - INFO - [TRAINING] Training SVM on Original...
2025-05-08 18:39:25,330 - INFO - [TRAINING] SVM trained successfully on Original in 0.01 sec
2025-05-08 18:39:25,330 - INFO - [TRAINING] Finished training 5 model(s) for dataset: Original
2025-05-08 18:39:25,330 - INFO - [TRAINING] Starting training for dataset: Anonymous — Rows: 336, Features: 18
2025-05-08 18:39:25,330 - INFO - [TRAINING] Training DecisionTree on Anonymous...
2025-05-08 18:39:25,333 - INFO - [TRAINING] DecisionTree trained successfully on Anonymous in 0.00 sec
2025-05-08 18:39:25,333 - INFO - [TRAINING] Training KNN on Anonymous...
2025-05-08 18:39:25,334 - INFO - [TRAINING] KNN trained successfully on Anonymous in 0.00 sec
2025-05-08 18:39:25,334 - INFO - [TRAINING] Training LogisticRegression on Anonymous...
2025-05-08 18:39:25,346 - INFO - [TRAINING] LogisticRegression trained successfully on Anonymous in 0.01 sec
2025-05-08 18:39:25,346 - INFO - [TRAINING] Training RandomForest on Anonymous...
2025-05-08 18:39:25,478 - INFO - [TRAINING] RandomForest trained successfully on Anonymous in 0.13 sec
2025-05-08 18:39:25,479 - INFO - [TRAINING] Training SVM on Anonymous...
2025-05-08 18:39:25,484 - INFO - [TRAINING] SVM trained successfully on Anonymous in 0.01 sec
2025-05-08 18:39:25,484 - INFO - [TRAINING] Finished training 5 model(s) for dataset: Anonymous
2025-05-08 18:39:25,484 - INFO - [TRAINING] Starting training for dataset: CTGAN_HYBRID — Rows: 336, Features: 18
2025-05-08 18:39:25,484 - INFO - [TRAINING] Training DecisionTree on CTGAN_HYBRID...
2025-05-08 18:39:25,487 - INFO - [TRAINING] DecisionTree trained successfully on CTGAN_HYBRID in 0.00 sec
2025-05-08 18:39:25,487 - INFO - [TRAINING] Training KNN on CTGAN_HYBRID...
2025-05-08 18:39:25,488 - INFO - [TRAINING] KNN trained successfully on CTGAN_HYBRID in 0.00 sec
2025-05-08 18:39:25,488 - INFO - [TRAINING] Training LogisticRegression on CTGAN_HYBRID...
2025-05-08 18:39:25,492 - INFO - [TRAINING] LogisticRegression trained successfully on CTGAN_HYBRID in 0.00 sec
2025-05-08 18:39:25,493 - INFO - [TRAINING] Training RandomForest on CTGAN_HYBRID...
2025-05-08 18:39:25,631 - INFO - [TRAINING] RandomForest trained successfully on CTGAN_HYBRID in 0.14 sec
2025-05-08 18:39:25,631 - INFO - [TRAINING] Training SVM on CTGAN_HYBRID...
2025-05-08 18:39:25,648 - INFO - [TRAINING] SVM trained successfully on CTGAN_HYBRID in 0.01 sec
2025-05-08 18:39:25,648 - INFO - [TRAINING] Finished training 5 model(s) for dataset: CTGAN_HYBRID
2025-05-08 18:39:25,648 - INFO - [TRAINING] Starting training for dataset: GaussianCopula_HYBRID — Rows: 336, Features: 18
2025-05-08 18:39:25,649 - INFO - [TRAINING] Training DecisionTree on GaussianCopula_HYBRID...
2025-05-08 18:39:25,651 - INFO - [TRAINING] DecisionTree trained successfully on GaussianCopula_HYBRID in 0.00 sec
2025-05-08 18:39:25,651 - INFO - [TRAINING] Training KNN on GaussianCopula_HYBRID...
2025-05-08 18:39:25,653 - INFO - [TRAINING] KNN trained successfully on GaussianCopula_HYBRID in 0.00 sec
2025-05-08 18:39:25,653 - INFO - [TRAINING] Training LogisticRegression on GaussianCopula_HYBRID...
2025-05-08 18:39:25,662 - INFO - [TRAINING] LogisticRegression trained successfully on GaussianCopula_HYBRID in 0.01 sec
2025-05-08 18:39:25,662 - INFO - [TRAINING] Training RandomForest on GaussianCopula_HYBRID...
2025-05-08 18:39:25,798 - INFO - [TRAINING] RandomForest trained successfully on GaussianCopula_HYBRID in 0.14 sec
2025-05-08 18:39:25,799 - INFO - [TRAINING] Training SVM on GaussianCopula_HYBRID...
2025-05-08 18:39:25,804 - INFO - [TRAINING] SVM trained successfully on GaussianCopula_HYBRID in 0.01 sec
2025-05-08 18:39:25,804 - INFO - [TRAINING] Finished training 5 model(s) for dataset: GaussianCopula_HYBRID
2025-05-08 18:39:25,804 - INFO - [TRAINING] Starting training for dataset: TVAE_HYBRID — Rows: 336, Features: 18
2025-05-08 18:39:25,805 - INFO - [TRAINING] Training DecisionTree on TVAE_HYBRID...
2025-05-08 18:39:25,807 - INFO - [TRAINING] DecisionTree trained successfully on TVAE_HYBRID in 0.00 sec
2025-05-08 18:39:25,807 - INFO - [TRAINING] Training KNN on TVAE_HYBRID...
2025-05-08 18:39:25,808 - INFO - [TRAINING] KNN trained successfully on TVAE_HYBRID in 0.00 sec
2025-05-08 18:39:25,808 - INFO - [TRAINING] Training LogisticRegression on TVAE_HYBRID...
2025-05-08 18:39:25,868 - INFO - [TRAINING] LogisticRegression trained successfully on TVAE_HYBRID in 0.06 sec
2025-05-08 18:39:25,868 - INFO - [TRAINING] Training RandomForest on TVAE_HYBRID...
2025-05-08 18:39:26,070 - INFO - [TRAINING] RandomForest trained successfully on TVAE_HYBRID in 0.20 sec
2025-05-08 18:39:26,070 - INFO - [TRAINING] Training SVM on TVAE_HYBRID...
2025-05-08 18:39:26,073 - INFO - [TRAINING] SVM trained successfully on TVAE_HYBRID in 0.00 sec
2025-05-08 18:39:26,073 - INFO - [TRAINING] Finished training 5 model(s) for dataset: TVAE_HYBRID
2025-05-08 18:39:26,073 - INFO - [TRAINING] Total models trained across all datasets: 25
2025-05-08 18:39:26,073 - INFO - [UTILITY] Trained model names: ['Original', 'Anonymous', 'CTGAN_HYBRID', 'GaussianCopula_HYBRID', 'TVAE_HYBRID']
2025-05-08 18:39:26,073 - INFO - [UTILITY] Model Training Completed.
2025-05-08 18:39:26,073 - INFO - Starting the Evaluating of models...
2025-05-08 18:39:26,073 - INFO - Preparing evaluation for model 'DecisionTree' across all datasets...
2025-05-08 18:39:26,073 - INFO - Evaluating DecisionTree on Original...
2025-05-08 18:39:26,074 - INFO - Predictions completed for DecisionTree on Original
2025-05-08 18:39:26,075 - INFO - Prediction distribution for DecisionTree on Original: {'Y': 91, 'N': 53}
2025-05-08 18:39:26,085 - INFO - Computed 8 metric(s) for DecisionTree on Original
2025-05-08 18:39:26,085 - INFO - Evaluating DecisionTree on Anonymous...
2025-05-08 18:39:26,086 - INFO - Predictions completed for DecisionTree on Anonymous
2025-05-08 18:39:26,086 - INFO - Prediction distribution for DecisionTree on Anonymous: {'Y': 90, 'N': 54}
2025-05-08 18:39:26,096 - INFO - Computed 8 metric(s) for DecisionTree on Anonymous
2025-05-08 18:39:26,096 - INFO - Evaluating DecisionTree on CTGAN_HYBRID...
2025-05-08 18:39:26,097 - INFO - Predictions completed for DecisionTree on CTGAN_HYBRID
2025-05-08 18:39:26,097 - INFO - Prediction distribution for DecisionTree on CTGAN_HYBRID: {'Y': 105, 'N': 39}
2025-05-08 18:39:26,106 - INFO - Computed 8 metric(s) for DecisionTree on CTGAN_HYBRID
2025-05-08 18:39:26,107 - INFO - Evaluating DecisionTree on GaussianCopula_HYBRID...
2025-05-08 18:39:26,108 - INFO - Predictions completed for DecisionTree on GaussianCopula_HYBRID
2025-05-08 18:39:26,108 - INFO - Prediction distribution for DecisionTree on GaussianCopula_HYBRID: {'Y': 119, 'N': 25}
2025-05-08 18:39:26,117 - INFO - Computed 8 metric(s) for DecisionTree on GaussianCopula_HYBRID
2025-05-08 18:39:26,117 - INFO - Evaluating DecisionTree on TVAE_HYBRID...
2025-05-08 18:39:26,118 - INFO - Predictions completed for DecisionTree on TVAE_HYBRID
2025-05-08 18:39:26,119 - INFO - Prediction distribution for DecisionTree on TVAE_HYBRID: {'Y': 119, 'N': 25}
2025-05-08 18:39:26,128 - INFO - Computed 8 metric(s) for DecisionTree on TVAE_HYBRID
2025-05-08 18:39:26,128 - INFO - Preparing evaluation for model 'KNN' across all datasets...
2025-05-08 18:39:26,128 - INFO - Evaluating KNN on Original...
2025-05-08 18:39:26,210 - INFO - Predictions completed for KNN on Original
2025-05-08 18:39:26,211 - INFO - Prediction distribution for KNN on Original: {'Y': 115, 'N': 29}
2025-05-08 18:39:26,518 - INFO - Computed 8 metric(s) for KNN on Original
2025-05-08 18:39:26,518 - INFO - Evaluating KNN on Anonymous...
2025-05-08 18:39:26,670 - INFO - Predictions completed for KNN on Anonymous
2025-05-08 18:39:26,670 - INFO - Prediction distribution for KNN on Anonymous: {'Y': 114, 'N': 30}
2025-05-08 18:39:26,955 - INFO - Computed 8 metric(s) for KNN on Anonymous
2025-05-08 18:39:26,956 - INFO - Evaluating KNN on CTGAN_HYBRID...
2025-05-08 18:39:27,123 - INFO - Predictions completed for KNN on CTGAN_HYBRID
2025-05-08 18:39:27,123 - INFO - Prediction distribution for KNN on CTGAN_HYBRID: {'Y': 110, 'N': 34}
2025-05-08 18:39:27,336 - INFO - Computed 8 metric(s) for KNN on CTGAN_HYBRID
2025-05-08 18:39:27,336 - INFO - Evaluating KNN on GaussianCopula_HYBRID...
2025-05-08 18:39:27,346 - INFO - Predictions completed for KNN on GaussianCopula_HYBRID
2025-05-08 18:39:27,346 - INFO - Prediction distribution for KNN on GaussianCopula_HYBRID: {'Y': 120, 'N': 24}
2025-05-08 18:39:27,363 - INFO - Computed 8 metric(s) for KNN on GaussianCopula_HYBRID
2025-05-08 18:39:27,363 - INFO - Evaluating KNN on TVAE_HYBRID...
2025-05-08 18:39:27,373 - INFO - Predictions completed for KNN on TVAE_HYBRID
2025-05-08 18:39:27,374 - INFO - Prediction distribution for KNN on TVAE_HYBRID: {'Y': 144}
2025-05-08 18:39:27,374 - WARNING -  [WARNING] :KNN on TVAE_HYBRID predicted only one class: {'Y'}
2025-05-08 18:39:27,376 - WARNING - [UndefinedMetricWarning] Precision is ill-defined and being set to 0.0 in labels with no predicted samples. Use `zero_division` parameter to control this behavior. (from /mnt/NVMETank/Projects/Students/Dele/A-STUDY-INTO-THE-QUALITY-AND-USABILITY-OF-PRIVACY-FRIENDLY-SYNTHETIC-DATA/.venv/lib/python3.12/site-packages/sklearn/metrics/_classification.py:1565)
2025-05-08 18:39:27,379 - WARNING - [UndefinedMetricWarning] Precision is ill-defined and being set to 0.0 in labels with no predicted samples. Use `zero_division` parameter to control this behavior. (from /mnt/NVMETank/Projects/Students/Dele/A-STUDY-INTO-THE-QUALITY-AND-USABILITY-OF-PRIVACY-FRIENDLY-SYNTHETIC-DATA/.venv/lib/python3.12/site-packages/sklearn/metrics/_classification.py:1565)
2025-05-08 18:39:27,381 - WARNING - [UndefinedMetricWarning] Precision is ill-defined and being set to 0.0 in labels with no predicted samples. Use `zero_division` parameter to control this behavior. (from /mnt/NVMETank/Projects/Students/Dele/A-STUDY-INTO-THE-QUALITY-AND-USABILITY-OF-PRIVACY-FRIENDLY-SYNTHETIC-DATA/.venv/lib/python3.12/site-packages/sklearn/metrics/_classification.py:1565)
2025-05-08 18:39:27,390 - INFO - Computed 8 metric(s) for KNN on TVAE_HYBRID
2025-05-08 18:39:27,390 - INFO - Preparing evaluation for model 'LogisticRegression' across all datasets...
2025-05-08 18:39:27,391 - INFO - Evaluating LogisticRegression on Original...
2025-05-08 18:39:27,392 - INFO - Predictions completed for LogisticRegression on Original
2025-05-08 18:39:27,392 - INFO - Prediction distribution for LogisticRegression on Original: {'Y': 115, 'N': 29}
2025-05-08 18:39:27,402 - INFO - Computed 8 metric(s) for LogisticRegression on Original
2025-05-08 18:39:27,402 - INFO - Evaluating LogisticRegression on Anonymous...
2025-05-08 18:39:27,403 - INFO - Predictions completed for LogisticRegression on Anonymous
2025-05-08 18:39:27,403 - INFO - Prediction distribution for LogisticRegression on Anonymous: {'N': 92, 'Y': 52}
2025-05-08 18:39:27,412 - INFO - Computed 8 metric(s) for LogisticRegression on Anonymous
2025-05-08 18:39:27,412 - INFO - Evaluating LogisticRegression on CTGAN_HYBRID...
2025-05-08 18:39:27,413 - INFO - Predictions completed for LogisticRegression on CTGAN_HYBRID
2025-05-08 18:39:27,414 - INFO - Prediction distribution for LogisticRegression on CTGAN_HYBRID: {'Y': 137, 'N': 7}
2025-05-08 18:39:27,422 - INFO - Computed 8 metric(s) for LogisticRegression on CTGAN_HYBRID
2025-05-08 18:39:27,423 - INFO - Evaluating LogisticRegression on GaussianCopula_HYBRID...
2025-05-08 18:39:27,424 - INFO - Predictions completed for LogisticRegression on GaussianCopula_HYBRID
2025-05-08 18:39:27,424 - INFO - Prediction distribution for LogisticRegression on GaussianCopula_HYBRID: {'Y': 106, 'N': 38}
2025-05-08 18:39:27,433 - INFO - Computed 8 metric(s) for LogisticRegression on GaussianCopula_HYBRID
2025-05-08 18:39:27,433 - INFO - Evaluating LogisticRegression on TVAE_HYBRID...
2025-05-08 18:39:27,434 - INFO - Predictions completed for LogisticRegression on TVAE_HYBRID
2025-05-08 18:39:27,434 - INFO - Prediction distribution for LogisticRegression on TVAE_HYBRID: {'Y': 144}
2025-05-08 18:39:27,434 - WARNING -  [WARNING] :LogisticRegression on TVAE_HYBRID predicted only one class: {'Y'}
2025-05-08 18:39:27,436 - WARNING - [UndefinedMetricWarning] Precision is ill-defined and being set to 0.0 in labels with no predicted samples. Use `zero_division` parameter to control this behavior. (from /mnt/NVMETank/Projects/Students/Dele/A-STUDY-INTO-THE-QUALITY-AND-USABILITY-OF-PRIVACY-FRIENDLY-SYNTHETIC-DATA/.venv/lib/python3.12/site-packages/sklearn/metrics/_classification.py:1565)
2025-05-08 18:39:27,437 - WARNING - [UndefinedMetricWarning] Precision is ill-defined and being set to 0.0 in labels with no predicted samples. Use `zero_division` parameter to control this behavior. (from /mnt/NVMETank/Projects/Students/Dele/A-STUDY-INTO-THE-QUALITY-AND-USABILITY-OF-PRIVACY-FRIENDLY-SYNTHETIC-DATA/.venv/lib/python3.12/site-packages/sklearn/metrics/_classification.py:1565)
2025-05-08 18:39:27,438 - WARNING - [UndefinedMetricWarning] Precision is ill-defined and being set to 0.0 in labels with no predicted samples. Use `zero_division` parameter to control this behavior. (from /mnt/NVMETank/Projects/Students/Dele/A-STUDY-INTO-THE-QUALITY-AND-USABILITY-OF-PRIVACY-FRIENDLY-SYNTHETIC-DATA/.venv/lib/python3.12/site-packages/sklearn/metrics/_classification.py:1565)
2025-05-08 18:39:27,443 - INFO - Computed 8 metric(s) for LogisticRegression on TVAE_HYBRID
2025-05-08 18:39:27,443 - INFO - Preparing evaluation for model 'RandomForest' across all datasets...
2025-05-08 18:39:27,443 - INFO - Evaluating RandomForest on Original...
2025-05-08 18:39:27,449 - INFO - Predictions completed for RandomForest on Original
2025-05-08 18:39:27,449 - INFO - Prediction distribution for RandomForest on Original: {'Y': 107, 'N': 37}
2025-05-08 18:39:27,466 - INFO - Computed 8 metric(s) for RandomForest on Original
2025-05-08 18:39:27,467 - INFO - Evaluating RandomForest on Anonymous...
2025-05-08 18:39:27,472 - INFO - Predictions completed for RandomForest on Anonymous
2025-05-08 18:39:27,472 - INFO - Prediction distribution for RandomForest on Anonymous: {'Y': 87, 'N': 57}
2025-05-08 18:39:27,491 - INFO - Computed 8 metric(s) for RandomForest on Anonymous
2025-05-08 18:39:27,491 - INFO - Evaluating RandomForest on CTGAN_HYBRID...
2025-05-08 18:39:27,500 - INFO - Predictions completed for RandomForest on CTGAN_HYBRID
2025-05-08 18:39:27,500 - INFO - Prediction distribution for RandomForest on CTGAN_HYBRID: {'Y': 137, 'N': 7}
2025-05-08 18:39:27,529 - INFO - Computed 8 metric(s) for RandomForest on CTGAN_HYBRID
2025-05-08 18:39:27,529 - INFO - Evaluating RandomForest on GaussianCopula_HYBRID...
2025-05-08 18:39:27,536 - INFO - Predictions completed for RandomForest on GaussianCopula_HYBRID
2025-05-08 18:39:27,537 - INFO - Prediction distribution for RandomForest on GaussianCopula_HYBRID: {'Y': 123, 'N': 21}
2025-05-08 18:39:27,554 - INFO - Computed 8 metric(s) for RandomForest on GaussianCopula_HYBRID
2025-05-08 18:39:27,555 - INFO - Evaluating RandomForest on TVAE_HYBRID...
2025-05-08 18:39:27,560 - INFO - Predictions completed for RandomForest on TVAE_HYBRID
2025-05-08 18:39:27,560 - INFO - Prediction distribution for RandomForest on TVAE_HYBRID: {'Y': 136, 'N': 8}
2025-05-08 18:39:27,577 - INFO - Computed 8 metric(s) for RandomForest on TVAE_HYBRID
2025-05-08 18:39:27,577 - INFO - Preparing evaluation for model 'SVM' across all datasets...
2025-05-08 18:39:27,577 - INFO - Evaluating SVM on Original...
2025-05-08 18:39:27,579 - INFO - Predictions completed for SVM on Original
2025-05-08 18:39:27,580 - INFO - Prediction distribution for SVM on Original: {'Y': 144}
2025-05-08 18:39:27,580 - WARNING -  [WARNING] :SVM on Original predicted only one class: {'Y'}
2025-05-08 18:39:27,581 - WARNING - [UndefinedMetricWarning] Precision is ill-defined and being set to 0.0 in labels with no predicted samples. Use `zero_division` parameter to control this behavior. (from /mnt/NVMETank/Projects/Students/Dele/A-STUDY-INTO-THE-QUALITY-AND-USABILITY-OF-PRIVACY-FRIENDLY-SYNTHETIC-DATA/.venv/lib/python3.12/site-packages/sklearn/metrics/_classification.py:1565)
2025-05-08 18:39:27,583 - WARNING - [UndefinedMetricWarning] Precision is ill-defined and being set to 0.0 in labels with no predicted samples. Use `zero_division` parameter to control this behavior. (from /mnt/NVMETank/Projects/Students/Dele/A-STUDY-INTO-THE-QUALITY-AND-USABILITY-OF-PRIVACY-FRIENDLY-SYNTHETIC-DATA/.venv/lib/python3.12/site-packages/sklearn/metrics/_classification.py:1565)
2025-05-08 18:39:27,584 - WARNING - [UndefinedMetricWarning] Precision is ill-defined and being set to 0.0 in labels with no predicted samples. Use `zero_division` parameter to control this behavior. (from /mnt/NVMETank/Projects/Students/Dele/A-STUDY-INTO-THE-QUALITY-AND-USABILITY-OF-PRIVACY-FRIENDLY-SYNTHETIC-DATA/.venv/lib/python3.12/site-packages/sklearn/metrics/_classification.py:1565)
2025-05-08 18:39:27,586 - INFO - Computed 8 metric(s) for SVM on Original
2025-05-08 18:39:27,586 - INFO - Evaluating SVM on Anonymous...
2025-05-08 18:39:27,588 - INFO - Predictions completed for SVM on Anonymous
2025-05-08 18:39:27,588 - INFO - Prediction distribution for SVM on Anonymous: {'Y': 144}
2025-05-08 18:39:27,588 - WARNING -  [WARNING] :SVM on Anonymous predicted only one class: {'Y'}
2025-05-08 18:39:27,590 - WARNING - [UndefinedMetricWarning] Precision is ill-defined and being set to 0.0 in labels with no predicted samples. Use `zero_division` parameter to control this behavior. (from /mnt/NVMETank/Projects/Students/Dele/A-STUDY-INTO-THE-QUALITY-AND-USABILITY-OF-PRIVACY-FRIENDLY-SYNTHETIC-DATA/.venv/lib/python3.12/site-packages/sklearn/metrics/_classification.py:1565)
2025-05-08 18:39:27,591 - WARNING - [UndefinedMetricWarning] Precision is ill-defined and being set to 0.0 in labels with no predicted samples. Use `zero_division` parameter to control this behavior. (from /mnt/NVMETank/Projects/Students/Dele/A-STUDY-INTO-THE-QUALITY-AND-USABILITY-OF-PRIVACY-FRIENDLY-SYNTHETIC-DATA/.venv/lib/python3.12/site-packages/sklearn/metrics/_classification.py:1565)
2025-05-08 18:39:27,592 - WARNING - [UndefinedMetricWarning] Precision is ill-defined and being set to 0.0 in labels with no predicted samples. Use `zero_division` parameter to control this behavior. (from /mnt/NVMETank/Projects/Students/Dele/A-STUDY-INTO-THE-QUALITY-AND-USABILITY-OF-PRIVACY-FRIENDLY-SYNTHETIC-DATA/.venv/lib/python3.12/site-packages/sklearn/metrics/_classification.py:1565)
2025-05-08 18:39:27,594 - INFO - Computed 8 metric(s) for SVM on Anonymous
2025-05-08 18:39:27,594 - INFO - Evaluating SVM on CTGAN_HYBRID...
2025-05-08 18:39:27,596 - INFO - Predictions completed for SVM on CTGAN_HYBRID
2025-05-08 18:39:27,597 - INFO - Prediction distribution for SVM on CTGAN_HYBRID: {'Y': 144}
2025-05-08 18:39:27,597 - WARNING -  [WARNING] :SVM on CTGAN_HYBRID predicted only one class: {'Y'}
2025-05-08 18:39:27,598 - WARNING - [UndefinedMetricWarning] Precision is ill-defined and being set to 0.0 in labels with no predicted samples. Use `zero_division` parameter to control this behavior. (from /mnt/NVMETank/Projects/Students/Dele/A-STUDY-INTO-THE-QUALITY-AND-USABILITY-OF-PRIVACY-FRIENDLY-SYNTHETIC-DATA/.venv/lib/python3.12/site-packages/sklearn/metrics/_classification.py:1565)
2025-05-08 18:39:27,600 - WARNING - [UndefinedMetricWarning] Precision is ill-defined and being set to 0.0 in labels with no predicted samples. Use `zero_division` parameter to control this behavior. (from /mnt/NVMETank/Projects/Students/Dele/A-STUDY-INTO-THE-QUALITY-AND-USABILITY-OF-PRIVACY-FRIENDLY-SYNTHETIC-DATA/.venv/lib/python3.12/site-packages/sklearn/metrics/_classification.py:1565)
2025-05-08 18:39:27,601 - WARNING - [UndefinedMetricWarning] Precision is ill-defined and being set to 0.0 in labels with no predicted samples. Use `zero_division` parameter to control this behavior. (from /mnt/NVMETank/Projects/Students/Dele/A-STUDY-INTO-THE-QUALITY-AND-USABILITY-OF-PRIVACY-FRIENDLY-SYNTHETIC-DATA/.venv/lib/python3.12/site-packages/sklearn/metrics/_classification.py:1565)
2025-05-08 18:39:27,603 - INFO - Computed 8 metric(s) for SVM on CTGAN_HYBRID
2025-05-08 18:39:27,603 - INFO - Evaluating SVM on GaussianCopula_HYBRID...
2025-05-08 18:39:27,605 - INFO - Predictions completed for SVM on GaussianCopula_HYBRID
2025-05-08 18:39:27,605 - INFO - Prediction distribution for SVM on GaussianCopula_HYBRID: {'Y': 144}
2025-05-08 18:39:27,605 - WARNING -  [WARNING] :SVM on GaussianCopula_HYBRID predicted only one class: {'Y'}
2025-05-08 18:39:27,607 - WARNING - [UndefinedMetricWarning] Precision is ill-defined and being set to 0.0 in labels with no predicted samples. Use `zero_division` parameter to control this behavior. (from /mnt/NVMETank/Projects/Students/Dele/A-STUDY-INTO-THE-QUALITY-AND-USABILITY-OF-PRIVACY-FRIENDLY-SYNTHETIC-DATA/.venv/lib/python3.12/site-packages/sklearn/metrics/_classification.py:1565)
2025-05-08 18:39:27,609 - WARNING - [UndefinedMetricWarning] Precision is ill-defined and being set to 0.0 in labels with no predicted samples. Use `zero_division` parameter to control this behavior. (from /mnt/NVMETank/Projects/Students/Dele/A-STUDY-INTO-THE-QUALITY-AND-USABILITY-OF-PRIVACY-FRIENDLY-SYNTHETIC-DATA/.venv/lib/python3.12/site-packages/sklearn/metrics/_classification.py:1565)
2025-05-08 18:39:27,611 - WARNING - [UndefinedMetricWarning] Precision is ill-defined and being set to 0.0 in labels with no predicted samples. Use `zero_division` parameter to control this behavior. (from /mnt/NVMETank/Projects/Students/Dele/A-STUDY-INTO-THE-QUALITY-AND-USABILITY-OF-PRIVACY-FRIENDLY-SYNTHETIC-DATA/.venv/lib/python3.12/site-packages/sklearn/metrics/_classification.py:1565)
2025-05-08 18:39:27,613 - INFO - Computed 8 metric(s) for SVM on GaussianCopula_HYBRID
2025-05-08 18:39:27,613 - INFO - Evaluating SVM on TVAE_HYBRID...
2025-05-08 18:39:27,615 - INFO - Predictions completed for SVM on TVAE_HYBRID
2025-05-08 18:39:27,615 - INFO - Prediction distribution for SVM on TVAE_HYBRID: {'Y': 144}
2025-05-08 18:39:27,615 - WARNING -  [WARNING] :SVM on TVAE_HYBRID predicted only one class: {'Y'}
2025-05-08 18:39:27,617 - WARNING - [UndefinedMetricWarning] Precision is ill-defined and being set to 0.0 in labels with no predicted samples. Use `zero_division` parameter to control this behavior. (from /mnt/NVMETank/Projects/Students/Dele/A-STUDY-INTO-THE-QUALITY-AND-USABILITY-OF-PRIVACY-FRIENDLY-SYNTHETIC-DATA/.venv/lib/python3.12/site-packages/sklearn/metrics/_classification.py:1565)
2025-05-08 18:39:27,619 - WARNING - [UndefinedMetricWarning] Precision is ill-defined and being set to 0.0 in labels with no predicted samples. Use `zero_division` parameter to control this behavior. (from /mnt/NVMETank/Projects/Students/Dele/A-STUDY-INTO-THE-QUALITY-AND-USABILITY-OF-PRIVACY-FRIENDLY-SYNTHETIC-DATA/.venv/lib/python3.12/site-packages/sklearn/metrics/_classification.py:1565)
2025-05-08 18:39:27,621 - WARNING - [UndefinedMetricWarning] Precision is ill-defined and being set to 0.0 in labels with no predicted samples. Use `zero_division` parameter to control this behavior. (from /mnt/NVMETank/Projects/Students/Dele/A-STUDY-INTO-THE-QUALITY-AND-USABILITY-OF-PRIVACY-FRIENDLY-SYNTHETIC-DATA/.venv/lib/python3.12/site-packages/sklearn/metrics/_classification.py:1565)
2025-05-08 18:39:27,623 - INFO - Computed 8 metric(s) for SVM on TVAE_HYBRID
2025-05-08 18:39:27,628 - INFO - Evaluation completed for all models.
2025-05-08 18:39:27,629 - INFO - Model evaluation completed in 1.56 seconds.
2025-05-08 18:39:27,632 - INFO - Evaluated models: ['DecisionTree', 'KNN', 'LogisticRegression', 'RandomForest', 'SVM']
2025-05-08 18:39:27,632 - INFO - Model Training and Evaluation completed.
2025-05-08 18:39:28,256 - INFO -  Visualizations saved.
2025-05-08 18:39:28,256 - INFO -  Benchmarking Completed. Results saved in output folder.
