2025-05-08 10:21:30,720 - INFO - Loaded config file: configs/generated_configs/censusIncome/censusIncome_anon_k2_sl1p0_l1.yaml
2025-05-08 10:21:30,729 - INFO -  Benchmarking started for dataset: censusIncome
2025-05-08 10:21:30,729 - INFO - Using dataset path: /mnt/NVMETank/Projects/Students/Dele/A-STUDY-INTO-THE-QUALITY-AND-USABILITY-OF-PRIVACY-FRIENDLY-SYNTHETIC-DATA/datasets/original/censusIncome.csv
2025-05-08 10:21:30,729 - INFO - Target column: income, separator: ','
2025-05-08 10:21:30,729 - INFO - Configuration loaded: enable_anonymization = True, enable_synthesis = False, enable_hybrid = False, enable_utility = True, delete_after_evaluation = False
2025-05-08 10:21:30,729 - INFO - Running preprocessing...
2025-05-08 10:21:30,760 - INFO -  [PREPROCESSING] Preprocessed files found. Skipping preprocessing.
2025-05-08 10:21:31,825 - INFO - Preprocessing completed. Rows before: 48842, after: 39073
2025-05-08 10:21:31,825 - INFO - Preprocessed data saved to: outputs/batch/censusIncome_batch_2025-05-08_10-04-54/censusIncome_anon_k2_sl1p0_l1/preprocessing_report.txt
2025-05-08 10:21:31,825 - INFO - enable_anonymization = True
2025-05-08 10:21:31,825 - INFO - Starting Anonymization Pipeline with output path: /mnt/NVMETank/Projects/Students/Dele/A-STUDY-INTO-THE-QUALITY-AND-USABILITY-OF-PRIVACY-FRIENDLY-SYNTHETIC-DATA/datasets/anonymized/censusIncome_k2_l1_sup100_anonymized.csv.......
2025-05-08 10:21:31,840 - INFO -  [ANONYMIZATION] Executing run_anonymization, config_path : configs/generated_configs/censusIncome/censusIncome_anon_k2_sl1p0_l1.yaml...........
2025-05-08 10:21:31,840 - INFO -  [ANONYMIZATION] Using JAR file at /mnt/NVMETank/Projects/Students/Dele/A-STUDY-INTO-THE-QUALITY-AND-USABILITY-OF-PRIVACY-FRIENDLY-SYNTHETIC-DATA/src/anonymization/anonymARXij/bin/anonymARXij.jar to anonymize the dataset.
2025-05-08 10:23:39,194 - INFO -  [ANONYMIZATION] Anonimized file saved to : /mnt/NVMETank/Projects/Students/Dele/A-STUDY-INTO-THE-QUALITY-AND-USABILITY-OF-PRIVACY-FRIENDLY-SYNTHETIC-DATA/datasets/anonymized/censusIncome_k2_l1_sup100_anonymized.csv
2025-05-08 10:23:39,194 - INFO -  [ANONYMIZATION] Java anonymization completed successfully.
2025-05-08 10:23:39,194 - INFO -  [ANONYMIZATION] Java STDOUT:
📄 Java received config path: /mnt/NVMETank/Projects/Students/Dele/A-STUDY-INTO-THE-QUALITY-AND-USABILITY-OF-PRIVACY-FRIENDLY-SYNTHETIC-DATA/configs/generated_configs/censusIncome/censusIncome_anon_k2_sl1p0_l1.yaml
🔹 Loading config from: /mnt/NVMETank/Projects/Students/Dele/A-STUDY-INTO-THE-QUALITY-AND-USABILITY-OF-PRIVACY-FRIENDLY-SYNTHETIC-DATA/configs/generated_configs/censusIncome/censusIncome_anon_k2_sl1p0_l1.yaml
Loading config from: /mnt/NVMETank/Projects/Students/Dele/A-STUDY-INTO-THE-QUALITY-AND-USABILITY-OF-PRIVACY-FRIENDLY-SYNTHETIC-DATA/configs/generated_configs/censusIncome/censusIncome_anon_k2_sl1p0_l1.yaml
📂 Dataset Path (from args): /mnt/NVMETank/Projects/Students/Dele/A-STUDY-INTO-THE-QUALITY-AND-USABILITY-OF-PRIVACY-FRIENDLY-SYNTHETIC-DATA/datasets/train/censusIncome_train_raw.csv
🔹 Dataset Separator: ,
🔹 Suppression Limit: 1.0

🔹 Configured Attributes:
  ✅ Quasi-Identifier: age
  ✅ Quasi-Identifier: education
  ✅ Quasi-Identifier: workclass
  ✅ Quasi-Identifier: marital-status
  ✅ Quasi-Identifier: occupation
  ✅ Quasi-Identifier: race
  ✅ Quasi-Identifier: sex
  ✅ Quasi-Identifier: native-country
  ✅ Sensitive Attribute: income
  ✅ Insensitive Attribute: fnlwgt
  ✅ Insensitive Attribute: hours-per-week
  ✅ Insensitive Attribute: capital-gain
  ✅ Insensitive Attribute: capital-loss
  ✅ Insensitive Attribute: relationship
  ✅ Insensitive Attribute: education-num

🔹 Defined Hierarchies:
  ✅ education -> /mnt/NVMETank/Projects/Students/Dele/A-STUDY-INTO-THE-QUALITY-AND-USABILITY-OF-PRIVACY-FRIENDLY-SYNTHETIC-DATA/src/anonymization/anonymARXij/src/hierarchies_censusIncome/education.csv
  ✅ occupation -> /mnt/NVMETank/Projects/Students/Dele/A-STUDY-INTO-THE-QUALITY-AND-USABILITY-OF-PRIVACY-FRIENDLY-SYNTHETIC-DATA/src/anonymization/anonymARXij/src/hierarchies_censusIncome/occupation.csv
  ✅ workclass -> /mnt/NVMETank/Projects/Students/Dele/A-STUDY-INTO-THE-QUALITY-AND-USABILITY-OF-PRIVACY-FRIENDLY-SYNTHETIC-DATA/src/anonymization/anonymARXij/src/hierarchies_censusIncome/workclass.csv
  ✅ native-country -> /mnt/NVMETank/Projects/Students/Dele/A-STUDY-INTO-THE-QUALITY-AND-USABILITY-OF-PRIVACY-FRIENDLY-SYNTHETIC-DATA/src/anonymization/anonymARXij/src/hierarchies_censusIncome/native-country.csv
  ✅ race -> /mnt/NVMETank/Projects/Students/Dele/A-STUDY-INTO-THE-QUALITY-AND-USABILITY-OF-PRIVACY-FRIENDLY-SYNTHETIC-DATA/src/anonymization/anonymARXij/src/hierarchies_censusIncome/race.csv
  ✅ sex -> /mnt/NVMETank/Projects/Students/Dele/A-STUDY-INTO-THE-QUALITY-AND-USABILITY-OF-PRIVACY-FRIENDLY-SYNTHETIC-DATA/src/anonymization/anonymARXij/src/hierarchies_censusIncome/sex.csv
  ✅ marital-status -> /mnt/NVMETank/Projects/Students/Dele/A-STUDY-INTO-THE-QUALITY-AND-USABILITY-OF-PRIVACY-FRIENDLY-SYNTHETIC-DATA/src/anonymization/anonymARXij/src/hierarchies_censusIncome/marital-status.csv
  ✅ age -> /mnt/NVMETank/Projects/Students/Dele/A-STUDY-INTO-THE-QUALITY-AND-USABILITY-OF-PRIVACY-FRIENDLY-SYNTHETIC-DATA/src/anonymization/anonymARXij/src/hierarchies_censusIncome/age.csv
Java is searching for hierarchy file at: /mnt/NVMETank/Projects/Students/Dele/A-STUDY-INTO-THE-QUALITY-AND-USABILITY-OF-PRIVACY-FRIENDLY-SYNTHETIC-DATA/src/anonymization/anonymARXij/src/hierarchies_censusIncome/education.csv
Java is searching for hierarchy file at: /mnt/NVMETank/Projects/Students/Dele/A-STUDY-INTO-THE-QUALITY-AND-USABILITY-OF-PRIVACY-FRIENDLY-SYNTHETIC-DATA/src/anonymization/anonymARXij/src/hierarchies_censusIncome/occupation.csv
Java is searching for hierarchy file at: /mnt/NVMETank/Projects/Students/Dele/A-STUDY-INTO-THE-QUALITY-AND-USABILITY-OF-PRIVACY-FRIENDLY-SYNTHETIC-DATA/src/anonymization/anonymARXij/src/hierarchies_censusIncome/workclass.csv
Java is searching for hierarchy file at: /mnt/NVMETank/Projects/Students/Dele/A-STUDY-INTO-THE-QUALITY-AND-USABILITY-OF-PRIVACY-FRIENDLY-SYNTHETIC-DATA/src/anonymization/anonymARXij/src/hierarchies_censusIncome/native-country.csv
Java is searching for hierarchy file at: /mnt/NVMETank/Projects/Students/Dele/A-STUDY-INTO-THE-QUALITY-AND-USABILITY-OF-PRIVACY-FRIENDLY-SYNTHETIC-DATA/src/anonymization/anonymARXij/src/hierarchies_censusIncome/race.csv
Java is searching for hierarchy file at: /mnt/NVMETank/Projects/Students/Dele/A-STUDY-INTO-THE-QUALITY-AND-USABILITY-OF-PRIVACY-FRIENDLY-SYNTHETIC-DATA/src/anonymization/anonymARXij/src/hierarchies_censusIncome/sex.csv
Java is searching for hierarchy file at: /mnt/NVMETank/Projects/Students/Dele/A-STUDY-INTO-THE-QUALITY-AND-USABILITY-OF-PRIVACY-FRIENDLY-SYNTHETIC-DATA/src/anonymization/anonymARXij/src/hierarchies_censusIncome/marital-status.csv
Java is searching for hierarchy file at: /mnt/NVMETank/Projects/Students/Dele/A-STUDY-INTO-THE-QUALITY-AND-USABILITY-OF-PRIVACY-FRIENDLY-SYNTHETIC-DATA/src/anonymization/anonymARXij/src/hierarchies_censusIncome/age.csv
✓ Applied Distinct L-Diversity on: income (l=1)
🔹 Privacy Models Configured
📂 Anonymized Output Path (from args): /mnt/NVMETank/Projects/Students/Dele/A-STUDY-INTO-THE-QUALITY-AND-USABILITY-OF-PRIVACY-FRIENDLY-SYNTHETIC-DATA/datasets/anonymized/censusIncome_k2_l1_sup100_anonymized.csv
📂 Anonymized Output Path: /mnt/NVMETank/Projects/Students/Dele/A-STUDY-INTO-THE-QUALITY-AND-USABILITY-OF-PRIVACY-FRIENDLY-SYNTHETIC-DATA/datasets/anonymized/censusIncome_k2_l1_sup100_anonymized.csv
✅ Anonymization completed. Output saved to: /mnt/NVMETank/Projects/Students/Dele/A-STUDY-INTO-THE-QUALITY-AND-USABILITY-OF-PRIVACY-FRIENDLY-SYNTHETIC-DATA/datasets/anonymized/censusIncome_k2_l1_sup100_anonymized.csv
Anonymized Data Quality Metrics:
 - Ambiguity: 0.94627511952908
 - AECS: 0.9995352181052795
 - Discernibility: 0.9382318889817877
 - Granularity: 0.8185593039475287
 - MSE: 0.8403895087841976
 - Non-Uniform Entropy: 0.5258607826196107
 - Precision: 0.6882300894661527
 - Record-level SE: 0.7509380944672663
Equivalence Class Statistics:
 - Number of Classes: 1861
 - Average Class Size: 19.86781300376142
Suppression Statistics:
 - Suppressed Records: 2099
 - Suppression Percentage: 5.37%
2025-05-08 10:23:39,199 - INFO - Anonymized data saved to: /mnt/NVMETank/Projects/Students/Dele/A-STUDY-INTO-THE-QUALITY-AND-USABILITY-OF-PRIVACY-FRIENDLY-SYNTHETIC-DATA/datasets/anonymized/censusIncome_k2_l1_sup100_anonymized.csv
2025-05-08 10:23:39,800 - INFO - Anonymous data report saved at: outputs/batch/censusIncome_batch_2025-05-08_10-04-54/censusIncome_anon_k2_sl1p0_l1/anonymous_data_report.txt
2025-05-08 10:23:39,800 - INFO -  [POSTPROCESSING] Postprocessing anonymized data: /mnt/NVMETank/Projects/Students/Dele/A-STUDY-INTO-THE-QUALITY-AND-USABILITY-OF-PRIVACY-FRIENDLY-SYNTHETIC-DATA/datasets/anonymized/censusIncome_k2_l1_sup100_anonymized.csv
2025-05-08 10:23:39,878 - INFO -  [POSTPROCESSING] Loaded anonymized data: (39073, 15)
2025-05-08 10:23:39,992 - INFO -  [POSTPROCESSING] Loaded fallback maps from training data. Categorical cols: 9, Numeric cols: 6
2025-05-08 10:23:39,993 - INFO -  [POSTPROCESSING] Normalizing anonymized data using ARX artifact cleaning and fallback values.
2025-05-08 10:23:45,350 - INFO -  [POSTPROCESSING] Normalized anonymized data saved to: /mnt/NVMETank/Projects/Students/Dele/A-STUDY-INTO-THE-QUALITY-AND-USABILITY-OF-PRIVACY-FRIENDLY-SYNTHETIC-DATA/datasets/anonymized/censusIncome_k2_l1_sup100_anonymized_processed.csv
2025-05-08 10:23:45,809 - INFO -  [POSTPROCESSING] Binary Encoding applied to anonymized data. Encoded shape: (39073, 37)
2025-05-08 10:23:47,035 - INFO -  [POSTPROCESSING] Encoded anonymized dataset saved to: /mnt/NVMETank/Projects/Students/Dele/A-STUDY-INTO-THE-QUALITY-AND-USABILITY-OF-PRIVACY-FRIENDLY-SYNTHETIC-DATA/datasets/anonymized/censusIncome_k2_l1_sup100_anonymized_encoded.csv
2025-05-08 10:23:47,035 - INFO -  [POSTPROCESSING] Encoding map generated for anonymized data: 0 original categorical columns.
2025-05-08 10:23:47,051 - INFO - Postprocessing report saved at: outputs/batch/censusIncome_batch_2025-05-08_10-04-54/censusIncome_anon_k2_sl1p0_l1/postprocessing_report.txt
2025-05-08 10:23:47,051 - INFO - enable_synthetic_generation = False
2025-05-08 10:23:47,051 - INFO - Synthetic Data Generation Skipped (Disabled in Configuration).
2025-05-08 10:23:47,051 - INFO - Hybrid Pipeline skipped (disabled in configuration).
2025-05-08 10:23:47,052 - INFO - Starting Utility...
2025-05-08 10:23:47,052 - INFO - [UTILITY] Preparing datasets for machine learning...
2025-05-08 10:23:47,061 - INFO - [UTILITY] Original Data - Training Size: 39073, Testing Size: 9769
2025-05-08 10:23:47,072 - INFO - [UTILITY] Target class distribution (Original): {'<=50K': 19775, '<=50K.': 9948, '>50K': 6273, '>50K.': 3077}
2025-05-08 10:23:47,074 - INFO - [UTILITY] Processing anonymized dataset...
2025-05-08 10:23:47,085 - INFO - [UTILITY] Anonymized Data - Training Size: 39073
2025-05-08 10:23:47,093 - INFO - [UTILITY] Target class distribution (Anonymous): {'<=50K': 19775, '<=50K.': 9948, '>50K': 6273, '>50K.': 3077}
2025-05-08 10:23:47,093 - INFO - [UTILITY] Training models on all datasets...
2025-05-08 10:23:47,094 - INFO - [UTILITY] Total datasets used for training: 2
2025-05-08 10:23:47,094 - INFO - [TRAINING] Training models from scratch...
2025-05-08 10:23:47,094 - INFO - [TRAINING] Starting training for dataset: Original — Rows: 39073, Features: 36
2025-05-08 10:23:47,094 - INFO - [TRAINING] Training DecisionTree on Original...
2025-05-08 10:23:49,327 - INFO - [TRAINING] DecisionTree trained successfully on Original in 2.22 sec
2025-05-08 10:23:49,327 - INFO - [TRAINING] Training KNN on Original...
2025-05-08 10:23:49,564 - INFO - [TRAINING] KNN trained successfully on Original in 0.23 sec
2025-05-08 10:23:49,572 - INFO - [TRAINING] Training LogisticRegression on Original...
2025-05-08 10:23:55,977 - INFO - [TRAINING] LogisticRegression trained successfully on Original in 6.40 sec
2025-05-08 10:23:55,977 - INFO - [TRAINING] Training RandomForest on Original...
2025-05-08 10:24:17,227 - INFO - [TRAINING] RandomForest trained successfully on Original in 21.25 sec
2025-05-08 10:24:17,227 - INFO - [TRAINING] Training SVM on Original...
2025-05-08 10:26:42,541 - INFO - [TRAINING] SVM trained successfully on Original in 145.31 sec
2025-05-08 10:26:42,541 - INFO - [TRAINING] Finished training 5 model(s) for dataset: Original
2025-05-08 10:26:42,541 - INFO - [TRAINING] Starting training for dataset: Anonymous — Rows: 39073, Features: 36
2025-05-08 10:26:42,541 - INFO - [TRAINING] Training DecisionTree on Anonymous...
2025-05-08 10:26:42,943 - INFO - [TRAINING] DecisionTree trained successfully on Anonymous in 0.40 sec
2025-05-08 10:26:42,943 - INFO - [TRAINING] Training KNN on Anonymous...
2025-05-08 10:26:43,011 - INFO - [TRAINING] KNN trained successfully on Anonymous in 0.07 sec
2025-05-08 10:26:43,011 - INFO - [TRAINING] Training LogisticRegression on Anonymous...
2025-05-08 10:26:43,952 - INFO - [TRAINING] LogisticRegression trained successfully on Anonymous in 0.94 sec
2025-05-08 10:26:43,952 - INFO - [TRAINING] Training RandomForest on Anonymous...
2025-05-08 10:26:49,048 - INFO - [TRAINING] RandomForest trained successfully on Anonymous in 5.10 sec
2025-05-08 10:26:49,048 - INFO - [TRAINING] Training SVM on Anonymous...
2025-05-08 10:27:39,597 - INFO - [TRAINING] SVM trained successfully on Anonymous in 50.55 sec
2025-05-08 10:27:39,597 - INFO - [TRAINING] Finished training 5 model(s) for dataset: Anonymous
2025-05-08 10:27:39,597 - INFO - [TRAINING] Total models trained across all datasets: 10
2025-05-08 10:27:39,598 - INFO - [UTILITY] Trained model names: ['Original', 'Anonymous']
2025-05-08 10:27:39,598 - INFO - [UTILITY] Model Training Completed.
2025-05-08 10:27:39,598 - INFO - Starting the Evaluating of models...
2025-05-08 10:27:39,598 - INFO - Preparing evaluation for model 'DecisionTree' across all datasets...
2025-05-08 10:27:39,598 - INFO - Evaluating DecisionTree on Original...
2025-05-08 10:27:39,602 - INFO - Predictions completed for DecisionTree on Original
2025-05-08 10:27:39,603 - INFO - Prediction distribution for DecisionTree on Original: {'<=50K': 4742, '<=50K.': 2543, '>50K': 1635, '>50K.': 849}
2025-05-08 10:27:39,708 - INFO - Computed 8 metric(s) for DecisionTree on Original
2025-05-08 10:27:39,708 - INFO - Evaluating DecisionTree on Anonymous...
2025-05-08 10:27:39,712 - INFO - Predictions completed for DecisionTree on Anonymous
2025-05-08 10:27:39,712 - INFO - Prediction distribution for DecisionTree on Anonymous: {'<=50K': 5022, '<=50K.': 2579, '>50K': 1438, '>50K.': 730}
2025-05-08 10:27:39,814 - INFO - Computed 8 metric(s) for DecisionTree on Anonymous
2025-05-08 10:27:39,814 - INFO - Preparing evaluation for model 'KNN' across all datasets...
2025-05-08 10:27:39,814 - INFO - Evaluating KNN on Original...
2025-05-08 10:27:54,725 - INFO - Predictions completed for KNN on Original
2025-05-08 10:27:54,730 - INFO - Prediction distribution for KNN on Original: {'<=50K': 7038, '<=50K.': 1542, '>50K': 1005, '>50K.': 184}
2025-05-08 10:28:22,397 - INFO - Computed 8 metric(s) for KNN on Original
2025-05-08 10:28:22,397 - INFO - Evaluating KNN on Anonymous...
2025-05-08 10:28:31,943 - INFO - Predictions completed for KNN on Anonymous
2025-05-08 10:28:31,944 - INFO - Prediction distribution for KNN on Anonymous: {'<=50K': 7087, '<=50K.': 1603, '>50K': 906, '>50K.': 173}
2025-05-08 10:28:40,503 - INFO - Computed 8 metric(s) for KNN on Anonymous
2025-05-08 10:28:40,507 - INFO - Preparing evaluation for model 'LogisticRegression' across all datasets...
2025-05-08 10:28:40,507 - INFO - Evaluating LogisticRegression on Original...
2025-05-08 10:28:40,515 - INFO - Predictions completed for LogisticRegression on Original
2025-05-08 10:28:40,519 - INFO - Prediction distribution for LogisticRegression on Original: {'<=50K': 7883, '>50K': 1884, '>50K.': 2}
2025-05-08 10:28:40,599 - WARNING - [UndefinedMetricWarning] Precision is ill-defined and being set to 0.0 in labels with no predicted samples. Use `zero_division` parameter to control this behavior. (from /mnt/NVMETank/Projects/Students/Dele/A-STUDY-INTO-THE-QUALITY-AND-USABILITY-OF-PRIVACY-FRIENDLY-SYNTHETIC-DATA/.venv/lib/python3.12/site-packages/sklearn/metrics/_classification.py:1565)
2025-05-08 10:28:40,648 - WARNING - [UndefinedMetricWarning] Precision is ill-defined and being set to 0.0 in labels with no predicted samples. Use `zero_division` parameter to control this behavior. (from /mnt/NVMETank/Projects/Students/Dele/A-STUDY-INTO-THE-QUALITY-AND-USABILITY-OF-PRIVACY-FRIENDLY-SYNTHETIC-DATA/.venv/lib/python3.12/site-packages/sklearn/metrics/_classification.py:1565)
2025-05-08 10:28:40,729 - WARNING - [UndefinedMetricWarning] Precision is ill-defined and being set to 0.0 in labels with no predicted samples. Use `zero_division` parameter to control this behavior. (from /mnt/NVMETank/Projects/Students/Dele/A-STUDY-INTO-THE-QUALITY-AND-USABILITY-OF-PRIVACY-FRIENDLY-SYNTHETIC-DATA/.venv/lib/python3.12/site-packages/sklearn/metrics/_classification.py:1565)
2025-05-08 10:28:40,883 - INFO - Computed 8 metric(s) for LogisticRegression on Original
2025-05-08 10:28:40,887 - INFO - Evaluating LogisticRegression on Anonymous...
2025-05-08 10:28:40,891 - INFO - Predictions completed for LogisticRegression on Anonymous
2025-05-08 10:28:40,895 - INFO - Prediction distribution for LogisticRegression on Anonymous: {'<=50K': 8573, '>50K': 1188, '>50K.': 7, '<=50K.': 1}
2025-05-08 10:28:41,184 - INFO - Computed 8 metric(s) for LogisticRegression on Anonymous
2025-05-08 10:28:41,189 - INFO - Preparing evaluation for model 'RandomForest' across all datasets...
2025-05-08 10:28:41,189 - INFO - Evaluating RandomForest on Original...
2025-05-08 10:28:41,615 - INFO - Predictions completed for RandomForest on Original
2025-05-08 10:28:41,617 - INFO - Prediction distribution for RandomForest on Original: {'<=50K': 6663, '>50K': 1681, '<=50K.': 1070, '>50K.': 355}
2025-05-08 10:28:42,724 - INFO - Computed 8 metric(s) for RandomForest on Original
2025-05-08 10:28:42,728 - INFO - Evaluating RandomForest on Anonymous...
2025-05-08 10:28:43,162 - INFO - Predictions completed for RandomForest on Anonymous
2025-05-08 10:28:43,166 - INFO - Prediction distribution for RandomForest on Anonymous: {'<=50K': 6728, '>50K': 1475, '<=50K.': 1244, '>50K.': 322}
2025-05-08 10:28:44,241 - INFO - Computed 8 metric(s) for RandomForest on Anonymous
2025-05-08 10:28:44,241 - INFO - Preparing evaluation for model 'SVM' across all datasets...
2025-05-08 10:28:44,242 - INFO - Evaluating SVM on Original...
2025-05-08 10:29:13,023 - INFO - Predictions completed for SVM on Original
2025-05-08 10:29:13,024 - INFO - Prediction distribution for SVM on Original: {'<=50K': 9395, '>50K': 374}
2025-05-08 10:29:13,092 - WARNING - [UndefinedMetricWarning] Precision is ill-defined and being set to 0.0 in labels with no predicted samples. Use `zero_division` parameter to control this behavior. (from /mnt/NVMETank/Projects/Students/Dele/A-STUDY-INTO-THE-QUALITY-AND-USABILITY-OF-PRIVACY-FRIENDLY-SYNTHETIC-DATA/.venv/lib/python3.12/site-packages/sklearn/metrics/_classification.py:1565)
2025-05-08 10:29:13,146 - WARNING - [UndefinedMetricWarning] Precision is ill-defined and being set to 0.0 in labels with no predicted samples. Use `zero_division` parameter to control this behavior. (from /mnt/NVMETank/Projects/Students/Dele/A-STUDY-INTO-THE-QUALITY-AND-USABILITY-OF-PRIVACY-FRIENDLY-SYNTHETIC-DATA/.venv/lib/python3.12/site-packages/sklearn/metrics/_classification.py:1565)
2025-05-08 10:29:13,197 - WARNING - [UndefinedMetricWarning] Precision is ill-defined and being set to 0.0 in labels with no predicted samples. Use `zero_division` parameter to control this behavior. (from /mnt/NVMETank/Projects/Students/Dele/A-STUDY-INTO-THE-QUALITY-AND-USABILITY-OF-PRIVACY-FRIENDLY-SYNTHETIC-DATA/.venv/lib/python3.12/site-packages/sklearn/metrics/_classification.py:1565)
2025-05-08 10:29:13,243 - INFO - Computed 8 metric(s) for SVM on Original
2025-05-08 10:29:13,243 - INFO - Evaluating SVM on Anonymous...
2025-05-08 10:29:33,108 - INFO - Predictions completed for SVM on Anonymous
2025-05-08 10:29:33,109 - INFO - Prediction distribution for SVM on Anonymous: {'<=50K': 9395, '>50K': 374}
2025-05-08 10:29:33,130 - WARNING - [UndefinedMetricWarning] Precision is ill-defined and being set to 0.0 in labels with no predicted samples. Use `zero_division` parameter to control this behavior. (from /mnt/NVMETank/Projects/Students/Dele/A-STUDY-INTO-THE-QUALITY-AND-USABILITY-OF-PRIVACY-FRIENDLY-SYNTHETIC-DATA/.venv/lib/python3.12/site-packages/sklearn/metrics/_classification.py:1565)
2025-05-08 10:29:33,147 - WARNING - [UndefinedMetricWarning] Precision is ill-defined and being set to 0.0 in labels with no predicted samples. Use `zero_division` parameter to control this behavior. (from /mnt/NVMETank/Projects/Students/Dele/A-STUDY-INTO-THE-QUALITY-AND-USABILITY-OF-PRIVACY-FRIENDLY-SYNTHETIC-DATA/.venv/lib/python3.12/site-packages/sklearn/metrics/_classification.py:1565)
2025-05-08 10:29:33,164 - WARNING - [UndefinedMetricWarning] Precision is ill-defined and being set to 0.0 in labels with no predicted samples. Use `zero_division` parameter to control this behavior. (from /mnt/NVMETank/Projects/Students/Dele/A-STUDY-INTO-THE-QUALITY-AND-USABILITY-OF-PRIVACY-FRIENDLY-SYNTHETIC-DATA/.venv/lib/python3.12/site-packages/sklearn/metrics/_classification.py:1565)
2025-05-08 10:29:33,178 - INFO - Computed 8 metric(s) for SVM on Anonymous
2025-05-08 10:29:33,181 - INFO - Evaluation completed for all models.
2025-05-08 10:29:33,181 - INFO - Model evaluation completed in 113.58 seconds.
2025-05-08 10:29:33,183 - INFO - Evaluated models: ['DecisionTree', 'KNN', 'LogisticRegression', 'RandomForest', 'SVM']
2025-05-08 10:29:33,183 - INFO - Model Training and Evaluation completed.
2025-05-08 10:29:33,638 - INFO -  Visualizations saved.
2025-05-08 10:29:33,639 - INFO -  Benchmarking Completed. Results saved in output folder.
