2025-04-11 22:03:51,762 - INFO - Loaded config file: configs/generated_configs/crimeData/crimeData_anon_k2_l2_sl0.1.yaml
2025-04-11 22:03:51,762 - INFO -  Benchmarking started for dataset: crimeData
2025-04-11 22:03:51,762 - INFO - Configuration loaded: enable_anonymization = True, enable_synthesis = False
2025-04-11 22:03:51,762 - INFO - Running preprocessing...
2025-04-11 22:03:51,767 - INFO - Preprocessed files found. Skipping preprocessing.
2025-04-11 22:03:54,145 - INFO - Preprocessing completed. Rows before: 974477, after: 260402
2025-04-11 22:03:54,145 - INFO - enable_anonymization = None
2025-04-11 22:03:54,150 - INFO - Running Java Anonymization Program...........
2025-04-11 22:03:54,150 - INFO - Using JAR file at /mnt/NVMETank/Projects/Students/Dele/A-STUDY-INTO-THE-QUALITY-AND-USABILITY-OF-PRIVACY-FRIENDLY-SYNTHETIC-DATA/src/anonymization/anonymARXij/bin/anonymARXij.jar to anonymize the dataset.
2025-04-11 22:04:01,859 - INFO - Anonimized file saved to : /mnt/NVMETank/Projects/Students/Dele/A-STUDY-INTO-THE-QUALITY-AND-USABILITY-OF-PRIVACY-FRIENDLY-SYNTHETIC-DATA/datasets/anonymized/crimeData_k2_l2_sup10_anonymized.csv
2025-04-11 22:04:01,860 - INFO - Java anonymization completed successfully.
2025-04-11 22:04:01,860 - INFO - Anonymized data saved to: /mnt/NVMETank/Projects/Students/Dele/A-STUDY-INTO-THE-QUALITY-AND-USABILITY-OF-PRIVACY-FRIENDLY-SYNTHETIC-DATA/datasets/anonymized/crimeData_k2_l2_sup10_anonymized.csv
2025-04-11 22:04:03,362 - INFO - Loaded anonymized data: (260402, 12)
2025-04-11 22:04:05,058 - INFO - Encoding applied to anonymized data. Encoded shape: (260402, 44)
2025-04-11 22:04:06,198 - INFO - Encoded anonymized dataset saved to: /mnt/NVMETank/Projects/Students/Dele/A-STUDY-INTO-THE-QUALITY-AND-USABILITY-OF-PRIVACY-FRIENDLY-SYNTHETIC-DATA/datasets/anonymized/crimeData_k2_l2_sup10_anonymized_encoded.csv
2025-04-11 22:04:06,203 - INFO - Deleted anonymized dataset: /mnt/NVMETank/Projects/Students/Dele/A-STUDY-INTO-THE-QUALITY-AND-USABILITY-OF-PRIVACY-FRIENDLY-SYNTHETIC-DATA/datasets/anonymized/crimeData_k2_l2_sup10_anonymized.csv
2025-04-11 22:04:06,203 - INFO - enable_synthetic_generation = False
2025-04-11 22:04:06,203 - INFO - Synthetic Data Generation Skipped (Disabled in Configuration).
2025-04-11 22:04:06,203 - INFO - Synthetic data generated with 2 synthesizers.
2025-04-11 22:04:06,204 - INFO - Hybrid pipeline skipped (disabled in configuration).
2025-04-11 22:04:06,204 - INFO - Preparing datasets for machine learning...
2025-04-11 22:04:06,235 - INFO - Original Data - Training Size: 260402, Testing Size: 116461
2025-04-11 22:04:06,235 - INFO - Processing anonymized dataset...
2025-04-11 22:04:06,254 - INFO - Anonymized Data - Training Size: 260402
2025-04-11 22:04:06,254 - INFO - Training models on all datasets...
2025-04-12 04:46:46,773 - INFO - Model Training Completed.
2025-04-12 04:46:46,773 - INFO - Evaluating models...
