2025-04-17 12:16:19,948 - INFO - Loaded config file: configs/benchmark_config.yaml
2025-04-17 12:16:19,948 - INFO -  Benchmarking started for dataset: loan
2025-04-17 12:16:19,948 - INFO - Configuration loaded: enable_anonymization = True, enable_synthesis = True, enable_hybrid = True, enable_utility = True
2025-04-17 12:16:19,948 - INFO - Running preprocessing...
2025-04-17 12:16:20,027 - INFO - Saved raw train set to: datasets/train/loan_train_raw.csv
2025-04-17 12:16:20,028 - INFO - Saved encoded train set to: datasets/cleaned/loan_cleaned.csv
2025-04-17 12:16:20,028 - INFO - Saved encoded test set to: datasets/test/loan_test_set.csv
2025-04-17 12:16:20,032 - INFO - Preprocessing completed. Rows before: 614, after: 491
2025-04-17 12:16:20,032 - INFO - enable_anonymization = True
2025-04-17 12:16:20,037 - INFO - Running Java Anonymization Program...........
2025-04-17 12:16:20,037 - INFO - Using JAR file at C:\Users\delea\OneDrive\Documents\Desktop\Master_Thesis\MasterThesisCode\src\anonymization\anonymARXij\bin\anonymARXij.jar to anonymize the dataset.
2025-04-17 12:16:21,663 - INFO - Anonimized file saved to : C:\Users\delea\OneDrive\Documents\Desktop\Master_Thesis\MasterThesisCode\datasets\anonymized\loan_k5_l2_sup10_anonymized.csv
2025-04-17 12:16:21,663 - INFO - Java anonymization completed successfully.
2025-04-17 12:16:21,664 - INFO - Anonymized data saved to: C:\Users\delea\OneDrive\Documents\Desktop\Master_Thesis\MasterThesisCode\datasets\anonymized\loan_k5_l2_sup10_anonymized.csv
2025-04-17 12:16:21,697 - INFO - Loaded anonymized data: (491, 13)
2025-04-17 12:16:21,741 - INFO - Encoding applied to anonymized data. Encoded shape: (491, 13)
2025-04-17 12:16:21,744 - INFO - Encoded anonymized dataset saved to: C:\Users\delea\OneDrive\Documents\Desktop\Master_Thesis\MasterThesisCode\datasets\anonymized\loan_k5_l2_sup10_anonymized_encoded.csv
2025-04-17 12:16:21,751 - INFO - Deleted anonymized dataset: C:\Users\delea\OneDrive\Documents\Desktop\Master_Thesis\MasterThesisCode\datasets\anonymized\loan_k5_l2_sup10_anonymized.csv
2025-04-17 12:16:21,751 - INFO - enable_synthetic_generation = True
2025-04-17 12:16:21,751 - INFO - Starting standard synthetic data generation pipeline...
2025-04-17 12:16:21,752 - INFO - Executing run_synthetic...
2025-04-17 12:16:21,768 - INFO - Detected metadata:
2025-04-17 12:16:21,769 - INFO - {
    "columns": {
        "Loan_ID_0": {
            "sdtype": "categorical"
        },
        "Loan_ID_1": {
            "sdtype": "categorical"
        },
        "Loan_ID_2": {
            "sdtype": "categorical"
        },
        "Loan_ID_3": {
            "sdtype": "categorical"
        },
        "Loan_ID_4": {
            "sdtype": "categorical"
        },
        "Loan_ID_5": {
            "sdtype": "categorical"
        },
        "Loan_ID_6": {
            "sdtype": "categorical"
        },
        "Loan_ID_7": {
            "sdtype": "categorical"
        },
        "Loan_ID_8": {
            "sdtype": "categorical"
        },
        "Gender_0": {
            "sdtype": "categorical"
        },
        "Gender_1": {
            "sdtype": "categorical"
        },
        "Married_0": {
            "sdtype": "categorical"
        },
        "Married_1": {
            "sdtype": "categorical"
        },
        "Dependents_0": {
            "sdtype": "categorical"
        },
        "Dependents_1": {
            "sdtype": "categorical"
        },
        "Dependents_2": {
            "sdtype": "categorical"
        },
        "Education_0": {
            "sdtype": "categorical"
        },
        "Education_1": {
            "sdtype": "categorical"
        },
        "Self_Employed_0": {
            "sdtype": "categorical"
        },
        "Self_Employed_1": {
            "sdtype": "categorical"
        },
        "ApplicantIncome": {
            "sdtype": "numerical"
        },
        "CoapplicantIncome": {
            "sdtype": "numerical"
        },
        "LoanAmount": {
            "sdtype": "numerical"
        },
        "Loan_Amount_Term": {
            "sdtype": "numerical"
        },
        "Credit_History": {
            "sdtype": "numerical"
        },
        "Property_Area_0": {
            "sdtype": "categorical"
        },
        "Property_Area_1": {
            "sdtype": "categorical"
        },
        "Loan_Status": {
            "sdtype": "categorical"
        }
    },
    "METADATA_SPEC_VERSION": "SINGLE_TABLE_V1"
}
2025-04-17 12:16:21,777 - INFO - {'EVENT': 'Instance', 'TIMESTAMP': datetime.datetime(2025, 4, 17, 12, 16, 21, 777733), 'SYNTHESIZER CLASS NAME': 'CTGANSynthesizer', 'SYNTHESIZER ID': 'CTGANSynthesizer_1.16.1_a8e0dbefcc11482b8d77c42903bb0e84'}
2025-04-17 12:16:21,778 - INFO - {'EVENT': 'Fit', 'TIMESTAMP': datetime.datetime(2025, 4, 17, 12, 16, 21, 778727), 'SYNTHESIZER CLASS NAME': 'CTGANSynthesizer', 'SYNTHESIZER ID': 'CTGANSynthesizer_1.16.1_a8e0dbefcc11482b8d77c42903bb0e84', 'TOTAL NUMBER OF TABLES': 1, 'TOTAL NUMBER OF ROWS': 491, 'TOTAL NUMBER OF COLUMNS': 28}
2025-04-17 12:16:21,782 - INFO - Fitting table  metadata
2025-04-17 12:16:21,783 - INFO - Fitting formatters for table 
2025-04-17 12:16:21,791 - INFO - No rounding scheme detected for column 'Credit_History'. Data will not be rounded.
2025-04-17 12:16:21,792 - INFO - Fitting constraints for table 
2025-04-17 12:16:21,793 - INFO - Setting the configuration for the ``HyperTransformer`` for table 
2025-04-17 12:16:21,795 - INFO - Fitting HyperTransformer for table 
2025-04-17 12:16:21,811 - INFO - No rounding scheme detected for column 'Credit_History'. Data will not be rounded.
2025-04-17 12:16:21,832 - INFO - {'EVENT': 'Fit processed data', 'TIMESTAMP': datetime.datetime(2025, 4, 17, 12, 16, 21, 832827), 'SYNTHESIZER CLASS NAME': 'CTGANSynthesizer', 'SYNTHESIZER ID': 'CTGANSynthesizer_1.16.1_a8e0dbefcc11482b8d77c42903bb0e84', 'TOTAL NUMBER OF TABLES': 1, 'TOTAL NUMBER OF ROWS': 491, 'TOTAL NUMBER OF COLUMNS': 28}
2025-04-17 12:16:21,861 - INFO - Guidance: There are no missing values in column ApplicantIncome. Extra column not created.
2025-04-17 12:16:22,162 - INFO - Guidance: There are no missing values in column CoapplicantIncome. Extra column not created.
2025-04-17 12:16:22,238 - INFO - Guidance: There are no missing values in column LoanAmount. Extra column not created.
2025-04-17 12:16:22,384 - INFO - Guidance: There are no missing values in column Loan_Amount_Term. Extra column not created.
2025-04-17 12:16:22,438 - INFO - Guidance: There are no missing values in column Credit_History. Extra column not created.
2025-04-17 12:16:52,431 - INFO - {'EVENT': 'Save', 'TIMESTAMP': datetime.datetime(2025, 4, 17, 12, 16, 52, 431213), 'SYNTHESIZER CLASS NAME': 'CTGANSynthesizer', 'SYNTHESIZER ID': 'CTGANSynthesizer_1.16.1_a8e0dbefcc11482b8d77c42903bb0e84'}
2025-04-17 12:16:52,458 - INFO - {'EVENT': 'Instance', 'TIMESTAMP': datetime.datetime(2025, 4, 17, 12, 16, 52, 458006), 'SYNTHESIZER CLASS NAME': 'TVAESynthesizer', 'SYNTHESIZER ID': 'TVAESynthesizer_1.16.1_de951daf3a394dff8ed091d7095b5f4c'}
2025-04-17 12:16:52,459 - INFO - {'EVENT': 'Fit', 'TIMESTAMP': datetime.datetime(2025, 4, 17, 12, 16, 52, 459010), 'SYNTHESIZER CLASS NAME': 'TVAESynthesizer', 'SYNTHESIZER ID': 'TVAESynthesizer_1.16.1_de951daf3a394dff8ed091d7095b5f4c', 'TOTAL NUMBER OF TABLES': 1, 'TOTAL NUMBER OF ROWS': 491, 'TOTAL NUMBER OF COLUMNS': 28}
2025-04-17 12:16:52,461 - INFO - Fitting table  metadata
2025-04-17 12:16:52,462 - INFO - Fitting formatters for table 
2025-04-17 12:16:52,465 - INFO - No rounding scheme detected for column 'Credit_History'. Data will not be rounded.
2025-04-17 12:16:52,465 - INFO - Fitting constraints for table 
2025-04-17 12:16:52,465 - INFO - Setting the configuration for the ``HyperTransformer`` for table 
2025-04-17 12:16:52,467 - INFO - Fitting HyperTransformer for table 
2025-04-17 12:16:52,483 - INFO - No rounding scheme detected for column 'Credit_History'. Data will not be rounded.
2025-04-17 12:16:52,496 - INFO - {'EVENT': 'Fit processed data', 'TIMESTAMP': datetime.datetime(2025, 4, 17, 12, 16, 52, 496867), 'SYNTHESIZER CLASS NAME': 'TVAESynthesizer', 'SYNTHESIZER ID': 'TVAESynthesizer_1.16.1_de951daf3a394dff8ed091d7095b5f4c', 'TOTAL NUMBER OF TABLES': 1, 'TOTAL NUMBER OF ROWS': 491, 'TOTAL NUMBER OF COLUMNS': 28}
2025-04-17 12:16:52,525 - INFO - Guidance: There are no missing values in column ApplicantIncome. Extra column not created.
2025-04-17 12:16:52,662 - INFO - Guidance: There are no missing values in column CoapplicantIncome. Extra column not created.
2025-04-17 12:16:52,745 - INFO - Guidance: There are no missing values in column LoanAmount. Extra column not created.
2025-04-17 12:16:52,872 - INFO - Guidance: There are no missing values in column Loan_Amount_Term. Extra column not created.
2025-04-17 12:16:52,902 - INFO - Guidance: There are no missing values in column Credit_History. Extra column not created.
2025-04-17 12:17:00,206 - INFO - {'EVENT': 'Save', 'TIMESTAMP': datetime.datetime(2025, 4, 17, 12, 17, 0, 206313), 'SYNTHESIZER CLASS NAME': 'TVAESynthesizer', 'SYNTHESIZER ID': 'TVAESynthesizer_1.16.1_de951daf3a394dff8ed091d7095b5f4c'}
2025-04-17 12:17:00,226 - INFO - {'EVENT': 'Instance', 'TIMESTAMP': datetime.datetime(2025, 4, 17, 12, 17, 0, 226593), 'SYNTHESIZER CLASS NAME': 'GaussianCopulaSynthesizer', 'SYNTHESIZER ID': 'GaussianCopulaSynthesizer_1.16.1_171dc452e9cc45139fa52960e38b653c'}
2025-04-17 12:17:00,227 - INFO - {'EVENT': 'Fit', 'TIMESTAMP': datetime.datetime(2025, 4, 17, 12, 17, 0, 227602), 'SYNTHESIZER CLASS NAME': 'GaussianCopulaSynthesizer', 'SYNTHESIZER ID': 'GaussianCopulaSynthesizer_1.16.1_171dc452e9cc45139fa52960e38b653c', 'TOTAL NUMBER OF TABLES': 1, 'TOTAL NUMBER OF ROWS': 491, 'TOTAL NUMBER OF COLUMNS': 28}
2025-04-17 12:17:00,228 - INFO - Fitting table  metadata
2025-04-17 12:17:00,229 - INFO - Fitting formatters for table 
2025-04-17 12:17:00,232 - INFO - No rounding scheme detected for column 'Credit_History'. Data will not be rounded.
2025-04-17 12:17:00,232 - INFO - Fitting constraints for table 
2025-04-17 12:17:00,232 - INFO - Setting the configuration for the ``HyperTransformer`` for table 
2025-04-17 12:17:00,240 - INFO - Fitting HyperTransformer for table 
2025-04-17 12:17:00,324 - INFO - No rounding scheme detected for column 'Credit_History'. Data will not be rounded.
2025-04-17 12:17:00,407 - INFO - {'EVENT': 'Fit processed data', 'TIMESTAMP': datetime.datetime(2025, 4, 17, 12, 17, 0, 407616), 'SYNTHESIZER CLASS NAME': 'GaussianCopulaSynthesizer', 'SYNTHESIZER ID': 'GaussianCopulaSynthesizer_1.16.1_171dc452e9cc45139fa52960e38b653c', 'TOTAL NUMBER OF TABLES': 1, 'TOTAL NUMBER OF ROWS': 491, 'TOTAL NUMBER OF COLUMNS': 28}
2025-04-17 12:17:00,408 - INFO - Fitting GaussianMultivariate(distribution="{'Loan_ID_0': <class 'copulas.univariate.beta.BetaUnivariate'>, 'Loan_ID_1': <class 'copulas.univariate.beta.BetaUnivariate'>, 'Loan_ID_2': <class 'copulas.univariate.beta.BetaUnivariate'>, 'Loan_ID_3': <class 'copulas.univariate.beta.BetaUnivariate'>, 'Loan_ID_4': <class 'copulas.univariate.beta.BetaUnivariate'>, 'Loan_ID_5': <class 'copulas.univariate.beta.BetaUnivariate'>, 'Loan_ID_6': <class 'copulas.univariate.beta.BetaUnivariate'>, 'Loan_ID_7': <class 'copulas.univariate.beta.BetaUnivariate'>, 'Loan_ID_8': <class 'copulas.univariate.beta.BetaUnivariate'>, 'Gender_0': <class 'copulas.univariate.beta.BetaUnivariate'>, 'Gender_1': <class 'copulas.univariate.beta.BetaUnivariate'>, 'Married_0': <class 'copulas.univariate.beta.BetaUnivariate'>, 'Married_1': <class 'copulas.univariate.beta.BetaUnivariate'>, 'Dependents_0': <class 'copulas.univariate.beta.BetaUnivariate'>, 'Dependents_1': <class 'copulas.univariate.beta.BetaUnivariate'>, 'Dependents_2': <class 'copulas.univariate.beta.BetaUnivariate'>, 'Education_0': <class 'copulas.univariate.beta.BetaUnivariate'>, 'Education_1': <class 'copulas.univariate.beta.BetaUnivariate'>, 'Self_Employed_0': <class 'copulas.univariate.beta.BetaUnivariate'>, 'Self_Employed_1': <class 'copulas.univariate.beta.BetaUnivariate'>, 'ApplicantIncome': <class 'copulas.univariate.beta.BetaUnivariate'>, 'CoapplicantIncome': <class 'copulas.univariate.beta.BetaUnivariate'>, 'LoanAmount': <class 'copulas.univariate.beta.BetaUnivariate'>, 'Loan_Amount_Term': <class 'copulas.univariate.beta.BetaUnivariate'>, 'Credit_History': <class 'copulas.univariate.beta.BetaUnivariate'>, 'Property_Area_0': <class 'copulas.univariate.beta.BetaUnivariate'>, 'Property_Area_1': <class 'copulas.univariate.beta.BetaUnivariate'>, 'Loan_Status': <class 'copulas.univariate.beta.BetaUnivariate'>}")
2025-04-17 12:17:01,180 - INFO - {'EVENT': 'Save', 'TIMESTAMP': datetime.datetime(2025, 4, 17, 12, 17, 1, 180501), 'SYNTHESIZER CLASS NAME': 'GaussianCopulaSynthesizer', 'SYNTHESIZER ID': 'GaussianCopulaSynthesizer_1.16.1_171dc452e9cc45139fa52960e38b653c'}
2025-04-17 12:17:01,286 - INFO - {'EVENT': 'Sample', 'TIMESTAMP': datetime.datetime(2025, 4, 17, 12, 17, 1, 191859), 'SYNTHESIZER CLASS NAME': 'CTGANSynthesizer', 'SYNTHESIZER ID': 'CTGANSynthesizer_1.16.1_a8e0dbefcc11482b8d77c42903bb0e84', 'TOTAL NUMBER OF TABLES': 1, 'TOTAL NUMBER OF ROWS': 491, 'TOTAL NUMBER OF COLUMNS': 28}
2025-04-17 12:17:01,374 - INFO - {'EVENT': 'Sample', 'TIMESTAMP': datetime.datetime(2025, 4, 17, 12, 17, 1, 287230), 'SYNTHESIZER CLASS NAME': 'TVAESynthesizer', 'SYNTHESIZER ID': 'TVAESynthesizer_1.16.1_de951daf3a394dff8ed091d7095b5f4c', 'TOTAL NUMBER OF TABLES': 1, 'TOTAL NUMBER OF ROWS': 491, 'TOTAL NUMBER OF COLUMNS': 28}
2025-04-17 12:17:01,498 - INFO - {'EVENT': 'Sample', 'TIMESTAMP': datetime.datetime(2025, 4, 17, 12, 17, 1, 375052), 'SYNTHESIZER CLASS NAME': 'GaussianCopulaSynthesizer', 'SYNTHESIZER ID': 'GaussianCopulaSynthesizer_1.16.1_171dc452e9cc45139fa52960e38b653c', 'TOTAL NUMBER OF TABLES': 1, 'TOTAL NUMBER OF ROWS': 491, 'TOTAL NUMBER OF COLUMNS': 28}
2025-04-17 12:17:01,499 - INFO - Synthetic Data Generation Completed.
2025-04-17 12:17:08,696 - INFO - Synthetic Data Evaluation Completed.
2025-04-17 12:17:08,706 - INFO - Synthetic Data Report Generated Successfully.
2025-04-17 12:17:08,839 - INFO - Synthetic data generated with 3 synthesizer(s).
2025-04-17 12:17:08,839 - INFO - Running hybrid pipeline...
2025-04-17 12:17:08,839 - INFO - Executing run_hybrid …
2025-04-17 12:17:08,840 - INFO - Loaded cached encoded anon data to C:\Users\delea\OneDrive\Documents\Desktop\Master_Thesis\MasterThesisCode\datasets\anonymized\loan_k5_l2_sup10_anonymized_encoded.csv
2025-04-17 12:17:08,861 - INFO - [HYBRID] Synthesizing with CTGAN …
2025-04-17 12:17:08,862 - INFO - Executing run_synthetic...
2025-04-17 12:17:08,867 - INFO - Detected metadata:
2025-04-17 12:17:08,867 - INFO - {
    "columns": {
        "Gender_0": {
            "sdtype": "categorical"
        },
        "Gender_1": {
            "sdtype": "categorical"
        },
        "Gender_2": {
            "sdtype": "categorical"
        },
        "Married_0": {
            "sdtype": "categorical"
        },
        "Married_1": {
            "sdtype": "categorical"
        },
        "Dependents_0": {
            "sdtype": "categorical"
        },
        "Dependents_1": {
            "sdtype": "categorical"
        },
        "Dependents_2": {
            "sdtype": "categorical"
        },
        "Education_0": {
            "sdtype": "categorical"
        },
        "Education_1": {
            "sdtype": "categorical"
        },
        "ApplicantIncome": {
            "sdtype": "numerical"
        },
        "Loan_Amount_Term": {
            "sdtype": "numerical"
        },
        "Loan_Status": {
            "sdtype": "categorical"
        }
    },
    "METADATA_SPEC_VERSION": "SINGLE_TABLE_V1"
}
2025-04-17 12:17:08,871 - INFO - {'EVENT': 'Instance', 'TIMESTAMP': datetime.datetime(2025, 4, 17, 12, 17, 8, 871723), 'SYNTHESIZER CLASS NAME': 'CTGANSynthesizer', 'SYNTHESIZER ID': 'CTGANSynthesizer_1.16.1_9667d336bf384fc29ca73968d16f238d'}
2025-04-17 12:17:08,872 - INFO - {'EVENT': 'Fit', 'TIMESTAMP': datetime.datetime(2025, 4, 17, 12, 17, 8, 872670), 'SYNTHESIZER CLASS NAME': 'CTGANSynthesizer', 'SYNTHESIZER ID': 'CTGANSynthesizer_1.16.1_9667d336bf384fc29ca73968d16f238d', 'TOTAL NUMBER OF TABLES': 1, 'TOTAL NUMBER OF ROWS': 491, 'TOTAL NUMBER OF COLUMNS': 13}
2025-04-17 12:17:08,873 - INFO - Fitting table  metadata
2025-04-17 12:17:08,874 - INFO - Fitting formatters for table 
2025-04-17 12:17:08,875 - INFO - Fitting constraints for table 
2025-04-17 12:17:08,875 - INFO - Setting the configuration for the ``HyperTransformer`` for table 
2025-04-17 12:17:08,876 - INFO - Fitting HyperTransformer for table 
2025-04-17 12:17:08,884 - INFO - {'EVENT': 'Fit processed data', 'TIMESTAMP': datetime.datetime(2025, 4, 17, 12, 17, 8, 884671), 'SYNTHESIZER CLASS NAME': 'CTGANSynthesizer', 'SYNTHESIZER ID': 'CTGANSynthesizer_1.16.1_9667d336bf384fc29ca73968d16f238d', 'TOTAL NUMBER OF TABLES': 1, 'TOTAL NUMBER OF ROWS': 491, 'TOTAL NUMBER OF COLUMNS': 13}
2025-04-17 12:17:08,897 - INFO - Guidance: There are no missing values in column ApplicantIncome. Extra column not created.
2025-04-17 12:17:09,024 - INFO - Guidance: There are no missing values in column Loan_Amount_Term. Extra column not created.
2025-04-17 12:17:22,675 - INFO - {'EVENT': 'Save', 'TIMESTAMP': datetime.datetime(2025, 4, 17, 12, 17, 22, 675661), 'SYNTHESIZER CLASS NAME': 'CTGANSynthesizer', 'SYNTHESIZER ID': 'CTGANSynthesizer_1.16.1_9667d336bf384fc29ca73968d16f238d'}
2025-04-17 12:17:22,735 - INFO - {'EVENT': 'Sample', 'TIMESTAMP': datetime.datetime(2025, 4, 17, 12, 17, 22, 687637), 'SYNTHESIZER CLASS NAME': 'CTGANSynthesizer', 'SYNTHESIZER ID': 'CTGANSynthesizer_1.16.1_9667d336bf384fc29ca73968d16f238d', 'TOTAL NUMBER OF TABLES': 1, 'TOTAL NUMBER OF ROWS': 491, 'TOTAL NUMBER OF COLUMNS': 13}
2025-04-17 12:17:22,737 - INFO - Synthetic Data Generation Completed.
2025-04-17 12:17:23,229 - INFO - Synthetic Data Evaluation Completed.
2025-04-17 12:17:23,232 - INFO - Synthetic Data Report Generated Successfully.
2025-04-17 12:17:23,268 - INFO - Saved hybrid dataset to C:\Users\delea\OneDrive\Documents\Desktop\Master_Thesis\MasterThesisCode\datasets\hybrid\loan_k5_l2_sup10_CTGAN_HYBRID.csv
2025-04-17 12:17:23,268 - INFO - [HYBRID] Synthesizing with TVAE …
2025-04-17 12:17:23,269 - INFO - Executing run_synthetic...
2025-04-17 12:17:23,280 - INFO - Detected metadata:
2025-04-17 12:17:23,280 - INFO - {
    "columns": {
        "Gender_0": {
            "sdtype": "categorical"
        },
        "Gender_1": {
            "sdtype": "categorical"
        },
        "Gender_2": {
            "sdtype": "categorical"
        },
        "Married_0": {
            "sdtype": "categorical"
        },
        "Married_1": {
            "sdtype": "categorical"
        },
        "Dependents_0": {
            "sdtype": "categorical"
        },
        "Dependents_1": {
            "sdtype": "categorical"
        },
        "Dependents_2": {
            "sdtype": "categorical"
        },
        "Education_0": {
            "sdtype": "categorical"
        },
        "Education_1": {
            "sdtype": "categorical"
        },
        "ApplicantIncome": {
            "sdtype": "numerical"
        },
        "Loan_Amount_Term": {
            "sdtype": "numerical"
        },
        "Loan_Status": {
            "sdtype": "categorical"
        }
    },
    "METADATA_SPEC_VERSION": "SINGLE_TABLE_V1"
}
2025-04-17 12:17:23,284 - INFO - {'EVENT': 'Instance', 'TIMESTAMP': datetime.datetime(2025, 4, 17, 12, 17, 23, 284643), 'SYNTHESIZER CLASS NAME': 'TVAESynthesizer', 'SYNTHESIZER ID': 'TVAESynthesizer_1.16.1_3de6e8cbfcdb4584a73ca46d514aa9cf'}
2025-04-17 12:17:23,285 - INFO - {'EVENT': 'Fit', 'TIMESTAMP': datetime.datetime(2025, 4, 17, 12, 17, 23, 285609), 'SYNTHESIZER CLASS NAME': 'TVAESynthesizer', 'SYNTHESIZER ID': 'TVAESynthesizer_1.16.1_3de6e8cbfcdb4584a73ca46d514aa9cf', 'TOTAL NUMBER OF TABLES': 1, 'TOTAL NUMBER OF ROWS': 491, 'TOTAL NUMBER OF COLUMNS': 13}
2025-04-17 12:17:23,286 - INFO - Fitting table  metadata
2025-04-17 12:17:23,287 - INFO - Fitting formatters for table 
2025-04-17 12:17:23,288 - INFO - Fitting constraints for table 
2025-04-17 12:17:23,289 - INFO - Setting the configuration for the ``HyperTransformer`` for table 
2025-04-17 12:17:23,289 - INFO - Fitting HyperTransformer for table 
2025-04-17 12:17:23,297 - INFO - {'EVENT': 'Fit processed data', 'TIMESTAMP': datetime.datetime(2025, 4, 17, 12, 17, 23, 297634), 'SYNTHESIZER CLASS NAME': 'TVAESynthesizer', 'SYNTHESIZER ID': 'TVAESynthesizer_1.16.1_3de6e8cbfcdb4584a73ca46d514aa9cf', 'TOTAL NUMBER OF TABLES': 1, 'TOTAL NUMBER OF ROWS': 491, 'TOTAL NUMBER OF COLUMNS': 13}
2025-04-17 12:17:23,313 - INFO - Guidance: There are no missing values in column ApplicantIncome. Extra column not created.
2025-04-17 12:17:23,435 - INFO - Guidance: There are no missing values in column Loan_Amount_Term. Extra column not created.
2025-04-17 12:17:27,590 - INFO - {'EVENT': 'Save', 'TIMESTAMP': datetime.datetime(2025, 4, 17, 12, 17, 27, 590751), 'SYNTHESIZER CLASS NAME': 'TVAESynthesizer', 'SYNTHESIZER ID': 'TVAESynthesizer_1.16.1_3de6e8cbfcdb4584a73ca46d514aa9cf'}
2025-04-17 12:17:27,647 - INFO - {'EVENT': 'Sample', 'TIMESTAMP': datetime.datetime(2025, 4, 17, 12, 17, 27, 602881), 'SYNTHESIZER CLASS NAME': 'TVAESynthesizer', 'SYNTHESIZER ID': 'TVAESynthesizer_1.16.1_3de6e8cbfcdb4584a73ca46d514aa9cf', 'TOTAL NUMBER OF TABLES': 1, 'TOTAL NUMBER OF ROWS': 491, 'TOTAL NUMBER OF COLUMNS': 13}
2025-04-17 12:17:27,648 - INFO - Synthetic Data Generation Completed.
2025-04-17 12:17:28,148 - INFO - Synthetic Data Evaluation Completed.
2025-04-17 12:17:28,152 - INFO - Synthetic Data Report Generated Successfully.
2025-04-17 12:17:28,192 - INFO - Saved hybrid dataset to C:\Users\delea\OneDrive\Documents\Desktop\Master_Thesis\MasterThesisCode\datasets\hybrid\loan_k5_l2_sup10_TVAE_HYBRID.csv
2025-04-17 12:17:28,192 - INFO - [HYBRID] Synthesizing with GaussianCopula …
2025-04-17 12:17:28,193 - INFO - Executing run_synthetic...
2025-04-17 12:17:28,214 - INFO - Detected metadata:
2025-04-17 12:17:28,214 - INFO - {
    "columns": {
        "Gender_0": {
            "sdtype": "categorical"
        },
        "Gender_1": {
            "sdtype": "categorical"
        },
        "Gender_2": {
            "sdtype": "categorical"
        },
        "Married_0": {
            "sdtype": "categorical"
        },
        "Married_1": {
            "sdtype": "categorical"
        },
        "Dependents_0": {
            "sdtype": "categorical"
        },
        "Dependents_1": {
            "sdtype": "categorical"
        },
        "Dependents_2": {
            "sdtype": "categorical"
        },
        "Education_0": {
            "sdtype": "categorical"
        },
        "Education_1": {
            "sdtype": "categorical"
        },
        "ApplicantIncome": {
            "sdtype": "numerical"
        },
        "Loan_Amount_Term": {
            "sdtype": "numerical"
        },
        "Loan_Status": {
            "sdtype": "categorical"
        }
    },
    "METADATA_SPEC_VERSION": "SINGLE_TABLE_V1"
}
2025-04-17 12:17:28,217 - INFO - {'EVENT': 'Instance', 'TIMESTAMP': datetime.datetime(2025, 4, 17, 12, 17, 28, 217480), 'SYNTHESIZER CLASS NAME': 'GaussianCopulaSynthesizer', 'SYNTHESIZER ID': 'GaussianCopulaSynthesizer_1.16.1_67b1cb2d89a4460ea57265bf5485b6a8'}
2025-04-17 12:17:28,218 - INFO - {'EVENT': 'Fit', 'TIMESTAMP': datetime.datetime(2025, 4, 17, 12, 17, 28, 218521), 'SYNTHESIZER CLASS NAME': 'GaussianCopulaSynthesizer', 'SYNTHESIZER ID': 'GaussianCopulaSynthesizer_1.16.1_67b1cb2d89a4460ea57265bf5485b6a8', 'TOTAL NUMBER OF TABLES': 1, 'TOTAL NUMBER OF ROWS': 491, 'TOTAL NUMBER OF COLUMNS': 13}
2025-04-17 12:17:28,220 - INFO - Fitting table  metadata
2025-04-17 12:17:28,221 - INFO - Fitting formatters for table 
2025-04-17 12:17:28,222 - INFO - Fitting constraints for table 
2025-04-17 12:17:28,222 - INFO - Setting the configuration for the ``HyperTransformer`` for table 
2025-04-17 12:17:28,226 - INFO - Fitting HyperTransformer for table 
2025-04-17 12:17:28,342 - INFO - {'EVENT': 'Fit processed data', 'TIMESTAMP': datetime.datetime(2025, 4, 17, 12, 17, 28, 342792), 'SYNTHESIZER CLASS NAME': 'GaussianCopulaSynthesizer', 'SYNTHESIZER ID': 'GaussianCopulaSynthesizer_1.16.1_67b1cb2d89a4460ea57265bf5485b6a8', 'TOTAL NUMBER OF TABLES': 1, 'TOTAL NUMBER OF ROWS': 491, 'TOTAL NUMBER OF COLUMNS': 13}
2025-04-17 12:17:28,343 - INFO - Fitting GaussianMultivariate(distribution="{'Gender_0': <class 'copulas.univariate.beta.BetaUnivariate'>, 'Gender_1': <class 'copulas.univariate.beta.BetaUnivariate'>, 'Gender_2': <class 'copulas.univariate.beta.BetaUnivariate'>, 'Married_0': <class 'copulas.univariate.beta.BetaUnivariate'>, 'Married_1': <class 'copulas.univariate.beta.BetaUnivariate'>, 'Dependents_0': <class 'copulas.univariate.beta.BetaUnivariate'>, 'Dependents_1': <class 'copulas.univariate.beta.BetaUnivariate'>, 'Dependents_2': <class 'copulas.univariate.beta.BetaUnivariate'>, 'Education_0': <class 'copulas.univariate.beta.BetaUnivariate'>, 'Education_1': <class 'copulas.univariate.beta.BetaUnivariate'>, 'ApplicantIncome': <class 'copulas.univariate.beta.BetaUnivariate'>, 'Loan_Amount_Term': <class 'copulas.univariate.beta.BetaUnivariate'>, 'Loan_Status': <class 'copulas.univariate.beta.BetaUnivariate'>}")
2025-04-17 12:17:28,720 - INFO - {'EVENT': 'Save', 'TIMESTAMP': datetime.datetime(2025, 4, 17, 12, 17, 28, 720168), 'SYNTHESIZER CLASS NAME': 'GaussianCopulaSynthesizer', 'SYNTHESIZER ID': 'GaussianCopulaSynthesizer_1.16.1_67b1cb2d89a4460ea57265bf5485b6a8'}
2025-04-17 12:17:28,791 - INFO - {'EVENT': 'Sample', 'TIMESTAMP': datetime.datetime(2025, 4, 17, 12, 17, 28, 727168), 'SYNTHESIZER CLASS NAME': 'GaussianCopulaSynthesizer', 'SYNTHESIZER ID': 'GaussianCopulaSynthesizer_1.16.1_67b1cb2d89a4460ea57265bf5485b6a8', 'TOTAL NUMBER OF TABLES': 1, 'TOTAL NUMBER OF ROWS': 491, 'TOTAL NUMBER OF COLUMNS': 13}
2025-04-17 12:17:28,792 - INFO - Synthetic Data Generation Completed.
2025-04-17 12:17:29,296 - INFO - Synthetic Data Evaluation Completed.
2025-04-17 12:17:29,298 - INFO - Synthetic Data Report Generated Successfully.
2025-04-17 12:17:29,332 - INFO - Saved hybrid dataset to C:\Users\delea\OneDrive\Documents\Desktop\Master_Thesis\MasterThesisCode\datasets\hybrid\loan_k5_l2_sup10_GaussianCopula_HYBRID.csv
2025-04-17 12:17:29,332 - INFO - Hybrid pipeline complete to 3 dataset(s) ready.
2025-04-17 12:17:29,332 - INFO - Hybrid pipeline completed successfully.
2025-04-17 12:17:29,332 - INFO - Preparing datasets for machine learning...
2025-04-17 12:17:29,334 - INFO - Original Data - Training Size: 491, Testing Size: 123
2025-04-17 12:17:29,335 - INFO - Processing synthetic dataset generated by CTGAN...
2025-04-17 12:17:29,336 - INFO - Synthetic Data (CTGAN) - Training Size: 491
2025-04-17 12:17:29,336 - INFO - Processing synthetic dataset generated by TVAE...
2025-04-17 12:17:29,338 - INFO - Synthetic Data (TVAE) - Training Size: 491
2025-04-17 12:17:29,338 - INFO - Processing synthetic dataset generated by GaussianCopula...
2025-04-17 12:17:29,339 - INFO - Synthetic Data (GaussianCopula) - Training Size: 491
2025-04-17 12:17:29,340 - INFO - Processing anonymized dataset...
2025-04-17 12:17:29,340 - INFO - Anonymized Data - Training Size: 491
2025-04-17 12:17:29,341 - INFO - Processing hybrid dataset generated by CTGAN...
2025-04-17 12:17:29,342 - INFO - Hybrid Data (CTGAN_HYBRID) - Training Size: 491
2025-04-17 12:17:29,342 - INFO - Processing hybrid dataset generated by TVAE...
2025-04-17 12:17:29,343 - INFO - Hybrid Data (TVAE_HYBRID) - Training Size: 491
2025-04-17 12:17:29,343 - INFO - Processing hybrid dataset generated by GaussianCopula...
2025-04-17 12:17:29,344 - INFO - Hybrid Data (GaussianCopula_HYBRID) - Training Size: 491
2025-04-17 12:17:29,344 - INFO - Training models on all datasets...
2025-04-17 12:17:33,679 - INFO - Model Training Completed.
2025-04-17 12:17:33,680 - INFO - Evaluating models...
