2025-05-08 10:05:04,336 - INFO - Loaded config file: configs/generated_configs/censusIncome/censusIncome_anon_k14_sl1p0_l1.yaml
2025-05-08 10:05:04,336 - INFO -  Benchmarking started for dataset: censusIncome
2025-05-08 10:05:04,336 - INFO - Using dataset path: /mnt/NVMETank/Projects/Students/Dele/A-STUDY-INTO-THE-QUALITY-AND-USABILITY-OF-PRIVACY-FRIENDLY-SYNTHETIC-DATA/datasets/original/censusIncome.csv
2025-05-08 10:05:04,336 - INFO - Target column: income, separator: ','
2025-05-08 10:05:04,336 - INFO - Configuration loaded: enable_anonymization = True, enable_synthesis = False, enable_hybrid = False, enable_utility = True, delete_after_evaluation = False
2025-05-08 10:05:04,336 - INFO - Running preprocessing...
2025-05-08 10:05:04,341 - INFO - [PREPROCESSING] No preprocessed files found. Starting full preprocessing pipeline...
2025-05-08 10:05:04,441 - INFO - [PREPROCESSING] Missing value handling strategy: 'drop' applied.
2025-05-08 10:05:04,473 - INFO - [PREPROCESSING] Split data into train (39073 rows) and test (9769 rows). Test size: 0.2
2025-05-08 10:05:05,318 - INFO -  [PREPROCESSING] Saved raw train set to: datasets/train/censusIncome_train_raw.csv
2025-05-08 10:05:05,318 - INFO -  [PREPROCESSING] Saved encoder to: artifacts/censusIncome_binary_encoder.pkl
2025-05-08 10:05:05,318 - INFO -  [PREPROCESSING]Saved encoded train set to: datasets/cleaned/censusIncome_cleaned.csv
2025-05-08 10:05:05,318 - INFO -  [PREPROCESSING] Saved encoded test set to: datasets/test/censusIncome_test_set.csv
2025-05-08 10:05:05,318 - INFO - [PREPROCESSING] run_preprocessing finished executing.
2025-05-08 10:05:05,344 - INFO - Preprocessing completed. Rows before: 48842, after: 39073
2025-05-08 10:05:05,344 - INFO - Preprocessed data saved to: outputs/batch/censusIncome_batch_2025-05-08_10-04-54/censusIncome_anon_k14_sl1p0_l1/preprocessing_report.txt
2025-05-08 10:05:05,345 - INFO - enable_anonymization = True
2025-05-08 10:05:05,345 - INFO - Starting Anonymization Pipeline with output path: /mnt/NVMETank/Projects/Students/Dele/A-STUDY-INTO-THE-QUALITY-AND-USABILITY-OF-PRIVACY-FRIENDLY-SYNTHETIC-DATA/datasets/anonymized/censusIncome_k14_l1_sup100_anonymized.csv.......
2025-05-08 10:05:05,349 - INFO -  [ANONYMIZATION] Executing run_anonymization, config_path : configs/generated_configs/censusIncome/censusIncome_anon_k14_sl1p0_l1.yaml...........
2025-05-08 10:05:31,244 - INFO -  [ANONYMIZATION] Using JAR file at /mnt/NVMETank/Projects/Students/Dele/A-STUDY-INTO-THE-QUALITY-AND-USABILITY-OF-PRIVACY-FRIENDLY-SYNTHETIC-DATA/src/anonymization/anonymARXij/bin/anonymARXij.jar to anonymize the dataset.
2025-05-08 10:06:24,242 - INFO -  [ANONYMIZATION] Anonimized file saved to : /mnt/NVMETank/Projects/Students/Dele/A-STUDY-INTO-THE-QUALITY-AND-USABILITY-OF-PRIVACY-FRIENDLY-SYNTHETIC-DATA/datasets/anonymized/censusIncome_k14_l1_sup100_anonymized.csv
2025-05-08 10:06:24,243 - INFO -  [ANONYMIZATION] Java anonymization completed successfully.
2025-05-08 10:06:24,243 - INFO -  [ANONYMIZATION] Java STDOUT:
📄 Java received config path: /mnt/NVMETank/Projects/Students/Dele/A-STUDY-INTO-THE-QUALITY-AND-USABILITY-OF-PRIVACY-FRIENDLY-SYNTHETIC-DATA/configs/generated_configs/censusIncome/censusIncome_anon_k14_sl1p0_l1.yaml
🔹 Loading config from: /mnt/NVMETank/Projects/Students/Dele/A-STUDY-INTO-THE-QUALITY-AND-USABILITY-OF-PRIVACY-FRIENDLY-SYNTHETIC-DATA/configs/generated_configs/censusIncome/censusIncome_anon_k14_sl1p0_l1.yaml
Loading config from: /mnt/NVMETank/Projects/Students/Dele/A-STUDY-INTO-THE-QUALITY-AND-USABILITY-OF-PRIVACY-FRIENDLY-SYNTHETIC-DATA/configs/generated_configs/censusIncome/censusIncome_anon_k14_sl1p0_l1.yaml
📂 Dataset Path (from args): /mnt/NVMETank/Projects/Students/Dele/A-STUDY-INTO-THE-QUALITY-AND-USABILITY-OF-PRIVACY-FRIENDLY-SYNTHETIC-DATA/datasets/train/censusIncome_train_raw.csv
🔹 Dataset Separator: ,
🔹 Suppression Limit: 1.0

🔹 Configured Attributes:
  ✅ Quasi-Identifier: age
  ✅ Quasi-Identifier: education
  ✅ Quasi-Identifier: workclass
  ✅ Quasi-Identifier: marital-status
  ✅ Quasi-Identifier: occupation
  ✅ Quasi-Identifier: race
  ✅ Quasi-Identifier: sex
  ✅ Quasi-Identifier: native-country
  ✅ Sensitive Attribute: income
  ✅ Insensitive Attribute: fnlwgt
  ✅ Insensitive Attribute: hours-per-week
  ✅ Insensitive Attribute: capital-gain
  ✅ Insensitive Attribute: capital-loss
  ✅ Insensitive Attribute: relationship
  ✅ Insensitive Attribute: education-num

🔹 Defined Hierarchies:
  ✅ education -> /mnt/NVMETank/Projects/Students/Dele/A-STUDY-INTO-THE-QUALITY-AND-USABILITY-OF-PRIVACY-FRIENDLY-SYNTHETIC-DATA/src/anonymization/anonymARXij/src/hierarchies_censusIncome/education.csv
  ✅ occupation -> /mnt/NVMETank/Projects/Students/Dele/A-STUDY-INTO-THE-QUALITY-AND-USABILITY-OF-PRIVACY-FRIENDLY-SYNTHETIC-DATA/src/anonymization/anonymARXij/src/hierarchies_censusIncome/occupation.csv
  ✅ workclass -> /mnt/NVMETank/Projects/Students/Dele/A-STUDY-INTO-THE-QUALITY-AND-USABILITY-OF-PRIVACY-FRIENDLY-SYNTHETIC-DATA/src/anonymization/anonymARXij/src/hierarchies_censusIncome/workclass.csv
  ✅ native-country -> /mnt/NVMETank/Projects/Students/Dele/A-STUDY-INTO-THE-QUALITY-AND-USABILITY-OF-PRIVACY-FRIENDLY-SYNTHETIC-DATA/src/anonymization/anonymARXij/src/hierarchies_censusIncome/native-country.csv
  ✅ race -> /mnt/NVMETank/Projects/Students/Dele/A-STUDY-INTO-THE-QUALITY-AND-USABILITY-OF-PRIVACY-FRIENDLY-SYNTHETIC-DATA/src/anonymization/anonymARXij/src/hierarchies_censusIncome/race.csv
  ✅ sex -> /mnt/NVMETank/Projects/Students/Dele/A-STUDY-INTO-THE-QUALITY-AND-USABILITY-OF-PRIVACY-FRIENDLY-SYNTHETIC-DATA/src/anonymization/anonymARXij/src/hierarchies_censusIncome/sex.csv
  ✅ marital-status -> /mnt/NVMETank/Projects/Students/Dele/A-STUDY-INTO-THE-QUALITY-AND-USABILITY-OF-PRIVACY-FRIENDLY-SYNTHETIC-DATA/src/anonymization/anonymARXij/src/hierarchies_censusIncome/marital-status.csv
  ✅ age -> /mnt/NVMETank/Projects/Students/Dele/A-STUDY-INTO-THE-QUALITY-AND-USABILITY-OF-PRIVACY-FRIENDLY-SYNTHETIC-DATA/src/anonymization/anonymARXij/src/hierarchies_censusIncome/age.csv
Java is searching for hierarchy file at: /mnt/NVMETank/Projects/Students/Dele/A-STUDY-INTO-THE-QUALITY-AND-USABILITY-OF-PRIVACY-FRIENDLY-SYNTHETIC-DATA/src/anonymization/anonymARXij/src/hierarchies_censusIncome/education.csv
Java is searching for hierarchy file at: /mnt/NVMETank/Projects/Students/Dele/A-STUDY-INTO-THE-QUALITY-AND-USABILITY-OF-PRIVACY-FRIENDLY-SYNTHETIC-DATA/src/anonymization/anonymARXij/src/hierarchies_censusIncome/occupation.csv
Java is searching for hierarchy file at: /mnt/NVMETank/Projects/Students/Dele/A-STUDY-INTO-THE-QUALITY-AND-USABILITY-OF-PRIVACY-FRIENDLY-SYNTHETIC-DATA/src/anonymization/anonymARXij/src/hierarchies_censusIncome/workclass.csv
Java is searching for hierarchy file at: /mnt/NVMETank/Projects/Students/Dele/A-STUDY-INTO-THE-QUALITY-AND-USABILITY-OF-PRIVACY-FRIENDLY-SYNTHETIC-DATA/src/anonymization/anonymARXij/src/hierarchies_censusIncome/native-country.csv
Java is searching for hierarchy file at: /mnt/NVMETank/Projects/Students/Dele/A-STUDY-INTO-THE-QUALITY-AND-USABILITY-OF-PRIVACY-FRIENDLY-SYNTHETIC-DATA/src/anonymization/anonymARXij/src/hierarchies_censusIncome/race.csv
Java is searching for hierarchy file at: /mnt/NVMETank/Projects/Students/Dele/A-STUDY-INTO-THE-QUALITY-AND-USABILITY-OF-PRIVACY-FRIENDLY-SYNTHETIC-DATA/src/anonymization/anonymARXij/src/hierarchies_censusIncome/sex.csv
Java is searching for hierarchy file at: /mnt/NVMETank/Projects/Students/Dele/A-STUDY-INTO-THE-QUALITY-AND-USABILITY-OF-PRIVACY-FRIENDLY-SYNTHETIC-DATA/src/anonymization/anonymARXij/src/hierarchies_censusIncome/marital-status.csv
Java is searching for hierarchy file at: /mnt/NVMETank/Projects/Students/Dele/A-STUDY-INTO-THE-QUALITY-AND-USABILITY-OF-PRIVACY-FRIENDLY-SYNTHETIC-DATA/src/anonymization/anonymARXij/src/hierarchies_censusIncome/age.csv
✓ Applied Distinct L-Diversity on: income (l=1)
🔹 Privacy Models Configured
📂 Anonymized Output Path (from args): /mnt/NVMETank/Projects/Students/Dele/A-STUDY-INTO-THE-QUALITY-AND-USABILITY-OF-PRIVACY-FRIENDLY-SYNTHETIC-DATA/datasets/anonymized/censusIncome_k14_l1_sup100_anonymized.csv
📂 Anonymized Output Path: /mnt/NVMETank/Projects/Students/Dele/A-STUDY-INTO-THE-QUALITY-AND-USABILITY-OF-PRIVACY-FRIENDLY-SYNTHETIC-DATA/datasets/anonymized/censusIncome_k14_l1_sup100_anonymized.csv
✅ Anonymization completed. Output saved to: /mnt/NVMETank/Projects/Students/Dele/A-STUDY-INTO-THE-QUALITY-AND-USABILITY-OF-PRIVACY-FRIENDLY-SYNTHETIC-DATA/datasets/anonymized/censusIncome_k14_l1_sup100_anonymized.csv
Anonymized Data Quality Metrics:
 - Ambiguity: 0.8845805156405627
 - AECS: 0.9970141330468758
 - Discernibility: 0.8688165444544176
 - Granularity: 0.7127607800507705
 - MSE: 0.7862798855849928
 - Non-Uniform Entropy: 0.4034218184164846
 - Precision: 0.5325946671248183
 - Record-level SE: 0.6184368660922006
Equivalence Class Statistics:
 - Number of Classes: 292
 - Average Class Size: 118.36986301369863
Suppression Statistics:
 - Suppressed Records: 4509
 - Suppression Percentage: 11.54%
2025-05-08 10:06:24,249 - INFO - Anonymized data saved to: /mnt/NVMETank/Projects/Students/Dele/A-STUDY-INTO-THE-QUALITY-AND-USABILITY-OF-PRIVACY-FRIENDLY-SYNTHETIC-DATA/datasets/anonymized/censusIncome_k14_l1_sup100_anonymized.csv
2025-05-08 10:06:24,434 - INFO - Anonymous data report saved at: outputs/batch/censusIncome_batch_2025-05-08_10-04-54/censusIncome_anon_k14_sl1p0_l1/anonymous_data_report.txt
2025-05-08 10:06:24,434 - INFO -  [POSTPROCESSING] Postprocessing anonymized data: /mnt/NVMETank/Projects/Students/Dele/A-STUDY-INTO-THE-QUALITY-AND-USABILITY-OF-PRIVACY-FRIENDLY-SYNTHETIC-DATA/datasets/anonymized/censusIncome_k14_l1_sup100_anonymized.csv
2025-05-08 10:06:24,485 - INFO -  [POSTPROCESSING] Loaded anonymized data: (39073, 15)
2025-05-08 10:06:24,608 - INFO -  [POSTPROCESSING] Loaded fallback maps from training data. Categorical cols: 9, Numeric cols: 6
2025-05-08 10:06:24,608 - INFO -  [POSTPROCESSING] Normalizing anonymized data using ARX artifact cleaning and fallback values.
2025-05-08 10:06:26,600 - INFO -  [POSTPROCESSING] Normalized anonymized data saved to: /mnt/NVMETank/Projects/Students/Dele/A-STUDY-INTO-THE-QUALITY-AND-USABILITY-OF-PRIVACY-FRIENDLY-SYNTHETIC-DATA/datasets/anonymized/censusIncome_k14_l1_sup100_anonymized_processed.csv
2025-05-08 10:06:26,709 - INFO -  [POSTPROCESSING] Binary Encoding applied to anonymized data. Encoded shape: (39073, 37)
2025-05-08 10:06:26,990 - INFO -  [POSTPROCESSING] Encoded anonymized dataset saved to: /mnt/NVMETank/Projects/Students/Dele/A-STUDY-INTO-THE-QUALITY-AND-USABILITY-OF-PRIVACY-FRIENDLY-SYNTHETIC-DATA/datasets/anonymized/censusIncome_k14_l1_sup100_anonymized_encoded.csv
2025-05-08 10:06:26,990 - INFO -  [POSTPROCESSING] Encoding map generated for anonymized data: 0 original categorical columns.
2025-05-08 10:06:27,000 - INFO - Postprocessing report saved at: outputs/batch/censusIncome_batch_2025-05-08_10-04-54/censusIncome_anon_k14_sl1p0_l1/postprocessing_report.txt
2025-05-08 10:06:27,000 - INFO - enable_synthetic_generation = False
2025-05-08 10:06:27,000 - INFO - Synthetic Data Generation Skipped (Disabled in Configuration).
2025-05-08 10:06:27,000 - INFO - Hybrid Pipeline skipped (disabled in configuration).
2025-05-08 10:06:27,000 - INFO - Starting Utility...
2025-05-08 10:06:27,000 - INFO - [UTILITY] Preparing datasets for machine learning...
2025-05-08 10:06:27,007 - INFO - [UTILITY] Original Data - Training Size: 39073, Testing Size: 9769
2025-05-08 10:06:27,009 - INFO - [UTILITY] Target class distribution (Original): {'<=50K': 19775, '<=50K.': 9948, '>50K': 6273, '>50K.': 3077}
2025-05-08 10:06:27,013 - INFO - [UTILITY] Processing anonymized dataset...
2025-05-08 10:06:27,019 - INFO - [UTILITY] Anonymized Data - Training Size: 39073
2025-05-08 10:06:27,021 - INFO - [UTILITY] Target class distribution (Anonymous): {'<=50K': 19775, '<=50K.': 9948, '>50K': 6273, '>50K.': 3077}
2025-05-08 10:06:27,026 - INFO - [UTILITY] Training models on all datasets...
2025-05-08 10:06:27,026 - INFO - [UTILITY] Total datasets used for training: 2
2025-05-08 10:06:27,026 - INFO - [TRAINING] Training models from scratch...
2025-05-08 10:06:27,026 - INFO - [TRAINING] Starting training for dataset: Original — Rows: 39073, Features: 36
2025-05-08 10:06:27,026 - INFO - [TRAINING] Training DecisionTree on Original...
2025-05-08 10:06:27,672 - INFO - [TRAINING] DecisionTree trained successfully on Original in 0.65 sec
2025-05-08 10:06:27,673 - INFO - [TRAINING] Training KNN on Original...
2025-05-08 10:06:27,711 - INFO - [TRAINING] KNN trained successfully on Original in 0.04 sec
2025-05-08 10:06:27,711 - INFO - [TRAINING] Training LogisticRegression on Original...
2025-05-08 10:06:29,629 - INFO - [TRAINING] LogisticRegression trained successfully on Original in 1.92 sec
2025-05-08 10:06:29,629 - INFO - [TRAINING] Training RandomForest on Original...
2025-05-08 10:06:38,668 - INFO - [TRAINING] RandomForest trained successfully on Original in 9.04 sec
2025-05-08 10:06:38,668 - INFO - [TRAINING] Training SVM on Original...
2025-05-08 10:08:24,341 - INFO - [TRAINING] SVM trained successfully on Original in 105.67 sec
2025-05-08 10:08:24,342 - INFO - [TRAINING] Finished training 5 model(s) for dataset: Original
2025-05-08 10:08:24,342 - INFO - [TRAINING] Starting training for dataset: Anonymous — Rows: 39073, Features: 36
2025-05-08 10:08:24,342 - INFO - [TRAINING] Training DecisionTree on Anonymous...
2025-05-08 10:08:24,683 - INFO - [TRAINING] DecisionTree trained successfully on Anonymous in 0.34 sec
2025-05-08 10:08:24,683 - INFO - [TRAINING] Training KNN on Anonymous...
2025-05-08 10:08:24,753 - INFO - [TRAINING] KNN trained successfully on Anonymous in 0.07 sec
2025-05-08 10:08:24,754 - INFO - [TRAINING] Training LogisticRegression on Anonymous...
2025-05-08 10:08:25,932 - INFO - [TRAINING] LogisticRegression trained successfully on Anonymous in 1.18 sec
2025-05-08 10:08:25,933 - INFO - [TRAINING] Training RandomForest on Anonymous...
2025-05-08 10:08:30,636 - INFO - [TRAINING] RandomForest trained successfully on Anonymous in 4.70 sec
2025-05-08 10:08:30,636 - INFO - [TRAINING] Training SVM on Anonymous...
2025-05-08 10:11:41,623 - INFO - [TRAINING] SVM trained successfully on Anonymous in 190.99 sec
2025-05-08 10:11:41,623 - INFO - [TRAINING] Finished training 5 model(s) for dataset: Anonymous
2025-05-08 10:11:41,623 - INFO - [TRAINING] Total models trained across all datasets: 10
2025-05-08 10:11:41,623 - INFO - [UTILITY] Trained model names: ['Original', 'Anonymous']
2025-05-08 10:11:41,624 - INFO - [UTILITY] Model Training Completed.
2025-05-08 10:11:41,624 - INFO - Starting the Evaluating of models...
2025-05-08 10:11:41,624 - INFO - Preparing evaluation for model 'DecisionTree' across all datasets...
2025-05-08 10:11:41,624 - INFO - Evaluating DecisionTree on Original...
2025-05-08 10:11:41,633 - INFO - Predictions completed for DecisionTree on Original
2025-05-08 10:11:41,635 - INFO - Prediction distribution for DecisionTree on Original: {'<=50K': 4795, '<=50K.': 2520, '>50K': 1611, '>50K.': 843}
2025-05-08 10:11:42,088 - INFO - Computed 8 metric(s) for DecisionTree on Original
2025-05-08 10:11:42,092 - INFO - Evaluating DecisionTree on Anonymous...
2025-05-08 10:11:42,103 - INFO - Predictions completed for DecisionTree on Anonymous
2025-05-08 10:11:42,108 - INFO - Prediction distribution for DecisionTree on Anonymous: {'<=50K': 4844, '<=50K.': 2689, '>50K': 1479, '>50K.': 757}
2025-05-08 10:11:42,326 - INFO - Computed 8 metric(s) for DecisionTree on Anonymous
2025-05-08 10:11:42,326 - INFO - Preparing evaluation for model 'KNN' across all datasets...
2025-05-08 10:11:42,326 - INFO - Evaluating KNN on Original...
2025-05-08 10:11:47,231 - INFO - Predictions completed for KNN on Original
2025-05-08 10:11:47,232 - INFO - Prediction distribution for KNN on Original: {'<=50K': 7038, '<=50K.': 1542, '>50K': 1005, '>50K.': 184}
2025-05-08 10:11:56,960 - INFO - Computed 8 metric(s) for KNN on Original
2025-05-08 10:11:56,964 - INFO - Evaluating KNN on Anonymous...
2025-05-08 10:12:00,917 - INFO - Predictions completed for KNN on Anonymous
2025-05-08 10:12:00,918 - INFO - Prediction distribution for KNN on Anonymous: {'<=50K': 7092, '<=50K.': 1607, '>50K': 903, '>50K.': 167}
2025-05-08 10:12:11,523 - INFO - Computed 8 metric(s) for KNN on Anonymous
2025-05-08 10:12:11,523 - INFO - Preparing evaluation for model 'LogisticRegression' across all datasets...
2025-05-08 10:12:11,524 - INFO - Evaluating LogisticRegression on Original...
2025-05-08 10:12:11,537 - INFO - Predictions completed for LogisticRegression on Original
2025-05-08 10:12:11,542 - INFO - Prediction distribution for LogisticRegression on Original: {'<=50K': 7883, '>50K': 1884, '>50K.': 2}
2025-05-08 10:12:11,598 - WARNING - [UndefinedMetricWarning] Precision is ill-defined and being set to 0.0 in labels with no predicted samples. Use `zero_division` parameter to control this behavior. (from /mnt/NVMETank/Projects/Students/Dele/A-STUDY-INTO-THE-QUALITY-AND-USABILITY-OF-PRIVACY-FRIENDLY-SYNTHETIC-DATA/.venv/lib/python3.12/site-packages/sklearn/metrics/_classification.py:1565)
2025-05-08 10:12:11,626 - WARNING - [UndefinedMetricWarning] Precision is ill-defined and being set to 0.0 in labels with no predicted samples. Use `zero_division` parameter to control this behavior. (from /mnt/NVMETank/Projects/Students/Dele/A-STUDY-INTO-THE-QUALITY-AND-USABILITY-OF-PRIVACY-FRIENDLY-SYNTHETIC-DATA/.venv/lib/python3.12/site-packages/sklearn/metrics/_classification.py:1565)
2025-05-08 10:12:11,654 - WARNING - [UndefinedMetricWarning] Precision is ill-defined and being set to 0.0 in labels with no predicted samples. Use `zero_division` parameter to control this behavior. (from /mnt/NVMETank/Projects/Students/Dele/A-STUDY-INTO-THE-QUALITY-AND-USABILITY-OF-PRIVACY-FRIENDLY-SYNTHETIC-DATA/.venv/lib/python3.12/site-packages/sklearn/metrics/_classification.py:1565)
2025-05-08 10:12:11,798 - INFO - Computed 8 metric(s) for LogisticRegression on Original
2025-05-08 10:12:11,799 - INFO - Evaluating LogisticRegression on Anonymous...
2025-05-08 10:12:11,811 - INFO - Predictions completed for LogisticRegression on Anonymous
2025-05-08 10:12:11,812 - INFO - Prediction distribution for LogisticRegression on Anonymous: {'<=50K': 8713, '>50K': 1022, '>50K.': 34}
2025-05-08 10:12:11,883 - WARNING - [UndefinedMetricWarning] Precision is ill-defined and being set to 0.0 in labels with no predicted samples. Use `zero_division` parameter to control this behavior. (from /mnt/NVMETank/Projects/Students/Dele/A-STUDY-INTO-THE-QUALITY-AND-USABILITY-OF-PRIVACY-FRIENDLY-SYNTHETIC-DATA/.venv/lib/python3.12/site-packages/sklearn/metrics/_classification.py:1565)
2025-05-08 10:12:11,911 - WARNING - [UndefinedMetricWarning] Precision is ill-defined and being set to 0.0 in labels with no predicted samples. Use `zero_division` parameter to control this behavior. (from /mnt/NVMETank/Projects/Students/Dele/A-STUDY-INTO-THE-QUALITY-AND-USABILITY-OF-PRIVACY-FRIENDLY-SYNTHETIC-DATA/.venv/lib/python3.12/site-packages/sklearn/metrics/_classification.py:1565)
2025-05-08 10:12:11,938 - WARNING - [UndefinedMetricWarning] Precision is ill-defined and being set to 0.0 in labels with no predicted samples. Use `zero_division` parameter to control this behavior. (from /mnt/NVMETank/Projects/Students/Dele/A-STUDY-INTO-THE-QUALITY-AND-USABILITY-OF-PRIVACY-FRIENDLY-SYNTHETIC-DATA/.venv/lib/python3.12/site-packages/sklearn/metrics/_classification.py:1565)
2025-05-08 10:12:12,011 - INFO - Computed 8 metric(s) for LogisticRegression on Anonymous
2025-05-08 10:12:12,011 - INFO - Preparing evaluation for model 'RandomForest' across all datasets...
2025-05-08 10:12:12,012 - INFO - Evaluating RandomForest on Original...
2025-05-08 10:12:12,516 - INFO - Predictions completed for RandomForest on Original
2025-05-08 10:12:12,518 - INFO - Prediction distribution for RandomForest on Original: {'<=50K': 6632, '>50K': 1691, '<=50K.': 1092, '>50K.': 354}
2025-05-08 10:12:13,215 - INFO - Computed 8 metric(s) for RandomForest on Original
2025-05-08 10:12:13,216 - INFO - Evaluating RandomForest on Anonymous...
2025-05-08 10:12:13,413 - INFO - Predictions completed for RandomForest on Anonymous
2025-05-08 10:12:13,421 - INFO - Prediction distribution for RandomForest on Anonymous: {'<=50K': 6874, '>50K': 1385, '<=50K.': 1216, '>50K.': 294}
2025-05-08 10:12:14,533 - INFO - Computed 8 metric(s) for RandomForest on Anonymous
2025-05-08 10:12:14,533 - INFO - Preparing evaluation for model 'SVM' across all datasets...
2025-05-08 10:12:14,534 - INFO - Evaluating SVM on Original...
2025-05-08 10:12:47,681 - INFO - Predictions completed for SVM on Original
2025-05-08 10:12:47,687 - INFO - Prediction distribution for SVM on Original: {'<=50K': 9395, '>50K': 374}
2025-05-08 10:12:47,774 - WARNING - [UndefinedMetricWarning] Precision is ill-defined and being set to 0.0 in labels with no predicted samples. Use `zero_division` parameter to control this behavior. (from /mnt/NVMETank/Projects/Students/Dele/A-STUDY-INTO-THE-QUALITY-AND-USABILITY-OF-PRIVACY-FRIENDLY-SYNTHETIC-DATA/.venv/lib/python3.12/site-packages/sklearn/metrics/_classification.py:1565)
2025-05-08 10:12:47,849 - WARNING - [UndefinedMetricWarning] Precision is ill-defined and being set to 0.0 in labels with no predicted samples. Use `zero_division` parameter to control this behavior. (from /mnt/NVMETank/Projects/Students/Dele/A-STUDY-INTO-THE-QUALITY-AND-USABILITY-OF-PRIVACY-FRIENDLY-SYNTHETIC-DATA/.venv/lib/python3.12/site-packages/sklearn/metrics/_classification.py:1565)
2025-05-08 10:12:47,908 - WARNING - [UndefinedMetricWarning] Precision is ill-defined and being set to 0.0 in labels with no predicted samples. Use `zero_division` parameter to control this behavior. (from /mnt/NVMETank/Projects/Students/Dele/A-STUDY-INTO-THE-QUALITY-AND-USABILITY-OF-PRIVACY-FRIENDLY-SYNTHETIC-DATA/.venv/lib/python3.12/site-packages/sklearn/metrics/_classification.py:1565)
2025-05-08 10:12:47,956 - INFO - Computed 8 metric(s) for SVM on Original
2025-05-08 10:12:47,961 - INFO - Evaluating SVM on Anonymous...
2025-05-08 10:13:23,059 - INFO - Predictions completed for SVM on Anonymous
2025-05-08 10:13:23,060 - INFO - Prediction distribution for SVM on Anonymous: {'<=50K': 9395, '>50K': 374}
2025-05-08 10:13:23,095 - WARNING - [UndefinedMetricWarning] Precision is ill-defined and being set to 0.0 in labels with no predicted samples. Use `zero_division` parameter to control this behavior. (from /mnt/NVMETank/Projects/Students/Dele/A-STUDY-INTO-THE-QUALITY-AND-USABILITY-OF-PRIVACY-FRIENDLY-SYNTHETIC-DATA/.venv/lib/python3.12/site-packages/sklearn/metrics/_classification.py:1565)
2025-05-08 10:13:23,124 - WARNING - [UndefinedMetricWarning] Precision is ill-defined and being set to 0.0 in labels with no predicted samples. Use `zero_division` parameter to control this behavior. (from /mnt/NVMETank/Projects/Students/Dele/A-STUDY-INTO-THE-QUALITY-AND-USABILITY-OF-PRIVACY-FRIENDLY-SYNTHETIC-DATA/.venv/lib/python3.12/site-packages/sklearn/metrics/_classification.py:1565)
2025-05-08 10:13:23,153 - WARNING - [UndefinedMetricWarning] Precision is ill-defined and being set to 0.0 in labels with no predicted samples. Use `zero_division` parameter to control this behavior. (from /mnt/NVMETank/Projects/Students/Dele/A-STUDY-INTO-THE-QUALITY-AND-USABILITY-OF-PRIVACY-FRIENDLY-SYNTHETIC-DATA/.venv/lib/python3.12/site-packages/sklearn/metrics/_classification.py:1565)
2025-05-08 10:13:23,176 - INFO - Computed 8 metric(s) for SVM on Anonymous
2025-05-08 10:13:23,182 - INFO - Evaluation completed for all models.
2025-05-08 10:13:23,182 - INFO - Model evaluation completed in 101.56 seconds.
2025-05-08 10:13:23,185 - INFO - Evaluated models: ['DecisionTree', 'KNN', 'LogisticRegression', 'RandomForest', 'SVM']
2025-05-08 10:13:23,185 - INFO - Model Training and Evaluation completed.
2025-05-08 10:13:23,975 - INFO -  Visualizations saved.
2025-05-08 10:13:23,975 - INFO -  Benchmarking Completed. Results saved in output folder.
