2025-04-23 01:09:30,469 - INFO - Loaded config file: configs/generated_configs/loan/loan_synth_ep400_rows10x.yaml
2025-04-23 01:09:30,469 - INFO -  Benchmarking started for dataset: loan
2025-04-23 01:09:30,469 - INFO - Using dataset path: /mnt/NVMETank/Projects/Students/Dele/A-STUDY-INTO-THE-QUALITY-AND-USABILITY-OF-PRIVACY-FRIENDLY-SYNTHETIC-DATA/datasets/original/loan.csv
2025-04-23 01:09:30,469 - INFO - Target column: Loan_Status, separator: ','
2025-04-23 01:09:30,469 - INFO - Configuration loaded: enable_anonymization = False, enable_synthesis = True, enable_hybrid = False, enable_utility = True, delete_after_evaluation = True
2025-04-23 01:09:30,469 - INFO - Running preprocessing...
2025-04-23 01:09:30,473 - INFO - [PREPROCESSING] No preprocessed files found. Starting full preprocessing pipeline...
2025-04-23 01:09:30,484 - INFO - [PREPROCESSING] Missing value handling strategy: 'drop' applied.
2025-04-23 01:09:30,486 - INFO - [PREPROCESSING] Split data into train (336 rows) and test (144 rows). Test size: 0.3
2025-04-23 01:09:30,527 - INFO -  [PREPROCESSING] Saved raw train set to: datasets/train/loan_train_raw.csv
2025-04-23 01:09:30,527 - INFO -  [PREPROCESSING] Saved encoder to: artifacts/loan_binary_encoder.pkl
2025-04-23 01:09:30,527 - INFO -  [PREPROCESSING]Saved encoded train set to: datasets/cleaned/loan_cleaned.csv
2025-04-23 01:09:30,527 - INFO -  [PREPROCESSING] Saved encoded test set to: datasets/test/loan_test_set.csv
2025-04-23 01:09:30,527 - INFO - [PREPROCESSING] run_preprocessing finished executing.
2025-04-23 01:09:30,528 - INFO - Preprocessing completed. Rows before: 614, after: 336
2025-04-23 01:09:30,528 - INFO - Preprocessed data saved to: outputs/batch/loan_batch_2025-04-23_01-09-27/loan_synth_ep400_rows10x/preprocessing_report.txt
2025-04-23 01:09:30,528 - INFO - enable_anonymization = False
2025-04-23 01:09:30,528 - INFO - Anonymization Skipped (Disabled in Configuration).
2025-04-23 01:09:30,528 - INFO - enable_synthetic_generation = True
2025-04-23 01:09:30,528 - INFO - Starting standard Synthetic Data Generation pipeline...
2025-04-23 01:09:30,529 - INFO - Executing run_synthetic.....
2025-04-23 01:09:30,529 - INFO - [SYNTHETIC PIPELINE] executing run_synthetic for loan...
2025-04-23 01:09:30,529 - INFO - [SYNTHETIC] Processing dataset: loan
2025-04-23 01:09:30,529 - INFO - [SYNTHETIC] Original dataset size: 336 rows
2025-04-23 01:09:30,542 - INFO - Detected metadata:
2025-04-23 01:09:30,542 - INFO - {
    "METADATA_SPEC_VERSION": "SINGLE_TABLE_V1",
    "columns": {
        "Loan_ID_0": {
            "sdtype": "categorical"
        },
        "Loan_ID_1": {
            "sdtype": "categorical"
        },
        "Loan_ID_2": {
            "sdtype": "categorical"
        },
        "Loan_ID_3": {
            "sdtype": "categorical"
        },
        "Loan_ID_4": {
            "sdtype": "categorical"
        },
        "Loan_ID_5": {
            "sdtype": "categorical"
        },
        "Loan_ID_6": {
            "sdtype": "categorical"
        },
        "Loan_ID_7": {
            "sdtype": "categorical"
        },
        "Loan_ID_8": {
            "sdtype": "categorical"
        },
        "Gender_0": {
            "sdtype": "categorical"
        },
        "Gender_1": {
            "sdtype": "categorical"
        },
        "Married_0": {
            "sdtype": "categorical"
        },
        "Married_1": {
            "sdtype": "categorical"
        },
        "Dependents_0": {
            "sdtype": "categorical"
        },
        "Dependents_1": {
            "sdtype": "categorical"
        },
        "Dependents_2": {
            "sdtype": "categorical"
        },
        "Education_0": {
            "sdtype": "categorical"
        },
        "Education_1": {
            "sdtype": "categorical"
        },
        "Self_Employed_0": {
            "sdtype": "categorical"
        },
        "Self_Employed_1": {
            "sdtype": "categorical"
        },
        "ApplicantIncome": {
            "sdtype": "numerical"
        },
        "CoapplicantIncome": {
            "sdtype": "numerical"
        },
        "LoanAmount": {
            "sdtype": "numerical"
        },
        "Loan_Amount_Term": {
            "sdtype": "categorical"
        },
        "Credit_History": {
            "sdtype": "categorical"
        },
        "Property_Area_0": {
            "sdtype": "categorical"
        },
        "Property_Area_1": {
            "sdtype": "categorical"
        },
        "Loan_Status": {
            "sdtype": "categorical"
        }
    }
}
2025-04-23 01:09:30,542 - INFO - [SYNTHETIC] Preparing synthesizer: CTGAN
2025-04-23 01:09:30,542 - INFO - [SYNTHETIC] Params from config: {'epochs': 400}
2025-04-23 01:09:30,542 - INFO -  [SYNTHETIC] No pre-trained synthesizer found
2025-04-23 01:09:30,542 - INFO - [SYNTHETIC] Training new CTGAN synthesizer from scratch...
2025-04-23 01:09:30,542 - WARNING - [FutureWarning] The 'SingleTableMetadata' is deprecated. Please use the new 'Metadata' class for synthesizers. (from /mnt/NVMETank/Projects/Students/Dele/A-STUDY-INTO-THE-QUALITY-AND-USABILITY-OF-PRIVACY-FRIENDLY-SYNTHETIC-DATA/.venv/lib/python3.12/site-packages/sdv/single_table/base.py:119)
2025-04-23 01:09:30,542 - WARNING - [UserWarning] We strongly recommend saving the metadata using 'save_to_json' for replicability in future SDV versions. (from /mnt/NVMETank/Projects/Students/Dele/A-STUDY-INTO-THE-QUALITY-AND-USABILITY-OF-PRIVACY-FRIENDLY-SYNTHETIC-DATA/.venv/lib/python3.12/site-packages/sdv/single_table/base.py:104)
2025-04-23 01:09:30,547 - INFO - {'EVENT': 'Instance', 'TIMESTAMP': datetime.datetime(2025, 4, 23, 1, 9, 30, 547039), 'SYNTHESIZER CLASS NAME': 'CTGANSynthesizer', 'SYNTHESIZER ID': 'CTGANSynthesizer_1.18.0_9d3d009df771461088776b5ac59efca0'}
2025-04-23 01:09:30,547 - INFO - [SYNTHETIC] CTGAN initialized with epochs: 400
2025-04-23 01:09:30,547 - INFO - [SYNTHETIC] Training parameters for CTGAN: {}
2025-04-23 01:09:30,547 - INFO - [SYNTHETIC] fitting CTGAN 
2025-04-23 01:09:30,547 - INFO - {'EVENT': 'Fit', 'TIMESTAMP': datetime.datetime(2025, 4, 23, 1, 9, 30, 547260), 'SYNTHESIZER CLASS NAME': 'CTGANSynthesizer', 'SYNTHESIZER ID': 'CTGANSynthesizer_1.18.0_9d3d009df771461088776b5ac59efca0', 'TOTAL NUMBER OF TABLES': 1, 'TOTAL NUMBER OF ROWS': 336, 'TOTAL NUMBER OF COLUMNS': 28}
2025-04-23 01:09:30,548 - INFO - Fitting table  metadata
2025-04-23 01:09:30,548 - INFO - Fitting formatters for table 
2025-04-23 01:09:30,550 - INFO - Fitting constraints for table 
2025-04-23 01:09:30,550 - INFO - Setting the configuration for the ``HyperTransformer`` for table 
2025-04-23 01:09:30,551 - INFO - Fitting HyperTransformer for table 
2025-04-23 01:09:30,566 - INFO - {'EVENT': 'Fit processed data', 'TIMESTAMP': datetime.datetime(2025, 4, 23, 1, 9, 30, 566129), 'SYNTHESIZER CLASS NAME': 'CTGANSynthesizer', 'SYNTHESIZER ID': 'CTGANSynthesizer_1.18.0_9d3d009df771461088776b5ac59efca0', 'TOTAL NUMBER OF TABLES': 1, 'TOTAL NUMBER OF ROWS': 336, 'TOTAL NUMBER OF COLUMNS': 28}
2025-04-23 01:09:30,680 - INFO - Guidance: There are no missing values in column ApplicantIncome. Extra column not created.
2025-04-23 01:09:30,799 - INFO - Guidance: There are no missing values in column CoapplicantIncome. Extra column not created.
2025-04-23 01:09:30,890 - INFO - Guidance: There are no missing values in column LoanAmount. Extra column not created.
2025-04-23 01:10:15,473 - INFO - [SYNTHETIC] Fitting complete for CTGAN. Duration: 44.93 seconds.
2025-04-23 01:10:15,473 - INFO - [SYNTHETIC] CONFIRMATION CTGAN actually trained with epochs = 400
2025-04-23 01:10:15,473 - INFO - {'EVENT': 'Save', 'TIMESTAMP': datetime.datetime(2025, 4, 23, 1, 10, 15, 473436), 'SYNTHESIZER CLASS NAME': 'CTGANSynthesizer', 'SYNTHESIZER ID': 'CTGANSynthesizer_1.18.0_9d3d009df771461088776b5ac59efca0'}
2025-04-23 01:10:15,511 - INFO - [SYNTHETIC] CTGAN trained and saved.
2025-04-23 01:10:15,511 - INFO - [SYNTHETIC] Preparing synthesizer: TVAE
2025-04-23 01:10:15,511 - INFO - [SYNTHETIC] Params from config: {'epochs': 400}
2025-04-23 01:10:15,511 - INFO -  [SYNTHETIC] No pre-trained synthesizer found
2025-04-23 01:10:15,511 - INFO - [SYNTHETIC] Training new TVAE synthesizer from scratch...
2025-04-23 01:10:15,511 - WARNING - [FutureWarning] The 'SingleTableMetadata' is deprecated. Please use the new 'Metadata' class for synthesizers. (from /mnt/NVMETank/Projects/Students/Dele/A-STUDY-INTO-THE-QUALITY-AND-USABILITY-OF-PRIVACY-FRIENDLY-SYNTHETIC-DATA/.venv/lib/python3.12/site-packages/sdv/single_table/base.py:119)
2025-04-23 01:10:15,514 - INFO - {'EVENT': 'Instance', 'TIMESTAMP': datetime.datetime(2025, 4, 23, 1, 10, 15, 513994), 'SYNTHESIZER CLASS NAME': 'TVAESynthesizer', 'SYNTHESIZER ID': 'TVAESynthesizer_1.18.0_81db4ce7d24143f2b7c3b42ecc812849'}
2025-04-23 01:10:15,514 - INFO - [SYNTHETIC] TVAE initialized with epochs: 400
2025-04-23 01:10:15,514 - INFO - [SYNTHETIC] Training parameters for TVAE: {}
2025-04-23 01:10:15,514 - INFO - [SYNTHETIC] fitting TVAE 
2025-04-23 01:10:15,514 - INFO - {'EVENT': 'Fit', 'TIMESTAMP': datetime.datetime(2025, 4, 23, 1, 10, 15, 514257), 'SYNTHESIZER CLASS NAME': 'TVAESynthesizer', 'SYNTHESIZER ID': 'TVAESynthesizer_1.18.0_81db4ce7d24143f2b7c3b42ecc812849', 'TOTAL NUMBER OF TABLES': 1, 'TOTAL NUMBER OF ROWS': 336, 'TOTAL NUMBER OF COLUMNS': 28}
2025-04-23 01:10:15,515 - INFO - Fitting table  metadata
2025-04-23 01:10:15,516 - INFO - Fitting formatters for table 
2025-04-23 01:10:15,517 - INFO - Fitting constraints for table 
2025-04-23 01:10:15,517 - INFO - Setting the configuration for the ``HyperTransformer`` for table 
2025-04-23 01:10:15,518 - INFO - Fitting HyperTransformer for table 
2025-04-23 01:10:15,531 - INFO - {'EVENT': 'Fit processed data', 'TIMESTAMP': datetime.datetime(2025, 4, 23, 1, 10, 15, 531118), 'SYNTHESIZER CLASS NAME': 'TVAESynthesizer', 'SYNTHESIZER ID': 'TVAESynthesizer_1.18.0_81db4ce7d24143f2b7c3b42ecc812849', 'TOTAL NUMBER OF TABLES': 1, 'TOTAL NUMBER OF ROWS': 336, 'TOTAL NUMBER OF COLUMNS': 28}
2025-04-23 01:10:15,553 - INFO - Guidance: There are no missing values in column ApplicantIncome. Extra column not created.
2025-04-23 01:10:15,634 - INFO - Guidance: There are no missing values in column CoapplicantIncome. Extra column not created.
2025-04-23 01:10:15,732 - INFO - Guidance: There are no missing values in column LoanAmount. Extra column not created.
2025-04-23 01:10:19,646 - INFO - [SYNTHETIC] Fitting complete for TVAE. Duration: 4.13 seconds.
2025-04-23 01:10:19,646 - INFO - [SYNTHETIC] CONFIRMATION TVAE actually trained with epochs = 400
2025-04-23 01:10:19,646 - INFO - {'EVENT': 'Save', 'TIMESTAMP': datetime.datetime(2025, 4, 23, 1, 10, 19, 646884), 'SYNTHESIZER CLASS NAME': 'TVAESynthesizer', 'SYNTHESIZER ID': 'TVAESynthesizer_1.18.0_81db4ce7d24143f2b7c3b42ecc812849'}
2025-04-23 01:10:19,676 - INFO - [SYNTHETIC] TVAE trained and saved.
2025-04-23 01:10:19,676 - INFO - [SYNTHETIC] Using CTGAN to generate 3360 rows...
2025-04-23 01:10:19,938 - INFO - {'EVENT': 'Sample', 'TIMESTAMP': datetime.datetime(2025, 4, 23, 1, 10, 19, 676749), 'SYNTHESIZER CLASS NAME': 'CTGANSynthesizer', 'SYNTHESIZER ID': 'CTGANSynthesizer_1.18.0_9d3d009df771461088776b5ac59efca0', 'TOTAL NUMBER OF TABLES': 1, 'TOTAL NUMBER OF ROWS': 3360, 'TOTAL NUMBER OF COLUMNS': 28}
2025-04-23 01:10:19,938 - INFO - [SYNTHETIC] CTGAN completed: 3360 rows generated.
2025-04-23 01:10:19,939 - INFO - [SYNTHETIC] Target class distribution for CTGAN: {'Y': 2692, 'N': 668}
2025-04-23 01:10:19,939 - INFO - [SYNTHETIC] Using TVAE to generate 3360 rows...
2025-04-23 01:10:20,066 - INFO - {'EVENT': 'Sample', 'TIMESTAMP': datetime.datetime(2025, 4, 23, 1, 10, 19, 939424), 'SYNTHESIZER CLASS NAME': 'TVAESynthesizer', 'SYNTHESIZER ID': 'TVAESynthesizer_1.18.0_81db4ce7d24143f2b7c3b42ecc812849', 'TOTAL NUMBER OF TABLES': 1, 'TOTAL NUMBER OF ROWS': 3360, 'TOTAL NUMBER OF COLUMNS': 28}
2025-04-23 01:10:20,067 - INFO - [SYNTHETIC] TVAE completed: 3360 rows generated.
2025-04-23 01:10:20,067 - INFO - [SYNTHETIC] Target class distribution for TVAE: {'Y': 3328, 'N': 32}
2025-04-23 01:10:20,067 - INFO - [SYNTHETIC PIPELINE] Synthetic Data Generation Completed.
2025-04-23 01:10:20,068 - INFO - [SYNTHETIC PIPELINE] Synthesizers used: ['CTGAN', 'TVAE']
2025-04-23 01:10:20,068 - INFO - [SYNTHETIC PIPELINE] Evaluating synthetic dataset generated by CTGAN...
2025-04-23 01:10:20,068 - INFO - [SYNTHETIC EVAL] Real data columns     (28): ['Loan_ID_0', 'Loan_ID_1', 'Loan_ID_2', 'Loan_ID_3', 'Loan_ID_4', 'Loan_ID_5', 'Loan_ID_6', 'Loan_ID_7', 'Loan_ID_8', 'Gender_0', 'Gender_1', 'Married_0', 'Married_1', 'Dependents_0', 'Dependents_1', 'Dependents_2', 'Education_0', 'Education_1', 'Self_Employed_0', 'Self_Employed_1', 'ApplicantIncome', 'CoapplicantIncome', 'LoanAmount', 'Loan_Amount_Term', 'Credit_History', 'Property_Area_0', 'Property_Area_1', 'Loan_Status']
2025-04-23 01:10:20,068 - INFO - [SYNTHETIC EVAL] Synthetic data columns (28): ['Loan_ID_0', 'Loan_ID_1', 'Loan_ID_2', 'Loan_ID_3', 'Loan_ID_4', 'Loan_ID_5', 'Loan_ID_6', 'Loan_ID_7', 'Loan_ID_8', 'Gender_0', 'Gender_1', 'Married_0', 'Married_1', 'Dependents_0', 'Dependents_1', 'Dependents_2', 'Education_0', 'Education_1', 'Self_Employed_0', 'Self_Employed_1', 'ApplicantIncome', 'CoapplicantIncome', 'LoanAmount', 'Loan_Amount_Term', 'Credit_History', 'Property_Area_0', 'Property_Area_1', 'Loan_Status']
2025-04-23 01:10:20,068 - INFO - [SYNTHETIC EVAL] Metadata columns      (28): ['Loan_ID_0', 'Loan_ID_1', 'Loan_ID_2', 'Loan_ID_3', 'Loan_ID_4', 'Loan_ID_5', 'Loan_ID_6', 'Loan_ID_7', 'Loan_ID_8', 'Gender_0', 'Gender_1', 'Married_0', 'Married_1', 'Dependents_0', 'Dependents_1', 'Dependents_2', 'Education_0', 'Education_1', 'Self_Employed_0', 'Self_Employed_1', 'ApplicantIncome', 'CoapplicantIncome', 'LoanAmount', 'Loan_Amount_Term', 'Credit_History', 'Property_Area_0', 'Property_Area_1', 'Loan_Status']
2025-04-23 01:10:20,068 - INFO - [SYNTHETIC EVAL] Shape — Real: (336, 28), Synthetic: (3360, 28)
2025-04-23 01:10:20,068 - INFO - [SYNTHETIC EVAL] Metadata structure:
{
  "METADATA_SPEC_VERSION": "SINGLE_TABLE_V1",
  "columns": {
    "Loan_ID_0": {
      "sdtype": "categorical"
    },
    "Loan_ID_1": {
      "sdtype": "categorical"
    },
    "Loan_ID_2": {
      "sdtype": "categorical"
    },
    "Loan_ID_3": {
      "sdtype": "categorical"
    },
    "Loan_ID_4": {
      "sdtype": "categorical"
    },
    "Loan_ID_5": {
      "sdtype": "categorical"
    },
    "Loan_ID_6": {
      "sdtype": "categorical"
    },
    "Loan_ID_7": {
      "sdtype": "categorical"
    },
    "Loan_ID_8": {
      "sdtype": "categorical"
    },
    "Gender_0": {
      "sdtype": "categorical"
    },
    "Gender_1": {
      "sdtype": "categorical"
    },
    "Married_0": {
      "sdtype": "categorical"
    },
    "Married_1": {
      "sdtype": "categorical"
    },
    "Dependents_0": {
      "sdtype": "categorical"
    },
    "Dependents_1": {
      "sdtype": "categorical"
    },
    "Dependents_2": {
      "sdtype": "categorical"
    },
    "Education_0": {
      "sdtype": "categorical"
    },
    "Education_1": {
      "sdtype": "categorical"
    },
    "Self_Employed_0": {
      "sdtype": "categorical"
    },
    "Self_Employed_1": {
      "sdtype": "categorical"
    },
    "ApplicantIncome": {
      "sdtype": "numerical"
    },
    "CoapplicantIncome": {
      "sdtype": "numerical"
    },
    "LoanAmount": {
      "sdtype": "numerical"
    },
    "Loan_Amount_Term": {
      "sdtype": "categorical"
    },
    "Credit_History": {
      "sdtype": "categorical"
    },
    "Property_Area_0": {
      "sdtype": "categorical"
    },
    "Property_Area_1": {
      "sdtype": "categorical"
    },
    "Loan_Status": {
      "sdtype": "categorical"
    }
  }
}
2025-04-23 01:10:20,946 - INFO - [SYNTHETIC PIPELINE] Evaluating synthetic dataset generated by TVAE...
2025-04-23 01:10:20,946 - INFO - [SYNTHETIC EVAL] Real data columns     (28): ['Loan_ID_0', 'Loan_ID_1', 'Loan_ID_2', 'Loan_ID_3', 'Loan_ID_4', 'Loan_ID_5', 'Loan_ID_6', 'Loan_ID_7', 'Loan_ID_8', 'Gender_0', 'Gender_1', 'Married_0', 'Married_1', 'Dependents_0', 'Dependents_1', 'Dependents_2', 'Education_0', 'Education_1', 'Self_Employed_0', 'Self_Employed_1', 'ApplicantIncome', 'CoapplicantIncome', 'LoanAmount', 'Loan_Amount_Term', 'Credit_History', 'Property_Area_0', 'Property_Area_1', 'Loan_Status']
2025-04-23 01:10:20,947 - INFO - [SYNTHETIC EVAL] Synthetic data columns (28): ['Loan_ID_0', 'Loan_ID_1', 'Loan_ID_2', 'Loan_ID_3', 'Loan_ID_4', 'Loan_ID_5', 'Loan_ID_6', 'Loan_ID_7', 'Loan_ID_8', 'Gender_0', 'Gender_1', 'Married_0', 'Married_1', 'Dependents_0', 'Dependents_1', 'Dependents_2', 'Education_0', 'Education_1', 'Self_Employed_0', 'Self_Employed_1', 'ApplicantIncome', 'CoapplicantIncome', 'LoanAmount', 'Loan_Amount_Term', 'Credit_History', 'Property_Area_0', 'Property_Area_1', 'Loan_Status']
2025-04-23 01:10:20,947 - INFO - [SYNTHETIC EVAL] Metadata columns      (28): ['Loan_ID_0', 'Loan_ID_1', 'Loan_ID_2', 'Loan_ID_3', 'Loan_ID_4', 'Loan_ID_5', 'Loan_ID_6', 'Loan_ID_7', 'Loan_ID_8', 'Gender_0', 'Gender_1', 'Married_0', 'Married_1', 'Dependents_0', 'Dependents_1', 'Dependents_2', 'Education_0', 'Education_1', 'Self_Employed_0', 'Self_Employed_1', 'ApplicantIncome', 'CoapplicantIncome', 'LoanAmount', 'Loan_Amount_Term', 'Credit_History', 'Property_Area_0', 'Property_Area_1', 'Loan_Status']
2025-04-23 01:10:20,947 - INFO - [SYNTHETIC EVAL] Shape — Real: (336, 28), Synthetic: (3360, 28)
2025-04-23 01:10:20,947 - INFO - [SYNTHETIC EVAL] Metadata structure:
{
  "METADATA_SPEC_VERSION": "SINGLE_TABLE_V1",
  "columns": {
    "Loan_ID_0": {
      "sdtype": "categorical"
    },
    "Loan_ID_1": {
      "sdtype": "categorical"
    },
    "Loan_ID_2": {
      "sdtype": "categorical"
    },
    "Loan_ID_3": {
      "sdtype": "categorical"
    },
    "Loan_ID_4": {
      "sdtype": "categorical"
    },
    "Loan_ID_5": {
      "sdtype": "categorical"
    },
    "Loan_ID_6": {
      "sdtype": "categorical"
    },
    "Loan_ID_7": {
      "sdtype": "categorical"
    },
    "Loan_ID_8": {
      "sdtype": "categorical"
    },
    "Gender_0": {
      "sdtype": "categorical"
    },
    "Gender_1": {
      "sdtype": "categorical"
    },
    "Married_0": {
      "sdtype": "categorical"
    },
    "Married_1": {
      "sdtype": "categorical"
    },
    "Dependents_0": {
      "sdtype": "categorical"
    },
    "Dependents_1": {
      "sdtype": "categorical"
    },
    "Dependents_2": {
      "sdtype": "categorical"
    },
    "Education_0": {
      "sdtype": "categorical"
    },
    "Education_1": {
      "sdtype": "categorical"
    },
    "Self_Employed_0": {
      "sdtype": "categorical"
    },
    "Self_Employed_1": {
      "sdtype": "categorical"
    },
    "ApplicantIncome": {
      "sdtype": "numerical"
    },
    "CoapplicantIncome": {
      "sdtype": "numerical"
    },
    "LoanAmount": {
      "sdtype": "numerical"
    },
    "Loan_Amount_Term": {
      "sdtype": "categorical"
    },
    "Credit_History": {
      "sdtype": "categorical"
    },
    "Property_Area_0": {
      "sdtype": "categorical"
    },
    "Property_Area_1": {
      "sdtype": "categorical"
    },
    "Loan_Status": {
      "sdtype": "categorical"
    }
  }
}
2025-04-23 01:10:21,726 - INFO -  [SYNTHETIC PIPELINE]  Synthetic Data Evaluation Completed.
2025-04-23 01:10:21,732 - INFO -  [SYNTHETIC PIPELINE] Synthetic Data Report Generated Successfully.
2025-04-23 01:10:21,830 - INFO - Synthetic data generated with 2 synthesizer(s).
2025-04-23 01:10:21,830 - INFO - Hybrid Pipeline skipped (disabled in configuration).
2025-04-23 01:10:21,830 - INFO - Starting Utility...
2025-04-23 01:10:21,830 - INFO - [UTILITY] Preparing datasets for machine learning...
2025-04-23 01:10:21,831 - INFO - [UTILITY] Original Data - Training Size: 336, Testing Size: 144
2025-04-23 01:10:21,831 - INFO - [UTILITY] Target class distribution (Original): {'Y': 232, 'N': 104}
2025-04-23 01:10:21,831 - INFO - [UTILITY] Processing synthetic dataset generated by CTGAN...
2025-04-23 01:10:21,832 - INFO - [UTILITY] Synthetic Data (CTGAN) - Training Size: 3360
2025-04-23 01:10:21,832 - INFO - [UTILITY] Target class distribution (CTGAN): {'Y': 2692, 'N': 668}
2025-04-23 01:10:21,832 - INFO - [UTILITY] Processing synthetic dataset generated by TVAE...
2025-04-23 01:10:21,833 - INFO - [UTILITY] Synthetic Data (TVAE) - Training Size: 3360
2025-04-23 01:10:21,833 - INFO - [UTILITY] Target class distribution (TVAE): {'Y': 3328, 'N': 32}
2025-04-23 01:10:21,833 - INFO - [UTILITY] Training models on all datasets...
2025-04-23 01:10:21,833 - INFO - [UTILITY] Total datasets used for training: 3
2025-04-23 01:10:21,833 - INFO - [TRAINING] Training models from scratch...
2025-04-23 01:10:21,834 - INFO - [TRAINING] Starting training for dataset: Original — Rows: 336, Features: 27
2025-04-23 01:10:21,834 - INFO - [TRAINING] Training DecisionTree on Original...
2025-04-23 01:10:21,836 - INFO - [TRAINING] DecisionTree trained successfully on Original in 0.00 sec
2025-04-23 01:10:21,836 - INFO - [TRAINING] Training KNN on Original...
2025-04-23 01:10:21,837 - INFO - [TRAINING] KNN trained successfully on Original in 0.00 sec
2025-04-23 01:10:21,837 - INFO - [TRAINING] Training LogisticRegression on Original...
2025-04-23 01:10:21,841 - INFO - [TRAINING] LogisticRegression trained successfully on Original in 0.00 sec
2025-04-23 01:10:21,841 - INFO - [TRAINING] Training RandomForest on Original...
2025-04-23 01:10:21,960 - INFO - [TRAINING] RandomForest trained successfully on Original in 0.12 sec
2025-04-23 01:10:21,960 - INFO - [TRAINING] Training SVM on Original...
2025-04-23 01:10:21,965 - INFO - [TRAINING] SVM trained successfully on Original in 0.00 sec
2025-04-23 01:10:21,965 - INFO - [TRAINING] Finished training 5 model(s) for dataset: Original
2025-04-23 01:10:21,965 - INFO - [TRAINING] Starting training for dataset: CTGAN — Rows: 3360, Features: 27
2025-04-23 01:10:21,965 - INFO - [TRAINING] Training DecisionTree on CTGAN...
2025-04-23 01:10:21,982 - INFO - [TRAINING] DecisionTree trained successfully on CTGAN in 0.02 sec
2025-04-23 01:10:21,982 - INFO - [TRAINING] Training KNN on CTGAN...
2025-04-23 01:10:21,984 - INFO - [TRAINING] KNN trained successfully on CTGAN in 0.00 sec
2025-04-23 01:10:21,984 - INFO - [TRAINING] Training LogisticRegression on CTGAN...
2025-04-23 01:10:21,990 - INFO - [TRAINING] LogisticRegression trained successfully on CTGAN in 0.01 sec
2025-04-23 01:10:21,990 - INFO - [TRAINING] Training RandomForest on CTGAN...
2025-04-23 01:10:22,306 - INFO - [TRAINING] RandomForest trained successfully on CTGAN in 0.32 sec
2025-04-23 01:10:22,306 - INFO - [TRAINING] Training SVM on CTGAN...
2025-04-23 01:10:22,469 - INFO - [TRAINING] SVM trained successfully on CTGAN in 0.16 sec
2025-04-23 01:10:22,469 - INFO - [TRAINING] Finished training 5 model(s) for dataset: CTGAN
2025-04-23 01:10:22,469 - INFO - [TRAINING] Starting training for dataset: TVAE — Rows: 3360, Features: 27
2025-04-23 01:10:22,469 - INFO - [TRAINING] Training DecisionTree on TVAE...
2025-04-23 01:10:22,477 - INFO - [TRAINING] DecisionTree trained successfully on TVAE in 0.01 sec
2025-04-23 01:10:22,477 - INFO - [TRAINING] Training KNN on TVAE...
2025-04-23 01:10:22,480 - INFO - [TRAINING] KNN trained successfully on TVAE in 0.00 sec
2025-04-23 01:10:22,480 - INFO - [TRAINING] Training LogisticRegression on TVAE...
2025-04-23 01:10:22,489 - INFO - [TRAINING] LogisticRegression trained successfully on TVAE in 0.01 sec
2025-04-23 01:10:22,489 - INFO - [TRAINING] Training RandomForest on TVAE...
2025-04-23 01:10:22,619 - INFO - [TRAINING] RandomForest trained successfully on TVAE in 0.13 sec
2025-04-23 01:10:22,619 - INFO - [TRAINING] Training SVM on TVAE...
2025-04-23 01:10:22,631 - INFO - [TRAINING] SVM trained successfully on TVAE in 0.01 sec
2025-04-23 01:10:22,631 - INFO - [TRAINING] Finished training 5 model(s) for dataset: TVAE
2025-04-23 01:10:22,631 - INFO - [TRAINING] Total models trained across all datasets: 15
2025-04-23 01:10:22,631 - INFO - [UTILITY] Trained model names: ['Original', 'CTGAN', 'TVAE']
2025-04-23 01:10:22,631 - INFO - [UTILITY] Model Training Completed.
2025-04-23 01:10:22,631 - INFO - Starting the Evaluating of models...
2025-04-23 01:10:22,631 - INFO - Preparing evaluation for model 'DecisionTree' across all datasets...
2025-04-23 01:10:22,631 - INFO - Evaluating DecisionTree on Original...
2025-04-23 01:10:22,633 - INFO - Predictions completed for DecisionTree on Original
2025-04-23 01:10:22,633 - INFO - Prediction distribution for DecisionTree on Original: {'Y': 104, 'N': 40}
2025-04-23 01:10:22,642 - INFO - Computed 8 metric(s) for DecisionTree on Original
2025-04-23 01:10:22,642 - INFO - Evaluating DecisionTree on CTGAN...
2025-04-23 01:10:22,644 - INFO - Predictions completed for DecisionTree on CTGAN
2025-04-23 01:10:22,644 - INFO - Prediction distribution for DecisionTree on CTGAN: {'Y': 125, 'N': 19}
2025-04-23 01:10:22,653 - INFO - Computed 8 metric(s) for DecisionTree on CTGAN
2025-04-23 01:10:22,653 - INFO - Evaluating DecisionTree on TVAE...
2025-04-23 01:10:22,654 - INFO - Predictions completed for DecisionTree on TVAE
2025-04-23 01:10:22,655 - INFO - Prediction distribution for DecisionTree on TVAE: {'Y': 131, 'N': 13}
2025-04-23 01:10:22,663 - INFO - Computed 8 metric(s) for DecisionTree on TVAE
2025-04-23 01:10:22,663 - INFO - Preparing evaluation for model 'KNN' across all datasets...
2025-04-23 01:10:22,664 - INFO - Evaluating KNN on Original...
2025-04-23 01:10:22,670 - INFO - Predictions completed for KNN on Original
2025-04-23 01:10:22,670 - INFO - Prediction distribution for KNN on Original: {'Y': 115, 'N': 29}
2025-04-23 01:10:22,682 - INFO - Computed 8 metric(s) for KNN on Original
2025-04-23 01:10:22,682 - INFO - Evaluating KNN on CTGAN...
2025-04-23 01:10:22,690 - INFO - Predictions completed for KNN on CTGAN
2025-04-23 01:10:22,690 - INFO - Prediction distribution for KNN on CTGAN: {'Y': 133, 'N': 11}
2025-04-23 01:10:22,702 - INFO - Computed 8 metric(s) for KNN on CTGAN
2025-04-23 01:10:22,702 - INFO - Evaluating KNN on TVAE...
2025-04-23 01:10:22,709 - INFO - Predictions completed for KNN on TVAE
2025-04-23 01:10:22,709 - INFO - Prediction distribution for KNN on TVAE: {'Y': 144}
2025-04-23 01:10:22,709 - WARNING -  [WARNING] :KNN on TVAE predicted only one class: {'Y'}
2025-04-23 01:10:22,711 - WARNING - [UndefinedMetricWarning] Precision is ill-defined and being set to 0.0 in labels with no predicted samples. Use `zero_division` parameter to control this behavior. (from /mnt/NVMETank/Projects/Students/Dele/A-STUDY-INTO-THE-QUALITY-AND-USABILITY-OF-PRIVACY-FRIENDLY-SYNTHETIC-DATA/.venv/lib/python3.12/site-packages/sklearn/metrics/_classification.py:1565)
2025-04-23 01:10:22,712 - WARNING - [UndefinedMetricWarning] Precision is ill-defined and being set to 0.0 in labels with no predicted samples. Use `zero_division` parameter to control this behavior. (from /mnt/NVMETank/Projects/Students/Dele/A-STUDY-INTO-THE-QUALITY-AND-USABILITY-OF-PRIVACY-FRIENDLY-SYNTHETIC-DATA/.venv/lib/python3.12/site-packages/sklearn/metrics/_classification.py:1565)
2025-04-23 01:10:22,713 - WARNING - [UndefinedMetricWarning] Precision is ill-defined and being set to 0.0 in labels with no predicted samples. Use `zero_division` parameter to control this behavior. (from /mnt/NVMETank/Projects/Students/Dele/A-STUDY-INTO-THE-QUALITY-AND-USABILITY-OF-PRIVACY-FRIENDLY-SYNTHETIC-DATA/.venv/lib/python3.12/site-packages/sklearn/metrics/_classification.py:1565)
2025-04-23 01:10:22,721 - INFO - Computed 8 metric(s) for KNN on TVAE
2025-04-23 01:10:22,721 - INFO - Preparing evaluation for model 'LogisticRegression' across all datasets...
2025-04-23 01:10:22,721 - INFO - Evaluating LogisticRegression on Original...
2025-04-23 01:10:22,723 - INFO - Predictions completed for LogisticRegression on Original
2025-04-23 01:10:22,723 - INFO - Prediction distribution for LogisticRegression on Original: {'Y': 118, 'N': 26}
2025-04-23 01:10:22,732 - INFO - Computed 8 metric(s) for LogisticRegression on Original
2025-04-23 01:10:22,732 - INFO - Evaluating LogisticRegression on CTGAN...
2025-04-23 01:10:22,733 - INFO - Predictions completed for LogisticRegression on CTGAN
2025-04-23 01:10:22,733 - INFO - Prediction distribution for LogisticRegression on CTGAN: {'Y': 144}
2025-04-23 01:10:22,734 - WARNING -  [WARNING] :LogisticRegression on CTGAN predicted only one class: {'Y'}
2025-04-23 01:10:22,735 - WARNING - [UndefinedMetricWarning] Precision is ill-defined and being set to 0.0 in labels with no predicted samples. Use `zero_division` parameter to control this behavior. (from /mnt/NVMETank/Projects/Students/Dele/A-STUDY-INTO-THE-QUALITY-AND-USABILITY-OF-PRIVACY-FRIENDLY-SYNTHETIC-DATA/.venv/lib/python3.12/site-packages/sklearn/metrics/_classification.py:1565)
2025-04-23 01:10:22,736 - WARNING - [UndefinedMetricWarning] Precision is ill-defined and being set to 0.0 in labels with no predicted samples. Use `zero_division` parameter to control this behavior. (from /mnt/NVMETank/Projects/Students/Dele/A-STUDY-INTO-THE-QUALITY-AND-USABILITY-OF-PRIVACY-FRIENDLY-SYNTHETIC-DATA/.venv/lib/python3.12/site-packages/sklearn/metrics/_classification.py:1565)
2025-04-23 01:10:22,738 - WARNING - [UndefinedMetricWarning] Precision is ill-defined and being set to 0.0 in labels with no predicted samples. Use `zero_division` parameter to control this behavior. (from /mnt/NVMETank/Projects/Students/Dele/A-STUDY-INTO-THE-QUALITY-AND-USABILITY-OF-PRIVACY-FRIENDLY-SYNTHETIC-DATA/.venv/lib/python3.12/site-packages/sklearn/metrics/_classification.py:1565)
2025-04-23 01:10:22,742 - INFO - Computed 8 metric(s) for LogisticRegression on CTGAN
2025-04-23 01:10:22,743 - INFO - Evaluating LogisticRegression on TVAE...
2025-04-23 01:10:22,744 - INFO - Predictions completed for LogisticRegression on TVAE
2025-04-23 01:10:22,744 - INFO - Prediction distribution for LogisticRegression on TVAE: {'Y': 137, 'N': 7}
2025-04-23 01:10:22,753 - INFO - Computed 8 metric(s) for LogisticRegression on TVAE
2025-04-23 01:10:22,753 - INFO - Preparing evaluation for model 'RandomForest' across all datasets...
2025-04-23 01:10:22,753 - INFO - Evaluating RandomForest on Original...
2025-04-23 01:10:22,758 - INFO - Predictions completed for RandomForest on Original
2025-04-23 01:10:22,759 - INFO - Prediction distribution for RandomForest on Original: {'Y': 116, 'N': 28}
2025-04-23 01:10:22,775 - INFO - Computed 8 metric(s) for RandomForest on Original
2025-04-23 01:10:22,775 - INFO - Evaluating RandomForest on CTGAN...
2025-04-23 01:10:22,781 - INFO - Predictions completed for RandomForest on CTGAN
2025-04-23 01:10:22,781 - INFO - Prediction distribution for RandomForest on CTGAN: {'Y': 144}
2025-04-23 01:10:22,781 - WARNING -  [WARNING] :RandomForest on CTGAN predicted only one class: {'Y'}
2025-04-23 01:10:22,783 - WARNING - [UndefinedMetricWarning] Precision is ill-defined and being set to 0.0 in labels with no predicted samples. Use `zero_division` parameter to control this behavior. (from /mnt/NVMETank/Projects/Students/Dele/A-STUDY-INTO-THE-QUALITY-AND-USABILITY-OF-PRIVACY-FRIENDLY-SYNTHETIC-DATA/.venv/lib/python3.12/site-packages/sklearn/metrics/_classification.py:1565)
2025-04-23 01:10:22,784 - WARNING - [UndefinedMetricWarning] Precision is ill-defined and being set to 0.0 in labels with no predicted samples. Use `zero_division` parameter to control this behavior. (from /mnt/NVMETank/Projects/Students/Dele/A-STUDY-INTO-THE-QUALITY-AND-USABILITY-OF-PRIVACY-FRIENDLY-SYNTHETIC-DATA/.venv/lib/python3.12/site-packages/sklearn/metrics/_classification.py:1565)
2025-04-23 01:10:22,786 - WARNING - [UndefinedMetricWarning] Precision is ill-defined and being set to 0.0 in labels with no predicted samples. Use `zero_division` parameter to control this behavior. (from /mnt/NVMETank/Projects/Students/Dele/A-STUDY-INTO-THE-QUALITY-AND-USABILITY-OF-PRIVACY-FRIENDLY-SYNTHETIC-DATA/.venv/lib/python3.12/site-packages/sklearn/metrics/_classification.py:1565)
2025-04-23 01:10:22,800 - INFO - Computed 8 metric(s) for RandomForest on CTGAN
2025-04-23 01:10:22,800 - INFO - Evaluating RandomForest on TVAE...
2025-04-23 01:10:22,805 - INFO - Predictions completed for RandomForest on TVAE
2025-04-23 01:10:22,805 - INFO - Prediction distribution for RandomForest on TVAE: {'Y': 137, 'N': 7}
2025-04-23 01:10:22,822 - INFO - Computed 8 metric(s) for RandomForest on TVAE
2025-04-23 01:10:22,822 - INFO - Preparing evaluation for model 'SVM' across all datasets...
2025-04-23 01:10:22,822 - INFO - Evaluating SVM on Original...
2025-04-23 01:10:22,824 - INFO - Predictions completed for SVM on Original
2025-04-23 01:10:22,825 - INFO - Prediction distribution for SVM on Original: {'Y': 144}
2025-04-23 01:10:22,825 - WARNING -  [WARNING] :SVM on Original predicted only one class: {'Y'}
2025-04-23 01:10:22,826 - WARNING - [UndefinedMetricWarning] Precision is ill-defined and being set to 0.0 in labels with no predicted samples. Use `zero_division` parameter to control this behavior. (from /mnt/NVMETank/Projects/Students/Dele/A-STUDY-INTO-THE-QUALITY-AND-USABILITY-OF-PRIVACY-FRIENDLY-SYNTHETIC-DATA/.venv/lib/python3.12/site-packages/sklearn/metrics/_classification.py:1565)
2025-04-23 01:10:22,828 - WARNING - [UndefinedMetricWarning] Precision is ill-defined and being set to 0.0 in labels with no predicted samples. Use `zero_division` parameter to control this behavior. (from /mnt/NVMETank/Projects/Students/Dele/A-STUDY-INTO-THE-QUALITY-AND-USABILITY-OF-PRIVACY-FRIENDLY-SYNTHETIC-DATA/.venv/lib/python3.12/site-packages/sklearn/metrics/_classification.py:1565)
2025-04-23 01:10:22,829 - WARNING - [UndefinedMetricWarning] Precision is ill-defined and being set to 0.0 in labels with no predicted samples. Use `zero_division` parameter to control this behavior. (from /mnt/NVMETank/Projects/Students/Dele/A-STUDY-INTO-THE-QUALITY-AND-USABILITY-OF-PRIVACY-FRIENDLY-SYNTHETIC-DATA/.venv/lib/python3.12/site-packages/sklearn/metrics/_classification.py:1565)
2025-04-23 01:10:22,831 - INFO - Computed 8 metric(s) for SVM on Original
2025-04-23 01:10:22,831 - INFO - Evaluating SVM on CTGAN...
2025-04-23 01:10:22,840 - INFO - Predictions completed for SVM on CTGAN
2025-04-23 01:10:22,840 - INFO - Prediction distribution for SVM on CTGAN: {'Y': 144}
2025-04-23 01:10:22,841 - WARNING -  [WARNING] :SVM on CTGAN predicted only one class: {'Y'}
2025-04-23 01:10:22,842 - WARNING - [UndefinedMetricWarning] Precision is ill-defined and being set to 0.0 in labels with no predicted samples. Use `zero_division` parameter to control this behavior. (from /mnt/NVMETank/Projects/Students/Dele/A-STUDY-INTO-THE-QUALITY-AND-USABILITY-OF-PRIVACY-FRIENDLY-SYNTHETIC-DATA/.venv/lib/python3.12/site-packages/sklearn/metrics/_classification.py:1565)
2025-04-23 01:10:22,843 - WARNING - [UndefinedMetricWarning] Precision is ill-defined and being set to 0.0 in labels with no predicted samples. Use `zero_division` parameter to control this behavior. (from /mnt/NVMETank/Projects/Students/Dele/A-STUDY-INTO-THE-QUALITY-AND-USABILITY-OF-PRIVACY-FRIENDLY-SYNTHETIC-DATA/.venv/lib/python3.12/site-packages/sklearn/metrics/_classification.py:1565)
2025-04-23 01:10:22,845 - WARNING - [UndefinedMetricWarning] Precision is ill-defined and being set to 0.0 in labels with no predicted samples. Use `zero_division` parameter to control this behavior. (from /mnt/NVMETank/Projects/Students/Dele/A-STUDY-INTO-THE-QUALITY-AND-USABILITY-OF-PRIVACY-FRIENDLY-SYNTHETIC-DATA/.venv/lib/python3.12/site-packages/sklearn/metrics/_classification.py:1565)
2025-04-23 01:10:22,846 - INFO - Computed 8 metric(s) for SVM on CTGAN
2025-04-23 01:10:22,846 - INFO - Evaluating SVM on TVAE...
2025-04-23 01:10:22,848 - INFO - Predictions completed for SVM on TVAE
2025-04-23 01:10:22,848 - INFO - Prediction distribution for SVM on TVAE: {'Y': 144}
2025-04-23 01:10:22,848 - WARNING -  [WARNING] :SVM on TVAE predicted only one class: {'Y'}
2025-04-23 01:10:22,850 - WARNING - [UndefinedMetricWarning] Precision is ill-defined and being set to 0.0 in labels with no predicted samples. Use `zero_division` parameter to control this behavior. (from /mnt/NVMETank/Projects/Students/Dele/A-STUDY-INTO-THE-QUALITY-AND-USABILITY-OF-PRIVACY-FRIENDLY-SYNTHETIC-DATA/.venv/lib/python3.12/site-packages/sklearn/metrics/_classification.py:1565)
2025-04-23 01:10:22,851 - WARNING - [UndefinedMetricWarning] Precision is ill-defined and being set to 0.0 in labels with no predicted samples. Use `zero_division` parameter to control this behavior. (from /mnt/NVMETank/Projects/Students/Dele/A-STUDY-INTO-THE-QUALITY-AND-USABILITY-OF-PRIVACY-FRIENDLY-SYNTHETIC-DATA/.venv/lib/python3.12/site-packages/sklearn/metrics/_classification.py:1565)
2025-04-23 01:10:22,852 - WARNING - [UndefinedMetricWarning] Precision is ill-defined and being set to 0.0 in labels with no predicted samples. Use `zero_division` parameter to control this behavior. (from /mnt/NVMETank/Projects/Students/Dele/A-STUDY-INTO-THE-QUALITY-AND-USABILITY-OF-PRIVACY-FRIENDLY-SYNTHETIC-DATA/.venv/lib/python3.12/site-packages/sklearn/metrics/_classification.py:1565)
2025-04-23 01:10:22,854 - INFO - Computed 8 metric(s) for SVM on TVAE
2025-04-23 01:10:22,857 - INFO - Evaluation completed for all models.
2025-04-23 01:10:22,857 - INFO - Model evaluation completed in 0.23 seconds.
2025-04-23 01:10:22,859 - INFO - Evaluated models: ['DecisionTree', 'KNN', 'LogisticRegression', 'RandomForest', 'SVM']
2025-04-23 01:10:22,859 - INFO - Model Training and Evaluation completed.
2025-04-23 01:10:23,382 - INFO -  Visualizations saved.
2025-04-23 01:10:23,382 - INFO -  Benchmarking Completed. Results saved in output folder.
