2025-04-13 01:43:56,615 - INFO - Loaded config file: configs/generated_configs/crimeData/crimeData_anon_k5_l2_sl0.01.yaml
2025-04-13 01:43:56,616 - INFO -  Benchmarking started for dataset: crimeData
2025-04-13 01:43:56,616 - INFO - Configuration loaded: enable_anonymization = True, enable_synthesis = False
2025-04-13 01:43:56,616 - INFO - Running preprocessing...
2025-04-13 01:43:56,626 - INFO - Preprocessed files found. Skipping preprocessing.
2025-04-13 01:43:59,992 - INFO - Preprocessing completed. Rows before: 974477, after: 260402
2025-04-13 01:43:59,992 - INFO - enable_anonymization = None
2025-04-13 01:43:59,999 - INFO - Running Java Anonymization Program...........
2025-04-13 01:43:59,999 - INFO - Using JAR file at /mnt/NVMETank/Projects/Students/Dele/A-STUDY-INTO-THE-QUALITY-AND-USABILITY-OF-PRIVACY-FRIENDLY-SYNTHETIC-DATA/src/anonymization/anonymARXij/bin/anonymARXij.jar to anonymize the dataset.
2025-04-13 01:44:14,033 - INFO - Anonimized file saved to : /mnt/NVMETank/Projects/Students/Dele/A-STUDY-INTO-THE-QUALITY-AND-USABILITY-OF-PRIVACY-FRIENDLY-SYNTHETIC-DATA/datasets/anonymized/crimeData_k5_l2_sup01_anonymized.csv
2025-04-13 01:44:14,033 - INFO - Java anonymization completed successfully.
2025-04-13 01:44:14,033 - INFO - Anonymized data saved to: /mnt/NVMETank/Projects/Students/Dele/A-STUDY-INTO-THE-QUALITY-AND-USABILITY-OF-PRIVACY-FRIENDLY-SYNTHETIC-DATA/datasets/anonymized/crimeData_k5_l2_sup01_anonymized.csv
2025-04-13 01:44:16,108 - INFO - Loaded anonymized data: (260402, 12)
2025-04-13 01:44:17,928 - INFO - Encoding applied to anonymized data. Encoded shape: (260402, 44)
2025-04-13 01:44:20,198 - INFO - Encoded anonymized dataset saved to: /mnt/NVMETank/Projects/Students/Dele/A-STUDY-INTO-THE-QUALITY-AND-USABILITY-OF-PRIVACY-FRIENDLY-SYNTHETIC-DATA/datasets/anonymized/crimeData_k5_l2_sup01_anonymized_encoded.csv
2025-04-13 01:44:20,208 - INFO - Deleted anonymized dataset: /mnt/NVMETank/Projects/Students/Dele/A-STUDY-INTO-THE-QUALITY-AND-USABILITY-OF-PRIVACY-FRIENDLY-SYNTHETIC-DATA/datasets/anonymized/crimeData_k5_l2_sup01_anonymized.csv
2025-04-13 01:44:20,208 - INFO - enable_synthetic_generation = False
2025-04-13 01:44:20,212 - INFO - Synthetic Data Generation Skipped (Disabled in Configuration).
2025-04-13 01:44:20,212 - INFO - Synthetic data generated with 2 synthesizers.
2025-04-13 01:44:20,212 - INFO - Hybrid pipeline skipped (disabled in configuration).
2025-04-13 01:44:20,212 - INFO - Preparing datasets for machine learning...
2025-04-13 01:44:20,242 - INFO - Original Data - Training Size: 260402, Testing Size: 116461
2025-04-13 01:44:20,243 - INFO - Processing anonymized dataset...
2025-04-13 01:44:20,265 - INFO - Anonymized Data - Training Size: 260402
2025-04-13 01:44:20,265 - INFO - Training models on all datasets...
2025-04-13 08:22:04,190 - INFO - Model Training Completed.
2025-04-13 08:22:04,190 - INFO - Evaluating models...
