2025-04-12 18:16:55,363 - INFO - Loaded config file: configs/generated_configs/crimeData/crimeData_synth_ep5.yaml
2025-04-12 18:16:55,363 - INFO -  Benchmarking started for dataset: crimeData
2025-04-12 18:16:55,363 - INFO - Configuration loaded: enable_anonymization = False, enable_synthesis = True
2025-04-12 18:16:55,363 - INFO - Running preprocessing...
2025-04-12 18:16:55,368 - INFO - Preprocessed files found. Skipping preprocessing.
2025-04-12 18:16:57,734 - INFO - Preprocessing completed. Rows before: 974477, after: 260402
2025-04-12 18:16:57,734 - INFO - enable_anonymization = None
2025-04-12 18:16:57,734 - INFO - Anonymization Skipped (Disabled in Configuration).
2025-04-12 18:16:57,734 - INFO - enable_synthetic_generation = True
2025-04-12 18:16:57,734 - INFO - Starting Synthetic Data Generation Pipeline...
2025-04-12 18:16:57,974 - INFO - Detected metadata:
2025-04-12 18:16:57,974 - INFO - {
    "columns": {
        "DR_NO": {
            "sdtype": "id"
        },
        "Date_occured_0": {
            "sdtype": "categorical"
        },
        "Date_occured_1": {
            "sdtype": "categorical"
        },
        "Date_occured_2": {
            "sdtype": "categorical"
        },
        "Date_occured_3": {
            "sdtype": "categorical"
        },
        "Date_occured_4": {
            "sdtype": "categorical"
        },
        "Date_occured_5": {
            "sdtype": "categorical"
        },
        "Date_occured_6": {
            "sdtype": "categorical"
        },
        "Date_occured_7": {
            "sdtype": "categorical"
        },
        "Date_occured_8": {
            "sdtype": "categorical"
        },
        "Date_occured_9": {
            "sdtype": "categorical"
        },
        "Date_occured_10": {
            "sdtype": "categorical"
        },
        "Time_occured": {
            "sdtype": "numerical"
        },
        "Crime_Code_0": {
            "sdtype": "categorical"
        },
        "Crime_Code_1": {
            "sdtype": "categorical"
        },
        "Crime_Code_2": {
            "sdtype": "categorical"
        },
        "Crime_Code_3": {
            "sdtype": "categorical"
        },
        "Crime_Code_4": {
            "sdtype": "categorical"
        },
        "Crime_Code_5": {
            "sdtype": "categorical"
        },
        "Crime_Code_6": {
            "sdtype": "categorical"
        },
        "Victim_age": {
            "sdtype": "numerical"
        },
        "Victim_sex_1": {
            "sdtype": "categorical"
        },
        "Victim_sex_2": {
            "sdtype": "categorical"
        },
        "Victim_descent_0": {
            "sdtype": "categorical"
        },
        "Victim_descent_1": {
            "sdtype": "categorical"
        },
        "Victim_descent_2": {
            "sdtype": "categorical"
        },
        "Victim_descent_3": {
            "sdtype": "categorical"
        },
        "Victim_descent_4": {
            "sdtype": "categorical"
        },
        "Premis_0": {
            "sdtype": "categorical"
        },
        "Premis_1": {
            "sdtype": "categorical"
        },
        "Premis_2": {
            "sdtype": "categorical"
        },
        "Premis_3": {
            "sdtype": "categorical"
        },
        "Premis_4": {
            "sdtype": "categorical"
        },
        "Premis_5": {
            "sdtype": "categorical"
        },
        "Premis_6": {
            "sdtype": "categorical"
        },
        "Premis_7": {
            "sdtype": "categorical"
        },
        "Premis_8": {
            "sdtype": "categorical"
        },
        "Weapon_0": {
            "sdtype": "categorical"
        },
        "Weapon_1": {
            "sdtype": "categorical"
        },
        "Weapon_2": {
            "sdtype": "categorical"
        },
        "Weapon_3": {
            "sdtype": "categorical"
        },
        "Weapon_4": {
            "sdtype": "categorical"
        },
        "Weapon_5": {
            "sdtype": "categorical"
        },
        "Weapon_6": {
            "sdtype": "categorical"
        },
        "Status": {
            "sdtype": "categorical"
        },
        "LAT": {
            "sdtype": "numerical"
        },
        "LON": {
            "sdtype": "numerical"
        }
    },
    "METADATA_SPEC_VERSION": "SINGLE_TABLE_V1",
    "primary_key": "DR_NO"
}
2025-04-12 18:16:57,980 - INFO - {'EVENT': 'Instance', 'TIMESTAMP': datetime.datetime(2025, 4, 12, 18, 16, 57, 980191), 'SYNTHESIZER CLASS NAME': 'CTGANSynthesizer', 'SYNTHESIZER ID': 'CTGANSynthesizer_1.18.0_6490b939d3284cc1b877accebd06fe18'}
2025-04-12 18:16:57,980 - INFO - {'EVENT': 'Fit', 'TIMESTAMP': datetime.datetime(2025, 4, 12, 18, 16, 57, 980314), 'SYNTHESIZER CLASS NAME': 'CTGANSynthesizer', 'SYNTHESIZER ID': 'CTGANSynthesizer_1.18.0_6490b939d3284cc1b877accebd06fe18', 'TOTAL NUMBER OF TABLES': 1, 'TOTAL NUMBER OF ROWS': 260402, 'TOTAL NUMBER OF COLUMNS': 47}
2025-04-12 18:16:58,276 - INFO - Fitting table  metadata
2025-04-12 18:16:58,297 - INFO - Fitting formatters for table 
2025-04-12 18:16:58,308 - INFO - Fitting constraints for table 
2025-04-12 18:16:58,308 - INFO - Setting the configuration for the ``HyperTransformer`` for table 
2025-04-12 18:16:58,311 - INFO - Fitting HyperTransformer for table 
2025-04-12 18:16:59,081 - INFO - {'EVENT': 'Fit processed data', 'TIMESTAMP': datetime.datetime(2025, 4, 12, 18, 16, 59, 81288), 'SYNTHESIZER CLASS NAME': 'CTGANSynthesizer', 'SYNTHESIZER ID': 'CTGANSynthesizer_1.18.0_6490b939d3284cc1b877accebd06fe18', 'TOTAL NUMBER OF TABLES': 1, 'TOTAL NUMBER OF ROWS': 260402, 'TOTAL NUMBER OF COLUMNS': 46}
2025-04-12 18:16:59,177 - INFO - Guidance: There are no missing values in column Time_occured. Extra column not created.
2025-04-12 18:17:32,280 - INFO - Guidance: There are no missing values in column Victim_age. Extra column not created.
2025-04-12 18:18:05,843 - INFO - Guidance: There are no missing values in column LAT. Extra column not created.
2025-04-12 18:18:39,705 - INFO - Guidance: There are no missing values in column LON. Extra column not created.
2025-04-12 20:00:56,950 - INFO - {'EVENT': 'Save', 'TIMESTAMP': datetime.datetime(2025, 4, 12, 20, 0, 56, 950058), 'SYNTHESIZER CLASS NAME': 'CTGANSynthesizer', 'SYNTHESIZER ID': 'CTGANSynthesizer_1.18.0_6490b939d3284cc1b877accebd06fe18'}
2025-04-12 20:00:57,079 - INFO - {'EVENT': 'Load', 'TIMESTAMP': datetime.datetime(2025, 4, 12, 20, 0, 57, 79737), 'SYNTHESIZER CLASS NAME': 'GaussianCopulaSynthesizer', 'SYNTHESIZER ID': 'GaussianCopulaSynthesizer_1.18.0_9b4e804bffb24d3bad984a8981785f29'}
2025-04-12 20:00:57,082 - INFO - {'EVENT': 'Instance', 'TIMESTAMP': datetime.datetime(2025, 4, 12, 20, 0, 57, 82969), 'SYNTHESIZER CLASS NAME': 'TVAESynthesizer', 'SYNTHESIZER ID': 'TVAESynthesizer_1.18.0_e99f6dfbb78042cc839d014bf607cc0a'}
2025-04-12 20:00:57,083 - INFO - {'EVENT': 'Fit', 'TIMESTAMP': datetime.datetime(2025, 4, 12, 20, 0, 57, 83188), 'SYNTHESIZER CLASS NAME': 'TVAESynthesizer', 'SYNTHESIZER ID': 'TVAESynthesizer_1.18.0_e99f6dfbb78042cc839d014bf607cc0a', 'TOTAL NUMBER OF TABLES': 1, 'TOTAL NUMBER OF ROWS': 260402, 'TOTAL NUMBER OF COLUMNS': 47}
2025-04-12 20:00:57,554 - INFO - Fitting table  metadata
2025-04-12 20:00:57,598 - INFO - Fitting formatters for table 
2025-04-12 20:00:57,609 - INFO - Fitting constraints for table 
2025-04-12 20:00:57,609 - INFO - Setting the configuration for the ``HyperTransformer`` for table 
2025-04-12 20:00:57,613 - INFO - Fitting HyperTransformer for table 
2025-04-12 20:00:58,439 - INFO - {'EVENT': 'Fit processed data', 'TIMESTAMP': datetime.datetime(2025, 4, 12, 20, 0, 58, 439007), 'SYNTHESIZER CLASS NAME': 'TVAESynthesizer', 'SYNTHESIZER ID': 'TVAESynthesizer_1.18.0_e99f6dfbb78042cc839d014bf607cc0a', 'TOTAL NUMBER OF TABLES': 1, 'TOTAL NUMBER OF ROWS': 260402, 'TOTAL NUMBER OF COLUMNS': 46}
2025-04-12 20:00:58,515 - INFO - Guidance: There are no missing values in column Time_occured. Extra column not created.
2025-04-12 20:01:52,657 - INFO - Guidance: There are no missing values in column Victim_age. Extra column not created.
2025-04-12 20:02:47,318 - INFO - Guidance: There are no missing values in column LAT. Extra column not created.
2025-04-12 20:03:38,950 - INFO - Guidance: There are no missing values in column LON. Extra column not created.
2025-04-12 20:32:39,543 - INFO - {'EVENT': 'Save', 'TIMESTAMP': datetime.datetime(2025, 4, 12, 20, 32, 39, 543153), 'SYNTHESIZER CLASS NAME': 'TVAESynthesizer', 'SYNTHESIZER ID': 'TVAESynthesizer_1.18.0_e99f6dfbb78042cc839d014bf607cc0a'}
2025-04-12 20:32:48,716 - INFO - {'EVENT': 'Sample', 'TIMESTAMP': datetime.datetime(2025, 4, 12, 20, 32, 39, 566579), 'SYNTHESIZER CLASS NAME': 'CTGANSynthesizer', 'SYNTHESIZER ID': 'CTGANSynthesizer_1.18.0_6490b939d3284cc1b877accebd06fe18', 'TOTAL NUMBER OF TABLES': 1, 'TOTAL NUMBER OF ROWS': 260402, 'TOTAL NUMBER OF COLUMNS': 47}
2025-04-12 20:33:02,304 - INFO - {'EVENT': 'Sample', 'TIMESTAMP': datetime.datetime(2025, 4, 12, 20, 32, 48, 716926), 'SYNTHESIZER CLASS NAME': 'GaussianCopulaSynthesizer', 'SYNTHESIZER ID': 'GaussianCopulaSynthesizer_1.18.0_9b4e804bffb24d3bad984a8981785f29', 'TOTAL NUMBER OF TABLES': 1, 'TOTAL NUMBER OF ROWS': 260402, 'TOTAL NUMBER OF COLUMNS': 47}
2025-04-12 20:33:08,495 - INFO - {'EVENT': 'Sample', 'TIMESTAMP': datetime.datetime(2025, 4, 12, 20, 33, 2, 304660), 'SYNTHESIZER CLASS NAME': 'TVAESynthesizer', 'SYNTHESIZER ID': 'TVAESynthesizer_1.18.0_e99f6dfbb78042cc839d014bf607cc0a', 'TOTAL NUMBER OF TABLES': 1, 'TOTAL NUMBER OF ROWS': 260402, 'TOTAL NUMBER OF COLUMNS': 47}
2025-04-12 20:33:08,497 - INFO - Synthetic Data Generation Completed.
2025-04-12 20:34:06,635 - INFO - Synthetic Data Evaluation Completed.
2025-04-12 20:34:06,646 - INFO - Synthetic Data Report Generated Successfully.
2025-04-12 20:34:08,125 - INFO - Synthetic data generated with 3 synthesizers.
2025-04-12 20:34:08,125 - INFO - Hybrid pipeline skipped (disabled in configuration).
2025-04-12 20:34:08,126 - INFO - Preparing datasets for machine learning...
2025-04-12 20:34:08,153 - INFO - Original Data - Training Size: 260402, Testing Size: 116461
2025-04-12 20:34:08,153 - INFO - Processing synthetic dataset generated by CTGAN...
2025-04-12 20:34:08,173 - INFO - Synthetic Data (CTGAN) - Training Size: 260402
2025-04-12 20:34:08,174 - INFO - Processing synthetic dataset generated by GaussianCopula...
2025-04-12 20:34:08,194 - INFO - Synthetic Data (GaussianCopula) - Training Size: 260402
2025-04-12 20:34:08,194 - INFO - Processing synthetic dataset generated by TVAE...
2025-04-12 20:34:08,227 - INFO - Synthetic Data (TVAE) - Training Size: 260402
2025-04-12 20:34:08,228 - INFO - Training models on all datasets...
2025-04-13 08:25:14,493 - INFO - Model Training Completed.
2025-04-13 08:25:14,493 - INFO - Evaluating models...
