2025-05-08 18:43:00,374 - INFO - Loaded config file: configs/generated_configs/loan/loan_anon_k8_sl0p2_l15.yaml
2025-05-08 18:43:00,374 - INFO -  Benchmarking started for dataset: loan
2025-05-08 18:43:00,374 - INFO - Using dataset path: /mnt/NVMETank/Projects/Students/Dele/A-STUDY-INTO-THE-QUALITY-AND-USABILITY-OF-PRIVACY-FRIENDLY-SYNTHETIC-DATA/datasets/original/loan.csv
2025-05-08 18:43:00,374 - INFO - Target column: Loan_Status, separator: ','
2025-05-08 18:43:00,375 - INFO - Configuration loaded: enable_anonymization = True, enable_synthesis = False, enable_hybrid = True, enable_utility = True, delete_after_evaluation = False
2025-05-08 18:43:00,375 - INFO - Running preprocessing...
2025-05-08 18:43:00,381 - INFO -  [PREPROCESSING] Preprocessed files found. Skipping preprocessing.
2025-05-08 18:43:00,392 - INFO - Preprocessing completed. Rows before: 614, after: 336
2025-05-08 18:43:00,392 - INFO - Preprocessed data saved to: outputs/batch/loan_batch_2025-05-08_18-38-44/loan_anon_k8_sl0p2_l15/preprocessing_report.txt
2025-05-08 18:43:00,392 - INFO - enable_anonymization = True
2025-05-08 18:43:00,392 - INFO - Starting Anonymization Pipeline with output path: /mnt/NVMETank/Projects/Students/Dele/A-STUDY-INTO-THE-QUALITY-AND-USABILITY-OF-PRIVACY-FRIENDLY-SYNTHETIC-DATA/datasets/anonymized/loan_k8_l15_sup20_anonymized.csv.......
2025-05-08 18:43:00,399 - INFO -  [ANONYMIZATION] Executing run_anonymization, config_path : configs/generated_configs/loan/loan_anon_k8_sl0p2_l15.yaml...........
2025-05-08 18:43:00,399 - INFO -  [ANONYMIZATION] Using JAR file at /mnt/NVMETank/Projects/Students/Dele/A-STUDY-INTO-THE-QUALITY-AND-USABILITY-OF-PRIVACY-FRIENDLY-SYNTHETIC-DATA/src/anonymization/anonymARXij/bin/anonymARXij.jar to anonymize the dataset.
2025-05-08 18:43:01,889 - INFO -  [ANONYMIZATION] Anonimized file saved to : /mnt/NVMETank/Projects/Students/Dele/A-STUDY-INTO-THE-QUALITY-AND-USABILITY-OF-PRIVACY-FRIENDLY-SYNTHETIC-DATA/datasets/anonymized/loan_k8_l15_sup20_anonymized.csv
2025-05-08 18:43:01,889 - INFO -  [ANONYMIZATION] Java anonymization completed successfully.
2025-05-08 18:43:01,889 - INFO -  [ANONYMIZATION] Java STDOUT:
📄 Java received config path: /mnt/NVMETank/Projects/Students/Dele/A-STUDY-INTO-THE-QUALITY-AND-USABILITY-OF-PRIVACY-FRIENDLY-SYNTHETIC-DATA/configs/generated_configs/loan/loan_anon_k8_sl0p2_l15.yaml
🔹 Loading config from: /mnt/NVMETank/Projects/Students/Dele/A-STUDY-INTO-THE-QUALITY-AND-USABILITY-OF-PRIVACY-FRIENDLY-SYNTHETIC-DATA/configs/generated_configs/loan/loan_anon_k8_sl0p2_l15.yaml
Loading config from: /mnt/NVMETank/Projects/Students/Dele/A-STUDY-INTO-THE-QUALITY-AND-USABILITY-OF-PRIVACY-FRIENDLY-SYNTHETIC-DATA/configs/generated_configs/loan/loan_anon_k8_sl0p2_l15.yaml
📂 Dataset Path (from args): /mnt/NVMETank/Projects/Students/Dele/A-STUDY-INTO-THE-QUALITY-AND-USABILITY-OF-PRIVACY-FRIENDLY-SYNTHETIC-DATA/datasets/train/loan_train_raw.csv
🔹 Dataset Separator: ,
🔹 Suppression Limit: 0.2

🔹 Configured Attributes:
  ✅ Quasi-Identifier: Gender
  ✅ Quasi-Identifier: Married
  ✅ Quasi-Identifier: Education
  ✅ Quasi-Identifier: Dependents
  ✅ Quasi-Identifier: Self_Employed
  ✅ Quasi-Identifier: Property_Area
  ✅ Quasi-Identifier: Credit_History
  ✅ Quasi-Identifier: Loan_Amount_Term
  ✅ Sensitive Attribute: LoanAmount
  ✅ Insensitive Attribute: Loan_Status
  ✅ Insensitive Attribute: ApplicantIncome
  ✅ Insensitive Attribute: CoapplicantIncome

🔹 Defined Hierarchies:
  ✅ Property_Area -> /mnt/NVMETank/Projects/Students/Dele/A-STUDY-INTO-THE-QUALITY-AND-USABILITY-OF-PRIVACY-FRIENDLY-SYNTHETIC-DATA/src/anonymization/anonymARXij/src/hierarchies_loan/property_area.csv
  ✅ Self_Employed -> /mnt/NVMETank/Projects/Students/Dele/A-STUDY-INTO-THE-QUALITY-AND-USABILITY-OF-PRIVACY-FRIENDLY-SYNTHETIC-DATA/src/anonymization/anonymARXij/src/hierarchies_loan/self_employed.csv
  ✅ Credit_History -> /mnt/NVMETank/Projects/Students/Dele/A-STUDY-INTO-THE-QUALITY-AND-USABILITY-OF-PRIVACY-FRIENDLY-SYNTHETIC-DATA/src/anonymization/anonymARXij/src/hierarchies_loan/credit_history.csv
  ✅ Dependents -> /mnt/NVMETank/Projects/Students/Dele/A-STUDY-INTO-THE-QUALITY-AND-USABILITY-OF-PRIVACY-FRIENDLY-SYNTHETIC-DATA/src/anonymization/anonymARXij/src/hierarchies_loan/dependents.csv
  ✅ Education -> /mnt/NVMETank/Projects/Students/Dele/A-STUDY-INTO-THE-QUALITY-AND-USABILITY-OF-PRIVACY-FRIENDLY-SYNTHETIC-DATA/src/anonymization/anonymARXij/src/hierarchies_loan/education.csv
  ✅ Loan_Amount_Term -> /mnt/NVMETank/Projects/Students/Dele/A-STUDY-INTO-THE-QUALITY-AND-USABILITY-OF-PRIVACY-FRIENDLY-SYNTHETIC-DATA/src/anonymization/anonymARXij/src/hierarchies_loan/loan_amount_terms.csv
  ✅ Married -> /mnt/NVMETank/Projects/Students/Dele/A-STUDY-INTO-THE-QUALITY-AND-USABILITY-OF-PRIVACY-FRIENDLY-SYNTHETIC-DATA/src/anonymization/anonymARXij/src/hierarchies_loan/married.csv
  ✅ Gender -> /mnt/NVMETank/Projects/Students/Dele/A-STUDY-INTO-THE-QUALITY-AND-USABILITY-OF-PRIVACY-FRIENDLY-SYNTHETIC-DATA/src/anonymization/anonymARXij/src/hierarchies_loan/gender.csv
Java is searching for hierarchy file at: /mnt/NVMETank/Projects/Students/Dele/A-STUDY-INTO-THE-QUALITY-AND-USABILITY-OF-PRIVACY-FRIENDLY-SYNTHETIC-DATA/src/anonymization/anonymARXij/src/hierarchies_loan/property_area.csv
Java is searching for hierarchy file at: /mnt/NVMETank/Projects/Students/Dele/A-STUDY-INTO-THE-QUALITY-AND-USABILITY-OF-PRIVACY-FRIENDLY-SYNTHETIC-DATA/src/anonymization/anonymARXij/src/hierarchies_loan/self_employed.csv
Java is searching for hierarchy file at: /mnt/NVMETank/Projects/Students/Dele/A-STUDY-INTO-THE-QUALITY-AND-USABILITY-OF-PRIVACY-FRIENDLY-SYNTHETIC-DATA/src/anonymization/anonymARXij/src/hierarchies_loan/credit_history.csv
Java is searching for hierarchy file at: /mnt/NVMETank/Projects/Students/Dele/A-STUDY-INTO-THE-QUALITY-AND-USABILITY-OF-PRIVACY-FRIENDLY-SYNTHETIC-DATA/src/anonymization/anonymARXij/src/hierarchies_loan/dependents.csv
Java is searching for hierarchy file at: /mnt/NVMETank/Projects/Students/Dele/A-STUDY-INTO-THE-QUALITY-AND-USABILITY-OF-PRIVACY-FRIENDLY-SYNTHETIC-DATA/src/anonymization/anonymARXij/src/hierarchies_loan/education.csv
Java is searching for hierarchy file at: /mnt/NVMETank/Projects/Students/Dele/A-STUDY-INTO-THE-QUALITY-AND-USABILITY-OF-PRIVACY-FRIENDLY-SYNTHETIC-DATA/src/anonymization/anonymARXij/src/hierarchies_loan/loan_amount_terms.csv
Java is searching for hierarchy file at: /mnt/NVMETank/Projects/Students/Dele/A-STUDY-INTO-THE-QUALITY-AND-USABILITY-OF-PRIVACY-FRIENDLY-SYNTHETIC-DATA/src/anonymization/anonymARXij/src/hierarchies_loan/married.csv
Java is searching for hierarchy file at: /mnt/NVMETank/Projects/Students/Dele/A-STUDY-INTO-THE-QUALITY-AND-USABILITY-OF-PRIVACY-FRIENDLY-SYNTHETIC-DATA/src/anonymization/anonymARXij/src/hierarchies_loan/gender.csv
✓ Applied Entropy L-Diversity on: LoanAmount (l=15)
🔹 Privacy Models Configured
📂 Anonymized Output Path (from args): /mnt/NVMETank/Projects/Students/Dele/A-STUDY-INTO-THE-QUALITY-AND-USABILITY-OF-PRIVACY-FRIENDLY-SYNTHETIC-DATA/datasets/anonymized/loan_k8_l15_sup20_anonymized.csv
📂 Anonymized Output Path: /mnt/NVMETank/Projects/Students/Dele/A-STUDY-INTO-THE-QUALITY-AND-USABILITY-OF-PRIVACY-FRIENDLY-SYNTHETIC-DATA/datasets/anonymized/loan_k8_l15_sup20_anonymized.csv
✅ Anonymization completed. Output saved to: /mnt/NVMETank/Projects/Students/Dele/A-STUDY-INTO-THE-QUALITY-AND-USABILITY-OF-PRIVACY-FRIENDLY-SYNTHETIC-DATA/datasets/anonymized/loan_k8_l15_sup20_anonymized.csv
Anonymized Data Quality Metrics:
 - Ambiguity: 0.845172779855744
 - AECS: 0.8333333333333334
 - Discernibility: 0.5988832267158192
 - Granularity: 0.4356316659155778
 - MSE: 0.05568356374807992
 - Non-Uniform Entropy: 0.2695229951623578
 - Precision: 0.4854910714285714
 - Record-level SE: 0.2744310958797733
Equivalence Class Statistics:
 - Number of Classes: 5
 - Average Class Size: 58.0
Suppression Statistics:
 - Suppressed Records: 46
 - Suppression Percentage: 13.69%
2025-05-08 18:43:01,889 - INFO - Anonymized data saved to: /mnt/NVMETank/Projects/Students/Dele/A-STUDY-INTO-THE-QUALITY-AND-USABILITY-OF-PRIVACY-FRIENDLY-SYNTHETIC-DATA/datasets/anonymized/loan_k8_l15_sup20_anonymized.csv
2025-05-08 18:43:01,897 - INFO - Anonymous data report saved at: outputs/batch/loan_batch_2025-05-08_18-38-44/loan_anon_k8_sl0p2_l15/anonymous_data_report.txt
2025-05-08 18:43:01,897 - INFO -  [POSTPROCESSING] Postprocessing anonymized data: /mnt/NVMETank/Projects/Students/Dele/A-STUDY-INTO-THE-QUALITY-AND-USABILITY-OF-PRIVACY-FRIENDLY-SYNTHETIC-DATA/datasets/anonymized/loan_k8_l15_sup20_anonymized.csv
2025-05-08 18:43:01,898 - INFO -  [POSTPROCESSING] Loaded anonymized data: (336, 12)
2025-05-08 18:43:01,901 - INFO -  [POSTPROCESSING] Loaded fallback maps from training data. Categorical cols: 7, Numeric cols: 5
2025-05-08 18:43:01,901 - INFO -  [POSTPROCESSING] Normalizing anonymized data using ARX artifact cleaning and fallback values.
2025-05-08 18:43:01,912 - INFO -  [POSTPROCESSING] Normalized anonymized data saved to: /mnt/NVMETank/Projects/Students/Dele/A-STUDY-INTO-THE-QUALITY-AND-USABILITY-OF-PRIVACY-FRIENDLY-SYNTHETIC-DATA/datasets/anonymized/loan_k8_l15_sup20_anonymized_processed.csv
2025-05-08 18:43:01,919 - INFO -  [POSTPROCESSING] Binary Encoding applied to anonymized data. Encoded shape: (336, 19)
2025-05-08 18:43:01,920 - INFO -  [POSTPROCESSING] Encoded anonymized dataset saved to: /mnt/NVMETank/Projects/Students/Dele/A-STUDY-INTO-THE-QUALITY-AND-USABILITY-OF-PRIVACY-FRIENDLY-SYNTHETIC-DATA/datasets/anonymized/loan_k8_l15_sup20_anonymized_encoded.csv
2025-05-08 18:43:01,920 - INFO -  [POSTPROCESSING] Encoding map generated for anonymized data: 0 original categorical columns.
2025-05-08 18:43:01,920 - INFO - Postprocessing report saved at: outputs/batch/loan_batch_2025-05-08_18-38-44/loan_anon_k8_sl0p2_l15/postprocessing_report.txt
2025-05-08 18:43:01,920 - INFO - enable_synthetic_generation = False
2025-05-08 18:43:01,920 - INFO - Synthetic Data Generation Skipped (Disabled in Configuration).
2025-05-08 18:43:01,920 - INFO - Running Hybrid Pipeline...
2025-05-08 18:43:01,920 - INFO -  [HYBRID] Executing run_hybrid...
2025-05-08 18:43:01,920 - INFO -  [HYBRID] Looking for encoded anonymized data in /mnt/NVMETank/Projects/Students/Dele/A-STUDY-INTO-THE-QUALITY-AND-USABILITY-OF-PRIVACY-FRIENDLY-SYNTHETIC-DATA/datasets/anonymized/loan_k8_l15_sup20_anonymized_encoded.csv
2025-05-08 18:43:01,920 - INFO -  [HYBRID ] Loaded cached encoded anonymous data from /mnt/NVMETank/Projects/Students/Dele/A-STUDY-INTO-THE-QUALITY-AND-USABILITY-OF-PRIVACY-FRIENDLY-SYNTHETIC-DATA/datasets/anonymized/loan_k8_l15_sup20_anonymized_encoded.csv
2025-05-08 18:43:01,921 - INFO -  [HYBRID] Starting synthetic generation for hybrid pipeline...
2025-05-08 18:43:01,921 - INFO - Executing run_synthetic.....
2025-05-08 18:43:01,922 - INFO - [SYNTHETIC PIPELINE] executing run_synthetic for loan_k8_l15_sup20...
2025-05-08 18:43:01,922 - INFO - [SYNTHETIC] Processing dataset: loan_k8_l15_sup20
2025-05-08 18:43:01,922 - INFO - [SYNTHETIC] Original dataset size: 336 rows
2025-05-08 18:43:01,931 - INFO - Detected metadata:
2025-05-08 18:43:01,931 - INFO - {
    "METADATA_SPEC_VERSION": "SINGLE_TABLE_V1",
    "columns": {
        "Gender_0": {
            "sdtype": "categorical"
        },
        "Gender_1": {
            "sdtype": "categorical"
        },
        "Married_0": {
            "sdtype": "categorical"
        },
        "Married_1": {
            "sdtype": "categorical"
        },
        "Dependents_0": {
            "sdtype": "categorical"
        },
        "Dependents_1": {
            "sdtype": "categorical"
        },
        "Dependents_2": {
            "sdtype": "categorical"
        },
        "Education_0": {
            "sdtype": "categorical"
        },
        "Education_1": {
            "sdtype": "categorical"
        },
        "Self_Employed_0": {
            "sdtype": "categorical"
        },
        "Self_Employed_1": {
            "sdtype": "categorical"
        },
        "ApplicantIncome": {
            "sdtype": "numerical"
        },
        "CoapplicantIncome": {
            "sdtype": "numerical"
        },
        "LoanAmount": {
            "sdtype": "numerical"
        },
        "Loan_Amount_Term": {
            "sdtype": "categorical"
        },
        "Credit_History": {
            "sdtype": "categorical"
        },
        "Property_Area_0": {
            "sdtype": "categorical"
        },
        "Property_Area_1": {
            "sdtype": "categorical"
        },
        "Loan_Status": {
            "sdtype": "categorical"
        }
    }
}
2025-05-08 18:43:01,931 - INFO - [SYNTHETIC] Preparing synthesizer: CTGAN
2025-05-08 18:43:01,931 - INFO - [SYNTHETIC] Params from config: {'epochs': 300}
2025-05-08 18:43:01,931 - INFO -  [SYNTHETIC] No pre-trained synthesizer found
2025-05-08 18:43:01,931 - INFO - [SYNTHETIC] Training new CTGAN synthesizer from scratch...
2025-05-08 18:43:01,931 - WARNING - [FutureWarning] The 'SingleTableMetadata' is deprecated. Please use the new 'Metadata' class for synthesizers. (from /mnt/NVMETank/Projects/Students/Dele/A-STUDY-INTO-THE-QUALITY-AND-USABILITY-OF-PRIVACY-FRIENDLY-SYNTHETIC-DATA/.venv/lib/python3.12/site-packages/sdv/single_table/base.py:119)
2025-05-08 18:43:01,932 - WARNING - [UserWarning] We strongly recommend saving the metadata using 'save_to_json' for replicability in future SDV versions. (from /mnt/NVMETank/Projects/Students/Dele/A-STUDY-INTO-THE-QUALITY-AND-USABILITY-OF-PRIVACY-FRIENDLY-SYNTHETIC-DATA/.venv/lib/python3.12/site-packages/sdv/single_table/base.py:104)
2025-05-08 18:43:01,936 - INFO - {'EVENT': 'Instance', 'TIMESTAMP': datetime.datetime(2025, 5, 8, 18, 43, 1, 936101), 'SYNTHESIZER CLASS NAME': 'CTGANSynthesizer', 'SYNTHESIZER ID': 'CTGANSynthesizer_1.18.0_c06bc9808a404161bcdc98c943363dda'}
2025-05-08 18:43:01,936 - INFO - [SYNTHETIC] CTGAN initialized with epochs: 300
2025-05-08 18:43:01,936 - INFO - [SYNTHETIC] Training parameters for CTGAN: {}
2025-05-08 18:43:01,936 - INFO - [SYNTHETIC] fitting CTGAN 
2025-05-08 18:43:01,936 - INFO - {'EVENT': 'Fit', 'TIMESTAMP': datetime.datetime(2025, 5, 8, 18, 43, 1, 936307), 'SYNTHESIZER CLASS NAME': 'CTGANSynthesizer', 'SYNTHESIZER ID': 'CTGANSynthesizer_1.18.0_c06bc9808a404161bcdc98c943363dda', 'TOTAL NUMBER OF TABLES': 1, 'TOTAL NUMBER OF ROWS': 336, 'TOTAL NUMBER OF COLUMNS': 19}
2025-05-08 18:43:01,937 - INFO - Fitting table  metadata
2025-05-08 18:43:01,937 - INFO - Fitting formatters for table 
2025-05-08 18:43:01,939 - INFO - Fitting constraints for table 
2025-05-08 18:43:01,939 - INFO - Setting the configuration for the ``HyperTransformer`` for table 
2025-05-08 18:43:01,940 - INFO - Fitting HyperTransformer for table 
2025-05-08 18:43:01,953 - INFO - {'EVENT': 'Fit processed data', 'TIMESTAMP': datetime.datetime(2025, 5, 8, 18, 43, 1, 953712), 'SYNTHESIZER CLASS NAME': 'CTGANSynthesizer', 'SYNTHESIZER ID': 'CTGANSynthesizer_1.18.0_c06bc9808a404161bcdc98c943363dda', 'TOTAL NUMBER OF TABLES': 1, 'TOTAL NUMBER OF ROWS': 336, 'TOTAL NUMBER OF COLUMNS': 19}
2025-05-08 18:43:01,984 - INFO - Guidance: There are no missing values in column ApplicantIncome. Extra column not created.
2025-05-08 18:43:02,088 - INFO - Guidance: There are no missing values in column CoapplicantIncome. Extra column not created.
2025-05-08 18:43:02,122 - INFO - Guidance: There are no missing values in column LoanAmount. Extra column not created.
2025-05-08 18:43:20,880 - INFO - [SYNTHETIC] Fitting complete for CTGAN. Duration: 18.94 seconds.
2025-05-08 18:43:20,880 - INFO - [SYNTHETIC] CONFIRMATION CTGAN actually trained with epochs = 300
2025-05-08 18:43:20,880 - INFO - {'EVENT': 'Save', 'TIMESTAMP': datetime.datetime(2025, 5, 8, 18, 43, 20, 880832), 'SYNTHESIZER CLASS NAME': 'CTGANSynthesizer', 'SYNTHESIZER ID': 'CTGANSynthesizer_1.18.0_c06bc9808a404161bcdc98c943363dda'}
2025-05-08 18:43:20,921 - INFO - [SYNTHETIC] CTGAN trained and saved.
2025-05-08 18:43:20,921 - INFO - [SYNTHETIC] Preparing synthesizer: GaussianCopula
2025-05-08 18:43:20,921 - INFO - [SYNTHETIC] Params from config: {}
2025-05-08 18:43:20,921 - INFO -  [SYNTHETIC] No pre-trained synthesizer found
2025-05-08 18:43:20,922 - INFO - [SYNTHETIC] Training new GaussianCopula synthesizer from scratch...
2025-05-08 18:43:20,922 - WARNING - [FutureWarning] The 'SingleTableMetadata' is deprecated. Please use the new 'Metadata' class for synthesizers. (from /mnt/NVMETank/Projects/Students/Dele/A-STUDY-INTO-THE-QUALITY-AND-USABILITY-OF-PRIVACY-FRIENDLY-SYNTHETIC-DATA/.venv/lib/python3.12/site-packages/sdv/single_table/base.py:119)
2025-05-08 18:43:20,924 - INFO - {'EVENT': 'Instance', 'TIMESTAMP': datetime.datetime(2025, 5, 8, 18, 43, 20, 924328), 'SYNTHESIZER CLASS NAME': 'GaussianCopulaSynthesizer', 'SYNTHESIZER ID': 'GaussianCopulaSynthesizer_1.18.0_f0c85feb795646fc89194b507ef9605b'}
2025-05-08 18:43:20,924 - INFO - [SYNTHETIC] fitting GaussianCopula 
2025-05-08 18:43:20,924 - INFO - {'EVENT': 'Fit', 'TIMESTAMP': datetime.datetime(2025, 5, 8, 18, 43, 20, 924453), 'SYNTHESIZER CLASS NAME': 'GaussianCopulaSynthesizer', 'SYNTHESIZER ID': 'GaussianCopulaSynthesizer_1.18.0_f0c85feb795646fc89194b507ef9605b', 'TOTAL NUMBER OF TABLES': 1, 'TOTAL NUMBER OF ROWS': 336, 'TOTAL NUMBER OF COLUMNS': 19}
2025-05-08 18:43:20,925 - INFO - Fitting table  metadata
2025-05-08 18:43:20,926 - INFO - Fitting formatters for table 
2025-05-08 18:43:20,927 - INFO - Fitting constraints for table 
2025-05-08 18:43:20,927 - INFO - Setting the configuration for the ``HyperTransformer`` for table 
2025-05-08 18:43:20,933 - INFO - Fitting HyperTransformer for table 
2025-05-08 18:43:21,042 - INFO - {'EVENT': 'Fit processed data', 'TIMESTAMP': datetime.datetime(2025, 5, 8, 18, 43, 21, 42439), 'SYNTHESIZER CLASS NAME': 'GaussianCopulaSynthesizer', 'SYNTHESIZER ID': 'GaussianCopulaSynthesizer_1.18.0_f0c85feb795646fc89194b507ef9605b', 'TOTAL NUMBER OF TABLES': 1, 'TOTAL NUMBER OF ROWS': 336, 'TOTAL NUMBER OF COLUMNS': 19}
2025-05-08 18:43:21,042 - INFO - Fitting GaussianMultivariate(distribution="{'Gender_0': <class 'copulas.univariate.beta.BetaUnivariate'>, 'Gender_1': <class 'copulas.univariate.beta.BetaUnivariate'>, 'Married_0': <class 'copulas.univariate.beta.BetaUnivariate'>, 'Married_1': <class 'copulas.univariate.beta.BetaUnivariate'>, 'Dependents_0': <class 'copulas.univariate.beta.BetaUnivariate'>, 'Dependents_1': <class 'copulas.univariate.beta.BetaUnivariate'>, 'Dependents_2': <class 'copulas.univariate.beta.BetaUnivariate'>, 'Education_0': <class 'copulas.univariate.beta.BetaUnivariate'>, 'Education_1': <class 'copulas.univariate.beta.BetaUnivariate'>, 'Self_Employed_0': <class 'copulas.univariate.beta.BetaUnivariate'>, 'Self_Employed_1': <class 'copulas.univariate.beta.BetaUnivariate'>, 'ApplicantIncome': <class 'copulas.univariate.beta.BetaUnivariate'>, 'CoapplicantIncome': <class 'copulas.univariate.beta.BetaUnivariate'>, 'LoanAmount': <class 'copulas.univariate.beta.BetaUnivariate'>, 'Loan_Amount_Term': <class 'copulas.univariate.beta.BetaUnivariate'>, 'Credit_History': <class 'copulas.univariate.beta.BetaUnivariate'>, 'Property_Area_0': <class 'copulas.univariate.beta.BetaUnivariate'>, 'Property_Area_1': <class 'copulas.univariate.beta.BetaUnivariate'>, 'Loan_Status': <class 'copulas.univariate.beta.BetaUnivariate'>}")
2025-05-08 18:43:21,642 - INFO - [SYNTHETIC] Fitting complete for GaussianCopula. Duration: 0.72 seconds.
2025-05-08 18:43:21,642 - WARNING - [SYNTHETIC] WARNING Could not determine actual epochs used for GaussianCopula
2025-05-08 18:43:21,642 - INFO - {'EVENT': 'Save', 'TIMESTAMP': datetime.datetime(2025, 5, 8, 18, 43, 21, 642382), 'SYNTHESIZER CLASS NAME': 'GaussianCopulaSynthesizer', 'SYNTHESIZER ID': 'GaussianCopulaSynthesizer_1.18.0_f0c85feb795646fc89194b507ef9605b'}
2025-05-08 18:43:21,650 - INFO - [SYNTHETIC] GaussianCopula trained and saved.
2025-05-08 18:43:21,650 - INFO - [SYNTHETIC] Preparing synthesizer: TVAE
2025-05-08 18:43:21,650 - INFO - [SYNTHETIC] Params from config: {'epochs': 300}
2025-05-08 18:43:21,650 - INFO -  [SYNTHETIC] No pre-trained synthesizer found
2025-05-08 18:43:21,650 - INFO - [SYNTHETIC] Training new TVAE synthesizer from scratch...
2025-05-08 18:43:21,650 - WARNING - [FutureWarning] The 'SingleTableMetadata' is deprecated. Please use the new 'Metadata' class for synthesizers. (from /mnt/NVMETank/Projects/Students/Dele/A-STUDY-INTO-THE-QUALITY-AND-USABILITY-OF-PRIVACY-FRIENDLY-SYNTHETIC-DATA/.venv/lib/python3.12/site-packages/sdv/single_table/base.py:119)
2025-05-08 18:43:21,654 - INFO - {'EVENT': 'Instance', 'TIMESTAMP': datetime.datetime(2025, 5, 8, 18, 43, 21, 654778), 'SYNTHESIZER CLASS NAME': 'TVAESynthesizer', 'SYNTHESIZER ID': 'TVAESynthesizer_1.18.0_cb645ab8b4f7480c968a870395260828'}
2025-05-08 18:43:21,654 - INFO - [SYNTHETIC] TVAE initialized with epochs: 300
2025-05-08 18:43:21,654 - INFO - [SYNTHETIC] Training parameters for TVAE: {}
2025-05-08 18:43:21,655 - INFO - [SYNTHETIC] fitting TVAE 
2025-05-08 18:43:21,655 - INFO - {'EVENT': 'Fit', 'TIMESTAMP': datetime.datetime(2025, 5, 8, 18, 43, 21, 655122), 'SYNTHESIZER CLASS NAME': 'TVAESynthesizer', 'SYNTHESIZER ID': 'TVAESynthesizer_1.18.0_cb645ab8b4f7480c968a870395260828', 'TOTAL NUMBER OF TABLES': 1, 'TOTAL NUMBER OF ROWS': 336, 'TOTAL NUMBER OF COLUMNS': 19}
2025-05-08 18:43:21,656 - INFO - Fitting table  metadata
2025-05-08 18:43:21,657 - INFO - Fitting formatters for table 
2025-05-08 18:43:21,658 - INFO - Fitting constraints for table 
2025-05-08 18:43:21,658 - INFO - Setting the configuration for the ``HyperTransformer`` for table 
2025-05-08 18:43:21,659 - INFO - Fitting HyperTransformer for table 
2025-05-08 18:43:21,671 - INFO - {'EVENT': 'Fit processed data', 'TIMESTAMP': datetime.datetime(2025, 5, 8, 18, 43, 21, 671701), 'SYNTHESIZER CLASS NAME': 'TVAESynthesizer', 'SYNTHESIZER ID': 'TVAESynthesizer_1.18.0_cb645ab8b4f7480c968a870395260828', 'TOTAL NUMBER OF TABLES': 1, 'TOTAL NUMBER OF ROWS': 336, 'TOTAL NUMBER OF COLUMNS': 19}
2025-05-08 18:43:21,685 - INFO - Guidance: There are no missing values in column ApplicantIncome. Extra column not created.
2025-05-08 18:43:21,762 - INFO - Guidance: There are no missing values in column CoapplicantIncome. Extra column not created.
2025-05-08 18:43:21,796 - INFO - Guidance: There are no missing values in column LoanAmount. Extra column not created.
2025-05-08 18:43:24,507 - INFO - [SYNTHETIC] Fitting complete for TVAE. Duration: 2.85 seconds.
2025-05-08 18:43:24,507 - INFO - [SYNTHETIC] CONFIRMATION TVAE actually trained with epochs = 300
2025-05-08 18:43:24,507 - INFO - {'EVENT': 'Save', 'TIMESTAMP': datetime.datetime(2025, 5, 8, 18, 43, 24, 507963), 'SYNTHESIZER CLASS NAME': 'TVAESynthesizer', 'SYNTHESIZER ID': 'TVAESynthesizer_1.18.0_cb645ab8b4f7480c968a870395260828'}
2025-05-08 18:43:24,540 - INFO - [SYNTHETIC] TVAE trained and saved.
2025-05-08 18:43:24,540 - INFO - [SYNTHETIC] Using CTGAN to generate 336 rows...
2025-05-08 18:43:24,607 - INFO - {'EVENT': 'Sample', 'TIMESTAMP': datetime.datetime(2025, 5, 8, 18, 43, 24, 540866), 'SYNTHESIZER CLASS NAME': 'CTGANSynthesizer', 'SYNTHESIZER ID': 'CTGANSynthesizer_1.18.0_c06bc9808a404161bcdc98c943363dda', 'TOTAL NUMBER OF TABLES': 1, 'TOTAL NUMBER OF ROWS': 336, 'TOTAL NUMBER OF COLUMNS': 19}
2025-05-08 18:43:24,607 - INFO - [SYNTHETIC] CTGAN completed: 336 rows generated.
2025-05-08 18:43:24,608 - INFO - [SYNTHETIC] Target class distribution for CTGAN: {'Y': 225, 'N': 111}
2025-05-08 18:43:24,608 - INFO - [SYNTHETIC] Using GaussianCopula to generate 336 rows...
2025-05-08 18:43:24,663 - INFO - {'EVENT': 'Sample', 'TIMESTAMP': datetime.datetime(2025, 5, 8, 18, 43, 24, 608240), 'SYNTHESIZER CLASS NAME': 'GaussianCopulaSynthesizer', 'SYNTHESIZER ID': 'GaussianCopulaSynthesizer_1.18.0_f0c85feb795646fc89194b507ef9605b', 'TOTAL NUMBER OF TABLES': 1, 'TOTAL NUMBER OF ROWS': 336, 'TOTAL NUMBER OF COLUMNS': 19}
2025-05-08 18:43:24,663 - INFO - [SYNTHETIC] GaussianCopula completed: 336 rows generated.
2025-05-08 18:43:24,663 - INFO - [SYNTHETIC] Target class distribution for GaussianCopula: {'Y': 224, 'N': 112}
2025-05-08 18:43:24,663 - INFO - [SYNTHETIC] Using TVAE to generate 336 rows...
2025-05-08 18:43:24,779 - INFO - {'EVENT': 'Sample', 'TIMESTAMP': datetime.datetime(2025, 5, 8, 18, 43, 24, 663677), 'SYNTHESIZER CLASS NAME': 'TVAESynthesizer', 'SYNTHESIZER ID': 'TVAESynthesizer_1.18.0_cb645ab8b4f7480c968a870395260828', 'TOTAL NUMBER OF TABLES': 1, 'TOTAL NUMBER OF ROWS': 336, 'TOTAL NUMBER OF COLUMNS': 19}
2025-05-08 18:43:24,780 - INFO - [SYNTHETIC] TVAE completed: 336 rows generated.
2025-05-08 18:43:24,780 - INFO - [SYNTHETIC] Target class distribution for TVAE: {'Y': 336}
2025-05-08 18:43:24,781 - INFO - [SYNTHETIC PIPELINE] Synthetic Data Generation Completed.
2025-05-08 18:43:24,781 - INFO - [SYNTHETIC PIPELINE] Synthesizers used: ['CTGAN', 'GaussianCopula', 'TVAE']
2025-05-08 18:43:24,781 - INFO - [SYNTHETIC PIPELINE] Evaluating synthetic dataset generated by CTGAN...
2025-05-08 18:43:24,781 - INFO - [SYNTHETIC EVAL] Real data columns     (19): ['Gender_0', 'Gender_1', 'Married_0', 'Married_1', 'Dependents_0', 'Dependents_1', 'Dependents_2', 'Education_0', 'Education_1', 'Self_Employed_0', 'Self_Employed_1', 'ApplicantIncome', 'CoapplicantIncome', 'LoanAmount', 'Loan_Amount_Term', 'Credit_History', 'Property_Area_0', 'Property_Area_1', 'Loan_Status']
2025-05-08 18:43:24,781 - INFO - [SYNTHETIC EVAL] Synthetic data columns (19): ['Gender_0', 'Gender_1', 'Married_0', 'Married_1', 'Dependents_0', 'Dependents_1', 'Dependents_2', 'Education_0', 'Education_1', 'Self_Employed_0', 'Self_Employed_1', 'ApplicantIncome', 'CoapplicantIncome', 'LoanAmount', 'Loan_Amount_Term', 'Credit_History', 'Property_Area_0', 'Property_Area_1', 'Loan_Status']
2025-05-08 18:43:24,781 - INFO - [SYNTHETIC EVAL] Metadata columns      (19): ['Gender_0', 'Gender_1', 'Married_0', 'Married_1', 'Dependents_0', 'Dependents_1', 'Dependents_2', 'Education_0', 'Education_1', 'Self_Employed_0', 'Self_Employed_1', 'ApplicantIncome', 'CoapplicantIncome', 'LoanAmount', 'Loan_Amount_Term', 'Credit_History', 'Property_Area_0', 'Property_Area_1', 'Loan_Status']
2025-05-08 18:43:24,781 - INFO - [SYNTHETIC EVAL] Shape — Real: (336, 19), Synthetic: (336, 19)
2025-05-08 18:43:24,782 - INFO - [SYNTHETIC EVAL] Metadata structure:
{
  "METADATA_SPEC_VERSION": "SINGLE_TABLE_V1",
  "columns": {
    "Gender_0": {
      "sdtype": "categorical"
    },
    "Gender_1": {
      "sdtype": "categorical"
    },
    "Married_0": {
      "sdtype": "categorical"
    },
    "Married_1": {
      "sdtype": "categorical"
    },
    "Dependents_0": {
      "sdtype": "categorical"
    },
    "Dependents_1": {
      "sdtype": "categorical"
    },
    "Dependents_2": {
      "sdtype": "categorical"
    },
    "Education_0": {
      "sdtype": "categorical"
    },
    "Education_1": {
      "sdtype": "categorical"
    },
    "Self_Employed_0": {
      "sdtype": "categorical"
    },
    "Self_Employed_1": {
      "sdtype": "categorical"
    },
    "ApplicantIncome": {
      "sdtype": "numerical"
    },
    "CoapplicantIncome": {
      "sdtype": "numerical"
    },
    "LoanAmount": {
      "sdtype": "numerical"
    },
    "Loan_Amount_Term": {
      "sdtype": "categorical"
    },
    "Credit_History": {
      "sdtype": "categorical"
    },
    "Property_Area_0": {
      "sdtype": "categorical"
    },
    "Property_Area_1": {
      "sdtype": "categorical"
    },
    "Loan_Status": {
      "sdtype": "categorical"
    }
  }
}
2025-05-08 18:43:25,163 - INFO - [SYNTHETIC PIPELINE] Evaluating synthetic dataset generated by GaussianCopula...
2025-05-08 18:43:25,163 - INFO - [SYNTHETIC EVAL] Real data columns     (19): ['Gender_0', 'Gender_1', 'Married_0', 'Married_1', 'Dependents_0', 'Dependents_1', 'Dependents_2', 'Education_0', 'Education_1', 'Self_Employed_0', 'Self_Employed_1', 'ApplicantIncome', 'CoapplicantIncome', 'LoanAmount', 'Loan_Amount_Term', 'Credit_History', 'Property_Area_0', 'Property_Area_1', 'Loan_Status']
2025-05-08 18:43:25,163 - INFO - [SYNTHETIC EVAL] Synthetic data columns (19): ['Gender_0', 'Gender_1', 'Married_0', 'Married_1', 'Dependents_0', 'Dependents_1', 'Dependents_2', 'Education_0', 'Education_1', 'Self_Employed_0', 'Self_Employed_1', 'ApplicantIncome', 'CoapplicantIncome', 'LoanAmount', 'Loan_Amount_Term', 'Credit_History', 'Property_Area_0', 'Property_Area_1', 'Loan_Status']
2025-05-08 18:43:25,163 - INFO - [SYNTHETIC EVAL] Metadata columns      (19): ['Gender_0', 'Gender_1', 'Married_0', 'Married_1', 'Dependents_0', 'Dependents_1', 'Dependents_2', 'Education_0', 'Education_1', 'Self_Employed_0', 'Self_Employed_1', 'ApplicantIncome', 'CoapplicantIncome', 'LoanAmount', 'Loan_Amount_Term', 'Credit_History', 'Property_Area_0', 'Property_Area_1', 'Loan_Status']
2025-05-08 18:43:25,163 - INFO - [SYNTHETIC EVAL] Shape — Real: (336, 19), Synthetic: (336, 19)
2025-05-08 18:43:25,163 - INFO - [SYNTHETIC EVAL] Metadata structure:
{
  "METADATA_SPEC_VERSION": "SINGLE_TABLE_V1",
  "columns": {
    "Gender_0": {
      "sdtype": "categorical"
    },
    "Gender_1": {
      "sdtype": "categorical"
    },
    "Married_0": {
      "sdtype": "categorical"
    },
    "Married_1": {
      "sdtype": "categorical"
    },
    "Dependents_0": {
      "sdtype": "categorical"
    },
    "Dependents_1": {
      "sdtype": "categorical"
    },
    "Dependents_2": {
      "sdtype": "categorical"
    },
    "Education_0": {
      "sdtype": "categorical"
    },
    "Education_1": {
      "sdtype": "categorical"
    },
    "Self_Employed_0": {
      "sdtype": "categorical"
    },
    "Self_Employed_1": {
      "sdtype": "categorical"
    },
    "ApplicantIncome": {
      "sdtype": "numerical"
    },
    "CoapplicantIncome": {
      "sdtype": "numerical"
    },
    "LoanAmount": {
      "sdtype": "numerical"
    },
    "Loan_Amount_Term": {
      "sdtype": "categorical"
    },
    "Credit_History": {
      "sdtype": "categorical"
    },
    "Property_Area_0": {
      "sdtype": "categorical"
    },
    "Property_Area_1": {
      "sdtype": "categorical"
    },
    "Loan_Status": {
      "sdtype": "categorical"
    }
  }
}
2025-05-08 18:43:25,537 - INFO - [SYNTHETIC PIPELINE] Evaluating synthetic dataset generated by TVAE...
2025-05-08 18:43:25,537 - INFO - [SYNTHETIC EVAL] Real data columns     (19): ['Gender_0', 'Gender_1', 'Married_0', 'Married_1', 'Dependents_0', 'Dependents_1', 'Dependents_2', 'Education_0', 'Education_1', 'Self_Employed_0', 'Self_Employed_1', 'ApplicantIncome', 'CoapplicantIncome', 'LoanAmount', 'Loan_Amount_Term', 'Credit_History', 'Property_Area_0', 'Property_Area_1', 'Loan_Status']
2025-05-08 18:43:25,537 - INFO - [SYNTHETIC EVAL] Synthetic data columns (19): ['Gender_0', 'Gender_1', 'Married_0', 'Married_1', 'Dependents_0', 'Dependents_1', 'Dependents_2', 'Education_0', 'Education_1', 'Self_Employed_0', 'Self_Employed_1', 'ApplicantIncome', 'CoapplicantIncome', 'LoanAmount', 'Loan_Amount_Term', 'Credit_History', 'Property_Area_0', 'Property_Area_1', 'Loan_Status']
2025-05-08 18:43:25,537 - INFO - [SYNTHETIC EVAL] Metadata columns      (19): ['Gender_0', 'Gender_1', 'Married_0', 'Married_1', 'Dependents_0', 'Dependents_1', 'Dependents_2', 'Education_0', 'Education_1', 'Self_Employed_0', 'Self_Employed_1', 'ApplicantIncome', 'CoapplicantIncome', 'LoanAmount', 'Loan_Amount_Term', 'Credit_History', 'Property_Area_0', 'Property_Area_1', 'Loan_Status']
2025-05-08 18:43:25,537 - INFO - [SYNTHETIC EVAL] Shape — Real: (336, 19), Synthetic: (336, 19)
2025-05-08 18:43:25,537 - INFO - [SYNTHETIC EVAL] Metadata structure:
{
  "METADATA_SPEC_VERSION": "SINGLE_TABLE_V1",
  "columns": {
    "Gender_0": {
      "sdtype": "categorical"
    },
    "Gender_1": {
      "sdtype": "categorical"
    },
    "Married_0": {
      "sdtype": "categorical"
    },
    "Married_1": {
      "sdtype": "categorical"
    },
    "Dependents_0": {
      "sdtype": "categorical"
    },
    "Dependents_1": {
      "sdtype": "categorical"
    },
    "Dependents_2": {
      "sdtype": "categorical"
    },
    "Education_0": {
      "sdtype": "categorical"
    },
    "Education_1": {
      "sdtype": "categorical"
    },
    "Self_Employed_0": {
      "sdtype": "categorical"
    },
    "Self_Employed_1": {
      "sdtype": "categorical"
    },
    "ApplicantIncome": {
      "sdtype": "numerical"
    },
    "CoapplicantIncome": {
      "sdtype": "numerical"
    },
    "LoanAmount": {
      "sdtype": "numerical"
    },
    "Loan_Amount_Term": {
      "sdtype": "categorical"
    },
    "Credit_History": {
      "sdtype": "categorical"
    },
    "Property_Area_0": {
      "sdtype": "categorical"
    },
    "Property_Area_1": {
      "sdtype": "categorical"
    },
    "Loan_Status": {
      "sdtype": "categorical"
    }
  }
}
2025-05-08 18:43:25,922 - INFO -  [SYNTHETIC PIPELINE]  Synthetic Data Evaluation Completed.
2025-05-08 18:43:25,928 - INFO -  [SYNTHETIC PIPELINE] Synthetic Data Report Generated Successfully.
2025-05-08 18:43:26,026 - INFO - [HYBRID] Generated hybrid dataset shape for CTGAN: (336, 19)
2025-05-08 18:43:26,026 - INFO - [HYBRID] Target distribution for CTGAN: {'Y': 225, 'N': 111}
2025-05-08 18:43:26,028 - INFO -  [HYBRID] Saved hybrid dataset to /mnt/NVMETank/Projects/Students/Dele/A-STUDY-INTO-THE-QUALITY-AND-USABILITY-OF-PRIVACY-FRIENDLY-SYNTHETIC-DATA/datasets/hybrid/loan_k8_l15_sup20_CTGAN_HYBRID.csv
2025-05-08 18:43:26,028 - INFO - [HYBRID] Generated hybrid dataset shape for GaussianCopula: (336, 19)
2025-05-08 18:43:26,028 - INFO - [HYBRID] Target distribution for GaussianCopula: {'Y': 224, 'N': 112}
2025-05-08 18:43:26,030 - INFO -  [HYBRID] Saved hybrid dataset to /mnt/NVMETank/Projects/Students/Dele/A-STUDY-INTO-THE-QUALITY-AND-USABILITY-OF-PRIVACY-FRIENDLY-SYNTHETIC-DATA/datasets/hybrid/loan_k8_l15_sup20_GaussianCopula_HYBRID.csv
2025-05-08 18:43:26,030 - INFO - [HYBRID] Generated hybrid dataset shape for TVAE: (336, 19)
2025-05-08 18:43:26,030 - INFO - [HYBRID] Target distribution for TVAE: {'Y': 336}
2025-05-08 18:43:26,031 - INFO -  [HYBRID] Saved hybrid dataset to /mnt/NVMETank/Projects/Students/Dele/A-STUDY-INTO-THE-QUALITY-AND-USABILITY-OF-PRIVACY-FRIENDLY-SYNTHETIC-DATA/datasets/hybrid/loan_k8_l15_sup20_TVAE_HYBRID.csv
2025-05-08 18:43:26,031 - INFO -  [HYBRID] Hybrid pipeline complete — 3 dataset(s) ready.
2025-05-08 18:43:26,031 - INFO - [HYBRID] Total rows across all hybrid datasets: 1008
2025-05-08 18:43:26,032 - INFO - Hybrid pipeline completed successfully.
2025-05-08 18:43:26,032 - INFO - Hybrid pipeline duration: 24.11 seconds
2025-05-08 18:43:26,032 - INFO - Starting Utility...
2025-05-08 18:43:26,032 - INFO - [UTILITY] Preparing datasets for machine learning...
2025-05-08 18:43:26,032 - INFO - [UTILITY] Original Data - Training Size: 336, Testing Size: 144
2025-05-08 18:43:26,032 - INFO - [UTILITY] Target class distribution (Original): {'Y': 232, 'N': 104}
2025-05-08 18:43:26,033 - INFO - [UTILITY] Processing anonymized dataset...
2025-05-08 18:43:26,033 - INFO - [UTILITY] Anonymized Data - Training Size: 336
2025-05-08 18:43:26,033 - INFO - [UTILITY] Target class distribution (Anonymous): {'Y': 232, 'N': 104}
2025-05-08 18:43:26,033 - INFO - [UTILITY] Processing hybrid dataset generated by CTGAN...
2025-05-08 18:43:26,033 - INFO - [UTILITY] Hybrid Data (CTGAN_HYBRID) - Training Size: 336
2025-05-08 18:43:26,034 - INFO - [UTILITY] Target class distribution (CTGAN_HYBRID): {'Y': 225, 'N': 111}
2025-05-08 18:43:26,034 - INFO - [UTILITY] Processing hybrid dataset generated by GaussianCopula...
2025-05-08 18:43:26,034 - INFO - [UTILITY] Hybrid Data (GaussianCopula_HYBRID) - Training Size: 336
2025-05-08 18:43:26,034 - INFO - [UTILITY] Target class distribution (GaussianCopula_HYBRID): {'Y': 224, 'N': 112}
2025-05-08 18:43:26,034 - WARNING -  Skipping hybrid dataset 'TVAE_HYBRID' - only one class in target.
2025-05-08 18:43:26,034 - INFO - [UTILITY] Training models on all datasets...
2025-05-08 18:43:26,034 - INFO - [UTILITY] Total datasets used for training: 4
2025-05-08 18:43:26,035 - INFO - [TRAINING] Training models from scratch...
2025-05-08 18:43:26,035 - INFO - [TRAINING] Starting training for dataset: Original — Rows: 336, Features: 18
2025-05-08 18:43:26,035 - INFO - [TRAINING] Training DecisionTree on Original...
2025-05-08 18:43:26,037 - INFO - [TRAINING] DecisionTree trained successfully on Original in 0.00 sec
2025-05-08 18:43:26,037 - INFO - [TRAINING] Training KNN on Original...
2025-05-08 18:43:26,038 - INFO - [TRAINING] KNN trained successfully on Original in 0.00 sec
2025-05-08 18:43:26,038 - INFO - [TRAINING] Training LogisticRegression on Original...
2025-05-08 18:43:26,042 - INFO - [TRAINING] LogisticRegression trained successfully on Original in 0.00 sec
2025-05-08 18:43:26,042 - INFO - [TRAINING] Training RandomForest on Original...
2025-05-08 18:43:26,148 - INFO - [TRAINING] RandomForest trained successfully on Original in 0.11 sec
2025-05-08 18:43:26,149 - INFO - [TRAINING] Training SVM on Original...
2025-05-08 18:43:26,153 - INFO - [TRAINING] SVM trained successfully on Original in 0.00 sec
2025-05-08 18:43:26,153 - INFO - [TRAINING] Finished training 5 model(s) for dataset: Original
2025-05-08 18:43:26,153 - INFO - [TRAINING] Starting training for dataset: Anonymous — Rows: 336, Features: 18
2025-05-08 18:43:26,153 - INFO - [TRAINING] Training DecisionTree on Anonymous...
2025-05-08 18:43:26,155 - INFO - [TRAINING] DecisionTree trained successfully on Anonymous in 0.00 sec
2025-05-08 18:43:26,155 - INFO - [TRAINING] Training KNN on Anonymous...
2025-05-08 18:43:26,156 - INFO - [TRAINING] KNN trained successfully on Anonymous in 0.00 sec
2025-05-08 18:43:26,156 - INFO - [TRAINING] Training LogisticRegression on Anonymous...
2025-05-08 18:43:26,160 - INFO - [TRAINING] LogisticRegression trained successfully on Anonymous in 0.00 sec
2025-05-08 18:43:26,160 - INFO - [TRAINING] Training RandomForest on Anonymous...
2025-05-08 18:43:26,274 - INFO - [TRAINING] RandomForest trained successfully on Anonymous in 0.11 sec
2025-05-08 18:43:26,274 - INFO - [TRAINING] Training SVM on Anonymous...
2025-05-08 18:43:26,278 - INFO - [TRAINING] SVM trained successfully on Anonymous in 0.00 sec
2025-05-08 18:43:26,279 - INFO - [TRAINING] Finished training 5 model(s) for dataset: Anonymous
2025-05-08 18:43:26,279 - INFO - [TRAINING] Starting training for dataset: CTGAN_HYBRID — Rows: 336, Features: 18
2025-05-08 18:43:26,279 - INFO - [TRAINING] Training DecisionTree on CTGAN_HYBRID...
2025-05-08 18:43:26,282 - INFO - [TRAINING] DecisionTree trained successfully on CTGAN_HYBRID in 0.00 sec
2025-05-08 18:43:26,282 - INFO - [TRAINING] Training KNN on CTGAN_HYBRID...
2025-05-08 18:43:26,283 - INFO - [TRAINING] KNN trained successfully on CTGAN_HYBRID in 0.00 sec
2025-05-08 18:43:26,283 - INFO - [TRAINING] Training LogisticRegression on CTGAN_HYBRID...
2025-05-08 18:43:26,286 - INFO - [TRAINING] LogisticRegression trained successfully on CTGAN_HYBRID in 0.00 sec
2025-05-08 18:43:26,286 - INFO - [TRAINING] Training RandomForest on CTGAN_HYBRID...
2025-05-08 18:43:26,400 - INFO - [TRAINING] RandomForest trained successfully on CTGAN_HYBRID in 0.11 sec
2025-05-08 18:43:26,400 - INFO - [TRAINING] Training SVM on CTGAN_HYBRID...
2025-05-08 18:43:26,405 - INFO - [TRAINING] SVM trained successfully on CTGAN_HYBRID in 0.00 sec
2025-05-08 18:43:26,406 - INFO - [TRAINING] Finished training 5 model(s) for dataset: CTGAN_HYBRID
2025-05-08 18:43:26,406 - INFO - [TRAINING] Starting training for dataset: GaussianCopula_HYBRID — Rows: 336, Features: 18
2025-05-08 18:43:26,406 - INFO - [TRAINING] Training DecisionTree on GaussianCopula_HYBRID...
2025-05-08 18:43:26,409 - INFO - [TRAINING] DecisionTree trained successfully on GaussianCopula_HYBRID in 0.00 sec
2025-05-08 18:43:26,409 - INFO - [TRAINING] Training KNN on GaussianCopula_HYBRID...
2025-05-08 18:43:26,410 - INFO - [TRAINING] KNN trained successfully on GaussianCopula_HYBRID in 0.00 sec
2025-05-08 18:43:26,410 - INFO - [TRAINING] Training LogisticRegression on GaussianCopula_HYBRID...
2025-05-08 18:43:26,414 - INFO - [TRAINING] LogisticRegression trained successfully on GaussianCopula_HYBRID in 0.00 sec
2025-05-08 18:43:26,414 - INFO - [TRAINING] Training RandomForest on GaussianCopula_HYBRID...
2025-05-08 18:43:26,540 - INFO - [TRAINING] RandomForest trained successfully on GaussianCopula_HYBRID in 0.13 sec
2025-05-08 18:43:26,540 - INFO - [TRAINING] Training SVM on GaussianCopula_HYBRID...
2025-05-08 18:43:26,547 - INFO - [TRAINING] SVM trained successfully on GaussianCopula_HYBRID in 0.01 sec
2025-05-08 18:43:26,547 - INFO - [TRAINING] Finished training 5 model(s) for dataset: GaussianCopula_HYBRID
2025-05-08 18:43:26,547 - INFO - [TRAINING] Total models trained across all datasets: 20
2025-05-08 18:43:26,547 - INFO - [UTILITY] Trained model names: ['Original', 'Anonymous', 'CTGAN_HYBRID', 'GaussianCopula_HYBRID']
2025-05-08 18:43:26,547 - INFO - [UTILITY] Model Training Completed.
2025-05-08 18:43:26,547 - INFO - Starting the Evaluating of models...
2025-05-08 18:43:26,547 - INFO - Preparing evaluation for model 'DecisionTree' across all datasets...
2025-05-08 18:43:26,548 - INFO - Evaluating DecisionTree on Original...
2025-05-08 18:43:26,549 - INFO - Predictions completed for DecisionTree on Original
2025-05-08 18:43:26,549 - INFO - Prediction distribution for DecisionTree on Original: {'Y': 87, 'N': 57}
2025-05-08 18:43:26,558 - INFO - Computed 8 metric(s) for DecisionTree on Original
2025-05-08 18:43:26,558 - INFO - Evaluating DecisionTree on Anonymous...
2025-05-08 18:43:26,559 - INFO - Predictions completed for DecisionTree on Anonymous
2025-05-08 18:43:26,560 - INFO - Prediction distribution for DecisionTree on Anonymous: {'N': 75, 'Y': 69}
2025-05-08 18:43:26,568 - INFO - Computed 8 metric(s) for DecisionTree on Anonymous
2025-05-08 18:43:26,568 - INFO - Evaluating DecisionTree on CTGAN_HYBRID...
2025-05-08 18:43:26,569 - INFO - Predictions completed for DecisionTree on CTGAN_HYBRID
2025-05-08 18:43:26,569 - INFO - Prediction distribution for DecisionTree on CTGAN_HYBRID: {'N': 77, 'Y': 67}
2025-05-08 18:43:26,578 - INFO - Computed 8 metric(s) for DecisionTree on CTGAN_HYBRID
2025-05-08 18:43:26,578 - INFO - Evaluating DecisionTree on GaussianCopula_HYBRID...
2025-05-08 18:43:26,579 - INFO - Predictions completed for DecisionTree on GaussianCopula_HYBRID
2025-05-08 18:43:26,579 - INFO - Prediction distribution for DecisionTree on GaussianCopula_HYBRID: {'Y': 90, 'N': 54}
2025-05-08 18:43:26,588 - INFO - Computed 8 metric(s) for DecisionTree on GaussianCopula_HYBRID
2025-05-08 18:43:26,588 - INFO - Preparing evaluation for model 'KNN' across all datasets...
2025-05-08 18:43:26,588 - INFO - Evaluating KNN on Original...
2025-05-08 18:43:26,594 - INFO - Predictions completed for KNN on Original
2025-05-08 18:43:26,595 - INFO - Prediction distribution for KNN on Original: {'Y': 115, 'N': 29}
2025-05-08 18:43:26,606 - INFO - Computed 8 metric(s) for KNN on Original
2025-05-08 18:43:26,606 - INFO - Evaluating KNN on Anonymous...
2025-05-08 18:43:26,612 - INFO - Predictions completed for KNN on Anonymous
2025-05-08 18:43:26,612 - INFO - Prediction distribution for KNN on Anonymous: {'Y': 114, 'N': 30}
2025-05-08 18:43:26,628 - INFO - Computed 8 metric(s) for KNN on Anonymous
2025-05-08 18:43:26,628 - INFO - Evaluating KNN on CTGAN_HYBRID...
2025-05-08 18:43:26,637 - INFO - Predictions completed for KNN on CTGAN_HYBRID
2025-05-08 18:43:26,638 - INFO - Prediction distribution for KNN on CTGAN_HYBRID: {'Y': 112, 'N': 32}
2025-05-08 18:43:26,651 - INFO - Computed 8 metric(s) for KNN on CTGAN_HYBRID
2025-05-08 18:43:26,651 - INFO - Evaluating KNN on GaussianCopula_HYBRID...
2025-05-08 18:43:26,661 - INFO - Predictions completed for KNN on GaussianCopula_HYBRID
2025-05-08 18:43:26,661 - INFO - Prediction distribution for KNN on GaussianCopula_HYBRID: {'Y': 118, 'N': 26}
2025-05-08 18:43:26,674 - INFO - Computed 8 metric(s) for KNN on GaussianCopula_HYBRID
2025-05-08 18:43:26,675 - INFO - Preparing evaluation for model 'LogisticRegression' across all datasets...
2025-05-08 18:43:26,675 - INFO - Evaluating LogisticRegression on Original...
2025-05-08 18:43:26,677 - INFO - Predictions completed for LogisticRegression on Original
2025-05-08 18:43:26,677 - INFO - Prediction distribution for LogisticRegression on Original: {'Y': 115, 'N': 29}
2025-05-08 18:43:26,690 - INFO - Computed 8 metric(s) for LogisticRegression on Original
2025-05-08 18:43:26,690 - INFO - Evaluating LogisticRegression on Anonymous...
2025-05-08 18:43:26,691 - INFO - Predictions completed for LogisticRegression on Anonymous
2025-05-08 18:43:26,692 - INFO - Prediction distribution for LogisticRegression on Anonymous: {'N': 102, 'Y': 42}
2025-05-08 18:43:26,703 - INFO - Computed 8 metric(s) for LogisticRegression on Anonymous
2025-05-08 18:43:26,703 - INFO - Evaluating LogisticRegression on CTGAN_HYBRID...
2025-05-08 18:43:26,705 - INFO - Predictions completed for LogisticRegression on CTGAN_HYBRID
2025-05-08 18:43:26,705 - INFO - Prediction distribution for LogisticRegression on CTGAN_HYBRID: {'Y': 133, 'N': 11}
2025-05-08 18:43:26,718 - INFO - Computed 8 metric(s) for LogisticRegression on CTGAN_HYBRID
2025-05-08 18:43:26,718 - INFO - Evaluating LogisticRegression on GaussianCopula_HYBRID...
2025-05-08 18:43:26,720 - INFO - Predictions completed for LogisticRegression on GaussianCopula_HYBRID
2025-05-08 18:43:26,720 - INFO - Prediction distribution for LogisticRegression on GaussianCopula_HYBRID: {'Y': 94, 'N': 50}
2025-05-08 18:43:26,731 - INFO - Computed 8 metric(s) for LogisticRegression on GaussianCopula_HYBRID
2025-05-08 18:43:26,732 - INFO - Preparing evaluation for model 'RandomForest' across all datasets...
2025-05-08 18:43:26,732 - INFO - Evaluating RandomForest on Original...
2025-05-08 18:43:26,739 - INFO - Predictions completed for RandomForest on Original
2025-05-08 18:43:26,740 - INFO - Prediction distribution for RandomForest on Original: {'Y': 108, 'N': 36}
2025-05-08 18:43:26,763 - INFO - Computed 8 metric(s) for RandomForest on Original
2025-05-08 18:43:26,763 - INFO - Evaluating RandomForest on Anonymous...
2025-05-08 18:43:26,772 - INFO - Predictions completed for RandomForest on Anonymous
2025-05-08 18:43:26,772 - INFO - Prediction distribution for RandomForest on Anonymous: {'N': 84, 'Y': 60}
2025-05-08 18:43:26,795 - INFO - Computed 8 metric(s) for RandomForest on Anonymous
2025-05-08 18:43:26,795 - INFO - Evaluating RandomForest on CTGAN_HYBRID...
2025-05-08 18:43:26,803 - INFO - Predictions completed for RandomForest on CTGAN_HYBRID
2025-05-08 18:43:26,803 - INFO - Prediction distribution for RandomForest on CTGAN_HYBRID: {'Y': 98, 'N': 46}
2025-05-08 18:43:26,822 - INFO - Computed 8 metric(s) for RandomForest on CTGAN_HYBRID
2025-05-08 18:43:26,822 - INFO - Evaluating RandomForest on GaussianCopula_HYBRID...
2025-05-08 18:43:26,828 - INFO - Predictions completed for RandomForest on GaussianCopula_HYBRID
2025-05-08 18:43:26,828 - INFO - Prediction distribution for RandomForest on GaussianCopula_HYBRID: {'Y': 105, 'N': 39}
2025-05-08 18:43:26,849 - INFO - Computed 8 metric(s) for RandomForest on GaussianCopula_HYBRID
2025-05-08 18:43:26,849 - INFO - Preparing evaluation for model 'SVM' across all datasets...
2025-05-08 18:43:26,849 - INFO - Evaluating SVM on Original...
2025-05-08 18:43:26,851 - INFO - Predictions completed for SVM on Original
2025-05-08 18:43:26,851 - INFO - Prediction distribution for SVM on Original: {'Y': 144}
2025-05-08 18:43:26,852 - WARNING -  [WARNING] :SVM on Original predicted only one class: {'Y'}
2025-05-08 18:43:26,853 - WARNING - [UndefinedMetricWarning] Precision is ill-defined and being set to 0.0 in labels with no predicted samples. Use `zero_division` parameter to control this behavior. (from /mnt/NVMETank/Projects/Students/Dele/A-STUDY-INTO-THE-QUALITY-AND-USABILITY-OF-PRIVACY-FRIENDLY-SYNTHETIC-DATA/.venv/lib/python3.12/site-packages/sklearn/metrics/_classification.py:1565)
2025-05-08 18:43:26,854 - WARNING - [UndefinedMetricWarning] Precision is ill-defined and being set to 0.0 in labels with no predicted samples. Use `zero_division` parameter to control this behavior. (from /mnt/NVMETank/Projects/Students/Dele/A-STUDY-INTO-THE-QUALITY-AND-USABILITY-OF-PRIVACY-FRIENDLY-SYNTHETIC-DATA/.venv/lib/python3.12/site-packages/sklearn/metrics/_classification.py:1565)
2025-05-08 18:43:26,856 - WARNING - [UndefinedMetricWarning] Precision is ill-defined and being set to 0.0 in labels with no predicted samples. Use `zero_division` parameter to control this behavior. (from /mnt/NVMETank/Projects/Students/Dele/A-STUDY-INTO-THE-QUALITY-AND-USABILITY-OF-PRIVACY-FRIENDLY-SYNTHETIC-DATA/.venv/lib/python3.12/site-packages/sklearn/metrics/_classification.py:1565)
2025-05-08 18:43:26,857 - INFO - Computed 8 metric(s) for SVM on Original
2025-05-08 18:43:26,858 - INFO - Evaluating SVM on Anonymous...
2025-05-08 18:43:26,860 - INFO - Predictions completed for SVM on Anonymous
2025-05-08 18:43:26,860 - INFO - Prediction distribution for SVM on Anonymous: {'Y': 144}
2025-05-08 18:43:26,860 - WARNING -  [WARNING] :SVM on Anonymous predicted only one class: {'Y'}
2025-05-08 18:43:26,862 - WARNING - [UndefinedMetricWarning] Precision is ill-defined and being set to 0.0 in labels with no predicted samples. Use `zero_division` parameter to control this behavior. (from /mnt/NVMETank/Projects/Students/Dele/A-STUDY-INTO-THE-QUALITY-AND-USABILITY-OF-PRIVACY-FRIENDLY-SYNTHETIC-DATA/.venv/lib/python3.12/site-packages/sklearn/metrics/_classification.py:1565)
2025-05-08 18:43:26,863 - WARNING - [UndefinedMetricWarning] Precision is ill-defined and being set to 0.0 in labels with no predicted samples. Use `zero_division` parameter to control this behavior. (from /mnt/NVMETank/Projects/Students/Dele/A-STUDY-INTO-THE-QUALITY-AND-USABILITY-OF-PRIVACY-FRIENDLY-SYNTHETIC-DATA/.venv/lib/python3.12/site-packages/sklearn/metrics/_classification.py:1565)
2025-05-08 18:43:26,864 - WARNING - [UndefinedMetricWarning] Precision is ill-defined and being set to 0.0 in labels with no predicted samples. Use `zero_division` parameter to control this behavior. (from /mnt/NVMETank/Projects/Students/Dele/A-STUDY-INTO-THE-QUALITY-AND-USABILITY-OF-PRIVACY-FRIENDLY-SYNTHETIC-DATA/.venv/lib/python3.12/site-packages/sklearn/metrics/_classification.py:1565)
2025-05-08 18:43:26,866 - INFO - Computed 8 metric(s) for SVM on Anonymous
2025-05-08 18:43:26,866 - INFO - Evaluating SVM on CTGAN_HYBRID...
2025-05-08 18:43:26,868 - INFO - Predictions completed for SVM on CTGAN_HYBRID
2025-05-08 18:43:26,868 - INFO - Prediction distribution for SVM on CTGAN_HYBRID: {'Y': 144}
2025-05-08 18:43:26,869 - WARNING -  [WARNING] :SVM on CTGAN_HYBRID predicted only one class: {'Y'}
2025-05-08 18:43:26,870 - WARNING - [UndefinedMetricWarning] Precision is ill-defined and being set to 0.0 in labels with no predicted samples. Use `zero_division` parameter to control this behavior. (from /mnt/NVMETank/Projects/Students/Dele/A-STUDY-INTO-THE-QUALITY-AND-USABILITY-OF-PRIVACY-FRIENDLY-SYNTHETIC-DATA/.venv/lib/python3.12/site-packages/sklearn/metrics/_classification.py:1565)
2025-05-08 18:43:26,871 - WARNING - [UndefinedMetricWarning] Precision is ill-defined and being set to 0.0 in labels with no predicted samples. Use `zero_division` parameter to control this behavior. (from /mnt/NVMETank/Projects/Students/Dele/A-STUDY-INTO-THE-QUALITY-AND-USABILITY-OF-PRIVACY-FRIENDLY-SYNTHETIC-DATA/.venv/lib/python3.12/site-packages/sklearn/metrics/_classification.py:1565)
2025-05-08 18:43:26,873 - WARNING - [UndefinedMetricWarning] Precision is ill-defined and being set to 0.0 in labels with no predicted samples. Use `zero_division` parameter to control this behavior. (from /mnt/NVMETank/Projects/Students/Dele/A-STUDY-INTO-THE-QUALITY-AND-USABILITY-OF-PRIVACY-FRIENDLY-SYNTHETIC-DATA/.venv/lib/python3.12/site-packages/sklearn/metrics/_classification.py:1565)
2025-05-08 18:43:26,874 - INFO - Computed 8 metric(s) for SVM on CTGAN_HYBRID
2025-05-08 18:43:26,875 - INFO - Evaluating SVM on GaussianCopula_HYBRID...
2025-05-08 18:43:26,877 - INFO - Predictions completed for SVM on GaussianCopula_HYBRID
2025-05-08 18:43:26,877 - INFO - Prediction distribution for SVM on GaussianCopula_HYBRID: {'Y': 144}
2025-05-08 18:43:26,877 - WARNING -  [WARNING] :SVM on GaussianCopula_HYBRID predicted only one class: {'Y'}
2025-05-08 18:43:26,879 - WARNING - [UndefinedMetricWarning] Precision is ill-defined and being set to 0.0 in labels with no predicted samples. Use `zero_division` parameter to control this behavior. (from /mnt/NVMETank/Projects/Students/Dele/A-STUDY-INTO-THE-QUALITY-AND-USABILITY-OF-PRIVACY-FRIENDLY-SYNTHETIC-DATA/.venv/lib/python3.12/site-packages/sklearn/metrics/_classification.py:1565)
2025-05-08 18:43:26,881 - WARNING - [UndefinedMetricWarning] Precision is ill-defined and being set to 0.0 in labels with no predicted samples. Use `zero_division` parameter to control this behavior. (from /mnt/NVMETank/Projects/Students/Dele/A-STUDY-INTO-THE-QUALITY-AND-USABILITY-OF-PRIVACY-FRIENDLY-SYNTHETIC-DATA/.venv/lib/python3.12/site-packages/sklearn/metrics/_classification.py:1565)
2025-05-08 18:43:26,883 - WARNING - [UndefinedMetricWarning] Precision is ill-defined and being set to 0.0 in labels with no predicted samples. Use `zero_division` parameter to control this behavior. (from /mnt/NVMETank/Projects/Students/Dele/A-STUDY-INTO-THE-QUALITY-AND-USABILITY-OF-PRIVACY-FRIENDLY-SYNTHETIC-DATA/.venv/lib/python3.12/site-packages/sklearn/metrics/_classification.py:1565)
2025-05-08 18:43:26,886 - INFO - Computed 8 metric(s) for SVM on GaussianCopula_HYBRID
2025-05-08 18:43:26,891 - INFO - Evaluation completed for all models.
2025-05-08 18:43:26,891 - INFO - Model evaluation completed in 0.34 seconds.
2025-05-08 18:43:26,893 - INFO - Evaluated models: ['DecisionTree', 'KNN', 'LogisticRegression', 'RandomForest', 'SVM']
2025-05-08 18:43:26,893 - INFO - Model Training and Evaluation completed.
2025-05-08 18:43:27,537 - INFO -  Visualizations saved.
2025-05-08 18:43:27,538 - INFO -  Benchmarking Completed. Results saved in output folder.
