2025-05-08 18:57:10,793 - INFO - Loaded config file: configs/generated_configs/loan/loan_anon_k15_sl0p5_l5.yaml
2025-05-08 18:57:10,793 - INFO -  Benchmarking started for dataset: loan
2025-05-08 18:57:10,793 - INFO - Using dataset path: /mnt/NVMETank/Projects/Students/Dele/A-STUDY-INTO-THE-QUALITY-AND-USABILITY-OF-PRIVACY-FRIENDLY-SYNTHETIC-DATA/datasets/original/loan.csv
2025-05-08 18:57:10,793 - INFO - Target column: Loan_Status, separator: ','
2025-05-08 18:57:10,793 - INFO - Configuration loaded: enable_anonymization = True, enable_synthesis = False, enable_hybrid = True, enable_utility = True, delete_after_evaluation = False
2025-05-08 18:57:10,793 - INFO - Running preprocessing...
2025-05-08 18:57:10,798 - INFO -  [PREPROCESSING] Preprocessed files found. Skipping preprocessing.
2025-05-08 18:57:10,806 - INFO - Preprocessing completed. Rows before: 614, after: 336
2025-05-08 18:57:10,806 - INFO - Preprocessed data saved to: outputs/batch/loan_batch_2025-05-08_18-38-44/loan_anon_k15_sl0p5_l5/preprocessing_report.txt
2025-05-08 18:57:10,806 - INFO - enable_anonymization = True
2025-05-08 18:57:10,806 - INFO - Starting Anonymization Pipeline with output path: /mnt/NVMETank/Projects/Students/Dele/A-STUDY-INTO-THE-QUALITY-AND-USABILITY-OF-PRIVACY-FRIENDLY-SYNTHETIC-DATA/datasets/anonymized/loan_k15_l5_sup50_anonymized.csv.......
2025-05-08 18:57:10,811 - INFO -  [ANONYMIZATION] Executing run_anonymization, config_path : configs/generated_configs/loan/loan_anon_k15_sl0p5_l5.yaml...........
2025-05-08 18:57:10,811 - INFO -  [ANONYMIZATION] Using JAR file at /mnt/NVMETank/Projects/Students/Dele/A-STUDY-INTO-THE-QUALITY-AND-USABILITY-OF-PRIVACY-FRIENDLY-SYNTHETIC-DATA/src/anonymization/anonymARXij/bin/anonymARXij.jar to anonymize the dataset.
2025-05-08 18:57:12,433 - INFO -  [ANONYMIZATION] Anonimized file saved to : /mnt/NVMETank/Projects/Students/Dele/A-STUDY-INTO-THE-QUALITY-AND-USABILITY-OF-PRIVACY-FRIENDLY-SYNTHETIC-DATA/datasets/anonymized/loan_k15_l5_sup50_anonymized.csv
2025-05-08 18:57:12,434 - INFO -  [ANONYMIZATION] Java anonymization completed successfully.
2025-05-08 18:57:12,434 - INFO -  [ANONYMIZATION] Java STDOUT:
📄 Java received config path: /mnt/NVMETank/Projects/Students/Dele/A-STUDY-INTO-THE-QUALITY-AND-USABILITY-OF-PRIVACY-FRIENDLY-SYNTHETIC-DATA/configs/generated_configs/loan/loan_anon_k15_sl0p5_l5.yaml
🔹 Loading config from: /mnt/NVMETank/Projects/Students/Dele/A-STUDY-INTO-THE-QUALITY-AND-USABILITY-OF-PRIVACY-FRIENDLY-SYNTHETIC-DATA/configs/generated_configs/loan/loan_anon_k15_sl0p5_l5.yaml
Loading config from: /mnt/NVMETank/Projects/Students/Dele/A-STUDY-INTO-THE-QUALITY-AND-USABILITY-OF-PRIVACY-FRIENDLY-SYNTHETIC-DATA/configs/generated_configs/loan/loan_anon_k15_sl0p5_l5.yaml
📂 Dataset Path (from args): /mnt/NVMETank/Projects/Students/Dele/A-STUDY-INTO-THE-QUALITY-AND-USABILITY-OF-PRIVACY-FRIENDLY-SYNTHETIC-DATA/datasets/train/loan_train_raw.csv
🔹 Dataset Separator: ,
🔹 Suppression Limit: 0.5

🔹 Configured Attributes:
  ✅ Quasi-Identifier: Gender
  ✅ Quasi-Identifier: Married
  ✅ Quasi-Identifier: Education
  ✅ Quasi-Identifier: Dependents
  ✅ Quasi-Identifier: Self_Employed
  ✅ Quasi-Identifier: Property_Area
  ✅ Quasi-Identifier: Credit_History
  ✅ Quasi-Identifier: Loan_Amount_Term
  ✅ Sensitive Attribute: LoanAmount
  ✅ Insensitive Attribute: Loan_Status
  ✅ Insensitive Attribute: ApplicantIncome
  ✅ Insensitive Attribute: CoapplicantIncome

🔹 Defined Hierarchies:
  ✅ Property_Area -> /mnt/NVMETank/Projects/Students/Dele/A-STUDY-INTO-THE-QUALITY-AND-USABILITY-OF-PRIVACY-FRIENDLY-SYNTHETIC-DATA/src/anonymization/anonymARXij/src/hierarchies_loan/property_area.csv
  ✅ Self_Employed -> /mnt/NVMETank/Projects/Students/Dele/A-STUDY-INTO-THE-QUALITY-AND-USABILITY-OF-PRIVACY-FRIENDLY-SYNTHETIC-DATA/src/anonymization/anonymARXij/src/hierarchies_loan/self_employed.csv
  ✅ Credit_History -> /mnt/NVMETank/Projects/Students/Dele/A-STUDY-INTO-THE-QUALITY-AND-USABILITY-OF-PRIVACY-FRIENDLY-SYNTHETIC-DATA/src/anonymization/anonymARXij/src/hierarchies_loan/credit_history.csv
  ✅ Dependents -> /mnt/NVMETank/Projects/Students/Dele/A-STUDY-INTO-THE-QUALITY-AND-USABILITY-OF-PRIVACY-FRIENDLY-SYNTHETIC-DATA/src/anonymization/anonymARXij/src/hierarchies_loan/dependents.csv
  ✅ Education -> /mnt/NVMETank/Projects/Students/Dele/A-STUDY-INTO-THE-QUALITY-AND-USABILITY-OF-PRIVACY-FRIENDLY-SYNTHETIC-DATA/src/anonymization/anonymARXij/src/hierarchies_loan/education.csv
  ✅ Loan_Amount_Term -> /mnt/NVMETank/Projects/Students/Dele/A-STUDY-INTO-THE-QUALITY-AND-USABILITY-OF-PRIVACY-FRIENDLY-SYNTHETIC-DATA/src/anonymization/anonymARXij/src/hierarchies_loan/loan_amount_terms.csv
  ✅ Married -> /mnt/NVMETank/Projects/Students/Dele/A-STUDY-INTO-THE-QUALITY-AND-USABILITY-OF-PRIVACY-FRIENDLY-SYNTHETIC-DATA/src/anonymization/anonymARXij/src/hierarchies_loan/married.csv
  ✅ Gender -> /mnt/NVMETank/Projects/Students/Dele/A-STUDY-INTO-THE-QUALITY-AND-USABILITY-OF-PRIVACY-FRIENDLY-SYNTHETIC-DATA/src/anonymization/anonymARXij/src/hierarchies_loan/gender.csv
Java is searching for hierarchy file at: /mnt/NVMETank/Projects/Students/Dele/A-STUDY-INTO-THE-QUALITY-AND-USABILITY-OF-PRIVACY-FRIENDLY-SYNTHETIC-DATA/src/anonymization/anonymARXij/src/hierarchies_loan/property_area.csv
Java is searching for hierarchy file at: /mnt/NVMETank/Projects/Students/Dele/A-STUDY-INTO-THE-QUALITY-AND-USABILITY-OF-PRIVACY-FRIENDLY-SYNTHETIC-DATA/src/anonymization/anonymARXij/src/hierarchies_loan/self_employed.csv
Java is searching for hierarchy file at: /mnt/NVMETank/Projects/Students/Dele/A-STUDY-INTO-THE-QUALITY-AND-USABILITY-OF-PRIVACY-FRIENDLY-SYNTHETIC-DATA/src/anonymization/anonymARXij/src/hierarchies_loan/credit_history.csv
Java is searching for hierarchy file at: /mnt/NVMETank/Projects/Students/Dele/A-STUDY-INTO-THE-QUALITY-AND-USABILITY-OF-PRIVACY-FRIENDLY-SYNTHETIC-DATA/src/anonymization/anonymARXij/src/hierarchies_loan/dependents.csv
Java is searching for hierarchy file at: /mnt/NVMETank/Projects/Students/Dele/A-STUDY-INTO-THE-QUALITY-AND-USABILITY-OF-PRIVACY-FRIENDLY-SYNTHETIC-DATA/src/anonymization/anonymARXij/src/hierarchies_loan/education.csv
Java is searching for hierarchy file at: /mnt/NVMETank/Projects/Students/Dele/A-STUDY-INTO-THE-QUALITY-AND-USABILITY-OF-PRIVACY-FRIENDLY-SYNTHETIC-DATA/src/anonymization/anonymARXij/src/hierarchies_loan/loan_amount_terms.csv
Java is searching for hierarchy file at: /mnt/NVMETank/Projects/Students/Dele/A-STUDY-INTO-THE-QUALITY-AND-USABILITY-OF-PRIVACY-FRIENDLY-SYNTHETIC-DATA/src/anonymization/anonymARXij/src/hierarchies_loan/married.csv
Java is searching for hierarchy file at: /mnt/NVMETank/Projects/Students/Dele/A-STUDY-INTO-THE-QUALITY-AND-USABILITY-OF-PRIVACY-FRIENDLY-SYNTHETIC-DATA/src/anonymization/anonymARXij/src/hierarchies_loan/gender.csv
✓ Applied Entropy L-Diversity on: LoanAmount (l=5)
🔹 Privacy Models Configured
📂 Anonymized Output Path (from args): /mnt/NVMETank/Projects/Students/Dele/A-STUDY-INTO-THE-QUALITY-AND-USABILITY-OF-PRIVACY-FRIENDLY-SYNTHETIC-DATA/datasets/anonymized/loan_k15_l5_sup50_anonymized.csv
📂 Anonymized Output Path: /mnt/NVMETank/Projects/Students/Dele/A-STUDY-INTO-THE-QUALITY-AND-USABILITY-OF-PRIVACY-FRIENDLY-SYNTHETIC-DATA/datasets/anonymized/loan_k15_l5_sup50_anonymized.csv
✅ Anonymization completed. Output saved to: /mnt/NVMETank/Projects/Students/Dele/A-STUDY-INTO-THE-QUALITY-AND-USABILITY-OF-PRIVACY-FRIENDLY-SYNTHETIC-DATA/datasets/anonymized/loan_k15_l5_sup50_anonymized.csv
Anonymized Data Quality Metrics:
 - Ambiguity: 0.7851239669421488
 - AECS: 0.8477218225419665
 - Discernibility: 0.564765622176443
 - Granularity: 0.48948475289169247
 - MSE: 0.625
 - Non-Uniform Entropy: 0.2649421875614083
 - Precision: 0.5112847222222221
 - Record-level SE: 0.497513545013899
Equivalence Class Statistics:
 - Number of Classes: 5
 - Average Class Size: 53.2
Suppression Statistics:
 - Suppressed Records: 70
 - Suppression Percentage: 20.83%
2025-05-08 18:57:12,434 - INFO - Anonymized data saved to: /mnt/NVMETank/Projects/Students/Dele/A-STUDY-INTO-THE-QUALITY-AND-USABILITY-OF-PRIVACY-FRIENDLY-SYNTHETIC-DATA/datasets/anonymized/loan_k15_l5_sup50_anonymized.csv
2025-05-08 18:57:12,445 - INFO - Anonymous data report saved at: outputs/batch/loan_batch_2025-05-08_18-38-44/loan_anon_k15_sl0p5_l5/anonymous_data_report.txt
2025-05-08 18:57:12,445 - INFO -  [POSTPROCESSING] Postprocessing anonymized data: /mnt/NVMETank/Projects/Students/Dele/A-STUDY-INTO-THE-QUALITY-AND-USABILITY-OF-PRIVACY-FRIENDLY-SYNTHETIC-DATA/datasets/anonymized/loan_k15_l5_sup50_anonymized.csv
2025-05-08 18:57:12,446 - INFO -  [POSTPROCESSING] Loaded anonymized data: (336, 12)
2025-05-08 18:57:12,451 - INFO -  [POSTPROCESSING] Loaded fallback maps from training data. Categorical cols: 7, Numeric cols: 5
2025-05-08 18:57:12,452 - INFO -  [POSTPROCESSING] Normalizing anonymized data using ARX artifact cleaning and fallback values.
2025-05-08 18:57:12,471 - INFO -  [POSTPROCESSING] Normalized anonymized data saved to: /mnt/NVMETank/Projects/Students/Dele/A-STUDY-INTO-THE-QUALITY-AND-USABILITY-OF-PRIVACY-FRIENDLY-SYNTHETIC-DATA/datasets/anonymized/loan_k15_l5_sup50_anonymized_processed.csv
2025-05-08 18:57:12,482 - INFO -  [POSTPROCESSING] Binary Encoding applied to anonymized data. Encoded shape: (336, 19)
2025-05-08 18:57:12,483 - INFO -  [POSTPROCESSING] Encoded anonymized dataset saved to: /mnt/NVMETank/Projects/Students/Dele/A-STUDY-INTO-THE-QUALITY-AND-USABILITY-OF-PRIVACY-FRIENDLY-SYNTHETIC-DATA/datasets/anonymized/loan_k15_l5_sup50_anonymized_encoded.csv
2025-05-08 18:57:12,483 - INFO -  [POSTPROCESSING] Encoding map generated for anonymized data: 0 original categorical columns.
2025-05-08 18:57:12,484 - INFO - Postprocessing report saved at: outputs/batch/loan_batch_2025-05-08_18-38-44/loan_anon_k15_sl0p5_l5/postprocessing_report.txt
2025-05-08 18:57:12,484 - INFO - enable_synthetic_generation = False
2025-05-08 18:57:12,484 - INFO - Synthetic Data Generation Skipped (Disabled in Configuration).
2025-05-08 18:57:12,484 - INFO - Running Hybrid Pipeline...
2025-05-08 18:57:12,484 - INFO -  [HYBRID] Executing run_hybrid...
2025-05-08 18:57:12,484 - INFO -  [HYBRID] Looking for encoded anonymized data in /mnt/NVMETank/Projects/Students/Dele/A-STUDY-INTO-THE-QUALITY-AND-USABILITY-OF-PRIVACY-FRIENDLY-SYNTHETIC-DATA/datasets/anonymized/loan_k15_l5_sup50_anonymized_encoded.csv
2025-05-08 18:57:12,484 - INFO -  [HYBRID ] Loaded cached encoded anonymous data from /mnt/NVMETank/Projects/Students/Dele/A-STUDY-INTO-THE-QUALITY-AND-USABILITY-OF-PRIVACY-FRIENDLY-SYNTHETIC-DATA/datasets/anonymized/loan_k15_l5_sup50_anonymized_encoded.csv
2025-05-08 18:57:12,485 - INFO -  [HYBRID] Starting synthetic generation for hybrid pipeline...
2025-05-08 18:57:12,485 - INFO - Executing run_synthetic.....
2025-05-08 18:57:12,485 - INFO - [SYNTHETIC PIPELINE] executing run_synthetic for loan_k15_l5_sup50...
2025-05-08 18:57:12,485 - INFO - [SYNTHETIC] Processing dataset: loan_k15_l5_sup50
2025-05-08 18:57:12,485 - INFO - [SYNTHETIC] Original dataset size: 336 rows
2025-05-08 18:57:12,494 - INFO - Detected metadata:
2025-05-08 18:57:12,495 - INFO - {
    "columns": {
        "Gender_0": {
            "sdtype": "categorical"
        },
        "Gender_1": {
            "sdtype": "categorical"
        },
        "Married_0": {
            "sdtype": "categorical"
        },
        "Married_1": {
            "sdtype": "categorical"
        },
        "Dependents_0": {
            "sdtype": "categorical"
        },
        "Dependents_1": {
            "sdtype": "categorical"
        },
        "Dependents_2": {
            "sdtype": "categorical"
        },
        "Education_0": {
            "sdtype": "categorical"
        },
        "Education_1": {
            "sdtype": "categorical"
        },
        "Self_Employed_0": {
            "sdtype": "categorical"
        },
        "Self_Employed_1": {
            "sdtype": "categorical"
        },
        "ApplicantIncome": {
            "sdtype": "numerical"
        },
        "CoapplicantIncome": {
            "sdtype": "numerical"
        },
        "LoanAmount": {
            "sdtype": "numerical"
        },
        "Loan_Amount_Term": {
            "sdtype": "categorical"
        },
        "Credit_History": {
            "sdtype": "categorical"
        },
        "Property_Area_0": {
            "sdtype": "categorical"
        },
        "Property_Area_1": {
            "sdtype": "categorical"
        },
        "Loan_Status": {
            "sdtype": "categorical"
        }
    },
    "METADATA_SPEC_VERSION": "SINGLE_TABLE_V1"
}
2025-05-08 18:57:12,495 - INFO - [SYNTHETIC] Preparing synthesizer: CTGAN
2025-05-08 18:57:12,495 - INFO - [SYNTHETIC] Params from config: {'epochs': 300}
2025-05-08 18:57:12,495 - INFO -  [SYNTHETIC] No pre-trained synthesizer found
2025-05-08 18:57:12,495 - INFO - [SYNTHETIC] Training new CTGAN synthesizer from scratch...
2025-05-08 18:57:12,495 - WARNING - [FutureWarning] The 'SingleTableMetadata' is deprecated. Please use the new 'Metadata' class for synthesizers. (from /mnt/NVMETank/Projects/Students/Dele/A-STUDY-INTO-THE-QUALITY-AND-USABILITY-OF-PRIVACY-FRIENDLY-SYNTHETIC-DATA/.venv/lib/python3.12/site-packages/sdv/single_table/base.py:119)
2025-05-08 18:57:12,495 - WARNING - [UserWarning] We strongly recommend saving the metadata using 'save_to_json' for replicability in future SDV versions. (from /mnt/NVMETank/Projects/Students/Dele/A-STUDY-INTO-THE-QUALITY-AND-USABILITY-OF-PRIVACY-FRIENDLY-SYNTHETIC-DATA/.venv/lib/python3.12/site-packages/sdv/single_table/base.py:104)
2025-05-08 18:57:12,499 - INFO - {'EVENT': 'Instance', 'TIMESTAMP': datetime.datetime(2025, 5, 8, 18, 57, 12, 499515), 'SYNTHESIZER CLASS NAME': 'CTGANSynthesizer', 'SYNTHESIZER ID': 'CTGANSynthesizer_1.18.0_6ea259a4c3a14f76ad351fc2ac6b1b73'}
2025-05-08 18:57:12,499 - INFO - [SYNTHETIC] CTGAN initialized with epochs: 300
2025-05-08 18:57:12,499 - INFO - [SYNTHETIC] Training parameters for CTGAN: {}
2025-05-08 18:57:12,499 - INFO - [SYNTHETIC] fitting CTGAN 
2025-05-08 18:57:12,499 - INFO - {'EVENT': 'Fit', 'TIMESTAMP': datetime.datetime(2025, 5, 8, 18, 57, 12, 499716), 'SYNTHESIZER CLASS NAME': 'CTGANSynthesizer', 'SYNTHESIZER ID': 'CTGANSynthesizer_1.18.0_6ea259a4c3a14f76ad351fc2ac6b1b73', 'TOTAL NUMBER OF TABLES': 1, 'TOTAL NUMBER OF ROWS': 336, 'TOTAL NUMBER OF COLUMNS': 19}
2025-05-08 18:57:12,500 - INFO - Fitting table  metadata
2025-05-08 18:57:12,501 - INFO - Fitting formatters for table 
2025-05-08 18:57:12,503 - INFO - Fitting constraints for table 
2025-05-08 18:57:12,503 - INFO - Setting the configuration for the ``HyperTransformer`` for table 
2025-05-08 18:57:12,504 - INFO - Fitting HyperTransformer for table 
2025-05-08 18:57:12,517 - INFO - {'EVENT': 'Fit processed data', 'TIMESTAMP': datetime.datetime(2025, 5, 8, 18, 57, 12, 517691), 'SYNTHESIZER CLASS NAME': 'CTGANSynthesizer', 'SYNTHESIZER ID': 'CTGANSynthesizer_1.18.0_6ea259a4c3a14f76ad351fc2ac6b1b73', 'TOTAL NUMBER OF TABLES': 1, 'TOTAL NUMBER OF ROWS': 336, 'TOTAL NUMBER OF COLUMNS': 19}
2025-05-08 18:57:12,548 - INFO - Guidance: There are no missing values in column ApplicantIncome. Extra column not created.
2025-05-08 18:57:12,649 - INFO - Guidance: There are no missing values in column CoapplicantIncome. Extra column not created.
2025-05-08 18:57:12,682 - INFO - Guidance: There are no missing values in column LoanAmount. Extra column not created.
2025-05-08 18:57:34,982 - INFO - [SYNTHETIC] Fitting complete for CTGAN. Duration: 22.48 seconds.
2025-05-08 18:57:34,982 - INFO - [SYNTHETIC] CONFIRMATION CTGAN actually trained with epochs = 300
2025-05-08 18:57:34,982 - INFO - {'EVENT': 'Save', 'TIMESTAMP': datetime.datetime(2025, 5, 8, 18, 57, 34, 982772), 'SYNTHESIZER CLASS NAME': 'CTGANSynthesizer', 'SYNTHESIZER ID': 'CTGANSynthesizer_1.18.0_6ea259a4c3a14f76ad351fc2ac6b1b73'}
2025-05-08 18:57:35,024 - INFO - [SYNTHETIC] CTGAN trained and saved.
2025-05-08 18:57:35,024 - INFO - [SYNTHETIC] Preparing synthesizer: GaussianCopula
2025-05-08 18:57:35,024 - INFO - [SYNTHETIC] Params from config: {}
2025-05-08 18:57:35,024 - INFO -  [SYNTHETIC] No pre-trained synthesizer found
2025-05-08 18:57:35,024 - INFO - [SYNTHETIC] Training new GaussianCopula synthesizer from scratch...
2025-05-08 18:57:35,024 - WARNING - [FutureWarning] The 'SingleTableMetadata' is deprecated. Please use the new 'Metadata' class for synthesizers. (from /mnt/NVMETank/Projects/Students/Dele/A-STUDY-INTO-THE-QUALITY-AND-USABILITY-OF-PRIVACY-FRIENDLY-SYNTHETIC-DATA/.venv/lib/python3.12/site-packages/sdv/single_table/base.py:119)
2025-05-08 18:57:35,026 - INFO - {'EVENT': 'Instance', 'TIMESTAMP': datetime.datetime(2025, 5, 8, 18, 57, 35, 26511), 'SYNTHESIZER CLASS NAME': 'GaussianCopulaSynthesizer', 'SYNTHESIZER ID': 'GaussianCopulaSynthesizer_1.18.0_75d79ce6ff9f43e9a310323a5868b78d'}
2025-05-08 18:57:35,026 - INFO - [SYNTHETIC] fitting GaussianCopula 
2025-05-08 18:57:35,026 - INFO - {'EVENT': 'Fit', 'TIMESTAMP': datetime.datetime(2025, 5, 8, 18, 57, 35, 26638), 'SYNTHESIZER CLASS NAME': 'GaussianCopulaSynthesizer', 'SYNTHESIZER ID': 'GaussianCopulaSynthesizer_1.18.0_75d79ce6ff9f43e9a310323a5868b78d', 'TOTAL NUMBER OF TABLES': 1, 'TOTAL NUMBER OF ROWS': 336, 'TOTAL NUMBER OF COLUMNS': 19}
2025-05-08 18:57:35,027 - INFO - Fitting table  metadata
2025-05-08 18:57:35,028 - INFO - Fitting formatters for table 
2025-05-08 18:57:35,029 - INFO - Fitting constraints for table 
2025-05-08 18:57:35,029 - INFO - Setting the configuration for the ``HyperTransformer`` for table 
2025-05-08 18:57:35,035 - INFO - Fitting HyperTransformer for table 
2025-05-08 18:57:35,134 - INFO - {'EVENT': 'Fit processed data', 'TIMESTAMP': datetime.datetime(2025, 5, 8, 18, 57, 35, 134908), 'SYNTHESIZER CLASS NAME': 'GaussianCopulaSynthesizer', 'SYNTHESIZER ID': 'GaussianCopulaSynthesizer_1.18.0_75d79ce6ff9f43e9a310323a5868b78d', 'TOTAL NUMBER OF TABLES': 1, 'TOTAL NUMBER OF ROWS': 336, 'TOTAL NUMBER OF COLUMNS': 19}
2025-05-08 18:57:35,135 - INFO - Fitting GaussianMultivariate(distribution="{'Gender_0': <class 'copulas.univariate.beta.BetaUnivariate'>, 'Gender_1': <class 'copulas.univariate.beta.BetaUnivariate'>, 'Married_0': <class 'copulas.univariate.beta.BetaUnivariate'>, 'Married_1': <class 'copulas.univariate.beta.BetaUnivariate'>, 'Dependents_0': <class 'copulas.univariate.beta.BetaUnivariate'>, 'Dependents_1': <class 'copulas.univariate.beta.BetaUnivariate'>, 'Dependents_2': <class 'copulas.univariate.beta.BetaUnivariate'>, 'Education_0': <class 'copulas.univariate.beta.BetaUnivariate'>, 'Education_1': <class 'copulas.univariate.beta.BetaUnivariate'>, 'Self_Employed_0': <class 'copulas.univariate.beta.BetaUnivariate'>, 'Self_Employed_1': <class 'copulas.univariate.beta.BetaUnivariate'>, 'ApplicantIncome': <class 'copulas.univariate.beta.BetaUnivariate'>, 'CoapplicantIncome': <class 'copulas.univariate.beta.BetaUnivariate'>, 'LoanAmount': <class 'copulas.univariate.beta.BetaUnivariate'>, 'Loan_Amount_Term': <class 'copulas.univariate.beta.BetaUnivariate'>, 'Credit_History': <class 'copulas.univariate.beta.BetaUnivariate'>, 'Property_Area_0': <class 'copulas.univariate.beta.BetaUnivariate'>, 'Property_Area_1': <class 'copulas.univariate.beta.BetaUnivariate'>, 'Loan_Status': <class 'copulas.univariate.beta.BetaUnivariate'>}")
2025-05-08 18:57:35,675 - INFO - [SYNTHETIC] Fitting complete for GaussianCopula. Duration: 0.65 seconds.
2025-05-08 18:57:35,675 - WARNING - [SYNTHETIC] WARNING Could not determine actual epochs used for GaussianCopula
2025-05-08 18:57:35,675 - INFO - {'EVENT': 'Save', 'TIMESTAMP': datetime.datetime(2025, 5, 8, 18, 57, 35, 675571), 'SYNTHESIZER CLASS NAME': 'GaussianCopulaSynthesizer', 'SYNTHESIZER ID': 'GaussianCopulaSynthesizer_1.18.0_75d79ce6ff9f43e9a310323a5868b78d'}
2025-05-08 18:57:35,683 - INFO - [SYNTHETIC] GaussianCopula trained and saved.
2025-05-08 18:57:35,683 - INFO - [SYNTHETIC] Preparing synthesizer: TVAE
2025-05-08 18:57:35,683 - INFO - [SYNTHETIC] Params from config: {'epochs': 300}
2025-05-08 18:57:35,683 - INFO -  [SYNTHETIC] No pre-trained synthesizer found
2025-05-08 18:57:35,683 - INFO - [SYNTHETIC] Training new TVAE synthesizer from scratch...
2025-05-08 18:57:35,683 - WARNING - [FutureWarning] The 'SingleTableMetadata' is deprecated. Please use the new 'Metadata' class for synthesizers. (from /mnt/NVMETank/Projects/Students/Dele/A-STUDY-INTO-THE-QUALITY-AND-USABILITY-OF-PRIVACY-FRIENDLY-SYNTHETIC-DATA/.venv/lib/python3.12/site-packages/sdv/single_table/base.py:119)
2025-05-08 18:57:35,685 - INFO - {'EVENT': 'Instance', 'TIMESTAMP': datetime.datetime(2025, 5, 8, 18, 57, 35, 685781), 'SYNTHESIZER CLASS NAME': 'TVAESynthesizer', 'SYNTHESIZER ID': 'TVAESynthesizer_1.18.0_4b20efe417634545ae6254f849cacd04'}
2025-05-08 18:57:35,685 - INFO - [SYNTHETIC] TVAE initialized with epochs: 300
2025-05-08 18:57:35,685 - INFO - [SYNTHETIC] Training parameters for TVAE: {}
2025-05-08 18:57:35,685 - INFO - [SYNTHETIC] fitting TVAE 
2025-05-08 18:57:35,685 - INFO - {'EVENT': 'Fit', 'TIMESTAMP': datetime.datetime(2025, 5, 8, 18, 57, 35, 685977), 'SYNTHESIZER CLASS NAME': 'TVAESynthesizer', 'SYNTHESIZER ID': 'TVAESynthesizer_1.18.0_4b20efe417634545ae6254f849cacd04', 'TOTAL NUMBER OF TABLES': 1, 'TOTAL NUMBER OF ROWS': 336, 'TOTAL NUMBER OF COLUMNS': 19}
2025-05-08 18:57:35,687 - INFO - Fitting table  metadata
2025-05-08 18:57:35,687 - INFO - Fitting formatters for table 
2025-05-08 18:57:35,689 - INFO - Fitting constraints for table 
2025-05-08 18:57:35,689 - INFO - Setting the configuration for the ``HyperTransformer`` for table 
2025-05-08 18:57:35,690 - INFO - Fitting HyperTransformer for table 
2025-05-08 18:57:35,702 - INFO - {'EVENT': 'Fit processed data', 'TIMESTAMP': datetime.datetime(2025, 5, 8, 18, 57, 35, 702129), 'SYNTHESIZER CLASS NAME': 'TVAESynthesizer', 'SYNTHESIZER ID': 'TVAESynthesizer_1.18.0_4b20efe417634545ae6254f849cacd04', 'TOTAL NUMBER OF TABLES': 1, 'TOTAL NUMBER OF ROWS': 336, 'TOTAL NUMBER OF COLUMNS': 19}
2025-05-08 18:57:35,715 - INFO - Guidance: There are no missing values in column ApplicantIncome. Extra column not created.
2025-05-08 18:57:35,789 - INFO - Guidance: There are no missing values in column CoapplicantIncome. Extra column not created.
2025-05-08 18:57:35,823 - INFO - Guidance: There are no missing values in column LoanAmount. Extra column not created.
2025-05-08 18:57:38,442 - INFO - [SYNTHETIC] Fitting complete for TVAE. Duration: 2.76 seconds.
2025-05-08 18:57:38,442 - INFO - [SYNTHETIC] CONFIRMATION TVAE actually trained with epochs = 300
2025-05-08 18:57:38,442 - INFO - {'EVENT': 'Save', 'TIMESTAMP': datetime.datetime(2025, 5, 8, 18, 57, 38, 442783), 'SYNTHESIZER CLASS NAME': 'TVAESynthesizer', 'SYNTHESIZER ID': 'TVAESynthesizer_1.18.0_4b20efe417634545ae6254f849cacd04'}
2025-05-08 18:57:38,477 - INFO - [SYNTHETIC] TVAE trained and saved.
2025-05-08 18:57:38,477 - INFO - [SYNTHETIC] Using CTGAN to generate 336 rows...
2025-05-08 18:57:38,551 - INFO - {'EVENT': 'Sample', 'TIMESTAMP': datetime.datetime(2025, 5, 8, 18, 57, 38, 477486), 'SYNTHESIZER CLASS NAME': 'CTGANSynthesizer', 'SYNTHESIZER ID': 'CTGANSynthesizer_1.18.0_6ea259a4c3a14f76ad351fc2ac6b1b73', 'TOTAL NUMBER OF TABLES': 1, 'TOTAL NUMBER OF ROWS': 336, 'TOTAL NUMBER OF COLUMNS': 19}
2025-05-08 18:57:38,551 - INFO - [SYNTHETIC] CTGAN completed: 336 rows generated.
2025-05-08 18:57:38,551 - INFO - [SYNTHETIC] Target class distribution for CTGAN: {'Y': 230, 'N': 106}
2025-05-08 18:57:38,551 - INFO - [SYNTHETIC] Using GaussianCopula to generate 336 rows...
2025-05-08 18:57:38,623 - INFO - {'EVENT': 'Sample', 'TIMESTAMP': datetime.datetime(2025, 5, 8, 18, 57, 38, 551824), 'SYNTHESIZER CLASS NAME': 'GaussianCopulaSynthesizer', 'SYNTHESIZER ID': 'GaussianCopulaSynthesizer_1.18.0_75d79ce6ff9f43e9a310323a5868b78d', 'TOTAL NUMBER OF TABLES': 1, 'TOTAL NUMBER OF ROWS': 336, 'TOTAL NUMBER OF COLUMNS': 19}
2025-05-08 18:57:38,624 - INFO - [SYNTHETIC] GaussianCopula completed: 336 rows generated.
2025-05-08 18:57:38,624 - INFO - [SYNTHETIC] Target class distribution for GaussianCopula: {'Y': 234, 'N': 102}
2025-05-08 18:57:38,624 - INFO - [SYNTHETIC] Using TVAE to generate 336 rows...
2025-05-08 18:57:38,716 - INFO - {'EVENT': 'Sample', 'TIMESTAMP': datetime.datetime(2025, 5, 8, 18, 57, 38, 624853), 'SYNTHESIZER CLASS NAME': 'TVAESynthesizer', 'SYNTHESIZER ID': 'TVAESynthesizer_1.18.0_4b20efe417634545ae6254f849cacd04', 'TOTAL NUMBER OF TABLES': 1, 'TOTAL NUMBER OF ROWS': 336, 'TOTAL NUMBER OF COLUMNS': 19}
2025-05-08 18:57:38,717 - INFO - [SYNTHETIC] TVAE completed: 336 rows generated.
2025-05-08 18:57:38,717 - INFO - [SYNTHETIC] Target class distribution for TVAE: {'Y': 336}
2025-05-08 18:57:38,717 - INFO - [SYNTHETIC PIPELINE] Synthetic Data Generation Completed.
2025-05-08 18:57:38,717 - INFO - [SYNTHETIC PIPELINE] Synthesizers used: ['CTGAN', 'GaussianCopula', 'TVAE']
2025-05-08 18:57:38,717 - INFO - [SYNTHETIC PIPELINE] Evaluating synthetic dataset generated by CTGAN...
2025-05-08 18:57:38,717 - INFO - [SYNTHETIC EVAL] Real data columns     (19): ['Gender_0', 'Gender_1', 'Married_0', 'Married_1', 'Dependents_0', 'Dependents_1', 'Dependents_2', 'Education_0', 'Education_1', 'Self_Employed_0', 'Self_Employed_1', 'ApplicantIncome', 'CoapplicantIncome', 'LoanAmount', 'Loan_Amount_Term', 'Credit_History', 'Property_Area_0', 'Property_Area_1', 'Loan_Status']
2025-05-08 18:57:38,718 - INFO - [SYNTHETIC EVAL] Synthetic data columns (19): ['Gender_0', 'Gender_1', 'Married_0', 'Married_1', 'Dependents_0', 'Dependents_1', 'Dependents_2', 'Education_0', 'Education_1', 'Self_Employed_0', 'Self_Employed_1', 'ApplicantIncome', 'CoapplicantIncome', 'LoanAmount', 'Loan_Amount_Term', 'Credit_History', 'Property_Area_0', 'Property_Area_1', 'Loan_Status']
2025-05-08 18:57:38,718 - INFO - [SYNTHETIC EVAL] Metadata columns      (19): ['Gender_0', 'Gender_1', 'Married_0', 'Married_1', 'Dependents_0', 'Dependents_1', 'Dependents_2', 'Education_0', 'Education_1', 'Self_Employed_0', 'Self_Employed_1', 'ApplicantIncome', 'CoapplicantIncome', 'LoanAmount', 'Loan_Amount_Term', 'Credit_History', 'Property_Area_0', 'Property_Area_1', 'Loan_Status']
2025-05-08 18:57:38,718 - INFO - [SYNTHETIC EVAL] Shape — Real: (336, 19), Synthetic: (336, 19)
2025-05-08 18:57:38,718 - INFO - [SYNTHETIC EVAL] Metadata structure:
{
  "columns": {
    "Gender_0": {
      "sdtype": "categorical"
    },
    "Gender_1": {
      "sdtype": "categorical"
    },
    "Married_0": {
      "sdtype": "categorical"
    },
    "Married_1": {
      "sdtype": "categorical"
    },
    "Dependents_0": {
      "sdtype": "categorical"
    },
    "Dependents_1": {
      "sdtype": "categorical"
    },
    "Dependents_2": {
      "sdtype": "categorical"
    },
    "Education_0": {
      "sdtype": "categorical"
    },
    "Education_1": {
      "sdtype": "categorical"
    },
    "Self_Employed_0": {
      "sdtype": "categorical"
    },
    "Self_Employed_1": {
      "sdtype": "categorical"
    },
    "ApplicantIncome": {
      "sdtype": "numerical"
    },
    "CoapplicantIncome": {
      "sdtype": "numerical"
    },
    "LoanAmount": {
      "sdtype": "numerical"
    },
    "Loan_Amount_Term": {
      "sdtype": "categorical"
    },
    "Credit_History": {
      "sdtype": "categorical"
    },
    "Property_Area_0": {
      "sdtype": "categorical"
    },
    "Property_Area_1": {
      "sdtype": "categorical"
    },
    "Loan_Status": {
      "sdtype": "categorical"
    }
  },
  "METADATA_SPEC_VERSION": "SINGLE_TABLE_V1"
}
2025-05-08 18:57:39,097 - INFO - [SYNTHETIC PIPELINE] Evaluating synthetic dataset generated by GaussianCopula...
2025-05-08 18:57:39,097 - INFO - [SYNTHETIC EVAL] Real data columns     (19): ['Gender_0', 'Gender_1', 'Married_0', 'Married_1', 'Dependents_0', 'Dependents_1', 'Dependents_2', 'Education_0', 'Education_1', 'Self_Employed_0', 'Self_Employed_1', 'ApplicantIncome', 'CoapplicantIncome', 'LoanAmount', 'Loan_Amount_Term', 'Credit_History', 'Property_Area_0', 'Property_Area_1', 'Loan_Status']
2025-05-08 18:57:39,098 - INFO - [SYNTHETIC EVAL] Synthetic data columns (19): ['Gender_0', 'Gender_1', 'Married_0', 'Married_1', 'Dependents_0', 'Dependents_1', 'Dependents_2', 'Education_0', 'Education_1', 'Self_Employed_0', 'Self_Employed_1', 'ApplicantIncome', 'CoapplicantIncome', 'LoanAmount', 'Loan_Amount_Term', 'Credit_History', 'Property_Area_0', 'Property_Area_1', 'Loan_Status']
2025-05-08 18:57:39,098 - INFO - [SYNTHETIC EVAL] Metadata columns      (19): ['Gender_0', 'Gender_1', 'Married_0', 'Married_1', 'Dependents_0', 'Dependents_1', 'Dependents_2', 'Education_0', 'Education_1', 'Self_Employed_0', 'Self_Employed_1', 'ApplicantIncome', 'CoapplicantIncome', 'LoanAmount', 'Loan_Amount_Term', 'Credit_History', 'Property_Area_0', 'Property_Area_1', 'Loan_Status']
2025-05-08 18:57:39,098 - INFO - [SYNTHETIC EVAL] Shape — Real: (336, 19), Synthetic: (336, 19)
2025-05-08 18:57:39,098 - INFO - [SYNTHETIC EVAL] Metadata structure:
{
  "columns": {
    "Gender_0": {
      "sdtype": "categorical"
    },
    "Gender_1": {
      "sdtype": "categorical"
    },
    "Married_0": {
      "sdtype": "categorical"
    },
    "Married_1": {
      "sdtype": "categorical"
    },
    "Dependents_0": {
      "sdtype": "categorical"
    },
    "Dependents_1": {
      "sdtype": "categorical"
    },
    "Dependents_2": {
      "sdtype": "categorical"
    },
    "Education_0": {
      "sdtype": "categorical"
    },
    "Education_1": {
      "sdtype": "categorical"
    },
    "Self_Employed_0": {
      "sdtype": "categorical"
    },
    "Self_Employed_1": {
      "sdtype": "categorical"
    },
    "ApplicantIncome": {
      "sdtype": "numerical"
    },
    "CoapplicantIncome": {
      "sdtype": "numerical"
    },
    "LoanAmount": {
      "sdtype": "numerical"
    },
    "Loan_Amount_Term": {
      "sdtype": "categorical"
    },
    "Credit_History": {
      "sdtype": "categorical"
    },
    "Property_Area_0": {
      "sdtype": "categorical"
    },
    "Property_Area_1": {
      "sdtype": "categorical"
    },
    "Loan_Status": {
      "sdtype": "categorical"
    }
  },
  "METADATA_SPEC_VERSION": "SINGLE_TABLE_V1"
}
2025-05-08 18:57:39,441 - INFO - [SYNTHETIC PIPELINE] Evaluating synthetic dataset generated by TVAE...
2025-05-08 18:57:39,441 - INFO - [SYNTHETIC EVAL] Real data columns     (19): ['Gender_0', 'Gender_1', 'Married_0', 'Married_1', 'Dependents_0', 'Dependents_1', 'Dependents_2', 'Education_0', 'Education_1', 'Self_Employed_0', 'Self_Employed_1', 'ApplicantIncome', 'CoapplicantIncome', 'LoanAmount', 'Loan_Amount_Term', 'Credit_History', 'Property_Area_0', 'Property_Area_1', 'Loan_Status']
2025-05-08 18:57:39,441 - INFO - [SYNTHETIC EVAL] Synthetic data columns (19): ['Gender_0', 'Gender_1', 'Married_0', 'Married_1', 'Dependents_0', 'Dependents_1', 'Dependents_2', 'Education_0', 'Education_1', 'Self_Employed_0', 'Self_Employed_1', 'ApplicantIncome', 'CoapplicantIncome', 'LoanAmount', 'Loan_Amount_Term', 'Credit_History', 'Property_Area_0', 'Property_Area_1', 'Loan_Status']
2025-05-08 18:57:39,441 - INFO - [SYNTHETIC EVAL] Metadata columns      (19): ['Gender_0', 'Gender_1', 'Married_0', 'Married_1', 'Dependents_0', 'Dependents_1', 'Dependents_2', 'Education_0', 'Education_1', 'Self_Employed_0', 'Self_Employed_1', 'ApplicantIncome', 'CoapplicantIncome', 'LoanAmount', 'Loan_Amount_Term', 'Credit_History', 'Property_Area_0', 'Property_Area_1', 'Loan_Status']
2025-05-08 18:57:39,442 - INFO - [SYNTHETIC EVAL] Shape — Real: (336, 19), Synthetic: (336, 19)
2025-05-08 18:57:39,442 - INFO - [SYNTHETIC EVAL] Metadata structure:
{
  "columns": {
    "Gender_0": {
      "sdtype": "categorical"
    },
    "Gender_1": {
      "sdtype": "categorical"
    },
    "Married_0": {
      "sdtype": "categorical"
    },
    "Married_1": {
      "sdtype": "categorical"
    },
    "Dependents_0": {
      "sdtype": "categorical"
    },
    "Dependents_1": {
      "sdtype": "categorical"
    },
    "Dependents_2": {
      "sdtype": "categorical"
    },
    "Education_0": {
      "sdtype": "categorical"
    },
    "Education_1": {
      "sdtype": "categorical"
    },
    "Self_Employed_0": {
      "sdtype": "categorical"
    },
    "Self_Employed_1": {
      "sdtype": "categorical"
    },
    "ApplicantIncome": {
      "sdtype": "numerical"
    },
    "CoapplicantIncome": {
      "sdtype": "numerical"
    },
    "LoanAmount": {
      "sdtype": "numerical"
    },
    "Loan_Amount_Term": {
      "sdtype": "categorical"
    },
    "Credit_History": {
      "sdtype": "categorical"
    },
    "Property_Area_0": {
      "sdtype": "categorical"
    },
    "Property_Area_1": {
      "sdtype": "categorical"
    },
    "Loan_Status": {
      "sdtype": "categorical"
    }
  },
  "METADATA_SPEC_VERSION": "SINGLE_TABLE_V1"
}
2025-05-08 18:57:39,802 - INFO -  [SYNTHETIC PIPELINE]  Synthetic Data Evaluation Completed.
2025-05-08 18:57:39,808 - INFO -  [SYNTHETIC PIPELINE] Synthetic Data Report Generated Successfully.
2025-05-08 18:57:39,905 - INFO - [HYBRID] Generated hybrid dataset shape for CTGAN: (336, 19)
2025-05-08 18:57:39,905 - INFO - [HYBRID] Target distribution for CTGAN: {'Y': 230, 'N': 106}
2025-05-08 18:57:39,907 - INFO -  [HYBRID] Saved hybrid dataset to /mnt/NVMETank/Projects/Students/Dele/A-STUDY-INTO-THE-QUALITY-AND-USABILITY-OF-PRIVACY-FRIENDLY-SYNTHETIC-DATA/datasets/hybrid/loan_k15_l5_sup50_CTGAN_HYBRID.csv
2025-05-08 18:57:39,907 - INFO - [HYBRID] Generated hybrid dataset shape for GaussianCopula: (336, 19)
2025-05-08 18:57:39,907 - INFO - [HYBRID] Target distribution for GaussianCopula: {'Y': 234, 'N': 102}
2025-05-08 18:57:39,909 - INFO -  [HYBRID] Saved hybrid dataset to /mnt/NVMETank/Projects/Students/Dele/A-STUDY-INTO-THE-QUALITY-AND-USABILITY-OF-PRIVACY-FRIENDLY-SYNTHETIC-DATA/datasets/hybrid/loan_k15_l5_sup50_GaussianCopula_HYBRID.csv
2025-05-08 18:57:39,909 - INFO - [HYBRID] Generated hybrid dataset shape for TVAE: (336, 19)
2025-05-08 18:57:39,909 - INFO - [HYBRID] Target distribution for TVAE: {'Y': 336}
2025-05-08 18:57:39,911 - INFO -  [HYBRID] Saved hybrid dataset to /mnt/NVMETank/Projects/Students/Dele/A-STUDY-INTO-THE-QUALITY-AND-USABILITY-OF-PRIVACY-FRIENDLY-SYNTHETIC-DATA/datasets/hybrid/loan_k15_l5_sup50_TVAE_HYBRID.csv
2025-05-08 18:57:39,911 - INFO -  [HYBRID] Hybrid pipeline complete — 3 dataset(s) ready.
2025-05-08 18:57:39,911 - INFO - [HYBRID] Total rows across all hybrid datasets: 1008
2025-05-08 18:57:39,911 - INFO - Hybrid pipeline completed successfully.
2025-05-08 18:57:39,911 - INFO - Hybrid pipeline duration: 27.43 seconds
2025-05-08 18:57:39,911 - INFO - Starting Utility...
2025-05-08 18:57:39,911 - INFO - [UTILITY] Preparing datasets for machine learning...
2025-05-08 18:57:39,912 - INFO - [UTILITY] Original Data - Training Size: 336, Testing Size: 144
2025-05-08 18:57:39,912 - INFO - [UTILITY] Target class distribution (Original): {'Y': 232, 'N': 104}
2025-05-08 18:57:39,912 - INFO - [UTILITY] Processing anonymized dataset...
2025-05-08 18:57:39,913 - INFO - [UTILITY] Anonymized Data - Training Size: 336
2025-05-08 18:57:39,913 - INFO - [UTILITY] Target class distribution (Anonymous): {'Y': 232, 'N': 104}
2025-05-08 18:57:39,913 - INFO - [UTILITY] Processing hybrid dataset generated by CTGAN...
2025-05-08 18:57:39,913 - INFO - [UTILITY] Hybrid Data (CTGAN_HYBRID) - Training Size: 336
2025-05-08 18:57:39,913 - INFO - [UTILITY] Target class distribution (CTGAN_HYBRID): {'Y': 230, 'N': 106}
2025-05-08 18:57:39,914 - INFO - [UTILITY] Processing hybrid dataset generated by GaussianCopula...
2025-05-08 18:57:39,914 - INFO - [UTILITY] Hybrid Data (GaussianCopula_HYBRID) - Training Size: 336
2025-05-08 18:57:39,914 - INFO - [UTILITY] Target class distribution (GaussianCopula_HYBRID): {'Y': 234, 'N': 102}
2025-05-08 18:57:39,914 - WARNING -  Skipping hybrid dataset 'TVAE_HYBRID' - only one class in target.
2025-05-08 18:57:39,914 - INFO - [UTILITY] Training models on all datasets...
2025-05-08 18:57:39,914 - INFO - [UTILITY] Total datasets used for training: 4
2025-05-08 18:57:39,914 - INFO - [TRAINING] Training models from scratch...
2025-05-08 18:57:39,914 - INFO - [TRAINING] Starting training for dataset: Original — Rows: 336, Features: 18
2025-05-08 18:57:39,914 - INFO - [TRAINING] Training DecisionTree on Original...
2025-05-08 18:57:39,917 - INFO - [TRAINING] DecisionTree trained successfully on Original in 0.00 sec
2025-05-08 18:57:39,917 - INFO - [TRAINING] Training KNN on Original...
2025-05-08 18:57:39,918 - INFO - [TRAINING] KNN trained successfully on Original in 0.00 sec
2025-05-08 18:57:39,918 - INFO - [TRAINING] Training LogisticRegression on Original...
2025-05-08 18:57:39,921 - INFO - [TRAINING] LogisticRegression trained successfully on Original in 0.00 sec
2025-05-08 18:57:39,922 - INFO - [TRAINING] Training RandomForest on Original...
2025-05-08 18:57:40,013 - INFO - [TRAINING] RandomForest trained successfully on Original in 0.09 sec
2025-05-08 18:57:40,013 - INFO - [TRAINING] Training SVM on Original...
2025-05-08 18:57:40,019 - INFO - [TRAINING] SVM trained successfully on Original in 0.01 sec
2025-05-08 18:57:40,019 - INFO - [TRAINING] Finished training 5 model(s) for dataset: Original
2025-05-08 18:57:40,019 - INFO - [TRAINING] Starting training for dataset: Anonymous — Rows: 336, Features: 18
2025-05-08 18:57:40,019 - INFO - [TRAINING] Training DecisionTree on Anonymous...
2025-05-08 18:57:40,021 - INFO - [TRAINING] DecisionTree trained successfully on Anonymous in 0.00 sec
2025-05-08 18:57:40,021 - INFO - [TRAINING] Training KNN on Anonymous...
2025-05-08 18:57:40,022 - INFO - [TRAINING] KNN trained successfully on Anonymous in 0.00 sec
2025-05-08 18:57:40,022 - INFO - [TRAINING] Training LogisticRegression on Anonymous...
2025-05-08 18:57:40,026 - INFO - [TRAINING] LogisticRegression trained successfully on Anonymous in 0.00 sec
2025-05-08 18:57:40,026 - INFO - [TRAINING] Training RandomForest on Anonymous...
2025-05-08 18:57:40,118 - INFO - [TRAINING] RandomForest trained successfully on Anonymous in 0.09 sec
2025-05-08 18:57:40,118 - INFO - [TRAINING] Training SVM on Anonymous...
2025-05-08 18:57:40,122 - INFO - [TRAINING] SVM trained successfully on Anonymous in 0.00 sec
2025-05-08 18:57:40,122 - INFO - [TRAINING] Finished training 5 model(s) for dataset: Anonymous
2025-05-08 18:57:40,122 - INFO - [TRAINING] Starting training for dataset: CTGAN_HYBRID — Rows: 336, Features: 18
2025-05-08 18:57:40,122 - INFO - [TRAINING] Training DecisionTree on CTGAN_HYBRID...
2025-05-08 18:57:40,124 - INFO - [TRAINING] DecisionTree trained successfully on CTGAN_HYBRID in 0.00 sec
2025-05-08 18:57:40,124 - INFO - [TRAINING] Training KNN on CTGAN_HYBRID...
2025-05-08 18:57:40,125 - INFO - [TRAINING] KNN trained successfully on CTGAN_HYBRID in 0.00 sec
2025-05-08 18:57:40,125 - INFO - [TRAINING] Training LogisticRegression on CTGAN_HYBRID...
2025-05-08 18:57:40,129 - INFO - [TRAINING] LogisticRegression trained successfully on CTGAN_HYBRID in 0.00 sec
2025-05-08 18:57:40,129 - INFO - [TRAINING] Training RandomForest on CTGAN_HYBRID...
2025-05-08 18:57:40,227 - INFO - [TRAINING] RandomForest trained successfully on CTGAN_HYBRID in 0.10 sec
2025-05-08 18:57:40,227 - INFO - [TRAINING] Training SVM on CTGAN_HYBRID...
2025-05-08 18:57:40,231 - INFO - [TRAINING] SVM trained successfully on CTGAN_HYBRID in 0.00 sec
2025-05-08 18:57:40,231 - INFO - [TRAINING] Finished training 5 model(s) for dataset: CTGAN_HYBRID
2025-05-08 18:57:40,231 - INFO - [TRAINING] Starting training for dataset: GaussianCopula_HYBRID — Rows: 336, Features: 18
2025-05-08 18:57:40,231 - INFO - [TRAINING] Training DecisionTree on GaussianCopula_HYBRID...
2025-05-08 18:57:40,233 - INFO - [TRAINING] DecisionTree trained successfully on GaussianCopula_HYBRID in 0.00 sec
2025-05-08 18:57:40,233 - INFO - [TRAINING] Training KNN on GaussianCopula_HYBRID...
2025-05-08 18:57:40,234 - INFO - [TRAINING] KNN trained successfully on GaussianCopula_HYBRID in 0.00 sec
2025-05-08 18:57:40,234 - INFO - [TRAINING] Training LogisticRegression on GaussianCopula_HYBRID...
2025-05-08 18:57:40,239 - INFO - [TRAINING] LogisticRegression trained successfully on GaussianCopula_HYBRID in 0.00 sec
2025-05-08 18:57:40,239 - INFO - [TRAINING] Training RandomForest on GaussianCopula_HYBRID...
2025-05-08 18:57:40,334 - INFO - [TRAINING] RandomForest trained successfully on GaussianCopula_HYBRID in 0.10 sec
2025-05-08 18:57:40,335 - INFO - [TRAINING] Training SVM on GaussianCopula_HYBRID...
2025-05-08 18:57:40,339 - INFO - [TRAINING] SVM trained successfully on GaussianCopula_HYBRID in 0.00 sec
2025-05-08 18:57:40,339 - INFO - [TRAINING] Finished training 5 model(s) for dataset: GaussianCopula_HYBRID
2025-05-08 18:57:40,339 - INFO - [TRAINING] Total models trained across all datasets: 20
2025-05-08 18:57:40,339 - INFO - [UTILITY] Trained model names: ['Original', 'Anonymous', 'CTGAN_HYBRID', 'GaussianCopula_HYBRID']
2025-05-08 18:57:40,339 - INFO - [UTILITY] Model Training Completed.
2025-05-08 18:57:40,339 - INFO - Starting the Evaluating of models...
2025-05-08 18:57:40,339 - INFO - Preparing evaluation for model 'DecisionTree' across all datasets...
2025-05-08 18:57:40,339 - INFO - Evaluating DecisionTree on Original...
2025-05-08 18:57:40,340 - INFO - Predictions completed for DecisionTree on Original
2025-05-08 18:57:40,340 - INFO - Prediction distribution for DecisionTree on Original: {'Y': 88, 'N': 56}
2025-05-08 18:57:40,349 - INFO - Computed 8 metric(s) for DecisionTree on Original
2025-05-08 18:57:40,349 - INFO - Evaluating DecisionTree on Anonymous...
2025-05-08 18:57:40,350 - INFO - Predictions completed for DecisionTree on Anonymous
2025-05-08 18:57:40,350 - INFO - Prediction distribution for DecisionTree on Anonymous: {'Y': 74, 'N': 70}
2025-05-08 18:57:40,363 - INFO - Computed 8 metric(s) for DecisionTree on Anonymous
2025-05-08 18:57:40,363 - INFO - Evaluating DecisionTree on CTGAN_HYBRID...
2025-05-08 18:57:40,364 - INFO - Predictions completed for DecisionTree on CTGAN_HYBRID
2025-05-08 18:57:40,365 - INFO - Prediction distribution for DecisionTree on CTGAN_HYBRID: {'Y': 94, 'N': 50}
2025-05-08 18:57:40,373 - INFO - Computed 8 metric(s) for DecisionTree on CTGAN_HYBRID
2025-05-08 18:57:40,373 - INFO - Evaluating DecisionTree on GaussianCopula_HYBRID...
2025-05-08 18:57:40,374 - INFO - Predictions completed for DecisionTree on GaussianCopula_HYBRID
2025-05-08 18:57:40,374 - INFO - Prediction distribution for DecisionTree on GaussianCopula_HYBRID: {'Y': 103, 'N': 41}
2025-05-08 18:57:40,382 - INFO - Computed 8 metric(s) for DecisionTree on GaussianCopula_HYBRID
2025-05-08 18:57:40,382 - INFO - Preparing evaluation for model 'KNN' across all datasets...
2025-05-08 18:57:40,382 - INFO - Evaluating KNN on Original...
2025-05-08 18:57:40,389 - INFO - Predictions completed for KNN on Original
2025-05-08 18:57:40,389 - INFO - Prediction distribution for KNN on Original: {'Y': 115, 'N': 29}
2025-05-08 18:57:40,403 - INFO - Computed 8 metric(s) for KNN on Original
2025-05-08 18:57:40,403 - INFO - Evaluating KNN on Anonymous...
2025-05-08 18:57:40,409 - INFO - Predictions completed for KNN on Anonymous
2025-05-08 18:57:40,409 - INFO - Prediction distribution for KNN on Anonymous: {'Y': 114, 'N': 30}
2025-05-08 18:57:40,420 - INFO - Computed 8 metric(s) for KNN on Anonymous
2025-05-08 18:57:40,420 - INFO - Evaluating KNN on CTGAN_HYBRID...
2025-05-08 18:57:40,426 - INFO - Predictions completed for KNN on CTGAN_HYBRID
2025-05-08 18:57:40,426 - INFO - Prediction distribution for KNN on CTGAN_HYBRID: {'Y': 102, 'N': 42}
2025-05-08 18:57:40,437 - INFO - Computed 8 metric(s) for KNN on CTGAN_HYBRID
2025-05-08 18:57:40,437 - INFO - Evaluating KNN on GaussianCopula_HYBRID...
2025-05-08 18:57:40,443 - INFO - Predictions completed for KNN on GaussianCopula_HYBRID
2025-05-08 18:57:40,443 - INFO - Prediction distribution for KNN on GaussianCopula_HYBRID: {'Y': 117, 'N': 27}
2025-05-08 18:57:40,454 - INFO - Computed 8 metric(s) for KNN on GaussianCopula_HYBRID
2025-05-08 18:57:40,454 - INFO - Preparing evaluation for model 'LogisticRegression' across all datasets...
2025-05-08 18:57:40,455 - INFO - Evaluating LogisticRegression on Original...
2025-05-08 18:57:40,456 - INFO - Predictions completed for LogisticRegression on Original
2025-05-08 18:57:40,456 - INFO - Prediction distribution for LogisticRegression on Original: {'Y': 115, 'N': 29}
2025-05-08 18:57:40,465 - INFO - Computed 8 metric(s) for LogisticRegression on Original
2025-05-08 18:57:40,465 - INFO - Evaluating LogisticRegression on Anonymous...
2025-05-08 18:57:40,467 - INFO - Predictions completed for LogisticRegression on Anonymous
2025-05-08 18:57:40,467 - INFO - Prediction distribution for LogisticRegression on Anonymous: {'N': 94, 'Y': 50}
2025-05-08 18:57:40,476 - INFO - Computed 8 metric(s) for LogisticRegression on Anonymous
2025-05-08 18:57:40,476 - INFO - Evaluating LogisticRegression on CTGAN_HYBRID...
2025-05-08 18:57:40,477 - INFO - Predictions completed for LogisticRegression on CTGAN_HYBRID
2025-05-08 18:57:40,477 - INFO - Prediction distribution for LogisticRegression on CTGAN_HYBRID: {'Y': 140, 'N': 4}
2025-05-08 18:57:40,486 - INFO - Computed 8 metric(s) for LogisticRegression on CTGAN_HYBRID
2025-05-08 18:57:40,486 - INFO - Evaluating LogisticRegression on GaussianCopula_HYBRID...
2025-05-08 18:57:40,488 - INFO - Predictions completed for LogisticRegression on GaussianCopula_HYBRID
2025-05-08 18:57:40,488 - INFO - Prediction distribution for LogisticRegression on GaussianCopula_HYBRID: {'Y': 121, 'N': 23}
2025-05-08 18:57:40,497 - INFO - Computed 8 metric(s) for LogisticRegression on GaussianCopula_HYBRID
2025-05-08 18:57:40,497 - INFO - Preparing evaluation for model 'RandomForest' across all datasets...
2025-05-08 18:57:40,497 - INFO - Evaluating RandomForest on Original...
2025-05-08 18:57:40,502 - INFO - Predictions completed for RandomForest on Original
2025-05-08 18:57:40,503 - INFO - Prediction distribution for RandomForest on Original: {'Y': 106, 'N': 38}
2025-05-08 18:57:40,520 - INFO - Computed 8 metric(s) for RandomForest on Original
2025-05-08 18:57:40,520 - INFO - Evaluating RandomForest on Anonymous...
2025-05-08 18:57:40,525 - INFO - Predictions completed for RandomForest on Anonymous
2025-05-08 18:57:40,526 - INFO - Prediction distribution for RandomForest on Anonymous: {'N': 74, 'Y': 70}
2025-05-08 18:57:40,543 - INFO - Computed 8 metric(s) for RandomForest on Anonymous
2025-05-08 18:57:40,543 - INFO - Evaluating RandomForest on CTGAN_HYBRID...
2025-05-08 18:57:40,548 - INFO - Predictions completed for RandomForest on CTGAN_HYBRID
2025-05-08 18:57:40,549 - INFO - Prediction distribution for RandomForest on CTGAN_HYBRID: {'Y': 121, 'N': 23}
2025-05-08 18:57:40,566 - INFO - Computed 8 metric(s) for RandomForest on CTGAN_HYBRID
2025-05-08 18:57:40,566 - INFO - Evaluating RandomForest on GaussianCopula_HYBRID...
2025-05-08 18:57:40,571 - INFO - Predictions completed for RandomForest on GaussianCopula_HYBRID
2025-05-08 18:57:40,571 - INFO - Prediction distribution for RandomForest on GaussianCopula_HYBRID: {'Y': 112, 'N': 32}
2025-05-08 18:57:40,588 - INFO - Computed 8 metric(s) for RandomForest on GaussianCopula_HYBRID
2025-05-08 18:57:40,589 - INFO - Preparing evaluation for model 'SVM' across all datasets...
2025-05-08 18:57:40,589 - INFO - Evaluating SVM on Original...
2025-05-08 18:57:40,591 - INFO - Predictions completed for SVM on Original
2025-05-08 18:57:40,591 - INFO - Prediction distribution for SVM on Original: {'Y': 144}
2025-05-08 18:57:40,591 - WARNING -  [WARNING] :SVM on Original predicted only one class: {'Y'}
2025-05-08 18:57:40,592 - WARNING - [UndefinedMetricWarning] Precision is ill-defined and being set to 0.0 in labels with no predicted samples. Use `zero_division` parameter to control this behavior. (from /mnt/NVMETank/Projects/Students/Dele/A-STUDY-INTO-THE-QUALITY-AND-USABILITY-OF-PRIVACY-FRIENDLY-SYNTHETIC-DATA/.venv/lib/python3.12/site-packages/sklearn/metrics/_classification.py:1565)
2025-05-08 18:57:40,594 - WARNING - [UndefinedMetricWarning] Precision is ill-defined and being set to 0.0 in labels with no predicted samples. Use `zero_division` parameter to control this behavior. (from /mnt/NVMETank/Projects/Students/Dele/A-STUDY-INTO-THE-QUALITY-AND-USABILITY-OF-PRIVACY-FRIENDLY-SYNTHETIC-DATA/.venv/lib/python3.12/site-packages/sklearn/metrics/_classification.py:1565)
2025-05-08 18:57:40,595 - WARNING - [UndefinedMetricWarning] Precision is ill-defined and being set to 0.0 in labels with no predicted samples. Use `zero_division` parameter to control this behavior. (from /mnt/NVMETank/Projects/Students/Dele/A-STUDY-INTO-THE-QUALITY-AND-USABILITY-OF-PRIVACY-FRIENDLY-SYNTHETIC-DATA/.venv/lib/python3.12/site-packages/sklearn/metrics/_classification.py:1565)
2025-05-08 18:57:40,597 - INFO - Computed 8 metric(s) for SVM on Original
2025-05-08 18:57:40,597 - INFO - Evaluating SVM on Anonymous...
2025-05-08 18:57:40,599 - INFO - Predictions completed for SVM on Anonymous
2025-05-08 18:57:40,599 - INFO - Prediction distribution for SVM on Anonymous: {'Y': 144}
2025-05-08 18:57:40,599 - WARNING -  [WARNING] :SVM on Anonymous predicted only one class: {'Y'}
2025-05-08 18:57:40,601 - WARNING - [UndefinedMetricWarning] Precision is ill-defined and being set to 0.0 in labels with no predicted samples. Use `zero_division` parameter to control this behavior. (from /mnt/NVMETank/Projects/Students/Dele/A-STUDY-INTO-THE-QUALITY-AND-USABILITY-OF-PRIVACY-FRIENDLY-SYNTHETIC-DATA/.venv/lib/python3.12/site-packages/sklearn/metrics/_classification.py:1565)
2025-05-08 18:57:40,602 - WARNING - [UndefinedMetricWarning] Precision is ill-defined and being set to 0.0 in labels with no predicted samples. Use `zero_division` parameter to control this behavior. (from /mnt/NVMETank/Projects/Students/Dele/A-STUDY-INTO-THE-QUALITY-AND-USABILITY-OF-PRIVACY-FRIENDLY-SYNTHETIC-DATA/.venv/lib/python3.12/site-packages/sklearn/metrics/_classification.py:1565)
2025-05-08 18:57:40,603 - WARNING - [UndefinedMetricWarning] Precision is ill-defined and being set to 0.0 in labels with no predicted samples. Use `zero_division` parameter to control this behavior. (from /mnt/NVMETank/Projects/Students/Dele/A-STUDY-INTO-THE-QUALITY-AND-USABILITY-OF-PRIVACY-FRIENDLY-SYNTHETIC-DATA/.venv/lib/python3.12/site-packages/sklearn/metrics/_classification.py:1565)
2025-05-08 18:57:40,605 - INFO - Computed 8 metric(s) for SVM on Anonymous
2025-05-08 18:57:40,605 - INFO - Evaluating SVM on CTGAN_HYBRID...
2025-05-08 18:57:40,607 - INFO - Predictions completed for SVM on CTGAN_HYBRID
2025-05-08 18:57:40,607 - INFO - Prediction distribution for SVM on CTGAN_HYBRID: {'Y': 144}
2025-05-08 18:57:40,607 - WARNING -  [WARNING] :SVM on CTGAN_HYBRID predicted only one class: {'Y'}
2025-05-08 18:57:40,609 - WARNING - [UndefinedMetricWarning] Precision is ill-defined and being set to 0.0 in labels with no predicted samples. Use `zero_division` parameter to control this behavior. (from /mnt/NVMETank/Projects/Students/Dele/A-STUDY-INTO-THE-QUALITY-AND-USABILITY-OF-PRIVACY-FRIENDLY-SYNTHETIC-DATA/.venv/lib/python3.12/site-packages/sklearn/metrics/_classification.py:1565)
2025-05-08 18:57:40,610 - WARNING - [UndefinedMetricWarning] Precision is ill-defined and being set to 0.0 in labels with no predicted samples. Use `zero_division` parameter to control this behavior. (from /mnt/NVMETank/Projects/Students/Dele/A-STUDY-INTO-THE-QUALITY-AND-USABILITY-OF-PRIVACY-FRIENDLY-SYNTHETIC-DATA/.venv/lib/python3.12/site-packages/sklearn/metrics/_classification.py:1565)
2025-05-08 18:57:40,612 - WARNING - [UndefinedMetricWarning] Precision is ill-defined and being set to 0.0 in labels with no predicted samples. Use `zero_division` parameter to control this behavior. (from /mnt/NVMETank/Projects/Students/Dele/A-STUDY-INTO-THE-QUALITY-AND-USABILITY-OF-PRIVACY-FRIENDLY-SYNTHETIC-DATA/.venv/lib/python3.12/site-packages/sklearn/metrics/_classification.py:1565)
2025-05-08 18:57:40,613 - INFO - Computed 8 metric(s) for SVM on CTGAN_HYBRID
2025-05-08 18:57:40,613 - INFO - Evaluating SVM on GaussianCopula_HYBRID...
2025-05-08 18:57:40,615 - INFO - Predictions completed for SVM on GaussianCopula_HYBRID
2025-05-08 18:57:40,615 - INFO - Prediction distribution for SVM on GaussianCopula_HYBRID: {'Y': 144}
2025-05-08 18:57:40,616 - WARNING -  [WARNING] :SVM on GaussianCopula_HYBRID predicted only one class: {'Y'}
2025-05-08 18:57:40,617 - WARNING - [UndefinedMetricWarning] Precision is ill-defined and being set to 0.0 in labels with no predicted samples. Use `zero_division` parameter to control this behavior. (from /mnt/NVMETank/Projects/Students/Dele/A-STUDY-INTO-THE-QUALITY-AND-USABILITY-OF-PRIVACY-FRIENDLY-SYNTHETIC-DATA/.venv/lib/python3.12/site-packages/sklearn/metrics/_classification.py:1565)
2025-05-08 18:57:40,618 - WARNING - [UndefinedMetricWarning] Precision is ill-defined and being set to 0.0 in labels with no predicted samples. Use `zero_division` parameter to control this behavior. (from /mnt/NVMETank/Projects/Students/Dele/A-STUDY-INTO-THE-QUALITY-AND-USABILITY-OF-PRIVACY-FRIENDLY-SYNTHETIC-DATA/.venv/lib/python3.12/site-packages/sklearn/metrics/_classification.py:1565)
2025-05-08 18:57:40,620 - WARNING - [UndefinedMetricWarning] Precision is ill-defined and being set to 0.0 in labels with no predicted samples. Use `zero_division` parameter to control this behavior. (from /mnt/NVMETank/Projects/Students/Dele/A-STUDY-INTO-THE-QUALITY-AND-USABILITY-OF-PRIVACY-FRIENDLY-SYNTHETIC-DATA/.venv/lib/python3.12/site-packages/sklearn/metrics/_classification.py:1565)
2025-05-08 18:57:40,621 - INFO - Computed 8 metric(s) for SVM on GaussianCopula_HYBRID
2025-05-08 18:57:40,625 - INFO - Evaluation completed for all models.
2025-05-08 18:57:40,625 - INFO - Model evaluation completed in 0.29 seconds.
2025-05-08 18:57:40,627 - INFO - Evaluated models: ['DecisionTree', 'KNN', 'LogisticRegression', 'RandomForest', 'SVM']
2025-05-08 18:57:40,627 - INFO - Model Training and Evaluation completed.
2025-05-08 18:57:41,174 - INFO -  Visualizations saved.
2025-05-08 18:57:41,174 - INFO -  Benchmarking Completed. Results saved in output folder.
