2025-05-08 18:40:15,619 - INFO - Loaded config file: configs/generated_configs/loan/loan_anon_k9_sl1_l10.yaml
2025-05-08 18:40:15,619 - INFO -  Benchmarking started for dataset: loan
2025-05-08 18:40:15,619 - INFO - Using dataset path: /mnt/NVMETank/Projects/Students/Dele/A-STUDY-INTO-THE-QUALITY-AND-USABILITY-OF-PRIVACY-FRIENDLY-SYNTHETIC-DATA/datasets/original/loan.csv
2025-05-08 18:40:15,620 - INFO - Target column: Loan_Status, separator: ','
2025-05-08 18:40:15,620 - INFO - Configuration loaded: enable_anonymization = True, enable_synthesis = False, enable_hybrid = True, enable_utility = True, delete_after_evaluation = False
2025-05-08 18:40:15,620 - INFO - Running preprocessing...
2025-05-08 18:40:15,624 - INFO -  [PREPROCESSING] Preprocessed files found. Skipping preprocessing.
2025-05-08 18:40:15,633 - INFO - Preprocessing completed. Rows before: 614, after: 336
2025-05-08 18:40:15,633 - INFO - Preprocessed data saved to: outputs/batch/loan_batch_2025-05-08_18-38-44/loan_anon_k9_sl1_l10/preprocessing_report.txt
2025-05-08 18:40:15,633 - INFO - enable_anonymization = True
2025-05-08 18:40:15,633 - INFO - Starting Anonymization Pipeline with output path: /mnt/NVMETank/Projects/Students/Dele/A-STUDY-INTO-THE-QUALITY-AND-USABILITY-OF-PRIVACY-FRIENDLY-SYNTHETIC-DATA/datasets/anonymized/loan_k9_l10_sup100_anonymized.csv.......
2025-05-08 18:40:15,638 - INFO -  [ANONYMIZATION] Executing run_anonymization, config_path : configs/generated_configs/loan/loan_anon_k9_sl1_l10.yaml...........
2025-05-08 18:40:15,638 - INFO -  [ANONYMIZATION] Using JAR file at /mnt/NVMETank/Projects/Students/Dele/A-STUDY-INTO-THE-QUALITY-AND-USABILITY-OF-PRIVACY-FRIENDLY-SYNTHETIC-DATA/src/anonymization/anonymARXij/bin/anonymARXij.jar to anonymize the dataset.
2025-05-08 18:40:15,811 - ERROR -  [ANONYMIZATION] Java anonymization failed with exit code: 1
2025-05-08 18:40:15,812 - ERROR -  [ANONYMIZATION] STDERR: Exception in thread "main" java.lang.ClassCastException: class java.lang.Integer cannot be cast to class java.lang.Double (java.lang.Integer and java.lang.Double are in module java.base of loader 'bootstrap')
	at Main.main(Main.java:57)
2025-05-08 18:40:15,812 - ERROR - Anonymization Pipeline failed!
2025-05-08 18:40:15,812 - INFO - enable_synthetic_generation = False
2025-05-08 18:40:15,812 - INFO - Synthetic Data Generation Skipped (Disabled in Configuration).
2025-05-08 18:40:15,812 - INFO - Running Hybrid Pipeline...
2025-05-08 18:40:15,812 - INFO -  [HYBRID] Executing run_hybrid...
2025-05-08 18:40:15,812 - INFO -  [HYBRID] Looking for encoded anonymized data in /mnt/NVMETank/Projects/Students/Dele/A-STUDY-INTO-THE-QUALITY-AND-USABILITY-OF-PRIVACY-FRIENDLY-SYNTHETIC-DATA/datasets/anonymized/loan_k9_l10_1_anonymized_encoded.csv
2025-05-08 18:40:15,812 - INFO -  [HYBRID] No anonymized CSV - running ARX anonymization on datasets/train/loan_train_raw.csv …
2025-05-08 18:40:16,010 - ERROR -  [HYBRID] Hybrid pipeline: anonymization failed.
2025-05-08 18:40:16,010 - ERROR - Hybrid pipeline failed: Hybrid pipeline: anonymization failed.
2025-05-08 18:40:16,010 - INFO - Starting Utility...
2025-05-08 18:40:16,011 - INFO - [UTILITY] Preparing datasets for machine learning...
2025-05-08 18:40:16,011 - INFO - [UTILITY] Original Data - Training Size: 336, Testing Size: 144
2025-05-08 18:40:16,012 - INFO - [UTILITY] Target class distribution (Original): {'Y': 232, 'N': 104}
2025-05-08 18:40:16,012 - INFO - [UTILITY] Training models on all datasets...
2025-05-08 18:40:16,012 - INFO - [UTILITY] Total datasets used for training: 1
2025-05-08 18:40:16,012 - INFO - [TRAINING] Training models from scratch...
2025-05-08 18:40:16,012 - INFO - [TRAINING] Starting training for dataset: Original — Rows: 336, Features: 18
2025-05-08 18:40:16,012 - INFO - [TRAINING] Training DecisionTree on Original...
2025-05-08 18:40:16,014 - INFO - [TRAINING] DecisionTree trained successfully on Original in 0.00 sec
2025-05-08 18:40:16,014 - INFO - [TRAINING] Training KNN on Original...
2025-05-08 18:40:16,015 - INFO - [TRAINING] KNN trained successfully on Original in 0.00 sec
2025-05-08 18:40:16,015 - INFO - [TRAINING] Training LogisticRegression on Original...
2025-05-08 18:40:16,019 - INFO - [TRAINING] LogisticRegression trained successfully on Original in 0.00 sec
2025-05-08 18:40:16,019 - INFO - [TRAINING] Training RandomForest on Original...
2025-05-08 18:40:16,129 - INFO - [TRAINING] RandomForest trained successfully on Original in 0.11 sec
2025-05-08 18:40:16,129 - INFO - [TRAINING] Training SVM on Original...
2025-05-08 18:40:16,133 - INFO - [TRAINING] SVM trained successfully on Original in 0.00 sec
2025-05-08 18:40:16,133 - INFO - [TRAINING] Finished training 5 model(s) for dataset: Original
2025-05-08 18:40:16,133 - INFO - [TRAINING] Total models trained across all datasets: 5
2025-05-08 18:40:16,133 - INFO - [UTILITY] Trained model names: ['Original']
2025-05-08 18:40:16,133 - INFO - [UTILITY] Model Training Completed.
2025-05-08 18:40:16,133 - INFO - Starting the Evaluating of models...
2025-05-08 18:40:16,133 - INFO - Preparing evaluation for model 'DecisionTree' across all datasets...
2025-05-08 18:40:16,133 - INFO - Evaluating DecisionTree on Original...
2025-05-08 18:40:16,134 - INFO - Predictions completed for DecisionTree on Original
2025-05-08 18:40:16,134 - INFO - Prediction distribution for DecisionTree on Original: {'Y': 96, 'N': 48}
2025-05-08 18:40:16,143 - INFO - Computed 8 metric(s) for DecisionTree on Original
2025-05-08 18:40:16,143 - INFO - Preparing evaluation for model 'KNN' across all datasets...
2025-05-08 18:40:16,143 - INFO - Evaluating KNN on Original...
2025-05-08 18:40:16,180 - INFO - Predictions completed for KNN on Original
2025-05-08 18:40:16,180 - INFO - Prediction distribution for KNN on Original: {'Y': 115, 'N': 29}
2025-05-08 18:40:16,192 - INFO - Computed 8 metric(s) for KNN on Original
2025-05-08 18:40:16,193 - INFO - Preparing evaluation for model 'LogisticRegression' across all datasets...
2025-05-08 18:40:16,193 - INFO - Evaluating LogisticRegression on Original...
2025-05-08 18:40:16,194 - INFO - Predictions completed for LogisticRegression on Original
2025-05-08 18:40:16,195 - INFO - Prediction distribution for LogisticRegression on Original: {'Y': 115, 'N': 29}
2025-05-08 18:40:16,206 - INFO - Computed 8 metric(s) for LogisticRegression on Original
2025-05-08 18:40:16,206 - INFO - Preparing evaluation for model 'RandomForest' across all datasets...
2025-05-08 18:40:16,206 - INFO - Evaluating RandomForest on Original...
2025-05-08 18:40:16,212 - INFO - Predictions completed for RandomForest on Original
2025-05-08 18:40:16,213 - INFO - Prediction distribution for RandomForest on Original: {'Y': 108, 'N': 36}
2025-05-08 18:40:16,233 - INFO - Computed 8 metric(s) for RandomForest on Original
2025-05-08 18:40:16,233 - INFO - Preparing evaluation for model 'SVM' across all datasets...
2025-05-08 18:40:16,233 - INFO - Evaluating SVM on Original...
2025-05-08 18:40:16,237 - INFO - Predictions completed for SVM on Original
2025-05-08 18:40:16,237 - INFO - Prediction distribution for SVM on Original: {'Y': 144}
2025-05-08 18:40:16,238 - WARNING -  [WARNING] :SVM on Original predicted only one class: {'Y'}
2025-05-08 18:40:16,240 - WARNING - [UndefinedMetricWarning] Precision is ill-defined and being set to 0.0 in labels with no predicted samples. Use `zero_division` parameter to control this behavior. (from /mnt/NVMETank/Projects/Students/Dele/A-STUDY-INTO-THE-QUALITY-AND-USABILITY-OF-PRIVACY-FRIENDLY-SYNTHETIC-DATA/.venv/lib/python3.12/site-packages/sklearn/metrics/_classification.py:1565)
2025-05-08 18:40:16,241 - WARNING - [UndefinedMetricWarning] Precision is ill-defined and being set to 0.0 in labels with no predicted samples. Use `zero_division` parameter to control this behavior. (from /mnt/NVMETank/Projects/Students/Dele/A-STUDY-INTO-THE-QUALITY-AND-USABILITY-OF-PRIVACY-FRIENDLY-SYNTHETIC-DATA/.venv/lib/python3.12/site-packages/sklearn/metrics/_classification.py:1565)
2025-05-08 18:40:16,243 - WARNING - [UndefinedMetricWarning] Precision is ill-defined and being set to 0.0 in labels with no predicted samples. Use `zero_division` parameter to control this behavior. (from /mnt/NVMETank/Projects/Students/Dele/A-STUDY-INTO-THE-QUALITY-AND-USABILITY-OF-PRIVACY-FRIENDLY-SYNTHETIC-DATA/.venv/lib/python3.12/site-packages/sklearn/metrics/_classification.py:1565)
2025-05-08 18:40:16,245 - INFO - Computed 8 metric(s) for SVM on Original
2025-05-08 18:40:16,249 - INFO - Evaluation completed for all models.
2025-05-08 18:40:16,249 - INFO - Model evaluation completed in 0.12 seconds.
2025-05-08 18:40:16,251 - INFO - Evaluated models: ['DecisionTree', 'KNN', 'LogisticRegression', 'RandomForest', 'SVM']
2025-05-08 18:40:16,251 - INFO - Model Training and Evaluation completed.
2025-05-08 18:40:16,909 - INFO -  Visualizations saved.
2025-05-08 18:40:16,909 - INFO -  Benchmarking Completed. Results saved in output folder.
