2025-05-08 18:30:20,782 - INFO - Loaded config file: configs/generated_configs/studentPerformance/studentPerformance_synth_ep300_rows2x.yaml
2025-05-08 18:30:20,782 - INFO -  Benchmarking started for dataset: studentPerformance
2025-05-08 18:30:20,782 - INFO - Using dataset path: /mnt/NVMETank/Projects/Students/Dele/A-STUDY-INTO-THE-QUALITY-AND-USABILITY-OF-PRIVACY-FRIENDLY-SYNTHETIC-DATA/datasets/original/studentPerformance.csv
2025-05-08 18:30:20,783 - INFO - Target column: Target, separator: ';'
2025-05-08 18:30:20,783 - INFO - Configuration loaded: enable_anonymization = False, enable_synthesis = True, enable_hybrid = False, enable_utility = True, delete_after_evaluation = False
2025-05-08 18:30:20,783 - INFO - Running preprocessing...
2025-05-08 18:30:20,788 - INFO -  [PREPROCESSING] Preprocessed files found. Skipping preprocessing.
2025-05-08 18:30:20,809 - INFO - Preprocessing completed. Rows before: 4424, after: 3096
2025-05-08 18:30:20,809 - INFO - Preprocessed data saved to: outputs/batch/studentPerformance_batch_2025-05-08_17-32-48/studentPerformance_synth_ep300_rows2x/preprocessing_report.txt
2025-05-08 18:30:20,809 - INFO - enable_anonymization = False
2025-05-08 18:30:20,809 - INFO - Anonymization Skipped (Disabled in Configuration).
2025-05-08 18:30:20,809 - INFO - enable_synthetic_generation = True
2025-05-08 18:30:20,809 - INFO - Starting standard Synthetic Data Generation pipeline...
2025-05-08 18:30:20,809 - INFO - Executing run_synthetic.....
2025-05-08 18:30:20,809 - INFO - [SYNTHETIC PIPELINE] executing run_synthetic for studentPerformance...
2025-05-08 18:30:20,809 - INFO - [SYNTHETIC] Processing dataset: studentPerformance
2025-05-08 18:30:20,809 - INFO - [SYNTHETIC] Original dataset size: 3096 rows
2025-05-08 18:30:20,830 - INFO - Detected metadata:
2025-05-08 18:30:20,830 - INFO - {
    "columns": {
        "Marital status": {
            "sdtype": "categorical"
        },
        "Application mode": {
            "sdtype": "numerical"
        },
        "Application order": {
            "sdtype": "categorical"
        },
        "Course": {
            "sdtype": "numerical"
        },
        "Daytime/evening attendance": {
            "sdtype": "categorical"
        },
        "Previous qualification": {
            "sdtype": "numerical"
        },
        "Previous qualification (grade)": {
            "sdtype": "numerical"
        },
        "Nacionality": {
            "sdtype": "numerical"
        },
        "Mother's qualification": {
            "sdtype": "numerical"
        },
        "Father's qualification": {
            "sdtype": "numerical"
        },
        "Mother's occupation": {
            "sdtype": "numerical"
        },
        "Father's occupation": {
            "sdtype": "numerical"
        },
        "Admission grade": {
            "sdtype": "numerical"
        },
        "Displaced": {
            "sdtype": "categorical"
        },
        "Educational special needs": {
            "sdtype": "categorical"
        },
        "Debtor": {
            "sdtype": "categorical"
        },
        "Tuition fees up to date": {
            "sdtype": "categorical"
        },
        "Gender": {
            "sdtype": "categorical"
        },
        "Scholarship_holder": {
            "sdtype": "categorical"
        },
        "Age at enrollment": {
            "sdtype": "numerical"
        },
        "International": {
            "sdtype": "categorical"
        },
        "Curricular units 1st sem (credited)": {
            "sdtype": "numerical"
        },
        "Curricular units 1st sem (enrolled)": {
            "sdtype": "numerical"
        },
        "Curricular units 1st sem (evaluations)": {
            "sdtype": "numerical"
        },
        "Curricular units 1st sem (approved)": {
            "sdtype": "numerical"
        },
        "Curricular units 1st sem (grade)": {
            "sdtype": "numerical"
        },
        "Curricular units 1st sem (without evaluations)": {
            "sdtype": "numerical"
        },
        "Curricular units 2nd sem (credited)": {
            "sdtype": "numerical"
        },
        "Curricular units 2nd sem (enrolled)": {
            "sdtype": "numerical"
        },
        "Curricular units 2nd sem (evaluations)": {
            "sdtype": "numerical"
        },
        "Curricular units 2nd sem (approved)": {
            "sdtype": "numerical"
        },
        "Curricular units 2nd sem (grade)": {
            "sdtype": "numerical"
        },
        "Curricular units 2nd sem (without evaluations)": {
            "sdtype": "categorical"
        },
        "Unemployment rate": {
            "sdtype": "numerical"
        },
        "Inflation rate": {
            "sdtype": "numerical"
        },
        "GDP": {
            "sdtype": "numerical"
        },
        "Target": {
            "sdtype": "categorical"
        }
    },
    "METADATA_SPEC_VERSION": "SINGLE_TABLE_V1"
}
2025-05-08 18:30:20,830 - INFO - [SYNTHETIC] Preparing synthesizer: CTGAN
2025-05-08 18:30:20,830 - INFO - [SYNTHETIC] Params from config: {'epochs': 300}
2025-05-08 18:30:20,830 - INFO - [SYNTHETIC] Found existing CTGAN synthesizer: /mnt/NVMETank/Projects/Students/Dele/A-STUDY-INTO-THE-QUALITY-AND-USABILITY-OF-PRIVACY-FRIENDLY-SYNTHETIC-DATA/artifacts/synthesizers/studentPerformance_CTGAN_epochs300_synthesizer.pkl
2025-05-08 18:30:21,507 - INFO - {'EVENT': 'Load', 'TIMESTAMP': datetime.datetime(2025, 5, 8, 18, 30, 21, 507148), 'SYNTHESIZER CLASS NAME': 'CTGANSynthesizer', 'SYNTHESIZER ID': 'CTGANSynthesizer_1.18.0_b35a84c8d1b04f66a0a8b1d2597168da'}
2025-05-08 18:30:21,507 - INFO - [SYNTHETIC] Preparing synthesizer: GaussianCopula
2025-05-08 18:30:21,507 - INFO - [SYNTHETIC] Params from config: {}
2025-05-08 18:30:21,507 - INFO - [SYNTHETIC] Found existing GaussianCopula synthesizer: /mnt/NVMETank/Projects/Students/Dele/A-STUDY-INTO-THE-QUALITY-AND-USABILITY-OF-PRIVACY-FRIENDLY-SYNTHETIC-DATA/artifacts/synthesizers/studentPerformance_GaussianCopula_synthesizer.pkl
2025-05-08 18:30:21,537 - INFO - {'EVENT': 'Load', 'TIMESTAMP': datetime.datetime(2025, 5, 8, 18, 30, 21, 537442), 'SYNTHESIZER CLASS NAME': 'GaussianCopulaSynthesizer', 'SYNTHESIZER ID': 'GaussianCopulaSynthesizer_1.18.0_8b91355680194004b13f9f6a04349d73'}
2025-05-08 18:30:21,537 - INFO - [SYNTHETIC] Preparing synthesizer: TVAE
2025-05-08 18:30:21,537 - INFO - [SYNTHETIC] Params from config: {'epochs': 300}
2025-05-08 18:30:21,538 - INFO - [SYNTHETIC] Found existing TVAE synthesizer: /mnt/NVMETank/Projects/Students/Dele/A-STUDY-INTO-THE-QUALITY-AND-USABILITY-OF-PRIVACY-FRIENDLY-SYNTHETIC-DATA/artifacts/synthesizers/studentPerformance_TVAE_epochs300_synthesizer.pkl
2025-05-08 18:30:21,663 - INFO - {'EVENT': 'Load', 'TIMESTAMP': datetime.datetime(2025, 5, 8, 18, 30, 21, 663481), 'SYNTHESIZER CLASS NAME': 'TVAESynthesizer', 'SYNTHESIZER ID': 'TVAESynthesizer_1.18.0_4b176d39843b4cf096a854850f69da7a'}
2025-05-08 18:30:21,663 - INFO - [SYNTHETIC] Using CTGAN to generate 6192 rows...
2025-05-08 18:30:23,775 - INFO - {'EVENT': 'Sample', 'TIMESTAMP': datetime.datetime(2025, 5, 8, 18, 30, 21, 667371), 'SYNTHESIZER CLASS NAME': 'CTGANSynthesizer', 'SYNTHESIZER ID': 'CTGANSynthesizer_1.18.0_b35a84c8d1b04f66a0a8b1d2597168da', 'TOTAL NUMBER OF TABLES': 1, 'TOTAL NUMBER OF ROWS': 6192, 'TOTAL NUMBER OF COLUMNS': 37}
2025-05-08 18:30:23,776 - INFO - [SYNTHETIC] CTGAN completed: 6192 rows generated.
2025-05-08 18:30:23,776 - INFO - [SYNTHETIC] Target class distribution for CTGAN: {'Graduate': 3636, 'Dropout': 1973, 'Enrolled': 583}
2025-05-08 18:30:23,776 - INFO - [SYNTHETIC] Using GaussianCopula to generate 6192 rows...
2025-05-08 18:30:24,171 - INFO - {'EVENT': 'Sample', 'TIMESTAMP': datetime.datetime(2025, 5, 8, 18, 30, 23, 777009), 'SYNTHESIZER CLASS NAME': 'GaussianCopulaSynthesizer', 'SYNTHESIZER ID': 'GaussianCopulaSynthesizer_1.18.0_8b91355680194004b13f9f6a04349d73', 'TOTAL NUMBER OF TABLES': 1, 'TOTAL NUMBER OF ROWS': 6192, 'TOTAL NUMBER OF COLUMNS': 37}
2025-05-08 18:30:24,171 - INFO - [SYNTHETIC] GaussianCopula completed: 6192 rows generated.
2025-05-08 18:30:24,172 - INFO - [SYNTHETIC] Target class distribution for GaussianCopula: {'Graduate': 3200, 'Dropout': 1905, 'Enrolled': 1087}
2025-05-08 18:30:24,172 - INFO - [SYNTHETIC] Using TVAE to generate 6192 rows...
2025-05-08 18:30:24,385 - INFO - {'EVENT': 'Sample', 'TIMESTAMP': datetime.datetime(2025, 5, 8, 18, 30, 24, 172430), 'SYNTHESIZER CLASS NAME': 'TVAESynthesizer', 'SYNTHESIZER ID': 'TVAESynthesizer_1.18.0_4b176d39843b4cf096a854850f69da7a', 'TOTAL NUMBER OF TABLES': 1, 'TOTAL NUMBER OF ROWS': 6192, 'TOTAL NUMBER OF COLUMNS': 37}
2025-05-08 18:30:24,385 - INFO - [SYNTHETIC] TVAE completed: 6192 rows generated.
2025-05-08 18:30:24,385 - INFO - [SYNTHETIC] Target class distribution for TVAE: {'Graduate': 2949, 'Dropout': 2542, 'Enrolled': 701}
2025-05-08 18:30:24,386 - INFO - [SYNTHETIC PIPELINE] Synthetic Data Generation Completed.
2025-05-08 18:30:24,386 - INFO - [SYNTHETIC PIPELINE] Synthesizers used: ['CTGAN', 'GaussianCopula', 'TVAE']
2025-05-08 18:30:24,387 - INFO - [SYNTHETIC PIPELINE] Evaluating synthetic dataset generated by CTGAN...
2025-05-08 18:30:24,387 - INFO - [SYNTHETIC EVAL] Real data columns     (37): ['Marital status', 'Application mode', 'Application order', 'Course', 'Daytime/evening attendance', 'Previous qualification', 'Previous qualification (grade)', 'Nacionality', "Mother's qualification", "Father's qualification", "Mother's occupation", "Father's occupation", 'Admission grade', 'Displaced', 'Educational special needs', 'Debtor', 'Tuition fees up to date', 'Gender', 'Scholarship_holder', 'Age at enrollment', 'International', 'Curricular units 1st sem (credited)', 'Curricular units 1st sem (enrolled)', 'Curricular units 1st sem (evaluations)', 'Curricular units 1st sem (approved)', 'Curricular units 1st sem (grade)', 'Curricular units 1st sem (without evaluations)', 'Curricular units 2nd sem (credited)', 'Curricular units 2nd sem (enrolled)', 'Curricular units 2nd sem (evaluations)', 'Curricular units 2nd sem (approved)', 'Curricular units 2nd sem (grade)', 'Curricular units 2nd sem (without evaluations)', 'Unemployment rate', 'Inflation rate', 'GDP', 'Target']
2025-05-08 18:30:24,387 - INFO - [SYNTHETIC EVAL] Synthetic data columns (37): ['Marital status', 'Application mode', 'Application order', 'Course', 'Daytime/evening attendance', 'Previous qualification', 'Previous qualification (grade)', 'Nacionality', "Mother's qualification", "Father's qualification", "Mother's occupation", "Father's occupation", 'Admission grade', 'Displaced', 'Educational special needs', 'Debtor', 'Tuition fees up to date', 'Gender', 'Scholarship_holder', 'Age at enrollment', 'International', 'Curricular units 1st sem (credited)', 'Curricular units 1st sem (enrolled)', 'Curricular units 1st sem (evaluations)', 'Curricular units 1st sem (approved)', 'Curricular units 1st sem (grade)', 'Curricular units 1st sem (without evaluations)', 'Curricular units 2nd sem (credited)', 'Curricular units 2nd sem (enrolled)', 'Curricular units 2nd sem (evaluations)', 'Curricular units 2nd sem (approved)', 'Curricular units 2nd sem (grade)', 'Curricular units 2nd sem (without evaluations)', 'Unemployment rate', 'Inflation rate', 'GDP', 'Target']
2025-05-08 18:30:24,387 - INFO - [SYNTHETIC EVAL] Metadata columns      (37): ['Marital status', 'Application mode', 'Application order', 'Course', 'Daytime/evening attendance', 'Previous qualification', 'Previous qualification (grade)', 'Nacionality', "Mother's qualification", "Father's qualification", "Mother's occupation", "Father's occupation", 'Admission grade', 'Displaced', 'Educational special needs', 'Debtor', 'Tuition fees up to date', 'Gender', 'Scholarship_holder', 'Age at enrollment', 'International', 'Curricular units 1st sem (credited)', 'Curricular units 1st sem (enrolled)', 'Curricular units 1st sem (evaluations)', 'Curricular units 1st sem (approved)', 'Curricular units 1st sem (grade)', 'Curricular units 1st sem (without evaluations)', 'Curricular units 2nd sem (credited)', 'Curricular units 2nd sem (enrolled)', 'Curricular units 2nd sem (evaluations)', 'Curricular units 2nd sem (approved)', 'Curricular units 2nd sem (grade)', 'Curricular units 2nd sem (without evaluations)', 'Unemployment rate', 'Inflation rate', 'GDP', 'Target']
2025-05-08 18:30:24,387 - INFO - [SYNTHETIC EVAL] Shape — Real: (3096, 37), Synthetic: (6192, 37)
2025-05-08 18:30:24,387 - INFO - [SYNTHETIC EVAL] Metadata structure:
{
  "columns": {
    "Marital status": {
      "sdtype": "categorical"
    },
    "Application mode": {
      "sdtype": "numerical"
    },
    "Application order": {
      "sdtype": "categorical"
    },
    "Course": {
      "sdtype": "numerical"
    },
    "Daytime/evening attendance": {
      "sdtype": "categorical"
    },
    "Previous qualification": {
      "sdtype": "numerical"
    },
    "Previous qualification (grade)": {
      "sdtype": "numerical"
    },
    "Nacionality": {
      "sdtype": "numerical"
    },
    "Mother's qualification": {
      "sdtype": "numerical"
    },
    "Father's qualification": {
      "sdtype": "numerical"
    },
    "Mother's occupation": {
      "sdtype": "numerical"
    },
    "Father's occupation": {
      "sdtype": "numerical"
    },
    "Admission grade": {
      "sdtype": "numerical"
    },
    "Displaced": {
      "sdtype": "categorical"
    },
    "Educational special needs": {
      "sdtype": "categorical"
    },
    "Debtor": {
      "sdtype": "categorical"
    },
    "Tuition fees up to date": {
      "sdtype": "categorical"
    },
    "Gender": {
      "sdtype": "categorical"
    },
    "Scholarship_holder": {
      "sdtype": "categorical"
    },
    "Age at enrollment": {
      "sdtype": "numerical"
    },
    "International": {
      "sdtype": "categorical"
    },
    "Curricular units 1st sem (credited)": {
      "sdtype": "numerical"
    },
    "Curricular units 1st sem (enrolled)": {
      "sdtype": "numerical"
    },
    "Curricular units 1st sem (evaluations)": {
      "sdtype": "numerical"
    },
    "Curricular units 1st sem (approved)": {
      "sdtype": "numerical"
    },
    "Curricular units 1st sem (grade)": {
      "sdtype": "numerical"
    },
    "Curricular units 1st sem (without evaluations)": {
      "sdtype": "numerical"
    },
    "Curricular units 2nd sem (credited)": {
      "sdtype": "numerical"
    },
    "Curricular units 2nd sem (enrolled)": {
      "sdtype": "numerical"
    },
    "Curricular units 2nd sem (evaluations)": {
      "sdtype": "numerical"
    },
    "Curricular units 2nd sem (approved)": {
      "sdtype": "numerical"
    },
    "Curricular units 2nd sem (grade)": {
      "sdtype": "numerical"
    },
    "Curricular units 2nd sem (without evaluations)": {
      "sdtype": "categorical"
    },
    "Unemployment rate": {
      "sdtype": "numerical"
    },
    "Inflation rate": {
      "sdtype": "numerical"
    },
    "GDP": {
      "sdtype": "numerical"
    },
    "Target": {
      "sdtype": "categorical"
    }
  },
  "METADATA_SPEC_VERSION": "SINGLE_TABLE_V1"
}
2025-05-08 18:30:26,785 - INFO - [SYNTHETIC PIPELINE] Evaluating synthetic dataset generated by GaussianCopula...
2025-05-08 18:30:26,785 - INFO - [SYNTHETIC EVAL] Real data columns     (37): ['Marital status', 'Application mode', 'Application order', 'Course', 'Daytime/evening attendance', 'Previous qualification', 'Previous qualification (grade)', 'Nacionality', "Mother's qualification", "Father's qualification", "Mother's occupation", "Father's occupation", 'Admission grade', 'Displaced', 'Educational special needs', 'Debtor', 'Tuition fees up to date', 'Gender', 'Scholarship_holder', 'Age at enrollment', 'International', 'Curricular units 1st sem (credited)', 'Curricular units 1st sem (enrolled)', 'Curricular units 1st sem (evaluations)', 'Curricular units 1st sem (approved)', 'Curricular units 1st sem (grade)', 'Curricular units 1st sem (without evaluations)', 'Curricular units 2nd sem (credited)', 'Curricular units 2nd sem (enrolled)', 'Curricular units 2nd sem (evaluations)', 'Curricular units 2nd sem (approved)', 'Curricular units 2nd sem (grade)', 'Curricular units 2nd sem (without evaluations)', 'Unemployment rate', 'Inflation rate', 'GDP', 'Target']
2025-05-08 18:30:26,785 - INFO - [SYNTHETIC EVAL] Synthetic data columns (37): ['Marital status', 'Application mode', 'Application order', 'Course', 'Daytime/evening attendance', 'Previous qualification', 'Previous qualification (grade)', 'Nacionality', "Mother's qualification", "Father's qualification", "Mother's occupation", "Father's occupation", 'Admission grade', 'Displaced', 'Educational special needs', 'Debtor', 'Tuition fees up to date', 'Gender', 'Scholarship_holder', 'Age at enrollment', 'International', 'Curricular units 1st sem (credited)', 'Curricular units 1st sem (enrolled)', 'Curricular units 1st sem (evaluations)', 'Curricular units 1st sem (approved)', 'Curricular units 1st sem (grade)', 'Curricular units 1st sem (without evaluations)', 'Curricular units 2nd sem (credited)', 'Curricular units 2nd sem (enrolled)', 'Curricular units 2nd sem (evaluations)', 'Curricular units 2nd sem (approved)', 'Curricular units 2nd sem (grade)', 'Curricular units 2nd sem (without evaluations)', 'Unemployment rate', 'Inflation rate', 'GDP', 'Target']
2025-05-08 18:30:26,785 - INFO - [SYNTHETIC EVAL] Metadata columns      (37): ['Marital status', 'Application mode', 'Application order', 'Course', 'Daytime/evening attendance', 'Previous qualification', 'Previous qualification (grade)', 'Nacionality', "Mother's qualification", "Father's qualification", "Mother's occupation", "Father's occupation", 'Admission grade', 'Displaced', 'Educational special needs', 'Debtor', 'Tuition fees up to date', 'Gender', 'Scholarship_holder', 'Age at enrollment', 'International', 'Curricular units 1st sem (credited)', 'Curricular units 1st sem (enrolled)', 'Curricular units 1st sem (evaluations)', 'Curricular units 1st sem (approved)', 'Curricular units 1st sem (grade)', 'Curricular units 1st sem (without evaluations)', 'Curricular units 2nd sem (credited)', 'Curricular units 2nd sem (enrolled)', 'Curricular units 2nd sem (evaluations)', 'Curricular units 2nd sem (approved)', 'Curricular units 2nd sem (grade)', 'Curricular units 2nd sem (without evaluations)', 'Unemployment rate', 'Inflation rate', 'GDP', 'Target']
2025-05-08 18:30:26,785 - INFO - [SYNTHETIC EVAL] Shape — Real: (3096, 37), Synthetic: (6192, 37)
2025-05-08 18:30:26,786 - INFO - [SYNTHETIC EVAL] Metadata structure:
{
  "columns": {
    "Marital status": {
      "sdtype": "categorical"
    },
    "Application mode": {
      "sdtype": "numerical"
    },
    "Application order": {
      "sdtype": "categorical"
    },
    "Course": {
      "sdtype": "numerical"
    },
    "Daytime/evening attendance": {
      "sdtype": "categorical"
    },
    "Previous qualification": {
      "sdtype": "numerical"
    },
    "Previous qualification (grade)": {
      "sdtype": "numerical"
    },
    "Nacionality": {
      "sdtype": "numerical"
    },
    "Mother's qualification": {
      "sdtype": "numerical"
    },
    "Father's qualification": {
      "sdtype": "numerical"
    },
    "Mother's occupation": {
      "sdtype": "numerical"
    },
    "Father's occupation": {
      "sdtype": "numerical"
    },
    "Admission grade": {
      "sdtype": "numerical"
    },
    "Displaced": {
      "sdtype": "categorical"
    },
    "Educational special needs": {
      "sdtype": "categorical"
    },
    "Debtor": {
      "sdtype": "categorical"
    },
    "Tuition fees up to date": {
      "sdtype": "categorical"
    },
    "Gender": {
      "sdtype": "categorical"
    },
    "Scholarship_holder": {
      "sdtype": "categorical"
    },
    "Age at enrollment": {
      "sdtype": "numerical"
    },
    "International": {
      "sdtype": "categorical"
    },
    "Curricular units 1st sem (credited)": {
      "sdtype": "numerical"
    },
    "Curricular units 1st sem (enrolled)": {
      "sdtype": "numerical"
    },
    "Curricular units 1st sem (evaluations)": {
      "sdtype": "numerical"
    },
    "Curricular units 1st sem (approved)": {
      "sdtype": "numerical"
    },
    "Curricular units 1st sem (grade)": {
      "sdtype": "numerical"
    },
    "Curricular units 1st sem (without evaluations)": {
      "sdtype": "numerical"
    },
    "Curricular units 2nd sem (credited)": {
      "sdtype": "numerical"
    },
    "Curricular units 2nd sem (enrolled)": {
      "sdtype": "numerical"
    },
    "Curricular units 2nd sem (evaluations)": {
      "sdtype": "numerical"
    },
    "Curricular units 2nd sem (approved)": {
      "sdtype": "numerical"
    },
    "Curricular units 2nd sem (grade)": {
      "sdtype": "numerical"
    },
    "Curricular units 2nd sem (without evaluations)": {
      "sdtype": "categorical"
    },
    "Unemployment rate": {
      "sdtype": "numerical"
    },
    "Inflation rate": {
      "sdtype": "numerical"
    },
    "GDP": {
      "sdtype": "numerical"
    },
    "Target": {
      "sdtype": "categorical"
    }
  },
  "METADATA_SPEC_VERSION": "SINGLE_TABLE_V1"
}
2025-05-08 18:30:31,303 - INFO - [SYNTHETIC PIPELINE] Evaluating synthetic dataset generated by TVAE...
2025-05-08 18:30:31,304 - INFO - [SYNTHETIC EVAL] Real data columns     (37): ['Marital status', 'Application mode', 'Application order', 'Course', 'Daytime/evening attendance', 'Previous qualification', 'Previous qualification (grade)', 'Nacionality', "Mother's qualification", "Father's qualification", "Mother's occupation", "Father's occupation", 'Admission grade', 'Displaced', 'Educational special needs', 'Debtor', 'Tuition fees up to date', 'Gender', 'Scholarship_holder', 'Age at enrollment', 'International', 'Curricular units 1st sem (credited)', 'Curricular units 1st sem (enrolled)', 'Curricular units 1st sem (evaluations)', 'Curricular units 1st sem (approved)', 'Curricular units 1st sem (grade)', 'Curricular units 1st sem (without evaluations)', 'Curricular units 2nd sem (credited)', 'Curricular units 2nd sem (enrolled)', 'Curricular units 2nd sem (evaluations)', 'Curricular units 2nd sem (approved)', 'Curricular units 2nd sem (grade)', 'Curricular units 2nd sem (without evaluations)', 'Unemployment rate', 'Inflation rate', 'GDP', 'Target']
2025-05-08 18:30:31,304 - INFO - [SYNTHETIC EVAL] Synthetic data columns (37): ['Marital status', 'Application mode', 'Application order', 'Course', 'Daytime/evening attendance', 'Previous qualification', 'Previous qualification (grade)', 'Nacionality', "Mother's qualification", "Father's qualification", "Mother's occupation", "Father's occupation", 'Admission grade', 'Displaced', 'Educational special needs', 'Debtor', 'Tuition fees up to date', 'Gender', 'Scholarship_holder', 'Age at enrollment', 'International', 'Curricular units 1st sem (credited)', 'Curricular units 1st sem (enrolled)', 'Curricular units 1st sem (evaluations)', 'Curricular units 1st sem (approved)', 'Curricular units 1st sem (grade)', 'Curricular units 1st sem (without evaluations)', 'Curricular units 2nd sem (credited)', 'Curricular units 2nd sem (enrolled)', 'Curricular units 2nd sem (evaluations)', 'Curricular units 2nd sem (approved)', 'Curricular units 2nd sem (grade)', 'Curricular units 2nd sem (without evaluations)', 'Unemployment rate', 'Inflation rate', 'GDP', 'Target']
2025-05-08 18:30:31,304 - INFO - [SYNTHETIC EVAL] Metadata columns      (37): ['Marital status', 'Application mode', 'Application order', 'Course', 'Daytime/evening attendance', 'Previous qualification', 'Previous qualification (grade)', 'Nacionality', "Mother's qualification", "Father's qualification", "Mother's occupation", "Father's occupation", 'Admission grade', 'Displaced', 'Educational special needs', 'Debtor', 'Tuition fees up to date', 'Gender', 'Scholarship_holder', 'Age at enrollment', 'International', 'Curricular units 1st sem (credited)', 'Curricular units 1st sem (enrolled)', 'Curricular units 1st sem (evaluations)', 'Curricular units 1st sem (approved)', 'Curricular units 1st sem (grade)', 'Curricular units 1st sem (without evaluations)', 'Curricular units 2nd sem (credited)', 'Curricular units 2nd sem (enrolled)', 'Curricular units 2nd sem (evaluations)', 'Curricular units 2nd sem (approved)', 'Curricular units 2nd sem (grade)', 'Curricular units 2nd sem (without evaluations)', 'Unemployment rate', 'Inflation rate', 'GDP', 'Target']
2025-05-08 18:30:31,304 - INFO - [SYNTHETIC EVAL] Shape — Real: (3096, 37), Synthetic: (6192, 37)
2025-05-08 18:30:31,305 - INFO - [SYNTHETIC EVAL] Metadata structure:
{
  "columns": {
    "Marital status": {
      "sdtype": "categorical"
    },
    "Application mode": {
      "sdtype": "numerical"
    },
    "Application order": {
      "sdtype": "categorical"
    },
    "Course": {
      "sdtype": "numerical"
    },
    "Daytime/evening attendance": {
      "sdtype": "categorical"
    },
    "Previous qualification": {
      "sdtype": "numerical"
    },
    "Previous qualification (grade)": {
      "sdtype": "numerical"
    },
    "Nacionality": {
      "sdtype": "numerical"
    },
    "Mother's qualification": {
      "sdtype": "numerical"
    },
    "Father's qualification": {
      "sdtype": "numerical"
    },
    "Mother's occupation": {
      "sdtype": "numerical"
    },
    "Father's occupation": {
      "sdtype": "numerical"
    },
    "Admission grade": {
      "sdtype": "numerical"
    },
    "Displaced": {
      "sdtype": "categorical"
    },
    "Educational special needs": {
      "sdtype": "categorical"
    },
    "Debtor": {
      "sdtype": "categorical"
    },
    "Tuition fees up to date": {
      "sdtype": "categorical"
    },
    "Gender": {
      "sdtype": "categorical"
    },
    "Scholarship_holder": {
      "sdtype": "categorical"
    },
    "Age at enrollment": {
      "sdtype": "numerical"
    },
    "International": {
      "sdtype": "categorical"
    },
    "Curricular units 1st sem (credited)": {
      "sdtype": "numerical"
    },
    "Curricular units 1st sem (enrolled)": {
      "sdtype": "numerical"
    },
    "Curricular units 1st sem (evaluations)": {
      "sdtype": "numerical"
    },
    "Curricular units 1st sem (approved)": {
      "sdtype": "numerical"
    },
    "Curricular units 1st sem (grade)": {
      "sdtype": "numerical"
    },
    "Curricular units 1st sem (without evaluations)": {
      "sdtype": "numerical"
    },
    "Curricular units 2nd sem (credited)": {
      "sdtype": "numerical"
    },
    "Curricular units 2nd sem (enrolled)": {
      "sdtype": "numerical"
    },
    "Curricular units 2nd sem (evaluations)": {
      "sdtype": "numerical"
    },
    "Curricular units 2nd sem (approved)": {
      "sdtype": "numerical"
    },
    "Curricular units 2nd sem (grade)": {
      "sdtype": "numerical"
    },
    "Curricular units 2nd sem (without evaluations)": {
      "sdtype": "categorical"
    },
    "Unemployment rate": {
      "sdtype": "numerical"
    },
    "Inflation rate": {
      "sdtype": "numerical"
    },
    "GDP": {
      "sdtype": "numerical"
    },
    "Target": {
      "sdtype": "categorical"
    }
  },
  "METADATA_SPEC_VERSION": "SINGLE_TABLE_V1"
}
2025-05-08 18:30:34,345 - INFO -  [SYNTHETIC PIPELINE]  Synthetic Data Evaluation Completed.
2025-05-08 18:30:34,367 - INFO -  [SYNTHETIC PIPELINE] Synthetic Data Report Generated Successfully.
2025-05-08 18:30:34,712 - INFO - Synthetic data generated with 3 synthesizer(s).
2025-05-08 18:30:34,712 - INFO - Hybrid Pipeline skipped (disabled in configuration).
2025-05-08 18:30:34,712 - INFO - Starting Utility...
2025-05-08 18:30:34,712 - INFO - [UTILITY] Preparing datasets for machine learning...
2025-05-08 18:30:34,713 - INFO - [UTILITY] Original Data - Training Size: 3096, Testing Size: 1328
2025-05-08 18:30:34,713 - INFO - [UTILITY] Target class distribution (Original): {'Graduate': 1546, 'Dropout': 994, 'Enrolled': 556}
2025-05-08 18:30:34,714 - INFO - [UTILITY] Processing synthetic dataset generated by CTGAN...
2025-05-08 18:30:34,716 - INFO - [UTILITY] Synthetic Data (CTGAN) - Training Size: 6192
2025-05-08 18:30:34,716 - INFO - [UTILITY] Target class distribution (CTGAN): {'Graduate': 3636, 'Dropout': 1973, 'Enrolled': 583}
2025-05-08 18:30:34,717 - INFO - [UTILITY] Processing synthetic dataset generated by GaussianCopula...
2025-05-08 18:30:34,718 - INFO - [UTILITY] Synthetic Data (GaussianCopula) - Training Size: 6192
2025-05-08 18:30:34,719 - INFO - [UTILITY] Target class distribution (GaussianCopula): {'Graduate': 3200, 'Dropout': 1905, 'Enrolled': 1087}
2025-05-08 18:30:34,719 - INFO - [UTILITY] Processing synthetic dataset generated by TVAE...
2025-05-08 18:30:34,721 - INFO - [UTILITY] Synthetic Data (TVAE) - Training Size: 6192
2025-05-08 18:30:34,722 - INFO - [UTILITY] Target class distribution (TVAE): {'Graduate': 2949, 'Dropout': 2542, 'Enrolled': 701}
2025-05-08 18:30:34,722 - INFO - [UTILITY] Training models on all datasets...
2025-05-08 18:30:34,722 - INFO - [UTILITY] Total datasets used for training: 4
2025-05-08 18:30:34,722 - INFO - [TRAINING] Training models from scratch...
2025-05-08 18:30:34,722 - INFO - [TRAINING] Starting training for dataset: Original — Rows: 3096, Features: 36
2025-05-08 18:30:34,722 - INFO - [TRAINING] Training DecisionTree on Original...
2025-05-08 18:30:34,757 - INFO - [TRAINING] DecisionTree trained successfully on Original in 0.03 sec
2025-05-08 18:30:34,757 - INFO - [TRAINING] Training KNN on Original...
2025-05-08 18:30:34,761 - INFO - [TRAINING] KNN trained successfully on Original in 0.00 sec
2025-05-08 18:30:34,761 - INFO - [TRAINING] Training LogisticRegression on Original...
2025-05-08 18:30:35,078 - INFO - [TRAINING] LogisticRegression trained successfully on Original in 0.32 sec
2025-05-08 18:30:35,078 - INFO - [TRAINING] Training RandomForest on Original...
2025-05-08 18:30:35,845 - INFO - [TRAINING] RandomForest trained successfully on Original in 0.77 sec
2025-05-08 18:30:35,845 - INFO - [TRAINING] Finished training 4 model(s) for dataset: Original
2025-05-08 18:30:35,845 - INFO - [TRAINING] Starting training for dataset: CTGAN — Rows: 6192, Features: 36
2025-05-08 18:30:35,845 - INFO - [TRAINING] Training DecisionTree on CTGAN...
2025-05-08 18:30:35,981 - INFO - [TRAINING] DecisionTree trained successfully on CTGAN in 0.14 sec
2025-05-08 18:30:35,981 - INFO - [TRAINING] Training KNN on CTGAN...
2025-05-08 18:30:35,989 - INFO - [TRAINING] KNN trained successfully on CTGAN in 0.01 sec
2025-05-08 18:30:35,989 - INFO - [TRAINING] Training LogisticRegression on CTGAN...
2025-05-08 18:30:36,044 - INFO - [TRAINING] LogisticRegression trained successfully on CTGAN in 0.05 sec
2025-05-08 18:30:36,044 - INFO - [TRAINING] Training RandomForest on CTGAN...
2025-05-08 18:30:37,329 - INFO - [TRAINING] RandomForest trained successfully on CTGAN in 1.29 sec
2025-05-08 18:30:37,329 - INFO - [TRAINING] Finished training 4 model(s) for dataset: CTGAN
2025-05-08 18:30:37,329 - INFO - [TRAINING] Starting training for dataset: GaussianCopula — Rows: 6192, Features: 36
2025-05-08 18:30:37,329 - INFO - [TRAINING] Training DecisionTree on GaussianCopula...
2025-05-08 18:30:37,433 - INFO - [TRAINING] DecisionTree trained successfully on GaussianCopula in 0.10 sec
2025-05-08 18:30:37,433 - INFO - [TRAINING] Training KNN on GaussianCopula...
2025-05-08 18:30:37,437 - INFO - [TRAINING] KNN trained successfully on GaussianCopula in 0.00 sec
2025-05-08 18:30:37,438 - INFO - [TRAINING] Training LogisticRegression on GaussianCopula...
2025-05-08 18:30:37,464 - INFO - [TRAINING] LogisticRegression trained successfully on GaussianCopula in 0.03 sec
2025-05-08 18:30:37,464 - INFO - [TRAINING] Training RandomForest on GaussianCopula...
2025-05-08 18:30:39,587 - INFO - [TRAINING] RandomForest trained successfully on GaussianCopula in 2.12 sec
2025-05-08 18:30:39,587 - INFO - [TRAINING] Finished training 4 model(s) for dataset: GaussianCopula
2025-05-08 18:30:39,587 - INFO - [TRAINING] Starting training for dataset: TVAE — Rows: 6192, Features: 36
2025-05-08 18:30:39,587 - INFO - [TRAINING] Training DecisionTree on TVAE...
2025-05-08 18:30:39,651 - INFO - [TRAINING] DecisionTree trained successfully on TVAE in 0.06 sec
2025-05-08 18:30:39,651 - INFO - [TRAINING] Training KNN on TVAE...
2025-05-08 18:30:39,656 - INFO - [TRAINING] KNN trained successfully on TVAE in 0.00 sec
2025-05-08 18:30:39,656 - INFO - [TRAINING] Training LogisticRegression on TVAE...
2025-05-08 18:30:39,713 - INFO - [TRAINING] LogisticRegression trained successfully on TVAE in 0.06 sec
2025-05-08 18:30:39,714 - INFO - [TRAINING] Training RandomForest on TVAE...
2025-05-08 18:30:40,539 - INFO - [TRAINING] RandomForest trained successfully on TVAE in 0.82 sec
2025-05-08 18:30:40,539 - INFO - [TRAINING] Finished training 4 model(s) for dataset: TVAE
2025-05-08 18:30:40,539 - INFO - [TRAINING] Total models trained across all datasets: 16
2025-05-08 18:30:40,539 - INFO - [UTILITY] Trained model names: ['Original', 'CTGAN', 'GaussianCopula', 'TVAE']
2025-05-08 18:30:40,539 - INFO - [UTILITY] Model Training Completed.
2025-05-08 18:30:40,539 - INFO - Starting the Evaluating of models...
2025-05-08 18:30:40,539 - INFO - Preparing evaluation for model 'DecisionTree' across all datasets...
2025-05-08 18:30:40,539 - INFO - Evaluating DecisionTree on Original...
2025-05-08 18:30:40,542 - INFO - Predictions completed for DecisionTree on Original
2025-05-08 18:30:40,542 - INFO - Prediction distribution for DecisionTree on Original: {'Graduate': 619, 'Dropout': 404, 'Enrolled': 305}
2025-05-08 18:30:40,565 - INFO - Computed 8 metric(s) for DecisionTree on Original
2025-05-08 18:30:40,565 - INFO - Evaluating DecisionTree on CTGAN...
2025-05-08 18:30:40,566 - INFO - Predictions completed for DecisionTree on CTGAN
2025-05-08 18:30:40,567 - INFO - Prediction distribution for DecisionTree on CTGAN: {'Graduate': 791, 'Dropout': 419, 'Enrolled': 118}
2025-05-08 18:30:40,587 - INFO - Computed 8 metric(s) for DecisionTree on CTGAN
2025-05-08 18:30:40,587 - INFO - Evaluating DecisionTree on GaussianCopula...
2025-05-08 18:30:40,589 - INFO - Predictions completed for DecisionTree on GaussianCopula
2025-05-08 18:30:40,589 - INFO - Prediction distribution for DecisionTree on GaussianCopula: {'Graduate': 720, 'Dropout': 375, 'Enrolled': 233}
2025-05-08 18:30:40,609 - INFO - Computed 8 metric(s) for DecisionTree on GaussianCopula
2025-05-08 18:30:40,610 - INFO - Evaluating DecisionTree on TVAE...
2025-05-08 18:30:40,611 - INFO - Predictions completed for DecisionTree on TVAE
2025-05-08 18:30:40,611 - INFO - Prediction distribution for DecisionTree on TVAE: {'Graduate': 644, 'Dropout': 451, 'Enrolled': 233}
2025-05-08 18:30:40,632 - INFO - Computed 8 metric(s) for DecisionTree on TVAE
2025-05-08 18:30:40,632 - INFO - Preparing evaluation for model 'KNN' across all datasets...
2025-05-08 18:30:40,632 - INFO - Evaluating KNN on Original...
2025-05-08 18:30:41,203 - INFO - Predictions completed for KNN on Original
2025-05-08 18:30:41,204 - INFO - Prediction distribution for KNN on Original: {'Graduate': 717, 'Dropout': 397, 'Enrolled': 214}
2025-05-08 18:30:42,188 - INFO - Computed 8 metric(s) for KNN on Original
2025-05-08 18:30:42,188 - INFO - Evaluating KNN on CTGAN...
2025-05-08 18:30:42,531 - INFO - Predictions completed for KNN on CTGAN
2025-05-08 18:30:42,532 - INFO - Prediction distribution for KNN on CTGAN: {'Graduate': 1094, 'Dropout': 207, 'Enrolled': 27}
2025-05-08 18:30:42,566 - INFO - Computed 8 metric(s) for KNN on CTGAN
2025-05-08 18:30:42,566 - INFO - Evaluating KNN on GaussianCopula...
2025-05-08 18:30:42,602 - INFO - Predictions completed for KNN on GaussianCopula
2025-05-08 18:30:42,602 - INFO - Prediction distribution for KNN on GaussianCopula: {'Graduate': 947, 'Dropout': 297, 'Enrolled': 84}
2025-05-08 18:30:42,637 - INFO - Computed 8 metric(s) for KNN on GaussianCopula
2025-05-08 18:30:42,637 - INFO - Evaluating KNN on TVAE...
2025-05-08 18:30:42,673 - INFO - Predictions completed for KNN on TVAE
2025-05-08 18:30:42,674 - INFO - Prediction distribution for KNN on TVAE: {'Graduate': 731, 'Dropout': 504, 'Enrolled': 93}
2025-05-08 18:30:42,708 - INFO - Computed 8 metric(s) for KNN on TVAE
2025-05-08 18:30:42,708 - INFO - Preparing evaluation for model 'LogisticRegression' across all datasets...
2025-05-08 18:30:42,708 - INFO - Evaluating LogisticRegression on Original...
2025-05-08 18:30:42,710 - INFO - Predictions completed for LogisticRegression on Original
2025-05-08 18:30:42,711 - INFO - Prediction distribution for LogisticRegression on Original: {'Graduate': 773, 'Dropout': 398, 'Enrolled': 157}
2025-05-08 18:30:42,730 - INFO - Computed 8 metric(s) for LogisticRegression on Original
2025-05-08 18:30:42,730 - INFO - Evaluating LogisticRegression on CTGAN...
2025-05-08 18:30:42,732 - INFO - Predictions completed for LogisticRegression on CTGAN
2025-05-08 18:30:42,732 - INFO - Prediction distribution for LogisticRegression on CTGAN: {'Graduate': 963, 'Dropout': 365}
2025-05-08 18:30:42,736 - WARNING - [UndefinedMetricWarning] Precision is ill-defined and being set to 0.0 in labels with no predicted samples. Use `zero_division` parameter to control this behavior. (from /mnt/NVMETank/Projects/Students/Dele/A-STUDY-INTO-THE-QUALITY-AND-USABILITY-OF-PRIVACY-FRIENDLY-SYNTHETIC-DATA/.venv/lib/python3.12/site-packages/sklearn/metrics/_classification.py:1565)
2025-05-08 18:30:42,739 - WARNING - [UndefinedMetricWarning] Precision is ill-defined and being set to 0.0 in labels with no predicted samples. Use `zero_division` parameter to control this behavior. (from /mnt/NVMETank/Projects/Students/Dele/A-STUDY-INTO-THE-QUALITY-AND-USABILITY-OF-PRIVACY-FRIENDLY-SYNTHETIC-DATA/.venv/lib/python3.12/site-packages/sklearn/metrics/_classification.py:1565)
2025-05-08 18:30:42,742 - WARNING - [UndefinedMetricWarning] Precision is ill-defined and being set to 0.0 in labels with no predicted samples. Use `zero_division` parameter to control this behavior. (from /mnt/NVMETank/Projects/Students/Dele/A-STUDY-INTO-THE-QUALITY-AND-USABILITY-OF-PRIVACY-FRIENDLY-SYNTHETIC-DATA/.venv/lib/python3.12/site-packages/sklearn/metrics/_classification.py:1565)
2025-05-08 18:30:42,752 - INFO - Computed 8 metric(s) for LogisticRegression on CTGAN
2025-05-08 18:30:42,752 - INFO - Evaluating LogisticRegression on GaussianCopula...
2025-05-08 18:30:42,753 - INFO - Predictions completed for LogisticRegression on GaussianCopula
2025-05-08 18:30:42,754 - INFO - Prediction distribution for LogisticRegression on GaussianCopula: {'Graduate': 1059, 'Dropout': 173, 'Enrolled': 96}
2025-05-08 18:30:42,773 - INFO - Computed 8 metric(s) for LogisticRegression on GaussianCopula
2025-05-08 18:30:42,773 - INFO - Evaluating LogisticRegression on TVAE...
2025-05-08 18:30:42,775 - INFO - Predictions completed for LogisticRegression on TVAE
2025-05-08 18:30:42,775 - INFO - Prediction distribution for LogisticRegression on TVAE: {'Graduate': 682, 'Dropout': 491, 'Enrolled': 155}
2025-05-08 18:30:42,794 - INFO - Computed 8 metric(s) for LogisticRegression on TVAE
2025-05-08 18:30:42,795 - INFO - Preparing evaluation for model 'RandomForest' across all datasets...
2025-05-08 18:30:42,795 - INFO - Evaluating RandomForest on Original...
2025-05-08 18:30:42,812 - INFO - Predictions completed for RandomForest on Original
2025-05-08 18:30:42,813 - INFO - Prediction distribution for RandomForest on Original: {'Graduate': 779, 'Dropout': 407, 'Enrolled': 142}
2025-05-08 18:30:42,863 - INFO - Computed 8 metric(s) for RandomForest on Original
2025-05-08 18:30:42,863 - INFO - Evaluating RandomForest on CTGAN...
2025-05-08 18:30:42,882 - INFO - Predictions completed for RandomForest on CTGAN
2025-05-08 18:30:42,882 - INFO - Prediction distribution for RandomForest on CTGAN: {'Graduate': 976, 'Dropout': 352}
2025-05-08 18:30:42,886 - WARNING - [UndefinedMetricWarning] Precision is ill-defined and being set to 0.0 in labels with no predicted samples. Use `zero_division` parameter to control this behavior. (from /mnt/NVMETank/Projects/Students/Dele/A-STUDY-INTO-THE-QUALITY-AND-USABILITY-OF-PRIVACY-FRIENDLY-SYNTHETIC-DATA/.venv/lib/python3.12/site-packages/sklearn/metrics/_classification.py:1565)
2025-05-08 18:30:42,889 - WARNING - [UndefinedMetricWarning] Precision is ill-defined and being set to 0.0 in labels with no predicted samples. Use `zero_division` parameter to control this behavior. (from /mnt/NVMETank/Projects/Students/Dele/A-STUDY-INTO-THE-QUALITY-AND-USABILITY-OF-PRIVACY-FRIENDLY-SYNTHETIC-DATA/.venv/lib/python3.12/site-packages/sklearn/metrics/_classification.py:1565)
2025-05-08 18:30:42,892 - WARNING - [UndefinedMetricWarning] Precision is ill-defined and being set to 0.0 in labels with no predicted samples. Use `zero_division` parameter to control this behavior. (from /mnt/NVMETank/Projects/Students/Dele/A-STUDY-INTO-THE-QUALITY-AND-USABILITY-OF-PRIVACY-FRIENDLY-SYNTHETIC-DATA/.venv/lib/python3.12/site-packages/sklearn/metrics/_classification.py:1565)
2025-05-08 18:30:42,935 - INFO - Computed 8 metric(s) for RandomForest on CTGAN
2025-05-08 18:30:42,935 - INFO - Evaluating RandomForest on GaussianCopula...
2025-05-08 18:30:42,952 - INFO - Predictions completed for RandomForest on GaussianCopula
2025-05-08 18:30:42,952 - INFO - Prediction distribution for RandomForest on GaussianCopula: {'Graduate': 1123, 'Dropout': 123, 'Enrolled': 82}
2025-05-08 18:30:43,001 - INFO - Computed 8 metric(s) for RandomForest on GaussianCopula
2025-05-08 18:30:43,001 - INFO - Evaluating RandomForest on TVAE...
2025-05-08 18:30:43,018 - INFO - Predictions completed for RandomForest on TVAE
2025-05-08 18:30:43,019 - INFO - Prediction distribution for RandomForest on TVAE: {'Graduate': 668, 'Dropout': 548, 'Enrolled': 112}
2025-05-08 18:30:43,068 - INFO - Computed 8 metric(s) for RandomForest on TVAE
2025-05-08 18:30:43,072 - INFO - Evaluation completed for all models.
2025-05-08 18:30:43,072 - INFO - Model evaluation completed in 2.53 seconds.
2025-05-08 18:30:43,074 - INFO - Evaluated models: ['DecisionTree', 'KNN', 'LogisticRegression', 'RandomForest']
2025-05-08 18:30:43,074 - INFO - Model Training and Evaluation completed.
2025-05-08 18:30:43,717 - INFO -  Visualizations saved.
2025-05-08 18:30:43,718 - INFO -  Benchmarking Completed. Results saved in output folder.
