2025-04-23 01:10:16,675 - INFO - Loaded config file: configs/generated_configs/loan/loan_synth_ep1000_rows1x.yaml
2025-04-23 01:10:16,675 - INFO -  Benchmarking started for dataset: loan
2025-04-23 01:10:16,675 - INFO - Using dataset path: /mnt/NVMETank/Projects/Students/Dele/A-STUDY-INTO-THE-QUALITY-AND-USABILITY-OF-PRIVACY-FRIENDLY-SYNTHETIC-DATA/datasets/original/loan.csv
2025-04-23 01:10:16,675 - INFO - Target column: Loan_Status, separator: ','
2025-04-23 01:10:16,675 - INFO - Configuration loaded: enable_anonymization = False, enable_synthesis = True, enable_hybrid = False, enable_utility = True, delete_after_evaluation = True
2025-04-23 01:10:16,675 - INFO - Running preprocessing...
2025-04-23 01:10:16,679 - INFO -  [PREPROCESSING] Preprocessed files found. Skipping preprocessing.
2025-04-23 01:10:16,688 - INFO - Preprocessing completed. Rows before: 614, after: 336
2025-04-23 01:10:16,688 - INFO - Preprocessed data saved to: outputs/batch/loan_batch_2025-04-23_01-09-27/loan_synth_ep1000_rows1x/preprocessing_report.txt
2025-04-23 01:10:16,689 - INFO - enable_anonymization = False
2025-04-23 01:10:16,689 - INFO - Anonymization Skipped (Disabled in Configuration).
2025-04-23 01:10:16,689 - INFO - enable_synthetic_generation = True
2025-04-23 01:10:16,689 - INFO - Starting standard Synthetic Data Generation pipeline...
2025-04-23 01:10:16,689 - INFO - Executing run_synthetic.....
2025-04-23 01:10:16,689 - INFO - [SYNTHETIC PIPELINE] executing run_synthetic for loan...
2025-04-23 01:10:16,689 - INFO - [SYNTHETIC] Processing dataset: loan
2025-04-23 01:10:16,689 - INFO - [SYNTHETIC] Original dataset size: 336 rows
2025-04-23 01:10:16,703 - INFO - Detected metadata:
2025-04-23 01:10:16,703 - INFO - {
    "METADATA_SPEC_VERSION": "SINGLE_TABLE_V1",
    "columns": {
        "Loan_ID_0": {
            "sdtype": "categorical"
        },
        "Loan_ID_1": {
            "sdtype": "categorical"
        },
        "Loan_ID_2": {
            "sdtype": "categorical"
        },
        "Loan_ID_3": {
            "sdtype": "categorical"
        },
        "Loan_ID_4": {
            "sdtype": "categorical"
        },
        "Loan_ID_5": {
            "sdtype": "categorical"
        },
        "Loan_ID_6": {
            "sdtype": "categorical"
        },
        "Loan_ID_7": {
            "sdtype": "categorical"
        },
        "Loan_ID_8": {
            "sdtype": "categorical"
        },
        "Gender_0": {
            "sdtype": "categorical"
        },
        "Gender_1": {
            "sdtype": "categorical"
        },
        "Married_0": {
            "sdtype": "categorical"
        },
        "Married_1": {
            "sdtype": "categorical"
        },
        "Dependents_0": {
            "sdtype": "categorical"
        },
        "Dependents_1": {
            "sdtype": "categorical"
        },
        "Dependents_2": {
            "sdtype": "categorical"
        },
        "Education_0": {
            "sdtype": "categorical"
        },
        "Education_1": {
            "sdtype": "categorical"
        },
        "Self_Employed_0": {
            "sdtype": "categorical"
        },
        "Self_Employed_1": {
            "sdtype": "categorical"
        },
        "ApplicantIncome": {
            "sdtype": "numerical"
        },
        "CoapplicantIncome": {
            "sdtype": "numerical"
        },
        "LoanAmount": {
            "sdtype": "numerical"
        },
        "Loan_Amount_Term": {
            "sdtype": "categorical"
        },
        "Credit_History": {
            "sdtype": "categorical"
        },
        "Property_Area_0": {
            "sdtype": "categorical"
        },
        "Property_Area_1": {
            "sdtype": "categorical"
        },
        "Loan_Status": {
            "sdtype": "categorical"
        }
    }
}
2025-04-23 01:10:16,703 - INFO - [SYNTHETIC] Preparing synthesizer: CTGAN
2025-04-23 01:10:16,703 - INFO - [SYNTHETIC] Params from config: {'epochs': 1000}
2025-04-23 01:10:16,703 - INFO -  [SYNTHETIC] No pre-trained synthesizer found
2025-04-23 01:10:16,703 - INFO - [SYNTHETIC] Training new CTGAN synthesizer from scratch...
2025-04-23 01:10:16,703 - WARNING - [FutureWarning] The 'SingleTableMetadata' is deprecated. Please use the new 'Metadata' class for synthesizers. (from /mnt/NVMETank/Projects/Students/Dele/A-STUDY-INTO-THE-QUALITY-AND-USABILITY-OF-PRIVACY-FRIENDLY-SYNTHETIC-DATA/.venv/lib/python3.12/site-packages/sdv/single_table/base.py:119)
2025-04-23 01:10:16,703 - WARNING - [UserWarning] We strongly recommend saving the metadata using 'save_to_json' for replicability in future SDV versions. (from /mnt/NVMETank/Projects/Students/Dele/A-STUDY-INTO-THE-QUALITY-AND-USABILITY-OF-PRIVACY-FRIENDLY-SYNTHETIC-DATA/.venv/lib/python3.12/site-packages/sdv/single_table/base.py:104)
2025-04-23 01:10:16,707 - INFO - {'EVENT': 'Instance', 'TIMESTAMP': datetime.datetime(2025, 4, 23, 1, 10, 16, 707958), 'SYNTHESIZER CLASS NAME': 'CTGANSynthesizer', 'SYNTHESIZER ID': 'CTGANSynthesizer_1.18.0_345f1f62d03641a4ba5bef72a5d39c46'}
2025-04-23 01:10:16,708 - INFO - [SYNTHETIC] CTGAN initialized with epochs: 1000
2025-04-23 01:10:16,708 - INFO - [SYNTHETIC] Training parameters for CTGAN: {}
2025-04-23 01:10:16,708 - INFO - [SYNTHETIC] fitting CTGAN 
2025-04-23 01:10:16,708 - INFO - {'EVENT': 'Fit', 'TIMESTAMP': datetime.datetime(2025, 4, 23, 1, 10, 16, 708212), 'SYNTHESIZER CLASS NAME': 'CTGANSynthesizer', 'SYNTHESIZER ID': 'CTGANSynthesizer_1.18.0_345f1f62d03641a4ba5bef72a5d39c46', 'TOTAL NUMBER OF TABLES': 1, 'TOTAL NUMBER OF ROWS': 336, 'TOTAL NUMBER OF COLUMNS': 28}
2025-04-23 01:10:16,709 - INFO - Fitting table  metadata
2025-04-23 01:10:16,709 - INFO - Fitting formatters for table 
2025-04-23 01:10:16,711 - INFO - Fitting constraints for table 
2025-04-23 01:10:16,711 - INFO - Setting the configuration for the ``HyperTransformer`` for table 
2025-04-23 01:10:16,712 - INFO - Fitting HyperTransformer for table 
2025-04-23 01:10:16,726 - INFO - {'EVENT': 'Fit processed data', 'TIMESTAMP': datetime.datetime(2025, 4, 23, 1, 10, 16, 726021), 'SYNTHESIZER CLASS NAME': 'CTGANSynthesizer', 'SYNTHESIZER ID': 'CTGANSynthesizer_1.18.0_345f1f62d03641a4ba5bef72a5d39c46', 'TOTAL NUMBER OF TABLES': 1, 'TOTAL NUMBER OF ROWS': 336, 'TOTAL NUMBER OF COLUMNS': 28}
2025-04-23 01:10:16,766 - INFO - Guidance: There are no missing values in column ApplicantIncome. Extra column not created.
2025-04-23 01:10:16,868 - INFO - Guidance: There are no missing values in column CoapplicantIncome. Extra column not created.
2025-04-23 01:10:16,901 - INFO - Guidance: There are no missing values in column LoanAmount. Extra column not created.
2025-04-23 01:11:48,555 - INFO - [SYNTHETIC] Fitting complete for CTGAN. Duration: 91.85 seconds.
2025-04-23 01:11:48,556 - INFO - [SYNTHETIC] CONFIRMATION CTGAN actually trained with epochs = 1000
2025-04-23 01:11:48,556 - INFO - {'EVENT': 'Save', 'TIMESTAMP': datetime.datetime(2025, 4, 23, 1, 11, 48, 556170), 'SYNTHESIZER CLASS NAME': 'CTGANSynthesizer', 'SYNTHESIZER ID': 'CTGANSynthesizer_1.18.0_345f1f62d03641a4ba5bef72a5d39c46'}
2025-04-23 01:11:48,602 - INFO - [SYNTHETIC] CTGAN trained and saved.
2025-04-23 01:11:48,603 - INFO - [SYNTHETIC] Preparing synthesizer: TVAE
2025-04-23 01:11:48,603 - INFO - [SYNTHETIC] Params from config: {'epochs': 1000}
2025-04-23 01:11:48,603 - INFO -  [SYNTHETIC] No pre-trained synthesizer found
2025-04-23 01:11:48,603 - INFO - [SYNTHETIC] Training new TVAE synthesizer from scratch...
2025-04-23 01:11:48,603 - WARNING - [FutureWarning] The 'SingleTableMetadata' is deprecated. Please use the new 'Metadata' class for synthesizers. (from /mnt/NVMETank/Projects/Students/Dele/A-STUDY-INTO-THE-QUALITY-AND-USABILITY-OF-PRIVACY-FRIENDLY-SYNTHETIC-DATA/.venv/lib/python3.12/site-packages/sdv/single_table/base.py:119)
2025-04-23 01:11:48,607 - INFO - {'EVENT': 'Instance', 'TIMESTAMP': datetime.datetime(2025, 4, 23, 1, 11, 48, 607097), 'SYNTHESIZER CLASS NAME': 'TVAESynthesizer', 'SYNTHESIZER ID': 'TVAESynthesizer_1.18.0_b834d65270bb40409538f71cfbb05fc1'}
2025-04-23 01:11:48,607 - INFO - [SYNTHETIC] TVAE initialized with epochs: 1000
2025-04-23 01:11:48,607 - INFO - [SYNTHETIC] Training parameters for TVAE: {}
2025-04-23 01:11:48,607 - INFO - [SYNTHETIC] fitting TVAE 
2025-04-23 01:11:48,607 - INFO - {'EVENT': 'Fit', 'TIMESTAMP': datetime.datetime(2025, 4, 23, 1, 11, 48, 607395), 'SYNTHESIZER CLASS NAME': 'TVAESynthesizer', 'SYNTHESIZER ID': 'TVAESynthesizer_1.18.0_b834d65270bb40409538f71cfbb05fc1', 'TOTAL NUMBER OF TABLES': 1, 'TOTAL NUMBER OF ROWS': 336, 'TOTAL NUMBER OF COLUMNS': 28}
2025-04-23 01:11:48,609 - INFO - Fitting table  metadata
2025-04-23 01:11:48,609 - INFO - Fitting formatters for table 
2025-04-23 01:11:48,611 - INFO - Fitting constraints for table 
2025-04-23 01:11:48,611 - INFO - Setting the configuration for the ``HyperTransformer`` for table 
2025-04-23 01:11:48,613 - INFO - Fitting HyperTransformer for table 
2025-04-23 01:11:48,628 - INFO - {'EVENT': 'Fit processed data', 'TIMESTAMP': datetime.datetime(2025, 4, 23, 1, 11, 48, 628557), 'SYNTHESIZER CLASS NAME': 'TVAESynthesizer', 'SYNTHESIZER ID': 'TVAESynthesizer_1.18.0_b834d65270bb40409538f71cfbb05fc1', 'TOTAL NUMBER OF TABLES': 1, 'TOTAL NUMBER OF ROWS': 336, 'TOTAL NUMBER OF COLUMNS': 28}
2025-04-23 01:11:48,651 - INFO - Guidance: There are no missing values in column ApplicantIncome. Extra column not created.
2025-04-23 01:11:48,724 - INFO - Guidance: There are no missing values in column CoapplicantIncome. Extra column not created.
2025-04-23 01:11:48,756 - INFO - Guidance: There are no missing values in column LoanAmount. Extra column not created.
2025-04-23 01:11:58,895 - INFO - [SYNTHETIC] Fitting complete for TVAE. Duration: 10.29 seconds.
2025-04-23 01:11:58,895 - INFO - [SYNTHETIC] CONFIRMATION TVAE actually trained with epochs = 1000
2025-04-23 01:11:58,895 - INFO - {'EVENT': 'Save', 'TIMESTAMP': datetime.datetime(2025, 4, 23, 1, 11, 58, 895496), 'SYNTHESIZER CLASS NAME': 'TVAESynthesizer', 'SYNTHESIZER ID': 'TVAESynthesizer_1.18.0_b834d65270bb40409538f71cfbb05fc1'}
2025-04-23 01:11:58,932 - INFO - [SYNTHETIC] TVAE trained and saved.
2025-04-23 01:11:58,932 - INFO - [SYNTHETIC] Using CTGAN to generate 336 rows...
2025-04-23 01:11:59,017 - INFO - {'EVENT': 'Sample', 'TIMESTAMP': datetime.datetime(2025, 4, 23, 1, 11, 58, 933045), 'SYNTHESIZER CLASS NAME': 'CTGANSynthesizer', 'SYNTHESIZER ID': 'CTGANSynthesizer_1.18.0_345f1f62d03641a4ba5bef72a5d39c46', 'TOTAL NUMBER OF TABLES': 1, 'TOTAL NUMBER OF ROWS': 336, 'TOTAL NUMBER OF COLUMNS': 28}
2025-04-23 01:11:59,017 - INFO - [SYNTHETIC] CTGAN completed: 336 rows generated.
2025-04-23 01:11:59,017 - INFO - [SYNTHETIC] Target class distribution for CTGAN: {'Y': 247, 'N': 89}
2025-04-23 01:11:59,017 - INFO - [SYNTHETIC] Using TVAE to generate 336 rows...
2025-04-23 01:11:59,071 - INFO - {'EVENT': 'Sample', 'TIMESTAMP': datetime.datetime(2025, 4, 23, 1, 11, 59, 17904), 'SYNTHESIZER CLASS NAME': 'TVAESynthesizer', 'SYNTHESIZER ID': 'TVAESynthesizer_1.18.0_b834d65270bb40409538f71cfbb05fc1', 'TOTAL NUMBER OF TABLES': 1, 'TOTAL NUMBER OF ROWS': 336, 'TOTAL NUMBER OF COLUMNS': 28}
2025-04-23 01:11:59,071 - INFO - [SYNTHETIC] TVAE completed: 336 rows generated.
2025-04-23 01:11:59,071 - INFO - [SYNTHETIC] Target class distribution for TVAE: {'Y': 243, 'N': 93}
2025-04-23 01:11:59,072 - INFO - [SYNTHETIC PIPELINE] Synthetic Data Generation Completed.
2025-04-23 01:11:59,072 - INFO - [SYNTHETIC PIPELINE] Synthesizers used: ['CTGAN', 'TVAE']
2025-04-23 01:11:59,072 - INFO - [SYNTHETIC PIPELINE] Evaluating synthetic dataset generated by CTGAN...
2025-04-23 01:11:59,072 - INFO - [SYNTHETIC EVAL] Real data columns     (28): ['Loan_ID_0', 'Loan_ID_1', 'Loan_ID_2', 'Loan_ID_3', 'Loan_ID_4', 'Loan_ID_5', 'Loan_ID_6', 'Loan_ID_7', 'Loan_ID_8', 'Gender_0', 'Gender_1', 'Married_0', 'Married_1', 'Dependents_0', 'Dependents_1', 'Dependents_2', 'Education_0', 'Education_1', 'Self_Employed_0', 'Self_Employed_1', 'ApplicantIncome', 'CoapplicantIncome', 'LoanAmount', 'Loan_Amount_Term', 'Credit_History', 'Property_Area_0', 'Property_Area_1', 'Loan_Status']
2025-04-23 01:11:59,072 - INFO - [SYNTHETIC EVAL] Synthetic data columns (28): ['Loan_ID_0', 'Loan_ID_1', 'Loan_ID_2', 'Loan_ID_3', 'Loan_ID_4', 'Loan_ID_5', 'Loan_ID_6', 'Loan_ID_7', 'Loan_ID_8', 'Gender_0', 'Gender_1', 'Married_0', 'Married_1', 'Dependents_0', 'Dependents_1', 'Dependents_2', 'Education_0', 'Education_1', 'Self_Employed_0', 'Self_Employed_1', 'ApplicantIncome', 'CoapplicantIncome', 'LoanAmount', 'Loan_Amount_Term', 'Credit_History', 'Property_Area_0', 'Property_Area_1', 'Loan_Status']
2025-04-23 01:11:59,072 - INFO - [SYNTHETIC EVAL] Metadata columns      (28): ['Loan_ID_0', 'Loan_ID_1', 'Loan_ID_2', 'Loan_ID_3', 'Loan_ID_4', 'Loan_ID_5', 'Loan_ID_6', 'Loan_ID_7', 'Loan_ID_8', 'Gender_0', 'Gender_1', 'Married_0', 'Married_1', 'Dependents_0', 'Dependents_1', 'Dependents_2', 'Education_0', 'Education_1', 'Self_Employed_0', 'Self_Employed_1', 'ApplicantIncome', 'CoapplicantIncome', 'LoanAmount', 'Loan_Amount_Term', 'Credit_History', 'Property_Area_0', 'Property_Area_1', 'Loan_Status']
2025-04-23 01:11:59,072 - INFO - [SYNTHETIC EVAL] Shape — Real: (336, 28), Synthetic: (336, 28)
2025-04-23 01:11:59,072 - INFO - [SYNTHETIC EVAL] Metadata structure:
{
  "METADATA_SPEC_VERSION": "SINGLE_TABLE_V1",
  "columns": {
    "Loan_ID_0": {
      "sdtype": "categorical"
    },
    "Loan_ID_1": {
      "sdtype": "categorical"
    },
    "Loan_ID_2": {
      "sdtype": "categorical"
    },
    "Loan_ID_3": {
      "sdtype": "categorical"
    },
    "Loan_ID_4": {
      "sdtype": "categorical"
    },
    "Loan_ID_5": {
      "sdtype": "categorical"
    },
    "Loan_ID_6": {
      "sdtype": "categorical"
    },
    "Loan_ID_7": {
      "sdtype": "categorical"
    },
    "Loan_ID_8": {
      "sdtype": "categorical"
    },
    "Gender_0": {
      "sdtype": "categorical"
    },
    "Gender_1": {
      "sdtype": "categorical"
    },
    "Married_0": {
      "sdtype": "categorical"
    },
    "Married_1": {
      "sdtype": "categorical"
    },
    "Dependents_0": {
      "sdtype": "categorical"
    },
    "Dependents_1": {
      "sdtype": "categorical"
    },
    "Dependents_2": {
      "sdtype": "categorical"
    },
    "Education_0": {
      "sdtype": "categorical"
    },
    "Education_1": {
      "sdtype": "categorical"
    },
    "Self_Employed_0": {
      "sdtype": "categorical"
    },
    "Self_Employed_1": {
      "sdtype": "categorical"
    },
    "ApplicantIncome": {
      "sdtype": "numerical"
    },
    "CoapplicantIncome": {
      "sdtype": "numerical"
    },
    "LoanAmount": {
      "sdtype": "numerical"
    },
    "Loan_Amount_Term": {
      "sdtype": "categorical"
    },
    "Credit_History": {
      "sdtype": "categorical"
    },
    "Property_Area_0": {
      "sdtype": "categorical"
    },
    "Property_Area_1": {
      "sdtype": "categorical"
    },
    "Loan_Status": {
      "sdtype": "categorical"
    }
  }
}
2025-04-23 01:11:59,823 - INFO - [SYNTHETIC PIPELINE] Evaluating synthetic dataset generated by TVAE...
2025-04-23 01:11:59,823 - INFO - [SYNTHETIC EVAL] Real data columns     (28): ['Loan_ID_0', 'Loan_ID_1', 'Loan_ID_2', 'Loan_ID_3', 'Loan_ID_4', 'Loan_ID_5', 'Loan_ID_6', 'Loan_ID_7', 'Loan_ID_8', 'Gender_0', 'Gender_1', 'Married_0', 'Married_1', 'Dependents_0', 'Dependents_1', 'Dependents_2', 'Education_0', 'Education_1', 'Self_Employed_0', 'Self_Employed_1', 'ApplicantIncome', 'CoapplicantIncome', 'LoanAmount', 'Loan_Amount_Term', 'Credit_History', 'Property_Area_0', 'Property_Area_1', 'Loan_Status']
2025-04-23 01:11:59,823 - INFO - [SYNTHETIC EVAL] Synthetic data columns (28): ['Loan_ID_0', 'Loan_ID_1', 'Loan_ID_2', 'Loan_ID_3', 'Loan_ID_4', 'Loan_ID_5', 'Loan_ID_6', 'Loan_ID_7', 'Loan_ID_8', 'Gender_0', 'Gender_1', 'Married_0', 'Married_1', 'Dependents_0', 'Dependents_1', 'Dependents_2', 'Education_0', 'Education_1', 'Self_Employed_0', 'Self_Employed_1', 'ApplicantIncome', 'CoapplicantIncome', 'LoanAmount', 'Loan_Amount_Term', 'Credit_History', 'Property_Area_0', 'Property_Area_1', 'Loan_Status']
2025-04-23 01:11:59,823 - INFO - [SYNTHETIC EVAL] Metadata columns      (28): ['Loan_ID_0', 'Loan_ID_1', 'Loan_ID_2', 'Loan_ID_3', 'Loan_ID_4', 'Loan_ID_5', 'Loan_ID_6', 'Loan_ID_7', 'Loan_ID_8', 'Gender_0', 'Gender_1', 'Married_0', 'Married_1', 'Dependents_0', 'Dependents_1', 'Dependents_2', 'Education_0', 'Education_1', 'Self_Employed_0', 'Self_Employed_1', 'ApplicantIncome', 'CoapplicantIncome', 'LoanAmount', 'Loan_Amount_Term', 'Credit_History', 'Property_Area_0', 'Property_Area_1', 'Loan_Status']
2025-04-23 01:11:59,823 - INFO - [SYNTHETIC EVAL] Shape — Real: (336, 28), Synthetic: (336, 28)
2025-04-23 01:11:59,823 - INFO - [SYNTHETIC EVAL] Metadata structure:
{
  "METADATA_SPEC_VERSION": "SINGLE_TABLE_V1",
  "columns": {
    "Loan_ID_0": {
      "sdtype": "categorical"
    },
    "Loan_ID_1": {
      "sdtype": "categorical"
    },
    "Loan_ID_2": {
      "sdtype": "categorical"
    },
    "Loan_ID_3": {
      "sdtype": "categorical"
    },
    "Loan_ID_4": {
      "sdtype": "categorical"
    },
    "Loan_ID_5": {
      "sdtype": "categorical"
    },
    "Loan_ID_6": {
      "sdtype": "categorical"
    },
    "Loan_ID_7": {
      "sdtype": "categorical"
    },
    "Loan_ID_8": {
      "sdtype": "categorical"
    },
    "Gender_0": {
      "sdtype": "categorical"
    },
    "Gender_1": {
      "sdtype": "categorical"
    },
    "Married_0": {
      "sdtype": "categorical"
    },
    "Married_1": {
      "sdtype": "categorical"
    },
    "Dependents_0": {
      "sdtype": "categorical"
    },
    "Dependents_1": {
      "sdtype": "categorical"
    },
    "Dependents_2": {
      "sdtype": "categorical"
    },
    "Education_0": {
      "sdtype": "categorical"
    },
    "Education_1": {
      "sdtype": "categorical"
    },
    "Self_Employed_0": {
      "sdtype": "categorical"
    },
    "Self_Employed_1": {
      "sdtype": "categorical"
    },
    "ApplicantIncome": {
      "sdtype": "numerical"
    },
    "CoapplicantIncome": {
      "sdtype": "numerical"
    },
    "LoanAmount": {
      "sdtype": "numerical"
    },
    "Loan_Amount_Term": {
      "sdtype": "categorical"
    },
    "Credit_History": {
      "sdtype": "categorical"
    },
    "Property_Area_0": {
      "sdtype": "categorical"
    },
    "Property_Area_1": {
      "sdtype": "categorical"
    },
    "Loan_Status": {
      "sdtype": "categorical"
    }
  }
}
2025-04-23 01:12:00,506 - INFO -  [SYNTHETIC PIPELINE]  Synthetic Data Evaluation Completed.
2025-04-23 01:12:00,512 - INFO -  [SYNTHETIC PIPELINE] Synthetic Data Report Generated Successfully.
2025-04-23 01:12:00,604 - INFO - Synthetic data generated with 2 synthesizer(s).
2025-04-23 01:12:00,605 - INFO - Hybrid Pipeline skipped (disabled in configuration).
2025-04-23 01:12:00,605 - INFO - Starting Utility...
2025-04-23 01:12:00,605 - INFO - [UTILITY] Preparing datasets for machine learning...
2025-04-23 01:12:00,605 - INFO - [UTILITY] Original Data - Training Size: 336, Testing Size: 144
2025-04-23 01:12:00,605 - INFO - [UTILITY] Target class distribution (Original): {'Y': 232, 'N': 104}
2025-04-23 01:12:00,605 - INFO - [UTILITY] Processing synthetic dataset generated by CTGAN...
2025-04-23 01:12:00,606 - INFO - [UTILITY] Synthetic Data (CTGAN) - Training Size: 336
2025-04-23 01:12:00,606 - INFO - [UTILITY] Target class distribution (CTGAN): {'Y': 247, 'N': 89}
2025-04-23 01:12:00,606 - INFO - [UTILITY] Processing synthetic dataset generated by TVAE...
2025-04-23 01:12:00,607 - INFO - [UTILITY] Synthetic Data (TVAE) - Training Size: 336
2025-04-23 01:12:00,607 - INFO - [UTILITY] Target class distribution (TVAE): {'Y': 243, 'N': 93}
2025-04-23 01:12:00,607 - INFO - [UTILITY] Training models on all datasets...
2025-04-23 01:12:00,607 - INFO - [UTILITY] Total datasets used for training: 3
2025-04-23 01:12:00,607 - INFO - [TRAINING] Training models from scratch...
2025-04-23 01:12:00,607 - INFO - [TRAINING] Starting training for dataset: Original — Rows: 336, Features: 27
2025-04-23 01:12:00,607 - INFO - [TRAINING] Training DecisionTree on Original...
2025-04-23 01:12:00,610 - INFO - [TRAINING] DecisionTree trained successfully on Original in 0.00 sec
2025-04-23 01:12:00,610 - INFO - [TRAINING] Training KNN on Original...
2025-04-23 01:12:00,611 - INFO - [TRAINING] KNN trained successfully on Original in 0.00 sec
2025-04-23 01:12:00,611 - INFO - [TRAINING] Training LogisticRegression on Original...
2025-04-23 01:12:00,614 - INFO - [TRAINING] LogisticRegression trained successfully on Original in 0.00 sec
2025-04-23 01:12:00,614 - INFO - [TRAINING] Training RandomForest on Original...
2025-04-23 01:12:00,719 - INFO - [TRAINING] RandomForest trained successfully on Original in 0.10 sec
2025-04-23 01:12:00,719 - INFO - [TRAINING] Training SVM on Original...
2025-04-23 01:12:00,723 - INFO - [TRAINING] SVM trained successfully on Original in 0.00 sec
2025-04-23 01:12:00,724 - INFO - [TRAINING] Finished training 5 model(s) for dataset: Original
2025-04-23 01:12:00,724 - INFO - [TRAINING] Starting training for dataset: CTGAN — Rows: 336, Features: 27
2025-04-23 01:12:00,724 - INFO - [TRAINING] Training DecisionTree on CTGAN...
2025-04-23 01:12:00,726 - INFO - [TRAINING] DecisionTree trained successfully on CTGAN in 0.00 sec
2025-04-23 01:12:00,726 - INFO - [TRAINING] Training KNN on CTGAN...
2025-04-23 01:12:00,727 - INFO - [TRAINING] KNN trained successfully on CTGAN in 0.00 sec
2025-04-23 01:12:00,727 - INFO - [TRAINING] Training LogisticRegression on CTGAN...
2025-04-23 01:12:00,730 - INFO - [TRAINING] LogisticRegression trained successfully on CTGAN in 0.00 sec
2025-04-23 01:12:00,730 - INFO - [TRAINING] Training RandomForest on CTGAN...
2025-04-23 01:12:00,818 - INFO - [TRAINING] RandomForest trained successfully on CTGAN in 0.09 sec
2025-04-23 01:12:00,818 - INFO - [TRAINING] Training SVM on CTGAN...
2025-04-23 01:12:00,823 - INFO - [TRAINING] SVM trained successfully on CTGAN in 0.00 sec
2025-04-23 01:12:00,823 - INFO - [TRAINING] Finished training 5 model(s) for dataset: CTGAN
2025-04-23 01:12:00,823 - INFO - [TRAINING] Starting training for dataset: TVAE — Rows: 336, Features: 27
2025-04-23 01:12:00,823 - INFO - [TRAINING] Training DecisionTree on TVAE...
2025-04-23 01:12:00,825 - INFO - [TRAINING] DecisionTree trained successfully on TVAE in 0.00 sec
2025-04-23 01:12:00,825 - INFO - [TRAINING] Training KNN on TVAE...
2025-04-23 01:12:00,826 - INFO - [TRAINING] KNN trained successfully on TVAE in 0.00 sec
2025-04-23 01:12:00,826 - INFO - [TRAINING] Training LogisticRegression on TVAE...
2025-04-23 01:12:00,831 - INFO - [TRAINING] LogisticRegression trained successfully on TVAE in 0.00 sec
2025-04-23 01:12:00,831 - INFO - [TRAINING] Training RandomForest on TVAE...
2025-04-23 01:12:00,935 - INFO - [TRAINING] RandomForest trained successfully on TVAE in 0.10 sec
2025-04-23 01:12:00,935 - INFO - [TRAINING] Training SVM on TVAE...
2025-04-23 01:12:00,939 - INFO - [TRAINING] SVM trained successfully on TVAE in 0.00 sec
2025-04-23 01:12:00,939 - INFO - [TRAINING] Finished training 5 model(s) for dataset: TVAE
2025-04-23 01:12:00,939 - INFO - [TRAINING] Total models trained across all datasets: 15
2025-04-23 01:12:00,939 - INFO - [UTILITY] Trained model names: ['Original', 'CTGAN', 'TVAE']
2025-04-23 01:12:00,939 - INFO - [UTILITY] Model Training Completed.
2025-04-23 01:12:00,939 - INFO - Starting the Evaluating of models...
2025-04-23 01:12:00,939 - INFO - Preparing evaluation for model 'DecisionTree' across all datasets...
2025-04-23 01:12:00,939 - INFO - Evaluating DecisionTree on Original...
2025-04-23 01:12:00,940 - INFO - Predictions completed for DecisionTree on Original
2025-04-23 01:12:00,941 - INFO - Prediction distribution for DecisionTree on Original: {'Y': 102, 'N': 42}
2025-04-23 01:12:00,949 - INFO - Computed 8 metric(s) for DecisionTree on Original
2025-04-23 01:12:00,949 - INFO - Evaluating DecisionTree on CTGAN...
2025-04-23 01:12:00,950 - INFO - Predictions completed for DecisionTree on CTGAN
2025-04-23 01:12:00,950 - INFO - Prediction distribution for DecisionTree on CTGAN: {'Y': 78, 'N': 66}
2025-04-23 01:12:00,958 - INFO - Computed 8 metric(s) for DecisionTree on CTGAN
2025-04-23 01:12:00,958 - INFO - Evaluating DecisionTree on TVAE...
2025-04-23 01:12:00,959 - INFO - Predictions completed for DecisionTree on TVAE
2025-04-23 01:12:00,960 - INFO - Prediction distribution for DecisionTree on TVAE: {'Y': 107, 'N': 37}
2025-04-23 01:12:00,968 - INFO - Computed 8 metric(s) for DecisionTree on TVAE
2025-04-23 01:12:00,968 - INFO - Preparing evaluation for model 'KNN' across all datasets...
2025-04-23 01:12:00,968 - INFO - Evaluating KNN on Original...
2025-04-23 01:12:00,974 - INFO - Predictions completed for KNN on Original
2025-04-23 01:12:00,974 - INFO - Prediction distribution for KNN on Original: {'Y': 115, 'N': 29}
2025-04-23 01:12:00,985 - INFO - Computed 8 metric(s) for KNN on Original
2025-04-23 01:12:00,985 - INFO - Evaluating KNN on CTGAN...
2025-04-23 01:12:00,990 - INFO - Predictions completed for KNN on CTGAN
2025-04-23 01:12:00,990 - INFO - Prediction distribution for KNN on CTGAN: {'Y': 135, 'N': 9}
2025-04-23 01:12:01,001 - INFO - Computed 8 metric(s) for KNN on CTGAN
2025-04-23 01:12:01,001 - INFO - Evaluating KNN on TVAE...
2025-04-23 01:12:01,006 - INFO - Predictions completed for KNN on TVAE
2025-04-23 01:12:01,007 - INFO - Prediction distribution for KNN on TVAE: {'Y': 128, 'N': 16}
2025-04-23 01:12:01,024 - INFO - Computed 8 metric(s) for KNN on TVAE
2025-04-23 01:12:01,024 - INFO - Preparing evaluation for model 'LogisticRegression' across all datasets...
2025-04-23 01:12:01,024 - INFO - Evaluating LogisticRegression on Original...
2025-04-23 01:12:01,025 - INFO - Predictions completed for LogisticRegression on Original
2025-04-23 01:12:01,026 - INFO - Prediction distribution for LogisticRegression on Original: {'Y': 118, 'N': 26}
2025-04-23 01:12:01,035 - INFO - Computed 8 metric(s) for LogisticRegression on Original
2025-04-23 01:12:01,035 - INFO - Evaluating LogisticRegression on CTGAN...
2025-04-23 01:12:01,037 - INFO - Predictions completed for LogisticRegression on CTGAN
2025-04-23 01:12:01,038 - INFO - Prediction distribution for LogisticRegression on CTGAN: {'Y': 144}
2025-04-23 01:12:01,038 - WARNING -  [WARNING] :LogisticRegression on CTGAN predicted only one class: {'Y'}
2025-04-23 01:12:01,040 - WARNING - [UndefinedMetricWarning] Precision is ill-defined and being set to 0.0 in labels with no predicted samples. Use `zero_division` parameter to control this behavior. (from /mnt/NVMETank/Projects/Students/Dele/A-STUDY-INTO-THE-QUALITY-AND-USABILITY-OF-PRIVACY-FRIENDLY-SYNTHETIC-DATA/.venv/lib/python3.12/site-packages/sklearn/metrics/_classification.py:1565)
2025-04-23 01:12:01,042 - WARNING - [UndefinedMetricWarning] Precision is ill-defined and being set to 0.0 in labels with no predicted samples. Use `zero_division` parameter to control this behavior. (from /mnt/NVMETank/Projects/Students/Dele/A-STUDY-INTO-THE-QUALITY-AND-USABILITY-OF-PRIVACY-FRIENDLY-SYNTHETIC-DATA/.venv/lib/python3.12/site-packages/sklearn/metrics/_classification.py:1565)
2025-04-23 01:12:01,044 - WARNING - [UndefinedMetricWarning] Precision is ill-defined and being set to 0.0 in labels with no predicted samples. Use `zero_division` parameter to control this behavior. (from /mnt/NVMETank/Projects/Students/Dele/A-STUDY-INTO-THE-QUALITY-AND-USABILITY-OF-PRIVACY-FRIENDLY-SYNTHETIC-DATA/.venv/lib/python3.12/site-packages/sklearn/metrics/_classification.py:1565)
2025-04-23 01:12:01,050 - INFO - Computed 8 metric(s) for LogisticRegression on CTGAN
2025-04-23 01:12:01,050 - INFO - Evaluating LogisticRegression on TVAE...
2025-04-23 01:12:01,052 - INFO - Predictions completed for LogisticRegression on TVAE
2025-04-23 01:12:01,052 - INFO - Prediction distribution for LogisticRegression on TVAE: {'Y': 119, 'N': 25}
2025-04-23 01:12:01,063 - INFO - Computed 8 metric(s) for LogisticRegression on TVAE
2025-04-23 01:12:01,064 - INFO - Preparing evaluation for model 'RandomForest' across all datasets...
2025-04-23 01:12:01,064 - INFO - Evaluating RandomForest on Original...
2025-04-23 01:12:01,071 - INFO - Predictions completed for RandomForest on Original
2025-04-23 01:12:01,071 - INFO - Prediction distribution for RandomForest on Original: {'Y': 116, 'N': 28}
2025-04-23 01:12:01,092 - INFO - Computed 8 metric(s) for RandomForest on Original
2025-04-23 01:12:01,092 - INFO - Evaluating RandomForest on CTGAN...
2025-04-23 01:12:01,099 - INFO - Predictions completed for RandomForest on CTGAN
2025-04-23 01:12:01,099 - INFO - Prediction distribution for RandomForest on CTGAN: {'Y': 144}
2025-04-23 01:12:01,100 - WARNING -  [WARNING] :RandomForest on CTGAN predicted only one class: {'Y'}
2025-04-23 01:12:01,102 - WARNING - [UndefinedMetricWarning] Precision is ill-defined and being set to 0.0 in labels with no predicted samples. Use `zero_division` parameter to control this behavior. (from /mnt/NVMETank/Projects/Students/Dele/A-STUDY-INTO-THE-QUALITY-AND-USABILITY-OF-PRIVACY-FRIENDLY-SYNTHETIC-DATA/.venv/lib/python3.12/site-packages/sklearn/metrics/_classification.py:1565)
2025-04-23 01:12:01,103 - WARNING - [UndefinedMetricWarning] Precision is ill-defined and being set to 0.0 in labels with no predicted samples. Use `zero_division` parameter to control this behavior. (from /mnt/NVMETank/Projects/Students/Dele/A-STUDY-INTO-THE-QUALITY-AND-USABILITY-OF-PRIVACY-FRIENDLY-SYNTHETIC-DATA/.venv/lib/python3.12/site-packages/sklearn/metrics/_classification.py:1565)
2025-04-23 01:12:01,105 - WARNING - [UndefinedMetricWarning] Precision is ill-defined and being set to 0.0 in labels with no predicted samples. Use `zero_division` parameter to control this behavior. (from /mnt/NVMETank/Projects/Students/Dele/A-STUDY-INTO-THE-QUALITY-AND-USABILITY-OF-PRIVACY-FRIENDLY-SYNTHETIC-DATA/.venv/lib/python3.12/site-packages/sklearn/metrics/_classification.py:1565)
2025-04-23 01:12:01,120 - INFO - Computed 8 metric(s) for RandomForest on CTGAN
2025-04-23 01:12:01,120 - INFO - Evaluating RandomForest on TVAE...
2025-04-23 01:12:01,125 - INFO - Predictions completed for RandomForest on TVAE
2025-04-23 01:12:01,125 - INFO - Prediction distribution for RandomForest on TVAE: {'Y': 119, 'N': 25}
2025-04-23 01:12:01,141 - INFO - Computed 8 metric(s) for RandomForest on TVAE
2025-04-23 01:12:01,141 - INFO - Preparing evaluation for model 'SVM' across all datasets...
2025-04-23 01:12:01,141 - INFO - Evaluating SVM on Original...
2025-04-23 01:12:01,144 - INFO - Predictions completed for SVM on Original
2025-04-23 01:12:01,144 - INFO - Prediction distribution for SVM on Original: {'Y': 144}
2025-04-23 01:12:01,144 - WARNING -  [WARNING] :SVM on Original predicted only one class: {'Y'}
2025-04-23 01:12:01,145 - WARNING - [UndefinedMetricWarning] Precision is ill-defined and being set to 0.0 in labels with no predicted samples. Use `zero_division` parameter to control this behavior. (from /mnt/NVMETank/Projects/Students/Dele/A-STUDY-INTO-THE-QUALITY-AND-USABILITY-OF-PRIVACY-FRIENDLY-SYNTHETIC-DATA/.venv/lib/python3.12/site-packages/sklearn/metrics/_classification.py:1565)
2025-04-23 01:12:01,147 - WARNING - [UndefinedMetricWarning] Precision is ill-defined and being set to 0.0 in labels with no predicted samples. Use `zero_division` parameter to control this behavior. (from /mnt/NVMETank/Projects/Students/Dele/A-STUDY-INTO-THE-QUALITY-AND-USABILITY-OF-PRIVACY-FRIENDLY-SYNTHETIC-DATA/.venv/lib/python3.12/site-packages/sklearn/metrics/_classification.py:1565)
2025-04-23 01:12:01,148 - WARNING - [UndefinedMetricWarning] Precision is ill-defined and being set to 0.0 in labels with no predicted samples. Use `zero_division` parameter to control this behavior. (from /mnt/NVMETank/Projects/Students/Dele/A-STUDY-INTO-THE-QUALITY-AND-USABILITY-OF-PRIVACY-FRIENDLY-SYNTHETIC-DATA/.venv/lib/python3.12/site-packages/sklearn/metrics/_classification.py:1565)
2025-04-23 01:12:01,150 - INFO - Computed 8 metric(s) for SVM on Original
2025-04-23 01:12:01,150 - INFO - Evaluating SVM on CTGAN...
2025-04-23 01:12:01,152 - INFO - Predictions completed for SVM on CTGAN
2025-04-23 01:12:01,152 - INFO - Prediction distribution for SVM on CTGAN: {'Y': 144}
2025-04-23 01:12:01,152 - WARNING -  [WARNING] :SVM on CTGAN predicted only one class: {'Y'}
2025-04-23 01:12:01,154 - WARNING - [UndefinedMetricWarning] Precision is ill-defined and being set to 0.0 in labels with no predicted samples. Use `zero_division` parameter to control this behavior. (from /mnt/NVMETank/Projects/Students/Dele/A-STUDY-INTO-THE-QUALITY-AND-USABILITY-OF-PRIVACY-FRIENDLY-SYNTHETIC-DATA/.venv/lib/python3.12/site-packages/sklearn/metrics/_classification.py:1565)
2025-04-23 01:12:01,155 - WARNING - [UndefinedMetricWarning] Precision is ill-defined and being set to 0.0 in labels with no predicted samples. Use `zero_division` parameter to control this behavior. (from /mnt/NVMETank/Projects/Students/Dele/A-STUDY-INTO-THE-QUALITY-AND-USABILITY-OF-PRIVACY-FRIENDLY-SYNTHETIC-DATA/.venv/lib/python3.12/site-packages/sklearn/metrics/_classification.py:1565)
2025-04-23 01:12:01,156 - WARNING - [UndefinedMetricWarning] Precision is ill-defined and being set to 0.0 in labels with no predicted samples. Use `zero_division` parameter to control this behavior. (from /mnt/NVMETank/Projects/Students/Dele/A-STUDY-INTO-THE-QUALITY-AND-USABILITY-OF-PRIVACY-FRIENDLY-SYNTHETIC-DATA/.venv/lib/python3.12/site-packages/sklearn/metrics/_classification.py:1565)
2025-04-23 01:12:01,158 - INFO - Computed 8 metric(s) for SVM on CTGAN
2025-04-23 01:12:01,158 - INFO - Evaluating SVM on TVAE...
2025-04-23 01:12:01,160 - INFO - Predictions completed for SVM on TVAE
2025-04-23 01:12:01,160 - INFO - Prediction distribution for SVM on TVAE: {'Y': 144}
2025-04-23 01:12:01,160 - WARNING -  [WARNING] :SVM on TVAE predicted only one class: {'Y'}
2025-04-23 01:12:01,162 - WARNING - [UndefinedMetricWarning] Precision is ill-defined and being set to 0.0 in labels with no predicted samples. Use `zero_division` parameter to control this behavior. (from /mnt/NVMETank/Projects/Students/Dele/A-STUDY-INTO-THE-QUALITY-AND-USABILITY-OF-PRIVACY-FRIENDLY-SYNTHETIC-DATA/.venv/lib/python3.12/site-packages/sklearn/metrics/_classification.py:1565)
2025-04-23 01:12:01,163 - WARNING - [UndefinedMetricWarning] Precision is ill-defined and being set to 0.0 in labels with no predicted samples. Use `zero_division` parameter to control this behavior. (from /mnt/NVMETank/Projects/Students/Dele/A-STUDY-INTO-THE-QUALITY-AND-USABILITY-OF-PRIVACY-FRIENDLY-SYNTHETIC-DATA/.venv/lib/python3.12/site-packages/sklearn/metrics/_classification.py:1565)
2025-04-23 01:12:01,164 - WARNING - [UndefinedMetricWarning] Precision is ill-defined and being set to 0.0 in labels with no predicted samples. Use `zero_division` parameter to control this behavior. (from /mnt/NVMETank/Projects/Students/Dele/A-STUDY-INTO-THE-QUALITY-AND-USABILITY-OF-PRIVACY-FRIENDLY-SYNTHETIC-DATA/.venv/lib/python3.12/site-packages/sklearn/metrics/_classification.py:1565)
2025-04-23 01:12:01,166 - INFO - Computed 8 metric(s) for SVM on TVAE
2025-04-23 01:12:01,169 - INFO - Evaluation completed for all models.
2025-04-23 01:12:01,169 - INFO - Model evaluation completed in 0.23 seconds.
2025-04-23 01:12:01,171 - INFO - Evaluated models: ['DecisionTree', 'KNN', 'LogisticRegression', 'RandomForest', 'SVM']
2025-04-23 01:12:01,171 - INFO - Model Training and Evaluation completed.
2025-04-23 01:12:01,788 - INFO -  Visualizations saved.
2025-04-23 01:12:01,788 - INFO -  Benchmarking Completed. Results saved in output folder.
