2025-05-08 18:52:38,467 - INFO - Loaded config file: configs/generated_configs/loan/loan_anon_k12_sl0p2_l2.yaml
2025-05-08 18:52:38,467 - INFO -  Benchmarking started for dataset: loan
2025-05-08 18:52:38,467 - INFO - Using dataset path: /mnt/NVMETank/Projects/Students/Dele/A-STUDY-INTO-THE-QUALITY-AND-USABILITY-OF-PRIVACY-FRIENDLY-SYNTHETIC-DATA/datasets/original/loan.csv
2025-05-08 18:52:38,467 - INFO - Target column: Loan_Status, separator: ','
2025-05-08 18:52:38,467 - INFO - Configuration loaded: enable_anonymization = True, enable_synthesis = False, enable_hybrid = True, enable_utility = True, delete_after_evaluation = False
2025-05-08 18:52:38,467 - INFO - Running preprocessing...
2025-05-08 18:52:38,472 - INFO -  [PREPROCESSING] Preprocessed files found. Skipping preprocessing.
2025-05-08 18:52:38,480 - INFO - Preprocessing completed. Rows before: 614, after: 336
2025-05-08 18:52:38,480 - INFO - Preprocessed data saved to: outputs/batch/loan_batch_2025-05-08_18-38-44/loan_anon_k12_sl0p2_l2/preprocessing_report.txt
2025-05-08 18:52:38,480 - INFO - enable_anonymization = True
2025-05-08 18:52:38,480 - INFO - Starting Anonymization Pipeline with output path: /mnt/NVMETank/Projects/Students/Dele/A-STUDY-INTO-THE-QUALITY-AND-USABILITY-OF-PRIVACY-FRIENDLY-SYNTHETIC-DATA/datasets/anonymized/loan_k12_l2_sup20_anonymized.csv.......
2025-05-08 18:52:38,485 - INFO -  [ANONYMIZATION] Executing run_anonymization, config_path : configs/generated_configs/loan/loan_anon_k12_sl0p2_l2.yaml...........
2025-05-08 18:52:38,485 - INFO -  [ANONYMIZATION] Using JAR file at /mnt/NVMETank/Projects/Students/Dele/A-STUDY-INTO-THE-QUALITY-AND-USABILITY-OF-PRIVACY-FRIENDLY-SYNTHETIC-DATA/src/anonymization/anonymARXij/bin/anonymARXij.jar to anonymize the dataset.
2025-05-08 18:52:39,853 - INFO -  [ANONYMIZATION] Anonimized file saved to : /mnt/NVMETank/Projects/Students/Dele/A-STUDY-INTO-THE-QUALITY-AND-USABILITY-OF-PRIVACY-FRIENDLY-SYNTHETIC-DATA/datasets/anonymized/loan_k12_l2_sup20_anonymized.csv
2025-05-08 18:52:39,853 - INFO -  [ANONYMIZATION] Java anonymization completed successfully.
2025-05-08 18:52:39,853 - INFO -  [ANONYMIZATION] Java STDOUT:
📄 Java received config path: /mnt/NVMETank/Projects/Students/Dele/A-STUDY-INTO-THE-QUALITY-AND-USABILITY-OF-PRIVACY-FRIENDLY-SYNTHETIC-DATA/configs/generated_configs/loan/loan_anon_k12_sl0p2_l2.yaml
🔹 Loading config from: /mnt/NVMETank/Projects/Students/Dele/A-STUDY-INTO-THE-QUALITY-AND-USABILITY-OF-PRIVACY-FRIENDLY-SYNTHETIC-DATA/configs/generated_configs/loan/loan_anon_k12_sl0p2_l2.yaml
Loading config from: /mnt/NVMETank/Projects/Students/Dele/A-STUDY-INTO-THE-QUALITY-AND-USABILITY-OF-PRIVACY-FRIENDLY-SYNTHETIC-DATA/configs/generated_configs/loan/loan_anon_k12_sl0p2_l2.yaml
📂 Dataset Path (from args): /mnt/NVMETank/Projects/Students/Dele/A-STUDY-INTO-THE-QUALITY-AND-USABILITY-OF-PRIVACY-FRIENDLY-SYNTHETIC-DATA/datasets/train/loan_train_raw.csv
🔹 Dataset Separator: ,
🔹 Suppression Limit: 0.2

🔹 Configured Attributes:
  ✅ Quasi-Identifier: Gender
  ✅ Quasi-Identifier: Married
  ✅ Quasi-Identifier: Education
  ✅ Quasi-Identifier: Dependents
  ✅ Quasi-Identifier: Self_Employed
  ✅ Quasi-Identifier: Property_Area
  ✅ Quasi-Identifier: Credit_History
  ✅ Quasi-Identifier: Loan_Amount_Term
  ✅ Sensitive Attribute: LoanAmount
  ✅ Insensitive Attribute: Loan_Status
  ✅ Insensitive Attribute: ApplicantIncome
  ✅ Insensitive Attribute: CoapplicantIncome

🔹 Defined Hierarchies:
  ✅ Property_Area -> /mnt/NVMETank/Projects/Students/Dele/A-STUDY-INTO-THE-QUALITY-AND-USABILITY-OF-PRIVACY-FRIENDLY-SYNTHETIC-DATA/src/anonymization/anonymARXij/src/hierarchies_loan/property_area.csv
  ✅ Self_Employed -> /mnt/NVMETank/Projects/Students/Dele/A-STUDY-INTO-THE-QUALITY-AND-USABILITY-OF-PRIVACY-FRIENDLY-SYNTHETIC-DATA/src/anonymization/anonymARXij/src/hierarchies_loan/self_employed.csv
  ✅ Credit_History -> /mnt/NVMETank/Projects/Students/Dele/A-STUDY-INTO-THE-QUALITY-AND-USABILITY-OF-PRIVACY-FRIENDLY-SYNTHETIC-DATA/src/anonymization/anonymARXij/src/hierarchies_loan/credit_history.csv
  ✅ Dependents -> /mnt/NVMETank/Projects/Students/Dele/A-STUDY-INTO-THE-QUALITY-AND-USABILITY-OF-PRIVACY-FRIENDLY-SYNTHETIC-DATA/src/anonymization/anonymARXij/src/hierarchies_loan/dependents.csv
  ✅ Education -> /mnt/NVMETank/Projects/Students/Dele/A-STUDY-INTO-THE-QUALITY-AND-USABILITY-OF-PRIVACY-FRIENDLY-SYNTHETIC-DATA/src/anonymization/anonymARXij/src/hierarchies_loan/education.csv
  ✅ Loan_Amount_Term -> /mnt/NVMETank/Projects/Students/Dele/A-STUDY-INTO-THE-QUALITY-AND-USABILITY-OF-PRIVACY-FRIENDLY-SYNTHETIC-DATA/src/anonymization/anonymARXij/src/hierarchies_loan/loan_amount_terms.csv
  ✅ Married -> /mnt/NVMETank/Projects/Students/Dele/A-STUDY-INTO-THE-QUALITY-AND-USABILITY-OF-PRIVACY-FRIENDLY-SYNTHETIC-DATA/src/anonymization/anonymARXij/src/hierarchies_loan/married.csv
  ✅ Gender -> /mnt/NVMETank/Projects/Students/Dele/A-STUDY-INTO-THE-QUALITY-AND-USABILITY-OF-PRIVACY-FRIENDLY-SYNTHETIC-DATA/src/anonymization/anonymARXij/src/hierarchies_loan/gender.csv
Java is searching for hierarchy file at: /mnt/NVMETank/Projects/Students/Dele/A-STUDY-INTO-THE-QUALITY-AND-USABILITY-OF-PRIVACY-FRIENDLY-SYNTHETIC-DATA/src/anonymization/anonymARXij/src/hierarchies_loan/property_area.csv
Java is searching for hierarchy file at: /mnt/NVMETank/Projects/Students/Dele/A-STUDY-INTO-THE-QUALITY-AND-USABILITY-OF-PRIVACY-FRIENDLY-SYNTHETIC-DATA/src/anonymization/anonymARXij/src/hierarchies_loan/self_employed.csv
Java is searching for hierarchy file at: /mnt/NVMETank/Projects/Students/Dele/A-STUDY-INTO-THE-QUALITY-AND-USABILITY-OF-PRIVACY-FRIENDLY-SYNTHETIC-DATA/src/anonymization/anonymARXij/src/hierarchies_loan/credit_history.csv
Java is searching for hierarchy file at: /mnt/NVMETank/Projects/Students/Dele/A-STUDY-INTO-THE-QUALITY-AND-USABILITY-OF-PRIVACY-FRIENDLY-SYNTHETIC-DATA/src/anonymization/anonymARXij/src/hierarchies_loan/dependents.csv
Java is searching for hierarchy file at: /mnt/NVMETank/Projects/Students/Dele/A-STUDY-INTO-THE-QUALITY-AND-USABILITY-OF-PRIVACY-FRIENDLY-SYNTHETIC-DATA/src/anonymization/anonymARXij/src/hierarchies_loan/education.csv
Java is searching for hierarchy file at: /mnt/NVMETank/Projects/Students/Dele/A-STUDY-INTO-THE-QUALITY-AND-USABILITY-OF-PRIVACY-FRIENDLY-SYNTHETIC-DATA/src/anonymization/anonymARXij/src/hierarchies_loan/loan_amount_terms.csv
Java is searching for hierarchy file at: /mnt/NVMETank/Projects/Students/Dele/A-STUDY-INTO-THE-QUALITY-AND-USABILITY-OF-PRIVACY-FRIENDLY-SYNTHETIC-DATA/src/anonymization/anonymARXij/src/hierarchies_loan/married.csv
Java is searching for hierarchy file at: /mnt/NVMETank/Projects/Students/Dele/A-STUDY-INTO-THE-QUALITY-AND-USABILITY-OF-PRIVACY-FRIENDLY-SYNTHETIC-DATA/src/anonymization/anonymARXij/src/hierarchies_loan/gender.csv
✓ Applied Entropy L-Diversity on: LoanAmount (l=2)
🔹 Privacy Models Configured
📂 Anonymized Output Path (from args): /mnt/NVMETank/Projects/Students/Dele/A-STUDY-INTO-THE-QUALITY-AND-USABILITY-OF-PRIVACY-FRIENDLY-SYNTHETIC-DATA/datasets/anonymized/loan_k12_l2_sup20_anonymized.csv
📂 Anonymized Output Path: /mnt/NVMETank/Projects/Students/Dele/A-STUDY-INTO-THE-QUALITY-AND-USABILITY-OF-PRIVACY-FRIENDLY-SYNTHETIC-DATA/datasets/anonymized/loan_k12_l2_sup20_anonymized.csv
✅ Anonymization completed. Output saved to: /mnt/NVMETank/Projects/Students/Dele/A-STUDY-INTO-THE-QUALITY-AND-USABILITY-OF-PRIVACY-FRIENDLY-SYNTHETIC-DATA/datasets/anonymized/loan_k12_l2_sup20_anonymized.csv
Anonymized Data Quality Metrics:
 - Ambiguity: 0.8687772629713042
 - AECS: 0.9184652278177458
 - Discernibility: 0.780024576240558
 - Granularity: 0.47243503079465277
 - MSE: 0.0821812596006144
 - Non-Uniform Entropy: 0.4080990581663183
 - Precision: 0.4955357142857143
 - Record-level SE: 0.2612801306341149
Equivalence Class Statistics:
 - Number of Classes: 10
 - Average Class Size: 29.6
Suppression Statistics:
 - Suppressed Records: 40
 - Suppression Percentage: 11.90%
2025-05-08 18:52:39,853 - INFO - Anonymized data saved to: /mnt/NVMETank/Projects/Students/Dele/A-STUDY-INTO-THE-QUALITY-AND-USABILITY-OF-PRIVACY-FRIENDLY-SYNTHETIC-DATA/datasets/anonymized/loan_k12_l2_sup20_anonymized.csv
2025-05-08 18:52:39,863 - INFO - Anonymous data report saved at: outputs/batch/loan_batch_2025-05-08_18-38-44/loan_anon_k12_sl0p2_l2/anonymous_data_report.txt
2025-05-08 18:52:39,863 - INFO -  [POSTPROCESSING] Postprocessing anonymized data: /mnt/NVMETank/Projects/Students/Dele/A-STUDY-INTO-THE-QUALITY-AND-USABILITY-OF-PRIVACY-FRIENDLY-SYNTHETIC-DATA/datasets/anonymized/loan_k12_l2_sup20_anonymized.csv
2025-05-08 18:52:39,864 - INFO -  [POSTPROCESSING] Loaded anonymized data: (336, 12)
2025-05-08 18:52:39,869 - INFO -  [POSTPROCESSING] Loaded fallback maps from training data. Categorical cols: 7, Numeric cols: 5
2025-05-08 18:52:39,869 - INFO -  [POSTPROCESSING] Normalizing anonymized data using ARX artifact cleaning and fallback values.
2025-05-08 18:52:39,883 - INFO -  [POSTPROCESSING] Normalized anonymized data saved to: /mnt/NVMETank/Projects/Students/Dele/A-STUDY-INTO-THE-QUALITY-AND-USABILITY-OF-PRIVACY-FRIENDLY-SYNTHETIC-DATA/datasets/anonymized/loan_k12_l2_sup20_anonymized_processed.csv
2025-05-08 18:52:39,892 - INFO -  [POSTPROCESSING] Binary Encoding applied to anonymized data. Encoded shape: (336, 19)
2025-05-08 18:52:39,893 - INFO -  [POSTPROCESSING] Encoded anonymized dataset saved to: /mnt/NVMETank/Projects/Students/Dele/A-STUDY-INTO-THE-QUALITY-AND-USABILITY-OF-PRIVACY-FRIENDLY-SYNTHETIC-DATA/datasets/anonymized/loan_k12_l2_sup20_anonymized_encoded.csv
2025-05-08 18:52:39,893 - INFO -  [POSTPROCESSING] Encoding map generated for anonymized data: 0 original categorical columns.
2025-05-08 18:52:39,893 - INFO - Postprocessing report saved at: outputs/batch/loan_batch_2025-05-08_18-38-44/loan_anon_k12_sl0p2_l2/postprocessing_report.txt
2025-05-08 18:52:39,894 - INFO - enable_synthetic_generation = False
2025-05-08 18:52:39,894 - INFO - Synthetic Data Generation Skipped (Disabled in Configuration).
2025-05-08 18:52:39,894 - INFO - Running Hybrid Pipeline...
2025-05-08 18:52:39,894 - INFO -  [HYBRID] Executing run_hybrid...
2025-05-08 18:52:39,894 - INFO -  [HYBRID] Looking for encoded anonymized data in /mnt/NVMETank/Projects/Students/Dele/A-STUDY-INTO-THE-QUALITY-AND-USABILITY-OF-PRIVACY-FRIENDLY-SYNTHETIC-DATA/datasets/anonymized/loan_k12_l2_sup20_anonymized_encoded.csv
2025-05-08 18:52:39,894 - INFO -  [HYBRID ] Loaded cached encoded anonymous data from /mnt/NVMETank/Projects/Students/Dele/A-STUDY-INTO-THE-QUALITY-AND-USABILITY-OF-PRIVACY-FRIENDLY-SYNTHETIC-DATA/datasets/anonymized/loan_k12_l2_sup20_anonymized_encoded.csv
2025-05-08 18:52:39,895 - INFO -  [HYBRID] Starting synthetic generation for hybrid pipeline...
2025-05-08 18:52:39,895 - INFO - Executing run_synthetic.....
2025-05-08 18:52:39,895 - INFO - [SYNTHETIC PIPELINE] executing run_synthetic for loan_k12_l2_sup20...
2025-05-08 18:52:39,895 - INFO - [SYNTHETIC] Processing dataset: loan_k12_l2_sup20
2025-05-08 18:52:39,895 - INFO - [SYNTHETIC] Original dataset size: 336 rows
2025-05-08 18:52:39,905 - INFO - Detected metadata:
2025-05-08 18:52:39,905 - INFO - {
    "columns": {
        "Gender_0": {
            "sdtype": "categorical"
        },
        "Gender_1": {
            "sdtype": "categorical"
        },
        "Married_0": {
            "sdtype": "categorical"
        },
        "Married_1": {
            "sdtype": "categorical"
        },
        "Dependents_0": {
            "sdtype": "categorical"
        },
        "Dependents_1": {
            "sdtype": "categorical"
        },
        "Dependents_2": {
            "sdtype": "categorical"
        },
        "Education_0": {
            "sdtype": "categorical"
        },
        "Education_1": {
            "sdtype": "categorical"
        },
        "Self_Employed_0": {
            "sdtype": "categorical"
        },
        "Self_Employed_1": {
            "sdtype": "categorical"
        },
        "ApplicantIncome": {
            "sdtype": "numerical"
        },
        "CoapplicantIncome": {
            "sdtype": "numerical"
        },
        "LoanAmount": {
            "sdtype": "numerical"
        },
        "Loan_Amount_Term": {
            "sdtype": "categorical"
        },
        "Credit_History": {
            "sdtype": "categorical"
        },
        "Property_Area_0": {
            "sdtype": "categorical"
        },
        "Property_Area_1": {
            "sdtype": "categorical"
        },
        "Loan_Status": {
            "sdtype": "categorical"
        }
    },
    "METADATA_SPEC_VERSION": "SINGLE_TABLE_V1"
}
2025-05-08 18:52:39,906 - INFO - [SYNTHETIC] Preparing synthesizer: CTGAN
2025-05-08 18:52:39,906 - INFO - [SYNTHETIC] Params from config: {'epochs': 300}
2025-05-08 18:52:39,906 - INFO -  [SYNTHETIC] No pre-trained synthesizer found
2025-05-08 18:52:39,906 - INFO - [SYNTHETIC] Training new CTGAN synthesizer from scratch...
2025-05-08 18:52:39,906 - WARNING - [FutureWarning] The 'SingleTableMetadata' is deprecated. Please use the new 'Metadata' class for synthesizers. (from /mnt/NVMETank/Projects/Students/Dele/A-STUDY-INTO-THE-QUALITY-AND-USABILITY-OF-PRIVACY-FRIENDLY-SYNTHETIC-DATA/.venv/lib/python3.12/site-packages/sdv/single_table/base.py:119)
2025-05-08 18:52:39,906 - WARNING - [UserWarning] We strongly recommend saving the metadata using 'save_to_json' for replicability in future SDV versions. (from /mnt/NVMETank/Projects/Students/Dele/A-STUDY-INTO-THE-QUALITY-AND-USABILITY-OF-PRIVACY-FRIENDLY-SYNTHETIC-DATA/.venv/lib/python3.12/site-packages/sdv/single_table/base.py:104)
2025-05-08 18:52:39,911 - INFO - {'EVENT': 'Instance', 'TIMESTAMP': datetime.datetime(2025, 5, 8, 18, 52, 39, 911098), 'SYNTHESIZER CLASS NAME': 'CTGANSynthesizer', 'SYNTHESIZER ID': 'CTGANSynthesizer_1.18.0_6a02c085e5a344bcad563ddea40cc6b1'}
2025-05-08 18:52:39,911 - INFO - [SYNTHETIC] CTGAN initialized with epochs: 300
2025-05-08 18:52:39,911 - INFO - [SYNTHETIC] Training parameters for CTGAN: {}
2025-05-08 18:52:39,911 - INFO - [SYNTHETIC] fitting CTGAN 
2025-05-08 18:52:39,911 - INFO - {'EVENT': 'Fit', 'TIMESTAMP': datetime.datetime(2025, 5, 8, 18, 52, 39, 911356), 'SYNTHESIZER CLASS NAME': 'CTGANSynthesizer', 'SYNTHESIZER ID': 'CTGANSynthesizer_1.18.0_6a02c085e5a344bcad563ddea40cc6b1', 'TOTAL NUMBER OF TABLES': 1, 'TOTAL NUMBER OF ROWS': 336, 'TOTAL NUMBER OF COLUMNS': 19}
2025-05-08 18:52:39,912 - INFO - Fitting table  metadata
2025-05-08 18:52:39,913 - INFO - Fitting formatters for table 
2025-05-08 18:52:39,915 - INFO - Fitting constraints for table 
2025-05-08 18:52:39,915 - INFO - Setting the configuration for the ``HyperTransformer`` for table 
2025-05-08 18:52:39,916 - INFO - Fitting HyperTransformer for table 
2025-05-08 18:52:39,931 - INFO - {'EVENT': 'Fit processed data', 'TIMESTAMP': datetime.datetime(2025, 5, 8, 18, 52, 39, 931434), 'SYNTHESIZER CLASS NAME': 'CTGANSynthesizer', 'SYNTHESIZER ID': 'CTGANSynthesizer_1.18.0_6a02c085e5a344bcad563ddea40cc6b1', 'TOTAL NUMBER OF TABLES': 1, 'TOTAL NUMBER OF ROWS': 336, 'TOTAL NUMBER OF COLUMNS': 19}
2025-05-08 18:52:39,966 - INFO - Guidance: There are no missing values in column ApplicantIncome. Extra column not created.
2025-05-08 18:52:40,079 - INFO - Guidance: There are no missing values in column CoapplicantIncome. Extra column not created.
2025-05-08 18:52:40,117 - INFO - Guidance: There are no missing values in column LoanAmount. Extra column not created.
2025-05-08 18:53:04,518 - INFO - [SYNTHETIC] Fitting complete for CTGAN. Duration: 24.61 seconds.
2025-05-08 18:53:04,518 - INFO - [SYNTHETIC] CONFIRMATION CTGAN actually trained with epochs = 300
2025-05-08 18:53:04,518 - INFO - {'EVENT': 'Save', 'TIMESTAMP': datetime.datetime(2025, 5, 8, 18, 53, 4, 518940), 'SYNTHESIZER CLASS NAME': 'CTGANSynthesizer', 'SYNTHESIZER ID': 'CTGANSynthesizer_1.18.0_6a02c085e5a344bcad563ddea40cc6b1'}
2025-05-08 18:53:04,566 - INFO - [SYNTHETIC] CTGAN trained and saved.
2025-05-08 18:53:04,566 - INFO - [SYNTHETIC] Preparing synthesizer: GaussianCopula
2025-05-08 18:53:04,566 - INFO - [SYNTHETIC] Params from config: {}
2025-05-08 18:53:04,566 - INFO -  [SYNTHETIC] No pre-trained synthesizer found
2025-05-08 18:53:04,566 - INFO - [SYNTHETIC] Training new GaussianCopula synthesizer from scratch...
2025-05-08 18:53:04,566 - WARNING - [FutureWarning] The 'SingleTableMetadata' is deprecated. Please use the new 'Metadata' class for synthesizers. (from /mnt/NVMETank/Projects/Students/Dele/A-STUDY-INTO-THE-QUALITY-AND-USABILITY-OF-PRIVACY-FRIENDLY-SYNTHETIC-DATA/.venv/lib/python3.12/site-packages/sdv/single_table/base.py:119)
2025-05-08 18:53:04,568 - INFO - {'EVENT': 'Instance', 'TIMESTAMP': datetime.datetime(2025, 5, 8, 18, 53, 4, 568865), 'SYNTHESIZER CLASS NAME': 'GaussianCopulaSynthesizer', 'SYNTHESIZER ID': 'GaussianCopulaSynthesizer_1.18.0_8b6d420cd2b047dd8dbc90ea2442c38b'}
2025-05-08 18:53:04,568 - INFO - [SYNTHETIC] fitting GaussianCopula 
2025-05-08 18:53:04,569 - INFO - {'EVENT': 'Fit', 'TIMESTAMP': datetime.datetime(2025, 5, 8, 18, 53, 4, 568995), 'SYNTHESIZER CLASS NAME': 'GaussianCopulaSynthesizer', 'SYNTHESIZER ID': 'GaussianCopulaSynthesizer_1.18.0_8b6d420cd2b047dd8dbc90ea2442c38b', 'TOTAL NUMBER OF TABLES': 1, 'TOTAL NUMBER OF ROWS': 336, 'TOTAL NUMBER OF COLUMNS': 19}
2025-05-08 18:53:04,570 - INFO - Fitting table  metadata
2025-05-08 18:53:04,570 - INFO - Fitting formatters for table 
2025-05-08 18:53:04,572 - INFO - Fitting constraints for table 
2025-05-08 18:53:04,572 - INFO - Setting the configuration for the ``HyperTransformer`` for table 
2025-05-08 18:53:04,578 - INFO - Fitting HyperTransformer for table 
2025-05-08 18:53:04,686 - INFO - {'EVENT': 'Fit processed data', 'TIMESTAMP': datetime.datetime(2025, 5, 8, 18, 53, 4, 686496), 'SYNTHESIZER CLASS NAME': 'GaussianCopulaSynthesizer', 'SYNTHESIZER ID': 'GaussianCopulaSynthesizer_1.18.0_8b6d420cd2b047dd8dbc90ea2442c38b', 'TOTAL NUMBER OF TABLES': 1, 'TOTAL NUMBER OF ROWS': 336, 'TOTAL NUMBER OF COLUMNS': 19}
2025-05-08 18:53:04,686 - INFO - Fitting GaussianMultivariate(distribution="{'Gender_0': <class 'copulas.univariate.beta.BetaUnivariate'>, 'Gender_1': <class 'copulas.univariate.beta.BetaUnivariate'>, 'Married_0': <class 'copulas.univariate.beta.BetaUnivariate'>, 'Married_1': <class 'copulas.univariate.beta.BetaUnivariate'>, 'Dependents_0': <class 'copulas.univariate.beta.BetaUnivariate'>, 'Dependents_1': <class 'copulas.univariate.beta.BetaUnivariate'>, 'Dependents_2': <class 'copulas.univariate.beta.BetaUnivariate'>, 'Education_0': <class 'copulas.univariate.beta.BetaUnivariate'>, 'Education_1': <class 'copulas.univariate.beta.BetaUnivariate'>, 'Self_Employed_0': <class 'copulas.univariate.beta.BetaUnivariate'>, 'Self_Employed_1': <class 'copulas.univariate.beta.BetaUnivariate'>, 'ApplicantIncome': <class 'copulas.univariate.beta.BetaUnivariate'>, 'CoapplicantIncome': <class 'copulas.univariate.beta.BetaUnivariate'>, 'LoanAmount': <class 'copulas.univariate.beta.BetaUnivariate'>, 'Loan_Amount_Term': <class 'copulas.univariate.beta.BetaUnivariate'>, 'Credit_History': <class 'copulas.univariate.beta.BetaUnivariate'>, 'Property_Area_0': <class 'copulas.univariate.beta.BetaUnivariate'>, 'Property_Area_1': <class 'copulas.univariate.beta.BetaUnivariate'>, 'Loan_Status': <class 'copulas.univariate.beta.BetaUnivariate'>}")
2025-05-08 18:53:05,213 - INFO - [SYNTHETIC] Fitting complete for GaussianCopula. Duration: 0.64 seconds.
2025-05-08 18:53:05,213 - WARNING - [SYNTHETIC] WARNING Could not determine actual epochs used for GaussianCopula
2025-05-08 18:53:05,213 - INFO - {'EVENT': 'Save', 'TIMESTAMP': datetime.datetime(2025, 5, 8, 18, 53, 5, 213956), 'SYNTHESIZER CLASS NAME': 'GaussianCopulaSynthesizer', 'SYNTHESIZER ID': 'GaussianCopulaSynthesizer_1.18.0_8b6d420cd2b047dd8dbc90ea2442c38b'}
2025-05-08 18:53:05,221 - INFO - [SYNTHETIC] GaussianCopula trained and saved.
2025-05-08 18:53:05,221 - INFO - [SYNTHETIC] Preparing synthesizer: TVAE
2025-05-08 18:53:05,221 - INFO - [SYNTHETIC] Params from config: {'epochs': 300}
2025-05-08 18:53:05,221 - INFO -  [SYNTHETIC] No pre-trained synthesizer found
2025-05-08 18:53:05,222 - INFO - [SYNTHETIC] Training new TVAE synthesizer from scratch...
2025-05-08 18:53:05,222 - WARNING - [FutureWarning] The 'SingleTableMetadata' is deprecated. Please use the new 'Metadata' class for synthesizers. (from /mnt/NVMETank/Projects/Students/Dele/A-STUDY-INTO-THE-QUALITY-AND-USABILITY-OF-PRIVACY-FRIENDLY-SYNTHETIC-DATA/.venv/lib/python3.12/site-packages/sdv/single_table/base.py:119)
2025-05-08 18:53:05,224 - INFO - {'EVENT': 'Instance', 'TIMESTAMP': datetime.datetime(2025, 5, 8, 18, 53, 5, 224227), 'SYNTHESIZER CLASS NAME': 'TVAESynthesizer', 'SYNTHESIZER ID': 'TVAESynthesizer_1.18.0_8de1752661794a3a946932ff77a0686d'}
2025-05-08 18:53:05,224 - INFO - [SYNTHETIC] TVAE initialized with epochs: 300
2025-05-08 18:53:05,224 - INFO - [SYNTHETIC] Training parameters for TVAE: {}
2025-05-08 18:53:05,224 - INFO - [SYNTHETIC] fitting TVAE 
2025-05-08 18:53:05,224 - INFO - {'EVENT': 'Fit', 'TIMESTAMP': datetime.datetime(2025, 5, 8, 18, 53, 5, 224456), 'SYNTHESIZER CLASS NAME': 'TVAESynthesizer', 'SYNTHESIZER ID': 'TVAESynthesizer_1.18.0_8de1752661794a3a946932ff77a0686d', 'TOTAL NUMBER OF TABLES': 1, 'TOTAL NUMBER OF ROWS': 336, 'TOTAL NUMBER OF COLUMNS': 19}
2025-05-08 18:53:05,225 - INFO - Fitting table  metadata
2025-05-08 18:53:05,225 - INFO - Fitting formatters for table 
2025-05-08 18:53:05,227 - INFO - Fitting constraints for table 
2025-05-08 18:53:05,227 - INFO - Setting the configuration for the ``HyperTransformer`` for table 
2025-05-08 18:53:05,228 - INFO - Fitting HyperTransformer for table 
2025-05-08 18:53:05,240 - INFO - {'EVENT': 'Fit processed data', 'TIMESTAMP': datetime.datetime(2025, 5, 8, 18, 53, 5, 240308), 'SYNTHESIZER CLASS NAME': 'TVAESynthesizer', 'SYNTHESIZER ID': 'TVAESynthesizer_1.18.0_8de1752661794a3a946932ff77a0686d', 'TOTAL NUMBER OF TABLES': 1, 'TOTAL NUMBER OF ROWS': 336, 'TOTAL NUMBER OF COLUMNS': 19}
2025-05-08 18:53:05,253 - INFO - Guidance: There are no missing values in column ApplicantIncome. Extra column not created.
2025-05-08 18:53:05,327 - INFO - Guidance: There are no missing values in column CoapplicantIncome. Extra column not created.
2025-05-08 18:53:05,361 - INFO - Guidance: There are no missing values in column LoanAmount. Extra column not created.
2025-05-08 18:53:07,925 - INFO - [SYNTHETIC] Fitting complete for TVAE. Duration: 2.70 seconds.
2025-05-08 18:53:07,925 - INFO - [SYNTHETIC] CONFIRMATION TVAE actually trained with epochs = 300
2025-05-08 18:53:07,925 - INFO - {'EVENT': 'Save', 'TIMESTAMP': datetime.datetime(2025, 5, 8, 18, 53, 7, 925647), 'SYNTHESIZER CLASS NAME': 'TVAESynthesizer', 'SYNTHESIZER ID': 'TVAESynthesizer_1.18.0_8de1752661794a3a946932ff77a0686d'}
2025-05-08 18:53:07,963 - INFO - [SYNTHETIC] TVAE trained and saved.
2025-05-08 18:53:07,964 - INFO - [SYNTHETIC] Using CTGAN to generate 336 rows...
2025-05-08 18:53:08,044 - INFO - {'EVENT': 'Sample', 'TIMESTAMP': datetime.datetime(2025, 5, 8, 18, 53, 7, 964081), 'SYNTHESIZER CLASS NAME': 'CTGANSynthesizer', 'SYNTHESIZER ID': 'CTGANSynthesizer_1.18.0_6a02c085e5a344bcad563ddea40cc6b1', 'TOTAL NUMBER OF TABLES': 1, 'TOTAL NUMBER OF ROWS': 336, 'TOTAL NUMBER OF COLUMNS': 19}
2025-05-08 18:53:08,044 - INFO - [SYNTHETIC] CTGAN completed: 336 rows generated.
2025-05-08 18:53:08,044 - INFO - [SYNTHETIC] Target class distribution for CTGAN: {'Y': 212, 'N': 124}
2025-05-08 18:53:08,044 - INFO - [SYNTHETIC] Using GaussianCopula to generate 336 rows...
2025-05-08 18:53:08,101 - INFO - {'EVENT': 'Sample', 'TIMESTAMP': datetime.datetime(2025, 5, 8, 18, 53, 8, 44731), 'SYNTHESIZER CLASS NAME': 'GaussianCopulaSynthesizer', 'SYNTHESIZER ID': 'GaussianCopulaSynthesizer_1.18.0_8b6d420cd2b047dd8dbc90ea2442c38b', 'TOTAL NUMBER OF TABLES': 1, 'TOTAL NUMBER OF ROWS': 336, 'TOTAL NUMBER OF COLUMNS': 19}
2025-05-08 18:53:08,101 - INFO - [SYNTHETIC] GaussianCopula completed: 336 rows generated.
2025-05-08 18:53:08,101 - INFO - [SYNTHETIC] Target class distribution for GaussianCopula: {'Y': 229, 'N': 107}
2025-05-08 18:53:08,101 - INFO - [SYNTHETIC] Using TVAE to generate 336 rows...
2025-05-08 18:53:08,143 - INFO - {'EVENT': 'Sample', 'TIMESTAMP': datetime.datetime(2025, 5, 8, 18, 53, 8, 101846), 'SYNTHESIZER CLASS NAME': 'TVAESynthesizer', 'SYNTHESIZER ID': 'TVAESynthesizer_1.18.0_8de1752661794a3a946932ff77a0686d', 'TOTAL NUMBER OF TABLES': 1, 'TOTAL NUMBER OF ROWS': 336, 'TOTAL NUMBER OF COLUMNS': 19}
2025-05-08 18:53:08,143 - INFO - [SYNTHETIC] TVAE completed: 336 rows generated.
2025-05-08 18:53:08,144 - INFO - [SYNTHETIC] Target class distribution for TVAE: {'Y': 334, 'N': 2}
2025-05-08 18:53:08,144 - INFO - [SYNTHETIC PIPELINE] Synthetic Data Generation Completed.
2025-05-08 18:53:08,144 - INFO - [SYNTHETIC PIPELINE] Synthesizers used: ['CTGAN', 'GaussianCopula', 'TVAE']
2025-05-08 18:53:08,144 - INFO - [SYNTHETIC PIPELINE] Evaluating synthetic dataset generated by CTGAN...
2025-05-08 18:53:08,144 - INFO - [SYNTHETIC EVAL] Real data columns     (19): ['Gender_0', 'Gender_1', 'Married_0', 'Married_1', 'Dependents_0', 'Dependents_1', 'Dependents_2', 'Education_0', 'Education_1', 'Self_Employed_0', 'Self_Employed_1', 'ApplicantIncome', 'CoapplicantIncome', 'LoanAmount', 'Loan_Amount_Term', 'Credit_History', 'Property_Area_0', 'Property_Area_1', 'Loan_Status']
2025-05-08 18:53:08,144 - INFO - [SYNTHETIC EVAL] Synthetic data columns (19): ['Gender_0', 'Gender_1', 'Married_0', 'Married_1', 'Dependents_0', 'Dependents_1', 'Dependents_2', 'Education_0', 'Education_1', 'Self_Employed_0', 'Self_Employed_1', 'ApplicantIncome', 'CoapplicantIncome', 'LoanAmount', 'Loan_Amount_Term', 'Credit_History', 'Property_Area_0', 'Property_Area_1', 'Loan_Status']
2025-05-08 18:53:08,144 - INFO - [SYNTHETIC EVAL] Metadata columns      (19): ['Gender_0', 'Gender_1', 'Married_0', 'Married_1', 'Dependents_0', 'Dependents_1', 'Dependents_2', 'Education_0', 'Education_1', 'Self_Employed_0', 'Self_Employed_1', 'ApplicantIncome', 'CoapplicantIncome', 'LoanAmount', 'Loan_Amount_Term', 'Credit_History', 'Property_Area_0', 'Property_Area_1', 'Loan_Status']
2025-05-08 18:53:08,144 - INFO - [SYNTHETIC EVAL] Shape — Real: (336, 19), Synthetic: (336, 19)
2025-05-08 18:53:08,145 - INFO - [SYNTHETIC EVAL] Metadata structure:
{
  "columns": {
    "Gender_0": {
      "sdtype": "categorical"
    },
    "Gender_1": {
      "sdtype": "categorical"
    },
    "Married_0": {
      "sdtype": "categorical"
    },
    "Married_1": {
      "sdtype": "categorical"
    },
    "Dependents_0": {
      "sdtype": "categorical"
    },
    "Dependents_1": {
      "sdtype": "categorical"
    },
    "Dependents_2": {
      "sdtype": "categorical"
    },
    "Education_0": {
      "sdtype": "categorical"
    },
    "Education_1": {
      "sdtype": "categorical"
    },
    "Self_Employed_0": {
      "sdtype": "categorical"
    },
    "Self_Employed_1": {
      "sdtype": "categorical"
    },
    "ApplicantIncome": {
      "sdtype": "numerical"
    },
    "CoapplicantIncome": {
      "sdtype": "numerical"
    },
    "LoanAmount": {
      "sdtype": "numerical"
    },
    "Loan_Amount_Term": {
      "sdtype": "categorical"
    },
    "Credit_History": {
      "sdtype": "categorical"
    },
    "Property_Area_0": {
      "sdtype": "categorical"
    },
    "Property_Area_1": {
      "sdtype": "categorical"
    },
    "Loan_Status": {
      "sdtype": "categorical"
    }
  },
  "METADATA_SPEC_VERSION": "SINGLE_TABLE_V1"
}
2025-05-08 18:53:08,490 - INFO - [SYNTHETIC PIPELINE] Evaluating synthetic dataset generated by GaussianCopula...
2025-05-08 18:53:08,490 - INFO - [SYNTHETIC EVAL] Real data columns     (19): ['Gender_0', 'Gender_1', 'Married_0', 'Married_1', 'Dependents_0', 'Dependents_1', 'Dependents_2', 'Education_0', 'Education_1', 'Self_Employed_0', 'Self_Employed_1', 'ApplicantIncome', 'CoapplicantIncome', 'LoanAmount', 'Loan_Amount_Term', 'Credit_History', 'Property_Area_0', 'Property_Area_1', 'Loan_Status']
2025-05-08 18:53:08,490 - INFO - [SYNTHETIC EVAL] Synthetic data columns (19): ['Gender_0', 'Gender_1', 'Married_0', 'Married_1', 'Dependents_0', 'Dependents_1', 'Dependents_2', 'Education_0', 'Education_1', 'Self_Employed_0', 'Self_Employed_1', 'ApplicantIncome', 'CoapplicantIncome', 'LoanAmount', 'Loan_Amount_Term', 'Credit_History', 'Property_Area_0', 'Property_Area_1', 'Loan_Status']
2025-05-08 18:53:08,490 - INFO - [SYNTHETIC EVAL] Metadata columns      (19): ['Gender_0', 'Gender_1', 'Married_0', 'Married_1', 'Dependents_0', 'Dependents_1', 'Dependents_2', 'Education_0', 'Education_1', 'Self_Employed_0', 'Self_Employed_1', 'ApplicantIncome', 'CoapplicantIncome', 'LoanAmount', 'Loan_Amount_Term', 'Credit_History', 'Property_Area_0', 'Property_Area_1', 'Loan_Status']
2025-05-08 18:53:08,491 - INFO - [SYNTHETIC EVAL] Shape — Real: (336, 19), Synthetic: (336, 19)
2025-05-08 18:53:08,491 - INFO - [SYNTHETIC EVAL] Metadata structure:
{
  "columns": {
    "Gender_0": {
      "sdtype": "categorical"
    },
    "Gender_1": {
      "sdtype": "categorical"
    },
    "Married_0": {
      "sdtype": "categorical"
    },
    "Married_1": {
      "sdtype": "categorical"
    },
    "Dependents_0": {
      "sdtype": "categorical"
    },
    "Dependents_1": {
      "sdtype": "categorical"
    },
    "Dependents_2": {
      "sdtype": "categorical"
    },
    "Education_0": {
      "sdtype": "categorical"
    },
    "Education_1": {
      "sdtype": "categorical"
    },
    "Self_Employed_0": {
      "sdtype": "categorical"
    },
    "Self_Employed_1": {
      "sdtype": "categorical"
    },
    "ApplicantIncome": {
      "sdtype": "numerical"
    },
    "CoapplicantIncome": {
      "sdtype": "numerical"
    },
    "LoanAmount": {
      "sdtype": "numerical"
    },
    "Loan_Amount_Term": {
      "sdtype": "categorical"
    },
    "Credit_History": {
      "sdtype": "categorical"
    },
    "Property_Area_0": {
      "sdtype": "categorical"
    },
    "Property_Area_1": {
      "sdtype": "categorical"
    },
    "Loan_Status": {
      "sdtype": "categorical"
    }
  },
  "METADATA_SPEC_VERSION": "SINGLE_TABLE_V1"
}
2025-05-08 18:53:08,868 - INFO - [SYNTHETIC PIPELINE] Evaluating synthetic dataset generated by TVAE...
2025-05-08 18:53:08,868 - INFO - [SYNTHETIC EVAL] Real data columns     (19): ['Gender_0', 'Gender_1', 'Married_0', 'Married_1', 'Dependents_0', 'Dependents_1', 'Dependents_2', 'Education_0', 'Education_1', 'Self_Employed_0', 'Self_Employed_1', 'ApplicantIncome', 'CoapplicantIncome', 'LoanAmount', 'Loan_Amount_Term', 'Credit_History', 'Property_Area_0', 'Property_Area_1', 'Loan_Status']
2025-05-08 18:53:08,868 - INFO - [SYNTHETIC EVAL] Synthetic data columns (19): ['Gender_0', 'Gender_1', 'Married_0', 'Married_1', 'Dependents_0', 'Dependents_1', 'Dependents_2', 'Education_0', 'Education_1', 'Self_Employed_0', 'Self_Employed_1', 'ApplicantIncome', 'CoapplicantIncome', 'LoanAmount', 'Loan_Amount_Term', 'Credit_History', 'Property_Area_0', 'Property_Area_1', 'Loan_Status']
2025-05-08 18:53:08,868 - INFO - [SYNTHETIC EVAL] Metadata columns      (19): ['Gender_0', 'Gender_1', 'Married_0', 'Married_1', 'Dependents_0', 'Dependents_1', 'Dependents_2', 'Education_0', 'Education_1', 'Self_Employed_0', 'Self_Employed_1', 'ApplicantIncome', 'CoapplicantIncome', 'LoanAmount', 'Loan_Amount_Term', 'Credit_History', 'Property_Area_0', 'Property_Area_1', 'Loan_Status']
2025-05-08 18:53:08,869 - INFO - [SYNTHETIC EVAL] Shape — Real: (336, 19), Synthetic: (336, 19)
2025-05-08 18:53:08,869 - INFO - [SYNTHETIC EVAL] Metadata structure:
{
  "columns": {
    "Gender_0": {
      "sdtype": "categorical"
    },
    "Gender_1": {
      "sdtype": "categorical"
    },
    "Married_0": {
      "sdtype": "categorical"
    },
    "Married_1": {
      "sdtype": "categorical"
    },
    "Dependents_0": {
      "sdtype": "categorical"
    },
    "Dependents_1": {
      "sdtype": "categorical"
    },
    "Dependents_2": {
      "sdtype": "categorical"
    },
    "Education_0": {
      "sdtype": "categorical"
    },
    "Education_1": {
      "sdtype": "categorical"
    },
    "Self_Employed_0": {
      "sdtype": "categorical"
    },
    "Self_Employed_1": {
      "sdtype": "categorical"
    },
    "ApplicantIncome": {
      "sdtype": "numerical"
    },
    "CoapplicantIncome": {
      "sdtype": "numerical"
    },
    "LoanAmount": {
      "sdtype": "numerical"
    },
    "Loan_Amount_Term": {
      "sdtype": "categorical"
    },
    "Credit_History": {
      "sdtype": "categorical"
    },
    "Property_Area_0": {
      "sdtype": "categorical"
    },
    "Property_Area_1": {
      "sdtype": "categorical"
    },
    "Loan_Status": {
      "sdtype": "categorical"
    }
  },
  "METADATA_SPEC_VERSION": "SINGLE_TABLE_V1"
}
2025-05-08 18:53:09,250 - INFO -  [SYNTHETIC PIPELINE]  Synthetic Data Evaluation Completed.
2025-05-08 18:53:09,257 - INFO -  [SYNTHETIC PIPELINE] Synthetic Data Report Generated Successfully.
2025-05-08 18:53:09,353 - INFO - [HYBRID] Generated hybrid dataset shape for CTGAN: (336, 19)
2025-05-08 18:53:09,353 - INFO - [HYBRID] Target distribution for CTGAN: {'Y': 212, 'N': 124}
2025-05-08 18:53:09,355 - INFO -  [HYBRID] Saved hybrid dataset to /mnt/NVMETank/Projects/Students/Dele/A-STUDY-INTO-THE-QUALITY-AND-USABILITY-OF-PRIVACY-FRIENDLY-SYNTHETIC-DATA/datasets/hybrid/loan_k12_l2_sup20_CTGAN_HYBRID.csv
2025-05-08 18:53:09,355 - INFO - [HYBRID] Generated hybrid dataset shape for GaussianCopula: (336, 19)
2025-05-08 18:53:09,355 - INFO - [HYBRID] Target distribution for GaussianCopula: {'Y': 229, 'N': 107}
2025-05-08 18:53:09,357 - INFO -  [HYBRID] Saved hybrid dataset to /mnt/NVMETank/Projects/Students/Dele/A-STUDY-INTO-THE-QUALITY-AND-USABILITY-OF-PRIVACY-FRIENDLY-SYNTHETIC-DATA/datasets/hybrid/loan_k12_l2_sup20_GaussianCopula_HYBRID.csv
2025-05-08 18:53:09,357 - INFO - [HYBRID] Generated hybrid dataset shape for TVAE: (336, 19)
2025-05-08 18:53:09,357 - INFO - [HYBRID] Target distribution for TVAE: {'Y': 334, 'N': 2}
2025-05-08 18:53:09,358 - INFO -  [HYBRID] Saved hybrid dataset to /mnt/NVMETank/Projects/Students/Dele/A-STUDY-INTO-THE-QUALITY-AND-USABILITY-OF-PRIVACY-FRIENDLY-SYNTHETIC-DATA/datasets/hybrid/loan_k12_l2_sup20_TVAE_HYBRID.csv
2025-05-08 18:53:09,358 - INFO -  [HYBRID] Hybrid pipeline complete — 3 dataset(s) ready.
2025-05-08 18:53:09,358 - INFO - [HYBRID] Total rows across all hybrid datasets: 1008
2025-05-08 18:53:09,359 - INFO - Hybrid pipeline completed successfully.
2025-05-08 18:53:09,359 - INFO - Hybrid pipeline duration: 29.46 seconds
2025-05-08 18:53:09,359 - INFO - Starting Utility...
2025-05-08 18:53:09,359 - INFO - [UTILITY] Preparing datasets for machine learning...
2025-05-08 18:53:09,359 - INFO - [UTILITY] Original Data - Training Size: 336, Testing Size: 144
2025-05-08 18:53:09,359 - INFO - [UTILITY] Target class distribution (Original): {'Y': 232, 'N': 104}
2025-05-08 18:53:09,359 - INFO - [UTILITY] Processing anonymized dataset...
2025-05-08 18:53:09,360 - INFO - [UTILITY] Anonymized Data - Training Size: 336
2025-05-08 18:53:09,360 - INFO - [UTILITY] Target class distribution (Anonymous): {'Y': 232, 'N': 104}
2025-05-08 18:53:09,360 - INFO - [UTILITY] Processing hybrid dataset generated by CTGAN...
2025-05-08 18:53:09,360 - INFO - [UTILITY] Hybrid Data (CTGAN_HYBRID) - Training Size: 336
2025-05-08 18:53:09,361 - INFO - [UTILITY] Target class distribution (CTGAN_HYBRID): {'Y': 212, 'N': 124}
2025-05-08 18:53:09,361 - INFO - [UTILITY] Processing hybrid dataset generated by GaussianCopula...
2025-05-08 18:53:09,361 - INFO - [UTILITY] Hybrid Data (GaussianCopula_HYBRID) - Training Size: 336
2025-05-08 18:53:09,361 - INFO - [UTILITY] Target class distribution (GaussianCopula_HYBRID): {'Y': 229, 'N': 107}
2025-05-08 18:53:09,361 - INFO - [UTILITY] Processing hybrid dataset generated by TVAE...
2025-05-08 18:53:09,362 - INFO - [UTILITY] Hybrid Data (TVAE_HYBRID) - Training Size: 336
2025-05-08 18:53:09,362 - INFO - [UTILITY] Target class distribution (TVAE_HYBRID): {'Y': 334, 'N': 2}
2025-05-08 18:53:09,362 - INFO - [UTILITY] Training models on all datasets...
2025-05-08 18:53:09,362 - INFO - [UTILITY] Total datasets used for training: 5
2025-05-08 18:53:09,362 - INFO - [TRAINING] Training models from scratch...
2025-05-08 18:53:09,362 - INFO - [TRAINING] Starting training for dataset: Original — Rows: 336, Features: 18
2025-05-08 18:53:09,362 - INFO - [TRAINING] Training DecisionTree on Original...
2025-05-08 18:53:09,365 - INFO - [TRAINING] DecisionTree trained successfully on Original in 0.00 sec
2025-05-08 18:53:09,365 - INFO - [TRAINING] Training KNN on Original...
2025-05-08 18:53:09,366 - INFO - [TRAINING] KNN trained successfully on Original in 0.00 sec
2025-05-08 18:53:09,366 - INFO - [TRAINING] Training LogisticRegression on Original...
2025-05-08 18:53:09,370 - INFO - [TRAINING] LogisticRegression trained successfully on Original in 0.00 sec
2025-05-08 18:53:09,370 - INFO - [TRAINING] Training RandomForest on Original...
2025-05-08 18:53:09,477 - INFO - [TRAINING] RandomForest trained successfully on Original in 0.11 sec
2025-05-08 18:53:09,477 - INFO - [TRAINING] Training SVM on Original...
2025-05-08 18:53:09,481 - INFO - [TRAINING] SVM trained successfully on Original in 0.00 sec
2025-05-08 18:53:09,481 - INFO - [TRAINING] Finished training 5 model(s) for dataset: Original
2025-05-08 18:53:09,481 - INFO - [TRAINING] Starting training for dataset: Anonymous — Rows: 336, Features: 18
2025-05-08 18:53:09,481 - INFO - [TRAINING] Training DecisionTree on Anonymous...
2025-05-08 18:53:09,483 - INFO - [TRAINING] DecisionTree trained successfully on Anonymous in 0.00 sec
2025-05-08 18:53:09,483 - INFO - [TRAINING] Training KNN on Anonymous...
2025-05-08 18:53:09,484 - INFO - [TRAINING] KNN trained successfully on Anonymous in 0.00 sec
2025-05-08 18:53:09,484 - INFO - [TRAINING] Training LogisticRegression on Anonymous...
2025-05-08 18:53:09,488 - INFO - [TRAINING] LogisticRegression trained successfully on Anonymous in 0.00 sec
2025-05-08 18:53:09,488 - INFO - [TRAINING] Training RandomForest on Anonymous...
2025-05-08 18:53:09,594 - INFO - [TRAINING] RandomForest trained successfully on Anonymous in 0.11 sec
2025-05-08 18:53:09,594 - INFO - [TRAINING] Training SVM on Anonymous...
2025-05-08 18:53:09,598 - INFO - [TRAINING] SVM trained successfully on Anonymous in 0.00 sec
2025-05-08 18:53:09,598 - INFO - [TRAINING] Finished training 5 model(s) for dataset: Anonymous
2025-05-08 18:53:09,599 - INFO - [TRAINING] Starting training for dataset: CTGAN_HYBRID — Rows: 336, Features: 18
2025-05-08 18:53:09,599 - INFO - [TRAINING] Training DecisionTree on CTGAN_HYBRID...
2025-05-08 18:53:09,601 - INFO - [TRAINING] DecisionTree trained successfully on CTGAN_HYBRID in 0.00 sec
2025-05-08 18:53:09,601 - INFO - [TRAINING] Training KNN on CTGAN_HYBRID...
2025-05-08 18:53:09,602 - INFO - [TRAINING] KNN trained successfully on CTGAN_HYBRID in 0.00 sec
2025-05-08 18:53:09,602 - INFO - [TRAINING] Training LogisticRegression on CTGAN_HYBRID...
2025-05-08 18:53:09,604 - INFO - [TRAINING] LogisticRegression trained successfully on CTGAN_HYBRID in 0.00 sec
2025-05-08 18:53:09,604 - INFO - [TRAINING] Training RandomForest on CTGAN_HYBRID...
2025-05-08 18:53:09,693 - INFO - [TRAINING] RandomForest trained successfully on CTGAN_HYBRID in 0.09 sec
2025-05-08 18:53:09,693 - INFO - [TRAINING] Training SVM on CTGAN_HYBRID...
2025-05-08 18:53:09,697 - INFO - [TRAINING] SVM trained successfully on CTGAN_HYBRID in 0.00 sec
2025-05-08 18:53:09,697 - INFO - [TRAINING] Finished training 5 model(s) for dataset: CTGAN_HYBRID
2025-05-08 18:53:09,697 - INFO - [TRAINING] Starting training for dataset: GaussianCopula_HYBRID — Rows: 336, Features: 18
2025-05-08 18:53:09,697 - INFO - [TRAINING] Training DecisionTree on GaussianCopula_HYBRID...
2025-05-08 18:53:09,699 - INFO - [TRAINING] DecisionTree trained successfully on GaussianCopula_HYBRID in 0.00 sec
2025-05-08 18:53:09,699 - INFO - [TRAINING] Training KNN on GaussianCopula_HYBRID...
2025-05-08 18:53:09,700 - INFO - [TRAINING] KNN trained successfully on GaussianCopula_HYBRID in 0.00 sec
2025-05-08 18:53:09,700 - INFO - [TRAINING] Training LogisticRegression on GaussianCopula_HYBRID...
2025-05-08 18:53:09,703 - INFO - [TRAINING] LogisticRegression trained successfully on GaussianCopula_HYBRID in 0.00 sec
2025-05-08 18:53:09,703 - INFO - [TRAINING] Training RandomForest on GaussianCopula_HYBRID...
2025-05-08 18:53:09,794 - INFO - [TRAINING] RandomForest trained successfully on GaussianCopula_HYBRID in 0.09 sec
2025-05-08 18:53:09,794 - INFO - [TRAINING] Training SVM on GaussianCopula_HYBRID...
2025-05-08 18:53:09,799 - INFO - [TRAINING] SVM trained successfully on GaussianCopula_HYBRID in 0.01 sec
2025-05-08 18:53:09,799 - INFO - [TRAINING] Finished training 5 model(s) for dataset: GaussianCopula_HYBRID
2025-05-08 18:53:09,800 - INFO - [TRAINING] Starting training for dataset: TVAE_HYBRID — Rows: 336, Features: 18
2025-05-08 18:53:09,800 - INFO - [TRAINING] Training DecisionTree on TVAE_HYBRID...
2025-05-08 18:53:09,801 - INFO - [TRAINING] DecisionTree trained successfully on TVAE_HYBRID in 0.00 sec
2025-05-08 18:53:09,801 - INFO - [TRAINING] Training KNN on TVAE_HYBRID...
2025-05-08 18:53:09,803 - INFO - [TRAINING] KNN trained successfully on TVAE_HYBRID in 0.00 sec
2025-05-08 18:53:09,803 - INFO - [TRAINING] Training LogisticRegression on TVAE_HYBRID...
2025-05-08 18:53:09,809 - INFO - [TRAINING] LogisticRegression trained successfully on TVAE_HYBRID in 0.01 sec
2025-05-08 18:53:09,809 - INFO - [TRAINING] Training RandomForest on TVAE_HYBRID...
2025-05-08 18:53:09,898 - INFO - [TRAINING] RandomForest trained successfully on TVAE_HYBRID in 0.09 sec
2025-05-08 18:53:09,898 - INFO - [TRAINING] Training SVM on TVAE_HYBRID...
2025-05-08 18:53:09,899 - INFO - [TRAINING] SVM trained successfully on TVAE_HYBRID in 0.00 sec
2025-05-08 18:53:09,899 - INFO - [TRAINING] Finished training 5 model(s) for dataset: TVAE_HYBRID
2025-05-08 18:53:09,899 - INFO - [TRAINING] Total models trained across all datasets: 25
2025-05-08 18:53:09,899 - INFO - [UTILITY] Trained model names: ['Original', 'Anonymous', 'CTGAN_HYBRID', 'GaussianCopula_HYBRID', 'TVAE_HYBRID']
2025-05-08 18:53:09,899 - INFO - [UTILITY] Model Training Completed.
2025-05-08 18:53:09,899 - INFO - Starting the Evaluating of models...
2025-05-08 18:53:09,900 - INFO - Preparing evaluation for model 'DecisionTree' across all datasets...
2025-05-08 18:53:09,900 - INFO - Evaluating DecisionTree on Original...
2025-05-08 18:53:09,901 - INFO - Predictions completed for DecisionTree on Original
2025-05-08 18:53:09,901 - INFO - Prediction distribution for DecisionTree on Original: {'Y': 92, 'N': 52}
2025-05-08 18:53:09,910 - INFO - Computed 8 metric(s) for DecisionTree on Original
2025-05-08 18:53:09,910 - INFO - Evaluating DecisionTree on Anonymous...
2025-05-08 18:53:09,911 - INFO - Predictions completed for DecisionTree on Anonymous
2025-05-08 18:53:09,911 - INFO - Prediction distribution for DecisionTree on Anonymous: {'Y': 95, 'N': 49}
2025-05-08 18:53:09,922 - INFO - Computed 8 metric(s) for DecisionTree on Anonymous
2025-05-08 18:53:09,922 - INFO - Evaluating DecisionTree on CTGAN_HYBRID...
2025-05-08 18:53:09,923 - INFO - Predictions completed for DecisionTree on CTGAN_HYBRID
2025-05-08 18:53:09,924 - INFO - Prediction distribution for DecisionTree on CTGAN_HYBRID: {'Y': 81, 'N': 63}
2025-05-08 18:53:09,935 - INFO - Computed 8 metric(s) for DecisionTree on CTGAN_HYBRID
2025-05-08 18:53:09,935 - INFO - Evaluating DecisionTree on GaussianCopula_HYBRID...
2025-05-08 18:53:09,936 - INFO - Predictions completed for DecisionTree on GaussianCopula_HYBRID
2025-05-08 18:53:09,936 - INFO - Prediction distribution for DecisionTree on GaussianCopula_HYBRID: {'Y': 79, 'N': 65}
2025-05-08 18:53:09,947 - INFO - Computed 8 metric(s) for DecisionTree on GaussianCopula_HYBRID
2025-05-08 18:53:09,947 - INFO - Evaluating DecisionTree on TVAE_HYBRID...
2025-05-08 18:53:09,948 - INFO - Predictions completed for DecisionTree on TVAE_HYBRID
2025-05-08 18:53:09,948 - INFO - Prediction distribution for DecisionTree on TVAE_HYBRID: {'Y': 143, 'N': 1}
2025-05-08 18:53:09,959 - INFO - Computed 8 metric(s) for DecisionTree on TVAE_HYBRID
2025-05-08 18:53:09,959 - INFO - Preparing evaluation for model 'KNN' across all datasets...
2025-05-08 18:53:09,959 - INFO - Evaluating KNN on Original...
2025-05-08 18:53:09,995 - INFO - Predictions completed for KNN on Original
2025-05-08 18:53:09,996 - INFO - Prediction distribution for KNN on Original: {'Y': 115, 'N': 29}
2025-05-08 18:53:10,007 - INFO - Computed 8 metric(s) for KNN on Original
2025-05-08 18:53:10,007 - INFO - Evaluating KNN on Anonymous...
2025-05-08 18:53:10,013 - INFO - Predictions completed for KNN on Anonymous
2025-05-08 18:53:10,013 - INFO - Prediction distribution for KNN on Anonymous: {'Y': 114, 'N': 30}
2025-05-08 18:53:10,024 - INFO - Computed 8 metric(s) for KNN on Anonymous
2025-05-08 18:53:10,024 - INFO - Evaluating KNN on CTGAN_HYBRID...
2025-05-08 18:53:10,030 - INFO - Predictions completed for KNN on CTGAN_HYBRID
2025-05-08 18:53:10,030 - INFO - Prediction distribution for KNN on CTGAN_HYBRID: {'Y': 86, 'N': 58}
2025-05-08 18:53:10,142 - INFO - Computed 8 metric(s) for KNN on CTGAN_HYBRID
2025-05-08 18:53:10,143 - INFO - Evaluating KNN on GaussianCopula_HYBRID...
2025-05-08 18:53:10,148 - INFO - Predictions completed for KNN on GaussianCopula_HYBRID
2025-05-08 18:53:10,149 - INFO - Prediction distribution for KNN on GaussianCopula_HYBRID: {'Y': 97, 'N': 47}
2025-05-08 18:53:10,195 - INFO - Computed 8 metric(s) for KNN on GaussianCopula_HYBRID
2025-05-08 18:53:10,195 - INFO - Evaluating KNN on TVAE_HYBRID...
2025-05-08 18:53:10,201 - INFO - Predictions completed for KNN on TVAE_HYBRID
2025-05-08 18:53:10,201 - INFO - Prediction distribution for KNN on TVAE_HYBRID: {'Y': 144}
2025-05-08 18:53:10,202 - WARNING -  [WARNING] :KNN on TVAE_HYBRID predicted only one class: {'Y'}
2025-05-08 18:53:10,205 - WARNING - [UndefinedMetricWarning] Precision is ill-defined and being set to 0.0 in labels with no predicted samples. Use `zero_division` parameter to control this behavior. (from /mnt/NVMETank/Projects/Students/Dele/A-STUDY-INTO-THE-QUALITY-AND-USABILITY-OF-PRIVACY-FRIENDLY-SYNTHETIC-DATA/.venv/lib/python3.12/site-packages/sklearn/metrics/_classification.py:1565)
2025-05-08 18:53:10,207 - WARNING - [UndefinedMetricWarning] Precision is ill-defined and being set to 0.0 in labels with no predicted samples. Use `zero_division` parameter to control this behavior. (from /mnt/NVMETank/Projects/Students/Dele/A-STUDY-INTO-THE-QUALITY-AND-USABILITY-OF-PRIVACY-FRIENDLY-SYNTHETIC-DATA/.venv/lib/python3.12/site-packages/sklearn/metrics/_classification.py:1565)
2025-05-08 18:53:10,208 - WARNING - [UndefinedMetricWarning] Precision is ill-defined and being set to 0.0 in labels with no predicted samples. Use `zero_division` parameter to control this behavior. (from /mnt/NVMETank/Projects/Students/Dele/A-STUDY-INTO-THE-QUALITY-AND-USABILITY-OF-PRIVACY-FRIENDLY-SYNTHETIC-DATA/.venv/lib/python3.12/site-packages/sklearn/metrics/_classification.py:1565)
2025-05-08 18:53:10,217 - INFO - Computed 8 metric(s) for KNN on TVAE_HYBRID
2025-05-08 18:53:10,217 - INFO - Preparing evaluation for model 'LogisticRegression' across all datasets...
2025-05-08 18:53:10,217 - INFO - Evaluating LogisticRegression on Original...
2025-05-08 18:53:10,219 - INFO - Predictions completed for LogisticRegression on Original
2025-05-08 18:53:10,220 - INFO - Prediction distribution for LogisticRegression on Original: {'Y': 115, 'N': 29}
2025-05-08 18:53:10,231 - INFO - Computed 8 metric(s) for LogisticRegression on Original
2025-05-08 18:53:10,231 - INFO - Evaluating LogisticRegression on Anonymous...
2025-05-08 18:53:10,232 - INFO - Predictions completed for LogisticRegression on Anonymous
2025-05-08 18:53:10,232 - INFO - Prediction distribution for LogisticRegression on Anonymous: {'N': 81, 'Y': 63}
2025-05-08 18:53:10,244 - INFO - Computed 8 metric(s) for LogisticRegression on Anonymous
2025-05-08 18:53:10,244 - INFO - Evaluating LogisticRegression on CTGAN_HYBRID...
2025-05-08 18:53:10,245 - INFO - Predictions completed for LogisticRegression on CTGAN_HYBRID
2025-05-08 18:53:10,245 - INFO - Prediction distribution for LogisticRegression on CTGAN_HYBRID: {'Y': 125, 'N': 19}
2025-05-08 18:53:10,257 - INFO - Computed 8 metric(s) for LogisticRegression on CTGAN_HYBRID
2025-05-08 18:53:10,257 - INFO - Evaluating LogisticRegression on GaussianCopula_HYBRID...
2025-05-08 18:53:10,259 - INFO - Predictions completed for LogisticRegression on GaussianCopula_HYBRID
2025-05-08 18:53:10,259 - INFO - Prediction distribution for LogisticRegression on GaussianCopula_HYBRID: {'Y': 144}
2025-05-08 18:53:10,260 - WARNING -  [WARNING] :LogisticRegression on GaussianCopula_HYBRID predicted only one class: {'Y'}
2025-05-08 18:53:10,262 - WARNING - [UndefinedMetricWarning] Precision is ill-defined and being set to 0.0 in labels with no predicted samples. Use `zero_division` parameter to control this behavior. (from /mnt/NVMETank/Projects/Students/Dele/A-STUDY-INTO-THE-QUALITY-AND-USABILITY-OF-PRIVACY-FRIENDLY-SYNTHETIC-DATA/.venv/lib/python3.12/site-packages/sklearn/metrics/_classification.py:1565)
2025-05-08 18:53:10,264 - WARNING - [UndefinedMetricWarning] Precision is ill-defined and being set to 0.0 in labels with no predicted samples. Use `zero_division` parameter to control this behavior. (from /mnt/NVMETank/Projects/Students/Dele/A-STUDY-INTO-THE-QUALITY-AND-USABILITY-OF-PRIVACY-FRIENDLY-SYNTHETIC-DATA/.venv/lib/python3.12/site-packages/sklearn/metrics/_classification.py:1565)
2025-05-08 18:53:10,265 - WARNING - [UndefinedMetricWarning] Precision is ill-defined and being set to 0.0 in labels with no predicted samples. Use `zero_division` parameter to control this behavior. (from /mnt/NVMETank/Projects/Students/Dele/A-STUDY-INTO-THE-QUALITY-AND-USABILITY-OF-PRIVACY-FRIENDLY-SYNTHETIC-DATA/.venv/lib/python3.12/site-packages/sklearn/metrics/_classification.py:1565)
2025-05-08 18:53:10,271 - INFO - Computed 8 metric(s) for LogisticRegression on GaussianCopula_HYBRID
2025-05-08 18:53:10,271 - INFO - Evaluating LogisticRegression on TVAE_HYBRID...
2025-05-08 18:53:10,273 - INFO - Predictions completed for LogisticRegression on TVAE_HYBRID
2025-05-08 18:53:10,273 - INFO - Prediction distribution for LogisticRegression on TVAE_HYBRID: {'Y': 144}
2025-05-08 18:53:10,273 - WARNING -  [WARNING] :LogisticRegression on TVAE_HYBRID predicted only one class: {'Y'}
2025-05-08 18:53:10,276 - WARNING - [UndefinedMetricWarning] Precision is ill-defined and being set to 0.0 in labels with no predicted samples. Use `zero_division` parameter to control this behavior. (from /mnt/NVMETank/Projects/Students/Dele/A-STUDY-INTO-THE-QUALITY-AND-USABILITY-OF-PRIVACY-FRIENDLY-SYNTHETIC-DATA/.venv/lib/python3.12/site-packages/sklearn/metrics/_classification.py:1565)
2025-05-08 18:53:10,277 - WARNING - [UndefinedMetricWarning] Precision is ill-defined and being set to 0.0 in labels with no predicted samples. Use `zero_division` parameter to control this behavior. (from /mnt/NVMETank/Projects/Students/Dele/A-STUDY-INTO-THE-QUALITY-AND-USABILITY-OF-PRIVACY-FRIENDLY-SYNTHETIC-DATA/.venv/lib/python3.12/site-packages/sklearn/metrics/_classification.py:1565)
2025-05-08 18:53:10,279 - WARNING - [UndefinedMetricWarning] Precision is ill-defined and being set to 0.0 in labels with no predicted samples. Use `zero_division` parameter to control this behavior. (from /mnt/NVMETank/Projects/Students/Dele/A-STUDY-INTO-THE-QUALITY-AND-USABILITY-OF-PRIVACY-FRIENDLY-SYNTHETIC-DATA/.venv/lib/python3.12/site-packages/sklearn/metrics/_classification.py:1565)
2025-05-08 18:53:10,285 - INFO - Computed 8 metric(s) for LogisticRegression on TVAE_HYBRID
2025-05-08 18:53:10,285 - INFO - Preparing evaluation for model 'RandomForest' across all datasets...
2025-05-08 18:53:10,286 - INFO - Evaluating RandomForest on Original...
2025-05-08 18:53:10,292 - INFO - Predictions completed for RandomForest on Original
2025-05-08 18:53:10,292 - INFO - Prediction distribution for RandomForest on Original: {'Y': 108, 'N': 36}
2025-05-08 18:53:10,314 - INFO - Computed 8 metric(s) for RandomForest on Original
2025-05-08 18:53:10,314 - INFO - Evaluating RandomForest on Anonymous...
2025-05-08 18:53:10,320 - INFO - Predictions completed for RandomForest on Anonymous
2025-05-08 18:53:10,320 - INFO - Prediction distribution for RandomForest on Anonymous: {'Y': 113, 'N': 31}
2025-05-08 18:53:10,338 - INFO - Computed 8 metric(s) for RandomForest on Anonymous
2025-05-08 18:53:10,338 - INFO - Evaluating RandomForest on CTGAN_HYBRID...
2025-05-08 18:53:10,343 - INFO - Predictions completed for RandomForest on CTGAN_HYBRID
2025-05-08 18:53:10,344 - INFO - Prediction distribution for RandomForest on CTGAN_HYBRID: {'Y': 89, 'N': 55}
2025-05-08 18:53:10,360 - INFO - Computed 8 metric(s) for RandomForest on CTGAN_HYBRID
2025-05-08 18:53:10,360 - INFO - Evaluating RandomForest on GaussianCopula_HYBRID...
2025-05-08 18:53:10,366 - INFO - Predictions completed for RandomForest on GaussianCopula_HYBRID
2025-05-08 18:53:10,366 - INFO - Prediction distribution for RandomForest on GaussianCopula_HYBRID: {'Y': 123, 'N': 21}
2025-05-08 18:53:10,389 - INFO - Computed 8 metric(s) for RandomForest on GaussianCopula_HYBRID
2025-05-08 18:53:10,389 - INFO - Evaluating RandomForest on TVAE_HYBRID...
2025-05-08 18:53:10,394 - INFO - Predictions completed for RandomForest on TVAE_HYBRID
2025-05-08 18:53:10,394 - INFO - Prediction distribution for RandomForest on TVAE_HYBRID: {'Y': 144}
2025-05-08 18:53:10,394 - WARNING -  [WARNING] :RandomForest on TVAE_HYBRID predicted only one class: {'Y'}
2025-05-08 18:53:10,396 - WARNING - [UndefinedMetricWarning] Precision is ill-defined and being set to 0.0 in labels with no predicted samples. Use `zero_division` parameter to control this behavior. (from /mnt/NVMETank/Projects/Students/Dele/A-STUDY-INTO-THE-QUALITY-AND-USABILITY-OF-PRIVACY-FRIENDLY-SYNTHETIC-DATA/.venv/lib/python3.12/site-packages/sklearn/metrics/_classification.py:1565)
2025-05-08 18:53:10,397 - WARNING - [UndefinedMetricWarning] Precision is ill-defined and being set to 0.0 in labels with no predicted samples. Use `zero_division` parameter to control this behavior. (from /mnt/NVMETank/Projects/Students/Dele/A-STUDY-INTO-THE-QUALITY-AND-USABILITY-OF-PRIVACY-FRIENDLY-SYNTHETIC-DATA/.venv/lib/python3.12/site-packages/sklearn/metrics/_classification.py:1565)
2025-05-08 18:53:10,399 - WARNING - [UndefinedMetricWarning] Precision is ill-defined and being set to 0.0 in labels with no predicted samples. Use `zero_division` parameter to control this behavior. (from /mnt/NVMETank/Projects/Students/Dele/A-STUDY-INTO-THE-QUALITY-AND-USABILITY-OF-PRIVACY-FRIENDLY-SYNTHETIC-DATA/.venv/lib/python3.12/site-packages/sklearn/metrics/_classification.py:1565)
2025-05-08 18:53:10,415 - INFO - Computed 8 metric(s) for RandomForest on TVAE_HYBRID
2025-05-08 18:53:10,415 - INFO - Preparing evaluation for model 'SVM' across all datasets...
2025-05-08 18:53:10,415 - INFO - Evaluating SVM on Original...
2025-05-08 18:53:10,417 - INFO - Predictions completed for SVM on Original
2025-05-08 18:53:10,417 - INFO - Prediction distribution for SVM on Original: {'Y': 144}
2025-05-08 18:53:10,417 - WARNING -  [WARNING] :SVM on Original predicted only one class: {'Y'}
2025-05-08 18:53:10,419 - WARNING - [UndefinedMetricWarning] Precision is ill-defined and being set to 0.0 in labels with no predicted samples. Use `zero_division` parameter to control this behavior. (from /mnt/NVMETank/Projects/Students/Dele/A-STUDY-INTO-THE-QUALITY-AND-USABILITY-OF-PRIVACY-FRIENDLY-SYNTHETIC-DATA/.venv/lib/python3.12/site-packages/sklearn/metrics/_classification.py:1565)
2025-05-08 18:53:10,420 - WARNING - [UndefinedMetricWarning] Precision is ill-defined and being set to 0.0 in labels with no predicted samples. Use `zero_division` parameter to control this behavior. (from /mnt/NVMETank/Projects/Students/Dele/A-STUDY-INTO-THE-QUALITY-AND-USABILITY-OF-PRIVACY-FRIENDLY-SYNTHETIC-DATA/.venv/lib/python3.12/site-packages/sklearn/metrics/_classification.py:1565)
2025-05-08 18:53:10,422 - WARNING - [UndefinedMetricWarning] Precision is ill-defined and being set to 0.0 in labels with no predicted samples. Use `zero_division` parameter to control this behavior. (from /mnt/NVMETank/Projects/Students/Dele/A-STUDY-INTO-THE-QUALITY-AND-USABILITY-OF-PRIVACY-FRIENDLY-SYNTHETIC-DATA/.venv/lib/python3.12/site-packages/sklearn/metrics/_classification.py:1565)
2025-05-08 18:53:10,423 - INFO - Computed 8 metric(s) for SVM on Original
2025-05-08 18:53:10,423 - INFO - Evaluating SVM on Anonymous...
2025-05-08 18:53:10,426 - INFO - Predictions completed for SVM on Anonymous
2025-05-08 18:53:10,426 - INFO - Prediction distribution for SVM on Anonymous: {'Y': 144}
2025-05-08 18:53:10,426 - WARNING -  [WARNING] :SVM on Anonymous predicted only one class: {'Y'}
2025-05-08 18:53:10,428 - WARNING - [UndefinedMetricWarning] Precision is ill-defined and being set to 0.0 in labels with no predicted samples. Use `zero_division` parameter to control this behavior. (from /mnt/NVMETank/Projects/Students/Dele/A-STUDY-INTO-THE-QUALITY-AND-USABILITY-OF-PRIVACY-FRIENDLY-SYNTHETIC-DATA/.venv/lib/python3.12/site-packages/sklearn/metrics/_classification.py:1565)
2025-05-08 18:53:10,430 - WARNING - [UndefinedMetricWarning] Precision is ill-defined and being set to 0.0 in labels with no predicted samples. Use `zero_division` parameter to control this behavior. (from /mnt/NVMETank/Projects/Students/Dele/A-STUDY-INTO-THE-QUALITY-AND-USABILITY-OF-PRIVACY-FRIENDLY-SYNTHETIC-DATA/.venv/lib/python3.12/site-packages/sklearn/metrics/_classification.py:1565)
2025-05-08 18:53:10,431 - WARNING - [UndefinedMetricWarning] Precision is ill-defined and being set to 0.0 in labels with no predicted samples. Use `zero_division` parameter to control this behavior. (from /mnt/NVMETank/Projects/Students/Dele/A-STUDY-INTO-THE-QUALITY-AND-USABILITY-OF-PRIVACY-FRIENDLY-SYNTHETIC-DATA/.venv/lib/python3.12/site-packages/sklearn/metrics/_classification.py:1565)
2025-05-08 18:53:10,433 - INFO - Computed 8 metric(s) for SVM on Anonymous
2025-05-08 18:53:10,433 - INFO - Evaluating SVM on CTGAN_HYBRID...
2025-05-08 18:53:10,436 - INFO - Predictions completed for SVM on CTGAN_HYBRID
2025-05-08 18:53:10,436 - INFO - Prediction distribution for SVM on CTGAN_HYBRID: {'Y': 119, 'N': 25}
2025-05-08 18:53:10,445 - INFO - Computed 8 metric(s) for SVM on CTGAN_HYBRID
2025-05-08 18:53:10,445 - INFO - Evaluating SVM on GaussianCopula_HYBRID...
2025-05-08 18:53:10,447 - INFO - Predictions completed for SVM on GaussianCopula_HYBRID
2025-05-08 18:53:10,447 - INFO - Prediction distribution for SVM on GaussianCopula_HYBRID: {'Y': 144}
2025-05-08 18:53:10,447 - WARNING -  [WARNING] :SVM on GaussianCopula_HYBRID predicted only one class: {'Y'}
2025-05-08 18:53:10,449 - WARNING - [UndefinedMetricWarning] Precision is ill-defined and being set to 0.0 in labels with no predicted samples. Use `zero_division` parameter to control this behavior. (from /mnt/NVMETank/Projects/Students/Dele/A-STUDY-INTO-THE-QUALITY-AND-USABILITY-OF-PRIVACY-FRIENDLY-SYNTHETIC-DATA/.venv/lib/python3.12/site-packages/sklearn/metrics/_classification.py:1565)
2025-05-08 18:53:10,450 - WARNING - [UndefinedMetricWarning] Precision is ill-defined and being set to 0.0 in labels with no predicted samples. Use `zero_division` parameter to control this behavior. (from /mnt/NVMETank/Projects/Students/Dele/A-STUDY-INTO-THE-QUALITY-AND-USABILITY-OF-PRIVACY-FRIENDLY-SYNTHETIC-DATA/.venv/lib/python3.12/site-packages/sklearn/metrics/_classification.py:1565)
2025-05-08 18:53:10,451 - WARNING - [UndefinedMetricWarning] Precision is ill-defined and being set to 0.0 in labels with no predicted samples. Use `zero_division` parameter to control this behavior. (from /mnt/NVMETank/Projects/Students/Dele/A-STUDY-INTO-THE-QUALITY-AND-USABILITY-OF-PRIVACY-FRIENDLY-SYNTHETIC-DATA/.venv/lib/python3.12/site-packages/sklearn/metrics/_classification.py:1565)
2025-05-08 18:53:10,453 - INFO - Computed 8 metric(s) for SVM on GaussianCopula_HYBRID
2025-05-08 18:53:10,453 - INFO - Evaluating SVM on TVAE_HYBRID...
2025-05-08 18:53:10,454 - INFO - Predictions completed for SVM on TVAE_HYBRID
2025-05-08 18:53:10,454 - INFO - Prediction distribution for SVM on TVAE_HYBRID: {'Y': 144}
2025-05-08 18:53:10,454 - WARNING -  [WARNING] :SVM on TVAE_HYBRID predicted only one class: {'Y'}
2025-05-08 18:53:10,456 - WARNING - [UndefinedMetricWarning] Precision is ill-defined and being set to 0.0 in labels with no predicted samples. Use `zero_division` parameter to control this behavior. (from /mnt/NVMETank/Projects/Students/Dele/A-STUDY-INTO-THE-QUALITY-AND-USABILITY-OF-PRIVACY-FRIENDLY-SYNTHETIC-DATA/.venv/lib/python3.12/site-packages/sklearn/metrics/_classification.py:1565)
2025-05-08 18:53:10,457 - WARNING - [UndefinedMetricWarning] Precision is ill-defined and being set to 0.0 in labels with no predicted samples. Use `zero_division` parameter to control this behavior. (from /mnt/NVMETank/Projects/Students/Dele/A-STUDY-INTO-THE-QUALITY-AND-USABILITY-OF-PRIVACY-FRIENDLY-SYNTHETIC-DATA/.venv/lib/python3.12/site-packages/sklearn/metrics/_classification.py:1565)
2025-05-08 18:53:10,458 - WARNING - [UndefinedMetricWarning] Precision is ill-defined and being set to 0.0 in labels with no predicted samples. Use `zero_division` parameter to control this behavior. (from /mnt/NVMETank/Projects/Students/Dele/A-STUDY-INTO-THE-QUALITY-AND-USABILITY-OF-PRIVACY-FRIENDLY-SYNTHETIC-DATA/.venv/lib/python3.12/site-packages/sklearn/metrics/_classification.py:1565)
2025-05-08 18:53:10,460 - INFO - Computed 8 metric(s) for SVM on TVAE_HYBRID
2025-05-08 18:53:10,464 - INFO - Evaluation completed for all models.
2025-05-08 18:53:10,464 - INFO - Model evaluation completed in 0.56 seconds.
2025-05-08 18:53:10,466 - INFO - Evaluated models: ['DecisionTree', 'KNN', 'LogisticRegression', 'RandomForest', 'SVM']
2025-05-08 18:53:10,466 - INFO - Model Training and Evaluation completed.
2025-05-08 18:53:11,038 - INFO -  Visualizations saved.
2025-05-08 18:53:11,038 - INFO -  Benchmarking Completed. Results saved in output folder.
