2025-04-18 21:36:55,903 - INFO - Loaded config file: configs/benchmark_config.yaml
2025-04-18 21:36:55,903 - INFO -  Benchmarking started for dataset: studentPerformance
2025-04-18 21:36:55,904 - INFO - Using dataset path: c:\Users\delea\OneDrive\Documents\Desktop\Master_Thesis\MasterThesisCode\datasets\original\studentPerformance.csv
2025-04-18 21:36:55,904 - INFO - Target column: Target, separator: ';'
2025-04-18 21:36:55,904 - INFO - Configuration loaded: enable_anonymization = True, enable_synthesis = True, enable_hybrid = True, enable_utility = True, delete_after_evaluation = False
2025-04-18 21:36:55,904 - INFO - Running preprocessing...
2025-04-18 21:36:55,908 - INFO -  [PREPROCESSING] Preprocessed files found. Skipping preprocessing.
2025-04-18 21:36:55,933 - INFO - Preprocessing completed. Rows before: 4424, after: 3539
2025-04-18 21:36:55,933 - INFO - Preprocessed data saved to: outputs\singular\studentPerformance_2025-04-18_21-36-55\preprocessing_report.txt
2025-04-18 21:36:55,933 - INFO - enable_anonymization = True
2025-04-18 21:36:55,933 - INFO - Starting Anonymization Pipeline with output path: C:\Users\delea\OneDrive\Documents\Desktop\Master_Thesis\MasterThesisCode\datasets\anonymized\studentPerformance_k5_l2_sup10_anonymized.csv.......
2025-04-18 21:36:55,938 - INFO -  [ANONYMIZATION] Executing run_anonymization, config_path : configs/benchmark_config.yaml...........
2025-04-18 21:36:55,938 - INFO -  [ANONYMIZATION] Using JAR file at C:\Users\delea\OneDrive\Documents\Desktop\Master_Thesis\MasterThesisCode\src\anonymization\anonymARXij\bin\anonymARXij.jar to anonymize the dataset.
2025-04-18 21:36:57,511 - INFO -  [ANONYMIZATION] Anonimized file saved to : C:\Users\delea\OneDrive\Documents\Desktop\Master_Thesis\MasterThesisCode\datasets\anonymized\studentPerformance_k5_l2_sup10_anonymized.csv
2025-04-18 21:36:57,511 - INFO -  [ANONYMIZATION] Java anonymization completed successfully.
2025-04-18 21:36:57,511 - INFO -  [ANONYMIZATION] Java STDOUT:
? Java received config path: C:\Users\delea\OneDrive\Documents\Desktop\Master_Thesis\MasterThesisCode\configs\benchmark_config.yaml
? Loading config from: C:\Users\delea\OneDrive\Documents\Desktop\Master_Thesis\MasterThesisCode\configs\benchmark_config.yaml
Loading config from: C:\Users\delea\OneDrive\Documents\Desktop\Master_Thesis\MasterThesisCode\configs\benchmark_config.yaml
? Dataset Path (from args): C:\Users\delea\OneDrive\Documents\Desktop\Master_Thesis\MasterThesisCode\datasets\train\studentPerformance_train_raw.csv
? Dataset Separator: ;
? Suppression Limit: 0.1

? Configured Attributes:
  ? Quasi-Identifier: Age at enrollment
  ? Quasi-Identifier: Gender
  ? Quasi-Identifier: Nacionality
  ? Sensitive Attribute: Scholarship_holder
  ? Insensitive Attribute: Application mode
  ? Insensitive Attribute: Application order
  ? Insensitive Attribute: Curricular units 1st sem (credited)
  ? Insensitive Attribute: Curricular units 1st sem (enrolled)
  ? Insensitive Attribute: Curricular units 1st sem (evaluations)
  ? Insensitive Attribute: Curricular units 1st sem (approved)
  ? Insensitive Attribute: Curricular units 1st sem (without evaluations)
  ? Insensitive Attribute: Curricular units 2nd sem (credited)
  ? Insensitive Attribute: Curricular units 2nd sem (enrolled)
  ? Insensitive Attribute: Curricular units 2nd sem (evaluations)
  ? Insensitive Attribute: Curricular units 2nd sem (approved)
  ? Insensitive Attribute: Curricular units 2nd sem (without evaluations)
  ? Insensitive Attribute: Course
  ? Insensitive Attribute: Target

? Defined Hierarchies:
  ? Age at enrollment -> C:\Users\delea\OneDrive\Documents\Desktop\Master_Thesis\MasterThesisCode\src\anonymization\anonymARXij\src\hierarchies_studentPerformance\age_enrollment.csv
  ? Gender -> C:\Users\delea\OneDrive\Documents\Desktop\Master_Thesis\MasterThesisCode\src\anonymization\anonymARXij\src\hierarchies_studentPerformance\gender.csv
  ? Nacionality -> C:\Users\delea\OneDrive\Documents\Desktop\Master_Thesis\MasterThesisCode\src\anonymization\anonymARXij\src\hierarchies_studentPerformance\nacionality.csv
Java is searching for hierarchy file at: C:\Users\delea\OneDrive\Documents\Desktop\Master_Thesis\MasterThesisCode\src\anonymization\anonymARXij\src\hierarchies_studentPerformance\age_enrollment.csv
Java is searching for hierarchy file at: C:\Users\delea\OneDrive\Documents\Desktop\Master_Thesis\MasterThesisCode\src\anonymization\anonymARXij\src\hierarchies_studentPerformance\gender.csv
Java is searching for hierarchy file at: C:\Users\delea\OneDrive\Documents\Desktop\Master_Thesis\MasterThesisCode\src\anonymization\anonymARXij\src\hierarchies_studentPerformance\nacionality.csv
? Privacy Models Configured
? Anonymized Output Path (from args): C:\Users\delea\OneDrive\Documents\Desktop\Master_Thesis\MasterThesisCode\datasets\anonymized\studentPerformance_k5_l2_sup10_anonymized.csv
? Anonymized Output Path: C:\Users\delea\OneDrive\Documents\Desktop\Master_Thesis\MasterThesisCode\datasets\anonymized\studentPerformance_k5_l2_sup10_anonymized.csv
? Anonymization completed. Output saved to: C:\Users\delea\OneDrive\Documents\Desktop\Master_Thesis\MasterThesisCode\datasets\anonymized\studentPerformance_k5_l2_sup10_anonymized.csv
Anonymized Data Quality Metrics:
 - Ambiguity: 0.973952008349468
 - AECS: 0.9490752824196967
 - Discernibility: 0.8184090590646209
 - Granularity: 0.96225865008276
 - MSE: 0.9786895005106658
 - Non-Uniform Entropy: 0.6105061091750543
 - Precision: 0.8928369595931054
 - Record-level SE: 0.9646446245403221
Equivalence Class Statistics:
 - Number of Classes: 17
 - Average Class Size: 202.76470588235293
Suppression Statistics:
 - Suppressed Records: 92
 - Suppression Percentage: 2.60%
2025-04-18 21:36:57,512 - INFO - Anonymized data saved to: C:\Users\delea\OneDrive\Documents\Desktop\Master_Thesis\MasterThesisCode\datasets\anonymized\studentPerformance_k5_l2_sup10_anonymized.csv
2025-04-18 21:36:57,556 - INFO - Anonymous data report saved at: outputs\singular\studentPerformance_2025-04-18_21-36-55\anonymous_data_report.txt
2025-04-18 21:36:57,556 - INFO -  [POSTPROCESSING] Postprocessing anonymized data: C:\Users\delea\OneDrive\Documents\Desktop\Master_Thesis\MasterThesisCode\datasets\anonymized\studentPerformance_k5_l2_sup10_anonymized.csv
2025-04-18 21:36:57,563 - INFO -  [POSTPROCESSING] Loaded anonymized data: (3539, 37)
2025-04-18 21:36:57,574 - INFO -  [POSTPROCESSING] Loaded fallback maps from training data. Categorical cols: 1, Numeric cols: 36
2025-04-18 21:36:57,575 - INFO -  [POSTPROCESSING] Normalizing anonymized data using ARX artifact cleaning and fallback values.
2025-04-18 21:36:57,712 - INFO -  [POSTPROCESSING] Normalized anonymized data saved to: C:\Users\delea\OneDrive\Documents\Desktop\Master_Thesis\MasterThesisCode\datasets\anonymized\studentPerformance_k5_l2_sup10_anonymized_processed.csv
2025-04-18 21:36:57,712 - INFO -  [POSTPROCESSING] No encoder present. Skipping encoding of anonymized data.Will use processed anonymous data directly
2025-04-18 21:36:57,713 - INFO - Postprocessing report saved at: outputs\singular\studentPerformance_2025-04-18_21-36-55\postprocessing_report.txt
2025-04-18 21:36:57,714 - INFO - enable_synthetic_generation = True
2025-04-18 21:36:57,714 - INFO - Starting standard Synthetic Data Generation pipeline...
2025-04-18 21:36:57,714 - INFO - Executing run_synthetic.....
2025-04-18 21:36:57,715 - INFO - [SYNTHETIC PIPELINE] executing run_synthetic for studentPerformance...
2025-04-18 21:36:57,715 - INFO - [SYNTHETIC] Processing dataset: studentPerformance
2025-04-18 21:36:57,715 - INFO - [SYNTHETIC] Original dataset size: 3539 rows
2025-04-18 21:36:57,721 - INFO - Detected metadata:
2025-04-18 21:36:57,721 - INFO - {
    "METADATA_SPEC_VERSION": "SINGLE_TABLE_V1",
    "primary_key": "Marital status;Application mode;Application order;Course;Daytime/evening attendance;Previous qualification;Previous qualification (grade);Nacionality;Mother's qualification;Father's qualification;Mother's occupation;Father's occupation;Admission grade;Displaced;Educational special needs;Debtor;Tuition fees up to date;Gender;Scholarship_holder;Age at enrollment;International;Curricular units 1st sem (credited);Curricular units 1st sem (enrolled);Curricular units 1st sem (evaluations);Curricular units 1st sem (approved);Curricular units 1st sem (grade);Curricular units 1st sem (without evaluations);Curricular units 2nd sem (credited);Curricular units 2nd sem (enrolled);Curricular units 2nd sem (evaluations);Curricular units 2nd sem (approved);Curricular units 2nd sem (grade);Curricular units 2nd sem (without evaluations);Unemployment rate;Inflation rate;GDP;Target",
    "columns": {
        "Marital status;Application mode;Application order;Course;Daytime/evening attendance;Previous qualification;Previous qualification (grade);Nacionality;Mother's qualification;Father's qualification;Mother's occupation;Father's occupation;Admission grade;Displaced;Educational special needs;Debtor;Tuition fees up to date;Gender;Scholarship_holder;Age at enrollment;International;Curricular units 1st sem (credited);Curricular units 1st sem (enrolled);Curricular units 1st sem (evaluations);Curricular units 1st sem (approved);Curricular units 1st sem (grade);Curricular units 1st sem (without evaluations);Curricular units 2nd sem (credited);Curricular units 2nd sem (enrolled);Curricular units 2nd sem (evaluations);Curricular units 2nd sem (approved);Curricular units 2nd sem (grade);Curricular units 2nd sem (without evaluations);Unemployment rate;Inflation rate;GDP;Target": {
            "sdtype": "id"
        }
    }
}
2025-04-18 21:36:57,722 - INFO - [SYNTHETIC] Preparing synthesizer: CTGAN
2025-04-18 21:36:57,722 - INFO - [SYNTHETIC] Params from config: {'epochs': 50}
2025-04-18 21:36:57,722 - INFO - [SYNTHETIC] Found existing CTGAN synthesizer: c:\Users\delea\OneDrive\Documents\Desktop\Master_Thesis\MasterThesisCode\artifacts\synthesizers\studentPerformance_CTGAN_epochs50_synthesizer.pkl
2025-04-18 21:36:57,762 - INFO - {'EVENT': 'Load', 'TIMESTAMP': datetime.datetime(2025, 4, 18, 21, 36, 57, 762995), 'SYNTHESIZER CLASS NAME': 'CTGANSynthesizer', 'SYNTHESIZER ID': 'CTGANSynthesizer_1.16.1_5b43c9e05e1540439c24b67fe0ed8369'}
2025-04-18 21:36:57,763 - INFO - [SYNTHETIC] Preparing synthesizer: TVAE
2025-04-18 21:36:57,763 - INFO - [SYNTHETIC] Params from config: {'epochs': 50}
2025-04-18 21:36:57,763 - INFO - [SYNTHETIC] Found existing TVAE synthesizer: c:\Users\delea\OneDrive\Documents\Desktop\Master_Thesis\MasterThesisCode\artifacts\synthesizers\studentPerformance_TVAE_epochs50_synthesizer.pkl
2025-04-18 21:36:57,797 - INFO - {'EVENT': 'Load', 'TIMESTAMP': datetime.datetime(2025, 4, 18, 21, 36, 57, 797914), 'SYNTHESIZER CLASS NAME': 'TVAESynthesizer', 'SYNTHESIZER ID': 'TVAESynthesizer_1.16.1_da7288d8e39b4ba28ec9489415f73f6a'}
2025-04-18 21:36:57,798 - INFO - [SYNTHETIC] Preparing synthesizer: GaussianCopula
2025-04-18 21:36:57,798 - INFO - [SYNTHETIC] Params from config: {}
2025-04-18 21:36:57,798 - INFO - [SYNTHETIC] Found existing GaussianCopula synthesizer: c:\Users\delea\OneDrive\Documents\Desktop\Master_Thesis\MasterThesisCode\artifacts\synthesizers\studentPerformance_GaussianCopula_synthesizer.pkl
2025-04-18 21:36:57,819 - INFO - {'EVENT': 'Load', 'TIMESTAMP': datetime.datetime(2025, 4, 18, 21, 36, 57, 819879), 'SYNTHESIZER CLASS NAME': 'GaussianCopulaSynthesizer', 'SYNTHESIZER ID': 'GaussianCopulaSynthesizer_1.16.1_e326fb1cad7c4e51a75ac94d411811a4'}
2025-04-18 21:36:57,820 - INFO - [SYNTHETIC] Using CTGAN to generate 3539 rows...
2025-04-18 21:36:58,198 - INFO - {'EVENT': 'Sample', 'TIMESTAMP': datetime.datetime(2025, 4, 18, 21, 36, 57, 820878), 'SYNTHESIZER CLASS NAME': 'CTGANSynthesizer', 'SYNTHESIZER ID': 'CTGANSynthesizer_1.16.1_5b43c9e05e1540439c24b67fe0ed8369', 'TOTAL NUMBER OF TABLES': 1, 'TOTAL NUMBER OF ROWS': 3539, 'TOTAL NUMBER OF COLUMNS': 37}
2025-04-18 21:36:58,199 - INFO - [SYNTHETIC] CTGAN completed: 3539 rows generated.
2025-04-18 21:36:58,199 - INFO - [SYNTHETIC] Target class distribution for CTGAN: {'Graduate': 1575, 'Dropout': 1237, 'Enrolled': 727}
2025-04-18 21:36:58,200 - INFO - [SYNTHETIC] Using TVAE to generate 3539 rows...
2025-04-18 21:36:58,464 - INFO - {'EVENT': 'Sample', 'TIMESTAMP': datetime.datetime(2025, 4, 18, 21, 36, 58, 200294), 'SYNTHESIZER CLASS NAME': 'TVAESynthesizer', 'SYNTHESIZER ID': 'TVAESynthesizer_1.16.1_da7288d8e39b4ba28ec9489415f73f6a', 'TOTAL NUMBER OF TABLES': 1, 'TOTAL NUMBER OF ROWS': 3539, 'TOTAL NUMBER OF COLUMNS': 37}
2025-04-18 21:36:58,464 - INFO - [SYNTHETIC] TVAE completed: 3539 rows generated.
2025-04-18 21:36:58,465 - INFO - [SYNTHETIC] Target class distribution for TVAE: {'Graduate': 2446, 'Dropout': 1093}
2025-04-18 21:36:58,465 - INFO - [SYNTHETIC] Using GaussianCopula to generate 3539 rows...
2025-04-18 21:36:59,103 - INFO - {'EVENT': 'Sample', 'TIMESTAMP': datetime.datetime(2025, 4, 18, 21, 36, 58, 466440), 'SYNTHESIZER CLASS NAME': 'GaussianCopulaSynthesizer', 'SYNTHESIZER ID': 'GaussianCopulaSynthesizer_1.16.1_e326fb1cad7c4e51a75ac94d411811a4', 'TOTAL NUMBER OF TABLES': 1, 'TOTAL NUMBER OF ROWS': 3539, 'TOTAL NUMBER OF COLUMNS': 37}
2025-04-18 21:36:59,103 - INFO - [SYNTHETIC] GaussianCopula completed: 3539 rows generated.
2025-04-18 21:36:59,104 - INFO - [SYNTHETIC] Target class distribution for GaussianCopula: {'Graduate': 1816, 'Dropout': 1130, 'Enrolled': 593}
2025-04-18 21:36:59,105 - INFO - [SYNTHETIC PIPELINE] Synthetic Data Generation Completed.
2025-04-18 21:36:59,105 - INFO - [SYNTHETIC PIPELINE] Synthesizers used: ['CTGAN', 'TVAE', 'GaussianCopula']
2025-04-18 21:36:59,116 - ERROR - Uncaught exception
Traceback (most recent call last):
  File "c:\Users\delea\OneDrive\Documents\Desktop\Master_Thesis\MasterThesisCode\scripts\run_benchmarks.py", line 322, in <module>
    run_benchmarks(config_path=args.config)
  File "c:\Users\delea\OneDrive\Documents\Desktop\Master_Thesis\MasterThesisCode\scripts\run_benchmarks.py", line 179, in run_benchmarks
    synthetic_datasets = run_synthetic(cleaned_data, dataset_name, target_column, output_dir, config, logger=logger)
                         ^^^^^^^^^^^^^^^^^^^^^^^^^^^^^^^^^^^^^^^^^^^^^^^^^^^^^^^^^^^^^^^^^^^^^^^^^^^^^^^^^^^^^^^^^^^
  File "c:\Users\delea\OneDrive\Documents\Desktop\Master_Thesis\MasterThesisCode\scripts\run_synthetic.py", line 64, in run_synthetic
    quality_report = evaluate_synthetic_data(cleaned_data, synthetic_data, metadata, target_column, dataset_name)
                     ^^^^^^^^^^^^^^^^^^^^^^^^^^^^^^^^^^^^^^^^^^^^^^^^^^^^^^^^^^^^^^^^^^^^^^^^^^^^^^^^^^^^^^^^^^^^
  File "c:\Users\delea\OneDrive\Documents\Desktop\Master_Thesis\MasterThesisCode\src\synthetic_pipeline\synthetic_evaluation.py", line 29, in evaluate_synthetic_data
    quality_report = evaluate_quality(
                     ^^^^^^^^^^^^^^^^^
  File "C:\Users\delea\AppData\Local\Programs\Python\Python312\Lib\site-packages\sdv\evaluation\single_table.py", line 30, in evaluate_quality
    quality_report.generate(real_data, synthetic_data, metadata.to_dict(), verbose)
  File "C:\Users\delea\AppData\Local\Programs\Python\Python312\Lib\site-packages\sdmetrics\reports\base_report.py", line 151, in generate
    self._validate(real_data, synthetic_data, metadata)
  File "C:\Users\delea\AppData\Local\Programs\Python\Python312\Lib\site-packages\sdmetrics\reports\base_report.py", line 95, in _validate
    self._validate_metadata_matches_data(real_data, synthetic_data, metadata)
  File "C:\Users\delea\AppData\Local\Programs\Python\Python312\Lib\site-packages\sdmetrics\reports\base_report.py", line 55, in _validate_metadata_matches_data
    raise ValueError(error_message)
ValueError: The metadata does not match the data. The following columns are missing in the real/synthetic data or in the metadata: Admission grade, Age at enrollment, Application mode, Application order, Course, Curricular units 1st sem (approved), Curricular units 1st sem (credited), Curricular units 1st sem (enrolled), Curricular units 1st sem (evaluations), Curricular units 1st sem (grade), Curricular units 1st sem (without evaluations), Curricular units 2nd sem (approved), Curricular units 2nd sem (credited), Curricular units 2nd sem (enrolled), Curricular units 2nd sem (evaluations), Curricular units 2nd sem (grade), Curricular units 2nd sem (without evaluations), Daytime/evening attendance, Debtor, Displaced, Educational special needs, Father's occupation, Father's qualification, GDP, Gender, Inflation rate, International, Marital status, Mother's occupation, Mother's qualification, Nacionality, Previous qualification, Previous qualification (grade), Scholarship_holder, Target, Tuition fees up to date, Unemployment rate
