2025-05-08 11:34:10,449 - INFO - Loaded config file: configs/generated_configs/censusIncome/censusIncome_anon_k18_sl0p05_l2.yaml
2025-05-08 11:34:10,450 - INFO -  Benchmarking started for dataset: censusIncome
2025-05-08 11:34:10,450 - INFO - Using dataset path: /mnt/NVMETank/Projects/Students/Dele/A-STUDY-INTO-THE-QUALITY-AND-USABILITY-OF-PRIVACY-FRIENDLY-SYNTHETIC-DATA/datasets/original/censusIncome.csv
2025-05-08 11:34:10,450 - INFO - Target column: income, separator: ','
2025-05-08 11:34:10,450 - INFO - Configuration loaded: enable_anonymization = True, enable_synthesis = False, enable_hybrid = False, enable_utility = True, delete_after_evaluation = False
2025-05-08 11:34:10,450 - INFO - Running preprocessing...
2025-05-08 11:34:10,458 - INFO -  [PREPROCESSING] Preprocessed files found. Skipping preprocessing.
2025-05-08 11:34:10,748 - INFO - Preprocessing completed. Rows before: 48842, after: 39073
2025-05-08 11:34:10,748 - INFO - Preprocessed data saved to: outputs/batch/censusIncome_batch_2025-05-08_10-04-54/censusIncome_anon_k18_sl0p05_l2/preprocessing_report.txt
2025-05-08 11:34:10,748 - INFO - enable_anonymization = True
2025-05-08 11:34:10,748 - INFO - Starting Anonymization Pipeline with output path: /mnt/NVMETank/Projects/Students/Dele/A-STUDY-INTO-THE-QUALITY-AND-USABILITY-OF-PRIVACY-FRIENDLY-SYNTHETIC-DATA/datasets/anonymized/censusIncome_k18_l2_sup05_anonymized.csv.......
2025-05-08 11:34:10,758 - INFO -  [ANONYMIZATION] Executing run_anonymization, config_path : configs/generated_configs/censusIncome/censusIncome_anon_k18_sl0p05_l2.yaml...........
2025-05-08 11:34:10,758 - INFO -  [ANONYMIZATION] Using JAR file at /mnt/NVMETank/Projects/Students/Dele/A-STUDY-INTO-THE-QUALITY-AND-USABILITY-OF-PRIVACY-FRIENDLY-SYNTHETIC-DATA/src/anonymization/anonymARXij/bin/anonymARXij.jar to anonymize the dataset.
2025-05-08 11:34:17,320 - INFO -  [ANONYMIZATION] Anonimized file saved to : /mnt/NVMETank/Projects/Students/Dele/A-STUDY-INTO-THE-QUALITY-AND-USABILITY-OF-PRIVACY-FRIENDLY-SYNTHETIC-DATA/datasets/anonymized/censusIncome_k18_l2_sup05_anonymized.csv
2025-05-08 11:34:17,320 - INFO -  [ANONYMIZATION] Java anonymization completed successfully.
2025-05-08 11:34:17,320 - INFO -  [ANONYMIZATION] Java STDOUT:
📄 Java received config path: /mnt/NVMETank/Projects/Students/Dele/A-STUDY-INTO-THE-QUALITY-AND-USABILITY-OF-PRIVACY-FRIENDLY-SYNTHETIC-DATA/configs/generated_configs/censusIncome/censusIncome_anon_k18_sl0p05_l2.yaml
🔹 Loading config from: /mnt/NVMETank/Projects/Students/Dele/A-STUDY-INTO-THE-QUALITY-AND-USABILITY-OF-PRIVACY-FRIENDLY-SYNTHETIC-DATA/configs/generated_configs/censusIncome/censusIncome_anon_k18_sl0p05_l2.yaml
Loading config from: /mnt/NVMETank/Projects/Students/Dele/A-STUDY-INTO-THE-QUALITY-AND-USABILITY-OF-PRIVACY-FRIENDLY-SYNTHETIC-DATA/configs/generated_configs/censusIncome/censusIncome_anon_k18_sl0p05_l2.yaml
📂 Dataset Path (from args): /mnt/NVMETank/Projects/Students/Dele/A-STUDY-INTO-THE-QUALITY-AND-USABILITY-OF-PRIVACY-FRIENDLY-SYNTHETIC-DATA/datasets/train/censusIncome_train_raw.csv
🔹 Dataset Separator: ,
🔹 Suppression Limit: 0.05

🔹 Configured Attributes:
  ✅ Quasi-Identifier: age
  ✅ Quasi-Identifier: education
  ✅ Quasi-Identifier: workclass
  ✅ Quasi-Identifier: marital-status
  ✅ Quasi-Identifier: occupation
  ✅ Quasi-Identifier: race
  ✅ Quasi-Identifier: sex
  ✅ Quasi-Identifier: native-country
  ✅ Sensitive Attribute: income
  ✅ Insensitive Attribute: fnlwgt
  ✅ Insensitive Attribute: hours-per-week
  ✅ Insensitive Attribute: capital-gain
  ✅ Insensitive Attribute: capital-loss
  ✅ Insensitive Attribute: relationship
  ✅ Insensitive Attribute: education-num

🔹 Defined Hierarchies:
  ✅ education -> /mnt/NVMETank/Projects/Students/Dele/A-STUDY-INTO-THE-QUALITY-AND-USABILITY-OF-PRIVACY-FRIENDLY-SYNTHETIC-DATA/src/anonymization/anonymARXij/src/hierarchies_censusIncome/education.csv
  ✅ occupation -> /mnt/NVMETank/Projects/Students/Dele/A-STUDY-INTO-THE-QUALITY-AND-USABILITY-OF-PRIVACY-FRIENDLY-SYNTHETIC-DATA/src/anonymization/anonymARXij/src/hierarchies_censusIncome/occupation.csv
  ✅ workclass -> /mnt/NVMETank/Projects/Students/Dele/A-STUDY-INTO-THE-QUALITY-AND-USABILITY-OF-PRIVACY-FRIENDLY-SYNTHETIC-DATA/src/anonymization/anonymARXij/src/hierarchies_censusIncome/workclass.csv
  ✅ native-country -> /mnt/NVMETank/Projects/Students/Dele/A-STUDY-INTO-THE-QUALITY-AND-USABILITY-OF-PRIVACY-FRIENDLY-SYNTHETIC-DATA/src/anonymization/anonymARXij/src/hierarchies_censusIncome/native-country.csv
  ✅ race -> /mnt/NVMETank/Projects/Students/Dele/A-STUDY-INTO-THE-QUALITY-AND-USABILITY-OF-PRIVACY-FRIENDLY-SYNTHETIC-DATA/src/anonymization/anonymARXij/src/hierarchies_censusIncome/race.csv
  ✅ sex -> /mnt/NVMETank/Projects/Students/Dele/A-STUDY-INTO-THE-QUALITY-AND-USABILITY-OF-PRIVACY-FRIENDLY-SYNTHETIC-DATA/src/anonymization/anonymARXij/src/hierarchies_censusIncome/sex.csv
  ✅ marital-status -> /mnt/NVMETank/Projects/Students/Dele/A-STUDY-INTO-THE-QUALITY-AND-USABILITY-OF-PRIVACY-FRIENDLY-SYNTHETIC-DATA/src/anonymization/anonymARXij/src/hierarchies_censusIncome/marital-status.csv
  ✅ age -> /mnt/NVMETank/Projects/Students/Dele/A-STUDY-INTO-THE-QUALITY-AND-USABILITY-OF-PRIVACY-FRIENDLY-SYNTHETIC-DATA/src/anonymization/anonymARXij/src/hierarchies_censusIncome/age.csv
Java is searching for hierarchy file at: /mnt/NVMETank/Projects/Students/Dele/A-STUDY-INTO-THE-QUALITY-AND-USABILITY-OF-PRIVACY-FRIENDLY-SYNTHETIC-DATA/src/anonymization/anonymARXij/src/hierarchies_censusIncome/education.csv
Java is searching for hierarchy file at: /mnt/NVMETank/Projects/Students/Dele/A-STUDY-INTO-THE-QUALITY-AND-USABILITY-OF-PRIVACY-FRIENDLY-SYNTHETIC-DATA/src/anonymization/anonymARXij/src/hierarchies_censusIncome/occupation.csv
Java is searching for hierarchy file at: /mnt/NVMETank/Projects/Students/Dele/A-STUDY-INTO-THE-QUALITY-AND-USABILITY-OF-PRIVACY-FRIENDLY-SYNTHETIC-DATA/src/anonymization/anonymARXij/src/hierarchies_censusIncome/workclass.csv
Java is searching for hierarchy file at: /mnt/NVMETank/Projects/Students/Dele/A-STUDY-INTO-THE-QUALITY-AND-USABILITY-OF-PRIVACY-FRIENDLY-SYNTHETIC-DATA/src/anonymization/anonymARXij/src/hierarchies_censusIncome/native-country.csv
Java is searching for hierarchy file at: /mnt/NVMETank/Projects/Students/Dele/A-STUDY-INTO-THE-QUALITY-AND-USABILITY-OF-PRIVACY-FRIENDLY-SYNTHETIC-DATA/src/anonymization/anonymARXij/src/hierarchies_censusIncome/race.csv
Java is searching for hierarchy file at: /mnt/NVMETank/Projects/Students/Dele/A-STUDY-INTO-THE-QUALITY-AND-USABILITY-OF-PRIVACY-FRIENDLY-SYNTHETIC-DATA/src/anonymization/anonymARXij/src/hierarchies_censusIncome/sex.csv
Java is searching for hierarchy file at: /mnt/NVMETank/Projects/Students/Dele/A-STUDY-INTO-THE-QUALITY-AND-USABILITY-OF-PRIVACY-FRIENDLY-SYNTHETIC-DATA/src/anonymization/anonymARXij/src/hierarchies_censusIncome/marital-status.csv
Java is searching for hierarchy file at: /mnt/NVMETank/Projects/Students/Dele/A-STUDY-INTO-THE-QUALITY-AND-USABILITY-OF-PRIVACY-FRIENDLY-SYNTHETIC-DATA/src/anonymization/anonymARXij/src/hierarchies_censusIncome/age.csv
✓ Applied Distinct L-Diversity on: income (l=2)
🔹 Privacy Models Configured
📂 Anonymized Output Path (from args): /mnt/NVMETank/Projects/Students/Dele/A-STUDY-INTO-THE-QUALITY-AND-USABILITY-OF-PRIVACY-FRIENDLY-SYNTHETIC-DATA/datasets/anonymized/censusIncome_k18_l2_sup05_anonymized.csv
📂 Anonymized Output Path: /mnt/NVMETank/Projects/Students/Dele/A-STUDY-INTO-THE-QUALITY-AND-USABILITY-OF-PRIVACY-FRIENDLY-SYNTHETIC-DATA/datasets/anonymized/censusIncome_k18_l2_sup05_anonymized.csv
✅ Anonymization completed. Output saved to: /mnt/NVMETank/Projects/Students/Dele/A-STUDY-INTO-THE-QUALITY-AND-USABILITY-OF-PRIVACY-FRIENDLY-SYNTHETIC-DATA/datasets/anonymized/censusIncome_k18_l2_sup05_anonymized.csv
Anonymized Data Quality Metrics:
 - Ambiguity: 0.9511363389352393
 - AECS: 0.9954020482751759
 - Discernibility: 0.9301316761350203
 - Granularity: 0.6693666603274244
 - MSE: 0.7892322939133982
 - Non-Uniform Entropy: 0.3944254206057207
 - Precision: 0.4540265290974659
 - Record-level SE: 0.592371712052561
Equivalence Class Statistics:
 - Number of Classes: 205
 - Average Class Size: 181.3560975609756
Suppression Statistics:
 - Suppressed Records: 1895
 - Suppression Percentage: 4.85%
2025-05-08 11:34:17,320 - INFO - Anonymized data saved to: /mnt/NVMETank/Projects/Students/Dele/A-STUDY-INTO-THE-QUALITY-AND-USABILITY-OF-PRIVACY-FRIENDLY-SYNTHETIC-DATA/datasets/anonymized/censusIncome_k18_l2_sup05_anonymized.csv
2025-05-08 11:34:17,458 - INFO - Anonymous data report saved at: outputs/batch/censusIncome_batch_2025-05-08_10-04-54/censusIncome_anon_k18_sl0p05_l2/anonymous_data_report.txt
2025-05-08 11:34:17,458 - INFO -  [POSTPROCESSING] Postprocessing anonymized data: /mnt/NVMETank/Projects/Students/Dele/A-STUDY-INTO-THE-QUALITY-AND-USABILITY-OF-PRIVACY-FRIENDLY-SYNTHETIC-DATA/datasets/anonymized/censusIncome_k18_l2_sup05_anonymized.csv
2025-05-08 11:34:17,498 - INFO -  [POSTPROCESSING] Loaded anonymized data: (39073, 15)
2025-05-08 11:34:17,585 - INFO -  [POSTPROCESSING] Loaded fallback maps from training data. Categorical cols: 9, Numeric cols: 6
2025-05-08 11:34:17,585 - INFO -  [POSTPROCESSING] Normalizing anonymized data using ARX artifact cleaning and fallback values.
2025-05-08 11:34:18,816 - INFO -  [POSTPROCESSING] Normalized anonymized data saved to: /mnt/NVMETank/Projects/Students/Dele/A-STUDY-INTO-THE-QUALITY-AND-USABILITY-OF-PRIVACY-FRIENDLY-SYNTHETIC-DATA/datasets/anonymized/censusIncome_k18_l2_sup05_anonymized_processed.csv
2025-05-08 11:34:18,950 - INFO -  [POSTPROCESSING] Binary Encoding applied to anonymized data. Encoded shape: (39073, 37)
2025-05-08 11:34:19,119 - INFO -  [POSTPROCESSING] Encoded anonymized dataset saved to: /mnt/NVMETank/Projects/Students/Dele/A-STUDY-INTO-THE-QUALITY-AND-USABILITY-OF-PRIVACY-FRIENDLY-SYNTHETIC-DATA/datasets/anonymized/censusIncome_k18_l2_sup05_anonymized_encoded.csv
2025-05-08 11:34:19,119 - INFO -  [POSTPROCESSING] Encoding map generated for anonymized data: 0 original categorical columns.
2025-05-08 11:34:19,123 - INFO - Postprocessing report saved at: outputs/batch/censusIncome_batch_2025-05-08_10-04-54/censusIncome_anon_k18_sl0p05_l2/postprocessing_report.txt
2025-05-08 11:34:19,123 - INFO - enable_synthetic_generation = False
2025-05-08 11:34:19,123 - INFO - Synthetic Data Generation Skipped (Disabled in Configuration).
2025-05-08 11:34:19,123 - INFO - Hybrid Pipeline skipped (disabled in configuration).
2025-05-08 11:34:19,123 - INFO - Starting Utility...
2025-05-08 11:34:19,123 - INFO - [UTILITY] Preparing datasets for machine learning...
2025-05-08 11:34:19,126 - INFO - [UTILITY] Original Data - Training Size: 39073, Testing Size: 9769
2025-05-08 11:34:19,128 - INFO - [UTILITY] Target class distribution (Original): {'<=50K': 19775, '<=50K.': 9948, '>50K': 6273, '>50K.': 3077}
2025-05-08 11:34:19,129 - INFO - [UTILITY] Processing anonymized dataset...
2025-05-08 11:34:19,132 - INFO - [UTILITY] Anonymized Data - Training Size: 39073
2025-05-08 11:34:19,133 - INFO - [UTILITY] Target class distribution (Anonymous): {'<=50K': 19775, '<=50K.': 9948, '>50K': 6273, '>50K.': 3077}
2025-05-08 11:34:19,133 - INFO - [UTILITY] Training models on all datasets...
2025-05-08 11:34:19,133 - INFO - [UTILITY] Total datasets used for training: 2
2025-05-08 11:34:19,133 - INFO - [TRAINING] Training models from scratch...
2025-05-08 11:34:19,134 - INFO - [TRAINING] Starting training for dataset: Original — Rows: 39073, Features: 36
2025-05-08 11:34:19,134 - INFO - [TRAINING] Training DecisionTree on Original...
2025-05-08 11:34:19,527 - INFO - [TRAINING] DecisionTree trained successfully on Original in 0.39 sec
2025-05-08 11:34:19,527 - INFO - [TRAINING] Training KNN on Original...
2025-05-08 11:34:19,553 - INFO - [TRAINING] KNN trained successfully on Original in 0.03 sec
2025-05-08 11:34:19,554 - INFO - [TRAINING] Training LogisticRegression on Original...
2025-05-08 11:34:20,358 - INFO - [TRAINING] LogisticRegression trained successfully on Original in 0.80 sec
2025-05-08 11:34:20,359 - INFO - [TRAINING] Training RandomForest on Original...
2025-05-08 11:34:26,011 - INFO - [TRAINING] RandomForest trained successfully on Original in 5.65 sec
2025-05-08 11:34:26,011 - INFO - [TRAINING] Training SVM on Original...
2025-05-08 11:36:00,502 - INFO - [TRAINING] SVM trained successfully on Original in 94.49 sec
2025-05-08 11:36:00,502 - INFO - [TRAINING] Finished training 5 model(s) for dataset: Original
2025-05-08 11:36:00,502 - INFO - [TRAINING] Starting training for dataset: Anonymous — Rows: 39073, Features: 36
2025-05-08 11:36:00,502 - INFO - [TRAINING] Training DecisionTree on Anonymous...
2025-05-08 11:36:01,024 - INFO - [TRAINING] DecisionTree trained successfully on Anonymous in 0.52 sec
2025-05-08 11:36:01,025 - INFO - [TRAINING] Training KNN on Anonymous...
2025-05-08 11:36:01,129 - INFO - [TRAINING] KNN trained successfully on Anonymous in 0.10 sec
2025-05-08 11:36:01,129 - INFO - [TRAINING] Training LogisticRegression on Anonymous...
2025-05-08 11:36:03,624 - INFO - [TRAINING] LogisticRegression trained successfully on Anonymous in 2.49 sec
2025-05-08 11:36:03,624 - INFO - [TRAINING] Training RandomForest on Anonymous...
2025-05-08 11:36:10,914 - INFO - [TRAINING] RandomForest trained successfully on Anonymous in 7.29 sec
2025-05-08 11:36:10,914 - INFO - [TRAINING] Training SVM on Anonymous...
2025-05-08 11:38:23,591 - INFO - [TRAINING] SVM trained successfully on Anonymous in 132.68 sec
2025-05-08 11:38:23,591 - INFO - [TRAINING] Finished training 5 model(s) for dataset: Anonymous
2025-05-08 11:38:23,595 - INFO - [TRAINING] Total models trained across all datasets: 10
2025-05-08 11:38:23,595 - INFO - [UTILITY] Trained model names: ['Original', 'Anonymous']
2025-05-08 11:38:23,595 - INFO - [UTILITY] Model Training Completed.
2025-05-08 11:38:23,595 - INFO - Starting the Evaluating of models...
2025-05-08 11:38:23,595 - INFO - Preparing evaluation for model 'DecisionTree' across all datasets...
2025-05-08 11:38:23,595 - INFO - Evaluating DecisionTree on Original...
2025-05-08 11:38:23,600 - INFO - Predictions completed for DecisionTree on Original
2025-05-08 11:38:23,605 - INFO - Prediction distribution for DecisionTree on Original: {'<=50K': 4713, '<=50K.': 2549, '>50K': 1647, '>50K.': 860}
2025-05-08 11:38:23,791 - INFO - Computed 8 metric(s) for DecisionTree on Original
2025-05-08 11:38:23,791 - INFO - Evaluating DecisionTree on Anonymous...
2025-05-08 11:38:23,796 - INFO - Predictions completed for DecisionTree on Anonymous
2025-05-08 11:38:23,797 - INFO - Prediction distribution for DecisionTree on Anonymous: {'<=50K': 4095, '<=50K.': 2271, '>50K': 2148, '>50K.': 1255}
2025-05-08 11:38:23,967 - INFO - Computed 8 metric(s) for DecisionTree on Anonymous
2025-05-08 11:38:23,967 - INFO - Preparing evaluation for model 'KNN' across all datasets...
2025-05-08 11:38:23,968 - INFO - Evaluating KNN on Original...
2025-05-08 11:38:28,536 - INFO - Predictions completed for KNN on Original
2025-05-08 11:38:28,537 - INFO - Prediction distribution for KNN on Original: {'<=50K': 7038, '<=50K.': 1542, '>50K': 1005, '>50K.': 184}
2025-05-08 11:38:37,391 - INFO - Computed 8 metric(s) for KNN on Original
2025-05-08 11:38:37,392 - INFO - Evaluating KNN on Anonymous...
2025-05-08 11:38:42,290 - INFO - Predictions completed for KNN on Anonymous
2025-05-08 11:38:42,291 - INFO - Prediction distribution for KNN on Anonymous: {'<=50K': 7093, '<=50K.': 1591, '>50K': 910, '>50K.': 175}
2025-05-08 11:38:49,871 - INFO - Computed 8 metric(s) for KNN on Anonymous
2025-05-08 11:38:49,871 - INFO - Preparing evaluation for model 'LogisticRegression' across all datasets...
2025-05-08 11:38:49,871 - INFO - Evaluating LogisticRegression on Original...
2025-05-08 11:38:49,882 - INFO - Predictions completed for LogisticRegression on Original
2025-05-08 11:38:49,884 - INFO - Prediction distribution for LogisticRegression on Original: {'<=50K': 7883, '>50K': 1884, '>50K.': 2}
2025-05-08 11:38:49,920 - WARNING - [UndefinedMetricWarning] Precision is ill-defined and being set to 0.0 in labels with no predicted samples. Use `zero_division` parameter to control this behavior. (from /mnt/NVMETank/Projects/Students/Dele/A-STUDY-INTO-THE-QUALITY-AND-USABILITY-OF-PRIVACY-FRIENDLY-SYNTHETIC-DATA/.venv/lib/python3.12/site-packages/sklearn/metrics/_classification.py:1565)
2025-05-08 11:38:49,950 - WARNING - [UndefinedMetricWarning] Precision is ill-defined and being set to 0.0 in labels with no predicted samples. Use `zero_division` parameter to control this behavior. (from /mnt/NVMETank/Projects/Students/Dele/A-STUDY-INTO-THE-QUALITY-AND-USABILITY-OF-PRIVACY-FRIENDLY-SYNTHETIC-DATA/.venv/lib/python3.12/site-packages/sklearn/metrics/_classification.py:1565)
2025-05-08 11:38:49,980 - WARNING - [UndefinedMetricWarning] Precision is ill-defined and being set to 0.0 in labels with no predicted samples. Use `zero_division` parameter to control this behavior. (from /mnt/NVMETank/Projects/Students/Dele/A-STUDY-INTO-THE-QUALITY-AND-USABILITY-OF-PRIVACY-FRIENDLY-SYNTHETIC-DATA/.venv/lib/python3.12/site-packages/sklearn/metrics/_classification.py:1565)
2025-05-08 11:38:50,095 - INFO - Computed 8 metric(s) for LogisticRegression on Original
2025-05-08 11:38:50,096 - INFO - Evaluating LogisticRegression on Anonymous...
2025-05-08 11:38:50,102 - INFO - Predictions completed for LogisticRegression on Anonymous
2025-05-08 11:38:50,103 - INFO - Prediction distribution for LogisticRegression on Anonymous: {'<=50K': 8610, '>50K': 1159}
2025-05-08 11:38:50,136 - WARNING - [UndefinedMetricWarning] Precision is ill-defined and being set to 0.0 in labels with no predicted samples. Use `zero_division` parameter to control this behavior. (from /mnt/NVMETank/Projects/Students/Dele/A-STUDY-INTO-THE-QUALITY-AND-USABILITY-OF-PRIVACY-FRIENDLY-SYNTHETIC-DATA/.venv/lib/python3.12/site-packages/sklearn/metrics/_classification.py:1565)
2025-05-08 11:38:50,173 - WARNING - [UndefinedMetricWarning] Precision is ill-defined and being set to 0.0 in labels with no predicted samples. Use `zero_division` parameter to control this behavior. (from /mnt/NVMETank/Projects/Students/Dele/A-STUDY-INTO-THE-QUALITY-AND-USABILITY-OF-PRIVACY-FRIENDLY-SYNTHETIC-DATA/.venv/lib/python3.12/site-packages/sklearn/metrics/_classification.py:1565)
2025-05-08 11:38:50,209 - WARNING - [UndefinedMetricWarning] Precision is ill-defined and being set to 0.0 in labels with no predicted samples. Use `zero_division` parameter to control this behavior. (from /mnt/NVMETank/Projects/Students/Dele/A-STUDY-INTO-THE-QUALITY-AND-USABILITY-OF-PRIVACY-FRIENDLY-SYNTHETIC-DATA/.venv/lib/python3.12/site-packages/sklearn/metrics/_classification.py:1565)
2025-05-08 11:38:50,327 - INFO - Computed 8 metric(s) for LogisticRegression on Anonymous
2025-05-08 11:38:50,327 - INFO - Preparing evaluation for model 'RandomForest' across all datasets...
2025-05-08 11:38:50,327 - INFO - Evaluating RandomForest on Original...
2025-05-08 11:38:50,621 - INFO - Predictions completed for RandomForest on Original
2025-05-08 11:38:50,622 - INFO - Prediction distribution for RandomForest on Original: {'<=50K': 6617, '>50K': 1677, '<=50K.': 1121, '>50K.': 354}
2025-05-08 11:38:51,797 - INFO - Computed 8 metric(s) for RandomForest on Original
2025-05-08 11:38:51,797 - INFO - Evaluating RandomForest on Anonymous...
2025-05-08 11:38:52,292 - INFO - Predictions completed for RandomForest on Anonymous
2025-05-08 11:38:52,297 - INFO - Prediction distribution for RandomForest on Anonymous: {'<=50K': 7019, '>50K': 1427, '<=50K.': 1020, '>50K.': 303}
2025-05-08 11:38:53,265 - INFO - Computed 8 metric(s) for RandomForest on Anonymous
2025-05-08 11:38:53,265 - INFO - Preparing evaluation for model 'SVM' across all datasets...
2025-05-08 11:38:53,265 - INFO - Evaluating SVM on Original...
2025-05-08 11:39:11,067 - INFO - Predictions completed for SVM on Original
2025-05-08 11:39:11,068 - INFO - Prediction distribution for SVM on Original: {'<=50K': 9395, '>50K': 374}
2025-05-08 11:39:11,090 - WARNING - [UndefinedMetricWarning] Precision is ill-defined and being set to 0.0 in labels with no predicted samples. Use `zero_division` parameter to control this behavior. (from /mnt/NVMETank/Projects/Students/Dele/A-STUDY-INTO-THE-QUALITY-AND-USABILITY-OF-PRIVACY-FRIENDLY-SYNTHETIC-DATA/.venv/lib/python3.12/site-packages/sklearn/metrics/_classification.py:1565)
2025-05-08 11:39:11,108 - WARNING - [UndefinedMetricWarning] Precision is ill-defined and being set to 0.0 in labels with no predicted samples. Use `zero_division` parameter to control this behavior. (from /mnt/NVMETank/Projects/Students/Dele/A-STUDY-INTO-THE-QUALITY-AND-USABILITY-OF-PRIVACY-FRIENDLY-SYNTHETIC-DATA/.venv/lib/python3.12/site-packages/sklearn/metrics/_classification.py:1565)
2025-05-08 11:39:11,126 - WARNING - [UndefinedMetricWarning] Precision is ill-defined and being set to 0.0 in labels with no predicted samples. Use `zero_division` parameter to control this behavior. (from /mnt/NVMETank/Projects/Students/Dele/A-STUDY-INTO-THE-QUALITY-AND-USABILITY-OF-PRIVACY-FRIENDLY-SYNTHETIC-DATA/.venv/lib/python3.12/site-packages/sklearn/metrics/_classification.py:1565)
2025-05-08 11:39:11,142 - INFO - Computed 8 metric(s) for SVM on Original
2025-05-08 11:39:11,142 - INFO - Evaluating SVM on Anonymous...
2025-05-08 11:39:34,025 - INFO - Predictions completed for SVM on Anonymous
2025-05-08 11:39:34,027 - INFO - Prediction distribution for SVM on Anonymous: {'<=50K': 9395, '>50K': 374}
2025-05-08 11:39:34,061 - WARNING - [UndefinedMetricWarning] Precision is ill-defined and being set to 0.0 in labels with no predicted samples. Use `zero_division` parameter to control this behavior. (from /mnt/NVMETank/Projects/Students/Dele/A-STUDY-INTO-THE-QUALITY-AND-USABILITY-OF-PRIVACY-FRIENDLY-SYNTHETIC-DATA/.venv/lib/python3.12/site-packages/sklearn/metrics/_classification.py:1565)
2025-05-08 11:39:34,089 - WARNING - [UndefinedMetricWarning] Precision is ill-defined and being set to 0.0 in labels with no predicted samples. Use `zero_division` parameter to control this behavior. (from /mnt/NVMETank/Projects/Students/Dele/A-STUDY-INTO-THE-QUALITY-AND-USABILITY-OF-PRIVACY-FRIENDLY-SYNTHETIC-DATA/.venv/lib/python3.12/site-packages/sklearn/metrics/_classification.py:1565)
2025-05-08 11:39:34,117 - WARNING - [UndefinedMetricWarning] Precision is ill-defined and being set to 0.0 in labels with no predicted samples. Use `zero_division` parameter to control this behavior. (from /mnt/NVMETank/Projects/Students/Dele/A-STUDY-INTO-THE-QUALITY-AND-USABILITY-OF-PRIVACY-FRIENDLY-SYNTHETIC-DATA/.venv/lib/python3.12/site-packages/sklearn/metrics/_classification.py:1565)
2025-05-08 11:39:34,140 - INFO - Computed 8 metric(s) for SVM on Anonymous
2025-05-08 11:39:34,146 - INFO - Evaluation completed for all models.
2025-05-08 11:39:34,146 - INFO - Model evaluation completed in 70.55 seconds.
2025-05-08 11:39:34,149 - INFO - Evaluated models: ['DecisionTree', 'KNN', 'LogisticRegression', 'RandomForest', 'SVM']
2025-05-08 11:39:34,149 - INFO - Model Training and Evaluation completed.
2025-05-08 11:39:34,913 - INFO -  Visualizations saved.
2025-05-08 11:39:34,913 - INFO -  Benchmarking Completed. Results saved in output folder.
