2025-04-13 08:22:09,274 - INFO - Loaded config file: configs/generated_configs/crimeData/crimeData_synth_ep25.yaml
2025-04-13 08:22:09,275 - INFO -  Benchmarking started for dataset: crimeData
2025-04-13 08:22:09,275 - INFO - Configuration loaded: enable_anonymization = False, enable_synthesis = True
2025-04-13 08:22:09,275 - INFO - Running preprocessing...
2025-04-13 08:22:09,279 - INFO - Preprocessed files found. Skipping preprocessing.
2025-04-13 08:22:11,664 - INFO - Preprocessing completed. Rows before: 974477, after: 260402
2025-04-13 08:22:11,664 - INFO - enable_anonymization = None
2025-04-13 08:22:11,664 - INFO - Anonymization Skipped (Disabled in Configuration).
2025-04-13 08:22:11,664 - INFO - enable_synthetic_generation = True
2025-04-13 08:22:11,665 - INFO - Starting Synthetic Data Generation Pipeline...
2025-04-13 08:22:11,885 - INFO - Detected metadata:
2025-04-13 08:22:11,886 - INFO - {
    "primary_key": "DR_NO",
    "METADATA_SPEC_VERSION": "SINGLE_TABLE_V1",
    "columns": {
        "DR_NO": {
            "sdtype": "id"
        },
        "Date_occured_0": {
            "sdtype": "categorical"
        },
        "Date_occured_1": {
            "sdtype": "categorical"
        },
        "Date_occured_2": {
            "sdtype": "categorical"
        },
        "Date_occured_3": {
            "sdtype": "categorical"
        },
        "Date_occured_4": {
            "sdtype": "categorical"
        },
        "Date_occured_5": {
            "sdtype": "categorical"
        },
        "Date_occured_6": {
            "sdtype": "categorical"
        },
        "Date_occured_7": {
            "sdtype": "categorical"
        },
        "Date_occured_8": {
            "sdtype": "categorical"
        },
        "Date_occured_9": {
            "sdtype": "categorical"
        },
        "Date_occured_10": {
            "sdtype": "categorical"
        },
        "Time_occured": {
            "sdtype": "numerical"
        },
        "Crime_Code_0": {
            "sdtype": "categorical"
        },
        "Crime_Code_1": {
            "sdtype": "categorical"
        },
        "Crime_Code_2": {
            "sdtype": "categorical"
        },
        "Crime_Code_3": {
            "sdtype": "categorical"
        },
        "Crime_Code_4": {
            "sdtype": "categorical"
        },
        "Crime_Code_5": {
            "sdtype": "categorical"
        },
        "Crime_Code_6": {
            "sdtype": "categorical"
        },
        "Victim_age": {
            "sdtype": "numerical"
        },
        "Victim_sex_1": {
            "sdtype": "categorical"
        },
        "Victim_sex_2": {
            "sdtype": "categorical"
        },
        "Victim_descent_0": {
            "sdtype": "categorical"
        },
        "Victim_descent_1": {
            "sdtype": "categorical"
        },
        "Victim_descent_2": {
            "sdtype": "categorical"
        },
        "Victim_descent_3": {
            "sdtype": "categorical"
        },
        "Victim_descent_4": {
            "sdtype": "categorical"
        },
        "Premis_0": {
            "sdtype": "categorical"
        },
        "Premis_1": {
            "sdtype": "categorical"
        },
        "Premis_2": {
            "sdtype": "categorical"
        },
        "Premis_3": {
            "sdtype": "categorical"
        },
        "Premis_4": {
            "sdtype": "categorical"
        },
        "Premis_5": {
            "sdtype": "categorical"
        },
        "Premis_6": {
            "sdtype": "categorical"
        },
        "Premis_7": {
            "sdtype": "categorical"
        },
        "Premis_8": {
            "sdtype": "categorical"
        },
        "Weapon_0": {
            "sdtype": "categorical"
        },
        "Weapon_1": {
            "sdtype": "categorical"
        },
        "Weapon_2": {
            "sdtype": "categorical"
        },
        "Weapon_3": {
            "sdtype": "categorical"
        },
        "Weapon_4": {
            "sdtype": "categorical"
        },
        "Weapon_5": {
            "sdtype": "categorical"
        },
        "Weapon_6": {
            "sdtype": "categorical"
        },
        "Status": {
            "sdtype": "categorical"
        },
        "LAT": {
            "sdtype": "numerical"
        },
        "LON": {
            "sdtype": "numerical"
        }
    }
}
2025-04-13 08:22:11,891 - INFO - {'EVENT': 'Instance', 'TIMESTAMP': datetime.datetime(2025, 4, 13, 8, 22, 11, 891450), 'SYNTHESIZER CLASS NAME': 'CTGANSynthesizer', 'SYNTHESIZER ID': 'CTGANSynthesizer_1.18.0_170d347df5674c7a89fd4cde98233225'}
2025-04-13 08:22:11,891 - INFO - {'EVENT': 'Fit', 'TIMESTAMP': datetime.datetime(2025, 4, 13, 8, 22, 11, 891581), 'SYNTHESIZER CLASS NAME': 'CTGANSynthesizer', 'SYNTHESIZER ID': 'CTGANSynthesizer_1.18.0_170d347df5674c7a89fd4cde98233225', 'TOTAL NUMBER OF TABLES': 1, 'TOTAL NUMBER OF ROWS': 260402, 'TOTAL NUMBER OF COLUMNS': 47}
2025-04-13 08:22:12,191 - INFO - Fitting table  metadata
2025-04-13 08:22:12,214 - INFO - Fitting formatters for table 
2025-04-13 08:22:12,223 - INFO - Fitting constraints for table 
2025-04-13 08:22:12,223 - INFO - Setting the configuration for the ``HyperTransformer`` for table 
2025-04-13 08:22:12,225 - INFO - Fitting HyperTransformer for table 
2025-04-13 08:22:13,059 - INFO - {'EVENT': 'Fit processed data', 'TIMESTAMP': datetime.datetime(2025, 4, 13, 8, 22, 13, 59930), 'SYNTHESIZER CLASS NAME': 'CTGANSynthesizer', 'SYNTHESIZER ID': 'CTGANSynthesizer_1.18.0_170d347df5674c7a89fd4cde98233225', 'TOTAL NUMBER OF TABLES': 1, 'TOTAL NUMBER OF ROWS': 260402, 'TOTAL NUMBER OF COLUMNS': 46}
2025-04-13 08:22:13,154 - INFO - Guidance: There are no missing values in column Time_occured. Extra column not created.
2025-04-13 08:22:45,191 - INFO - Guidance: There are no missing values in column Victim_age. Extra column not created.
2025-04-13 08:23:18,929 - INFO - Guidance: There are no missing values in column LAT. Extra column not created.
2025-04-13 08:23:51,295 - INFO - Guidance: There are no missing values in column LON. Extra column not created.
2025-04-13 10:03:04,150 - INFO - {'EVENT': 'Save', 'TIMESTAMP': datetime.datetime(2025, 4, 13, 10, 3, 4, 150152), 'SYNTHESIZER CLASS NAME': 'CTGANSynthesizer', 'SYNTHESIZER ID': 'CTGANSynthesizer_1.18.0_170d347df5674c7a89fd4cde98233225'}
2025-04-13 10:03:04,238 - INFO - {'EVENT': 'Load', 'TIMESTAMP': datetime.datetime(2025, 4, 13, 10, 3, 4, 238144), 'SYNTHESIZER CLASS NAME': 'GaussianCopulaSynthesizer', 'SYNTHESIZER ID': 'GaussianCopulaSynthesizer_1.18.0_9b4e804bffb24d3bad984a8981785f29'}
2025-04-13 10:03:04,240 - INFO - {'EVENT': 'Instance', 'TIMESTAMP': datetime.datetime(2025, 4, 13, 10, 3, 4, 240964), 'SYNTHESIZER CLASS NAME': 'TVAESynthesizer', 'SYNTHESIZER ID': 'TVAESynthesizer_1.18.0_c57f109bfc0243b49ab09ce78c74eb56'}
2025-04-13 10:03:04,241 - INFO - {'EVENT': 'Fit', 'TIMESTAMP': datetime.datetime(2025, 4, 13, 10, 3, 4, 241081), 'SYNTHESIZER CLASS NAME': 'TVAESynthesizer', 'SYNTHESIZER ID': 'TVAESynthesizer_1.18.0_c57f109bfc0243b49ab09ce78c74eb56', 'TOTAL NUMBER OF TABLES': 1, 'TOTAL NUMBER OF ROWS': 260402, 'TOTAL NUMBER OF COLUMNS': 47}
2025-04-13 10:03:04,536 - INFO - Fitting table  metadata
2025-04-13 10:03:04,576 - INFO - Fitting formatters for table 
2025-04-13 10:03:04,585 - INFO - Fitting constraints for table 
2025-04-13 10:03:04,585 - INFO - Setting the configuration for the ``HyperTransformer`` for table 
2025-04-13 10:03:04,588 - INFO - Fitting HyperTransformer for table 
2025-04-13 10:03:05,356 - INFO - {'EVENT': 'Fit processed data', 'TIMESTAMP': datetime.datetime(2025, 4, 13, 10, 3, 5, 356232), 'SYNTHESIZER CLASS NAME': 'TVAESynthesizer', 'SYNTHESIZER ID': 'TVAESynthesizer_1.18.0_c57f109bfc0243b49ab09ce78c74eb56', 'TOTAL NUMBER OF TABLES': 1, 'TOTAL NUMBER OF ROWS': 260402, 'TOTAL NUMBER OF COLUMNS': 46}
2025-04-13 10:03:05,411 - INFO - Guidance: There are no missing values in column Time_occured. Extra column not created.
2025-04-13 10:03:37,717 - INFO - Guidance: There are no missing values in column Victim_age. Extra column not created.
2025-04-13 10:04:10,583 - INFO - Guidance: There are no missing values in column LAT. Extra column not created.
2025-04-13 10:04:43,071 - INFO - Guidance: There are no missing values in column LON. Extra column not created.
2025-04-13 10:37:17,910 - INFO - {'EVENT': 'Save', 'TIMESTAMP': datetime.datetime(2025, 4, 13, 10, 37, 17, 910849), 'SYNTHESIZER CLASS NAME': 'TVAESynthesizer', 'SYNTHESIZER ID': 'TVAESynthesizer_1.18.0_c57f109bfc0243b49ab09ce78c74eb56'}
2025-04-13 10:37:26,917 - INFO - {'EVENT': 'Sample', 'TIMESTAMP': datetime.datetime(2025, 4, 13, 10, 37, 17, 941533), 'SYNTHESIZER CLASS NAME': 'CTGANSynthesizer', 'SYNTHESIZER ID': 'CTGANSynthesizer_1.18.0_170d347df5674c7a89fd4cde98233225', 'TOTAL NUMBER OF TABLES': 1, 'TOTAL NUMBER OF ROWS': 260402, 'TOTAL NUMBER OF COLUMNS': 47}
2025-04-13 10:37:40,036 - INFO - {'EVENT': 'Sample', 'TIMESTAMP': datetime.datetime(2025, 4, 13, 10, 37, 26, 918103), 'SYNTHESIZER CLASS NAME': 'GaussianCopulaSynthesizer', 'SYNTHESIZER ID': 'GaussianCopulaSynthesizer_1.18.0_9b4e804bffb24d3bad984a8981785f29', 'TOTAL NUMBER OF TABLES': 1, 'TOTAL NUMBER OF ROWS': 260402, 'TOTAL NUMBER OF COLUMNS': 47}
2025-04-13 10:37:46,107 - INFO - {'EVENT': 'Sample', 'TIMESTAMP': datetime.datetime(2025, 4, 13, 10, 37, 40, 37107), 'SYNTHESIZER CLASS NAME': 'TVAESynthesizer', 'SYNTHESIZER ID': 'TVAESynthesizer_1.18.0_c57f109bfc0243b49ab09ce78c74eb56', 'TOTAL NUMBER OF TABLES': 1, 'TOTAL NUMBER OF ROWS': 260402, 'TOTAL NUMBER OF COLUMNS': 47}
2025-04-13 10:37:46,109 - INFO - Synthetic Data Generation Completed.
2025-04-13 10:38:40,537 - INFO - Synthetic Data Evaluation Completed.
2025-04-13 10:38:40,549 - INFO - Synthetic Data Report Generated Successfully.
2025-04-13 10:38:41,989 - INFO - Synthetic data generated with 3 synthesizers.
2025-04-13 10:38:41,989 - INFO - Hybrid pipeline skipped (disabled in configuration).
2025-04-13 10:38:41,989 - INFO - Preparing datasets for machine learning...
2025-04-13 10:38:42,014 - INFO - Original Data - Training Size: 260402, Testing Size: 116461
2025-04-13 10:38:42,014 - INFO - Processing synthetic dataset generated by CTGAN...
2025-04-13 10:38:42,035 - INFO - Synthetic Data (CTGAN) - Training Size: 260402
2025-04-13 10:38:42,035 - INFO - Processing synthetic dataset generated by GaussianCopula...
2025-04-13 10:38:42,056 - INFO - Synthetic Data (GaussianCopula) - Training Size: 260402
2025-04-13 10:38:42,056 - INFO - Processing synthetic dataset generated by TVAE...
2025-04-13 10:38:42,115 - INFO - Synthetic Data (TVAE) - Training Size: 260402
2025-04-13 10:38:42,115 - INFO - Training models on all datasets...
2025-04-13 23:25:28,809 - INFO - Model Training Completed.
2025-04-13 23:25:28,810 - INFO - Evaluating models...
