2025-05-08 18:53:28,738 - INFO - Loaded config file: configs/generated_configs/loan/loan_anon_k7_sl0p5_l5.yaml
2025-05-08 18:53:28,738 - INFO -  Benchmarking started for dataset: loan
2025-05-08 18:53:28,738 - INFO - Using dataset path: /mnt/NVMETank/Projects/Students/Dele/A-STUDY-INTO-THE-QUALITY-AND-USABILITY-OF-PRIVACY-FRIENDLY-SYNTHETIC-DATA/datasets/original/loan.csv
2025-05-08 18:53:28,738 - INFO - Target column: Loan_Status, separator: ','
2025-05-08 18:53:28,738 - INFO - Configuration loaded: enable_anonymization = True, enable_synthesis = False, enable_hybrid = True, enable_utility = True, delete_after_evaluation = False
2025-05-08 18:53:28,738 - INFO - Running preprocessing...
2025-05-08 18:53:28,743 - INFO -  [PREPROCESSING] Preprocessed files found. Skipping preprocessing.
2025-05-08 18:53:28,751 - INFO - Preprocessing completed. Rows before: 614, after: 336
2025-05-08 18:53:28,751 - INFO - Preprocessed data saved to: outputs/batch/loan_batch_2025-05-08_18-38-44/loan_anon_k7_sl0p5_l5/preprocessing_report.txt
2025-05-08 18:53:28,751 - INFO - enable_anonymization = True
2025-05-08 18:53:28,751 - INFO - Starting Anonymization Pipeline with output path: /mnt/NVMETank/Projects/Students/Dele/A-STUDY-INTO-THE-QUALITY-AND-USABILITY-OF-PRIVACY-FRIENDLY-SYNTHETIC-DATA/datasets/anonymized/loan_k7_l5_sup50_anonymized.csv.......
2025-05-08 18:53:28,755 - INFO -  [ANONYMIZATION] Executing run_anonymization, config_path : configs/generated_configs/loan/loan_anon_k7_sl0p5_l5.yaml...........
2025-05-08 18:53:28,755 - INFO -  [ANONYMIZATION] Using JAR file at /mnt/NVMETank/Projects/Students/Dele/A-STUDY-INTO-THE-QUALITY-AND-USABILITY-OF-PRIVACY-FRIENDLY-SYNTHETIC-DATA/src/anonymization/anonymARXij/bin/anonymARXij.jar to anonymize the dataset.
2025-05-08 18:53:30,282 - INFO -  [ANONYMIZATION] Anonimized file saved to : /mnt/NVMETank/Projects/Students/Dele/A-STUDY-INTO-THE-QUALITY-AND-USABILITY-OF-PRIVACY-FRIENDLY-SYNTHETIC-DATA/datasets/anonymized/loan_k7_l5_sup50_anonymized.csv
2025-05-08 18:53:30,282 - INFO -  [ANONYMIZATION] Java anonymization completed successfully.
2025-05-08 18:53:30,282 - INFO -  [ANONYMIZATION] Java STDOUT:
📄 Java received config path: /mnt/NVMETank/Projects/Students/Dele/A-STUDY-INTO-THE-QUALITY-AND-USABILITY-OF-PRIVACY-FRIENDLY-SYNTHETIC-DATA/configs/generated_configs/loan/loan_anon_k7_sl0p5_l5.yaml
🔹 Loading config from: /mnt/NVMETank/Projects/Students/Dele/A-STUDY-INTO-THE-QUALITY-AND-USABILITY-OF-PRIVACY-FRIENDLY-SYNTHETIC-DATA/configs/generated_configs/loan/loan_anon_k7_sl0p5_l5.yaml
Loading config from: /mnt/NVMETank/Projects/Students/Dele/A-STUDY-INTO-THE-QUALITY-AND-USABILITY-OF-PRIVACY-FRIENDLY-SYNTHETIC-DATA/configs/generated_configs/loan/loan_anon_k7_sl0p5_l5.yaml
📂 Dataset Path (from args): /mnt/NVMETank/Projects/Students/Dele/A-STUDY-INTO-THE-QUALITY-AND-USABILITY-OF-PRIVACY-FRIENDLY-SYNTHETIC-DATA/datasets/train/loan_train_raw.csv
🔹 Dataset Separator: ,
🔹 Suppression Limit: 0.5

🔹 Configured Attributes:
  ✅ Quasi-Identifier: Gender
  ✅ Quasi-Identifier: Married
  ✅ Quasi-Identifier: Education
  ✅ Quasi-Identifier: Dependents
  ✅ Quasi-Identifier: Self_Employed
  ✅ Quasi-Identifier: Property_Area
  ✅ Quasi-Identifier: Credit_History
  ✅ Quasi-Identifier: Loan_Amount_Term
  ✅ Sensitive Attribute: LoanAmount
  ✅ Insensitive Attribute: Loan_Status
  ✅ Insensitive Attribute: ApplicantIncome
  ✅ Insensitive Attribute: CoapplicantIncome

🔹 Defined Hierarchies:
  ✅ Property_Area -> /mnt/NVMETank/Projects/Students/Dele/A-STUDY-INTO-THE-QUALITY-AND-USABILITY-OF-PRIVACY-FRIENDLY-SYNTHETIC-DATA/src/anonymization/anonymARXij/src/hierarchies_loan/property_area.csv
  ✅ Self_Employed -> /mnt/NVMETank/Projects/Students/Dele/A-STUDY-INTO-THE-QUALITY-AND-USABILITY-OF-PRIVACY-FRIENDLY-SYNTHETIC-DATA/src/anonymization/anonymARXij/src/hierarchies_loan/self_employed.csv
  ✅ Credit_History -> /mnt/NVMETank/Projects/Students/Dele/A-STUDY-INTO-THE-QUALITY-AND-USABILITY-OF-PRIVACY-FRIENDLY-SYNTHETIC-DATA/src/anonymization/anonymARXij/src/hierarchies_loan/credit_history.csv
  ✅ Dependents -> /mnt/NVMETank/Projects/Students/Dele/A-STUDY-INTO-THE-QUALITY-AND-USABILITY-OF-PRIVACY-FRIENDLY-SYNTHETIC-DATA/src/anonymization/anonymARXij/src/hierarchies_loan/dependents.csv
  ✅ Education -> /mnt/NVMETank/Projects/Students/Dele/A-STUDY-INTO-THE-QUALITY-AND-USABILITY-OF-PRIVACY-FRIENDLY-SYNTHETIC-DATA/src/anonymization/anonymARXij/src/hierarchies_loan/education.csv
  ✅ Loan_Amount_Term -> /mnt/NVMETank/Projects/Students/Dele/A-STUDY-INTO-THE-QUALITY-AND-USABILITY-OF-PRIVACY-FRIENDLY-SYNTHETIC-DATA/src/anonymization/anonymARXij/src/hierarchies_loan/loan_amount_terms.csv
  ✅ Married -> /mnt/NVMETank/Projects/Students/Dele/A-STUDY-INTO-THE-QUALITY-AND-USABILITY-OF-PRIVACY-FRIENDLY-SYNTHETIC-DATA/src/anonymization/anonymARXij/src/hierarchies_loan/married.csv
  ✅ Gender -> /mnt/NVMETank/Projects/Students/Dele/A-STUDY-INTO-THE-QUALITY-AND-USABILITY-OF-PRIVACY-FRIENDLY-SYNTHETIC-DATA/src/anonymization/anonymARXij/src/hierarchies_loan/gender.csv
Java is searching for hierarchy file at: /mnt/NVMETank/Projects/Students/Dele/A-STUDY-INTO-THE-QUALITY-AND-USABILITY-OF-PRIVACY-FRIENDLY-SYNTHETIC-DATA/src/anonymization/anonymARXij/src/hierarchies_loan/property_area.csv
Java is searching for hierarchy file at: /mnt/NVMETank/Projects/Students/Dele/A-STUDY-INTO-THE-QUALITY-AND-USABILITY-OF-PRIVACY-FRIENDLY-SYNTHETIC-DATA/src/anonymization/anonymARXij/src/hierarchies_loan/self_employed.csv
Java is searching for hierarchy file at: /mnt/NVMETank/Projects/Students/Dele/A-STUDY-INTO-THE-QUALITY-AND-USABILITY-OF-PRIVACY-FRIENDLY-SYNTHETIC-DATA/src/anonymization/anonymARXij/src/hierarchies_loan/credit_history.csv
Java is searching for hierarchy file at: /mnt/NVMETank/Projects/Students/Dele/A-STUDY-INTO-THE-QUALITY-AND-USABILITY-OF-PRIVACY-FRIENDLY-SYNTHETIC-DATA/src/anonymization/anonymARXij/src/hierarchies_loan/dependents.csv
Java is searching for hierarchy file at: /mnt/NVMETank/Projects/Students/Dele/A-STUDY-INTO-THE-QUALITY-AND-USABILITY-OF-PRIVACY-FRIENDLY-SYNTHETIC-DATA/src/anonymization/anonymARXij/src/hierarchies_loan/education.csv
Java is searching for hierarchy file at: /mnt/NVMETank/Projects/Students/Dele/A-STUDY-INTO-THE-QUALITY-AND-USABILITY-OF-PRIVACY-FRIENDLY-SYNTHETIC-DATA/src/anonymization/anonymARXij/src/hierarchies_loan/loan_amount_terms.csv
Java is searching for hierarchy file at: /mnt/NVMETank/Projects/Students/Dele/A-STUDY-INTO-THE-QUALITY-AND-USABILITY-OF-PRIVACY-FRIENDLY-SYNTHETIC-DATA/src/anonymization/anonymARXij/src/hierarchies_loan/married.csv
Java is searching for hierarchy file at: /mnt/NVMETank/Projects/Students/Dele/A-STUDY-INTO-THE-QUALITY-AND-USABILITY-OF-PRIVACY-FRIENDLY-SYNTHETIC-DATA/src/anonymization/anonymARXij/src/hierarchies_loan/gender.csv
✓ Applied Entropy L-Diversity on: LoanAmount (l=5)
🔹 Privacy Models Configured
📂 Anonymized Output Path (from args): /mnt/NVMETank/Projects/Students/Dele/A-STUDY-INTO-THE-QUALITY-AND-USABILITY-OF-PRIVACY-FRIENDLY-SYNTHETIC-DATA/datasets/anonymized/loan_k7_l5_sup50_anonymized.csv
📂 Anonymized Output Path: /mnt/NVMETank/Projects/Students/Dele/A-STUDY-INTO-THE-QUALITY-AND-USABILITY-OF-PRIVACY-FRIENDLY-SYNTHETIC-DATA/datasets/anonymized/loan_k7_l5_sup50_anonymized.csv
✅ Anonymization completed. Output saved to: /mnt/NVMETank/Projects/Students/Dele/A-STUDY-INTO-THE-QUALITY-AND-USABILITY-OF-PRIVACY-FRIENDLY-SYNTHETIC-DATA/datasets/anonymized/loan_k7_l5_sup50_anonymized.csv
Anonymized Data Quality Metrics:
 - Ambiguity: 0.8820677031143036
 - AECS: 0.9254414650098104
 - Discernibility: 0.7368715891430844
 - Granularity: 0.5210680486705728
 - MSE: 0.08726958525345618
 - Non-Uniform Entropy: 0.3838996152258711
 - Precision: 0.5580357142857143
 - Record-level SE: 0.30039031385949855
Equivalence Class Statistics:
 - Number of Classes: 11
 - Average Class Size: 27.272727272727273
Suppression Statistics:
 - Suppressed Records: 36
 - Suppression Percentage: 10.71%
2025-05-08 18:53:30,283 - INFO - Anonymized data saved to: /mnt/NVMETank/Projects/Students/Dele/A-STUDY-INTO-THE-QUALITY-AND-USABILITY-OF-PRIVACY-FRIENDLY-SYNTHETIC-DATA/datasets/anonymized/loan_k7_l5_sup50_anonymized.csv
2025-05-08 18:53:30,290 - INFO - Anonymous data report saved at: outputs/batch/loan_batch_2025-05-08_18-38-44/loan_anon_k7_sl0p5_l5/anonymous_data_report.txt
2025-05-08 18:53:30,290 - INFO -  [POSTPROCESSING] Postprocessing anonymized data: /mnt/NVMETank/Projects/Students/Dele/A-STUDY-INTO-THE-QUALITY-AND-USABILITY-OF-PRIVACY-FRIENDLY-SYNTHETIC-DATA/datasets/anonymized/loan_k7_l5_sup50_anonymized.csv
2025-05-08 18:53:30,291 - INFO -  [POSTPROCESSING] Loaded anonymized data: (336, 12)
2025-05-08 18:53:30,294 - INFO -  [POSTPROCESSING] Loaded fallback maps from training data. Categorical cols: 7, Numeric cols: 5
2025-05-08 18:53:30,294 - INFO -  [POSTPROCESSING] Normalizing anonymized data using ARX artifact cleaning and fallback values.
2025-05-08 18:53:30,305 - INFO -  [POSTPROCESSING] Normalized anonymized data saved to: /mnt/NVMETank/Projects/Students/Dele/A-STUDY-INTO-THE-QUALITY-AND-USABILITY-OF-PRIVACY-FRIENDLY-SYNTHETIC-DATA/datasets/anonymized/loan_k7_l5_sup50_anonymized_processed.csv
2025-05-08 18:53:30,314 - INFO -  [POSTPROCESSING] Binary Encoding applied to anonymized data. Encoded shape: (336, 19)
2025-05-08 18:53:30,315 - INFO -  [POSTPROCESSING] Encoded anonymized dataset saved to: /mnt/NVMETank/Projects/Students/Dele/A-STUDY-INTO-THE-QUALITY-AND-USABILITY-OF-PRIVACY-FRIENDLY-SYNTHETIC-DATA/datasets/anonymized/loan_k7_l5_sup50_anonymized_encoded.csv
2025-05-08 18:53:30,315 - INFO -  [POSTPROCESSING] Encoding map generated for anonymized data: 0 original categorical columns.
2025-05-08 18:53:30,315 - INFO - Postprocessing report saved at: outputs/batch/loan_batch_2025-05-08_18-38-44/loan_anon_k7_sl0p5_l5/postprocessing_report.txt
2025-05-08 18:53:30,315 - INFO - enable_synthetic_generation = False
2025-05-08 18:53:30,315 - INFO - Synthetic Data Generation Skipped (Disabled in Configuration).
2025-05-08 18:53:30,315 - INFO - Running Hybrid Pipeline...
2025-05-08 18:53:30,315 - INFO -  [HYBRID] Executing run_hybrid...
2025-05-08 18:53:30,316 - INFO -  [HYBRID] Looking for encoded anonymized data in /mnt/NVMETank/Projects/Students/Dele/A-STUDY-INTO-THE-QUALITY-AND-USABILITY-OF-PRIVACY-FRIENDLY-SYNTHETIC-DATA/datasets/anonymized/loan_k7_l5_sup50_anonymized_encoded.csv
2025-05-08 18:53:30,316 - INFO -  [HYBRID ] Loaded cached encoded anonymous data from /mnt/NVMETank/Projects/Students/Dele/A-STUDY-INTO-THE-QUALITY-AND-USABILITY-OF-PRIVACY-FRIENDLY-SYNTHETIC-DATA/datasets/anonymized/loan_k7_l5_sup50_anonymized_encoded.csv
2025-05-08 18:53:30,317 - INFO -  [HYBRID] Starting synthetic generation for hybrid pipeline...
2025-05-08 18:53:30,317 - INFO - Executing run_synthetic.....
2025-05-08 18:53:30,317 - INFO - [SYNTHETIC PIPELINE] executing run_synthetic for loan_k7_l5_sup50...
2025-05-08 18:53:30,317 - INFO - [SYNTHETIC] Processing dataset: loan_k7_l5_sup50
2025-05-08 18:53:30,317 - INFO - [SYNTHETIC] Original dataset size: 336 rows
2025-05-08 18:53:30,326 - INFO - Detected metadata:
2025-05-08 18:53:30,326 - INFO - {
    "columns": {
        "Gender_0": {
            "sdtype": "categorical"
        },
        "Gender_1": {
            "sdtype": "categorical"
        },
        "Married_0": {
            "sdtype": "categorical"
        },
        "Married_1": {
            "sdtype": "categorical"
        },
        "Dependents_0": {
            "sdtype": "categorical"
        },
        "Dependents_1": {
            "sdtype": "categorical"
        },
        "Dependents_2": {
            "sdtype": "categorical"
        },
        "Education_0": {
            "sdtype": "categorical"
        },
        "Education_1": {
            "sdtype": "categorical"
        },
        "Self_Employed_0": {
            "sdtype": "categorical"
        },
        "Self_Employed_1": {
            "sdtype": "categorical"
        },
        "ApplicantIncome": {
            "sdtype": "numerical"
        },
        "CoapplicantIncome": {
            "sdtype": "numerical"
        },
        "LoanAmount": {
            "sdtype": "numerical"
        },
        "Loan_Amount_Term": {
            "sdtype": "categorical"
        },
        "Credit_History": {
            "sdtype": "categorical"
        },
        "Property_Area_0": {
            "sdtype": "categorical"
        },
        "Property_Area_1": {
            "sdtype": "categorical"
        },
        "Loan_Status": {
            "sdtype": "categorical"
        }
    },
    "METADATA_SPEC_VERSION": "SINGLE_TABLE_V1"
}
2025-05-08 18:53:30,326 - INFO - [SYNTHETIC] Preparing synthesizer: CTGAN
2025-05-08 18:53:30,326 - INFO - [SYNTHETIC] Params from config: {'epochs': 300}
2025-05-08 18:53:30,326 - INFO -  [SYNTHETIC] No pre-trained synthesizer found
2025-05-08 18:53:30,326 - INFO - [SYNTHETIC] Training new CTGAN synthesizer from scratch...
2025-05-08 18:53:30,326 - WARNING - [FutureWarning] The 'SingleTableMetadata' is deprecated. Please use the new 'Metadata' class for synthesizers. (from /mnt/NVMETank/Projects/Students/Dele/A-STUDY-INTO-THE-QUALITY-AND-USABILITY-OF-PRIVACY-FRIENDLY-SYNTHETIC-DATA/.venv/lib/python3.12/site-packages/sdv/single_table/base.py:119)
2025-05-08 18:53:30,327 - WARNING - [UserWarning] We strongly recommend saving the metadata using 'save_to_json' for replicability in future SDV versions. (from /mnt/NVMETank/Projects/Students/Dele/A-STUDY-INTO-THE-QUALITY-AND-USABILITY-OF-PRIVACY-FRIENDLY-SYNTHETIC-DATA/.venv/lib/python3.12/site-packages/sdv/single_table/base.py:104)
2025-05-08 18:53:30,331 - INFO - {'EVENT': 'Instance', 'TIMESTAMP': datetime.datetime(2025, 5, 8, 18, 53, 30, 331026), 'SYNTHESIZER CLASS NAME': 'CTGANSynthesizer', 'SYNTHESIZER ID': 'CTGANSynthesizer_1.18.0_8d73c23802ea4f38bfd1bedac72c1538'}
2025-05-08 18:53:30,331 - INFO - [SYNTHETIC] CTGAN initialized with epochs: 300
2025-05-08 18:53:30,331 - INFO - [SYNTHETIC] Training parameters for CTGAN: {}
2025-05-08 18:53:30,331 - INFO - [SYNTHETIC] fitting CTGAN 
2025-05-08 18:53:30,331 - INFO - {'EVENT': 'Fit', 'TIMESTAMP': datetime.datetime(2025, 5, 8, 18, 53, 30, 331228), 'SYNTHESIZER CLASS NAME': 'CTGANSynthesizer', 'SYNTHESIZER ID': 'CTGANSynthesizer_1.18.0_8d73c23802ea4f38bfd1bedac72c1538', 'TOTAL NUMBER OF TABLES': 1, 'TOTAL NUMBER OF ROWS': 336, 'TOTAL NUMBER OF COLUMNS': 19}
2025-05-08 18:53:30,332 - INFO - Fitting table  metadata
2025-05-08 18:53:30,333 - INFO - Fitting formatters for table 
2025-05-08 18:53:30,334 - INFO - Fitting constraints for table 
2025-05-08 18:53:30,334 - INFO - Setting the configuration for the ``HyperTransformer`` for table 
2025-05-08 18:53:30,335 - INFO - Fitting HyperTransformer for table 
2025-05-08 18:53:30,354 - INFO - {'EVENT': 'Fit processed data', 'TIMESTAMP': datetime.datetime(2025, 5, 8, 18, 53, 30, 354868), 'SYNTHESIZER CLASS NAME': 'CTGANSynthesizer', 'SYNTHESIZER ID': 'CTGANSynthesizer_1.18.0_8d73c23802ea4f38bfd1bedac72c1538', 'TOTAL NUMBER OF TABLES': 1, 'TOTAL NUMBER OF ROWS': 336, 'TOTAL NUMBER OF COLUMNS': 19}
2025-05-08 18:53:30,431 - INFO - Guidance: There are no missing values in column ApplicantIncome. Extra column not created.
2025-05-08 18:53:30,532 - INFO - Guidance: There are no missing values in column CoapplicantIncome. Extra column not created.
2025-05-08 18:53:30,566 - INFO - Guidance: There are no missing values in column LoanAmount. Extra column not created.
2025-05-08 18:53:54,280 - INFO - [SYNTHETIC] Fitting complete for CTGAN. Duration: 23.95 seconds.
2025-05-08 18:53:54,280 - INFO - [SYNTHETIC] CONFIRMATION CTGAN actually trained with epochs = 300
2025-05-08 18:53:54,280 - INFO - {'EVENT': 'Save', 'TIMESTAMP': datetime.datetime(2025, 5, 8, 18, 53, 54, 280686), 'SYNTHESIZER CLASS NAME': 'CTGANSynthesizer', 'SYNTHESIZER ID': 'CTGANSynthesizer_1.18.0_8d73c23802ea4f38bfd1bedac72c1538'}
2025-05-08 18:53:54,316 - INFO - [SYNTHETIC] CTGAN trained and saved.
2025-05-08 18:53:54,316 - INFO - [SYNTHETIC] Preparing synthesizer: GaussianCopula
2025-05-08 18:53:54,316 - INFO - [SYNTHETIC] Params from config: {}
2025-05-08 18:53:54,316 - INFO -  [SYNTHETIC] No pre-trained synthesizer found
2025-05-08 18:53:54,316 - INFO - [SYNTHETIC] Training new GaussianCopula synthesizer from scratch...
2025-05-08 18:53:54,316 - WARNING - [FutureWarning] The 'SingleTableMetadata' is deprecated. Please use the new 'Metadata' class for synthesizers. (from /mnt/NVMETank/Projects/Students/Dele/A-STUDY-INTO-THE-QUALITY-AND-USABILITY-OF-PRIVACY-FRIENDLY-SYNTHETIC-DATA/.venv/lib/python3.12/site-packages/sdv/single_table/base.py:119)
2025-05-08 18:53:54,319 - INFO - {'EVENT': 'Instance', 'TIMESTAMP': datetime.datetime(2025, 5, 8, 18, 53, 54, 319128), 'SYNTHESIZER CLASS NAME': 'GaussianCopulaSynthesizer', 'SYNTHESIZER ID': 'GaussianCopulaSynthesizer_1.18.0_910c5299836d4efc99e9946faa0e3857'}
2025-05-08 18:53:54,319 - INFO - [SYNTHETIC] fitting GaussianCopula 
2025-05-08 18:53:54,319 - INFO - {'EVENT': 'Fit', 'TIMESTAMP': datetime.datetime(2025, 5, 8, 18, 53, 54, 319266), 'SYNTHESIZER CLASS NAME': 'GaussianCopulaSynthesizer', 'SYNTHESIZER ID': 'GaussianCopulaSynthesizer_1.18.0_910c5299836d4efc99e9946faa0e3857', 'TOTAL NUMBER OF TABLES': 1, 'TOTAL NUMBER OF ROWS': 336, 'TOTAL NUMBER OF COLUMNS': 19}
2025-05-08 18:53:54,320 - INFO - Fitting table  metadata
2025-05-08 18:53:54,320 - INFO - Fitting formatters for table 
2025-05-08 18:53:54,322 - INFO - Fitting constraints for table 
2025-05-08 18:53:54,322 - INFO - Setting the configuration for the ``HyperTransformer`` for table 
2025-05-08 18:53:54,328 - INFO - Fitting HyperTransformer for table 
2025-05-08 18:53:54,424 - INFO - {'EVENT': 'Fit processed data', 'TIMESTAMP': datetime.datetime(2025, 5, 8, 18, 53, 54, 424803), 'SYNTHESIZER CLASS NAME': 'GaussianCopulaSynthesizer', 'SYNTHESIZER ID': 'GaussianCopulaSynthesizer_1.18.0_910c5299836d4efc99e9946faa0e3857', 'TOTAL NUMBER OF TABLES': 1, 'TOTAL NUMBER OF ROWS': 336, 'TOTAL NUMBER OF COLUMNS': 19}
2025-05-08 18:53:54,425 - INFO - Fitting GaussianMultivariate(distribution="{'Gender_0': <class 'copulas.univariate.beta.BetaUnivariate'>, 'Gender_1': <class 'copulas.univariate.beta.BetaUnivariate'>, 'Married_0': <class 'copulas.univariate.beta.BetaUnivariate'>, 'Married_1': <class 'copulas.univariate.beta.BetaUnivariate'>, 'Dependents_0': <class 'copulas.univariate.beta.BetaUnivariate'>, 'Dependents_1': <class 'copulas.univariate.beta.BetaUnivariate'>, 'Dependents_2': <class 'copulas.univariate.beta.BetaUnivariate'>, 'Education_0': <class 'copulas.univariate.beta.BetaUnivariate'>, 'Education_1': <class 'copulas.univariate.beta.BetaUnivariate'>, 'Self_Employed_0': <class 'copulas.univariate.beta.BetaUnivariate'>, 'Self_Employed_1': <class 'copulas.univariate.beta.BetaUnivariate'>, 'ApplicantIncome': <class 'copulas.univariate.beta.BetaUnivariate'>, 'CoapplicantIncome': <class 'copulas.univariate.beta.BetaUnivariate'>, 'LoanAmount': <class 'copulas.univariate.beta.BetaUnivariate'>, 'Loan_Amount_Term': <class 'copulas.univariate.beta.BetaUnivariate'>, 'Credit_History': <class 'copulas.univariate.beta.BetaUnivariate'>, 'Property_Area_0': <class 'copulas.univariate.beta.BetaUnivariate'>, 'Property_Area_1': <class 'copulas.univariate.beta.BetaUnivariate'>, 'Loan_Status': <class 'copulas.univariate.beta.BetaUnivariate'>}")
2025-05-08 18:53:54,914 - INFO - [SYNTHETIC] Fitting complete for GaussianCopula. Duration: 0.59 seconds.
2025-05-08 18:53:54,914 - WARNING - [SYNTHETIC] WARNING Could not determine actual epochs used for GaussianCopula
2025-05-08 18:53:54,914 - INFO - {'EVENT': 'Save', 'TIMESTAMP': datetime.datetime(2025, 5, 8, 18, 53, 54, 914261), 'SYNTHESIZER CLASS NAME': 'GaussianCopulaSynthesizer', 'SYNTHESIZER ID': 'GaussianCopulaSynthesizer_1.18.0_910c5299836d4efc99e9946faa0e3857'}
2025-05-08 18:53:54,922 - INFO - [SYNTHETIC] GaussianCopula trained and saved.
2025-05-08 18:53:54,922 - INFO - [SYNTHETIC] Preparing synthesizer: TVAE
2025-05-08 18:53:54,922 - INFO - [SYNTHETIC] Params from config: {'epochs': 300}
2025-05-08 18:53:54,922 - INFO -  [SYNTHETIC] No pre-trained synthesizer found
2025-05-08 18:53:54,922 - INFO - [SYNTHETIC] Training new TVAE synthesizer from scratch...
2025-05-08 18:53:54,922 - WARNING - [FutureWarning] The 'SingleTableMetadata' is deprecated. Please use the new 'Metadata' class for synthesizers. (from /mnt/NVMETank/Projects/Students/Dele/A-STUDY-INTO-THE-QUALITY-AND-USABILITY-OF-PRIVACY-FRIENDLY-SYNTHETIC-DATA/.venv/lib/python3.12/site-packages/sdv/single_table/base.py:119)
2025-05-08 18:53:54,925 - INFO - {'EVENT': 'Instance', 'TIMESTAMP': datetime.datetime(2025, 5, 8, 18, 53, 54, 925067), 'SYNTHESIZER CLASS NAME': 'TVAESynthesizer', 'SYNTHESIZER ID': 'TVAESynthesizer_1.18.0_913a6e0f5c6d49d288f0c516e3912a7b'}
2025-05-08 18:53:54,925 - INFO - [SYNTHETIC] TVAE initialized with epochs: 300
2025-05-08 18:53:54,925 - INFO - [SYNTHETIC] Training parameters for TVAE: {}
2025-05-08 18:53:54,925 - INFO - [SYNTHETIC] fitting TVAE 
2025-05-08 18:53:54,925 - INFO - {'EVENT': 'Fit', 'TIMESTAMP': datetime.datetime(2025, 5, 8, 18, 53, 54, 925292), 'SYNTHESIZER CLASS NAME': 'TVAESynthesizer', 'SYNTHESIZER ID': 'TVAESynthesizer_1.18.0_913a6e0f5c6d49d288f0c516e3912a7b', 'TOTAL NUMBER OF TABLES': 1, 'TOTAL NUMBER OF ROWS': 336, 'TOTAL NUMBER OF COLUMNS': 19}
2025-05-08 18:53:54,926 - INFO - Fitting table  metadata
2025-05-08 18:53:54,926 - INFO - Fitting formatters for table 
2025-05-08 18:53:54,928 - INFO - Fitting constraints for table 
2025-05-08 18:53:54,928 - INFO - Setting the configuration for the ``HyperTransformer`` for table 
2025-05-08 18:53:54,929 - INFO - Fitting HyperTransformer for table 
2025-05-08 18:53:54,941 - INFO - {'EVENT': 'Fit processed data', 'TIMESTAMP': datetime.datetime(2025, 5, 8, 18, 53, 54, 941891), 'SYNTHESIZER CLASS NAME': 'TVAESynthesizer', 'SYNTHESIZER ID': 'TVAESynthesizer_1.18.0_913a6e0f5c6d49d288f0c516e3912a7b', 'TOTAL NUMBER OF TABLES': 1, 'TOTAL NUMBER OF ROWS': 336, 'TOTAL NUMBER OF COLUMNS': 19}
2025-05-08 18:53:54,955 - INFO - Guidance: There are no missing values in column ApplicantIncome. Extra column not created.
2025-05-08 18:53:55,028 - INFO - Guidance: There are no missing values in column CoapplicantIncome. Extra column not created.
2025-05-08 18:53:55,061 - INFO - Guidance: There are no missing values in column LoanAmount. Extra column not created.
2025-05-08 18:53:57,842 - INFO - [SYNTHETIC] Fitting complete for TVAE. Duration: 2.92 seconds.
2025-05-08 18:53:57,842 - INFO - [SYNTHETIC] CONFIRMATION TVAE actually trained with epochs = 300
2025-05-08 18:53:57,842 - INFO - {'EVENT': 'Save', 'TIMESTAMP': datetime.datetime(2025, 5, 8, 18, 53, 57, 842302), 'SYNTHESIZER CLASS NAME': 'TVAESynthesizer', 'SYNTHESIZER ID': 'TVAESynthesizer_1.18.0_913a6e0f5c6d49d288f0c516e3912a7b'}
2025-05-08 18:53:57,865 - INFO - [SYNTHETIC] TVAE trained and saved.
2025-05-08 18:53:57,865 - INFO - [SYNTHETIC] Using CTGAN to generate 336 rows...
2025-05-08 18:53:57,938 - INFO - {'EVENT': 'Sample', 'TIMESTAMP': datetime.datetime(2025, 5, 8, 18, 53, 57, 865898), 'SYNTHESIZER CLASS NAME': 'CTGANSynthesizer', 'SYNTHESIZER ID': 'CTGANSynthesizer_1.18.0_8d73c23802ea4f38bfd1bedac72c1538', 'TOTAL NUMBER OF TABLES': 1, 'TOTAL NUMBER OF ROWS': 336, 'TOTAL NUMBER OF COLUMNS': 19}
2025-05-08 18:53:57,939 - INFO - [SYNTHETIC] CTGAN completed: 336 rows generated.
2025-05-08 18:53:57,939 - INFO - [SYNTHETIC] Target class distribution for CTGAN: {'Y': 228, 'N': 108}
2025-05-08 18:53:57,939 - INFO - [SYNTHETIC] Using GaussianCopula to generate 336 rows...
2025-05-08 18:53:57,991 - INFO - {'EVENT': 'Sample', 'TIMESTAMP': datetime.datetime(2025, 5, 8, 18, 53, 57, 939390), 'SYNTHESIZER CLASS NAME': 'GaussianCopulaSynthesizer', 'SYNTHESIZER ID': 'GaussianCopulaSynthesizer_1.18.0_910c5299836d4efc99e9946faa0e3857', 'TOTAL NUMBER OF TABLES': 1, 'TOTAL NUMBER OF ROWS': 336, 'TOTAL NUMBER OF COLUMNS': 19}
2025-05-08 18:53:57,991 - INFO - [SYNTHETIC] GaussianCopula completed: 336 rows generated.
2025-05-08 18:53:57,991 - INFO - [SYNTHETIC] Target class distribution for GaussianCopula: {'Y': 226, 'N': 110}
2025-05-08 18:53:57,991 - INFO - [SYNTHETIC] Using TVAE to generate 336 rows...
2025-05-08 18:53:58,031 - INFO - {'EVENT': 'Sample', 'TIMESTAMP': datetime.datetime(2025, 5, 8, 18, 53, 57, 991721), 'SYNTHESIZER CLASS NAME': 'TVAESynthesizer', 'SYNTHESIZER ID': 'TVAESynthesizer_1.18.0_913a6e0f5c6d49d288f0c516e3912a7b', 'TOTAL NUMBER OF TABLES': 1, 'TOTAL NUMBER OF ROWS': 336, 'TOTAL NUMBER OF COLUMNS': 19}
2025-05-08 18:53:58,031 - INFO - [SYNTHETIC] TVAE completed: 336 rows generated.
2025-05-08 18:53:58,031 - INFO - [SYNTHETIC] Target class distribution for TVAE: {'Y': 329, 'N': 7}
2025-05-08 18:53:58,032 - INFO - [SYNTHETIC PIPELINE] Synthetic Data Generation Completed.
2025-05-08 18:53:58,032 - INFO - [SYNTHETIC PIPELINE] Synthesizers used: ['CTGAN', 'GaussianCopula', 'TVAE']
2025-05-08 18:53:58,032 - INFO - [SYNTHETIC PIPELINE] Evaluating synthetic dataset generated by CTGAN...
2025-05-08 18:53:58,032 - INFO - [SYNTHETIC EVAL] Real data columns     (19): ['Gender_0', 'Gender_1', 'Married_0', 'Married_1', 'Dependents_0', 'Dependents_1', 'Dependents_2', 'Education_0', 'Education_1', 'Self_Employed_0', 'Self_Employed_1', 'ApplicantIncome', 'CoapplicantIncome', 'LoanAmount', 'Loan_Amount_Term', 'Credit_History', 'Property_Area_0', 'Property_Area_1', 'Loan_Status']
2025-05-08 18:53:58,032 - INFO - [SYNTHETIC EVAL] Synthetic data columns (19): ['Gender_0', 'Gender_1', 'Married_0', 'Married_1', 'Dependents_0', 'Dependents_1', 'Dependents_2', 'Education_0', 'Education_1', 'Self_Employed_0', 'Self_Employed_1', 'ApplicantIncome', 'CoapplicantIncome', 'LoanAmount', 'Loan_Amount_Term', 'Credit_History', 'Property_Area_0', 'Property_Area_1', 'Loan_Status']
2025-05-08 18:53:58,032 - INFO - [SYNTHETIC EVAL] Metadata columns      (19): ['Gender_0', 'Gender_1', 'Married_0', 'Married_1', 'Dependents_0', 'Dependents_1', 'Dependents_2', 'Education_0', 'Education_1', 'Self_Employed_0', 'Self_Employed_1', 'ApplicantIncome', 'CoapplicantIncome', 'LoanAmount', 'Loan_Amount_Term', 'Credit_History', 'Property_Area_0', 'Property_Area_1', 'Loan_Status']
2025-05-08 18:53:58,032 - INFO - [SYNTHETIC EVAL] Shape — Real: (336, 19), Synthetic: (336, 19)
2025-05-08 18:53:58,032 - INFO - [SYNTHETIC EVAL] Metadata structure:
{
  "columns": {
    "Gender_0": {
      "sdtype": "categorical"
    },
    "Gender_1": {
      "sdtype": "categorical"
    },
    "Married_0": {
      "sdtype": "categorical"
    },
    "Married_1": {
      "sdtype": "categorical"
    },
    "Dependents_0": {
      "sdtype": "categorical"
    },
    "Dependents_1": {
      "sdtype": "categorical"
    },
    "Dependents_2": {
      "sdtype": "categorical"
    },
    "Education_0": {
      "sdtype": "categorical"
    },
    "Education_1": {
      "sdtype": "categorical"
    },
    "Self_Employed_0": {
      "sdtype": "categorical"
    },
    "Self_Employed_1": {
      "sdtype": "categorical"
    },
    "ApplicantIncome": {
      "sdtype": "numerical"
    },
    "CoapplicantIncome": {
      "sdtype": "numerical"
    },
    "LoanAmount": {
      "sdtype": "numerical"
    },
    "Loan_Amount_Term": {
      "sdtype": "categorical"
    },
    "Credit_History": {
      "sdtype": "categorical"
    },
    "Property_Area_0": {
      "sdtype": "categorical"
    },
    "Property_Area_1": {
      "sdtype": "categorical"
    },
    "Loan_Status": {
      "sdtype": "categorical"
    }
  },
  "METADATA_SPEC_VERSION": "SINGLE_TABLE_V1"
}
2025-05-08 18:53:58,391 - INFO - [SYNTHETIC PIPELINE] Evaluating synthetic dataset generated by GaussianCopula...
2025-05-08 18:53:58,391 - INFO - [SYNTHETIC EVAL] Real data columns     (19): ['Gender_0', 'Gender_1', 'Married_0', 'Married_1', 'Dependents_0', 'Dependents_1', 'Dependents_2', 'Education_0', 'Education_1', 'Self_Employed_0', 'Self_Employed_1', 'ApplicantIncome', 'CoapplicantIncome', 'LoanAmount', 'Loan_Amount_Term', 'Credit_History', 'Property_Area_0', 'Property_Area_1', 'Loan_Status']
2025-05-08 18:53:58,391 - INFO - [SYNTHETIC EVAL] Synthetic data columns (19): ['Gender_0', 'Gender_1', 'Married_0', 'Married_1', 'Dependents_0', 'Dependents_1', 'Dependents_2', 'Education_0', 'Education_1', 'Self_Employed_0', 'Self_Employed_1', 'ApplicantIncome', 'CoapplicantIncome', 'LoanAmount', 'Loan_Amount_Term', 'Credit_History', 'Property_Area_0', 'Property_Area_1', 'Loan_Status']
2025-05-08 18:53:58,391 - INFO - [SYNTHETIC EVAL] Metadata columns      (19): ['Gender_0', 'Gender_1', 'Married_0', 'Married_1', 'Dependents_0', 'Dependents_1', 'Dependents_2', 'Education_0', 'Education_1', 'Self_Employed_0', 'Self_Employed_1', 'ApplicantIncome', 'CoapplicantIncome', 'LoanAmount', 'Loan_Amount_Term', 'Credit_History', 'Property_Area_0', 'Property_Area_1', 'Loan_Status']
2025-05-08 18:53:58,391 - INFO - [SYNTHETIC EVAL] Shape — Real: (336, 19), Synthetic: (336, 19)
2025-05-08 18:53:58,391 - INFO - [SYNTHETIC EVAL] Metadata structure:
{
  "columns": {
    "Gender_0": {
      "sdtype": "categorical"
    },
    "Gender_1": {
      "sdtype": "categorical"
    },
    "Married_0": {
      "sdtype": "categorical"
    },
    "Married_1": {
      "sdtype": "categorical"
    },
    "Dependents_0": {
      "sdtype": "categorical"
    },
    "Dependents_1": {
      "sdtype": "categorical"
    },
    "Dependents_2": {
      "sdtype": "categorical"
    },
    "Education_0": {
      "sdtype": "categorical"
    },
    "Education_1": {
      "sdtype": "categorical"
    },
    "Self_Employed_0": {
      "sdtype": "categorical"
    },
    "Self_Employed_1": {
      "sdtype": "categorical"
    },
    "ApplicantIncome": {
      "sdtype": "numerical"
    },
    "CoapplicantIncome": {
      "sdtype": "numerical"
    },
    "LoanAmount": {
      "sdtype": "numerical"
    },
    "Loan_Amount_Term": {
      "sdtype": "categorical"
    },
    "Credit_History": {
      "sdtype": "categorical"
    },
    "Property_Area_0": {
      "sdtype": "categorical"
    },
    "Property_Area_1": {
      "sdtype": "categorical"
    },
    "Loan_Status": {
      "sdtype": "categorical"
    }
  },
  "METADATA_SPEC_VERSION": "SINGLE_TABLE_V1"
}
2025-05-08 18:53:58,752 - INFO - [SYNTHETIC PIPELINE] Evaluating synthetic dataset generated by TVAE...
2025-05-08 18:53:58,752 - INFO - [SYNTHETIC EVAL] Real data columns     (19): ['Gender_0', 'Gender_1', 'Married_0', 'Married_1', 'Dependents_0', 'Dependents_1', 'Dependents_2', 'Education_0', 'Education_1', 'Self_Employed_0', 'Self_Employed_1', 'ApplicantIncome', 'CoapplicantIncome', 'LoanAmount', 'Loan_Amount_Term', 'Credit_History', 'Property_Area_0', 'Property_Area_1', 'Loan_Status']
2025-05-08 18:53:58,752 - INFO - [SYNTHETIC EVAL] Synthetic data columns (19): ['Gender_0', 'Gender_1', 'Married_0', 'Married_1', 'Dependents_0', 'Dependents_1', 'Dependents_2', 'Education_0', 'Education_1', 'Self_Employed_0', 'Self_Employed_1', 'ApplicantIncome', 'CoapplicantIncome', 'LoanAmount', 'Loan_Amount_Term', 'Credit_History', 'Property_Area_0', 'Property_Area_1', 'Loan_Status']
2025-05-08 18:53:58,752 - INFO - [SYNTHETIC EVAL] Metadata columns      (19): ['Gender_0', 'Gender_1', 'Married_0', 'Married_1', 'Dependents_0', 'Dependents_1', 'Dependents_2', 'Education_0', 'Education_1', 'Self_Employed_0', 'Self_Employed_1', 'ApplicantIncome', 'CoapplicantIncome', 'LoanAmount', 'Loan_Amount_Term', 'Credit_History', 'Property_Area_0', 'Property_Area_1', 'Loan_Status']
2025-05-08 18:53:58,752 - INFO - [SYNTHETIC EVAL] Shape — Real: (336, 19), Synthetic: (336, 19)
2025-05-08 18:53:58,753 - INFO - [SYNTHETIC EVAL] Metadata structure:
{
  "columns": {
    "Gender_0": {
      "sdtype": "categorical"
    },
    "Gender_1": {
      "sdtype": "categorical"
    },
    "Married_0": {
      "sdtype": "categorical"
    },
    "Married_1": {
      "sdtype": "categorical"
    },
    "Dependents_0": {
      "sdtype": "categorical"
    },
    "Dependents_1": {
      "sdtype": "categorical"
    },
    "Dependents_2": {
      "sdtype": "categorical"
    },
    "Education_0": {
      "sdtype": "categorical"
    },
    "Education_1": {
      "sdtype": "categorical"
    },
    "Self_Employed_0": {
      "sdtype": "categorical"
    },
    "Self_Employed_1": {
      "sdtype": "categorical"
    },
    "ApplicantIncome": {
      "sdtype": "numerical"
    },
    "CoapplicantIncome": {
      "sdtype": "numerical"
    },
    "LoanAmount": {
      "sdtype": "numerical"
    },
    "Loan_Amount_Term": {
      "sdtype": "categorical"
    },
    "Credit_History": {
      "sdtype": "categorical"
    },
    "Property_Area_0": {
      "sdtype": "categorical"
    },
    "Property_Area_1": {
      "sdtype": "categorical"
    },
    "Loan_Status": {
      "sdtype": "categorical"
    }
  },
  "METADATA_SPEC_VERSION": "SINGLE_TABLE_V1"
}
2025-05-08 18:53:59,140 - INFO -  [SYNTHETIC PIPELINE]  Synthetic Data Evaluation Completed.
2025-05-08 18:53:59,146 - INFO -  [SYNTHETIC PIPELINE] Synthetic Data Report Generated Successfully.
2025-05-08 18:53:59,241 - INFO - [HYBRID] Generated hybrid dataset shape for CTGAN: (336, 19)
2025-05-08 18:53:59,241 - INFO - [HYBRID] Target distribution for CTGAN: {'Y': 228, 'N': 108}
2025-05-08 18:53:59,243 - INFO -  [HYBRID] Saved hybrid dataset to /mnt/NVMETank/Projects/Students/Dele/A-STUDY-INTO-THE-QUALITY-AND-USABILITY-OF-PRIVACY-FRIENDLY-SYNTHETIC-DATA/datasets/hybrid/loan_k7_l5_sup50_CTGAN_HYBRID.csv
2025-05-08 18:53:59,243 - INFO - [HYBRID] Generated hybrid dataset shape for GaussianCopula: (336, 19)
2025-05-08 18:53:59,243 - INFO - [HYBRID] Target distribution for GaussianCopula: {'Y': 226, 'N': 110}
2025-05-08 18:53:59,245 - INFO -  [HYBRID] Saved hybrid dataset to /mnt/NVMETank/Projects/Students/Dele/A-STUDY-INTO-THE-QUALITY-AND-USABILITY-OF-PRIVACY-FRIENDLY-SYNTHETIC-DATA/datasets/hybrid/loan_k7_l5_sup50_GaussianCopula_HYBRID.csv
2025-05-08 18:53:59,245 - INFO - [HYBRID] Generated hybrid dataset shape for TVAE: (336, 19)
2025-05-08 18:53:59,245 - INFO - [HYBRID] Target distribution for TVAE: {'Y': 329, 'N': 7}
2025-05-08 18:53:59,246 - INFO -  [HYBRID] Saved hybrid dataset to /mnt/NVMETank/Projects/Students/Dele/A-STUDY-INTO-THE-QUALITY-AND-USABILITY-OF-PRIVACY-FRIENDLY-SYNTHETIC-DATA/datasets/hybrid/loan_k7_l5_sup50_TVAE_HYBRID.csv
2025-05-08 18:53:59,247 - INFO -  [HYBRID] Hybrid pipeline complete — 3 dataset(s) ready.
2025-05-08 18:53:59,247 - INFO - [HYBRID] Total rows across all hybrid datasets: 1008
2025-05-08 18:53:59,247 - INFO - Hybrid pipeline completed successfully.
2025-05-08 18:53:59,247 - INFO - Hybrid pipeline duration: 28.93 seconds
2025-05-08 18:53:59,247 - INFO - Starting Utility...
2025-05-08 18:53:59,247 - INFO - [UTILITY] Preparing datasets for machine learning...
2025-05-08 18:53:59,247 - INFO - [UTILITY] Original Data - Training Size: 336, Testing Size: 144
2025-05-08 18:53:59,247 - INFO - [UTILITY] Target class distribution (Original): {'Y': 232, 'N': 104}
2025-05-08 18:53:59,248 - INFO - [UTILITY] Processing anonymized dataset...
2025-05-08 18:53:59,248 - INFO - [UTILITY] Anonymized Data - Training Size: 336
2025-05-08 18:53:59,248 - INFO - [UTILITY] Target class distribution (Anonymous): {'Y': 232, 'N': 104}
2025-05-08 18:53:59,248 - INFO - [UTILITY] Processing hybrid dataset generated by CTGAN...
2025-05-08 18:53:59,248 - INFO - [UTILITY] Hybrid Data (CTGAN_HYBRID) - Training Size: 336
2025-05-08 18:53:59,249 - INFO - [UTILITY] Target class distribution (CTGAN_HYBRID): {'Y': 228, 'N': 108}
2025-05-08 18:53:59,249 - INFO - [UTILITY] Processing hybrid dataset generated by GaussianCopula...
2025-05-08 18:53:59,249 - INFO - [UTILITY] Hybrid Data (GaussianCopula_HYBRID) - Training Size: 336
2025-05-08 18:53:59,249 - INFO - [UTILITY] Target class distribution (GaussianCopula_HYBRID): {'Y': 226, 'N': 110}
2025-05-08 18:53:59,249 - INFO - [UTILITY] Processing hybrid dataset generated by TVAE...
2025-05-08 18:53:59,250 - INFO - [UTILITY] Hybrid Data (TVAE_HYBRID) - Training Size: 336
2025-05-08 18:53:59,250 - INFO - [UTILITY] Target class distribution (TVAE_HYBRID): {'Y': 329, 'N': 7}
2025-05-08 18:53:59,250 - INFO - [UTILITY] Training models on all datasets...
2025-05-08 18:53:59,250 - INFO - [UTILITY] Total datasets used for training: 5
2025-05-08 18:53:59,250 - INFO - [TRAINING] Training models from scratch...
2025-05-08 18:53:59,250 - INFO - [TRAINING] Starting training for dataset: Original — Rows: 336, Features: 18
2025-05-08 18:53:59,250 - INFO - [TRAINING] Training DecisionTree on Original...
2025-05-08 18:53:59,252 - INFO - [TRAINING] DecisionTree trained successfully on Original in 0.00 sec
2025-05-08 18:53:59,253 - INFO - [TRAINING] Training KNN on Original...
2025-05-08 18:53:59,254 - INFO - [TRAINING] KNN trained successfully on Original in 0.00 sec
2025-05-08 18:53:59,254 - INFO - [TRAINING] Training LogisticRegression on Original...
2025-05-08 18:53:59,257 - INFO - [TRAINING] LogisticRegression trained successfully on Original in 0.00 sec
2025-05-08 18:53:59,258 - INFO - [TRAINING] Training RandomForest on Original...
2025-05-08 18:53:59,350 - INFO - [TRAINING] RandomForest trained successfully on Original in 0.09 sec
2025-05-08 18:53:59,350 - INFO - [TRAINING] Training SVM on Original...
2025-05-08 18:53:59,357 - INFO - [TRAINING] SVM trained successfully on Original in 0.01 sec
2025-05-08 18:53:59,357 - INFO - [TRAINING] Finished training 5 model(s) for dataset: Original
2025-05-08 18:53:59,357 - INFO - [TRAINING] Starting training for dataset: Anonymous — Rows: 336, Features: 18
2025-05-08 18:53:59,357 - INFO - [TRAINING] Training DecisionTree on Anonymous...
2025-05-08 18:53:59,360 - INFO - [TRAINING] DecisionTree trained successfully on Anonymous in 0.00 sec
2025-05-08 18:53:59,360 - INFO - [TRAINING] Training KNN on Anonymous...
2025-05-08 18:53:59,362 - INFO - [TRAINING] KNN trained successfully on Anonymous in 0.00 sec
2025-05-08 18:53:59,362 - INFO - [TRAINING] Training LogisticRegression on Anonymous...
2025-05-08 18:53:59,403 - INFO - [TRAINING] LogisticRegression trained successfully on Anonymous in 0.04 sec
2025-05-08 18:53:59,403 - INFO - [TRAINING] Training RandomForest on Anonymous...
2025-05-08 18:53:59,517 - INFO - [TRAINING] RandomForest trained successfully on Anonymous in 0.11 sec
2025-05-08 18:53:59,517 - INFO - [TRAINING] Training SVM on Anonymous...
2025-05-08 18:53:59,521 - INFO - [TRAINING] SVM trained successfully on Anonymous in 0.00 sec
2025-05-08 18:53:59,521 - INFO - [TRAINING] Finished training 5 model(s) for dataset: Anonymous
2025-05-08 18:53:59,521 - INFO - [TRAINING] Starting training for dataset: CTGAN_HYBRID — Rows: 336, Features: 18
2025-05-08 18:53:59,521 - INFO - [TRAINING] Training DecisionTree on CTGAN_HYBRID...
2025-05-08 18:53:59,523 - INFO - [TRAINING] DecisionTree trained successfully on CTGAN_HYBRID in 0.00 sec
2025-05-08 18:53:59,523 - INFO - [TRAINING] Training KNN on CTGAN_HYBRID...
2025-05-08 18:53:59,524 - INFO - [TRAINING] KNN trained successfully on CTGAN_HYBRID in 0.00 sec
2025-05-08 18:53:59,524 - INFO - [TRAINING] Training LogisticRegression on CTGAN_HYBRID...
2025-05-08 18:53:59,527 - INFO - [TRAINING] LogisticRegression trained successfully on CTGAN_HYBRID in 0.00 sec
2025-05-08 18:53:59,527 - INFO - [TRAINING] Training RandomForest on CTGAN_HYBRID...
2025-05-08 18:53:59,625 - INFO - [TRAINING] RandomForest trained successfully on CTGAN_HYBRID in 0.10 sec
2025-05-08 18:53:59,625 - INFO - [TRAINING] Training SVM on CTGAN_HYBRID...
2025-05-08 18:53:59,629 - INFO - [TRAINING] SVM trained successfully on CTGAN_HYBRID in 0.00 sec
2025-05-08 18:53:59,629 - INFO - [TRAINING] Finished training 5 model(s) for dataset: CTGAN_HYBRID
2025-05-08 18:53:59,629 - INFO - [TRAINING] Starting training for dataset: GaussianCopula_HYBRID — Rows: 336, Features: 18
2025-05-08 18:53:59,629 - INFO - [TRAINING] Training DecisionTree on GaussianCopula_HYBRID...
2025-05-08 18:53:59,631 - INFO - [TRAINING] DecisionTree trained successfully on GaussianCopula_HYBRID in 0.00 sec
2025-05-08 18:53:59,631 - INFO - [TRAINING] Training KNN on GaussianCopula_HYBRID...
2025-05-08 18:53:59,632 - INFO - [TRAINING] KNN trained successfully on GaussianCopula_HYBRID in 0.00 sec
2025-05-08 18:53:59,632 - INFO - [TRAINING] Training LogisticRegression on GaussianCopula_HYBRID...
2025-05-08 18:53:59,635 - INFO - [TRAINING] LogisticRegression trained successfully on GaussianCopula_HYBRID in 0.00 sec
2025-05-08 18:53:59,635 - INFO - [TRAINING] Training RandomForest on GaussianCopula_HYBRID...
2025-05-08 18:53:59,756 - INFO - [TRAINING] RandomForest trained successfully on GaussianCopula_HYBRID in 0.12 sec
2025-05-08 18:53:59,757 - INFO - [TRAINING] Training SVM on GaussianCopula_HYBRID...
2025-05-08 18:53:59,763 - INFO - [TRAINING] SVM trained successfully on GaussianCopula_HYBRID in 0.01 sec
2025-05-08 18:53:59,763 - INFO - [TRAINING] Finished training 5 model(s) for dataset: GaussianCopula_HYBRID
2025-05-08 18:53:59,763 - INFO - [TRAINING] Starting training for dataset: TVAE_HYBRID — Rows: 336, Features: 18
2025-05-08 18:53:59,764 - INFO - [TRAINING] Training DecisionTree on TVAE_HYBRID...
2025-05-08 18:53:59,766 - INFO - [TRAINING] DecisionTree trained successfully on TVAE_HYBRID in 0.00 sec
2025-05-08 18:53:59,766 - INFO - [TRAINING] Training KNN on TVAE_HYBRID...
2025-05-08 18:53:59,767 - INFO - [TRAINING] KNN trained successfully on TVAE_HYBRID in 0.00 sec
2025-05-08 18:53:59,767 - INFO - [TRAINING] Training LogisticRegression on TVAE_HYBRID...
2025-05-08 18:53:59,773 - INFO - [TRAINING] LogisticRegression trained successfully on TVAE_HYBRID in 0.01 sec
2025-05-08 18:53:59,773 - INFO - [TRAINING] Training RandomForest on TVAE_HYBRID...
2025-05-08 18:53:59,871 - INFO - [TRAINING] RandomForest trained successfully on TVAE_HYBRID in 0.10 sec
2025-05-08 18:53:59,872 - INFO - [TRAINING] Training SVM on TVAE_HYBRID...
2025-05-08 18:53:59,873 - INFO - [TRAINING] SVM trained successfully on TVAE_HYBRID in 0.00 sec
2025-05-08 18:53:59,873 - INFO - [TRAINING] Finished training 5 model(s) for dataset: TVAE_HYBRID
2025-05-08 18:53:59,873 - INFO - [TRAINING] Total models trained across all datasets: 25
2025-05-08 18:53:59,873 - INFO - [UTILITY] Trained model names: ['Original', 'Anonymous', 'CTGAN_HYBRID', 'GaussianCopula_HYBRID', 'TVAE_HYBRID']
2025-05-08 18:53:59,873 - INFO - [UTILITY] Model Training Completed.
2025-05-08 18:53:59,873 - INFO - Starting the Evaluating of models...
2025-05-08 18:53:59,873 - INFO - Preparing evaluation for model 'DecisionTree' across all datasets...
2025-05-08 18:53:59,873 - INFO - Evaluating DecisionTree on Original...
2025-05-08 18:53:59,875 - INFO - Predictions completed for DecisionTree on Original
2025-05-08 18:53:59,875 - INFO - Prediction distribution for DecisionTree on Original: {'Y': 93, 'N': 51}
2025-05-08 18:53:59,883 - INFO - Computed 8 metric(s) for DecisionTree on Original
2025-05-08 18:53:59,884 - INFO - Evaluating DecisionTree on Anonymous...
2025-05-08 18:53:59,885 - INFO - Predictions completed for DecisionTree on Anonymous
2025-05-08 18:53:59,885 - INFO - Prediction distribution for DecisionTree on Anonymous: {'Y': 77, 'N': 67}
2025-05-08 18:53:59,893 - INFO - Computed 8 metric(s) for DecisionTree on Anonymous
2025-05-08 18:53:59,894 - INFO - Evaluating DecisionTree on CTGAN_HYBRID...
2025-05-08 18:53:59,895 - INFO - Predictions completed for DecisionTree on CTGAN_HYBRID
2025-05-08 18:53:59,895 - INFO - Prediction distribution for DecisionTree on CTGAN_HYBRID: {'Y': 104, 'N': 40}
2025-05-08 18:53:59,908 - INFO - Computed 8 metric(s) for DecisionTree on CTGAN_HYBRID
2025-05-08 18:53:59,908 - INFO - Evaluating DecisionTree on GaussianCopula_HYBRID...
2025-05-08 18:53:59,909 - INFO - Predictions completed for DecisionTree on GaussianCopula_HYBRID
2025-05-08 18:53:59,909 - INFO - Prediction distribution for DecisionTree on GaussianCopula_HYBRID: {'Y': 113, 'N': 31}
2025-05-08 18:53:59,917 - INFO - Computed 8 metric(s) for DecisionTree on GaussianCopula_HYBRID
2025-05-08 18:53:59,918 - INFO - Evaluating DecisionTree on TVAE_HYBRID...
2025-05-08 18:53:59,918 - INFO - Predictions completed for DecisionTree on TVAE_HYBRID
2025-05-08 18:53:59,919 - INFO - Prediction distribution for DecisionTree on TVAE_HYBRID: {'Y': 109, 'N': 35}
2025-05-08 18:53:59,931 - INFO - Computed 8 metric(s) for DecisionTree on TVAE_HYBRID
2025-05-08 18:53:59,931 - INFO - Preparing evaluation for model 'KNN' across all datasets...
2025-05-08 18:53:59,931 - INFO - Evaluating KNN on Original...
2025-05-08 18:53:59,940 - INFO - Predictions completed for KNN on Original
2025-05-08 18:53:59,940 - INFO - Prediction distribution for KNN on Original: {'Y': 115, 'N': 29}
2025-05-08 18:53:59,952 - INFO - Computed 8 metric(s) for KNN on Original
2025-05-08 18:53:59,953 - INFO - Evaluating KNN on Anonymous...
2025-05-08 18:53:59,958 - INFO - Predictions completed for KNN on Anonymous
2025-05-08 18:53:59,959 - INFO - Prediction distribution for KNN on Anonymous: {'Y': 114, 'N': 30}
2025-05-08 18:53:59,970 - INFO - Computed 8 metric(s) for KNN on Anonymous
2025-05-08 18:53:59,970 - INFO - Evaluating KNN on CTGAN_HYBRID...
2025-05-08 18:53:59,975 - INFO - Predictions completed for KNN on CTGAN_HYBRID
2025-05-08 18:53:59,976 - INFO - Prediction distribution for KNN on CTGAN_HYBRID: {'Y': 109, 'N': 35}
2025-05-08 18:53:59,986 - INFO - Computed 8 metric(s) for KNN on CTGAN_HYBRID
2025-05-08 18:53:59,987 - INFO - Evaluating KNN on GaussianCopula_HYBRID...
2025-05-08 18:53:59,992 - INFO - Predictions completed for KNN on GaussianCopula_HYBRID
2025-05-08 18:53:59,993 - INFO - Prediction distribution for KNN on GaussianCopula_HYBRID: {'Y': 130, 'N': 14}
2025-05-08 18:54:00,095 - INFO - Computed 8 metric(s) for KNN on GaussianCopula_HYBRID
2025-05-08 18:54:00,095 - INFO - Evaluating KNN on TVAE_HYBRID...
2025-05-08 18:54:00,101 - INFO - Predictions completed for KNN on TVAE_HYBRID
2025-05-08 18:54:00,102 - INFO - Prediction distribution for KNN on TVAE_HYBRID: {'Y': 144}
2025-05-08 18:54:00,102 - WARNING -  [WARNING] :KNN on TVAE_HYBRID predicted only one class: {'Y'}
2025-05-08 18:54:00,103 - WARNING - [UndefinedMetricWarning] Precision is ill-defined and being set to 0.0 in labels with no predicted samples. Use `zero_division` parameter to control this behavior. (from /mnt/NVMETank/Projects/Students/Dele/A-STUDY-INTO-THE-QUALITY-AND-USABILITY-OF-PRIVACY-FRIENDLY-SYNTHETIC-DATA/.venv/lib/python3.12/site-packages/sklearn/metrics/_classification.py:1565)
2025-05-08 18:54:00,104 - WARNING - [UndefinedMetricWarning] Precision is ill-defined and being set to 0.0 in labels with no predicted samples. Use `zero_division` parameter to control this behavior. (from /mnt/NVMETank/Projects/Students/Dele/A-STUDY-INTO-THE-QUALITY-AND-USABILITY-OF-PRIVACY-FRIENDLY-SYNTHETIC-DATA/.venv/lib/python3.12/site-packages/sklearn/metrics/_classification.py:1565)
2025-05-08 18:54:00,106 - WARNING - [UndefinedMetricWarning] Precision is ill-defined and being set to 0.0 in labels with no predicted samples. Use `zero_division` parameter to control this behavior. (from /mnt/NVMETank/Projects/Students/Dele/A-STUDY-INTO-THE-QUALITY-AND-USABILITY-OF-PRIVACY-FRIENDLY-SYNTHETIC-DATA/.venv/lib/python3.12/site-packages/sklearn/metrics/_classification.py:1565)
2025-05-08 18:54:00,113 - INFO - Computed 8 metric(s) for KNN on TVAE_HYBRID
2025-05-08 18:54:00,113 - INFO - Preparing evaluation for model 'LogisticRegression' across all datasets...
2025-05-08 18:54:00,113 - INFO - Evaluating LogisticRegression on Original...
2025-05-08 18:54:00,114 - INFO - Predictions completed for LogisticRegression on Original
2025-05-08 18:54:00,114 - INFO - Prediction distribution for LogisticRegression on Original: {'Y': 115, 'N': 29}
2025-05-08 18:54:00,123 - INFO - Computed 8 metric(s) for LogisticRegression on Original
2025-05-08 18:54:00,123 - INFO - Evaluating LogisticRegression on Anonymous...
2025-05-08 18:54:00,124 - INFO - Predictions completed for LogisticRegression on Anonymous
2025-05-08 18:54:00,124 - INFO - Prediction distribution for LogisticRegression on Anonymous: {'Y': 82, 'N': 62}
2025-05-08 18:54:00,136 - INFO - Computed 8 metric(s) for LogisticRegression on Anonymous
2025-05-08 18:54:00,136 - INFO - Evaluating LogisticRegression on CTGAN_HYBRID...
2025-05-08 18:54:00,138 - INFO - Predictions completed for LogisticRegression on CTGAN_HYBRID
2025-05-08 18:54:00,138 - INFO - Prediction distribution for LogisticRegression on CTGAN_HYBRID: {'Y': 138, 'N': 6}
2025-05-08 18:54:00,150 - INFO - Computed 8 metric(s) for LogisticRegression on CTGAN_HYBRID
2025-05-08 18:54:00,150 - INFO - Evaluating LogisticRegression on GaussianCopula_HYBRID...
2025-05-08 18:54:00,151 - INFO - Predictions completed for LogisticRegression on GaussianCopula_HYBRID
2025-05-08 18:54:00,151 - INFO - Prediction distribution for LogisticRegression on GaussianCopula_HYBRID: {'Y': 96, 'N': 48}
2025-05-08 18:54:00,163 - INFO - Computed 8 metric(s) for LogisticRegression on GaussianCopula_HYBRID
2025-05-08 18:54:00,163 - INFO - Evaluating LogisticRegression on TVAE_HYBRID...
2025-05-08 18:54:00,164 - INFO - Predictions completed for LogisticRegression on TVAE_HYBRID
2025-05-08 18:54:00,165 - INFO - Prediction distribution for LogisticRegression on TVAE_HYBRID: {'Y': 130, 'N': 14}
2025-05-08 18:54:00,176 - INFO - Computed 8 metric(s) for LogisticRegression on TVAE_HYBRID
2025-05-08 18:54:00,176 - INFO - Preparing evaluation for model 'RandomForest' across all datasets...
2025-05-08 18:54:00,176 - INFO - Evaluating RandomForest on Original...
2025-05-08 18:54:00,183 - INFO - Predictions completed for RandomForest on Original
2025-05-08 18:54:00,184 - INFO - Prediction distribution for RandomForest on Original: {'Y': 107, 'N': 37}
2025-05-08 18:54:00,206 - INFO - Computed 8 metric(s) for RandomForest on Original
2025-05-08 18:54:00,206 - INFO - Evaluating RandomForest on Anonymous...
2025-05-08 18:54:00,213 - INFO - Predictions completed for RandomForest on Anonymous
2025-05-08 18:54:00,213 - INFO - Prediction distribution for RandomForest on Anonymous: {'Y': 81, 'N': 63}
2025-05-08 18:54:00,232 - INFO - Computed 8 metric(s) for RandomForest on Anonymous
2025-05-08 18:54:00,232 - INFO - Evaluating RandomForest on CTGAN_HYBRID...
2025-05-08 18:54:00,237 - INFO - Predictions completed for RandomForest on CTGAN_HYBRID
2025-05-08 18:54:00,238 - INFO - Prediction distribution for RandomForest on CTGAN_HYBRID: {'Y': 126, 'N': 18}
2025-05-08 18:54:00,254 - INFO - Computed 8 metric(s) for RandomForest on CTGAN_HYBRID
2025-05-08 18:54:00,254 - INFO - Evaluating RandomForest on GaussianCopula_HYBRID...
2025-05-08 18:54:00,260 - INFO - Predictions completed for RandomForest on GaussianCopula_HYBRID
2025-05-08 18:54:00,260 - INFO - Prediction distribution for RandomForest on GaussianCopula_HYBRID: {'Y': 113, 'N': 31}
2025-05-08 18:54:00,276 - INFO - Computed 8 metric(s) for RandomForest on GaussianCopula_HYBRID
2025-05-08 18:54:00,277 - INFO - Evaluating RandomForest on TVAE_HYBRID...
2025-05-08 18:54:00,281 - INFO - Predictions completed for RandomForest on TVAE_HYBRID
2025-05-08 18:54:00,282 - INFO - Prediction distribution for RandomForest on TVAE_HYBRID: {'Y': 126, 'N': 18}
2025-05-08 18:54:00,298 - INFO - Computed 8 metric(s) for RandomForest on TVAE_HYBRID
2025-05-08 18:54:00,298 - INFO - Preparing evaluation for model 'SVM' across all datasets...
2025-05-08 18:54:00,298 - INFO - Evaluating SVM on Original...
2025-05-08 18:54:00,300 - INFO - Predictions completed for SVM on Original
2025-05-08 18:54:00,300 - INFO - Prediction distribution for SVM on Original: {'Y': 144}
2025-05-08 18:54:00,300 - WARNING -  [WARNING] :SVM on Original predicted only one class: {'Y'}
2025-05-08 18:54:00,301 - WARNING - [UndefinedMetricWarning] Precision is ill-defined and being set to 0.0 in labels with no predicted samples. Use `zero_division` parameter to control this behavior. (from /mnt/NVMETank/Projects/Students/Dele/A-STUDY-INTO-THE-QUALITY-AND-USABILITY-OF-PRIVACY-FRIENDLY-SYNTHETIC-DATA/.venv/lib/python3.12/site-packages/sklearn/metrics/_classification.py:1565)
2025-05-08 18:54:00,303 - WARNING - [UndefinedMetricWarning] Precision is ill-defined and being set to 0.0 in labels with no predicted samples. Use `zero_division` parameter to control this behavior. (from /mnt/NVMETank/Projects/Students/Dele/A-STUDY-INTO-THE-QUALITY-AND-USABILITY-OF-PRIVACY-FRIENDLY-SYNTHETIC-DATA/.venv/lib/python3.12/site-packages/sklearn/metrics/_classification.py:1565)
2025-05-08 18:54:00,304 - WARNING - [UndefinedMetricWarning] Precision is ill-defined and being set to 0.0 in labels with no predicted samples. Use `zero_division` parameter to control this behavior. (from /mnt/NVMETank/Projects/Students/Dele/A-STUDY-INTO-THE-QUALITY-AND-USABILITY-OF-PRIVACY-FRIENDLY-SYNTHETIC-DATA/.venv/lib/python3.12/site-packages/sklearn/metrics/_classification.py:1565)
2025-05-08 18:54:00,306 - INFO - Computed 8 metric(s) for SVM on Original
2025-05-08 18:54:00,306 - INFO - Evaluating SVM on Anonymous...
2025-05-08 18:54:00,308 - INFO - Predictions completed for SVM on Anonymous
2025-05-08 18:54:00,308 - INFO - Prediction distribution for SVM on Anonymous: {'Y': 144}
2025-05-08 18:54:00,308 - WARNING -  [WARNING] :SVM on Anonymous predicted only one class: {'Y'}
2025-05-08 18:54:00,310 - WARNING - [UndefinedMetricWarning] Precision is ill-defined and being set to 0.0 in labels with no predicted samples. Use `zero_division` parameter to control this behavior. (from /mnt/NVMETank/Projects/Students/Dele/A-STUDY-INTO-THE-QUALITY-AND-USABILITY-OF-PRIVACY-FRIENDLY-SYNTHETIC-DATA/.venv/lib/python3.12/site-packages/sklearn/metrics/_classification.py:1565)
2025-05-08 18:54:00,311 - WARNING - [UndefinedMetricWarning] Precision is ill-defined and being set to 0.0 in labels with no predicted samples. Use `zero_division` parameter to control this behavior. (from /mnt/NVMETank/Projects/Students/Dele/A-STUDY-INTO-THE-QUALITY-AND-USABILITY-OF-PRIVACY-FRIENDLY-SYNTHETIC-DATA/.venv/lib/python3.12/site-packages/sklearn/metrics/_classification.py:1565)
2025-05-08 18:54:00,312 - WARNING - [UndefinedMetricWarning] Precision is ill-defined and being set to 0.0 in labels with no predicted samples. Use `zero_division` parameter to control this behavior. (from /mnt/NVMETank/Projects/Students/Dele/A-STUDY-INTO-THE-QUALITY-AND-USABILITY-OF-PRIVACY-FRIENDLY-SYNTHETIC-DATA/.venv/lib/python3.12/site-packages/sklearn/metrics/_classification.py:1565)
2025-05-08 18:54:00,314 - INFO - Computed 8 metric(s) for SVM on Anonymous
2025-05-08 18:54:00,314 - INFO - Evaluating SVM on CTGAN_HYBRID...
2025-05-08 18:54:00,316 - INFO - Predictions completed for SVM on CTGAN_HYBRID
2025-05-08 18:54:00,316 - INFO - Prediction distribution for SVM on CTGAN_HYBRID: {'Y': 144}
2025-05-08 18:54:00,316 - WARNING -  [WARNING] :SVM on CTGAN_HYBRID predicted only one class: {'Y'}
2025-05-08 18:54:00,318 - WARNING - [UndefinedMetricWarning] Precision is ill-defined and being set to 0.0 in labels with no predicted samples. Use `zero_division` parameter to control this behavior. (from /mnt/NVMETank/Projects/Students/Dele/A-STUDY-INTO-THE-QUALITY-AND-USABILITY-OF-PRIVACY-FRIENDLY-SYNTHETIC-DATA/.venv/lib/python3.12/site-packages/sklearn/metrics/_classification.py:1565)
2025-05-08 18:54:00,319 - WARNING - [UndefinedMetricWarning] Precision is ill-defined and being set to 0.0 in labels with no predicted samples. Use `zero_division` parameter to control this behavior. (from /mnt/NVMETank/Projects/Students/Dele/A-STUDY-INTO-THE-QUALITY-AND-USABILITY-OF-PRIVACY-FRIENDLY-SYNTHETIC-DATA/.venv/lib/python3.12/site-packages/sklearn/metrics/_classification.py:1565)
2025-05-08 18:54:00,320 - WARNING - [UndefinedMetricWarning] Precision is ill-defined and being set to 0.0 in labels with no predicted samples. Use `zero_division` parameter to control this behavior. (from /mnt/NVMETank/Projects/Students/Dele/A-STUDY-INTO-THE-QUALITY-AND-USABILITY-OF-PRIVACY-FRIENDLY-SYNTHETIC-DATA/.venv/lib/python3.12/site-packages/sklearn/metrics/_classification.py:1565)
2025-05-08 18:54:00,322 - INFO - Computed 8 metric(s) for SVM on CTGAN_HYBRID
2025-05-08 18:54:00,322 - INFO - Evaluating SVM on GaussianCopula_HYBRID...
2025-05-08 18:54:00,324 - INFO - Predictions completed for SVM on GaussianCopula_HYBRID
2025-05-08 18:54:00,324 - INFO - Prediction distribution for SVM on GaussianCopula_HYBRID: {'Y': 142, 'N': 2}
2025-05-08 18:54:00,329 - INFO - Computed 8 metric(s) for SVM on GaussianCopula_HYBRID
2025-05-08 18:54:00,330 - INFO - Evaluating SVM on TVAE_HYBRID...
2025-05-08 18:54:00,331 - INFO - Predictions completed for SVM on TVAE_HYBRID
2025-05-08 18:54:00,331 - INFO - Prediction distribution for SVM on TVAE_HYBRID: {'Y': 144}
2025-05-08 18:54:00,331 - WARNING -  [WARNING] :SVM on TVAE_HYBRID predicted only one class: {'Y'}
2025-05-08 18:54:00,332 - WARNING - [UndefinedMetricWarning] Precision is ill-defined and being set to 0.0 in labels with no predicted samples. Use `zero_division` parameter to control this behavior. (from /mnt/NVMETank/Projects/Students/Dele/A-STUDY-INTO-THE-QUALITY-AND-USABILITY-OF-PRIVACY-FRIENDLY-SYNTHETIC-DATA/.venv/lib/python3.12/site-packages/sklearn/metrics/_classification.py:1565)
2025-05-08 18:54:00,334 - WARNING - [UndefinedMetricWarning] Precision is ill-defined and being set to 0.0 in labels with no predicted samples. Use `zero_division` parameter to control this behavior. (from /mnt/NVMETank/Projects/Students/Dele/A-STUDY-INTO-THE-QUALITY-AND-USABILITY-OF-PRIVACY-FRIENDLY-SYNTHETIC-DATA/.venv/lib/python3.12/site-packages/sklearn/metrics/_classification.py:1565)
2025-05-08 18:54:00,335 - WARNING - [UndefinedMetricWarning] Precision is ill-defined and being set to 0.0 in labels with no predicted samples. Use `zero_division` parameter to control this behavior. (from /mnt/NVMETank/Projects/Students/Dele/A-STUDY-INTO-THE-QUALITY-AND-USABILITY-OF-PRIVACY-FRIENDLY-SYNTHETIC-DATA/.venv/lib/python3.12/site-packages/sklearn/metrics/_classification.py:1565)
2025-05-08 18:54:00,337 - INFO - Computed 8 metric(s) for SVM on TVAE_HYBRID
2025-05-08 18:54:00,340 - INFO - Evaluation completed for all models.
2025-05-08 18:54:00,340 - INFO - Model evaluation completed in 0.47 seconds.
2025-05-08 18:54:00,343 - INFO - Evaluated models: ['DecisionTree', 'KNN', 'LogisticRegression', 'RandomForest', 'SVM']
2025-05-08 18:54:00,343 - INFO - Model Training and Evaluation completed.
2025-05-08 18:54:01,000 - INFO -  Visualizations saved.
2025-05-08 18:54:01,001 - INFO -  Benchmarking Completed. Results saved in output folder.
