2025-05-08 18:49:54,019 - INFO - Loaded config file: configs/generated_configs/loan/loan_anon_k4_sl0p1_l2.yaml
2025-05-08 18:49:54,019 - INFO -  Benchmarking started for dataset: loan
2025-05-08 18:49:54,019 - INFO - Using dataset path: /mnt/NVMETank/Projects/Students/Dele/A-STUDY-INTO-THE-QUALITY-AND-USABILITY-OF-PRIVACY-FRIENDLY-SYNTHETIC-DATA/datasets/original/loan.csv
2025-05-08 18:49:54,019 - INFO - Target column: Loan_Status, separator: ','
2025-05-08 18:49:54,019 - INFO - Configuration loaded: enable_anonymization = True, enable_synthesis = False, enable_hybrid = True, enable_utility = True, delete_after_evaluation = False
2025-05-08 18:49:54,019 - INFO - Running preprocessing...
2025-05-08 18:49:54,027 - INFO -  [PREPROCESSING] Preprocessed files found. Skipping preprocessing.
2025-05-08 18:49:54,035 - INFO - Preprocessing completed. Rows before: 614, after: 336
2025-05-08 18:49:54,035 - INFO - Preprocessed data saved to: outputs/batch/loan_batch_2025-05-08_18-38-44/loan_anon_k4_sl0p1_l2/preprocessing_report.txt
2025-05-08 18:49:54,035 - INFO - enable_anonymization = True
2025-05-08 18:49:54,035 - INFO - Starting Anonymization Pipeline with output path: /mnt/NVMETank/Projects/Students/Dele/A-STUDY-INTO-THE-QUALITY-AND-USABILITY-OF-PRIVACY-FRIENDLY-SYNTHETIC-DATA/datasets/anonymized/loan_k4_l2_sup10_anonymized.csv.......
2025-05-08 18:49:54,040 - INFO -  [ANONYMIZATION] Executing run_anonymization, config_path : configs/generated_configs/loan/loan_anon_k4_sl0p1_l2.yaml...........
2025-05-08 18:49:54,040 - INFO -  [ANONYMIZATION] Using JAR file at /mnt/NVMETank/Projects/Students/Dele/A-STUDY-INTO-THE-QUALITY-AND-USABILITY-OF-PRIVACY-FRIENDLY-SYNTHETIC-DATA/src/anonymization/anonymARXij/bin/anonymARXij.jar to anonymize the dataset.
2025-05-08 18:49:55,309 - INFO -  [ANONYMIZATION] Anonimized file saved to : /mnt/NVMETank/Projects/Students/Dele/A-STUDY-INTO-THE-QUALITY-AND-USABILITY-OF-PRIVACY-FRIENDLY-SYNTHETIC-DATA/datasets/anonymized/loan_k4_l2_sup10_anonymized.csv
2025-05-08 18:49:55,309 - INFO -  [ANONYMIZATION] Java anonymization completed successfully.
2025-05-08 18:49:55,309 - INFO -  [ANONYMIZATION] Java STDOUT:
📄 Java received config path: /mnt/NVMETank/Projects/Students/Dele/A-STUDY-INTO-THE-QUALITY-AND-USABILITY-OF-PRIVACY-FRIENDLY-SYNTHETIC-DATA/configs/generated_configs/loan/loan_anon_k4_sl0p1_l2.yaml
🔹 Loading config from: /mnt/NVMETank/Projects/Students/Dele/A-STUDY-INTO-THE-QUALITY-AND-USABILITY-OF-PRIVACY-FRIENDLY-SYNTHETIC-DATA/configs/generated_configs/loan/loan_anon_k4_sl0p1_l2.yaml
Loading config from: /mnt/NVMETank/Projects/Students/Dele/A-STUDY-INTO-THE-QUALITY-AND-USABILITY-OF-PRIVACY-FRIENDLY-SYNTHETIC-DATA/configs/generated_configs/loan/loan_anon_k4_sl0p1_l2.yaml
📂 Dataset Path (from args): /mnt/NVMETank/Projects/Students/Dele/A-STUDY-INTO-THE-QUALITY-AND-USABILITY-OF-PRIVACY-FRIENDLY-SYNTHETIC-DATA/datasets/train/loan_train_raw.csv
🔹 Dataset Separator: ,
🔹 Suppression Limit: 0.1

🔹 Configured Attributes:
  ✅ Quasi-Identifier: Gender
  ✅ Quasi-Identifier: Married
  ✅ Quasi-Identifier: Education
  ✅ Quasi-Identifier: Dependents
  ✅ Quasi-Identifier: Self_Employed
  ✅ Quasi-Identifier: Property_Area
  ✅ Quasi-Identifier: Credit_History
  ✅ Quasi-Identifier: Loan_Amount_Term
  ✅ Sensitive Attribute: LoanAmount
  ✅ Insensitive Attribute: Loan_Status
  ✅ Insensitive Attribute: ApplicantIncome
  ✅ Insensitive Attribute: CoapplicantIncome

🔹 Defined Hierarchies:
  ✅ Property_Area -> /mnt/NVMETank/Projects/Students/Dele/A-STUDY-INTO-THE-QUALITY-AND-USABILITY-OF-PRIVACY-FRIENDLY-SYNTHETIC-DATA/src/anonymization/anonymARXij/src/hierarchies_loan/property_area.csv
  ✅ Self_Employed -> /mnt/NVMETank/Projects/Students/Dele/A-STUDY-INTO-THE-QUALITY-AND-USABILITY-OF-PRIVACY-FRIENDLY-SYNTHETIC-DATA/src/anonymization/anonymARXij/src/hierarchies_loan/self_employed.csv
  ✅ Credit_History -> /mnt/NVMETank/Projects/Students/Dele/A-STUDY-INTO-THE-QUALITY-AND-USABILITY-OF-PRIVACY-FRIENDLY-SYNTHETIC-DATA/src/anonymization/anonymARXij/src/hierarchies_loan/credit_history.csv
  ✅ Dependents -> /mnt/NVMETank/Projects/Students/Dele/A-STUDY-INTO-THE-QUALITY-AND-USABILITY-OF-PRIVACY-FRIENDLY-SYNTHETIC-DATA/src/anonymization/anonymARXij/src/hierarchies_loan/dependents.csv
  ✅ Education -> /mnt/NVMETank/Projects/Students/Dele/A-STUDY-INTO-THE-QUALITY-AND-USABILITY-OF-PRIVACY-FRIENDLY-SYNTHETIC-DATA/src/anonymization/anonymARXij/src/hierarchies_loan/education.csv
  ✅ Loan_Amount_Term -> /mnt/NVMETank/Projects/Students/Dele/A-STUDY-INTO-THE-QUALITY-AND-USABILITY-OF-PRIVACY-FRIENDLY-SYNTHETIC-DATA/src/anonymization/anonymARXij/src/hierarchies_loan/loan_amount_terms.csv
  ✅ Married -> /mnt/NVMETank/Projects/Students/Dele/A-STUDY-INTO-THE-QUALITY-AND-USABILITY-OF-PRIVACY-FRIENDLY-SYNTHETIC-DATA/src/anonymization/anonymARXij/src/hierarchies_loan/married.csv
  ✅ Gender -> /mnt/NVMETank/Projects/Students/Dele/A-STUDY-INTO-THE-QUALITY-AND-USABILITY-OF-PRIVACY-FRIENDLY-SYNTHETIC-DATA/src/anonymization/anonymARXij/src/hierarchies_loan/gender.csv
Java is searching for hierarchy file at: /mnt/NVMETank/Projects/Students/Dele/A-STUDY-INTO-THE-QUALITY-AND-USABILITY-OF-PRIVACY-FRIENDLY-SYNTHETIC-DATA/src/anonymization/anonymARXij/src/hierarchies_loan/property_area.csv
Java is searching for hierarchy file at: /mnt/NVMETank/Projects/Students/Dele/A-STUDY-INTO-THE-QUALITY-AND-USABILITY-OF-PRIVACY-FRIENDLY-SYNTHETIC-DATA/src/anonymization/anonymARXij/src/hierarchies_loan/self_employed.csv
Java is searching for hierarchy file at: /mnt/NVMETank/Projects/Students/Dele/A-STUDY-INTO-THE-QUALITY-AND-USABILITY-OF-PRIVACY-FRIENDLY-SYNTHETIC-DATA/src/anonymization/anonymARXij/src/hierarchies_loan/credit_history.csv
Java is searching for hierarchy file at: /mnt/NVMETank/Projects/Students/Dele/A-STUDY-INTO-THE-QUALITY-AND-USABILITY-OF-PRIVACY-FRIENDLY-SYNTHETIC-DATA/src/anonymization/anonymARXij/src/hierarchies_loan/dependents.csv
Java is searching for hierarchy file at: /mnt/NVMETank/Projects/Students/Dele/A-STUDY-INTO-THE-QUALITY-AND-USABILITY-OF-PRIVACY-FRIENDLY-SYNTHETIC-DATA/src/anonymization/anonymARXij/src/hierarchies_loan/education.csv
Java is searching for hierarchy file at: /mnt/NVMETank/Projects/Students/Dele/A-STUDY-INTO-THE-QUALITY-AND-USABILITY-OF-PRIVACY-FRIENDLY-SYNTHETIC-DATA/src/anonymization/anonymARXij/src/hierarchies_loan/loan_amount_terms.csv
Java is searching for hierarchy file at: /mnt/NVMETank/Projects/Students/Dele/A-STUDY-INTO-THE-QUALITY-AND-USABILITY-OF-PRIVACY-FRIENDLY-SYNTHETIC-DATA/src/anonymization/anonymARXij/src/hierarchies_loan/married.csv
Java is searching for hierarchy file at: /mnt/NVMETank/Projects/Students/Dele/A-STUDY-INTO-THE-QUALITY-AND-USABILITY-OF-PRIVACY-FRIENDLY-SYNTHETIC-DATA/src/anonymization/anonymARXij/src/hierarchies_loan/gender.csv
✓ Applied Entropy L-Diversity on: LoanAmount (l=2)
🔹 Privacy Models Configured
📂 Anonymized Output Path (from args): /mnt/NVMETank/Projects/Students/Dele/A-STUDY-INTO-THE-QUALITY-AND-USABILITY-OF-PRIVACY-FRIENDLY-SYNTHETIC-DATA/datasets/anonymized/loan_k4_l2_sup10_anonymized.csv
📂 Anonymized Output Path: /mnt/NVMETank/Projects/Students/Dele/A-STUDY-INTO-THE-QUALITY-AND-USABILITY-OF-PRIVACY-FRIENDLY-SYNTHETIC-DATA/datasets/anonymized/loan_k4_l2_sup10_anonymized.csv
✅ Anonymization completed. Output saved to: /mnt/NVMETank/Projects/Students/Dele/A-STUDY-INTO-THE-QUALITY-AND-USABILITY-OF-PRIVACY-FRIENDLY-SYNTHETIC-DATA/datasets/anonymized/loan_k4_l2_sup10_anonymized.csv
Anonymized Data Quality Metrics:
 - Ambiguity: 0.9036068973043763
 - AECS: 0.9534137395965581
 - Discernibility: 0.7813347067114822
 - Granularity: 0.6383130539281959
 - MSE: 0.7775537634408602
 - Non-Uniform Entropy: 0.4433810194586798
 - Precision: 0.6051587301587306
 - Record-level SE: 0.6214233199741104
Equivalence Class Statistics:
 - Number of Classes: 17
 - Average Class Size: 17.941176470588236
Suppression Statistics:
 - Suppressed Records: 31
 - Suppression Percentage: 9.23%
2025-05-08 18:49:55,310 - INFO - Anonymized data saved to: /mnt/NVMETank/Projects/Students/Dele/A-STUDY-INTO-THE-QUALITY-AND-USABILITY-OF-PRIVACY-FRIENDLY-SYNTHETIC-DATA/datasets/anonymized/loan_k4_l2_sup10_anonymized.csv
2025-05-08 18:49:55,318 - INFO - Anonymous data report saved at: outputs/batch/loan_batch_2025-05-08_18-38-44/loan_anon_k4_sl0p1_l2/anonymous_data_report.txt
2025-05-08 18:49:55,318 - INFO -  [POSTPROCESSING] Postprocessing anonymized data: /mnt/NVMETank/Projects/Students/Dele/A-STUDY-INTO-THE-QUALITY-AND-USABILITY-OF-PRIVACY-FRIENDLY-SYNTHETIC-DATA/datasets/anonymized/loan_k4_l2_sup10_anonymized.csv
2025-05-08 18:49:55,320 - INFO -  [POSTPROCESSING] Loaded anonymized data: (336, 12)
2025-05-08 18:49:55,324 - INFO -  [POSTPROCESSING] Loaded fallback maps from training data. Categorical cols: 7, Numeric cols: 5
2025-05-08 18:49:55,324 - INFO -  [POSTPROCESSING] Normalizing anonymized data using ARX artifact cleaning and fallback values.
2025-05-08 18:49:55,336 - INFO -  [POSTPROCESSING] Normalized anonymized data saved to: /mnt/NVMETank/Projects/Students/Dele/A-STUDY-INTO-THE-QUALITY-AND-USABILITY-OF-PRIVACY-FRIENDLY-SYNTHETIC-DATA/datasets/anonymized/loan_k4_l2_sup10_anonymized_processed.csv
2025-05-08 18:49:55,353 - INFO -  [POSTPROCESSING] Binary Encoding applied to anonymized data. Encoded shape: (336, 19)
2025-05-08 18:49:55,359 - INFO -  [POSTPROCESSING] Encoded anonymized dataset saved to: /mnt/NVMETank/Projects/Students/Dele/A-STUDY-INTO-THE-QUALITY-AND-USABILITY-OF-PRIVACY-FRIENDLY-SYNTHETIC-DATA/datasets/anonymized/loan_k4_l2_sup10_anonymized_encoded.csv
2025-05-08 18:49:55,359 - INFO -  [POSTPROCESSING] Encoding map generated for anonymized data: 0 original categorical columns.
2025-05-08 18:49:55,359 - INFO - Postprocessing report saved at: outputs/batch/loan_batch_2025-05-08_18-38-44/loan_anon_k4_sl0p1_l2/postprocessing_report.txt
2025-05-08 18:49:55,359 - INFO - enable_synthetic_generation = False
2025-05-08 18:49:55,359 - INFO - Synthetic Data Generation Skipped (Disabled in Configuration).
2025-05-08 18:49:55,359 - INFO - Running Hybrid Pipeline...
2025-05-08 18:49:55,359 - INFO -  [HYBRID] Executing run_hybrid...
2025-05-08 18:49:55,359 - INFO -  [HYBRID] Looking for encoded anonymized data in /mnt/NVMETank/Projects/Students/Dele/A-STUDY-INTO-THE-QUALITY-AND-USABILITY-OF-PRIVACY-FRIENDLY-SYNTHETIC-DATA/datasets/anonymized/loan_k4_l2_sup10_anonymized_encoded.csv
2025-05-08 18:49:55,359 - INFO -  [HYBRID ] Loaded cached encoded anonymous data from /mnt/NVMETank/Projects/Students/Dele/A-STUDY-INTO-THE-QUALITY-AND-USABILITY-OF-PRIVACY-FRIENDLY-SYNTHETIC-DATA/datasets/anonymized/loan_k4_l2_sup10_anonymized_encoded.csv
2025-05-08 18:49:55,361 - INFO -  [HYBRID] Starting synthetic generation for hybrid pipeline...
2025-05-08 18:49:55,361 - INFO - Executing run_synthetic.....
2025-05-08 18:49:55,361 - INFO - [SYNTHETIC PIPELINE] executing run_synthetic for loan_k4_l2_sup10...
2025-05-08 18:49:55,361 - INFO - [SYNTHETIC] Processing dataset: loan_k4_l2_sup10
2025-05-08 18:49:55,361 - INFO - [SYNTHETIC] Original dataset size: 336 rows
2025-05-08 18:49:55,385 - INFO - Detected metadata:
2025-05-08 18:49:55,385 - INFO - {
    "columns": {
        "Gender_0": {
            "sdtype": "categorical"
        },
        "Gender_1": {
            "sdtype": "categorical"
        },
        "Married_0": {
            "sdtype": "categorical"
        },
        "Married_1": {
            "sdtype": "categorical"
        },
        "Dependents_0": {
            "sdtype": "categorical"
        },
        "Dependents_1": {
            "sdtype": "categorical"
        },
        "Dependents_2": {
            "sdtype": "categorical"
        },
        "Education_0": {
            "sdtype": "categorical"
        },
        "Education_1": {
            "sdtype": "categorical"
        },
        "Self_Employed_0": {
            "sdtype": "categorical"
        },
        "Self_Employed_1": {
            "sdtype": "categorical"
        },
        "ApplicantIncome": {
            "sdtype": "numerical"
        },
        "CoapplicantIncome": {
            "sdtype": "numerical"
        },
        "LoanAmount": {
            "sdtype": "numerical"
        },
        "Loan_Amount_Term": {
            "sdtype": "categorical"
        },
        "Credit_History": {
            "sdtype": "categorical"
        },
        "Property_Area_0": {
            "sdtype": "categorical"
        },
        "Property_Area_1": {
            "sdtype": "categorical"
        },
        "Loan_Status": {
            "sdtype": "categorical"
        }
    },
    "METADATA_SPEC_VERSION": "SINGLE_TABLE_V1"
}
2025-05-08 18:49:55,385 - INFO - [SYNTHETIC] Preparing synthesizer: CTGAN
2025-05-08 18:49:55,385 - INFO - [SYNTHETIC] Params from config: {'epochs': 300}
2025-05-08 18:49:55,385 - INFO -  [SYNTHETIC] No pre-trained synthesizer found
2025-05-08 18:49:55,385 - INFO - [SYNTHETIC] Training new CTGAN synthesizer from scratch...
2025-05-08 18:49:55,385 - WARNING - [FutureWarning] The 'SingleTableMetadata' is deprecated. Please use the new 'Metadata' class for synthesizers. (from /mnt/NVMETank/Projects/Students/Dele/A-STUDY-INTO-THE-QUALITY-AND-USABILITY-OF-PRIVACY-FRIENDLY-SYNTHETIC-DATA/.venv/lib/python3.12/site-packages/sdv/single_table/base.py:119)
2025-05-08 18:49:55,386 - WARNING - [UserWarning] We strongly recommend saving the metadata using 'save_to_json' for replicability in future SDV versions. (from /mnt/NVMETank/Projects/Students/Dele/A-STUDY-INTO-THE-QUALITY-AND-USABILITY-OF-PRIVACY-FRIENDLY-SYNTHETIC-DATA/.venv/lib/python3.12/site-packages/sdv/single_table/base.py:104)
2025-05-08 18:49:55,399 - INFO - {'EVENT': 'Instance', 'TIMESTAMP': datetime.datetime(2025, 5, 8, 18, 49, 55, 399867), 'SYNTHESIZER CLASS NAME': 'CTGANSynthesizer', 'SYNTHESIZER ID': 'CTGANSynthesizer_1.18.0_87739949fc3d436f9392e5540365de6e'}
2025-05-08 18:49:55,400 - INFO - [SYNTHETIC] CTGAN initialized with epochs: 300
2025-05-08 18:49:55,400 - INFO - [SYNTHETIC] Training parameters for CTGAN: {}
2025-05-08 18:49:55,400 - INFO - [SYNTHETIC] fitting CTGAN 
2025-05-08 18:49:55,400 - INFO - {'EVENT': 'Fit', 'TIMESTAMP': datetime.datetime(2025, 5, 8, 18, 49, 55, 400215), 'SYNTHESIZER CLASS NAME': 'CTGANSynthesizer', 'SYNTHESIZER ID': 'CTGANSynthesizer_1.18.0_87739949fc3d436f9392e5540365de6e', 'TOTAL NUMBER OF TABLES': 1, 'TOTAL NUMBER OF ROWS': 336, 'TOTAL NUMBER OF COLUMNS': 19}
2025-05-08 18:49:55,401 - INFO - Fitting table  metadata
2025-05-08 18:49:55,402 - INFO - Fitting formatters for table 
2025-05-08 18:49:55,408 - INFO - Fitting constraints for table 
2025-05-08 18:49:55,408 - INFO - Setting the configuration for the ``HyperTransformer`` for table 
2025-05-08 18:49:55,409 - INFO - Fitting HyperTransformer for table 
2025-05-08 18:49:55,431 - INFO - {'EVENT': 'Fit processed data', 'TIMESTAMP': datetime.datetime(2025, 5, 8, 18, 49, 55, 431848), 'SYNTHESIZER CLASS NAME': 'CTGANSynthesizer', 'SYNTHESIZER ID': 'CTGANSynthesizer_1.18.0_87739949fc3d436f9392e5540365de6e', 'TOTAL NUMBER OF TABLES': 1, 'TOTAL NUMBER OF ROWS': 336, 'TOTAL NUMBER OF COLUMNS': 19}
2025-05-08 18:49:55,465 - INFO - Guidance: There are no missing values in column ApplicantIncome. Extra column not created.
2025-05-08 18:49:55,615 - INFO - Guidance: There are no missing values in column CoapplicantIncome. Extra column not created.
2025-05-08 18:49:55,659 - INFO - Guidance: There are no missing values in column LoanAmount. Extra column not created.
2025-05-08 18:50:12,542 - INFO - [SYNTHETIC] Fitting complete for CTGAN. Duration: 17.14 seconds.
2025-05-08 18:50:12,542 - INFO - [SYNTHETIC] CONFIRMATION CTGAN actually trained with epochs = 300
2025-05-08 18:50:12,542 - INFO - {'EVENT': 'Save', 'TIMESTAMP': datetime.datetime(2025, 5, 8, 18, 50, 12, 542212), 'SYNTHESIZER CLASS NAME': 'CTGANSynthesizer', 'SYNTHESIZER ID': 'CTGANSynthesizer_1.18.0_87739949fc3d436f9392e5540365de6e'}
2025-05-08 18:50:12,575 - INFO - [SYNTHETIC] CTGAN trained and saved.
2025-05-08 18:50:12,575 - INFO - [SYNTHETIC] Preparing synthesizer: GaussianCopula
2025-05-08 18:50:12,575 - INFO - [SYNTHETIC] Params from config: {}
2025-05-08 18:50:12,575 - INFO -  [SYNTHETIC] No pre-trained synthesizer found
2025-05-08 18:50:12,575 - INFO - [SYNTHETIC] Training new GaussianCopula synthesizer from scratch...
2025-05-08 18:50:12,575 - WARNING - [FutureWarning] The 'SingleTableMetadata' is deprecated. Please use the new 'Metadata' class for synthesizers. (from /mnt/NVMETank/Projects/Students/Dele/A-STUDY-INTO-THE-QUALITY-AND-USABILITY-OF-PRIVACY-FRIENDLY-SYNTHETIC-DATA/.venv/lib/python3.12/site-packages/sdv/single_table/base.py:119)
2025-05-08 18:50:12,577 - INFO - {'EVENT': 'Instance', 'TIMESTAMP': datetime.datetime(2025, 5, 8, 18, 50, 12, 577618), 'SYNTHESIZER CLASS NAME': 'GaussianCopulaSynthesizer', 'SYNTHESIZER ID': 'GaussianCopulaSynthesizer_1.18.0_267edd6258a14667af8a5190506697ec'}
2025-05-08 18:50:12,577 - INFO - [SYNTHETIC] fitting GaussianCopula 
2025-05-08 18:50:12,577 - INFO - {'EVENT': 'Fit', 'TIMESTAMP': datetime.datetime(2025, 5, 8, 18, 50, 12, 577744), 'SYNTHESIZER CLASS NAME': 'GaussianCopulaSynthesizer', 'SYNTHESIZER ID': 'GaussianCopulaSynthesizer_1.18.0_267edd6258a14667af8a5190506697ec', 'TOTAL NUMBER OF TABLES': 1, 'TOTAL NUMBER OF ROWS': 336, 'TOTAL NUMBER OF COLUMNS': 19}
2025-05-08 18:50:12,578 - INFO - Fitting table  metadata
2025-05-08 18:50:12,579 - INFO - Fitting formatters for table 
2025-05-08 18:50:12,580 - INFO - Fitting constraints for table 
2025-05-08 18:50:12,580 - INFO - Setting the configuration for the ``HyperTransformer`` for table 
2025-05-08 18:50:12,586 - INFO - Fitting HyperTransformer for table 
2025-05-08 18:50:12,685 - INFO - {'EVENT': 'Fit processed data', 'TIMESTAMP': datetime.datetime(2025, 5, 8, 18, 50, 12, 685305), 'SYNTHESIZER CLASS NAME': 'GaussianCopulaSynthesizer', 'SYNTHESIZER ID': 'GaussianCopulaSynthesizer_1.18.0_267edd6258a14667af8a5190506697ec', 'TOTAL NUMBER OF TABLES': 1, 'TOTAL NUMBER OF ROWS': 336, 'TOTAL NUMBER OF COLUMNS': 19}
2025-05-08 18:50:12,685 - INFO - Fitting GaussianMultivariate(distribution="{'Gender_0': <class 'copulas.univariate.beta.BetaUnivariate'>, 'Gender_1': <class 'copulas.univariate.beta.BetaUnivariate'>, 'Married_0': <class 'copulas.univariate.beta.BetaUnivariate'>, 'Married_1': <class 'copulas.univariate.beta.BetaUnivariate'>, 'Dependents_0': <class 'copulas.univariate.beta.BetaUnivariate'>, 'Dependents_1': <class 'copulas.univariate.beta.BetaUnivariate'>, 'Dependents_2': <class 'copulas.univariate.beta.BetaUnivariate'>, 'Education_0': <class 'copulas.univariate.beta.BetaUnivariate'>, 'Education_1': <class 'copulas.univariate.beta.BetaUnivariate'>, 'Self_Employed_0': <class 'copulas.univariate.beta.BetaUnivariate'>, 'Self_Employed_1': <class 'copulas.univariate.beta.BetaUnivariate'>, 'ApplicantIncome': <class 'copulas.univariate.beta.BetaUnivariate'>, 'CoapplicantIncome': <class 'copulas.univariate.beta.BetaUnivariate'>, 'LoanAmount': <class 'copulas.univariate.beta.BetaUnivariate'>, 'Loan_Amount_Term': <class 'copulas.univariate.beta.BetaUnivariate'>, 'Credit_History': <class 'copulas.univariate.beta.BetaUnivariate'>, 'Property_Area_0': <class 'copulas.univariate.beta.BetaUnivariate'>, 'Property_Area_1': <class 'copulas.univariate.beta.BetaUnivariate'>, 'Loan_Status': <class 'copulas.univariate.beta.BetaUnivariate'>}")
2025-05-08 18:50:13,210 - INFO - [SYNTHETIC] Fitting complete for GaussianCopula. Duration: 0.63 seconds.
2025-05-08 18:50:13,211 - WARNING - [SYNTHETIC] WARNING Could not determine actual epochs used for GaussianCopula
2025-05-08 18:50:13,211 - INFO - {'EVENT': 'Save', 'TIMESTAMP': datetime.datetime(2025, 5, 8, 18, 50, 13, 211139), 'SYNTHESIZER CLASS NAME': 'GaussianCopulaSynthesizer', 'SYNTHESIZER ID': 'GaussianCopulaSynthesizer_1.18.0_267edd6258a14667af8a5190506697ec'}
2025-05-08 18:50:13,218 - INFO - [SYNTHETIC] GaussianCopula trained and saved.
2025-05-08 18:50:13,219 - INFO - [SYNTHETIC] Preparing synthesizer: TVAE
2025-05-08 18:50:13,219 - INFO - [SYNTHETIC] Params from config: {'epochs': 300}
2025-05-08 18:50:13,219 - INFO -  [SYNTHETIC] No pre-trained synthesizer found
2025-05-08 18:50:13,219 - INFO - [SYNTHETIC] Training new TVAE synthesizer from scratch...
2025-05-08 18:50:13,219 - WARNING - [FutureWarning] The 'SingleTableMetadata' is deprecated. Please use the new 'Metadata' class for synthesizers. (from /mnt/NVMETank/Projects/Students/Dele/A-STUDY-INTO-THE-QUALITY-AND-USABILITY-OF-PRIVACY-FRIENDLY-SYNTHETIC-DATA/.venv/lib/python3.12/site-packages/sdv/single_table/base.py:119)
2025-05-08 18:50:13,221 - INFO - {'EVENT': 'Instance', 'TIMESTAMP': datetime.datetime(2025, 5, 8, 18, 50, 13, 221411), 'SYNTHESIZER CLASS NAME': 'TVAESynthesizer', 'SYNTHESIZER ID': 'TVAESynthesizer_1.18.0_cd3a2154f1304600b63587c1de125d14'}
2025-05-08 18:50:13,221 - INFO - [SYNTHETIC] TVAE initialized with epochs: 300
2025-05-08 18:50:13,221 - INFO - [SYNTHETIC] Training parameters for TVAE: {}
2025-05-08 18:50:13,221 - INFO - [SYNTHETIC] fitting TVAE 
2025-05-08 18:50:13,221 - INFO - {'EVENT': 'Fit', 'TIMESTAMP': datetime.datetime(2025, 5, 8, 18, 50, 13, 221607), 'SYNTHESIZER CLASS NAME': 'TVAESynthesizer', 'SYNTHESIZER ID': 'TVAESynthesizer_1.18.0_cd3a2154f1304600b63587c1de125d14', 'TOTAL NUMBER OF TABLES': 1, 'TOTAL NUMBER OF ROWS': 336, 'TOTAL NUMBER OF COLUMNS': 19}
2025-05-08 18:50:13,222 - INFO - Fitting table  metadata
2025-05-08 18:50:13,223 - INFO - Fitting formatters for table 
2025-05-08 18:50:13,224 - INFO - Fitting constraints for table 
2025-05-08 18:50:13,224 - INFO - Setting the configuration for the ``HyperTransformer`` for table 
2025-05-08 18:50:13,225 - INFO - Fitting HyperTransformer for table 
2025-05-08 18:50:13,237 - INFO - {'EVENT': 'Fit processed data', 'TIMESTAMP': datetime.datetime(2025, 5, 8, 18, 50, 13, 237672), 'SYNTHESIZER CLASS NAME': 'TVAESynthesizer', 'SYNTHESIZER ID': 'TVAESynthesizer_1.18.0_cd3a2154f1304600b63587c1de125d14', 'TOTAL NUMBER OF TABLES': 1, 'TOTAL NUMBER OF ROWS': 336, 'TOTAL NUMBER OF COLUMNS': 19}
2025-05-08 18:50:13,250 - INFO - Guidance: There are no missing values in column ApplicantIncome. Extra column not created.
2025-05-08 18:50:13,324 - INFO - Guidance: There are no missing values in column CoapplicantIncome. Extra column not created.
2025-05-08 18:50:13,357 - INFO - Guidance: There are no missing values in column LoanAmount. Extra column not created.
2025-05-08 18:50:15,887 - INFO - [SYNTHETIC] Fitting complete for TVAE. Duration: 2.67 seconds.
2025-05-08 18:50:15,887 - INFO - [SYNTHETIC] CONFIRMATION TVAE actually trained with epochs = 300
2025-05-08 18:50:15,887 - INFO - {'EVENT': 'Save', 'TIMESTAMP': datetime.datetime(2025, 5, 8, 18, 50, 15, 887459), 'SYNTHESIZER CLASS NAME': 'TVAESynthesizer', 'SYNTHESIZER ID': 'TVAESynthesizer_1.18.0_cd3a2154f1304600b63587c1de125d14'}
2025-05-08 18:50:15,918 - INFO - [SYNTHETIC] TVAE trained and saved.
2025-05-08 18:50:15,918 - INFO - [SYNTHETIC] Using CTGAN to generate 336 rows...
2025-05-08 18:50:15,986 - INFO - {'EVENT': 'Sample', 'TIMESTAMP': datetime.datetime(2025, 5, 8, 18, 50, 15, 918204), 'SYNTHESIZER CLASS NAME': 'CTGANSynthesizer', 'SYNTHESIZER ID': 'CTGANSynthesizer_1.18.0_87739949fc3d436f9392e5540365de6e', 'TOTAL NUMBER OF TABLES': 1, 'TOTAL NUMBER OF ROWS': 336, 'TOTAL NUMBER OF COLUMNS': 19}
2025-05-08 18:50:15,986 - INFO - [SYNTHETIC] CTGAN completed: 336 rows generated.
2025-05-08 18:50:15,986 - INFO - [SYNTHETIC] Target class distribution for CTGAN: {'Y': 262, 'N': 74}
2025-05-08 18:50:15,987 - INFO - [SYNTHETIC] Using GaussianCopula to generate 336 rows...
2025-05-08 18:50:16,039 - INFO - {'EVENT': 'Sample', 'TIMESTAMP': datetime.datetime(2025, 5, 8, 18, 50, 15, 987058), 'SYNTHESIZER CLASS NAME': 'GaussianCopulaSynthesizer', 'SYNTHESIZER ID': 'GaussianCopulaSynthesizer_1.18.0_267edd6258a14667af8a5190506697ec', 'TOTAL NUMBER OF TABLES': 1, 'TOTAL NUMBER OF ROWS': 336, 'TOTAL NUMBER OF COLUMNS': 19}
2025-05-08 18:50:16,039 - INFO - [SYNTHETIC] GaussianCopula completed: 336 rows generated.
2025-05-08 18:50:16,039 - INFO - [SYNTHETIC] Target class distribution for GaussianCopula: {'Y': 221, 'N': 115}
2025-05-08 18:50:16,039 - INFO - [SYNTHETIC] Using TVAE to generate 336 rows...
2025-05-08 18:50:16,078 - INFO - {'EVENT': 'Sample', 'TIMESTAMP': datetime.datetime(2025, 5, 8, 18, 50, 16, 39655), 'SYNTHESIZER CLASS NAME': 'TVAESynthesizer', 'SYNTHESIZER ID': 'TVAESynthesizer_1.18.0_cd3a2154f1304600b63587c1de125d14', 'TOTAL NUMBER OF TABLES': 1, 'TOTAL NUMBER OF ROWS': 336, 'TOTAL NUMBER OF COLUMNS': 19}
2025-05-08 18:50:16,078 - INFO - [SYNTHETIC] TVAE completed: 336 rows generated.
2025-05-08 18:50:16,078 - INFO - [SYNTHETIC] Target class distribution for TVAE: {'Y': 335, 'N': 1}
2025-05-08 18:50:16,079 - INFO - [SYNTHETIC PIPELINE] Synthetic Data Generation Completed.
2025-05-08 18:50:16,079 - INFO - [SYNTHETIC PIPELINE] Synthesizers used: ['CTGAN', 'GaussianCopula', 'TVAE']
2025-05-08 18:50:16,079 - INFO - [SYNTHETIC PIPELINE] Evaluating synthetic dataset generated by CTGAN...
2025-05-08 18:50:16,079 - INFO - [SYNTHETIC EVAL] Real data columns     (19): ['Gender_0', 'Gender_1', 'Married_0', 'Married_1', 'Dependents_0', 'Dependents_1', 'Dependents_2', 'Education_0', 'Education_1', 'Self_Employed_0', 'Self_Employed_1', 'ApplicantIncome', 'CoapplicantIncome', 'LoanAmount', 'Loan_Amount_Term', 'Credit_History', 'Property_Area_0', 'Property_Area_1', 'Loan_Status']
2025-05-08 18:50:16,079 - INFO - [SYNTHETIC EVAL] Synthetic data columns (19): ['Gender_0', 'Gender_1', 'Married_0', 'Married_1', 'Dependents_0', 'Dependents_1', 'Dependents_2', 'Education_0', 'Education_1', 'Self_Employed_0', 'Self_Employed_1', 'ApplicantIncome', 'CoapplicantIncome', 'LoanAmount', 'Loan_Amount_Term', 'Credit_History', 'Property_Area_0', 'Property_Area_1', 'Loan_Status']
2025-05-08 18:50:16,079 - INFO - [SYNTHETIC EVAL] Metadata columns      (19): ['Gender_0', 'Gender_1', 'Married_0', 'Married_1', 'Dependents_0', 'Dependents_1', 'Dependents_2', 'Education_0', 'Education_1', 'Self_Employed_0', 'Self_Employed_1', 'ApplicantIncome', 'CoapplicantIncome', 'LoanAmount', 'Loan_Amount_Term', 'Credit_History', 'Property_Area_0', 'Property_Area_1', 'Loan_Status']
2025-05-08 18:50:16,079 - INFO - [SYNTHETIC EVAL] Shape — Real: (336, 19), Synthetic: (336, 19)
2025-05-08 18:50:16,079 - INFO - [SYNTHETIC EVAL] Metadata structure:
{
  "columns": {
    "Gender_0": {
      "sdtype": "categorical"
    },
    "Gender_1": {
      "sdtype": "categorical"
    },
    "Married_0": {
      "sdtype": "categorical"
    },
    "Married_1": {
      "sdtype": "categorical"
    },
    "Dependents_0": {
      "sdtype": "categorical"
    },
    "Dependents_1": {
      "sdtype": "categorical"
    },
    "Dependents_2": {
      "sdtype": "categorical"
    },
    "Education_0": {
      "sdtype": "categorical"
    },
    "Education_1": {
      "sdtype": "categorical"
    },
    "Self_Employed_0": {
      "sdtype": "categorical"
    },
    "Self_Employed_1": {
      "sdtype": "categorical"
    },
    "ApplicantIncome": {
      "sdtype": "numerical"
    },
    "CoapplicantIncome": {
      "sdtype": "numerical"
    },
    "LoanAmount": {
      "sdtype": "numerical"
    },
    "Loan_Amount_Term": {
      "sdtype": "categorical"
    },
    "Credit_History": {
      "sdtype": "categorical"
    },
    "Property_Area_0": {
      "sdtype": "categorical"
    },
    "Property_Area_1": {
      "sdtype": "categorical"
    },
    "Loan_Status": {
      "sdtype": "categorical"
    }
  },
  "METADATA_SPEC_VERSION": "SINGLE_TABLE_V1"
}
2025-05-08 18:50:16,435 - INFO - [SYNTHETIC PIPELINE] Evaluating synthetic dataset generated by GaussianCopula...
2025-05-08 18:50:16,435 - INFO - [SYNTHETIC EVAL] Real data columns     (19): ['Gender_0', 'Gender_1', 'Married_0', 'Married_1', 'Dependents_0', 'Dependents_1', 'Dependents_2', 'Education_0', 'Education_1', 'Self_Employed_0', 'Self_Employed_1', 'ApplicantIncome', 'CoapplicantIncome', 'LoanAmount', 'Loan_Amount_Term', 'Credit_History', 'Property_Area_0', 'Property_Area_1', 'Loan_Status']
2025-05-08 18:50:16,435 - INFO - [SYNTHETIC EVAL] Synthetic data columns (19): ['Gender_0', 'Gender_1', 'Married_0', 'Married_1', 'Dependents_0', 'Dependents_1', 'Dependents_2', 'Education_0', 'Education_1', 'Self_Employed_0', 'Self_Employed_1', 'ApplicantIncome', 'CoapplicantIncome', 'LoanAmount', 'Loan_Amount_Term', 'Credit_History', 'Property_Area_0', 'Property_Area_1', 'Loan_Status']
2025-05-08 18:50:16,435 - INFO - [SYNTHETIC EVAL] Metadata columns      (19): ['Gender_0', 'Gender_1', 'Married_0', 'Married_1', 'Dependents_0', 'Dependents_1', 'Dependents_2', 'Education_0', 'Education_1', 'Self_Employed_0', 'Self_Employed_1', 'ApplicantIncome', 'CoapplicantIncome', 'LoanAmount', 'Loan_Amount_Term', 'Credit_History', 'Property_Area_0', 'Property_Area_1', 'Loan_Status']
2025-05-08 18:50:16,435 - INFO - [SYNTHETIC EVAL] Shape — Real: (336, 19), Synthetic: (336, 19)
2025-05-08 18:50:16,435 - INFO - [SYNTHETIC EVAL] Metadata structure:
{
  "columns": {
    "Gender_0": {
      "sdtype": "categorical"
    },
    "Gender_1": {
      "sdtype": "categorical"
    },
    "Married_0": {
      "sdtype": "categorical"
    },
    "Married_1": {
      "sdtype": "categorical"
    },
    "Dependents_0": {
      "sdtype": "categorical"
    },
    "Dependents_1": {
      "sdtype": "categorical"
    },
    "Dependents_2": {
      "sdtype": "categorical"
    },
    "Education_0": {
      "sdtype": "categorical"
    },
    "Education_1": {
      "sdtype": "categorical"
    },
    "Self_Employed_0": {
      "sdtype": "categorical"
    },
    "Self_Employed_1": {
      "sdtype": "categorical"
    },
    "ApplicantIncome": {
      "sdtype": "numerical"
    },
    "CoapplicantIncome": {
      "sdtype": "numerical"
    },
    "LoanAmount": {
      "sdtype": "numerical"
    },
    "Loan_Amount_Term": {
      "sdtype": "categorical"
    },
    "Credit_History": {
      "sdtype": "categorical"
    },
    "Property_Area_0": {
      "sdtype": "categorical"
    },
    "Property_Area_1": {
      "sdtype": "categorical"
    },
    "Loan_Status": {
      "sdtype": "categorical"
    }
  },
  "METADATA_SPEC_VERSION": "SINGLE_TABLE_V1"
}
2025-05-08 18:50:16,813 - INFO - [SYNTHETIC PIPELINE] Evaluating synthetic dataset generated by TVAE...
2025-05-08 18:50:16,813 - INFO - [SYNTHETIC EVAL] Real data columns     (19): ['Gender_0', 'Gender_1', 'Married_0', 'Married_1', 'Dependents_0', 'Dependents_1', 'Dependents_2', 'Education_0', 'Education_1', 'Self_Employed_0', 'Self_Employed_1', 'ApplicantIncome', 'CoapplicantIncome', 'LoanAmount', 'Loan_Amount_Term', 'Credit_History', 'Property_Area_0', 'Property_Area_1', 'Loan_Status']
2025-05-08 18:50:16,813 - INFO - [SYNTHETIC EVAL] Synthetic data columns (19): ['Gender_0', 'Gender_1', 'Married_0', 'Married_1', 'Dependents_0', 'Dependents_1', 'Dependents_2', 'Education_0', 'Education_1', 'Self_Employed_0', 'Self_Employed_1', 'ApplicantIncome', 'CoapplicantIncome', 'LoanAmount', 'Loan_Amount_Term', 'Credit_History', 'Property_Area_0', 'Property_Area_1', 'Loan_Status']
2025-05-08 18:50:16,813 - INFO - [SYNTHETIC EVAL] Metadata columns      (19): ['Gender_0', 'Gender_1', 'Married_0', 'Married_1', 'Dependents_0', 'Dependents_1', 'Dependents_2', 'Education_0', 'Education_1', 'Self_Employed_0', 'Self_Employed_1', 'ApplicantIncome', 'CoapplicantIncome', 'LoanAmount', 'Loan_Amount_Term', 'Credit_History', 'Property_Area_0', 'Property_Area_1', 'Loan_Status']
2025-05-08 18:50:16,813 - INFO - [SYNTHETIC EVAL] Shape — Real: (336, 19), Synthetic: (336, 19)
2025-05-08 18:50:16,813 - INFO - [SYNTHETIC EVAL] Metadata structure:
{
  "columns": {
    "Gender_0": {
      "sdtype": "categorical"
    },
    "Gender_1": {
      "sdtype": "categorical"
    },
    "Married_0": {
      "sdtype": "categorical"
    },
    "Married_1": {
      "sdtype": "categorical"
    },
    "Dependents_0": {
      "sdtype": "categorical"
    },
    "Dependents_1": {
      "sdtype": "categorical"
    },
    "Dependents_2": {
      "sdtype": "categorical"
    },
    "Education_0": {
      "sdtype": "categorical"
    },
    "Education_1": {
      "sdtype": "categorical"
    },
    "Self_Employed_0": {
      "sdtype": "categorical"
    },
    "Self_Employed_1": {
      "sdtype": "categorical"
    },
    "ApplicantIncome": {
      "sdtype": "numerical"
    },
    "CoapplicantIncome": {
      "sdtype": "numerical"
    },
    "LoanAmount": {
      "sdtype": "numerical"
    },
    "Loan_Amount_Term": {
      "sdtype": "categorical"
    },
    "Credit_History": {
      "sdtype": "categorical"
    },
    "Property_Area_0": {
      "sdtype": "categorical"
    },
    "Property_Area_1": {
      "sdtype": "categorical"
    },
    "Loan_Status": {
      "sdtype": "categorical"
    }
  },
  "METADATA_SPEC_VERSION": "SINGLE_TABLE_V1"
}
2025-05-08 18:50:17,276 - INFO -  [SYNTHETIC PIPELINE]  Synthetic Data Evaluation Completed.
2025-05-08 18:50:17,284 - INFO -  [SYNTHETIC PIPELINE] Synthetic Data Report Generated Successfully.
2025-05-08 18:50:17,422 - INFO - [HYBRID] Generated hybrid dataset shape for CTGAN: (336, 19)
2025-05-08 18:50:17,423 - INFO - [HYBRID] Target distribution for CTGAN: {'Y': 262, 'N': 74}
2025-05-08 18:50:17,426 - INFO -  [HYBRID] Saved hybrid dataset to /mnt/NVMETank/Projects/Students/Dele/A-STUDY-INTO-THE-QUALITY-AND-USABILITY-OF-PRIVACY-FRIENDLY-SYNTHETIC-DATA/datasets/hybrid/loan_k4_l2_sup10_CTGAN_HYBRID.csv
2025-05-08 18:50:17,426 - INFO - [HYBRID] Generated hybrid dataset shape for GaussianCopula: (336, 19)
2025-05-08 18:50:17,426 - INFO - [HYBRID] Target distribution for GaussianCopula: {'Y': 221, 'N': 115}
2025-05-08 18:50:17,428 - INFO -  [HYBRID] Saved hybrid dataset to /mnt/NVMETank/Projects/Students/Dele/A-STUDY-INTO-THE-QUALITY-AND-USABILITY-OF-PRIVACY-FRIENDLY-SYNTHETIC-DATA/datasets/hybrid/loan_k4_l2_sup10_GaussianCopula_HYBRID.csv
2025-05-08 18:50:17,428 - INFO - [HYBRID] Generated hybrid dataset shape for TVAE: (336, 19)
2025-05-08 18:50:17,428 - INFO - [HYBRID] Target distribution for TVAE: {'Y': 335, 'N': 1}
2025-05-08 18:50:17,429 - INFO -  [HYBRID] Saved hybrid dataset to /mnt/NVMETank/Projects/Students/Dele/A-STUDY-INTO-THE-QUALITY-AND-USABILITY-OF-PRIVACY-FRIENDLY-SYNTHETIC-DATA/datasets/hybrid/loan_k4_l2_sup10_TVAE_HYBRID.csv
2025-05-08 18:50:17,429 - INFO -  [HYBRID] Hybrid pipeline complete — 3 dataset(s) ready.
2025-05-08 18:50:17,430 - INFO - [HYBRID] Total rows across all hybrid datasets: 1008
2025-05-08 18:50:17,430 - INFO - Hybrid pipeline completed successfully.
2025-05-08 18:50:17,430 - INFO - Hybrid pipeline duration: 22.07 seconds
2025-05-08 18:50:17,430 - INFO - Starting Utility...
2025-05-08 18:50:17,430 - INFO - [UTILITY] Preparing datasets for machine learning...
2025-05-08 18:50:17,430 - INFO - [UTILITY] Original Data - Training Size: 336, Testing Size: 144
2025-05-08 18:50:17,431 - INFO - [UTILITY] Target class distribution (Original): {'Y': 232, 'N': 104}
2025-05-08 18:50:17,431 - INFO - [UTILITY] Processing anonymized dataset...
2025-05-08 18:50:17,431 - INFO - [UTILITY] Anonymized Data - Training Size: 336
2025-05-08 18:50:17,432 - INFO - [UTILITY] Target class distribution (Anonymous): {'Y': 232, 'N': 104}
2025-05-08 18:50:17,432 - INFO - [UTILITY] Processing hybrid dataset generated by CTGAN...
2025-05-08 18:50:17,432 - INFO - [UTILITY] Hybrid Data (CTGAN_HYBRID) - Training Size: 336
2025-05-08 18:50:17,432 - INFO - [UTILITY] Target class distribution (CTGAN_HYBRID): {'Y': 262, 'N': 74}
2025-05-08 18:50:17,433 - INFO - [UTILITY] Processing hybrid dataset generated by GaussianCopula...
2025-05-08 18:50:17,433 - INFO - [UTILITY] Hybrid Data (GaussianCopula_HYBRID) - Training Size: 336
2025-05-08 18:50:17,433 - INFO - [UTILITY] Target class distribution (GaussianCopula_HYBRID): {'Y': 221, 'N': 115}
2025-05-08 18:50:17,434 - INFO - [UTILITY] Processing hybrid dataset generated by TVAE...
2025-05-08 18:50:17,434 - INFO - [UTILITY] Hybrid Data (TVAE_HYBRID) - Training Size: 336
2025-05-08 18:50:17,434 - INFO - [UTILITY] Target class distribution (TVAE_HYBRID): {'Y': 335, 'N': 1}
2025-05-08 18:50:17,434 - INFO - [UTILITY] Training models on all datasets...
2025-05-08 18:50:17,434 - INFO - [UTILITY] Total datasets used for training: 5
2025-05-08 18:50:17,434 - INFO - [TRAINING] Training models from scratch...
2025-05-08 18:50:17,435 - INFO - [TRAINING] Starting training for dataset: Original — Rows: 336, Features: 18
2025-05-08 18:50:17,435 - INFO - [TRAINING] Training DecisionTree on Original...
2025-05-08 18:50:17,438 - INFO - [TRAINING] DecisionTree trained successfully on Original in 0.00 sec
2025-05-08 18:50:17,438 - INFO - [TRAINING] Training KNN on Original...
2025-05-08 18:50:17,440 - INFO - [TRAINING] KNN trained successfully on Original in 0.00 sec
2025-05-08 18:50:17,440 - INFO - [TRAINING] Training LogisticRegression on Original...
2025-05-08 18:50:17,446 - INFO - [TRAINING] LogisticRegression trained successfully on Original in 0.01 sec
2025-05-08 18:50:17,446 - INFO - [TRAINING] Training RandomForest on Original...
2025-05-08 18:50:17,580 - INFO - [TRAINING] RandomForest trained successfully on Original in 0.13 sec
2025-05-08 18:50:17,580 - INFO - [TRAINING] Training SVM on Original...
2025-05-08 18:50:17,584 - INFO - [TRAINING] SVM trained successfully on Original in 0.00 sec
2025-05-08 18:50:17,584 - INFO - [TRAINING] Finished training 5 model(s) for dataset: Original
2025-05-08 18:50:17,584 - INFO - [TRAINING] Starting training for dataset: Anonymous — Rows: 336, Features: 18
2025-05-08 18:50:17,585 - INFO - [TRAINING] Training DecisionTree on Anonymous...
2025-05-08 18:50:17,587 - INFO - [TRAINING] DecisionTree trained successfully on Anonymous in 0.00 sec
2025-05-08 18:50:17,587 - INFO - [TRAINING] Training KNN on Anonymous...
2025-05-08 18:50:17,589 - INFO - [TRAINING] KNN trained successfully on Anonymous in 0.00 sec
2025-05-08 18:50:17,589 - INFO - [TRAINING] Training LogisticRegression on Anonymous...
2025-05-08 18:50:17,594 - INFO - [TRAINING] LogisticRegression trained successfully on Anonymous in 0.01 sec
2025-05-08 18:50:17,594 - INFO - [TRAINING] Training RandomForest on Anonymous...
2025-05-08 18:50:17,722 - INFO - [TRAINING] RandomForest trained successfully on Anonymous in 0.13 sec
2025-05-08 18:50:17,722 - INFO - [TRAINING] Training SVM on Anonymous...
2025-05-08 18:50:17,729 - INFO - [TRAINING] SVM trained successfully on Anonymous in 0.01 sec
2025-05-08 18:50:17,729 - INFO - [TRAINING] Finished training 5 model(s) for dataset: Anonymous
2025-05-08 18:50:17,729 - INFO - [TRAINING] Starting training for dataset: CTGAN_HYBRID — Rows: 336, Features: 18
2025-05-08 18:50:17,729 - INFO - [TRAINING] Training DecisionTree on CTGAN_HYBRID...
2025-05-08 18:50:17,731 - INFO - [TRAINING] DecisionTree trained successfully on CTGAN_HYBRID in 0.00 sec
2025-05-08 18:50:17,731 - INFO - [TRAINING] Training KNN on CTGAN_HYBRID...
2025-05-08 18:50:17,733 - INFO - [TRAINING] KNN trained successfully on CTGAN_HYBRID in 0.00 sec
2025-05-08 18:50:17,733 - INFO - [TRAINING] Training LogisticRegression on CTGAN_HYBRID...
2025-05-08 18:50:17,736 - INFO - [TRAINING] LogisticRegression trained successfully on CTGAN_HYBRID in 0.00 sec
2025-05-08 18:50:17,737 - INFO - [TRAINING] Training RandomForest on CTGAN_HYBRID...
2025-05-08 18:50:17,863 - INFO - [TRAINING] RandomForest trained successfully on CTGAN_HYBRID in 0.13 sec
2025-05-08 18:50:17,863 - INFO - [TRAINING] Training SVM on CTGAN_HYBRID...
2025-05-08 18:50:17,868 - INFO - [TRAINING] SVM trained successfully on CTGAN_HYBRID in 0.00 sec
2025-05-08 18:50:17,868 - INFO - [TRAINING] Finished training 5 model(s) for dataset: CTGAN_HYBRID
2025-05-08 18:50:17,868 - INFO - [TRAINING] Starting training for dataset: GaussianCopula_HYBRID — Rows: 336, Features: 18
2025-05-08 18:50:17,868 - INFO - [TRAINING] Training DecisionTree on GaussianCopula_HYBRID...
2025-05-08 18:50:17,871 - INFO - [TRAINING] DecisionTree trained successfully on GaussianCopula_HYBRID in 0.00 sec
2025-05-08 18:50:17,871 - INFO - [TRAINING] Training KNN on GaussianCopula_HYBRID...
2025-05-08 18:50:17,873 - INFO - [TRAINING] KNN trained successfully on GaussianCopula_HYBRID in 0.00 sec
2025-05-08 18:50:17,873 - INFO - [TRAINING] Training LogisticRegression on GaussianCopula_HYBRID...
2025-05-08 18:50:17,878 - INFO - [TRAINING] LogisticRegression trained successfully on GaussianCopula_HYBRID in 0.00 sec
2025-05-08 18:50:17,878 - INFO - [TRAINING] Training RandomForest on GaussianCopula_HYBRID...
2025-05-08 18:50:17,996 - INFO - [TRAINING] RandomForest trained successfully on GaussianCopula_HYBRID in 0.12 sec
2025-05-08 18:50:17,996 - INFO - [TRAINING] Training SVM on GaussianCopula_HYBRID...
2025-05-08 18:50:18,000 - INFO - [TRAINING] SVM trained successfully on GaussianCopula_HYBRID in 0.00 sec
2025-05-08 18:50:18,000 - INFO - [TRAINING] Finished training 5 model(s) for dataset: GaussianCopula_HYBRID
2025-05-08 18:50:18,000 - INFO - [TRAINING] Starting training for dataset: TVAE_HYBRID — Rows: 336, Features: 18
2025-05-08 18:50:18,000 - INFO - [TRAINING] Training DecisionTree on TVAE_HYBRID...
2025-05-08 18:50:18,001 - INFO - [TRAINING] DecisionTree trained successfully on TVAE_HYBRID in 0.00 sec
2025-05-08 18:50:18,001 - INFO - [TRAINING] Training KNN on TVAE_HYBRID...
2025-05-08 18:50:18,002 - INFO - [TRAINING] KNN trained successfully on TVAE_HYBRID in 0.00 sec
2025-05-08 18:50:18,002 - INFO - [TRAINING] Training LogisticRegression on TVAE_HYBRID...
2025-05-08 18:50:18,005 - INFO - [TRAINING] LogisticRegression trained successfully on TVAE_HYBRID in 0.00 sec
2025-05-08 18:50:18,005 - INFO - [TRAINING] Training RandomForest on TVAE_HYBRID...
2025-05-08 18:50:18,085 - INFO - [TRAINING] RandomForest trained successfully on TVAE_HYBRID in 0.08 sec
2025-05-08 18:50:18,085 - INFO - [TRAINING] Training SVM on TVAE_HYBRID...
2025-05-08 18:50:18,086 - INFO - [TRAINING] SVM trained successfully on TVAE_HYBRID in 0.00 sec
2025-05-08 18:50:18,086 - INFO - [TRAINING] Finished training 5 model(s) for dataset: TVAE_HYBRID
2025-05-08 18:50:18,086 - INFO - [TRAINING] Total models trained across all datasets: 25
2025-05-08 18:50:18,087 - INFO - [UTILITY] Trained model names: ['Original', 'Anonymous', 'CTGAN_HYBRID', 'GaussianCopula_HYBRID', 'TVAE_HYBRID']
2025-05-08 18:50:18,087 - INFO - [UTILITY] Model Training Completed.
2025-05-08 18:50:18,087 - INFO - Starting the Evaluating of models...
2025-05-08 18:50:18,087 - INFO - Preparing evaluation for model 'DecisionTree' across all datasets...
2025-05-08 18:50:18,087 - INFO - Evaluating DecisionTree on Original...
2025-05-08 18:50:18,088 - INFO - Predictions completed for DecisionTree on Original
2025-05-08 18:50:18,088 - INFO - Prediction distribution for DecisionTree on Original: {'Y': 90, 'N': 54}
2025-05-08 18:50:18,100 - INFO - Computed 8 metric(s) for DecisionTree on Original
2025-05-08 18:50:18,100 - INFO - Evaluating DecisionTree on Anonymous...
2025-05-08 18:50:18,101 - INFO - Predictions completed for DecisionTree on Anonymous
2025-05-08 18:50:18,101 - INFO - Prediction distribution for DecisionTree on Anonymous: {'N': 87, 'Y': 57}
2025-05-08 18:50:18,109 - INFO - Computed 8 metric(s) for DecisionTree on Anonymous
2025-05-08 18:50:18,109 - INFO - Evaluating DecisionTree on CTGAN_HYBRID...
2025-05-08 18:50:18,110 - INFO - Predictions completed for DecisionTree on CTGAN_HYBRID
2025-05-08 18:50:18,110 - INFO - Prediction distribution for DecisionTree on CTGAN_HYBRID: {'N': 91, 'Y': 53}
2025-05-08 18:50:18,119 - INFO - Computed 8 metric(s) for DecisionTree on CTGAN_HYBRID
2025-05-08 18:50:18,119 - INFO - Evaluating DecisionTree on GaussianCopula_HYBRID...
2025-05-08 18:50:18,120 - INFO - Predictions completed for DecisionTree on GaussianCopula_HYBRID
2025-05-08 18:50:18,120 - INFO - Prediction distribution for DecisionTree on GaussianCopula_HYBRID: {'N': 92, 'Y': 52}
2025-05-08 18:50:18,128 - INFO - Computed 8 metric(s) for DecisionTree on GaussianCopula_HYBRID
2025-05-08 18:50:18,128 - INFO - Evaluating DecisionTree on TVAE_HYBRID...
2025-05-08 18:50:18,129 - INFO - Predictions completed for DecisionTree on TVAE_HYBRID
2025-05-08 18:50:18,129 - INFO - Prediction distribution for DecisionTree on TVAE_HYBRID: {'Y': 144}
2025-05-08 18:50:18,129 - WARNING -  [WARNING] :DecisionTree on TVAE_HYBRID predicted only one class: {'Y'}
2025-05-08 18:50:18,131 - WARNING - [UndefinedMetricWarning] Precision is ill-defined and being set to 0.0 in labels with no predicted samples. Use `zero_division` parameter to control this behavior. (from /mnt/NVMETank/Projects/Students/Dele/A-STUDY-INTO-THE-QUALITY-AND-USABILITY-OF-PRIVACY-FRIENDLY-SYNTHETIC-DATA/.venv/lib/python3.12/site-packages/sklearn/metrics/_classification.py:1565)
2025-05-08 18:50:18,134 - WARNING - [UndefinedMetricWarning] Precision is ill-defined and being set to 0.0 in labels with no predicted samples. Use `zero_division` parameter to control this behavior. (from /mnt/NVMETank/Projects/Students/Dele/A-STUDY-INTO-THE-QUALITY-AND-USABILITY-OF-PRIVACY-FRIENDLY-SYNTHETIC-DATA/.venv/lib/python3.12/site-packages/sklearn/metrics/_classification.py:1565)
2025-05-08 18:50:18,136 - WARNING - [UndefinedMetricWarning] Precision is ill-defined and being set to 0.0 in labels with no predicted samples. Use `zero_division` parameter to control this behavior. (from /mnt/NVMETank/Projects/Students/Dele/A-STUDY-INTO-THE-QUALITY-AND-USABILITY-OF-PRIVACY-FRIENDLY-SYNTHETIC-DATA/.venv/lib/python3.12/site-packages/sklearn/metrics/_classification.py:1565)
2025-05-08 18:50:18,142 - INFO - Computed 8 metric(s) for DecisionTree on TVAE_HYBRID
2025-05-08 18:50:18,142 - INFO - Preparing evaluation for model 'KNN' across all datasets...
2025-05-08 18:50:18,142 - INFO - Evaluating KNN on Original...
2025-05-08 18:50:18,148 - INFO - Predictions completed for KNN on Original
2025-05-08 18:50:18,149 - INFO - Prediction distribution for KNN on Original: {'Y': 115, 'N': 29}
2025-05-08 18:50:18,160 - INFO - Computed 8 metric(s) for KNN on Original
2025-05-08 18:50:18,160 - INFO - Evaluating KNN on Anonymous...
2025-05-08 18:50:18,167 - INFO - Predictions completed for KNN on Anonymous
2025-05-08 18:50:18,167 - INFO - Prediction distribution for KNN on Anonymous: {'Y': 113, 'N': 31}
2025-05-08 18:50:18,180 - INFO - Computed 8 metric(s) for KNN on Anonymous
2025-05-08 18:50:18,180 - INFO - Evaluating KNN on CTGAN_HYBRID...
2025-05-08 18:50:18,186 - INFO - Predictions completed for KNN on CTGAN_HYBRID
2025-05-08 18:50:18,186 - INFO - Prediction distribution for KNN on CTGAN_HYBRID: {'Y': 139, 'N': 5}
2025-05-08 18:50:18,197 - INFO - Computed 8 metric(s) for KNN on CTGAN_HYBRID
2025-05-08 18:50:18,197 - INFO - Evaluating KNN on GaussianCopula_HYBRID...
2025-05-08 18:50:18,207 - INFO - Predictions completed for KNN on GaussianCopula_HYBRID
2025-05-08 18:50:18,208 - INFO - Prediction distribution for KNN on GaussianCopula_HYBRID: {'Y': 100, 'N': 44}
2025-05-08 18:50:18,220 - INFO - Computed 8 metric(s) for KNN on GaussianCopula_HYBRID
2025-05-08 18:50:18,220 - INFO - Evaluating KNN on TVAE_HYBRID...
2025-05-08 18:50:18,254 - INFO - Predictions completed for KNN on TVAE_HYBRID
2025-05-08 18:50:18,254 - INFO - Prediction distribution for KNN on TVAE_HYBRID: {'Y': 144}
2025-05-08 18:50:18,254 - WARNING -  [WARNING] :KNN on TVAE_HYBRID predicted only one class: {'Y'}
2025-05-08 18:50:18,256 - WARNING - [UndefinedMetricWarning] Precision is ill-defined and being set to 0.0 in labels with no predicted samples. Use `zero_division` parameter to control this behavior. (from /mnt/NVMETank/Projects/Students/Dele/A-STUDY-INTO-THE-QUALITY-AND-USABILITY-OF-PRIVACY-FRIENDLY-SYNTHETIC-DATA/.venv/lib/python3.12/site-packages/sklearn/metrics/_classification.py:1565)
2025-05-08 18:50:18,257 - WARNING - [UndefinedMetricWarning] Precision is ill-defined and being set to 0.0 in labels with no predicted samples. Use `zero_division` parameter to control this behavior. (from /mnt/NVMETank/Projects/Students/Dele/A-STUDY-INTO-THE-QUALITY-AND-USABILITY-OF-PRIVACY-FRIENDLY-SYNTHETIC-DATA/.venv/lib/python3.12/site-packages/sklearn/metrics/_classification.py:1565)
2025-05-08 18:50:18,259 - WARNING - [UndefinedMetricWarning] Precision is ill-defined and being set to 0.0 in labels with no predicted samples. Use `zero_division` parameter to control this behavior. (from /mnt/NVMETank/Projects/Students/Dele/A-STUDY-INTO-THE-QUALITY-AND-USABILITY-OF-PRIVACY-FRIENDLY-SYNTHETIC-DATA/.venv/lib/python3.12/site-packages/sklearn/metrics/_classification.py:1565)
2025-05-08 18:50:18,266 - INFO - Computed 8 metric(s) for KNN on TVAE_HYBRID
2025-05-08 18:50:18,266 - INFO - Preparing evaluation for model 'LogisticRegression' across all datasets...
2025-05-08 18:50:18,266 - INFO - Evaluating LogisticRegression on Original...
2025-05-08 18:50:18,267 - INFO - Predictions completed for LogisticRegression on Original
2025-05-08 18:50:18,267 - INFO - Prediction distribution for LogisticRegression on Original: {'Y': 115, 'N': 29}
2025-05-08 18:50:18,276 - INFO - Computed 8 metric(s) for LogisticRegression on Original
2025-05-08 18:50:18,276 - INFO - Evaluating LogisticRegression on Anonymous...
2025-05-08 18:50:18,277 - INFO - Predictions completed for LogisticRegression on Anonymous
2025-05-08 18:50:18,278 - INFO - Prediction distribution for LogisticRegression on Anonymous: {'N': 100, 'Y': 44}
2025-05-08 18:50:18,287 - INFO - Computed 8 metric(s) for LogisticRegression on Anonymous
2025-05-08 18:50:18,287 - INFO - Evaluating LogisticRegression on CTGAN_HYBRID...
2025-05-08 18:50:18,288 - INFO - Predictions completed for LogisticRegression on CTGAN_HYBRID
2025-05-08 18:50:18,288 - INFO - Prediction distribution for LogisticRegression on CTGAN_HYBRID: {'Y': 141, 'N': 3}
2025-05-08 18:50:18,297 - INFO - Computed 8 metric(s) for LogisticRegression on CTGAN_HYBRID
2025-05-08 18:50:18,297 - INFO - Evaluating LogisticRegression on GaussianCopula_HYBRID...
2025-05-08 18:50:18,299 - INFO - Predictions completed for LogisticRegression on GaussianCopula_HYBRID
2025-05-08 18:50:18,299 - INFO - Prediction distribution for LogisticRegression on GaussianCopula_HYBRID: {'Y': 73, 'N': 71}
2025-05-08 18:50:18,308 - INFO - Computed 8 metric(s) for LogisticRegression on GaussianCopula_HYBRID
2025-05-08 18:50:18,308 - INFO - Evaluating LogisticRegression on TVAE_HYBRID...
2025-05-08 18:50:18,309 - INFO - Predictions completed for LogisticRegression on TVAE_HYBRID
2025-05-08 18:50:18,309 - INFO - Prediction distribution for LogisticRegression on TVAE_HYBRID: {'Y': 142, 'N': 2}
2025-05-08 18:50:18,318 - INFO - Computed 8 metric(s) for LogisticRegression on TVAE_HYBRID
2025-05-08 18:50:18,319 - INFO - Preparing evaluation for model 'RandomForest' across all datasets...
2025-05-08 18:50:18,319 - INFO - Evaluating RandomForest on Original...
2025-05-08 18:50:18,325 - INFO - Predictions completed for RandomForest on Original
2025-05-08 18:50:18,325 - INFO - Prediction distribution for RandomForest on Original: {'Y': 110, 'N': 34}
2025-05-08 18:50:18,343 - INFO - Computed 8 metric(s) for RandomForest on Original
2025-05-08 18:50:18,344 - INFO - Evaluating RandomForest on Anonymous...
2025-05-08 18:50:18,349 - INFO - Predictions completed for RandomForest on Anonymous
2025-05-08 18:50:18,350 - INFO - Prediction distribution for RandomForest on Anonymous: {'N': 76, 'Y': 68}
2025-05-08 18:50:18,368 - INFO - Computed 8 metric(s) for RandomForest on Anonymous
2025-05-08 18:50:18,369 - INFO - Evaluating RandomForest on CTGAN_HYBRID...
2025-05-08 18:50:18,374 - INFO - Predictions completed for RandomForest on CTGAN_HYBRID
2025-05-08 18:50:18,375 - INFO - Prediction distribution for RandomForest on CTGAN_HYBRID: {'Y': 139, 'N': 5}
2025-05-08 18:50:18,393 - INFO - Computed 8 metric(s) for RandomForest on CTGAN_HYBRID
2025-05-08 18:50:18,393 - INFO - Evaluating RandomForest on GaussianCopula_HYBRID...
2025-05-08 18:50:18,398 - INFO - Predictions completed for RandomForest on GaussianCopula_HYBRID
2025-05-08 18:50:18,399 - INFO - Prediction distribution for RandomForest on GaussianCopula_HYBRID: {'N': 74, 'Y': 70}
2025-05-08 18:50:18,417 - INFO - Computed 8 metric(s) for RandomForest on GaussianCopula_HYBRID
2025-05-08 18:50:18,417 - INFO - Evaluating RandomForest on TVAE_HYBRID...
2025-05-08 18:50:18,422 - INFO - Predictions completed for RandomForest on TVAE_HYBRID
2025-05-08 18:50:18,422 - INFO - Prediction distribution for RandomForest on TVAE_HYBRID: {'Y': 144}
2025-05-08 18:50:18,422 - WARNING -  [WARNING] :RandomForest on TVAE_HYBRID predicted only one class: {'Y'}
2025-05-08 18:50:18,424 - WARNING - [UndefinedMetricWarning] Precision is ill-defined and being set to 0.0 in labels with no predicted samples. Use `zero_division` parameter to control this behavior. (from /mnt/NVMETank/Projects/Students/Dele/A-STUDY-INTO-THE-QUALITY-AND-USABILITY-OF-PRIVACY-FRIENDLY-SYNTHETIC-DATA/.venv/lib/python3.12/site-packages/sklearn/metrics/_classification.py:1565)
2025-05-08 18:50:18,426 - WARNING - [UndefinedMetricWarning] Precision is ill-defined and being set to 0.0 in labels with no predicted samples. Use `zero_division` parameter to control this behavior. (from /mnt/NVMETank/Projects/Students/Dele/A-STUDY-INTO-THE-QUALITY-AND-USABILITY-OF-PRIVACY-FRIENDLY-SYNTHETIC-DATA/.venv/lib/python3.12/site-packages/sklearn/metrics/_classification.py:1565)
2025-05-08 18:50:18,427 - WARNING - [UndefinedMetricWarning] Precision is ill-defined and being set to 0.0 in labels with no predicted samples. Use `zero_division` parameter to control this behavior. (from /mnt/NVMETank/Projects/Students/Dele/A-STUDY-INTO-THE-QUALITY-AND-USABILITY-OF-PRIVACY-FRIENDLY-SYNTHETIC-DATA/.venv/lib/python3.12/site-packages/sklearn/metrics/_classification.py:1565)
2025-05-08 18:50:18,439 - INFO - Computed 8 metric(s) for RandomForest on TVAE_HYBRID
2025-05-08 18:50:18,439 - INFO - Preparing evaluation for model 'SVM' across all datasets...
2025-05-08 18:50:18,440 - INFO - Evaluating SVM on Original...
2025-05-08 18:50:18,442 - INFO - Predictions completed for SVM on Original
2025-05-08 18:50:18,442 - INFO - Prediction distribution for SVM on Original: {'Y': 144}
2025-05-08 18:50:18,442 - WARNING -  [WARNING] :SVM on Original predicted only one class: {'Y'}
2025-05-08 18:50:18,444 - WARNING - [UndefinedMetricWarning] Precision is ill-defined and being set to 0.0 in labels with no predicted samples. Use `zero_division` parameter to control this behavior. (from /mnt/NVMETank/Projects/Students/Dele/A-STUDY-INTO-THE-QUALITY-AND-USABILITY-OF-PRIVACY-FRIENDLY-SYNTHETIC-DATA/.venv/lib/python3.12/site-packages/sklearn/metrics/_classification.py:1565)
2025-05-08 18:50:18,445 - WARNING - [UndefinedMetricWarning] Precision is ill-defined and being set to 0.0 in labels with no predicted samples. Use `zero_division` parameter to control this behavior. (from /mnt/NVMETank/Projects/Students/Dele/A-STUDY-INTO-THE-QUALITY-AND-USABILITY-OF-PRIVACY-FRIENDLY-SYNTHETIC-DATA/.venv/lib/python3.12/site-packages/sklearn/metrics/_classification.py:1565)
2025-05-08 18:50:18,446 - WARNING - [UndefinedMetricWarning] Precision is ill-defined and being set to 0.0 in labels with no predicted samples. Use `zero_division` parameter to control this behavior. (from /mnt/NVMETank/Projects/Students/Dele/A-STUDY-INTO-THE-QUALITY-AND-USABILITY-OF-PRIVACY-FRIENDLY-SYNTHETIC-DATA/.venv/lib/python3.12/site-packages/sklearn/metrics/_classification.py:1565)
2025-05-08 18:50:18,448 - INFO - Computed 8 metric(s) for SVM on Original
2025-05-08 18:50:18,448 - INFO - Evaluating SVM on Anonymous...
2025-05-08 18:50:18,450 - INFO - Predictions completed for SVM on Anonymous
2025-05-08 18:50:18,450 - INFO - Prediction distribution for SVM on Anonymous: {'Y': 144}
2025-05-08 18:50:18,450 - WARNING -  [WARNING] :SVM on Anonymous predicted only one class: {'Y'}
2025-05-08 18:50:18,452 - WARNING - [UndefinedMetricWarning] Precision is ill-defined and being set to 0.0 in labels with no predicted samples. Use `zero_division` parameter to control this behavior. (from /mnt/NVMETank/Projects/Students/Dele/A-STUDY-INTO-THE-QUALITY-AND-USABILITY-OF-PRIVACY-FRIENDLY-SYNTHETIC-DATA/.venv/lib/python3.12/site-packages/sklearn/metrics/_classification.py:1565)
2025-05-08 18:50:18,453 - WARNING - [UndefinedMetricWarning] Precision is ill-defined and being set to 0.0 in labels with no predicted samples. Use `zero_division` parameter to control this behavior. (from /mnt/NVMETank/Projects/Students/Dele/A-STUDY-INTO-THE-QUALITY-AND-USABILITY-OF-PRIVACY-FRIENDLY-SYNTHETIC-DATA/.venv/lib/python3.12/site-packages/sklearn/metrics/_classification.py:1565)
2025-05-08 18:50:18,454 - WARNING - [UndefinedMetricWarning] Precision is ill-defined and being set to 0.0 in labels with no predicted samples. Use `zero_division` parameter to control this behavior. (from /mnt/NVMETank/Projects/Students/Dele/A-STUDY-INTO-THE-QUALITY-AND-USABILITY-OF-PRIVACY-FRIENDLY-SYNTHETIC-DATA/.venv/lib/python3.12/site-packages/sklearn/metrics/_classification.py:1565)
2025-05-08 18:50:18,456 - INFO - Computed 8 metric(s) for SVM on Anonymous
2025-05-08 18:50:18,456 - INFO - Evaluating SVM on CTGAN_HYBRID...
2025-05-08 18:50:18,458 - INFO - Predictions completed for SVM on CTGAN_HYBRID
2025-05-08 18:50:18,458 - INFO - Prediction distribution for SVM on CTGAN_HYBRID: {'Y': 144}
2025-05-08 18:50:18,458 - WARNING -  [WARNING] :SVM on CTGAN_HYBRID predicted only one class: {'Y'}
2025-05-08 18:50:18,460 - WARNING - [UndefinedMetricWarning] Precision is ill-defined and being set to 0.0 in labels with no predicted samples. Use `zero_division` parameter to control this behavior. (from /mnt/NVMETank/Projects/Students/Dele/A-STUDY-INTO-THE-QUALITY-AND-USABILITY-OF-PRIVACY-FRIENDLY-SYNTHETIC-DATA/.venv/lib/python3.12/site-packages/sklearn/metrics/_classification.py:1565)
2025-05-08 18:50:18,461 - WARNING - [UndefinedMetricWarning] Precision is ill-defined and being set to 0.0 in labels with no predicted samples. Use `zero_division` parameter to control this behavior. (from /mnt/NVMETank/Projects/Students/Dele/A-STUDY-INTO-THE-QUALITY-AND-USABILITY-OF-PRIVACY-FRIENDLY-SYNTHETIC-DATA/.venv/lib/python3.12/site-packages/sklearn/metrics/_classification.py:1565)
2025-05-08 18:50:18,462 - WARNING - [UndefinedMetricWarning] Precision is ill-defined and being set to 0.0 in labels with no predicted samples. Use `zero_division` parameter to control this behavior. (from /mnt/NVMETank/Projects/Students/Dele/A-STUDY-INTO-THE-QUALITY-AND-USABILITY-OF-PRIVACY-FRIENDLY-SYNTHETIC-DATA/.venv/lib/python3.12/site-packages/sklearn/metrics/_classification.py:1565)
2025-05-08 18:50:18,464 - INFO - Computed 8 metric(s) for SVM on CTGAN_HYBRID
2025-05-08 18:50:18,464 - INFO - Evaluating SVM on GaussianCopula_HYBRID...
2025-05-08 18:50:18,466 - INFO - Predictions completed for SVM on GaussianCopula_HYBRID
2025-05-08 18:50:18,466 - INFO - Prediction distribution for SVM on GaussianCopula_HYBRID: {'Y': 144}
2025-05-08 18:50:18,466 - WARNING -  [WARNING] :SVM on GaussianCopula_HYBRID predicted only one class: {'Y'}
2025-05-08 18:50:18,468 - WARNING - [UndefinedMetricWarning] Precision is ill-defined and being set to 0.0 in labels with no predicted samples. Use `zero_division` parameter to control this behavior. (from /mnt/NVMETank/Projects/Students/Dele/A-STUDY-INTO-THE-QUALITY-AND-USABILITY-OF-PRIVACY-FRIENDLY-SYNTHETIC-DATA/.venv/lib/python3.12/site-packages/sklearn/metrics/_classification.py:1565)
2025-05-08 18:50:18,469 - WARNING - [UndefinedMetricWarning] Precision is ill-defined and being set to 0.0 in labels with no predicted samples. Use `zero_division` parameter to control this behavior. (from /mnt/NVMETank/Projects/Students/Dele/A-STUDY-INTO-THE-QUALITY-AND-USABILITY-OF-PRIVACY-FRIENDLY-SYNTHETIC-DATA/.venv/lib/python3.12/site-packages/sklearn/metrics/_classification.py:1565)
2025-05-08 18:50:18,471 - WARNING - [UndefinedMetricWarning] Precision is ill-defined and being set to 0.0 in labels with no predicted samples. Use `zero_division` parameter to control this behavior. (from /mnt/NVMETank/Projects/Students/Dele/A-STUDY-INTO-THE-QUALITY-AND-USABILITY-OF-PRIVACY-FRIENDLY-SYNTHETIC-DATA/.venv/lib/python3.12/site-packages/sklearn/metrics/_classification.py:1565)
2025-05-08 18:50:18,472 - INFO - Computed 8 metric(s) for SVM on GaussianCopula_HYBRID
2025-05-08 18:50:18,472 - INFO - Evaluating SVM on TVAE_HYBRID...
2025-05-08 18:50:18,473 - INFO - Predictions completed for SVM on TVAE_HYBRID
2025-05-08 18:50:18,474 - INFO - Prediction distribution for SVM on TVAE_HYBRID: {'Y': 144}
2025-05-08 18:50:18,474 - WARNING -  [WARNING] :SVM on TVAE_HYBRID predicted only one class: {'Y'}
2025-05-08 18:50:18,475 - WARNING - [UndefinedMetricWarning] Precision is ill-defined and being set to 0.0 in labels with no predicted samples. Use `zero_division` parameter to control this behavior. (from /mnt/NVMETank/Projects/Students/Dele/A-STUDY-INTO-THE-QUALITY-AND-USABILITY-OF-PRIVACY-FRIENDLY-SYNTHETIC-DATA/.venv/lib/python3.12/site-packages/sklearn/metrics/_classification.py:1565)
2025-05-08 18:50:18,477 - WARNING - [UndefinedMetricWarning] Precision is ill-defined and being set to 0.0 in labels with no predicted samples. Use `zero_division` parameter to control this behavior. (from /mnt/NVMETank/Projects/Students/Dele/A-STUDY-INTO-THE-QUALITY-AND-USABILITY-OF-PRIVACY-FRIENDLY-SYNTHETIC-DATA/.venv/lib/python3.12/site-packages/sklearn/metrics/_classification.py:1565)
2025-05-08 18:50:18,478 - WARNING - [UndefinedMetricWarning] Precision is ill-defined and being set to 0.0 in labels with no predicted samples. Use `zero_division` parameter to control this behavior. (from /mnt/NVMETank/Projects/Students/Dele/A-STUDY-INTO-THE-QUALITY-AND-USABILITY-OF-PRIVACY-FRIENDLY-SYNTHETIC-DATA/.venv/lib/python3.12/site-packages/sklearn/metrics/_classification.py:1565)
2025-05-08 18:50:18,479 - INFO - Computed 8 metric(s) for SVM on TVAE_HYBRID
2025-05-08 18:50:18,483 - INFO - Evaluation completed for all models.
2025-05-08 18:50:18,483 - INFO - Model evaluation completed in 0.40 seconds.
2025-05-08 18:50:18,485 - INFO - Evaluated models: ['DecisionTree', 'KNN', 'LogisticRegression', 'RandomForest', 'SVM']
2025-05-08 18:50:18,486 - INFO - Model Training and Evaluation completed.
2025-05-08 18:50:19,057 - INFO -  Visualizations saved.
2025-05-08 18:50:19,057 - INFO -  Benchmarking Completed. Results saved in output folder.
