2025-05-08 16:18:41,682 - INFO - Loaded config file: configs/generated_configs/bankMarketing/bankMarketing_synth_ep500_rows5x.yaml
2025-05-08 16:18:41,683 - INFO -  Benchmarking started for dataset: bankMarketing
2025-05-08 16:18:41,683 - INFO - Using dataset path: /mnt/NVMETank/Projects/Students/Dele/A-STUDY-INTO-THE-QUALITY-AND-USABILITY-OF-PRIVACY-FRIENDLY-SYNTHETIC-DATA/datasets/original/bankMarketing.csv
2025-05-08 16:18:41,683 - INFO - Target column: y, separator: ';'
2025-05-08 16:18:41,683 - INFO - Configuration loaded: enable_anonymization = False, enable_synthesis = True, enable_hybrid = False, enable_utility = True, delete_after_evaluation = False
2025-05-08 16:18:41,683 - INFO - Running preprocessing...
2025-05-08 16:18:41,697 - INFO -  [PREPROCESSING] Preprocessed files found. Skipping preprocessing.
2025-05-08 16:18:41,902 - INFO - Preprocessing completed. Rows before: 45211, after: 36168
2025-05-08 16:18:41,902 - INFO - Preprocessed data saved to: outputs/batch/bankMarketing_batch_2025-05-08_13-17-59/bankMarketing_synth_ep500_rows5x/preprocessing_report.txt
2025-05-08 16:18:41,902 - INFO - enable_anonymization = False
2025-05-08 16:18:41,903 - INFO - Anonymization Skipped (Disabled in Configuration).
2025-05-08 16:18:41,903 - INFO - enable_synthetic_generation = True
2025-05-08 16:18:41,903 - INFO - Starting standard Synthetic Data Generation pipeline...
2025-05-08 16:18:41,903 - INFO - Executing run_synthetic.....
2025-05-08 16:18:41,903 - INFO - [SYNTHETIC PIPELINE] executing run_synthetic for bankMarketing...
2025-05-08 16:18:41,903 - INFO - [SYNTHETIC] Processing dataset: bankMarketing
2025-05-08 16:18:41,904 - INFO - [SYNTHETIC] Original dataset size: 36168 rows
2025-05-08 16:18:41,951 - INFO - Detected metadata:
2025-05-08 16:18:41,952 - INFO - {
    "METADATA_SPEC_VERSION": "SINGLE_TABLE_V1",
    "columns": {
        "age": {
            "sdtype": "numerical"
        },
        "job_0": {
            "sdtype": "categorical"
        },
        "job_1": {
            "sdtype": "categorical"
        },
        "job_2": {
            "sdtype": "categorical"
        },
        "job_3": {
            "sdtype": "categorical"
        },
        "marital_0": {
            "sdtype": "categorical"
        },
        "marital_1": {
            "sdtype": "categorical"
        },
        "education_0": {
            "sdtype": "categorical"
        },
        "education_1": {
            "sdtype": "categorical"
        },
        "education_2": {
            "sdtype": "categorical"
        },
        "default_0": {
            "sdtype": "categorical"
        },
        "default_1": {
            "sdtype": "categorical"
        },
        "balance": {
            "sdtype": "numerical"
        },
        "housing_0": {
            "sdtype": "categorical"
        },
        "housing_1": {
            "sdtype": "categorical"
        },
        "loan_0": {
            "sdtype": "categorical"
        },
        "loan_1": {
            "sdtype": "categorical"
        },
        "contact_0": {
            "sdtype": "categorical"
        },
        "contact_1": {
            "sdtype": "categorical"
        },
        "day": {
            "sdtype": "numerical"
        },
        "month_0": {
            "sdtype": "categorical"
        },
        "month_1": {
            "sdtype": "categorical"
        },
        "month_2": {
            "sdtype": "categorical"
        },
        "month_3": {
            "sdtype": "categorical"
        },
        "campaign": {
            "sdtype": "numerical"
        },
        "pdays": {
            "sdtype": "numerical"
        },
        "previous": {
            "sdtype": "numerical"
        },
        "poutcome_0": {
            "sdtype": "categorical"
        },
        "poutcome_1": {
            "sdtype": "categorical"
        },
        "poutcome_2": {
            "sdtype": "categorical"
        },
        "y": {
            "sdtype": "categorical"
        }
    }
}
2025-05-08 16:18:41,956 - INFO - [SYNTHETIC] Preparing synthesizer: CTGAN
2025-05-08 16:18:41,956 - INFO - [SYNTHETIC] Params from config: {'epochs': 500}
2025-05-08 16:18:41,956 - INFO - [SYNTHETIC] Found existing CTGAN synthesizer: /mnt/NVMETank/Projects/Students/Dele/A-STUDY-INTO-THE-QUALITY-AND-USABILITY-OF-PRIVACY-FRIENDLY-SYNTHETIC-DATA/artifacts/synthesizers/bankMarketing_CTGAN_epochs500_synthesizer.pkl
2025-05-08 16:18:42,394 - INFO - {'EVENT': 'Load', 'TIMESTAMP': datetime.datetime(2025, 5, 8, 16, 18, 42, 394055), 'SYNTHESIZER CLASS NAME': 'CTGANSynthesizer', 'SYNTHESIZER ID': 'CTGANSynthesizer_1.18.0_967d88c6992d44ceaa9c572ec1f8977b'}
2025-05-08 16:18:42,394 - INFO - [SYNTHETIC] Preparing synthesizer: TVAE
2025-05-08 16:18:42,394 - INFO - [SYNTHETIC] Params from config: {'epochs': 500}
2025-05-08 16:18:42,394 - INFO - [SYNTHETIC] Found existing TVAE synthesizer: /mnt/NVMETank/Projects/Students/Dele/A-STUDY-INTO-THE-QUALITY-AND-USABILITY-OF-PRIVACY-FRIENDLY-SYNTHETIC-DATA/artifacts/synthesizers/bankMarketing_TVAE_epochs500_synthesizer.pkl
2025-05-08 16:18:42,488 - INFO - {'EVENT': 'Load', 'TIMESTAMP': datetime.datetime(2025, 5, 8, 16, 18, 42, 488361), 'SYNTHESIZER CLASS NAME': 'TVAESynthesizer', 'SYNTHESIZER ID': 'TVAESynthesizer_1.18.0_f0aceafb6adf4d69aba37ba998b34e55'}
2025-05-08 16:18:42,488 - INFO - [SYNTHETIC] Using CTGAN to generate 180840 rows...
2025-05-08 16:19:44,625 - INFO - {'EVENT': 'Sample', 'TIMESTAMP': datetime.datetime(2025, 5, 8, 16, 18, 42, 488619), 'SYNTHESIZER CLASS NAME': 'CTGANSynthesizer', 'SYNTHESIZER ID': 'CTGANSynthesizer_1.18.0_967d88c6992d44ceaa9c572ec1f8977b', 'TOTAL NUMBER OF TABLES': 1, 'TOTAL NUMBER OF ROWS': 180840, 'TOTAL NUMBER OF COLUMNS': 31}
2025-05-08 16:19:44,626 - INFO - [SYNTHETIC] CTGAN completed: 180840 rows generated.
2025-05-08 16:19:44,637 - INFO - [SYNTHETIC] Target class distribution for CTGAN: {'no': 141609, 'yes': 39231}
2025-05-08 16:19:44,637 - INFO - [SYNTHETIC] Using TVAE to generate 180840 rows...
2025-05-08 16:19:54,284 - INFO - {'EVENT': 'Sample', 'TIMESTAMP': datetime.datetime(2025, 5, 8, 16, 19, 44, 637489), 'SYNTHESIZER CLASS NAME': 'TVAESynthesizer', 'SYNTHESIZER ID': 'TVAESynthesizer_1.18.0_f0aceafb6adf4d69aba37ba998b34e55', 'TOTAL NUMBER OF TABLES': 1, 'TOTAL NUMBER OF ROWS': 180840, 'TOTAL NUMBER OF COLUMNS': 31}
2025-05-08 16:19:54,285 - INFO - [SYNTHETIC] TVAE completed: 180840 rows generated.
2025-05-08 16:19:54,291 - INFO - [SYNTHETIC] Target class distribution for TVAE: {'no': 168731, 'yes': 12109}
2025-05-08 16:19:54,291 - INFO - [SYNTHETIC PIPELINE] Synthetic Data Generation Completed.
2025-05-08 16:19:54,291 - INFO - [SYNTHETIC PIPELINE] Synthesizers used: ['CTGAN', 'TVAE']
2025-05-08 16:19:54,291 - INFO - [SYNTHETIC PIPELINE] Evaluating synthetic dataset generated by CTGAN...
2025-05-08 16:19:54,291 - INFO - [SYNTHETIC EVAL] Real data columns     (31): ['age', 'job_0', 'job_1', 'job_2', 'job_3', 'marital_0', 'marital_1', 'education_0', 'education_1', 'education_2', 'default_0', 'default_1', 'balance', 'housing_0', 'housing_1', 'loan_0', 'loan_1', 'contact_0', 'contact_1', 'day', 'month_0', 'month_1', 'month_2', 'month_3', 'campaign', 'pdays', 'previous', 'poutcome_0', 'poutcome_1', 'poutcome_2', 'y']
2025-05-08 16:19:54,292 - INFO - [SYNTHETIC EVAL] Synthetic data columns (31): ['age', 'job_0', 'job_1', 'job_2', 'job_3', 'marital_0', 'marital_1', 'education_0', 'education_1', 'education_2', 'default_0', 'default_1', 'balance', 'housing_0', 'housing_1', 'loan_0', 'loan_1', 'contact_0', 'contact_1', 'day', 'month_0', 'month_1', 'month_2', 'month_3', 'campaign', 'pdays', 'previous', 'poutcome_0', 'poutcome_1', 'poutcome_2', 'y']
2025-05-08 16:19:54,292 - INFO - [SYNTHETIC EVAL] Metadata columns      (31): ['age', 'job_0', 'job_1', 'job_2', 'job_3', 'marital_0', 'marital_1', 'education_0', 'education_1', 'education_2', 'default_0', 'default_1', 'balance', 'housing_0', 'housing_1', 'loan_0', 'loan_1', 'contact_0', 'contact_1', 'day', 'month_0', 'month_1', 'month_2', 'month_3', 'campaign', 'pdays', 'previous', 'poutcome_0', 'poutcome_1', 'poutcome_2', 'y']
2025-05-08 16:19:54,292 - INFO - [SYNTHETIC EVAL] Shape — Real: (36168, 31), Synthetic: (180840, 31)
2025-05-08 16:19:54,292 - INFO - [SYNTHETIC EVAL] Metadata structure:
{
  "METADATA_SPEC_VERSION": "SINGLE_TABLE_V1",
  "columns": {
    "age": {
      "sdtype": "numerical"
    },
    "job_0": {
      "sdtype": "categorical"
    },
    "job_1": {
      "sdtype": "categorical"
    },
    "job_2": {
      "sdtype": "categorical"
    },
    "job_3": {
      "sdtype": "categorical"
    },
    "marital_0": {
      "sdtype": "categorical"
    },
    "marital_1": {
      "sdtype": "categorical"
    },
    "education_0": {
      "sdtype": "categorical"
    },
    "education_1": {
      "sdtype": "categorical"
    },
    "education_2": {
      "sdtype": "categorical"
    },
    "default_0": {
      "sdtype": "categorical"
    },
    "default_1": {
      "sdtype": "categorical"
    },
    "balance": {
      "sdtype": "numerical"
    },
    "housing_0": {
      "sdtype": "categorical"
    },
    "housing_1": {
      "sdtype": "categorical"
    },
    "loan_0": {
      "sdtype": "categorical"
    },
    "loan_1": {
      "sdtype": "categorical"
    },
    "contact_0": {
      "sdtype": "categorical"
    },
    "contact_1": {
      "sdtype": "categorical"
    },
    "day": {
      "sdtype": "numerical"
    },
    "month_0": {
      "sdtype": "categorical"
    },
    "month_1": {
      "sdtype": "categorical"
    },
    "month_2": {
      "sdtype": "categorical"
    },
    "month_3": {
      "sdtype": "categorical"
    },
    "campaign": {
      "sdtype": "numerical"
    },
    "pdays": {
      "sdtype": "numerical"
    },
    "previous": {
      "sdtype": "numerical"
    },
    "poutcome_0": {
      "sdtype": "categorical"
    },
    "poutcome_1": {
      "sdtype": "categorical"
    },
    "poutcome_2": {
      "sdtype": "categorical"
    },
    "y": {
      "sdtype": "categorical"
    }
  }
}
2025-05-08 16:20:01,539 - INFO - [SYNTHETIC PIPELINE] Evaluating synthetic dataset generated by TVAE...
2025-05-08 16:20:01,539 - INFO - [SYNTHETIC EVAL] Real data columns     (31): ['age', 'job_0', 'job_1', 'job_2', 'job_3', 'marital_0', 'marital_1', 'education_0', 'education_1', 'education_2', 'default_0', 'default_1', 'balance', 'housing_0', 'housing_1', 'loan_0', 'loan_1', 'contact_0', 'contact_1', 'day', 'month_0', 'month_1', 'month_2', 'month_3', 'campaign', 'pdays', 'previous', 'poutcome_0', 'poutcome_1', 'poutcome_2', 'y']
2025-05-08 16:20:01,539 - INFO - [SYNTHETIC EVAL] Synthetic data columns (31): ['age', 'job_0', 'job_1', 'job_2', 'job_3', 'marital_0', 'marital_1', 'education_0', 'education_1', 'education_2', 'default_0', 'default_1', 'balance', 'housing_0', 'housing_1', 'loan_0', 'loan_1', 'contact_0', 'contact_1', 'day', 'month_0', 'month_1', 'month_2', 'month_3', 'campaign', 'pdays', 'previous', 'poutcome_0', 'poutcome_1', 'poutcome_2', 'y']
2025-05-08 16:20:01,539 - INFO - [SYNTHETIC EVAL] Metadata columns      (31): ['age', 'job_0', 'job_1', 'job_2', 'job_3', 'marital_0', 'marital_1', 'education_0', 'education_1', 'education_2', 'default_0', 'default_1', 'balance', 'housing_0', 'housing_1', 'loan_0', 'loan_1', 'contact_0', 'contact_1', 'day', 'month_0', 'month_1', 'month_2', 'month_3', 'campaign', 'pdays', 'previous', 'poutcome_0', 'poutcome_1', 'poutcome_2', 'y']
2025-05-08 16:20:01,539 - INFO - [SYNTHETIC EVAL] Shape — Real: (36168, 31), Synthetic: (180840, 31)
2025-05-08 16:20:01,539 - INFO - [SYNTHETIC EVAL] Metadata structure:
{
  "METADATA_SPEC_VERSION": "SINGLE_TABLE_V1",
  "columns": {
    "age": {
      "sdtype": "numerical"
    },
    "job_0": {
      "sdtype": "categorical"
    },
    "job_1": {
      "sdtype": "categorical"
    },
    "job_2": {
      "sdtype": "categorical"
    },
    "job_3": {
      "sdtype": "categorical"
    },
    "marital_0": {
      "sdtype": "categorical"
    },
    "marital_1": {
      "sdtype": "categorical"
    },
    "education_0": {
      "sdtype": "categorical"
    },
    "education_1": {
      "sdtype": "categorical"
    },
    "education_2": {
      "sdtype": "categorical"
    },
    "default_0": {
      "sdtype": "categorical"
    },
    "default_1": {
      "sdtype": "categorical"
    },
    "balance": {
      "sdtype": "numerical"
    },
    "housing_0": {
      "sdtype": "categorical"
    },
    "housing_1": {
      "sdtype": "categorical"
    },
    "loan_0": {
      "sdtype": "categorical"
    },
    "loan_1": {
      "sdtype": "categorical"
    },
    "contact_0": {
      "sdtype": "categorical"
    },
    "contact_1": {
      "sdtype": "categorical"
    },
    "day": {
      "sdtype": "numerical"
    },
    "month_0": {
      "sdtype": "categorical"
    },
    "month_1": {
      "sdtype": "categorical"
    },
    "month_2": {
      "sdtype": "categorical"
    },
    "month_3": {
      "sdtype": "categorical"
    },
    "campaign": {
      "sdtype": "numerical"
    },
    "pdays": {
      "sdtype": "numerical"
    },
    "previous": {
      "sdtype": "numerical"
    },
    "poutcome_0": {
      "sdtype": "categorical"
    },
    "poutcome_1": {
      "sdtype": "categorical"
    },
    "poutcome_2": {
      "sdtype": "categorical"
    },
    "y": {
      "sdtype": "categorical"
    }
  }
}
2025-05-08 16:20:07,790 - INFO -  [SYNTHETIC PIPELINE]  Synthetic Data Evaluation Completed.
2025-05-08 16:20:07,796 - INFO -  [SYNTHETIC PIPELINE] Synthetic Data Report Generated Successfully.
2025-05-08 16:20:08,400 - INFO - Synthetic data generated with 2 synthesizer(s).
2025-05-08 16:20:08,401 - INFO - Hybrid Pipeline skipped (disabled in configuration).
2025-05-08 16:20:08,401 - INFO - Starting Utility...
2025-05-08 16:20:08,401 - INFO - [UTILITY] Preparing datasets for machine learning...
2025-05-08 16:20:08,404 - INFO - [UTILITY] Original Data - Training Size: 36168, Testing Size: 9043
2025-05-08 16:20:08,406 - INFO - [UTILITY] Target class distribution (Original): {'no': 31937, 'yes': 4231}
2025-05-08 16:20:08,409 - INFO - [UTILITY] Processing synthetic dataset generated by CTGAN...
2025-05-08 16:20:08,419 - INFO - [UTILITY] Synthetic Data (CTGAN) - Training Size: 180840
2025-05-08 16:20:08,426 - INFO - [UTILITY] Target class distribution (CTGAN): {'no': 141609, 'yes': 39231}
2025-05-08 16:20:08,430 - INFO - [UTILITY] Processing synthetic dataset generated by TVAE...
2025-05-08 16:20:08,442 - INFO - [UTILITY] Synthetic Data (TVAE) - Training Size: 180840
2025-05-08 16:20:08,448 - INFO - [UTILITY] Target class distribution (TVAE): {'no': 168731, 'yes': 12109}
2025-05-08 16:20:08,449 - INFO - [UTILITY] Training models on all datasets...
2025-05-08 16:20:08,449 - INFO - [UTILITY] Total datasets used for training: 3
2025-05-08 16:20:08,449 - INFO - [TRAINING] Training models from scratch...
2025-05-08 16:20:08,449 - INFO - [TRAINING] Starting training for dataset: Original — Rows: 36168, Features: 30
2025-05-08 16:20:08,449 - INFO - [TRAINING] Training DecisionTree on Original...
2025-05-08 16:20:08,689 - INFO - [TRAINING] DecisionTree trained successfully on Original in 0.24 sec
2025-05-08 16:20:08,689 - INFO - [TRAINING] Training KNN on Original...
2025-05-08 16:20:08,710 - INFO - [TRAINING] KNN trained successfully on Original in 0.02 sec
2025-05-08 16:20:08,710 - INFO - [TRAINING] Training LogisticRegression on Original...
2025-05-08 16:20:09,126 - INFO - [TRAINING] LogisticRegression trained successfully on Original in 0.42 sec
2025-05-08 16:20:09,127 - INFO - [TRAINING] Training RandomForest on Original...
2025-05-08 16:20:13,059 - INFO - [TRAINING] RandomForest trained successfully on Original in 3.93 sec
2025-05-08 16:20:13,059 - INFO - [TRAINING] Finished training 4 model(s) for dataset: Original
2025-05-08 16:20:13,059 - INFO - [TRAINING] Starting training for dataset: CTGAN — Rows: 180840, Features: 30
2025-05-08 16:20:13,059 - INFO - [TRAINING] Training DecisionTree on CTGAN...
2025-05-08 16:20:14,823 - INFO - [TRAINING] DecisionTree trained successfully on CTGAN in 1.76 sec
2025-05-08 16:20:14,823 - INFO - [TRAINING] Training KNN on CTGAN...
2025-05-08 16:20:15,077 - INFO - [TRAINING] KNN trained successfully on CTGAN in 0.25 sec
2025-05-08 16:20:15,077 - INFO - [TRAINING] Training LogisticRegression on CTGAN...
2025-05-08 16:20:15,896 - INFO - [TRAINING] LogisticRegression trained successfully on CTGAN in 0.82 sec
2025-05-08 16:20:15,896 - INFO - [TRAINING] Training RandomForest on CTGAN...
2025-05-08 16:20:42,384 - INFO - [TRAINING] RandomForest trained successfully on CTGAN in 26.49 sec
2025-05-08 16:20:42,384 - INFO - [TRAINING] Finished training 4 model(s) for dataset: CTGAN
2025-05-08 16:20:42,384 - INFO - [TRAINING] Starting training for dataset: TVAE — Rows: 180840, Features: 30
2025-05-08 16:20:42,384 - INFO - [TRAINING] Training DecisionTree on TVAE...
2025-05-08 16:20:43,784 - INFO - [TRAINING] DecisionTree trained successfully on TVAE in 1.40 sec
2025-05-08 16:20:43,785 - INFO - [TRAINING] Training KNN on TVAE...
2025-05-08 16:20:44,074 - INFO - [TRAINING] KNN trained successfully on TVAE in 0.29 sec
2025-05-08 16:20:44,074 - INFO - [TRAINING] Training LogisticRegression on TVAE...
2025-05-08 16:20:45,013 - INFO - [TRAINING] LogisticRegression trained successfully on TVAE in 0.94 sec
2025-05-08 16:20:45,013 - INFO - [TRAINING] Training RandomForest on TVAE...
2025-05-08 16:21:02,977 - INFO - [TRAINING] RandomForest trained successfully on TVAE in 17.96 sec
2025-05-08 16:21:02,978 - INFO - [TRAINING] Finished training 4 model(s) for dataset: TVAE
2025-05-08 16:21:02,978 - INFO - [TRAINING] Total models trained across all datasets: 12
2025-05-08 16:21:02,978 - INFO - [UTILITY] Trained model names: ['Original', 'CTGAN', 'TVAE']
2025-05-08 16:21:02,978 - INFO - [UTILITY] Model Training Completed.
2025-05-08 16:21:02,978 - INFO - Starting the Evaluating of models...
2025-05-08 16:21:02,978 - INFO - Preparing evaluation for model 'DecisionTree' across all datasets...
2025-05-08 16:21:02,978 - INFO - Evaluating DecisionTree on Original...
2025-05-08 16:21:02,981 - INFO - Predictions completed for DecisionTree on Original
2025-05-08 16:21:02,981 - INFO - Prediction distribution for DecisionTree on Original: {'no': 7878, 'yes': 1165}
2025-05-08 16:21:03,081 - INFO - Computed 8 metric(s) for DecisionTree on Original
2025-05-08 16:21:03,081 - INFO - Evaluating DecisionTree on CTGAN...
2025-05-08 16:21:03,085 - INFO - Predictions completed for DecisionTree on CTGAN
2025-05-08 16:21:03,085 - INFO - Prediction distribution for DecisionTree on CTGAN: {'no': 6991, 'yes': 2052}
2025-05-08 16:21:03,362 - INFO - Computed 8 metric(s) for DecisionTree on CTGAN
2025-05-08 16:21:03,362 - INFO - Evaluating DecisionTree on TVAE...
2025-05-08 16:21:03,366 - INFO - Predictions completed for DecisionTree on TVAE
2025-05-08 16:21:03,366 - INFO - Prediction distribution for DecisionTree on TVAE: {'no': 7691, 'yes': 1352}
2025-05-08 16:21:03,505 - INFO - Computed 8 metric(s) for DecisionTree on TVAE
2025-05-08 16:21:03,505 - INFO - Preparing evaluation for model 'KNN' across all datasets...
2025-05-08 16:21:03,505 - INFO - Evaluating KNN on Original...
2025-05-08 16:21:06,933 - INFO - Predictions completed for KNN on Original
2025-05-08 16:21:06,934 - INFO - Prediction distribution for KNN on Original: {'no': 8753, 'yes': 290}
2025-05-08 16:21:13,946 - INFO - Computed 8 metric(s) for KNN on Original
2025-05-08 16:21:13,946 - INFO - Evaluating KNN on CTGAN...
2025-05-08 16:21:31,698 - INFO - Predictions completed for KNN on CTGAN
2025-05-08 16:21:31,699 - INFO - Prediction distribution for KNN on CTGAN: {'no': 8237, 'yes': 806}
2025-05-08 16:22:21,472 - INFO - Computed 8 metric(s) for KNN on CTGAN
2025-05-08 16:22:21,481 - INFO - Evaluating KNN on TVAE...
2025-05-08 16:22:48,703 - INFO - Predictions completed for KNN on TVAE
2025-05-08 16:22:48,704 - INFO - Prediction distribution for KNN on TVAE: {'no': 7870, 'yes': 1173}
2025-05-08 16:23:55,552 - INFO - Computed 8 metric(s) for KNN on TVAE
2025-05-08 16:23:55,552 - INFO - Preparing evaluation for model 'LogisticRegression' across all datasets...
2025-05-08 16:23:55,552 - INFO - Evaluating LogisticRegression on Original...
2025-05-08 16:23:55,559 - INFO - Predictions completed for LogisticRegression on Original
2025-05-08 16:23:55,560 - INFO - Prediction distribution for LogisticRegression on Original: {'no': 8778, 'yes': 265}
2025-05-08 16:23:55,815 - INFO - Computed 8 metric(s) for LogisticRegression on Original
2025-05-08 16:23:55,817 - INFO - Evaluating LogisticRegression on CTGAN...
2025-05-08 16:23:55,867 - INFO - Predictions completed for LogisticRegression on CTGAN
2025-05-08 16:23:55,874 - INFO - Prediction distribution for LogisticRegression on CTGAN: {'no': 8588, 'yes': 455}
2025-05-08 16:23:56,113 - INFO - Computed 8 metric(s) for LogisticRegression on CTGAN
2025-05-08 16:23:56,113 - INFO - Evaluating LogisticRegression on TVAE...
2025-05-08 16:23:56,117 - INFO - Predictions completed for LogisticRegression on TVAE
2025-05-08 16:23:56,118 - INFO - Prediction distribution for LogisticRegression on TVAE: {'no': 8771, 'yes': 272}
2025-05-08 16:23:56,266 - INFO - Computed 8 metric(s) for LogisticRegression on TVAE
2025-05-08 16:23:56,267 - INFO - Preparing evaluation for model 'RandomForest' across all datasets...
2025-05-08 16:23:56,267 - INFO - Evaluating RandomForest on Original...
2025-05-08 16:23:56,489 - INFO - Predictions completed for RandomForest on Original
2025-05-08 16:23:56,490 - INFO - Prediction distribution for RandomForest on Original: {'no': 8664, 'yes': 379}
2025-05-08 16:23:57,008 - INFO - Computed 8 metric(s) for RandomForest on Original
2025-05-08 16:23:57,009 - INFO - Evaluating RandomForest on CTGAN...
2025-05-08 16:23:57,700 - INFO - Predictions completed for RandomForest on CTGAN
2025-05-08 16:23:57,702 - INFO - Prediction distribution for RandomForest on CTGAN: {'no': 8465, 'yes': 578}
2025-05-08 16:23:58,451 - INFO - Computed 8 metric(s) for RandomForest on CTGAN
2025-05-08 16:23:58,455 - INFO - Evaluating RandomForest on TVAE...
2025-05-08 16:23:58,838 - INFO - Predictions completed for RandomForest on TVAE
2025-05-08 16:23:58,844 - INFO - Prediction distribution for RandomForest on TVAE: {'no': 8400, 'yes': 643}
2025-05-08 16:23:59,697 - INFO - Computed 8 metric(s) for RandomForest on TVAE
2025-05-08 16:23:59,711 - INFO - Evaluation completed for all models.
2025-05-08 16:23:59,711 - INFO - Model evaluation completed in 176.73 seconds.
2025-05-08 16:23:59,718 - INFO - Evaluated models: ['DecisionTree', 'KNN', 'LogisticRegression', 'RandomForest']
2025-05-08 16:23:59,718 - INFO - Model Training and Evaluation completed.
2025-05-08 16:24:01,784 - INFO -  Visualizations saved.
2025-05-08 16:24:01,784 - INFO -  Benchmarking Completed. Results saved in output folder.
