2025-04-11 14:36:06,958 - INFO - Loaded config file: configs/generated_configs/loan/loan_anon_k15_l5_sl0.01.yaml
2025-04-11 14:36:06,958 - INFO -  Benchmarking started for dataset: loan
2025-04-11 14:36:06,959 - INFO - Configuration loaded: enable_anonymization = True, enable_synthesis = False
2025-04-11 14:36:06,959 - INFO - Running preprocessing...
2025-04-11 14:36:06,973 - INFO - Preprocessed files found. Skipping preprocessing.
2025-04-11 14:36:06,993 - INFO - Preprocessing completed. Rows before: 614, after: 336
2025-04-11 14:36:06,993 - INFO - enable_anonymization = None
2025-04-11 14:36:07,015 - INFO - Running Java Anonymization Program...........
2025-04-11 14:36:07,015 - INFO - Using JAR file at /mnt/NVMETank/Projects/Students/Dele/A-STUDY-INTO-THE-QUALITY-AND-USABILITY-OF-PRIVACY-FRIENDLY-SYNTHETIC-DATA/src/anonymization/anonymARXij/bin/anonymARXij.jar to anonymize the dataset.
2025-04-11 14:36:10,521 - INFO - Anonimized file saved to : /mnt/NVMETank/Projects/Students/Dele/A-STUDY-INTO-THE-QUALITY-AND-USABILITY-OF-PRIVACY-FRIENDLY-SYNTHETIC-DATA/datasets/anonymized/loan_k15_l5_sup01_anonymized.csv
2025-04-11 14:36:10,521 - INFO - Java anonymization completed successfully.
2025-04-11 14:36:10,521 - INFO - Anonymized data saved to: /mnt/NVMETank/Projects/Students/Dele/A-STUDY-INTO-THE-QUALITY-AND-USABILITY-OF-PRIVACY-FRIENDLY-SYNTHETIC-DATA/datasets/anonymized/loan_k15_l5_sup01_anonymized.csv
2025-04-11 14:36:10,537 - INFO - Loaded anonymized data: (336, 13)
2025-04-11 14:36:10,624 - INFO - Encoding applied to anonymized data. Encoded shape: (336, 10)
2025-04-11 14:36:10,626 - INFO - Encoded anonymized dataset saved to: /mnt/NVMETank/Projects/Students/Dele/A-STUDY-INTO-THE-QUALITY-AND-USABILITY-OF-PRIVACY-FRIENDLY-SYNTHETIC-DATA/datasets/anonymized/loan_k15_l5_sup01_anonymized_encoded.csv
2025-04-11 14:36:10,626 - INFO - Deleted anonymized dataset: /mnt/NVMETank/Projects/Students/Dele/A-STUDY-INTO-THE-QUALITY-AND-USABILITY-OF-PRIVACY-FRIENDLY-SYNTHETIC-DATA/datasets/anonymized/loan_k15_l5_sup01_anonymized.csv
2025-04-11 14:36:10,627 - INFO - enable_synthetic_generation = False
2025-04-11 14:36:10,627 - INFO - Synthetic Data Generation Skipped (Disabled in Configuration).
2025-04-11 14:36:10,627 - INFO - Synthetic data generated with 2 synthesizers.
2025-04-11 14:36:10,627 - INFO - Hybrid pipeline skipped (disabled in configuration).
2025-04-11 14:36:10,628 - INFO - Preparing datasets for machine learning...
2025-04-11 14:36:10,628 - INFO - Original Data - Training Size: 336, Testing Size: 144
2025-04-11 14:36:10,629 - INFO - Processing anonymized dataset...
2025-04-11 14:36:10,629 - INFO - Anonymized Data - Training Size: 336
2025-04-11 14:36:10,630 - INFO - Training models on all datasets...
2025-04-11 14:37:01,758 - INFO - Model Training Completed.
2025-04-11 14:37:01,763 - INFO - Evaluating models...
2025-04-11 14:37:02,282 - INFO - Model Training and Evaluation completed.
2025-04-11 14:37:04,152 - INFO -  Visualizations saved.
2025-04-11 14:37:04,152 - INFO -  Benchmarking Completed. Results saved in output folder.
