2025-04-09 14:41:44,028 - INFO - Loaded config file: configs/benchmark_config.yaml
2025-04-09 14:41:44,028 - INFO -  Benchmarking started for dataset: studentPerformance
2025-04-09 14:41:44,028 - INFO - Configuration loaded: enable_anonymization = False, enable_synthesis = False
2025-04-09 14:41:44,028 - INFO - Running preprocessing...
2025-04-09 14:41:44,033 - INFO - Preprocessed files found. Skipping preprocessing.
2025-04-09 14:41:44,161 - INFO - Preprocessing completed. Rows before: 4424, after: 3539
2025-04-09 14:41:44,161 - INFO - enable_anonymization = None
2025-04-09 14:41:44,161 - INFO - Anonymization Skipped (Disabled in Configuration).
2025-04-09 14:41:44,164 - INFO - enable_synthetic_generation = False
2025-04-09 14:41:44,164 - INFO - Synthetic Data Generation Skipped (Disabled in Configuration).
2025-04-09 14:41:44,166 - INFO - Synthetic data generated with 0 synthesizers.
2025-04-09 14:41:44,166 - INFO - Running hybrid pipeline...
2025-04-09 14:41:44,166 - INFO - Executing run_hybrid.....
2025-04-09 14:41:44,166 - INFO - Loading unencoded training data for hybrid pipeline...
2025-04-09 14:41:44,201 - INFO - Detected metadata:
2025-04-09 14:41:44,201 - INFO - {
    "columns": {
        "Marital status": {
            "sdtype": "categorical"
        },
        "Application mode": {
            "sdtype": "numerical"
        },
        "Application order": {
            "sdtype": "categorical"
        },
        "Course": {
            "sdtype": "numerical"
        },
        "Daytime/evening attendance": {
            "sdtype": "categorical"
        },
        "Previous qualification": {
            "sdtype": "numerical"
        },
        "Previous qualification (grade)": {
            "sdtype": "numerical"
        },
        "Nacionality": {
            "sdtype": "numerical"
        },
        "Mother's qualification": {
            "sdtype": "numerical"
        },
        "Father's qualification": {
            "sdtype": "numerical"
        },
        "Mother's occupation": {
            "sdtype": "numerical"
        },
        "Father's occupation": {
            "sdtype": "numerical"
        },
        "Admission grade": {
            "sdtype": "numerical"
        },
        "Displaced": {
            "sdtype": "categorical"
        },
        "Educational special needs": {
            "sdtype": "categorical"
        },
        "Debtor": {
            "sdtype": "categorical"
        },
        "Tuition fees up to date": {
            "sdtype": "categorical"
        },
        "Gender": {
            "sdtype": "categorical"
        },
        "Scholarship_holder": {
            "sdtype": "categorical"
        },
        "Age at enrollment": {
            "sdtype": "numerical"
        },
        "International": {
            "sdtype": "categorical"
        },
        "Curricular units 1st sem (credited)": {
            "sdtype": "numerical"
        },
        "Curricular units 1st sem (enrolled)": {
            "sdtype": "numerical"
        },
        "Curricular units 1st sem (evaluations)": {
            "sdtype": "numerical"
        },
        "Curricular units 1st sem (approved)": {
            "sdtype": "numerical"
        },
        "Curricular units 1st sem (grade)": {
            "sdtype": "numerical"
        },
        "Curricular units 1st sem (without evaluations)": {
            "sdtype": "numerical"
        },
        "Curricular units 2nd sem (credited)": {
            "sdtype": "numerical"
        },
        "Curricular units 2nd sem (enrolled)": {
            "sdtype": "numerical"
        },
        "Curricular units 2nd sem (evaluations)": {
            "sdtype": "numerical"
        },
        "Curricular units 2nd sem (approved)": {
            "sdtype": "numerical"
        },
        "Curricular units 2nd sem (grade)": {
            "sdtype": "numerical"
        },
        "Curricular units 2nd sem (without evaluations)": {
            "sdtype": "categorical"
        },
        "Unemployment rate": {
            "sdtype": "numerical"
        },
        "Inflation rate": {
            "sdtype": "numerical"
        },
        "GDP": {
            "sdtype": "numerical"
        },
        "Target": {
            "sdtype": "categorical"
        }
    },
    "METADATA_SPEC_VERSION": "SINGLE_TABLE_V1"
}
2025-04-09 14:41:44,236 - INFO - {'EVENT': 'Load', 'TIMESTAMP': datetime.datetime(2025, 4, 9, 14, 41, 44, 231262), 'SYNTHESIZER CLASS NAME': 'CTGANSynthesizer', 'SYNTHESIZER ID': 'CTGANSynthesizer_1.16.1_180a5374f6d3441eb1a55941ce8aac18'}
2025-04-09 14:41:44,971 - INFO - {'EVENT': 'Sample', 'TIMESTAMP': datetime.datetime(2025, 4, 9, 14, 41, 44, 236010), 'SYNTHESIZER CLASS NAME': 'CTGANSynthesizer', 'SYNTHESIZER ID': 'CTGANSynthesizer_1.16.1_180a5374f6d3441eb1a55941ce8aac18', 'TOTAL NUMBER OF TABLES': 1, 'TOTAL NUMBER OF ROWS': 10000, 'TOTAL NUMBER OF COLUMNS': 37}
2025-04-09 14:41:51,816 - INFO - Synthetic datasets generated for hybrid pipeline.
2025-04-09 14:41:51,871 - INFO - Synthetic dataset saved to C:\Users\delea\OneDrive\Documents\Desktop\Master_Thesis\MasterThesisCode\datasets\hybrid\studentPerformance_CTGAN_HYBRID.csv for hybrid pipeline.
2025-04-09 14:41:51,871 - INFO - Hybrid Pipeline : Running anonymization on synthetic dataset...
2025-04-09 14:41:53,519 - INFO - Anonymized dataset path for hybrid pipeline: datasets/anonymized/studentPerformance_CTGAN_HYBRID_anonymized.csv
2025-04-09 14:41:53,519 - INFO - beginning postprocessing of anonymized data in hybrid pipeline...
2025-04-09 14:41:53,772 - INFO - Hybrid pipeline completed successfully.
2025-04-09 14:41:53,772 - INFO - Hybrid pipeline completed successfully.
2025-04-09 14:41:53,772 - INFO - Preparing datasets for machine learning...
2025-04-09 14:41:53,772 - INFO - Original Data - Training Size: 3539, Testing Size: 885
2025-04-09 14:41:53,772 - INFO - Processing hybrid dataset...
2025-04-09 14:41:53,772 - INFO - Hybrid Data - Training Size: 10000
2025-04-09 14:41:53,772 - INFO - Training models on all datasets...
2025-04-09 14:41:55,037 - INFO - Model Training Completed.
2025-04-09 14:41:55,039 - INFO - Evaluating models...
2025-04-09 14:41:55,457 - INFO - Model Training and Evaluation completed.
2025-04-09 14:41:55,940 - INFO -  Visualizations saved.
2025-04-09 14:41:55,940 - INFO -  Benchmarking Completed. Results saved in output folder.
