2025-05-08 18:04:56,921 - INFO - Loaded config file: configs/generated_configs/studentPerformance/studentPerformance_synth_ep60_rows5x.yaml
2025-05-08 18:04:56,921 - INFO -  Benchmarking started for dataset: studentPerformance
2025-05-08 18:04:56,922 - INFO - Using dataset path: /mnt/NVMETank/Projects/Students/Dele/A-STUDY-INTO-THE-QUALITY-AND-USABILITY-OF-PRIVACY-FRIENDLY-SYNTHETIC-DATA/datasets/original/studentPerformance.csv
2025-05-08 18:04:56,922 - INFO - Target column: Target, separator: ';'
2025-05-08 18:04:56,922 - INFO - Configuration loaded: enable_anonymization = False, enable_synthesis = True, enable_hybrid = False, enable_utility = True, delete_after_evaluation = False
2025-05-08 18:04:56,922 - INFO - Running preprocessing...
2025-05-08 18:04:56,979 - INFO -  [PREPROCESSING] Preprocessed files found. Skipping preprocessing.
2025-05-08 18:04:57,187 - INFO - Preprocessing completed. Rows before: 4424, after: 3096
2025-05-08 18:04:57,188 - INFO - Preprocessed data saved to: outputs/batch/studentPerformance_batch_2025-05-08_17-32-48/studentPerformance_synth_ep60_rows5x/preprocessing_report.txt
2025-05-08 18:04:57,188 - INFO - enable_anonymization = False
2025-05-08 18:04:57,188 - INFO - Anonymization Skipped (Disabled in Configuration).
2025-05-08 18:04:57,188 - INFO - enable_synthetic_generation = True
2025-05-08 18:04:57,188 - INFO - Starting standard Synthetic Data Generation pipeline...
2025-05-08 18:04:57,188 - INFO - Executing run_synthetic.....
2025-05-08 18:04:57,188 - INFO - [SYNTHETIC PIPELINE] executing run_synthetic for studentPerformance...
2025-05-08 18:04:57,188 - INFO - [SYNTHETIC] Processing dataset: studentPerformance
2025-05-08 18:04:57,188 - INFO - [SYNTHETIC] Original dataset size: 3096 rows
2025-05-08 18:04:57,363 - INFO - Detected metadata:
2025-05-08 18:04:57,363 - INFO - {
    "columns": {
        "Marital status": {
            "sdtype": "categorical"
        },
        "Application mode": {
            "sdtype": "numerical"
        },
        "Application order": {
            "sdtype": "categorical"
        },
        "Course": {
            "sdtype": "numerical"
        },
        "Daytime/evening attendance": {
            "sdtype": "categorical"
        },
        "Previous qualification": {
            "sdtype": "numerical"
        },
        "Previous qualification (grade)": {
            "sdtype": "numerical"
        },
        "Nacionality": {
            "sdtype": "numerical"
        },
        "Mother's qualification": {
            "sdtype": "numerical"
        },
        "Father's qualification": {
            "sdtype": "numerical"
        },
        "Mother's occupation": {
            "sdtype": "numerical"
        },
        "Father's occupation": {
            "sdtype": "numerical"
        },
        "Admission grade": {
            "sdtype": "numerical"
        },
        "Displaced": {
            "sdtype": "categorical"
        },
        "Educational special needs": {
            "sdtype": "categorical"
        },
        "Debtor": {
            "sdtype": "categorical"
        },
        "Tuition fees up to date": {
            "sdtype": "categorical"
        },
        "Gender": {
            "sdtype": "categorical"
        },
        "Scholarship_holder": {
            "sdtype": "categorical"
        },
        "Age at enrollment": {
            "sdtype": "numerical"
        },
        "International": {
            "sdtype": "categorical"
        },
        "Curricular units 1st sem (credited)": {
            "sdtype": "numerical"
        },
        "Curricular units 1st sem (enrolled)": {
            "sdtype": "numerical"
        },
        "Curricular units 1st sem (evaluations)": {
            "sdtype": "numerical"
        },
        "Curricular units 1st sem (approved)": {
            "sdtype": "numerical"
        },
        "Curricular units 1st sem (grade)": {
            "sdtype": "numerical"
        },
        "Curricular units 1st sem (without evaluations)": {
            "sdtype": "numerical"
        },
        "Curricular units 2nd sem (credited)": {
            "sdtype": "numerical"
        },
        "Curricular units 2nd sem (enrolled)": {
            "sdtype": "numerical"
        },
        "Curricular units 2nd sem (evaluations)": {
            "sdtype": "numerical"
        },
        "Curricular units 2nd sem (approved)": {
            "sdtype": "numerical"
        },
        "Curricular units 2nd sem (grade)": {
            "sdtype": "numerical"
        },
        "Curricular units 2nd sem (without evaluations)": {
            "sdtype": "categorical"
        },
        "Unemployment rate": {
            "sdtype": "numerical"
        },
        "Inflation rate": {
            "sdtype": "numerical"
        },
        "GDP": {
            "sdtype": "numerical"
        },
        "Target": {
            "sdtype": "categorical"
        }
    },
    "METADATA_SPEC_VERSION": "SINGLE_TABLE_V1"
}
2025-05-08 18:04:57,370 - INFO - [SYNTHETIC] Preparing synthesizer: CTGAN
2025-05-08 18:04:57,370 - INFO - [SYNTHETIC] Params from config: {'epochs': 60}
2025-05-08 18:04:57,371 - INFO -  [SYNTHETIC] No pre-trained synthesizer found
2025-05-08 18:04:57,371 - INFO - [SYNTHETIC] Training new CTGAN synthesizer from scratch...
2025-05-08 18:04:57,375 - WARNING - [FutureWarning] The 'SingleTableMetadata' is deprecated. Please use the new 'Metadata' class for synthesizers. (from /mnt/NVMETank/Projects/Students/Dele/A-STUDY-INTO-THE-QUALITY-AND-USABILITY-OF-PRIVACY-FRIENDLY-SYNTHETIC-DATA/.venv/lib/python3.12/site-packages/sdv/single_table/base.py:119)
2025-05-08 18:04:57,375 - WARNING - [UserWarning] We strongly recommend saving the metadata using 'save_to_json' for replicability in future SDV versions. (from /mnt/NVMETank/Projects/Students/Dele/A-STUDY-INTO-THE-QUALITY-AND-USABILITY-OF-PRIVACY-FRIENDLY-SYNTHETIC-DATA/.venv/lib/python3.12/site-packages/sdv/single_table/base.py:104)
2025-05-08 18:04:57,409 - INFO - {'EVENT': 'Instance', 'TIMESTAMP': datetime.datetime(2025, 5, 8, 18, 4, 57, 409037), 'SYNTHESIZER CLASS NAME': 'CTGANSynthesizer', 'SYNTHESIZER ID': 'CTGANSynthesizer_1.18.0_f14aef4c3faa447d984d2e5a50718cd5'}
2025-05-08 18:04:57,409 - INFO - [SYNTHETIC] CTGAN initialized with epochs: 60
2025-05-08 18:04:57,409 - INFO - [SYNTHETIC] Training parameters for CTGAN: {}
2025-05-08 18:04:57,409 - INFO - [SYNTHETIC] fitting CTGAN 
2025-05-08 18:04:57,409 - INFO - {'EVENT': 'Fit', 'TIMESTAMP': datetime.datetime(2025, 5, 8, 18, 4, 57, 409739), 'SYNTHESIZER CLASS NAME': 'CTGANSynthesizer', 'SYNTHESIZER ID': 'CTGANSynthesizer_1.18.0_f14aef4c3faa447d984d2e5a50718cd5', 'TOTAL NUMBER OF TABLES': 1, 'TOTAL NUMBER OF ROWS': 3096, 'TOTAL NUMBER OF COLUMNS': 37}
2025-05-08 18:04:57,689 - INFO - Fitting table  metadata
2025-05-08 18:04:57,706 - INFO - Fitting formatters for table 
2025-05-08 18:04:57,764 - INFO - No rounding scheme detected for column 'Curricular units 1st sem (grade)'. Data will not be rounded.
2025-05-08 18:04:57,783 - INFO - No rounding scheme detected for column 'Curricular units 2nd sem (grade)'. Data will not be rounded.
2025-05-08 18:04:57,802 - INFO - Fitting constraints for table 
2025-05-08 18:04:57,802 - INFO - Setting the configuration for the ``HyperTransformer`` for table 
2025-05-08 18:04:57,879 - INFO - Fitting HyperTransformer for table 
2025-05-08 18:04:58,351 - INFO - No rounding scheme detected for column 'Curricular units 1st sem (grade)'. Data will not be rounded.
2025-05-08 18:04:58,526 - INFO - No rounding scheme detected for column 'Curricular units 2nd sem (grade)'. Data will not be rounded.
2025-05-08 18:04:59,168 - INFO - {'EVENT': 'Fit processed data', 'TIMESTAMP': datetime.datetime(2025, 5, 8, 18, 4, 59, 168162), 'SYNTHESIZER CLASS NAME': 'CTGANSynthesizer', 'SYNTHESIZER ID': 'CTGANSynthesizer_1.18.0_f14aef4c3faa447d984d2e5a50718cd5', 'TOTAL NUMBER OF TABLES': 1, 'TOTAL NUMBER OF ROWS': 3096, 'TOTAL NUMBER OF COLUMNS': 37}
2025-05-08 18:04:59,338 - INFO - Guidance: There are no missing values in column Application mode. Extra column not created.
2025-05-08 18:05:01,422 - INFO - Guidance: There are no missing values in column Course. Extra column not created.
2025-05-08 18:05:02,482 - INFO - Guidance: There are no missing values in column Previous qualification. Extra column not created.
2025-05-08 18:05:02,814 - INFO - Guidance: There are no missing values in column Previous qualification (grade). Extra column not created.
2025-05-08 18:05:03,653 - INFO - Guidance: There are no missing values in column Nacionality. Extra column not created.
2025-05-08 18:05:03,825 - INFO - Guidance: There are no missing values in column Mother's qualification. Extra column not created.
2025-05-08 18:05:04,026 - INFO - Guidance: There are no missing values in column Father's qualification. Extra column not created.
2025-05-08 18:05:04,259 - INFO - Guidance: There are no missing values in column Mother's occupation. Extra column not created.
2025-05-08 18:05:04,450 - INFO - Guidance: There are no missing values in column Father's occupation. Extra column not created.
2025-05-08 18:05:05,003 - INFO - Guidance: There are no missing values in column Admission grade. Extra column not created.
2025-05-08 18:05:05,880 - INFO - Guidance: There are no missing values in column Age at enrollment. Extra column not created.
2025-05-08 18:05:06,106 - INFO - Guidance: There are no missing values in column Curricular units 1st sem (credited). Extra column not created.
2025-05-08 18:05:06,292 - INFO - Guidance: There are no missing values in column Curricular units 1st sem (enrolled). Extra column not created.
2025-05-08 18:05:06,447 - INFO - Guidance: There are no missing values in column Curricular units 1st sem (evaluations). Extra column not created.
2025-05-08 18:05:06,577 - INFO - Guidance: There are no missing values in column Curricular units 1st sem (approved). Extra column not created.
2025-05-08 18:05:06,703 - INFO - Guidance: There are no missing values in column Curricular units 1st sem (grade). Extra column not created.
2025-05-08 18:05:06,870 - INFO - Guidance: There are no missing values in column Curricular units 1st sem (without evaluations). Extra column not created.
2025-05-08 18:05:06,944 - INFO - Guidance: There are no missing values in column Curricular units 2nd sem (credited). Extra column not created.
2025-05-08 18:05:07,167 - INFO - Guidance: There are no missing values in column Curricular units 2nd sem (enrolled). Extra column not created.
2025-05-08 18:05:07,250 - INFO - Guidance: There are no missing values in column Curricular units 2nd sem (evaluations). Extra column not created.
2025-05-08 18:05:07,453 - INFO - Guidance: There are no missing values in column Curricular units 2nd sem (approved). Extra column not created.
2025-05-08 18:05:07,484 - INFO - Guidance: There are no missing values in column Curricular units 2nd sem (grade). Extra column not created.
2025-05-08 18:05:07,650 - INFO - Guidance: There are no missing values in column Unemployment rate. Extra column not created.
2025-05-08 18:05:07,728 - INFO - Guidance: There are no missing values in column Inflation rate. Extra column not created.
2025-05-08 18:05:07,851 - INFO - Guidance: There are no missing values in column GDP. Extra column not created.
2025-05-08 18:06:55,849 - INFO - [SYNTHETIC] Fitting complete for CTGAN. Duration: 118.44 seconds.
2025-05-08 18:06:55,849 - INFO - [SYNTHETIC] CONFIRMATION CTGAN actually trained with epochs = 60
2025-05-08 18:06:55,849 - INFO - {'EVENT': 'Save', 'TIMESTAMP': datetime.datetime(2025, 5, 8, 18, 6, 55, 849767), 'SYNTHESIZER CLASS NAME': 'CTGANSynthesizer', 'SYNTHESIZER ID': 'CTGANSynthesizer_1.18.0_f14aef4c3faa447d984d2e5a50718cd5'}
2025-05-08 18:06:55,958 - INFO - [SYNTHETIC] CTGAN trained and saved.
2025-05-08 18:06:55,958 - INFO - [SYNTHETIC] Preparing synthesizer: TVAE
2025-05-08 18:06:55,958 - INFO - [SYNTHETIC] Params from config: {'epochs': 60}
2025-05-08 18:06:55,959 - INFO -  [SYNTHETIC] No pre-trained synthesizer found
2025-05-08 18:06:55,959 - INFO - [SYNTHETIC] Training new TVAE synthesizer from scratch...
2025-05-08 18:06:55,959 - WARNING - [FutureWarning] The 'SingleTableMetadata' is deprecated. Please use the new 'Metadata' class for synthesizers. (from /mnt/NVMETank/Projects/Students/Dele/A-STUDY-INTO-THE-QUALITY-AND-USABILITY-OF-PRIVACY-FRIENDLY-SYNTHETIC-DATA/.venv/lib/python3.12/site-packages/sdv/single_table/base.py:119)
2025-05-08 18:06:55,963 - INFO - {'EVENT': 'Instance', 'TIMESTAMP': datetime.datetime(2025, 5, 8, 18, 6, 55, 963778), 'SYNTHESIZER CLASS NAME': 'TVAESynthesizer', 'SYNTHESIZER ID': 'TVAESynthesizer_1.18.0_aa2ffd10436b45f4a1578d99ec318a91'}
2025-05-08 18:06:55,963 - INFO - [SYNTHETIC] TVAE initialized with epochs: 60
2025-05-08 18:06:55,964 - INFO - [SYNTHETIC] Training parameters for TVAE: {}
2025-05-08 18:06:55,964 - INFO - [SYNTHETIC] fitting TVAE 
2025-05-08 18:06:55,964 - INFO - {'EVENT': 'Fit', 'TIMESTAMP': datetime.datetime(2025, 5, 8, 18, 6, 55, 964245), 'SYNTHESIZER CLASS NAME': 'TVAESynthesizer', 'SYNTHESIZER ID': 'TVAESynthesizer_1.18.0_aa2ffd10436b45f4a1578d99ec318a91', 'TOTAL NUMBER OF TABLES': 1, 'TOTAL NUMBER OF ROWS': 3096, 'TOTAL NUMBER OF COLUMNS': 37}
2025-05-08 18:06:56,014 - INFO - Fitting table  metadata
2025-05-08 18:06:56,015 - INFO - Fitting formatters for table 
2025-05-08 18:06:56,023 - INFO - No rounding scheme detected for column 'Curricular units 1st sem (grade)'. Data will not be rounded.
2025-05-08 18:06:56,026 - INFO - No rounding scheme detected for column 'Curricular units 2nd sem (grade)'. Data will not be rounded.
2025-05-08 18:06:56,029 - INFO - Fitting constraints for table 
2025-05-08 18:06:56,029 - INFO - Setting the configuration for the ``HyperTransformer`` for table 
2025-05-08 18:06:56,044 - INFO - Fitting HyperTransformer for table 
2025-05-08 18:06:56,121 - INFO - No rounding scheme detected for column 'Curricular units 1st sem (grade)'. Data will not be rounded.
2025-05-08 18:06:56,150 - INFO - No rounding scheme detected for column 'Curricular units 2nd sem (grade)'. Data will not be rounded.
2025-05-08 18:06:56,235 - INFO - {'EVENT': 'Fit processed data', 'TIMESTAMP': datetime.datetime(2025, 5, 8, 18, 6, 56, 235460), 'SYNTHESIZER CLASS NAME': 'TVAESynthesizer', 'SYNTHESIZER ID': 'TVAESynthesizer_1.18.0_aa2ffd10436b45f4a1578d99ec318a91', 'TOTAL NUMBER OF TABLES': 1, 'TOTAL NUMBER OF ROWS': 3096, 'TOTAL NUMBER OF COLUMNS': 37}
2025-05-08 18:06:56,240 - INFO - Guidance: There are no missing values in column Application mode. Extra column not created.
2025-05-08 18:06:56,760 - INFO - Guidance: There are no missing values in column Course. Extra column not created.
2025-05-08 18:06:57,254 - INFO - Guidance: There are no missing values in column Previous qualification. Extra column not created.
2025-05-08 18:06:57,482 - INFO - Guidance: There are no missing values in column Previous qualification (grade). Extra column not created.
2025-05-08 18:06:58,064 - INFO - Guidance: There are no missing values in column Nacionality. Extra column not created.
2025-05-08 18:06:58,308 - INFO - Guidance: There are no missing values in column Mother's qualification. Extra column not created.
2025-05-08 18:06:58,565 - INFO - Guidance: There are no missing values in column Father's qualification. Extra column not created.
2025-05-08 18:06:58,861 - INFO - Guidance: There are no missing values in column Mother's occupation. Extra column not created.
2025-05-08 18:06:59,104 - INFO - Guidance: There are no missing values in column Father's occupation. Extra column not created.
2025-05-08 18:06:59,428 - INFO - Guidance: There are no missing values in column Admission grade. Extra column not created.
2025-05-08 18:06:59,932 - INFO - Guidance: There are no missing values in column Age at enrollment. Extra column not created.
2025-05-08 18:07:00,166 - INFO - Guidance: There are no missing values in column Curricular units 1st sem (credited). Extra column not created.
2025-05-08 18:07:00,388 - INFO - Guidance: There are no missing values in column Curricular units 1st sem (enrolled). Extra column not created.
2025-05-08 18:07:00,547 - INFO - Guidance: There are no missing values in column Curricular units 1st sem (evaluations). Extra column not created.
2025-05-08 18:07:00,680 - INFO - Guidance: There are no missing values in column Curricular units 1st sem (approved). Extra column not created.
2025-05-08 18:07:00,812 - INFO - Guidance: There are no missing values in column Curricular units 1st sem (grade). Extra column not created.
2025-05-08 18:07:00,983 - INFO - Guidance: There are no missing values in column Curricular units 1st sem (without evaluations). Extra column not created.
2025-05-08 18:07:01,062 - INFO - Guidance: There are no missing values in column Curricular units 2nd sem (credited). Extra column not created.
2025-05-08 18:07:01,199 - INFO - Guidance: There are no missing values in column Curricular units 2nd sem (enrolled). Extra column not created.
2025-05-08 18:07:01,283 - INFO - Guidance: There are no missing values in column Curricular units 2nd sem (evaluations). Extra column not created.
2025-05-08 18:07:01,453 - INFO - Guidance: There are no missing values in column Curricular units 2nd sem (approved). Extra column not created.
2025-05-08 18:07:01,485 - INFO - Guidance: There are no missing values in column Curricular units 2nd sem (grade). Extra column not created.
2025-05-08 18:07:01,652 - INFO - Guidance: There are no missing values in column Unemployment rate. Extra column not created.
2025-05-08 18:07:01,729 - INFO - Guidance: There are no missing values in column Inflation rate. Extra column not created.
2025-05-08 18:07:01,853 - INFO - Guidance: There are no missing values in column GDP. Extra column not created.
2025-05-08 18:07:12,495 - INFO - [SYNTHETIC] Fitting complete for TVAE. Duration: 16.53 seconds.
2025-05-08 18:07:12,495 - INFO - [SYNTHETIC] CONFIRMATION TVAE actually trained with epochs = 60
2025-05-08 18:07:12,495 - INFO - {'EVENT': 'Save', 'TIMESTAMP': datetime.datetime(2025, 5, 8, 18, 7, 12, 495588), 'SYNTHESIZER CLASS NAME': 'TVAESynthesizer', 'SYNTHESIZER ID': 'TVAESynthesizer_1.18.0_aa2ffd10436b45f4a1578d99ec318a91'}
2025-05-08 18:07:12,549 - INFO - [SYNTHETIC] TVAE trained and saved.
2025-05-08 18:07:12,549 - INFO - [SYNTHETIC] Using CTGAN to generate 15480 rows...
2025-05-08 18:07:18,326 - INFO - {'EVENT': 'Sample', 'TIMESTAMP': datetime.datetime(2025, 5, 8, 18, 7, 12, 549926), 'SYNTHESIZER CLASS NAME': 'CTGANSynthesizer', 'SYNTHESIZER ID': 'CTGANSynthesizer_1.18.0_f14aef4c3faa447d984d2e5a50718cd5', 'TOTAL NUMBER OF TABLES': 1, 'TOTAL NUMBER OF ROWS': 15480, 'TOTAL NUMBER OF COLUMNS': 37}
2025-05-08 18:07:18,326 - INFO - [SYNTHETIC] CTGAN completed: 15480 rows generated.
2025-05-08 18:07:18,327 - INFO - [SYNTHETIC] Target class distribution for CTGAN: {'Graduate': 7175, 'Dropout': 5254, 'Enrolled': 3051}
2025-05-08 18:07:18,327 - INFO - [SYNTHETIC] Using TVAE to generate 15480 rows...
2025-05-08 18:07:18,693 - INFO - {'EVENT': 'Sample', 'TIMESTAMP': datetime.datetime(2025, 5, 8, 18, 7, 18, 327964), 'SYNTHESIZER CLASS NAME': 'TVAESynthesizer', 'SYNTHESIZER ID': 'TVAESynthesizer_1.18.0_aa2ffd10436b45f4a1578d99ec318a91', 'TOTAL NUMBER OF TABLES': 1, 'TOTAL NUMBER OF ROWS': 15480, 'TOTAL NUMBER OF COLUMNS': 37}
2025-05-08 18:07:18,693 - INFO - [SYNTHETIC] TVAE completed: 15480 rows generated.
2025-05-08 18:07:18,694 - INFO - [SYNTHETIC] Target class distribution for TVAE: {'Graduate': 10355, 'Dropout': 5104, 'Enrolled': 21}
2025-05-08 18:07:18,695 - INFO - [SYNTHETIC PIPELINE] Synthetic Data Generation Completed.
2025-05-08 18:07:18,695 - INFO - [SYNTHETIC PIPELINE] Synthesizers used: ['CTGAN', 'TVAE']
2025-05-08 18:07:18,695 - INFO - [SYNTHETIC PIPELINE] Evaluating synthetic dataset generated by CTGAN...
2025-05-08 18:07:18,695 - INFO - [SYNTHETIC EVAL] Real data columns     (37): ['Marital status', 'Application mode', 'Application order', 'Course', 'Daytime/evening attendance', 'Previous qualification', 'Previous qualification (grade)', 'Nacionality', "Mother's qualification", "Father's qualification", "Mother's occupation", "Father's occupation", 'Admission grade', 'Displaced', 'Educational special needs', 'Debtor', 'Tuition fees up to date', 'Gender', 'Scholarship_holder', 'Age at enrollment', 'International', 'Curricular units 1st sem (credited)', 'Curricular units 1st sem (enrolled)', 'Curricular units 1st sem (evaluations)', 'Curricular units 1st sem (approved)', 'Curricular units 1st sem (grade)', 'Curricular units 1st sem (without evaluations)', 'Curricular units 2nd sem (credited)', 'Curricular units 2nd sem (enrolled)', 'Curricular units 2nd sem (evaluations)', 'Curricular units 2nd sem (approved)', 'Curricular units 2nd sem (grade)', 'Curricular units 2nd sem (without evaluations)', 'Unemployment rate', 'Inflation rate', 'GDP', 'Target']
2025-05-08 18:07:18,696 - INFO - [SYNTHETIC EVAL] Synthetic data columns (37): ['Marital status', 'Application mode', 'Application order', 'Course', 'Daytime/evening attendance', 'Previous qualification', 'Previous qualification (grade)', 'Nacionality', "Mother's qualification", "Father's qualification", "Mother's occupation", "Father's occupation", 'Admission grade', 'Displaced', 'Educational special needs', 'Debtor', 'Tuition fees up to date', 'Gender', 'Scholarship_holder', 'Age at enrollment', 'International', 'Curricular units 1st sem (credited)', 'Curricular units 1st sem (enrolled)', 'Curricular units 1st sem (evaluations)', 'Curricular units 1st sem (approved)', 'Curricular units 1st sem (grade)', 'Curricular units 1st sem (without evaluations)', 'Curricular units 2nd sem (credited)', 'Curricular units 2nd sem (enrolled)', 'Curricular units 2nd sem (evaluations)', 'Curricular units 2nd sem (approved)', 'Curricular units 2nd sem (grade)', 'Curricular units 2nd sem (without evaluations)', 'Unemployment rate', 'Inflation rate', 'GDP', 'Target']
2025-05-08 18:07:18,696 - INFO - [SYNTHETIC EVAL] Metadata columns      (37): ['Marital status', 'Application mode', 'Application order', 'Course', 'Daytime/evening attendance', 'Previous qualification', 'Previous qualification (grade)', 'Nacionality', "Mother's qualification", "Father's qualification", "Mother's occupation", "Father's occupation", 'Admission grade', 'Displaced', 'Educational special needs', 'Debtor', 'Tuition fees up to date', 'Gender', 'Scholarship_holder', 'Age at enrollment', 'International', 'Curricular units 1st sem (credited)', 'Curricular units 1st sem (enrolled)', 'Curricular units 1st sem (evaluations)', 'Curricular units 1st sem (approved)', 'Curricular units 1st sem (grade)', 'Curricular units 1st sem (without evaluations)', 'Curricular units 2nd sem (credited)', 'Curricular units 2nd sem (enrolled)', 'Curricular units 2nd sem (evaluations)', 'Curricular units 2nd sem (approved)', 'Curricular units 2nd sem (grade)', 'Curricular units 2nd sem (without evaluations)', 'Unemployment rate', 'Inflation rate', 'GDP', 'Target']
2025-05-08 18:07:18,696 - INFO - [SYNTHETIC EVAL] Shape — Real: (3096, 37), Synthetic: (15480, 37)
2025-05-08 18:07:18,696 - INFO - [SYNTHETIC EVAL] Metadata structure:
{
  "columns": {
    "Marital status": {
      "sdtype": "categorical"
    },
    "Application mode": {
      "sdtype": "numerical"
    },
    "Application order": {
      "sdtype": "categorical"
    },
    "Course": {
      "sdtype": "numerical"
    },
    "Daytime/evening attendance": {
      "sdtype": "categorical"
    },
    "Previous qualification": {
      "sdtype": "numerical"
    },
    "Previous qualification (grade)": {
      "sdtype": "numerical"
    },
    "Nacionality": {
      "sdtype": "numerical"
    },
    "Mother's qualification": {
      "sdtype": "numerical"
    },
    "Father's qualification": {
      "sdtype": "numerical"
    },
    "Mother's occupation": {
      "sdtype": "numerical"
    },
    "Father's occupation": {
      "sdtype": "numerical"
    },
    "Admission grade": {
      "sdtype": "numerical"
    },
    "Displaced": {
      "sdtype": "categorical"
    },
    "Educational special needs": {
      "sdtype": "categorical"
    },
    "Debtor": {
      "sdtype": "categorical"
    },
    "Tuition fees up to date": {
      "sdtype": "categorical"
    },
    "Gender": {
      "sdtype": "categorical"
    },
    "Scholarship_holder": {
      "sdtype": "categorical"
    },
    "Age at enrollment": {
      "sdtype": "numerical"
    },
    "International": {
      "sdtype": "categorical"
    },
    "Curricular units 1st sem (credited)": {
      "sdtype": "numerical"
    },
    "Curricular units 1st sem (enrolled)": {
      "sdtype": "numerical"
    },
    "Curricular units 1st sem (evaluations)": {
      "sdtype": "numerical"
    },
    "Curricular units 1st sem (approved)": {
      "sdtype": "numerical"
    },
    "Curricular units 1st sem (grade)": {
      "sdtype": "numerical"
    },
    "Curricular units 1st sem (without evaluations)": {
      "sdtype": "numerical"
    },
    "Curricular units 2nd sem (credited)": {
      "sdtype": "numerical"
    },
    "Curricular units 2nd sem (enrolled)": {
      "sdtype": "numerical"
    },
    "Curricular units 2nd sem (evaluations)": {
      "sdtype": "numerical"
    },
    "Curricular units 2nd sem (approved)": {
      "sdtype": "numerical"
    },
    "Curricular units 2nd sem (grade)": {
      "sdtype": "numerical"
    },
    "Curricular units 2nd sem (without evaluations)": {
      "sdtype": "categorical"
    },
    "Unemployment rate": {
      "sdtype": "numerical"
    },
    "Inflation rate": {
      "sdtype": "numerical"
    },
    "GDP": {
      "sdtype": "numerical"
    },
    "Target": {
      "sdtype": "categorical"
    }
  },
  "METADATA_SPEC_VERSION": "SINGLE_TABLE_V1"
}
2025-05-08 18:07:20,496 - INFO - [SYNTHETIC PIPELINE] Evaluating synthetic dataset generated by TVAE...
2025-05-08 18:07:20,496 - INFO - [SYNTHETIC EVAL] Real data columns     (37): ['Marital status', 'Application mode', 'Application order', 'Course', 'Daytime/evening attendance', 'Previous qualification', 'Previous qualification (grade)', 'Nacionality', "Mother's qualification", "Father's qualification", "Mother's occupation", "Father's occupation", 'Admission grade', 'Displaced', 'Educational special needs', 'Debtor', 'Tuition fees up to date', 'Gender', 'Scholarship_holder', 'Age at enrollment', 'International', 'Curricular units 1st sem (credited)', 'Curricular units 1st sem (enrolled)', 'Curricular units 1st sem (evaluations)', 'Curricular units 1st sem (approved)', 'Curricular units 1st sem (grade)', 'Curricular units 1st sem (without evaluations)', 'Curricular units 2nd sem (credited)', 'Curricular units 2nd sem (enrolled)', 'Curricular units 2nd sem (evaluations)', 'Curricular units 2nd sem (approved)', 'Curricular units 2nd sem (grade)', 'Curricular units 2nd sem (without evaluations)', 'Unemployment rate', 'Inflation rate', 'GDP', 'Target']
2025-05-08 18:07:20,496 - INFO - [SYNTHETIC EVAL] Synthetic data columns (37): ['Marital status', 'Application mode', 'Application order', 'Course', 'Daytime/evening attendance', 'Previous qualification', 'Previous qualification (grade)', 'Nacionality', "Mother's qualification", "Father's qualification", "Mother's occupation", "Father's occupation", 'Admission grade', 'Displaced', 'Educational special needs', 'Debtor', 'Tuition fees up to date', 'Gender', 'Scholarship_holder', 'Age at enrollment', 'International', 'Curricular units 1st sem (credited)', 'Curricular units 1st sem (enrolled)', 'Curricular units 1st sem (evaluations)', 'Curricular units 1st sem (approved)', 'Curricular units 1st sem (grade)', 'Curricular units 1st sem (without evaluations)', 'Curricular units 2nd sem (credited)', 'Curricular units 2nd sem (enrolled)', 'Curricular units 2nd sem (evaluations)', 'Curricular units 2nd sem (approved)', 'Curricular units 2nd sem (grade)', 'Curricular units 2nd sem (without evaluations)', 'Unemployment rate', 'Inflation rate', 'GDP', 'Target']
2025-05-08 18:07:20,496 - INFO - [SYNTHETIC EVAL] Metadata columns      (37): ['Marital status', 'Application mode', 'Application order', 'Course', 'Daytime/evening attendance', 'Previous qualification', 'Previous qualification (grade)', 'Nacionality', "Mother's qualification", "Father's qualification", "Mother's occupation", "Father's occupation", 'Admission grade', 'Displaced', 'Educational special needs', 'Debtor', 'Tuition fees up to date', 'Gender', 'Scholarship_holder', 'Age at enrollment', 'International', 'Curricular units 1st sem (credited)', 'Curricular units 1st sem (enrolled)', 'Curricular units 1st sem (evaluations)', 'Curricular units 1st sem (approved)', 'Curricular units 1st sem (grade)', 'Curricular units 1st sem (without evaluations)', 'Curricular units 2nd sem (credited)', 'Curricular units 2nd sem (enrolled)', 'Curricular units 2nd sem (evaluations)', 'Curricular units 2nd sem (approved)', 'Curricular units 2nd sem (grade)', 'Curricular units 2nd sem (without evaluations)', 'Unemployment rate', 'Inflation rate', 'GDP', 'Target']
2025-05-08 18:07:20,496 - INFO - [SYNTHETIC EVAL] Shape — Real: (3096, 37), Synthetic: (15480, 37)
2025-05-08 18:07:20,496 - INFO - [SYNTHETIC EVAL] Metadata structure:
{
  "columns": {
    "Marital status": {
      "sdtype": "categorical"
    },
    "Application mode": {
      "sdtype": "numerical"
    },
    "Application order": {
      "sdtype": "categorical"
    },
    "Course": {
      "sdtype": "numerical"
    },
    "Daytime/evening attendance": {
      "sdtype": "categorical"
    },
    "Previous qualification": {
      "sdtype": "numerical"
    },
    "Previous qualification (grade)": {
      "sdtype": "numerical"
    },
    "Nacionality": {
      "sdtype": "numerical"
    },
    "Mother's qualification": {
      "sdtype": "numerical"
    },
    "Father's qualification": {
      "sdtype": "numerical"
    },
    "Mother's occupation": {
      "sdtype": "numerical"
    },
    "Father's occupation": {
      "sdtype": "numerical"
    },
    "Admission grade": {
      "sdtype": "numerical"
    },
    "Displaced": {
      "sdtype": "categorical"
    },
    "Educational special needs": {
      "sdtype": "categorical"
    },
    "Debtor": {
      "sdtype": "categorical"
    },
    "Tuition fees up to date": {
      "sdtype": "categorical"
    },
    "Gender": {
      "sdtype": "categorical"
    },
    "Scholarship_holder": {
      "sdtype": "categorical"
    },
    "Age at enrollment": {
      "sdtype": "numerical"
    },
    "International": {
      "sdtype": "categorical"
    },
    "Curricular units 1st sem (credited)": {
      "sdtype": "numerical"
    },
    "Curricular units 1st sem (enrolled)": {
      "sdtype": "numerical"
    },
    "Curricular units 1st sem (evaluations)": {
      "sdtype": "numerical"
    },
    "Curricular units 1st sem (approved)": {
      "sdtype": "numerical"
    },
    "Curricular units 1st sem (grade)": {
      "sdtype": "numerical"
    },
    "Curricular units 1st sem (without evaluations)": {
      "sdtype": "numerical"
    },
    "Curricular units 2nd sem (credited)": {
      "sdtype": "numerical"
    },
    "Curricular units 2nd sem (enrolled)": {
      "sdtype": "numerical"
    },
    "Curricular units 2nd sem (evaluations)": {
      "sdtype": "numerical"
    },
    "Curricular units 2nd sem (approved)": {
      "sdtype": "numerical"
    },
    "Curricular units 2nd sem (grade)": {
      "sdtype": "numerical"
    },
    "Curricular units 2nd sem (without evaluations)": {
      "sdtype": "categorical"
    },
    "Unemployment rate": {
      "sdtype": "numerical"
    },
    "Inflation rate": {
      "sdtype": "numerical"
    },
    "GDP": {
      "sdtype": "numerical"
    },
    "Target": {
      "sdtype": "categorical"
    }
  },
  "METADATA_SPEC_VERSION": "SINGLE_TABLE_V1"
}
2025-05-08 18:07:22,398 - INFO -  [SYNTHETIC PIPELINE]  Synthetic Data Evaluation Completed.
2025-05-08 18:07:22,407 - INFO -  [SYNTHETIC PIPELINE] Synthetic Data Report Generated Successfully.
2025-05-08 18:07:22,574 - INFO - Synthetic data generated with 2 synthesizer(s).
2025-05-08 18:07:22,574 - INFO - Hybrid Pipeline skipped (disabled in configuration).
2025-05-08 18:07:22,574 - INFO - Starting Utility...
2025-05-08 18:07:22,574 - INFO - [UTILITY] Preparing datasets for machine learning...
2025-05-08 18:07:22,574 - INFO - [UTILITY] Original Data - Training Size: 3096, Testing Size: 1328
2025-05-08 18:07:22,575 - INFO - [UTILITY] Target class distribution (Original): {'Graduate': 1546, 'Dropout': 994, 'Enrolled': 556}
2025-05-08 18:07:22,575 - INFO - [UTILITY] Processing synthetic dataset generated by CTGAN...
2025-05-08 18:07:22,576 - INFO - [UTILITY] Synthetic Data (CTGAN) - Training Size: 15480
2025-05-08 18:07:22,577 - INFO - [UTILITY] Target class distribution (CTGAN): {'Graduate': 7175, 'Dropout': 5254, 'Enrolled': 3051}
2025-05-08 18:07:22,578 - INFO - [UTILITY] Processing synthetic dataset generated by TVAE...
2025-05-08 18:07:22,581 - INFO - [UTILITY] Synthetic Data (TVAE) - Training Size: 15480
2025-05-08 18:07:22,582 - INFO - [UTILITY] Target class distribution (TVAE): {'Graduate': 10355, 'Dropout': 5104, 'Enrolled': 21}
2025-05-08 18:07:22,582 - INFO - [UTILITY] Training models on all datasets...
2025-05-08 18:07:22,582 - INFO - [UTILITY] Total datasets used for training: 3
2025-05-08 18:07:22,582 - INFO - [TRAINING] Training models from scratch...
2025-05-08 18:07:22,582 - INFO - [TRAINING] Starting training for dataset: Original — Rows: 3096, Features: 36
2025-05-08 18:07:22,582 - INFO - [TRAINING] Training DecisionTree on Original...
2025-05-08 18:07:22,611 - INFO - [TRAINING] DecisionTree trained successfully on Original in 0.03 sec
2025-05-08 18:07:22,611 - INFO - [TRAINING] Training KNN on Original...
2025-05-08 18:07:22,613 - INFO - [TRAINING] KNN trained successfully on Original in 0.00 sec
2025-05-08 18:07:22,614 - INFO - [TRAINING] Training LogisticRegression on Original...
2025-05-08 18:07:22,634 - INFO - [TRAINING] LogisticRegression trained successfully on Original in 0.02 sec
2025-05-08 18:07:22,634 - INFO - [TRAINING] Training RandomForest on Original...
2025-05-08 18:07:23,079 - INFO - [TRAINING] RandomForest trained successfully on Original in 0.45 sec
2025-05-08 18:07:23,079 - INFO - [TRAINING] Finished training 4 model(s) for dataset: Original
2025-05-08 18:07:23,080 - INFO - [TRAINING] Starting training for dataset: CTGAN — Rows: 15480, Features: 36
2025-05-08 18:07:23,080 - INFO - [TRAINING] Training DecisionTree on CTGAN...
2025-05-08 18:07:23,545 - INFO - [TRAINING] DecisionTree trained successfully on CTGAN in 0.46 sec
2025-05-08 18:07:23,545 - INFO - [TRAINING] Training KNN on CTGAN...
2025-05-08 18:07:23,580 - INFO - [TRAINING] KNN trained successfully on CTGAN in 0.03 sec
2025-05-08 18:07:23,580 - INFO - [TRAINING] Training LogisticRegression on CTGAN...
2025-05-08 18:07:23,777 - INFO - [TRAINING] LogisticRegression trained successfully on CTGAN in 0.20 sec
2025-05-08 18:07:23,777 - INFO - [TRAINING] Training RandomForest on CTGAN...
2025-05-08 18:07:27,756 - INFO - [TRAINING] RandomForest trained successfully on CTGAN in 3.98 sec
2025-05-08 18:07:27,756 - INFO - [TRAINING] Finished training 4 model(s) for dataset: CTGAN
2025-05-08 18:07:27,756 - INFO - [TRAINING] Starting training for dataset: TVAE — Rows: 15480, Features: 36
2025-05-08 18:07:27,756 - INFO - [TRAINING] Training DecisionTree on TVAE...
2025-05-08 18:07:27,862 - INFO - [TRAINING] DecisionTree trained successfully on TVAE in 0.11 sec
2025-05-08 18:07:27,862 - INFO - [TRAINING] Training KNN on TVAE...
2025-05-08 18:07:27,872 - INFO - [TRAINING] KNN trained successfully on TVAE in 0.01 sec
2025-05-08 18:07:27,872 - INFO - [TRAINING] Training LogisticRegression on TVAE...
2025-05-08 18:07:27,998 - INFO - [TRAINING] LogisticRegression trained successfully on TVAE in 0.13 sec
2025-05-08 18:07:27,998 - INFO - [TRAINING] Training RandomForest on TVAE...
2025-05-08 18:07:29,415 - INFO - [TRAINING] RandomForest trained successfully on TVAE in 1.42 sec
2025-05-08 18:07:29,415 - INFO - [TRAINING] Finished training 4 model(s) for dataset: TVAE
2025-05-08 18:07:29,415 - INFO - [TRAINING] Total models trained across all datasets: 12
2025-05-08 18:07:29,415 - INFO - [UTILITY] Trained model names: ['Original', 'CTGAN', 'TVAE']
2025-05-08 18:07:29,416 - INFO - [UTILITY] Model Training Completed.
2025-05-08 18:07:29,416 - INFO - Starting the Evaluating of models...
2025-05-08 18:07:29,416 - INFO - Preparing evaluation for model 'DecisionTree' across all datasets...
2025-05-08 18:07:29,416 - INFO - Evaluating DecisionTree on Original...
2025-05-08 18:07:29,417 - INFO - Predictions completed for DecisionTree on Original
2025-05-08 18:07:29,418 - INFO - Prediction distribution for DecisionTree on Original: {'Graduate': 619, 'Dropout': 406, 'Enrolled': 303}
2025-05-08 18:07:29,437 - INFO - Computed 8 metric(s) for DecisionTree on Original
2025-05-08 18:07:29,437 - INFO - Evaluating DecisionTree on CTGAN...
2025-05-08 18:07:29,439 - INFO - Predictions completed for DecisionTree on CTGAN
2025-05-08 18:07:29,439 - INFO - Prediction distribution for DecisionTree on CTGAN: {'Dropout': 604, 'Graduate': 500, 'Enrolled': 224}
2025-05-08 18:07:29,463 - INFO - Computed 8 metric(s) for DecisionTree on CTGAN
2025-05-08 18:07:29,463 - INFO - Evaluating DecisionTree on TVAE...
2025-05-08 18:07:29,464 - INFO - Predictions completed for DecisionTree on TVAE
2025-05-08 18:07:29,465 - INFO - Prediction distribution for DecisionTree on TVAE: {'Dropout': 690, 'Graduate': 637, 'Enrolled': 1}
2025-05-08 18:07:29,483 - INFO - Computed 8 metric(s) for DecisionTree on TVAE
2025-05-08 18:07:29,484 - INFO - Preparing evaluation for model 'KNN' across all datasets...
2025-05-08 18:07:29,484 - INFO - Evaluating KNN on Original...
2025-05-08 18:07:29,538 - INFO - Predictions completed for KNN on Original
2025-05-08 18:07:29,539 - INFO - Prediction distribution for KNN on Original: {'Graduate': 717, 'Dropout': 397, 'Enrolled': 214}
2025-05-08 18:07:29,569 - INFO - Computed 8 metric(s) for KNN on Original
2025-05-08 18:07:29,569 - INFO - Evaluating KNN on CTGAN...
2025-05-08 18:07:29,613 - INFO - Predictions completed for KNN on CTGAN
2025-05-08 18:07:29,614 - INFO - Prediction distribution for KNN on CTGAN: {'Dropout': 627, 'Graduate': 576, 'Enrolled': 125}
2025-05-08 18:07:29,658 - INFO - Computed 8 metric(s) for KNN on CTGAN
2025-05-08 18:07:29,658 - INFO - Evaluating KNN on TVAE...
2025-05-08 18:07:29,700 - INFO - Predictions completed for KNN on TVAE
2025-05-08 18:07:29,701 - INFO - Prediction distribution for KNN on TVAE: {'Graduate': 991, 'Dropout': 337}
2025-05-08 18:07:29,704 - WARNING - [UndefinedMetricWarning] Precision is ill-defined and being set to 0.0 in labels with no predicted samples. Use `zero_division` parameter to control this behavior. (from /mnt/NVMETank/Projects/Students/Dele/A-STUDY-INTO-THE-QUALITY-AND-USABILITY-OF-PRIVACY-FRIENDLY-SYNTHETIC-DATA/.venv/lib/python3.12/site-packages/sklearn/metrics/_classification.py:1565)
2025-05-08 18:07:29,707 - WARNING - [UndefinedMetricWarning] Precision is ill-defined and being set to 0.0 in labels with no predicted samples. Use `zero_division` parameter to control this behavior. (from /mnt/NVMETank/Projects/Students/Dele/A-STUDY-INTO-THE-QUALITY-AND-USABILITY-OF-PRIVACY-FRIENDLY-SYNTHETIC-DATA/.venv/lib/python3.12/site-packages/sklearn/metrics/_classification.py:1565)
2025-05-08 18:07:29,710 - WARNING - [UndefinedMetricWarning] Precision is ill-defined and being set to 0.0 in labels with no predicted samples. Use `zero_division` parameter to control this behavior. (from /mnt/NVMETank/Projects/Students/Dele/A-STUDY-INTO-THE-QUALITY-AND-USABILITY-OF-PRIVACY-FRIENDLY-SYNTHETIC-DATA/.venv/lib/python3.12/site-packages/sklearn/metrics/_classification.py:1565)
2025-05-08 18:07:29,747 - INFO - Computed 8 metric(s) for KNN on TVAE
2025-05-08 18:07:29,747 - INFO - Preparing evaluation for model 'LogisticRegression' across all datasets...
2025-05-08 18:07:29,747 - INFO - Evaluating LogisticRegression on Original...
2025-05-08 18:07:29,749 - INFO - Predictions completed for LogisticRegression on Original
2025-05-08 18:07:29,749 - INFO - Prediction distribution for LogisticRegression on Original: {'Graduate': 773, 'Dropout': 398, 'Enrolled': 157}
2025-05-08 18:07:29,768 - INFO - Computed 8 metric(s) for LogisticRegression on Original
2025-05-08 18:07:29,768 - INFO - Evaluating LogisticRegression on CTGAN...
2025-05-08 18:07:29,770 - INFO - Predictions completed for LogisticRegression on CTGAN
2025-05-08 18:07:29,770 - INFO - Prediction distribution for LogisticRegression on CTGAN: {'Graduate': 1268, 'Dropout': 60}
2025-05-08 18:07:29,774 - WARNING - [UndefinedMetricWarning] Precision is ill-defined and being set to 0.0 in labels with no predicted samples. Use `zero_division` parameter to control this behavior. (from /mnt/NVMETank/Projects/Students/Dele/A-STUDY-INTO-THE-QUALITY-AND-USABILITY-OF-PRIVACY-FRIENDLY-SYNTHETIC-DATA/.venv/lib/python3.12/site-packages/sklearn/metrics/_classification.py:1565)
2025-05-08 18:07:29,777 - WARNING - [UndefinedMetricWarning] Precision is ill-defined and being set to 0.0 in labels with no predicted samples. Use `zero_division` parameter to control this behavior. (from /mnt/NVMETank/Projects/Students/Dele/A-STUDY-INTO-THE-QUALITY-AND-USABILITY-OF-PRIVACY-FRIENDLY-SYNTHETIC-DATA/.venv/lib/python3.12/site-packages/sklearn/metrics/_classification.py:1565)
2025-05-08 18:07:29,780 - WARNING - [UndefinedMetricWarning] Precision is ill-defined and being set to 0.0 in labels with no predicted samples. Use `zero_division` parameter to control this behavior. (from /mnt/NVMETank/Projects/Students/Dele/A-STUDY-INTO-THE-QUALITY-AND-USABILITY-OF-PRIVACY-FRIENDLY-SYNTHETIC-DATA/.venv/lib/python3.12/site-packages/sklearn/metrics/_classification.py:1565)
2025-05-08 18:07:29,789 - INFO - Computed 8 metric(s) for LogisticRegression on CTGAN
2025-05-08 18:07:29,789 - INFO - Evaluating LogisticRegression on TVAE...
2025-05-08 18:07:29,791 - INFO - Predictions completed for LogisticRegression on TVAE
2025-05-08 18:07:29,791 - INFO - Prediction distribution for LogisticRegression on TVAE: {'Dropout': 680, 'Graduate': 579, 'Enrolled': 69}
2025-05-08 18:07:29,810 - INFO - Computed 8 metric(s) for LogisticRegression on TVAE
2025-05-08 18:07:29,810 - INFO - Preparing evaluation for model 'RandomForest' across all datasets...
2025-05-08 18:07:29,810 - INFO - Evaluating RandomForest on Original...
2025-05-08 18:07:29,826 - INFO - Predictions completed for RandomForest on Original
2025-05-08 18:07:29,826 - INFO - Prediction distribution for RandomForest on Original: {'Graduate': 776, 'Dropout': 408, 'Enrolled': 144}
2025-05-08 18:07:29,877 - INFO - Computed 8 metric(s) for RandomForest on Original
2025-05-08 18:07:29,878 - INFO - Evaluating RandomForest on CTGAN...
2025-05-08 18:07:29,904 - INFO - Predictions completed for RandomForest on CTGAN
2025-05-08 18:07:29,904 - INFO - Prediction distribution for RandomForest on CTGAN: {'Graduate': 1060, 'Dropout': 264, 'Enrolled': 4}
2025-05-08 18:07:29,980 - INFO - Computed 8 metric(s) for RandomForest on CTGAN
2025-05-08 18:07:29,980 - INFO - Evaluating RandomForest on TVAE...
2025-05-08 18:07:29,995 - INFO - Predictions completed for RandomForest on TVAE
2025-05-08 18:07:29,995 - INFO - Prediction distribution for RandomForest on TVAE: {'Graduate': 670, 'Dropout': 658}
2025-05-08 18:07:29,999 - WARNING - [UndefinedMetricWarning] Precision is ill-defined and being set to 0.0 in labels with no predicted samples. Use `zero_division` parameter to control this behavior. (from /mnt/NVMETank/Projects/Students/Dele/A-STUDY-INTO-THE-QUALITY-AND-USABILITY-OF-PRIVACY-FRIENDLY-SYNTHETIC-DATA/.venv/lib/python3.12/site-packages/sklearn/metrics/_classification.py:1565)
2025-05-08 18:07:30,002 - WARNING - [UndefinedMetricWarning] Precision is ill-defined and being set to 0.0 in labels with no predicted samples. Use `zero_division` parameter to control this behavior. (from /mnt/NVMETank/Projects/Students/Dele/A-STUDY-INTO-THE-QUALITY-AND-USABILITY-OF-PRIVACY-FRIENDLY-SYNTHETIC-DATA/.venv/lib/python3.12/site-packages/sklearn/metrics/_classification.py:1565)
2025-05-08 18:07:30,005 - WARNING - [UndefinedMetricWarning] Precision is ill-defined and being set to 0.0 in labels with no predicted samples. Use `zero_division` parameter to control this behavior. (from /mnt/NVMETank/Projects/Students/Dele/A-STUDY-INTO-THE-QUALITY-AND-USABILITY-OF-PRIVACY-FRIENDLY-SYNTHETIC-DATA/.venv/lib/python3.12/site-packages/sklearn/metrics/_classification.py:1565)
2025-05-08 18:07:30,039 - INFO - Computed 8 metric(s) for RandomForest on TVAE
2025-05-08 18:07:30,043 - INFO - Evaluation completed for all models.
2025-05-08 18:07:30,043 - INFO - Model evaluation completed in 0.63 seconds.
2025-05-08 18:07:30,046 - INFO - Evaluated models: ['DecisionTree', 'KNN', 'LogisticRegression', 'RandomForest']
2025-05-08 18:07:30,046 - INFO - Model Training and Evaluation completed.
2025-05-08 18:07:30,713 - INFO -  Visualizations saved.
2025-05-08 18:07:30,713 - INFO -  Benchmarking Completed. Results saved in output folder.
