2025-05-05 22:19:13,001 - INFO - Loaded config file: configs/benchmark_config.yaml
2025-05-05 22:19:13,001 - INFO -  Benchmarking started for dataset: bankMarketing
2025-05-05 22:19:13,001 - INFO - Using dataset path: c:\Users\delea\OneDrive\Documents\Desktop\Master_Thesis\MasterThesisCode\datasets\original\bankMarketing.csv
2025-05-05 22:19:13,001 - INFO - Target column: y, separator: ';'
2025-05-05 22:19:13,001 - INFO - Configuration loaded: enable_anonymization = True, enable_synthesis = False, enable_hybrid = False, enable_utility = True, delete_after_evaluation = False
2025-05-05 22:19:13,001 - INFO - Running preprocessing...
2025-05-05 22:19:13,011 - INFO -  [PREPROCESSING] Preprocessed files found. Skipping preprocessing.
2025-05-05 22:19:13,161 - INFO - Preprocessing completed. Rows before: 45211, after: 36168
2025-05-05 22:19:13,161 - INFO - Preprocessed data saved to: outputs\singular\bankMarketing_2025-05-05_22-19-13\preprocessing_report.txt
2025-05-05 22:19:13,162 - INFO - enable_anonymization = True
2025-05-05 22:19:13,162 - INFO - Starting Anonymization Pipeline with output path: C:\Users\delea\OneDrive\Documents\Desktop\Master_Thesis\MasterThesisCode\datasets\anonymized\bankMarketing_k20_l2_sup01_anonymized.csv.......
2025-05-05 22:19:13,164 - INFO -  [ANONYMIZATION] Executing run_anonymization, config_path : configs/benchmark_config.yaml...........
2025-05-05 22:19:13,164 - INFO -  [ANONYMIZATION] Using JAR file at C:\Users\delea\OneDrive\Documents\Desktop\Master_Thesis\MasterThesisCode\src\anonymization\anonymARXij\bin\anonymARXij.jar to anonymize the dataset.
2025-05-05 22:19:15,107 - INFO -  [ANONYMIZATION] Anonimized file saved to : C:\Users\delea\OneDrive\Documents\Desktop\Master_Thesis\MasterThesisCode\datasets\anonymized\bankMarketing_k20_l2_sup01_anonymized.csv
2025-05-05 22:19:15,107 - INFO -  [ANONYMIZATION] Java anonymization completed successfully.
2025-05-05 22:19:15,107 - INFO -  [ANONYMIZATION] Java STDOUT:
? Java received config path: C:\Users\delea\OneDrive\Documents\Desktop\Master_Thesis\MasterThesisCode\configs\benchmark_config.yaml
? Loading config from: C:\Users\delea\OneDrive\Documents\Desktop\Master_Thesis\MasterThesisCode\configs\benchmark_config.yaml
Loading config from: C:\Users\delea\OneDrive\Documents\Desktop\Master_Thesis\MasterThesisCode\configs\benchmark_config.yaml
? Dataset Path (from args): C:\Users\delea\OneDrive\Documents\Desktop\Master_Thesis\MasterThesisCode\datasets\train\bankMarketing_train_raw.csv
? Dataset Separator: ;
? Suppression Limit: 0.01

? Configured Attributes:
  ? Quasi-Identifier: age
  ? Quasi-Identifier: marital
  ? Quasi-Identifier: education
  ? Quasi-Identifier: job
  ? Quasi-Identifier: loan
  ? Quasi-Identifier: housing
  ? Sensitive Attribute: balance
  ? Insensitive Attribute: default
  ? Insensitive Attribute: contact
  ? Insensitive Attribute: day
  ? Insensitive Attribute: month
  ? Insensitive Attribute: campaign
  ? Insensitive Attribute: pdays
  ? Insensitive Attribute: previous
  ? Insensitive Attribute: poutcome
  ? Insensitive Attribute: y

? Defined Hierarchies:
  ? marital -> C:\Users\delea\OneDrive\Documents\Desktop\Master_Thesis\MasterThesisCode\src\anonymization\anonymARXij\src\hierarchies_bankMarketing\marital.csv
  ? loan -> C:\Users\delea\OneDrive\Documents\Desktop\Master_Thesis\MasterThesisCode\src\anonymization\anonymARXij\src\hierarchies_bankMarketing\loan.csv
  ? education -> C:\Users\delea\OneDrive\Documents\Desktop\Master_Thesis\MasterThesisCode\src\anonymization\anonymARXij\src\hierarchies_bankMarketing\education.csv
  ? housing -> C:\Users\delea\OneDrive\Documents\Desktop\Master_Thesis\MasterThesisCode\src\anonymization\anonymARXij\src\hierarchies_bankMarketing\housing.csv
  ? job -> C:\Users\delea\OneDrive\Documents\Desktop\Master_Thesis\MasterThesisCode\src\anonymization\anonymARXij\src\hierarchies_bankMarketing\job.csv
  ? age -> C:\Users\delea\OneDrive\Documents\Desktop\Master_Thesis\MasterThesisCode\src\anonymization\anonymARXij\src\hierarchies_bankMarketing\age.csv
Java is searching for hierarchy file at: C:\Users\delea\OneDrive\Documents\Desktop\Master_Thesis\MasterThesisCode\src\anonymization\anonymARXij\src\hierarchies_bankMarketing\marital.csv
Java is searching for hierarchy file at: C:\Users\delea\OneDrive\Documents\Desktop\Master_Thesis\MasterThesisCode\src\anonymization\anonymARXij\src\hierarchies_bankMarketing\loan.csv
Java is searching for hierarchy file at: C:\Users\delea\OneDrive\Documents\Desktop\Master_Thesis\MasterThesisCode\src\anonymization\anonymARXij\src\hierarchies_bankMarketing\education.csv
Java is searching for hierarchy file at: C:\Users\delea\OneDrive\Documents\Desktop\Master_Thesis\MasterThesisCode\src\anonymization\anonymARXij\src\hierarchies_bankMarketing\housing.csv
Java is searching for hierarchy file at: C:\Users\delea\OneDrive\Documents\Desktop\Master_Thesis\MasterThesisCode\src\anonymization\anonymARXij\src\hierarchies_bankMarketing\job.csv
Java is searching for hierarchy file at: C:\Users\delea\OneDrive\Documents\Desktop\Master_Thesis\MasterThesisCode\src\anonymization\anonymARXij\src\hierarchies_bankMarketing\age.csv
? Applied Distinct L-Diversity on: balance (l=2)
? Privacy Models Configured
? Anonymized Output Path (from args): C:\Users\delea\OneDrive\Documents\Desktop\Master_Thesis\MasterThesisCode\datasets\anonymized\bankMarketing_k20_l2_sup01_anonymized.csv
? Anonymized Output Path: C:\Users\delea\OneDrive\Documents\Desktop\Master_Thesis\MasterThesisCode\datasets\anonymized\bankMarketing_k20_l2_sup01_anonymized.csv
? Anonymization completed. Output saved to: C:\Users\delea\OneDrive\Documents\Desktop\Master_Thesis\MasterThesisCode\datasets\anonymized\bankMarketing_k20_l2_sup01_anonymized.csv
Anonymized Data Quality Metrics:
 - Ambiguity: 0.9905017006935901
 - AECS: 0.9892377073508882
 - Discernibility: 0.9587374621494431
 - Granularity: 0.755027163434543
 - MSE: 0.9036820259060561
 - Non-Uniform Entropy: 0.44039786344619547
 - Precision: 0.7028104954656049
 - Record-level SE: 0.6684124782834118
Equivalence Class Statistics:
 - Number of Classes: 91
 - Average Class Size: 394.35164835164835
Suppression Statistics:
 - Suppressed Records: 282
 - Suppression Percentage: 0.78%
2025-05-05 22:19:15,107 - INFO - Anonymized data saved to: C:\Users\delea\OneDrive\Documents\Desktop\Master_Thesis\MasterThesisCode\datasets\anonymized\bankMarketing_k20_l2_sup01_anonymized.csv
2025-05-05 22:19:15,219 - INFO - Anonymous data report saved at: outputs\singular\bankMarketing_2025-05-05_22-19-13\anonymous_data_report.txt
2025-05-05 22:19:15,219 - INFO -  [POSTPROCESSING] Postprocessing anonymized data: C:\Users\delea\OneDrive\Documents\Desktop\Master_Thesis\MasterThesisCode\datasets\anonymized\bankMarketing_k20_l2_sup01_anonymized.csv
2025-05-05 22:19:15,258 - INFO -  [POSTPROCESSING] Loaded anonymized data: (36168, 16)
2025-05-05 22:19:15,349 - INFO -  [POSTPROCESSING] Loaded fallback maps from training data. Categorical cols: 10, Numeric cols: 6
2025-05-05 22:19:15,349 - INFO -  [POSTPROCESSING] Normalizing anonymized data using ARX artifact cleaning and fallback values.
2025-05-05 22:19:16,171 - INFO -  [POSTPROCESSING] Normalized anonymized data saved to: C:\Users\delea\OneDrive\Documents\Desktop\Master_Thesis\MasterThesisCode\datasets\anonymized\bankMarketing_k20_l2_sup01_anonymized_processed.csv
2025-05-05 22:19:16,287 - INFO -  [POSTPROCESSING] Binary Encoding applied to anonymized data. Encoded shape: (36168, 31)
2025-05-05 22:19:16,416 - INFO -  [POSTPROCESSING] Encoded anonymized dataset saved to: C:\Users\delea\OneDrive\Documents\Desktop\Master_Thesis\MasterThesisCode\datasets\anonymized\bankMarketing_k20_l2_sup01_anonymized_encoded.csv
2025-05-05 22:19:16,416 - INFO -  [POSTPROCESSING] Encoding map generated for anonymized data: 0 original categorical columns.
2025-05-05 22:19:16,423 - INFO - Postprocessing report saved at: outputs\singular\bankMarketing_2025-05-05_22-19-13\postprocessing_report.txt
2025-05-05 22:19:16,423 - INFO - enable_synthetic_generation = False
2025-05-05 22:19:16,423 - INFO - Synthetic Data Generation Skipped (Disabled in Configuration).
2025-05-05 22:19:16,423 - INFO - Hybrid Pipeline skipped (disabled in configuration).
2025-05-05 22:19:16,423 - INFO - Starting Utility...
2025-05-05 22:19:16,423 - INFO - [UTILITY] Preparing datasets for machine learning...
2025-05-05 22:19:16,427 - INFO - [UTILITY] Original Data - Training Size: 36168, Testing Size: 9043
2025-05-05 22:19:16,428 - INFO - [UTILITY] Target class distribution (Original): {'no': 31937, 'yes': 4231}
2025-05-05 22:19:16,429 - INFO - [UTILITY] Processing anonymized dataset...
2025-05-05 22:19:16,429 - INFO - [UTILITY] Anonymized Data - Training Size: 36168
2025-05-05 22:19:16,429 - INFO - [UTILITY] Target class distribution (Anonymous): {'no': 31937, 'yes': 4231}
2025-05-05 22:19:16,429 - INFO - [UTILITY] Training models on all datasets...
2025-05-05 22:19:16,429 - INFO - [UTILITY] Total datasets used for training: 2
2025-05-05 22:19:16,429 - INFO - [TRAINING] Training models from scratch...
2025-05-05 22:19:16,429 - INFO - [TRAINING] Starting training for dataset: Original — Rows: 36168, Features: 30
2025-05-05 22:19:16,429 - INFO - [TRAINING] Training LogisticRegression on Original...
2025-05-05 22:19:16,504 - INFO - [TRAINING] LogisticRegression trained successfully on Original in 0.07 sec
2025-05-05 22:19:16,504 - INFO - [TRAINING] Training KNN on Original...
2025-05-05 22:19:16,526 - INFO - [TRAINING] KNN trained successfully on Original in 0.02 sec
2025-05-05 22:19:16,526 - INFO - [TRAINING] Training RandomForest on Original...
2025-05-05 22:19:18,997 - INFO - [TRAINING] RandomForest trained successfully on Original in 2.48 sec
2025-05-05 22:19:18,997 - INFO - [TRAINING] Training DecisionTree on Original...
2025-05-05 22:19:19,190 - INFO - [TRAINING] DecisionTree trained successfully on Original in 0.19 sec
2025-05-05 22:19:19,190 - INFO - [TRAINING] Finished training 4 model(s) for dataset: Original
2025-05-05 22:19:19,190 - INFO - [TRAINING] Starting training for dataset: Anonymous — Rows: 36168, Features: 30
2025-05-05 22:19:19,190 - INFO - [TRAINING] Training LogisticRegression on Anonymous...
2025-05-05 22:19:19,337 - INFO - [TRAINING] LogisticRegression trained successfully on Anonymous in 0.14 sec
2025-05-05 22:19:19,337 - INFO - [TRAINING] Training KNN on Anonymous...
2025-05-05 22:19:19,390 - INFO - [TRAINING] KNN trained successfully on Anonymous in 0.05 sec
2025-05-05 22:19:19,390 - INFO - [TRAINING] Training RandomForest on Anonymous...
2025-05-05 22:19:21,738 - INFO - [TRAINING] RandomForest trained successfully on Anonymous in 2.35 sec
2025-05-05 22:19:21,738 - INFO - [TRAINING] Training DecisionTree on Anonymous...
2025-05-05 22:19:21,944 - INFO - [TRAINING] DecisionTree trained successfully on Anonymous in 0.20 sec
2025-05-05 22:19:21,944 - INFO - [TRAINING] Finished training 4 model(s) for dataset: Anonymous
2025-05-05 22:19:21,945 - INFO - [TRAINING] Total models trained across all datasets: 8
2025-05-05 22:19:21,945 - INFO - [UTILITY] Trained model names: ['Original', 'Anonymous']
2025-05-05 22:19:21,945 - INFO - [UTILITY] Model Training Completed.
2025-05-05 22:19:21,947 - INFO - Starting the Evaluating of models...
2025-05-05 22:19:21,947 - INFO - Preparing evaluation for model 'LogisticRegression' across all datasets...
2025-05-05 22:19:21,947 - INFO - Evaluating LogisticRegression on Original...
2025-05-05 22:19:21,952 - INFO - Predictions completed for LogisticRegression on Original
2025-05-05 22:19:21,953 - INFO - Prediction distribution for LogisticRegression on Original: {'no': 8778, 'yes': 265}
2025-05-05 22:19:22,039 - INFO - Computed 8 metric(s) for LogisticRegression on Original
2025-05-05 22:19:22,039 - INFO - Evaluating LogisticRegression on Anonymous...
2025-05-05 22:19:22,055 - INFO - Predictions completed for LogisticRegression on Anonymous
2025-05-05 22:19:22,056 - INFO - Prediction distribution for LogisticRegression on Anonymous: {'no': 8772, 'yes': 271}
2025-05-05 22:19:22,142 - INFO - Computed 8 metric(s) for LogisticRegression on Anonymous
2025-05-05 22:19:22,153 - INFO - Preparing evaluation for model 'KNN' across all datasets...
2025-05-05 22:19:22,153 - INFO - Evaluating KNN on Original...
2025-05-05 22:19:26,955 - INFO - Predictions completed for KNN on Original
2025-05-05 22:19:26,956 - INFO - Prediction distribution for KNN on Original: {'no': 8753, 'yes': 290}
2025-05-05 22:19:38,088 - INFO - Computed 8 metric(s) for KNN on Original
2025-05-05 22:19:38,088 - INFO - Evaluating KNN on Anonymous...
2025-05-05 22:19:43,639 - INFO - Predictions completed for KNN on Anonymous
2025-05-05 22:19:43,641 - INFO - Prediction distribution for KNN on Anonymous: {'no': 8737, 'yes': 306}
2025-05-05 22:19:55,085 - INFO - Computed 8 metric(s) for KNN on Anonymous
2025-05-05 22:19:55,085 - INFO - Preparing evaluation for model 'RandomForest' across all datasets...
2025-05-05 22:19:55,085 - INFO - Evaluating RandomForest on Original...
2025-05-05 22:19:55,302 - INFO - Predictions completed for RandomForest on Original
2025-05-05 22:19:55,302 - INFO - Prediction distribution for RandomForest on Original: {'no': 8676, 'yes': 367}
2025-05-05 22:19:55,769 - INFO - Computed 8 metric(s) for RandomForest on Original
2025-05-05 22:19:55,776 - INFO - Evaluating RandomForest on Anonymous...
2025-05-05 22:19:55,905 - INFO - Predictions completed for RandomForest on Anonymous
2025-05-05 22:19:55,905 - INFO - Prediction distribution for RandomForest on Anonymous: {'no': 8570, 'yes': 473}
2025-05-05 22:19:56,259 - INFO - Computed 8 metric(s) for RandomForest on Anonymous
2025-05-05 22:19:56,259 - INFO - Preparing evaluation for model 'DecisionTree' across all datasets...
2025-05-05 22:19:56,259 - INFO - Evaluating DecisionTree on Original...
2025-05-05 22:19:56,259 - INFO - Predictions completed for DecisionTree on Original
2025-05-05 22:19:56,259 - INFO - Prediction distribution for DecisionTree on Original: {'no': 7864, 'yes': 1179}
2025-05-05 22:19:56,366 - INFO - Computed 8 metric(s) for DecisionTree on Original
2025-05-05 22:19:56,366 - INFO - Evaluating DecisionTree on Anonymous...
2025-05-05 22:19:56,371 - INFO - Predictions completed for DecisionTree on Anonymous
2025-05-05 22:19:56,371 - INFO - Prediction distribution for DecisionTree on Anonymous: {'no': 7839, 'yes': 1204}
2025-05-05 22:19:56,466 - INFO - Computed 8 metric(s) for DecisionTree on Anonymous
2025-05-05 22:19:56,469 - INFO - Evaluation completed for all models.
2025-05-05 22:19:56,469 - INFO - Model evaluation completed in 34.52 seconds.
2025-05-05 22:19:56,473 - INFO - Evaluated models: ['DecisionTree', 'KNN', 'LogisticRegression', 'RandomForest']
2025-05-05 22:19:56,473 - INFO - Model Training and Evaluation completed.
2025-05-05 22:19:56,982 - INFO -  Visualizations saved.
2025-05-05 22:19:56,983 - INFO -  Benchmarking Completed. Results saved in output folder.
