2025-05-08 18:47:26,150 - INFO - Loaded config file: configs/generated_configs/loan/loan_anon_k4_sl0p05_l15.yaml
2025-05-08 18:47:26,151 - INFO -  Benchmarking started for dataset: loan
2025-05-08 18:47:26,151 - INFO - Using dataset path: /mnt/NVMETank/Projects/Students/Dele/A-STUDY-INTO-THE-QUALITY-AND-USABILITY-OF-PRIVACY-FRIENDLY-SYNTHETIC-DATA/datasets/original/loan.csv
2025-05-08 18:47:26,151 - INFO - Target column: Loan_Status, separator: ','
2025-05-08 18:47:26,151 - INFO - Configuration loaded: enable_anonymization = True, enable_synthesis = False, enable_hybrid = True, enable_utility = True, delete_after_evaluation = False
2025-05-08 18:47:26,151 - INFO - Running preprocessing...
2025-05-08 18:47:26,155 - INFO -  [PREPROCESSING] Preprocessed files found. Skipping preprocessing.
2025-05-08 18:47:26,163 - INFO - Preprocessing completed. Rows before: 614, after: 336
2025-05-08 18:47:26,163 - INFO - Preprocessed data saved to: outputs/batch/loan_batch_2025-05-08_18-38-44/loan_anon_k4_sl0p05_l15/preprocessing_report.txt
2025-05-08 18:47:26,163 - INFO - enable_anonymization = True
2025-05-08 18:47:26,163 - INFO - Starting Anonymization Pipeline with output path: /mnt/NVMETank/Projects/Students/Dele/A-STUDY-INTO-THE-QUALITY-AND-USABILITY-OF-PRIVACY-FRIENDLY-SYNTHETIC-DATA/datasets/anonymized/loan_k4_l15_sup05_anonymized.csv.......
2025-05-08 18:47:26,168 - INFO -  [ANONYMIZATION] Executing run_anonymization, config_path : configs/generated_configs/loan/loan_anon_k4_sl0p05_l15.yaml...........
2025-05-08 18:47:26,168 - INFO -  [ANONYMIZATION] Using JAR file at /mnt/NVMETank/Projects/Students/Dele/A-STUDY-INTO-THE-QUALITY-AND-USABILITY-OF-PRIVACY-FRIENDLY-SYNTHETIC-DATA/src/anonymization/anonymARXij/bin/anonymARXij.jar to anonymize the dataset.
2025-05-08 18:47:27,497 - INFO -  [ANONYMIZATION] Anonimized file saved to : /mnt/NVMETank/Projects/Students/Dele/A-STUDY-INTO-THE-QUALITY-AND-USABILITY-OF-PRIVACY-FRIENDLY-SYNTHETIC-DATA/datasets/anonymized/loan_k4_l15_sup05_anonymized.csv
2025-05-08 18:47:27,497 - INFO -  [ANONYMIZATION] Java anonymization completed successfully.
2025-05-08 18:47:27,498 - INFO -  [ANONYMIZATION] Java STDOUT:
📄 Java received config path: /mnt/NVMETank/Projects/Students/Dele/A-STUDY-INTO-THE-QUALITY-AND-USABILITY-OF-PRIVACY-FRIENDLY-SYNTHETIC-DATA/configs/generated_configs/loan/loan_anon_k4_sl0p05_l15.yaml
🔹 Loading config from: /mnt/NVMETank/Projects/Students/Dele/A-STUDY-INTO-THE-QUALITY-AND-USABILITY-OF-PRIVACY-FRIENDLY-SYNTHETIC-DATA/configs/generated_configs/loan/loan_anon_k4_sl0p05_l15.yaml
Loading config from: /mnt/NVMETank/Projects/Students/Dele/A-STUDY-INTO-THE-QUALITY-AND-USABILITY-OF-PRIVACY-FRIENDLY-SYNTHETIC-DATA/configs/generated_configs/loan/loan_anon_k4_sl0p05_l15.yaml
📂 Dataset Path (from args): /mnt/NVMETank/Projects/Students/Dele/A-STUDY-INTO-THE-QUALITY-AND-USABILITY-OF-PRIVACY-FRIENDLY-SYNTHETIC-DATA/datasets/train/loan_train_raw.csv
🔹 Dataset Separator: ,
🔹 Suppression Limit: 0.05

🔹 Configured Attributes:
  ✅ Quasi-Identifier: Gender
  ✅ Quasi-Identifier: Married
  ✅ Quasi-Identifier: Education
  ✅ Quasi-Identifier: Dependents
  ✅ Quasi-Identifier: Self_Employed
  ✅ Quasi-Identifier: Property_Area
  ✅ Quasi-Identifier: Credit_History
  ✅ Quasi-Identifier: Loan_Amount_Term
  ✅ Sensitive Attribute: LoanAmount
  ✅ Insensitive Attribute: Loan_Status
  ✅ Insensitive Attribute: ApplicantIncome
  ✅ Insensitive Attribute: CoapplicantIncome

🔹 Defined Hierarchies:
  ✅ Property_Area -> /mnt/NVMETank/Projects/Students/Dele/A-STUDY-INTO-THE-QUALITY-AND-USABILITY-OF-PRIVACY-FRIENDLY-SYNTHETIC-DATA/src/anonymization/anonymARXij/src/hierarchies_loan/property_area.csv
  ✅ Self_Employed -> /mnt/NVMETank/Projects/Students/Dele/A-STUDY-INTO-THE-QUALITY-AND-USABILITY-OF-PRIVACY-FRIENDLY-SYNTHETIC-DATA/src/anonymization/anonymARXij/src/hierarchies_loan/self_employed.csv
  ✅ Credit_History -> /mnt/NVMETank/Projects/Students/Dele/A-STUDY-INTO-THE-QUALITY-AND-USABILITY-OF-PRIVACY-FRIENDLY-SYNTHETIC-DATA/src/anonymization/anonymARXij/src/hierarchies_loan/credit_history.csv
  ✅ Dependents -> /mnt/NVMETank/Projects/Students/Dele/A-STUDY-INTO-THE-QUALITY-AND-USABILITY-OF-PRIVACY-FRIENDLY-SYNTHETIC-DATA/src/anonymization/anonymARXij/src/hierarchies_loan/dependents.csv
  ✅ Education -> /mnt/NVMETank/Projects/Students/Dele/A-STUDY-INTO-THE-QUALITY-AND-USABILITY-OF-PRIVACY-FRIENDLY-SYNTHETIC-DATA/src/anonymization/anonymARXij/src/hierarchies_loan/education.csv
  ✅ Loan_Amount_Term -> /mnt/NVMETank/Projects/Students/Dele/A-STUDY-INTO-THE-QUALITY-AND-USABILITY-OF-PRIVACY-FRIENDLY-SYNTHETIC-DATA/src/anonymization/anonymARXij/src/hierarchies_loan/loan_amount_terms.csv
  ✅ Married -> /mnt/NVMETank/Projects/Students/Dele/A-STUDY-INTO-THE-QUALITY-AND-USABILITY-OF-PRIVACY-FRIENDLY-SYNTHETIC-DATA/src/anonymization/anonymARXij/src/hierarchies_loan/married.csv
  ✅ Gender -> /mnt/NVMETank/Projects/Students/Dele/A-STUDY-INTO-THE-QUALITY-AND-USABILITY-OF-PRIVACY-FRIENDLY-SYNTHETIC-DATA/src/anonymization/anonymARXij/src/hierarchies_loan/gender.csv
Java is searching for hierarchy file at: /mnt/NVMETank/Projects/Students/Dele/A-STUDY-INTO-THE-QUALITY-AND-USABILITY-OF-PRIVACY-FRIENDLY-SYNTHETIC-DATA/src/anonymization/anonymARXij/src/hierarchies_loan/property_area.csv
Java is searching for hierarchy file at: /mnt/NVMETank/Projects/Students/Dele/A-STUDY-INTO-THE-QUALITY-AND-USABILITY-OF-PRIVACY-FRIENDLY-SYNTHETIC-DATA/src/anonymization/anonymARXij/src/hierarchies_loan/self_employed.csv
Java is searching for hierarchy file at: /mnt/NVMETank/Projects/Students/Dele/A-STUDY-INTO-THE-QUALITY-AND-USABILITY-OF-PRIVACY-FRIENDLY-SYNTHETIC-DATA/src/anonymization/anonymARXij/src/hierarchies_loan/credit_history.csv
Java is searching for hierarchy file at: /mnt/NVMETank/Projects/Students/Dele/A-STUDY-INTO-THE-QUALITY-AND-USABILITY-OF-PRIVACY-FRIENDLY-SYNTHETIC-DATA/src/anonymization/anonymARXij/src/hierarchies_loan/dependents.csv
Java is searching for hierarchy file at: /mnt/NVMETank/Projects/Students/Dele/A-STUDY-INTO-THE-QUALITY-AND-USABILITY-OF-PRIVACY-FRIENDLY-SYNTHETIC-DATA/src/anonymization/anonymARXij/src/hierarchies_loan/education.csv
Java is searching for hierarchy file at: /mnt/NVMETank/Projects/Students/Dele/A-STUDY-INTO-THE-QUALITY-AND-USABILITY-OF-PRIVACY-FRIENDLY-SYNTHETIC-DATA/src/anonymization/anonymARXij/src/hierarchies_loan/loan_amount_terms.csv
Java is searching for hierarchy file at: /mnt/NVMETank/Projects/Students/Dele/A-STUDY-INTO-THE-QUALITY-AND-USABILITY-OF-PRIVACY-FRIENDLY-SYNTHETIC-DATA/src/anonymization/anonymARXij/src/hierarchies_loan/married.csv
Java is searching for hierarchy file at: /mnt/NVMETank/Projects/Students/Dele/A-STUDY-INTO-THE-QUALITY-AND-USABILITY-OF-PRIVACY-FRIENDLY-SYNTHETIC-DATA/src/anonymization/anonymARXij/src/hierarchies_loan/gender.csv
✓ Applied Entropy L-Diversity on: LoanAmount (l=15)
🔹 Privacy Models Configured
📂 Anonymized Output Path (from args): /mnt/NVMETank/Projects/Students/Dele/A-STUDY-INTO-THE-QUALITY-AND-USABILITY-OF-PRIVACY-FRIENDLY-SYNTHETIC-DATA/datasets/anonymized/loan_k4_l15_sup05_anonymized.csv
📂 Anonymized Output Path: /mnt/NVMETank/Projects/Students/Dele/A-STUDY-INTO-THE-QUALITY-AND-USABILITY-OF-PRIVACY-FRIENDLY-SYNTHETIC-DATA/datasets/anonymized/loan_k4_l15_sup05_anonymized.csv
✅ Anonymization completed. Output saved to: /mnt/NVMETank/Projects/Students/Dele/A-STUDY-INTO-THE-QUALITY-AND-USABILITY-OF-PRIVACY-FRIENDLY-SYNTHETIC-DATA/datasets/anonymized/loan_k4_l15_sup05_anonymized.csv
Anonymized Data Quality Metrics:
 - Ambiguity: 0.9238075395447435
 - AECS: 0.8872901678657075
 - Discernibility: 0.8366583541147132
 - Granularity: 0.41317410244855124
 - MSE: 0.14746543778801846
 - Non-Uniform Entropy: 0.3985923397111466
 - Precision: 0.3571428571428572
 - Record-level SE: 0.24685739543695506
Equivalence Class Statistics:
 - Number of Classes: 8
 - Average Class Size: 40.0
Suppression Statistics:
 - Suppressed Records: 16
 - Suppression Percentage: 4.76%
2025-05-08 18:47:27,498 - INFO - Anonymized data saved to: /mnt/NVMETank/Projects/Students/Dele/A-STUDY-INTO-THE-QUALITY-AND-USABILITY-OF-PRIVACY-FRIENDLY-SYNTHETIC-DATA/datasets/anonymized/loan_k4_l15_sup05_anonymized.csv
2025-05-08 18:47:27,508 - INFO - Anonymous data report saved at: outputs/batch/loan_batch_2025-05-08_18-38-44/loan_anon_k4_sl0p05_l15/anonymous_data_report.txt
2025-05-08 18:47:27,508 - INFO -  [POSTPROCESSING] Postprocessing anonymized data: /mnt/NVMETank/Projects/Students/Dele/A-STUDY-INTO-THE-QUALITY-AND-USABILITY-OF-PRIVACY-FRIENDLY-SYNTHETIC-DATA/datasets/anonymized/loan_k4_l15_sup05_anonymized.csv
2025-05-08 18:47:27,509 - INFO -  [POSTPROCESSING] Loaded anonymized data: (336, 12)
2025-05-08 18:47:27,514 - INFO -  [POSTPROCESSING] Loaded fallback maps from training data. Categorical cols: 7, Numeric cols: 5
2025-05-08 18:47:27,514 - INFO -  [POSTPROCESSING] Normalizing anonymized data using ARX artifact cleaning and fallback values.
2025-05-08 18:47:27,534 - INFO -  [POSTPROCESSING] Normalized anonymized data saved to: /mnt/NVMETank/Projects/Students/Dele/A-STUDY-INTO-THE-QUALITY-AND-USABILITY-OF-PRIVACY-FRIENDLY-SYNTHETIC-DATA/datasets/anonymized/loan_k4_l15_sup05_anonymized_processed.csv
2025-05-08 18:47:27,541 - INFO -  [POSTPROCESSING] Binary Encoding applied to anonymized data. Encoded shape: (336, 19)
2025-05-08 18:47:27,543 - INFO -  [POSTPROCESSING] Encoded anonymized dataset saved to: /mnt/NVMETank/Projects/Students/Dele/A-STUDY-INTO-THE-QUALITY-AND-USABILITY-OF-PRIVACY-FRIENDLY-SYNTHETIC-DATA/datasets/anonymized/loan_k4_l15_sup05_anonymized_encoded.csv
2025-05-08 18:47:27,543 - INFO -  [POSTPROCESSING] Encoding map generated for anonymized data: 0 original categorical columns.
2025-05-08 18:47:27,543 - INFO - Postprocessing report saved at: outputs/batch/loan_batch_2025-05-08_18-38-44/loan_anon_k4_sl0p05_l15/postprocessing_report.txt
2025-05-08 18:47:27,543 - INFO - enable_synthetic_generation = False
2025-05-08 18:47:27,543 - INFO - Synthetic Data Generation Skipped (Disabled in Configuration).
2025-05-08 18:47:27,543 - INFO - Running Hybrid Pipeline...
2025-05-08 18:47:27,543 - INFO -  [HYBRID] Executing run_hybrid...
2025-05-08 18:47:27,543 - INFO -  [HYBRID] Looking for encoded anonymized data in /mnt/NVMETank/Projects/Students/Dele/A-STUDY-INTO-THE-QUALITY-AND-USABILITY-OF-PRIVACY-FRIENDLY-SYNTHETIC-DATA/datasets/anonymized/loan_k4_l15_sup05_anonymized_encoded.csv
2025-05-08 18:47:27,544 - INFO -  [HYBRID ] Loaded cached encoded anonymous data from /mnt/NVMETank/Projects/Students/Dele/A-STUDY-INTO-THE-QUALITY-AND-USABILITY-OF-PRIVACY-FRIENDLY-SYNTHETIC-DATA/datasets/anonymized/loan_k4_l15_sup05_anonymized_encoded.csv
2025-05-08 18:47:27,545 - INFO -  [HYBRID] Starting synthetic generation for hybrid pipeline...
2025-05-08 18:47:27,545 - INFO - Executing run_synthetic.....
2025-05-08 18:47:27,545 - INFO - [SYNTHETIC PIPELINE] executing run_synthetic for loan_k4_l15_sup05...
2025-05-08 18:47:27,545 - INFO - [SYNTHETIC] Processing dataset: loan_k4_l15_sup05
2025-05-08 18:47:27,545 - INFO - [SYNTHETIC] Original dataset size: 336 rows
2025-05-08 18:47:27,559 - INFO - Detected metadata:
2025-05-08 18:47:27,559 - INFO - {
    "METADATA_SPEC_VERSION": "SINGLE_TABLE_V1",
    "columns": {
        "Gender_0": {
            "sdtype": "categorical"
        },
        "Gender_1": {
            "sdtype": "categorical"
        },
        "Married_0": {
            "sdtype": "categorical"
        },
        "Married_1": {
            "sdtype": "categorical"
        },
        "Dependents_0": {
            "sdtype": "categorical"
        },
        "Dependents_1": {
            "sdtype": "categorical"
        },
        "Dependents_2": {
            "sdtype": "categorical"
        },
        "Education_0": {
            "sdtype": "categorical"
        },
        "Education_1": {
            "sdtype": "categorical"
        },
        "Self_Employed_0": {
            "sdtype": "categorical"
        },
        "Self_Employed_1": {
            "sdtype": "categorical"
        },
        "ApplicantIncome": {
            "sdtype": "numerical"
        },
        "CoapplicantIncome": {
            "sdtype": "numerical"
        },
        "LoanAmount": {
            "sdtype": "numerical"
        },
        "Loan_Amount_Term": {
            "sdtype": "categorical"
        },
        "Credit_History": {
            "sdtype": "categorical"
        },
        "Property_Area_0": {
            "sdtype": "categorical"
        },
        "Property_Area_1": {
            "sdtype": "categorical"
        },
        "Loan_Status": {
            "sdtype": "categorical"
        }
    }
}
2025-05-08 18:47:27,559 - INFO - [SYNTHETIC] Preparing synthesizer: CTGAN
2025-05-08 18:47:27,559 - INFO - [SYNTHETIC] Params from config: {'epochs': 300}
2025-05-08 18:47:27,559 - INFO -  [SYNTHETIC] No pre-trained synthesizer found
2025-05-08 18:47:27,559 - INFO - [SYNTHETIC] Training new CTGAN synthesizer from scratch...
2025-05-08 18:47:27,559 - WARNING - [FutureWarning] The 'SingleTableMetadata' is deprecated. Please use the new 'Metadata' class for synthesizers. (from /mnt/NVMETank/Projects/Students/Dele/A-STUDY-INTO-THE-QUALITY-AND-USABILITY-OF-PRIVACY-FRIENDLY-SYNTHETIC-DATA/.venv/lib/python3.12/site-packages/sdv/single_table/base.py:119)
2025-05-08 18:47:27,559 - WARNING - [UserWarning] We strongly recommend saving the metadata using 'save_to_json' for replicability in future SDV versions. (from /mnt/NVMETank/Projects/Students/Dele/A-STUDY-INTO-THE-QUALITY-AND-USABILITY-OF-PRIVACY-FRIENDLY-SYNTHETIC-DATA/.venv/lib/python3.12/site-packages/sdv/single_table/base.py:104)
2025-05-08 18:47:27,564 - INFO - {'EVENT': 'Instance', 'TIMESTAMP': datetime.datetime(2025, 5, 8, 18, 47, 27, 564152), 'SYNTHESIZER CLASS NAME': 'CTGANSynthesizer', 'SYNTHESIZER ID': 'CTGANSynthesizer_1.18.0_eef42b83e1544dfc960f4110e128ef16'}
2025-05-08 18:47:27,564 - INFO - [SYNTHETIC] CTGAN initialized with epochs: 300
2025-05-08 18:47:27,564 - INFO - [SYNTHETIC] Training parameters for CTGAN: {}
2025-05-08 18:47:27,564 - INFO - [SYNTHETIC] fitting CTGAN 
2025-05-08 18:47:27,564 - INFO - {'EVENT': 'Fit', 'TIMESTAMP': datetime.datetime(2025, 5, 8, 18, 47, 27, 564374), 'SYNTHESIZER CLASS NAME': 'CTGANSynthesizer', 'SYNTHESIZER ID': 'CTGANSynthesizer_1.18.0_eef42b83e1544dfc960f4110e128ef16', 'TOTAL NUMBER OF TABLES': 1, 'TOTAL NUMBER OF ROWS': 336, 'TOTAL NUMBER OF COLUMNS': 19}
2025-05-08 18:47:27,565 - INFO - Fitting table  metadata
2025-05-08 18:47:27,566 - INFO - Fitting formatters for table 
2025-05-08 18:47:27,567 - INFO - Fitting constraints for table 
2025-05-08 18:47:27,567 - INFO - Setting the configuration for the ``HyperTransformer`` for table 
2025-05-08 18:47:27,568 - INFO - Fitting HyperTransformer for table 
2025-05-08 18:47:27,588 - INFO - {'EVENT': 'Fit processed data', 'TIMESTAMP': datetime.datetime(2025, 5, 8, 18, 47, 27, 588099), 'SYNTHESIZER CLASS NAME': 'CTGANSynthesizer', 'SYNTHESIZER ID': 'CTGANSynthesizer_1.18.0_eef42b83e1544dfc960f4110e128ef16', 'TOTAL NUMBER OF TABLES': 1, 'TOTAL NUMBER OF ROWS': 336, 'TOTAL NUMBER OF COLUMNS': 19}
2025-05-08 18:47:27,659 - INFO - Guidance: There are no missing values in column ApplicantIncome. Extra column not created.
2025-05-08 18:47:27,806 - INFO - Guidance: There are no missing values in column CoapplicantIncome. Extra column not created.
2025-05-08 18:47:27,840 - INFO - Guidance: There are no missing values in column LoanAmount. Extra column not created.
2025-05-08 18:47:52,085 - INFO - [SYNTHETIC] Fitting complete for CTGAN. Duration: 24.52 seconds.
2025-05-08 18:47:52,085 - INFO - [SYNTHETIC] CONFIRMATION CTGAN actually trained with epochs = 300
2025-05-08 18:47:52,085 - INFO - {'EVENT': 'Save', 'TIMESTAMP': datetime.datetime(2025, 5, 8, 18, 47, 52, 85541), 'SYNTHESIZER CLASS NAME': 'CTGANSynthesizer', 'SYNTHESIZER ID': 'CTGANSynthesizer_1.18.0_eef42b83e1544dfc960f4110e128ef16'}
2025-05-08 18:47:52,120 - INFO - [SYNTHETIC] CTGAN trained and saved.
2025-05-08 18:47:52,120 - INFO - [SYNTHETIC] Preparing synthesizer: GaussianCopula
2025-05-08 18:47:52,121 - INFO - [SYNTHETIC] Params from config: {}
2025-05-08 18:47:52,121 - INFO -  [SYNTHETIC] No pre-trained synthesizer found
2025-05-08 18:47:52,121 - INFO - [SYNTHETIC] Training new GaussianCopula synthesizer from scratch...
2025-05-08 18:47:52,121 - WARNING - [FutureWarning] The 'SingleTableMetadata' is deprecated. Please use the new 'Metadata' class for synthesizers. (from /mnt/NVMETank/Projects/Students/Dele/A-STUDY-INTO-THE-QUALITY-AND-USABILITY-OF-PRIVACY-FRIENDLY-SYNTHETIC-DATA/.venv/lib/python3.12/site-packages/sdv/single_table/base.py:119)
2025-05-08 18:47:52,124 - INFO - {'EVENT': 'Instance', 'TIMESTAMP': datetime.datetime(2025, 5, 8, 18, 47, 52, 124966), 'SYNTHESIZER CLASS NAME': 'GaussianCopulaSynthesizer', 'SYNTHESIZER ID': 'GaussianCopulaSynthesizer_1.18.0_ff9fcfa4e2aa4604b1449f125f2c6766'}
2025-05-08 18:47:52,125 - INFO - [SYNTHETIC] fitting GaussianCopula 
2025-05-08 18:47:52,125 - INFO - {'EVENT': 'Fit', 'TIMESTAMP': datetime.datetime(2025, 5, 8, 18, 47, 52, 125149), 'SYNTHESIZER CLASS NAME': 'GaussianCopulaSynthesizer', 'SYNTHESIZER ID': 'GaussianCopulaSynthesizer_1.18.0_ff9fcfa4e2aa4604b1449f125f2c6766', 'TOTAL NUMBER OF TABLES': 1, 'TOTAL NUMBER OF ROWS': 336, 'TOTAL NUMBER OF COLUMNS': 19}
2025-05-08 18:47:52,126 - INFO - Fitting table  metadata
2025-05-08 18:47:52,127 - INFO - Fitting formatters for table 
2025-05-08 18:47:52,129 - INFO - Fitting constraints for table 
2025-05-08 18:47:52,130 - INFO - Setting the configuration for the ``HyperTransformer`` for table 
2025-05-08 18:47:52,136 - INFO - Fitting HyperTransformer for table 
2025-05-08 18:47:52,235 - INFO - {'EVENT': 'Fit processed data', 'TIMESTAMP': datetime.datetime(2025, 5, 8, 18, 47, 52, 235510), 'SYNTHESIZER CLASS NAME': 'GaussianCopulaSynthesizer', 'SYNTHESIZER ID': 'GaussianCopulaSynthesizer_1.18.0_ff9fcfa4e2aa4604b1449f125f2c6766', 'TOTAL NUMBER OF TABLES': 1, 'TOTAL NUMBER OF ROWS': 336, 'TOTAL NUMBER OF COLUMNS': 19}
2025-05-08 18:47:52,235 - INFO - Fitting GaussianMultivariate(distribution="{'Gender_0': <class 'copulas.univariate.beta.BetaUnivariate'>, 'Gender_1': <class 'copulas.univariate.beta.BetaUnivariate'>, 'Married_0': <class 'copulas.univariate.beta.BetaUnivariate'>, 'Married_1': <class 'copulas.univariate.beta.BetaUnivariate'>, 'Dependents_0': <class 'copulas.univariate.beta.BetaUnivariate'>, 'Dependents_1': <class 'copulas.univariate.beta.BetaUnivariate'>, 'Dependents_2': <class 'copulas.univariate.beta.BetaUnivariate'>, 'Education_0': <class 'copulas.univariate.beta.BetaUnivariate'>, 'Education_1': <class 'copulas.univariate.beta.BetaUnivariate'>, 'Self_Employed_0': <class 'copulas.univariate.beta.BetaUnivariate'>, 'Self_Employed_1': <class 'copulas.univariate.beta.BetaUnivariate'>, 'ApplicantIncome': <class 'copulas.univariate.beta.BetaUnivariate'>, 'CoapplicantIncome': <class 'copulas.univariate.beta.BetaUnivariate'>, 'LoanAmount': <class 'copulas.univariate.beta.BetaUnivariate'>, 'Loan_Amount_Term': <class 'copulas.univariate.beta.BetaUnivariate'>, 'Credit_History': <class 'copulas.univariate.beta.BetaUnivariate'>, 'Property_Area_0': <class 'copulas.univariate.beta.BetaUnivariate'>, 'Property_Area_1': <class 'copulas.univariate.beta.BetaUnivariate'>, 'Loan_Status': <class 'copulas.univariate.beta.BetaUnivariate'>}")
2025-05-08 18:47:52,793 - INFO - [SYNTHETIC] Fitting complete for GaussianCopula. Duration: 0.67 seconds.
2025-05-08 18:47:52,793 - WARNING - [SYNTHETIC] WARNING Could not determine actual epochs used for GaussianCopula
2025-05-08 18:47:52,793 - INFO - {'EVENT': 'Save', 'TIMESTAMP': datetime.datetime(2025, 5, 8, 18, 47, 52, 793639), 'SYNTHESIZER CLASS NAME': 'GaussianCopulaSynthesizer', 'SYNTHESIZER ID': 'GaussianCopulaSynthesizer_1.18.0_ff9fcfa4e2aa4604b1449f125f2c6766'}
2025-05-08 18:47:52,802 - INFO - [SYNTHETIC] GaussianCopula trained and saved.
2025-05-08 18:47:52,802 - INFO - [SYNTHETIC] Preparing synthesizer: TVAE
2025-05-08 18:47:52,802 - INFO - [SYNTHETIC] Params from config: {'epochs': 300}
2025-05-08 18:47:52,802 - INFO -  [SYNTHETIC] No pre-trained synthesizer found
2025-05-08 18:47:52,802 - INFO - [SYNTHETIC] Training new TVAE synthesizer from scratch...
2025-05-08 18:47:52,802 - WARNING - [FutureWarning] The 'SingleTableMetadata' is deprecated. Please use the new 'Metadata' class for synthesizers. (from /mnt/NVMETank/Projects/Students/Dele/A-STUDY-INTO-THE-QUALITY-AND-USABILITY-OF-PRIVACY-FRIENDLY-SYNTHETIC-DATA/.venv/lib/python3.12/site-packages/sdv/single_table/base.py:119)
2025-05-08 18:47:52,804 - INFO - {'EVENT': 'Instance', 'TIMESTAMP': datetime.datetime(2025, 5, 8, 18, 47, 52, 804950), 'SYNTHESIZER CLASS NAME': 'TVAESynthesizer', 'SYNTHESIZER ID': 'TVAESynthesizer_1.18.0_b6b01c15cce349a8b1456d88d3e56aff'}
2025-05-08 18:47:52,805 - INFO - [SYNTHETIC] TVAE initialized with epochs: 300
2025-05-08 18:47:52,805 - INFO - [SYNTHETIC] Training parameters for TVAE: {}
2025-05-08 18:47:52,805 - INFO - [SYNTHETIC] fitting TVAE 
2025-05-08 18:47:52,805 - INFO - {'EVENT': 'Fit', 'TIMESTAMP': datetime.datetime(2025, 5, 8, 18, 47, 52, 805184), 'SYNTHESIZER CLASS NAME': 'TVAESynthesizer', 'SYNTHESIZER ID': 'TVAESynthesizer_1.18.0_b6b01c15cce349a8b1456d88d3e56aff', 'TOTAL NUMBER OF TABLES': 1, 'TOTAL NUMBER OF ROWS': 336, 'TOTAL NUMBER OF COLUMNS': 19}
2025-05-08 18:47:52,806 - INFO - Fitting table  metadata
2025-05-08 18:47:52,806 - INFO - Fitting formatters for table 
2025-05-08 18:47:52,808 - INFO - Fitting constraints for table 
2025-05-08 18:47:52,808 - INFO - Setting the configuration for the ``HyperTransformer`` for table 
2025-05-08 18:47:52,809 - INFO - Fitting HyperTransformer for table 
2025-05-08 18:47:52,822 - INFO - {'EVENT': 'Fit processed data', 'TIMESTAMP': datetime.datetime(2025, 5, 8, 18, 47, 52, 822630), 'SYNTHESIZER CLASS NAME': 'TVAESynthesizer', 'SYNTHESIZER ID': 'TVAESynthesizer_1.18.0_b6b01c15cce349a8b1456d88d3e56aff', 'TOTAL NUMBER OF TABLES': 1, 'TOTAL NUMBER OF ROWS': 336, 'TOTAL NUMBER OF COLUMNS': 19}
2025-05-08 18:47:52,836 - INFO - Guidance: There are no missing values in column ApplicantIncome. Extra column not created.
2025-05-08 18:47:52,936 - INFO - Guidance: There are no missing values in column CoapplicantIncome. Extra column not created.
2025-05-08 18:47:52,974 - INFO - Guidance: There are no missing values in column LoanAmount. Extra column not created.
2025-05-08 18:47:55,792 - INFO - [SYNTHETIC] Fitting complete for TVAE. Duration: 2.99 seconds.
2025-05-08 18:47:55,792 - INFO - [SYNTHETIC] CONFIRMATION TVAE actually trained with epochs = 300
2025-05-08 18:47:55,792 - INFO - {'EVENT': 'Save', 'TIMESTAMP': datetime.datetime(2025, 5, 8, 18, 47, 55, 792536), 'SYNTHESIZER CLASS NAME': 'TVAESynthesizer', 'SYNTHESIZER ID': 'TVAESynthesizer_1.18.0_b6b01c15cce349a8b1456d88d3e56aff'}
2025-05-08 18:47:55,819 - INFO - [SYNTHETIC] TVAE trained and saved.
2025-05-08 18:47:55,819 - INFO - [SYNTHETIC] Using CTGAN to generate 336 rows...
2025-05-08 18:47:55,876 - INFO - {'EVENT': 'Sample', 'TIMESTAMP': datetime.datetime(2025, 5, 8, 18, 47, 55, 819636), 'SYNTHESIZER CLASS NAME': 'CTGANSynthesizer', 'SYNTHESIZER ID': 'CTGANSynthesizer_1.18.0_eef42b83e1544dfc960f4110e128ef16', 'TOTAL NUMBER OF TABLES': 1, 'TOTAL NUMBER OF ROWS': 336, 'TOTAL NUMBER OF COLUMNS': 19}
2025-05-08 18:47:55,876 - INFO - [SYNTHETIC] CTGAN completed: 336 rows generated.
2025-05-08 18:47:55,876 - INFO - [SYNTHETIC] Target class distribution for CTGAN: {'Y': 219, 'N': 117}
2025-05-08 18:47:55,876 - INFO - [SYNTHETIC] Using GaussianCopula to generate 336 rows...
2025-05-08 18:47:55,928 - INFO - {'EVENT': 'Sample', 'TIMESTAMP': datetime.datetime(2025, 5, 8, 18, 47, 55, 876581), 'SYNTHESIZER CLASS NAME': 'GaussianCopulaSynthesizer', 'SYNTHESIZER ID': 'GaussianCopulaSynthesizer_1.18.0_ff9fcfa4e2aa4604b1449f125f2c6766', 'TOTAL NUMBER OF TABLES': 1, 'TOTAL NUMBER OF ROWS': 336, 'TOTAL NUMBER OF COLUMNS': 19}
2025-05-08 18:47:55,928 - INFO - [SYNTHETIC] GaussianCopula completed: 336 rows generated.
2025-05-08 18:47:55,928 - INFO - [SYNTHETIC] Target class distribution for GaussianCopula: {'Y': 228, 'N': 108}
2025-05-08 18:47:55,928 - INFO - [SYNTHETIC] Using TVAE to generate 336 rows...
2025-05-08 18:47:55,977 - INFO - {'EVENT': 'Sample', 'TIMESTAMP': datetime.datetime(2025, 5, 8, 18, 47, 55, 928919), 'SYNTHESIZER CLASS NAME': 'TVAESynthesizer', 'SYNTHESIZER ID': 'TVAESynthesizer_1.18.0_b6b01c15cce349a8b1456d88d3e56aff', 'TOTAL NUMBER OF TABLES': 1, 'TOTAL NUMBER OF ROWS': 336, 'TOTAL NUMBER OF COLUMNS': 19}
2025-05-08 18:47:55,977 - INFO - [SYNTHETIC] TVAE completed: 336 rows generated.
2025-05-08 18:47:55,977 - INFO - [SYNTHETIC] Target class distribution for TVAE: {'Y': 336}
2025-05-08 18:47:55,977 - INFO - [SYNTHETIC PIPELINE] Synthetic Data Generation Completed.
2025-05-08 18:47:55,978 - INFO - [SYNTHETIC PIPELINE] Synthesizers used: ['CTGAN', 'GaussianCopula', 'TVAE']
2025-05-08 18:47:55,978 - INFO - [SYNTHETIC PIPELINE] Evaluating synthetic dataset generated by CTGAN...
2025-05-08 18:47:55,978 - INFO - [SYNTHETIC EVAL] Real data columns     (19): ['Gender_0', 'Gender_1', 'Married_0', 'Married_1', 'Dependents_0', 'Dependents_1', 'Dependents_2', 'Education_0', 'Education_1', 'Self_Employed_0', 'Self_Employed_1', 'ApplicantIncome', 'CoapplicantIncome', 'LoanAmount', 'Loan_Amount_Term', 'Credit_History', 'Property_Area_0', 'Property_Area_1', 'Loan_Status']
2025-05-08 18:47:55,978 - INFO - [SYNTHETIC EVAL] Synthetic data columns (19): ['Gender_0', 'Gender_1', 'Married_0', 'Married_1', 'Dependents_0', 'Dependents_1', 'Dependents_2', 'Education_0', 'Education_1', 'Self_Employed_0', 'Self_Employed_1', 'ApplicantIncome', 'CoapplicantIncome', 'LoanAmount', 'Loan_Amount_Term', 'Credit_History', 'Property_Area_0', 'Property_Area_1', 'Loan_Status']
2025-05-08 18:47:55,978 - INFO - [SYNTHETIC EVAL] Metadata columns      (19): ['Gender_0', 'Gender_1', 'Married_0', 'Married_1', 'Dependents_0', 'Dependents_1', 'Dependents_2', 'Education_0', 'Education_1', 'Self_Employed_0', 'Self_Employed_1', 'ApplicantIncome', 'CoapplicantIncome', 'LoanAmount', 'Loan_Amount_Term', 'Credit_History', 'Property_Area_0', 'Property_Area_1', 'Loan_Status']
2025-05-08 18:47:55,978 - INFO - [SYNTHETIC EVAL] Shape — Real: (336, 19), Synthetic: (336, 19)
2025-05-08 18:47:55,978 - INFO - [SYNTHETIC EVAL] Metadata structure:
{
  "METADATA_SPEC_VERSION": "SINGLE_TABLE_V1",
  "columns": {
    "Gender_0": {
      "sdtype": "categorical"
    },
    "Gender_1": {
      "sdtype": "categorical"
    },
    "Married_0": {
      "sdtype": "categorical"
    },
    "Married_1": {
      "sdtype": "categorical"
    },
    "Dependents_0": {
      "sdtype": "categorical"
    },
    "Dependents_1": {
      "sdtype": "categorical"
    },
    "Dependents_2": {
      "sdtype": "categorical"
    },
    "Education_0": {
      "sdtype": "categorical"
    },
    "Education_1": {
      "sdtype": "categorical"
    },
    "Self_Employed_0": {
      "sdtype": "categorical"
    },
    "Self_Employed_1": {
      "sdtype": "categorical"
    },
    "ApplicantIncome": {
      "sdtype": "numerical"
    },
    "CoapplicantIncome": {
      "sdtype": "numerical"
    },
    "LoanAmount": {
      "sdtype": "numerical"
    },
    "Loan_Amount_Term": {
      "sdtype": "categorical"
    },
    "Credit_History": {
      "sdtype": "categorical"
    },
    "Property_Area_0": {
      "sdtype": "categorical"
    },
    "Property_Area_1": {
      "sdtype": "categorical"
    },
    "Loan_Status": {
      "sdtype": "categorical"
    }
  }
}
2025-05-08 18:47:56,338 - INFO - [SYNTHETIC PIPELINE] Evaluating synthetic dataset generated by GaussianCopula...
2025-05-08 18:47:56,338 - INFO - [SYNTHETIC EVAL] Real data columns     (19): ['Gender_0', 'Gender_1', 'Married_0', 'Married_1', 'Dependents_0', 'Dependents_1', 'Dependents_2', 'Education_0', 'Education_1', 'Self_Employed_0', 'Self_Employed_1', 'ApplicantIncome', 'CoapplicantIncome', 'LoanAmount', 'Loan_Amount_Term', 'Credit_History', 'Property_Area_0', 'Property_Area_1', 'Loan_Status']
2025-05-08 18:47:56,338 - INFO - [SYNTHETIC EVAL] Synthetic data columns (19): ['Gender_0', 'Gender_1', 'Married_0', 'Married_1', 'Dependents_0', 'Dependents_1', 'Dependents_2', 'Education_0', 'Education_1', 'Self_Employed_0', 'Self_Employed_1', 'ApplicantIncome', 'CoapplicantIncome', 'LoanAmount', 'Loan_Amount_Term', 'Credit_History', 'Property_Area_0', 'Property_Area_1', 'Loan_Status']
2025-05-08 18:47:56,338 - INFO - [SYNTHETIC EVAL] Metadata columns      (19): ['Gender_0', 'Gender_1', 'Married_0', 'Married_1', 'Dependents_0', 'Dependents_1', 'Dependents_2', 'Education_0', 'Education_1', 'Self_Employed_0', 'Self_Employed_1', 'ApplicantIncome', 'CoapplicantIncome', 'LoanAmount', 'Loan_Amount_Term', 'Credit_History', 'Property_Area_0', 'Property_Area_1', 'Loan_Status']
2025-05-08 18:47:56,339 - INFO - [SYNTHETIC EVAL] Shape — Real: (336, 19), Synthetic: (336, 19)
2025-05-08 18:47:56,339 - INFO - [SYNTHETIC EVAL] Metadata structure:
{
  "METADATA_SPEC_VERSION": "SINGLE_TABLE_V1",
  "columns": {
    "Gender_0": {
      "sdtype": "categorical"
    },
    "Gender_1": {
      "sdtype": "categorical"
    },
    "Married_0": {
      "sdtype": "categorical"
    },
    "Married_1": {
      "sdtype": "categorical"
    },
    "Dependents_0": {
      "sdtype": "categorical"
    },
    "Dependents_1": {
      "sdtype": "categorical"
    },
    "Dependents_2": {
      "sdtype": "categorical"
    },
    "Education_0": {
      "sdtype": "categorical"
    },
    "Education_1": {
      "sdtype": "categorical"
    },
    "Self_Employed_0": {
      "sdtype": "categorical"
    },
    "Self_Employed_1": {
      "sdtype": "categorical"
    },
    "ApplicantIncome": {
      "sdtype": "numerical"
    },
    "CoapplicantIncome": {
      "sdtype": "numerical"
    },
    "LoanAmount": {
      "sdtype": "numerical"
    },
    "Loan_Amount_Term": {
      "sdtype": "categorical"
    },
    "Credit_History": {
      "sdtype": "categorical"
    },
    "Property_Area_0": {
      "sdtype": "categorical"
    },
    "Property_Area_1": {
      "sdtype": "categorical"
    },
    "Loan_Status": {
      "sdtype": "categorical"
    }
  }
}
2025-05-08 18:47:56,692 - INFO - [SYNTHETIC PIPELINE] Evaluating synthetic dataset generated by TVAE...
2025-05-08 18:47:56,692 - INFO - [SYNTHETIC EVAL] Real data columns     (19): ['Gender_0', 'Gender_1', 'Married_0', 'Married_1', 'Dependents_0', 'Dependents_1', 'Dependents_2', 'Education_0', 'Education_1', 'Self_Employed_0', 'Self_Employed_1', 'ApplicantIncome', 'CoapplicantIncome', 'LoanAmount', 'Loan_Amount_Term', 'Credit_History', 'Property_Area_0', 'Property_Area_1', 'Loan_Status']
2025-05-08 18:47:56,692 - INFO - [SYNTHETIC EVAL] Synthetic data columns (19): ['Gender_0', 'Gender_1', 'Married_0', 'Married_1', 'Dependents_0', 'Dependents_1', 'Dependents_2', 'Education_0', 'Education_1', 'Self_Employed_0', 'Self_Employed_1', 'ApplicantIncome', 'CoapplicantIncome', 'LoanAmount', 'Loan_Amount_Term', 'Credit_History', 'Property_Area_0', 'Property_Area_1', 'Loan_Status']
2025-05-08 18:47:56,692 - INFO - [SYNTHETIC EVAL] Metadata columns      (19): ['Gender_0', 'Gender_1', 'Married_0', 'Married_1', 'Dependents_0', 'Dependents_1', 'Dependents_2', 'Education_0', 'Education_1', 'Self_Employed_0', 'Self_Employed_1', 'ApplicantIncome', 'CoapplicantIncome', 'LoanAmount', 'Loan_Amount_Term', 'Credit_History', 'Property_Area_0', 'Property_Area_1', 'Loan_Status']
2025-05-08 18:47:56,692 - INFO - [SYNTHETIC EVAL] Shape — Real: (336, 19), Synthetic: (336, 19)
2025-05-08 18:47:56,692 - INFO - [SYNTHETIC EVAL] Metadata structure:
{
  "METADATA_SPEC_VERSION": "SINGLE_TABLE_V1",
  "columns": {
    "Gender_0": {
      "sdtype": "categorical"
    },
    "Gender_1": {
      "sdtype": "categorical"
    },
    "Married_0": {
      "sdtype": "categorical"
    },
    "Married_1": {
      "sdtype": "categorical"
    },
    "Dependents_0": {
      "sdtype": "categorical"
    },
    "Dependents_1": {
      "sdtype": "categorical"
    },
    "Dependents_2": {
      "sdtype": "categorical"
    },
    "Education_0": {
      "sdtype": "categorical"
    },
    "Education_1": {
      "sdtype": "categorical"
    },
    "Self_Employed_0": {
      "sdtype": "categorical"
    },
    "Self_Employed_1": {
      "sdtype": "categorical"
    },
    "ApplicantIncome": {
      "sdtype": "numerical"
    },
    "CoapplicantIncome": {
      "sdtype": "numerical"
    },
    "LoanAmount": {
      "sdtype": "numerical"
    },
    "Loan_Amount_Term": {
      "sdtype": "categorical"
    },
    "Credit_History": {
      "sdtype": "categorical"
    },
    "Property_Area_0": {
      "sdtype": "categorical"
    },
    "Property_Area_1": {
      "sdtype": "categorical"
    },
    "Loan_Status": {
      "sdtype": "categorical"
    }
  }
}
2025-05-08 18:47:57,065 - INFO -  [SYNTHETIC PIPELINE]  Synthetic Data Evaluation Completed.
2025-05-08 18:47:57,072 - INFO -  [SYNTHETIC PIPELINE] Synthetic Data Report Generated Successfully.
2025-05-08 18:47:57,167 - INFO - [HYBRID] Generated hybrid dataset shape for CTGAN: (336, 19)
2025-05-08 18:47:57,167 - INFO - [HYBRID] Target distribution for CTGAN: {'Y': 219, 'N': 117}
2025-05-08 18:47:57,169 - INFO -  [HYBRID] Saved hybrid dataset to /mnt/NVMETank/Projects/Students/Dele/A-STUDY-INTO-THE-QUALITY-AND-USABILITY-OF-PRIVACY-FRIENDLY-SYNTHETIC-DATA/datasets/hybrid/loan_k4_l15_sup05_CTGAN_HYBRID.csv
2025-05-08 18:47:57,169 - INFO - [HYBRID] Generated hybrid dataset shape for GaussianCopula: (336, 19)
2025-05-08 18:47:57,169 - INFO - [HYBRID] Target distribution for GaussianCopula: {'Y': 228, 'N': 108}
2025-05-08 18:47:57,171 - INFO -  [HYBRID] Saved hybrid dataset to /mnt/NVMETank/Projects/Students/Dele/A-STUDY-INTO-THE-QUALITY-AND-USABILITY-OF-PRIVACY-FRIENDLY-SYNTHETIC-DATA/datasets/hybrid/loan_k4_l15_sup05_GaussianCopula_HYBRID.csv
2025-05-08 18:47:57,171 - INFO - [HYBRID] Generated hybrid dataset shape for TVAE: (336, 19)
2025-05-08 18:47:57,171 - INFO - [HYBRID] Target distribution for TVAE: {'Y': 336}
2025-05-08 18:47:57,172 - INFO -  [HYBRID] Saved hybrid dataset to /mnt/NVMETank/Projects/Students/Dele/A-STUDY-INTO-THE-QUALITY-AND-USABILITY-OF-PRIVACY-FRIENDLY-SYNTHETIC-DATA/datasets/hybrid/loan_k4_l15_sup05_TVAE_HYBRID.csv
2025-05-08 18:47:57,173 - INFO -  [HYBRID] Hybrid pipeline complete — 3 dataset(s) ready.
2025-05-08 18:47:57,173 - INFO - [HYBRID] Total rows across all hybrid datasets: 1008
2025-05-08 18:47:57,173 - INFO - Hybrid pipeline completed successfully.
2025-05-08 18:47:57,173 - INFO - Hybrid pipeline duration: 29.63 seconds
2025-05-08 18:47:57,173 - INFO - Starting Utility...
2025-05-08 18:47:57,173 - INFO - [UTILITY] Preparing datasets for machine learning...
2025-05-08 18:47:57,173 - INFO - [UTILITY] Original Data - Training Size: 336, Testing Size: 144
2025-05-08 18:47:57,173 - INFO - [UTILITY] Target class distribution (Original): {'Y': 232, 'N': 104}
2025-05-08 18:47:57,174 - INFO - [UTILITY] Processing anonymized dataset...
2025-05-08 18:47:57,174 - INFO - [UTILITY] Anonymized Data - Training Size: 336
2025-05-08 18:47:57,174 - INFO - [UTILITY] Target class distribution (Anonymous): {'Y': 232, 'N': 104}
2025-05-08 18:47:57,174 - INFO - [UTILITY] Processing hybrid dataset generated by CTGAN...
2025-05-08 18:47:57,175 - INFO - [UTILITY] Hybrid Data (CTGAN_HYBRID) - Training Size: 336
2025-05-08 18:47:57,175 - INFO - [UTILITY] Target class distribution (CTGAN_HYBRID): {'Y': 219, 'N': 117}
2025-05-08 18:47:57,175 - INFO - [UTILITY] Processing hybrid dataset generated by GaussianCopula...
2025-05-08 18:47:57,175 - INFO - [UTILITY] Hybrid Data (GaussianCopula_HYBRID) - Training Size: 336
2025-05-08 18:47:57,175 - INFO - [UTILITY] Target class distribution (GaussianCopula_HYBRID): {'Y': 228, 'N': 108}
2025-05-08 18:47:57,175 - WARNING -  Skipping hybrid dataset 'TVAE_HYBRID' - only one class in target.
2025-05-08 18:47:57,176 - INFO - [UTILITY] Training models on all datasets...
2025-05-08 18:47:57,176 - INFO - [UTILITY] Total datasets used for training: 4
2025-05-08 18:47:57,176 - INFO - [TRAINING] Training models from scratch...
2025-05-08 18:47:57,176 - INFO - [TRAINING] Starting training for dataset: Original — Rows: 336, Features: 18
2025-05-08 18:47:57,176 - INFO - [TRAINING] Training DecisionTree on Original...
2025-05-08 18:47:57,178 - INFO - [TRAINING] DecisionTree trained successfully on Original in 0.00 sec
2025-05-08 18:47:57,178 - INFO - [TRAINING] Training KNN on Original...
2025-05-08 18:47:57,179 - INFO - [TRAINING] KNN trained successfully on Original in 0.00 sec
2025-05-08 18:47:57,179 - INFO - [TRAINING] Training LogisticRegression on Original...
2025-05-08 18:47:57,183 - INFO - [TRAINING] LogisticRegression trained successfully on Original in 0.00 sec
2025-05-08 18:47:57,183 - INFO - [TRAINING] Training RandomForest on Original...
2025-05-08 18:47:57,275 - INFO - [TRAINING] RandomForest trained successfully on Original in 0.09 sec
2025-05-08 18:47:57,275 - INFO - [TRAINING] Training SVM on Original...
2025-05-08 18:47:57,279 - INFO - [TRAINING] SVM trained successfully on Original in 0.00 sec
2025-05-08 18:47:57,279 - INFO - [TRAINING] Finished training 5 model(s) for dataset: Original
2025-05-08 18:47:57,279 - INFO - [TRAINING] Starting training for dataset: Anonymous — Rows: 336, Features: 18
2025-05-08 18:47:57,279 - INFO - [TRAINING] Training DecisionTree on Anonymous...
2025-05-08 18:47:57,281 - INFO - [TRAINING] DecisionTree trained successfully on Anonymous in 0.00 sec
2025-05-08 18:47:57,282 - INFO - [TRAINING] Training KNN on Anonymous...
2025-05-08 18:47:57,283 - INFO - [TRAINING] KNN trained successfully on Anonymous in 0.00 sec
2025-05-08 18:47:57,283 - INFO - [TRAINING] Training LogisticRegression on Anonymous...
2025-05-08 18:47:57,286 - INFO - [TRAINING] LogisticRegression trained successfully on Anonymous in 0.00 sec
2025-05-08 18:47:57,286 - INFO - [TRAINING] Training RandomForest on Anonymous...
2025-05-08 18:47:57,373 - INFO - [TRAINING] RandomForest trained successfully on Anonymous in 0.09 sec
2025-05-08 18:47:57,373 - INFO - [TRAINING] Training SVM on Anonymous...
2025-05-08 18:47:57,377 - INFO - [TRAINING] SVM trained successfully on Anonymous in 0.00 sec
2025-05-08 18:47:57,377 - INFO - [TRAINING] Finished training 5 model(s) for dataset: Anonymous
2025-05-08 18:47:57,377 - INFO - [TRAINING] Starting training for dataset: CTGAN_HYBRID — Rows: 336, Features: 18
2025-05-08 18:47:57,377 - INFO - [TRAINING] Training DecisionTree on CTGAN_HYBRID...
2025-05-08 18:47:57,379 - INFO - [TRAINING] DecisionTree trained successfully on CTGAN_HYBRID in 0.00 sec
2025-05-08 18:47:57,379 - INFO - [TRAINING] Training KNN on CTGAN_HYBRID...
2025-05-08 18:47:57,379 - INFO - [TRAINING] KNN trained successfully on CTGAN_HYBRID in 0.00 sec
2025-05-08 18:47:57,380 - INFO - [TRAINING] Training LogisticRegression on CTGAN_HYBRID...
2025-05-08 18:47:57,382 - INFO - [TRAINING] LogisticRegression trained successfully on CTGAN_HYBRID in 0.00 sec
2025-05-08 18:47:57,382 - INFO - [TRAINING] Training RandomForest on CTGAN_HYBRID...
2025-05-08 18:47:57,467 - INFO - [TRAINING] RandomForest trained successfully on CTGAN_HYBRID in 0.08 sec
2025-05-08 18:47:57,467 - INFO - [TRAINING] Training SVM on CTGAN_HYBRID...
2025-05-08 18:47:57,471 - INFO - [TRAINING] SVM trained successfully on CTGAN_HYBRID in 0.00 sec
2025-05-08 18:47:57,471 - INFO - [TRAINING] Finished training 5 model(s) for dataset: CTGAN_HYBRID
2025-05-08 18:47:57,471 - INFO - [TRAINING] Starting training for dataset: GaussianCopula_HYBRID — Rows: 336, Features: 18
2025-05-08 18:47:57,471 - INFO - [TRAINING] Training DecisionTree on GaussianCopula_HYBRID...
2025-05-08 18:47:57,474 - INFO - [TRAINING] DecisionTree trained successfully on GaussianCopula_HYBRID in 0.00 sec
2025-05-08 18:47:57,474 - INFO - [TRAINING] Training KNN on GaussianCopula_HYBRID...
2025-05-08 18:47:57,475 - INFO - [TRAINING] KNN trained successfully on GaussianCopula_HYBRID in 0.00 sec
2025-05-08 18:47:57,475 - INFO - [TRAINING] Training LogisticRegression on GaussianCopula_HYBRID...
2025-05-08 18:47:57,478 - INFO - [TRAINING] LogisticRegression trained successfully on GaussianCopula_HYBRID in 0.00 sec
2025-05-08 18:47:57,478 - INFO - [TRAINING] Training RandomForest on GaussianCopula_HYBRID...
2025-05-08 18:47:57,564 - INFO - [TRAINING] RandomForest trained successfully on GaussianCopula_HYBRID in 0.09 sec
2025-05-08 18:47:57,564 - INFO - [TRAINING] Training SVM on GaussianCopula_HYBRID...
2025-05-08 18:47:57,568 - INFO - [TRAINING] SVM trained successfully on GaussianCopula_HYBRID in 0.00 sec
2025-05-08 18:47:57,568 - INFO - [TRAINING] Finished training 5 model(s) for dataset: GaussianCopula_HYBRID
2025-05-08 18:47:57,568 - INFO - [TRAINING] Total models trained across all datasets: 20
2025-05-08 18:47:57,568 - INFO - [UTILITY] Trained model names: ['Original', 'Anonymous', 'CTGAN_HYBRID', 'GaussianCopula_HYBRID']
2025-05-08 18:47:57,568 - INFO - [UTILITY] Model Training Completed.
2025-05-08 18:47:57,568 - INFO - Starting the Evaluating of models...
2025-05-08 18:47:57,568 - INFO - Preparing evaluation for model 'DecisionTree' across all datasets...
2025-05-08 18:47:57,568 - INFO - Evaluating DecisionTree on Original...
2025-05-08 18:47:57,569 - INFO - Predictions completed for DecisionTree on Original
2025-05-08 18:47:57,570 - INFO - Prediction distribution for DecisionTree on Original: {'Y': 87, 'N': 57}
2025-05-08 18:47:57,578 - INFO - Computed 8 metric(s) for DecisionTree on Original
2025-05-08 18:47:57,578 - INFO - Evaluating DecisionTree on Anonymous...
2025-05-08 18:47:57,579 - INFO - Predictions completed for DecisionTree on Anonymous
2025-05-08 18:47:57,580 - INFO - Prediction distribution for DecisionTree on Anonymous: {'Y': 85, 'N': 59}
2025-05-08 18:47:57,588 - INFO - Computed 8 metric(s) for DecisionTree on Anonymous
2025-05-08 18:47:57,588 - INFO - Evaluating DecisionTree on CTGAN_HYBRID...
2025-05-08 18:47:57,589 - INFO - Predictions completed for DecisionTree on CTGAN_HYBRID
2025-05-08 18:47:57,589 - INFO - Prediction distribution for DecisionTree on CTGAN_HYBRID: {'Y': 84, 'N': 60}
2025-05-08 18:47:57,597 - INFO - Computed 8 metric(s) for DecisionTree on CTGAN_HYBRID
2025-05-08 18:47:57,597 - INFO - Evaluating DecisionTree on GaussianCopula_HYBRID...
2025-05-08 18:47:57,598 - INFO - Predictions completed for DecisionTree on GaussianCopula_HYBRID
2025-05-08 18:47:57,598 - INFO - Prediction distribution for DecisionTree on GaussianCopula_HYBRID: {'Y': 105, 'N': 39}
2025-05-08 18:47:57,606 - INFO - Computed 8 metric(s) for DecisionTree on GaussianCopula_HYBRID
2025-05-08 18:47:57,606 - INFO - Preparing evaluation for model 'KNN' across all datasets...
2025-05-08 18:47:57,606 - INFO - Evaluating KNN on Original...
2025-05-08 18:47:57,612 - INFO - Predictions completed for KNN on Original
2025-05-08 18:47:57,612 - INFO - Prediction distribution for KNN on Original: {'Y': 115, 'N': 29}
2025-05-08 18:47:57,623 - INFO - Computed 8 metric(s) for KNN on Original
2025-05-08 18:47:57,623 - INFO - Evaluating KNN on Anonymous...
2025-05-08 18:47:57,629 - INFO - Predictions completed for KNN on Anonymous
2025-05-08 18:47:57,629 - INFO - Prediction distribution for KNN on Anonymous: {'Y': 114, 'N': 30}
2025-05-08 18:47:57,640 - INFO - Computed 8 metric(s) for KNN on Anonymous
2025-05-08 18:47:57,640 - INFO - Evaluating KNN on CTGAN_HYBRID...
2025-05-08 18:47:57,645 - INFO - Predictions completed for KNN on CTGAN_HYBRID
2025-05-08 18:47:57,646 - INFO - Prediction distribution for KNN on CTGAN_HYBRID: {'Y': 88, 'N': 56}
2025-05-08 18:47:57,656 - INFO - Computed 8 metric(s) for KNN on CTGAN_HYBRID
2025-05-08 18:47:57,657 - INFO - Evaluating KNN on GaussianCopula_HYBRID...
2025-05-08 18:47:57,662 - INFO - Predictions completed for KNN on GaussianCopula_HYBRID
2025-05-08 18:47:57,662 - INFO - Prediction distribution for KNN on GaussianCopula_HYBRID: {'Y': 135, 'N': 9}
2025-05-08 18:47:57,673 - INFO - Computed 8 metric(s) for KNN on GaussianCopula_HYBRID
2025-05-08 18:47:57,673 - INFO - Preparing evaluation for model 'LogisticRegression' across all datasets...
2025-05-08 18:47:57,673 - INFO - Evaluating LogisticRegression on Original...
2025-05-08 18:47:57,674 - INFO - Predictions completed for LogisticRegression on Original
2025-05-08 18:47:57,675 - INFO - Prediction distribution for LogisticRegression on Original: {'Y': 115, 'N': 29}
2025-05-08 18:47:57,683 - INFO - Computed 8 metric(s) for LogisticRegression on Original
2025-05-08 18:47:57,683 - INFO - Evaluating LogisticRegression on Anonymous...
2025-05-08 18:47:57,684 - INFO - Predictions completed for LogisticRegression on Anonymous
2025-05-08 18:47:57,685 - INFO - Prediction distribution for LogisticRegression on Anonymous: {'N': 96, 'Y': 48}
2025-05-08 18:47:57,693 - INFO - Computed 8 metric(s) for LogisticRegression on Anonymous
2025-05-08 18:47:57,693 - INFO - Evaluating LogisticRegression on CTGAN_HYBRID...
2025-05-08 18:47:57,694 - INFO - Predictions completed for LogisticRegression on CTGAN_HYBRID
2025-05-08 18:47:57,695 - INFO - Prediction distribution for LogisticRegression on CTGAN_HYBRID: {'Y': 129, 'N': 15}
2025-05-08 18:47:57,703 - INFO - Computed 8 metric(s) for LogisticRegression on CTGAN_HYBRID
2025-05-08 18:47:57,703 - INFO - Evaluating LogisticRegression on GaussianCopula_HYBRID...
2025-05-08 18:47:57,704 - INFO - Predictions completed for LogisticRegression on GaussianCopula_HYBRID
2025-05-08 18:47:57,705 - INFO - Prediction distribution for LogisticRegression on GaussianCopula_HYBRID: {'Y': 142, 'N': 2}
2025-05-08 18:47:57,713 - INFO - Computed 8 metric(s) for LogisticRegression on GaussianCopula_HYBRID
2025-05-08 18:47:57,713 - INFO - Preparing evaluation for model 'RandomForest' across all datasets...
2025-05-08 18:47:57,713 - INFO - Evaluating RandomForest on Original...
2025-05-08 18:47:57,719 - INFO - Predictions completed for RandomForest on Original
2025-05-08 18:47:57,719 - INFO - Prediction distribution for RandomForest on Original: {'Y': 105, 'N': 39}
2025-05-08 18:47:57,736 - INFO - Computed 8 metric(s) for RandomForest on Original
2025-05-08 18:47:57,736 - INFO - Evaluating RandomForest on Anonymous...
2025-05-08 18:47:57,742 - INFO - Predictions completed for RandomForest on Anonymous
2025-05-08 18:47:57,742 - INFO - Prediction distribution for RandomForest on Anonymous: {'Y': 101, 'N': 43}
2025-05-08 18:47:57,759 - INFO - Computed 8 metric(s) for RandomForest on Anonymous
2025-05-08 18:47:57,759 - INFO - Evaluating RandomForest on CTGAN_HYBRID...
2025-05-08 18:47:57,764 - INFO - Predictions completed for RandomForest on CTGAN_HYBRID
2025-05-08 18:47:57,764 - INFO - Prediction distribution for RandomForest on CTGAN_HYBRID: {'Y': 99, 'N': 45}
2025-05-08 18:47:57,781 - INFO - Computed 8 metric(s) for RandomForest on CTGAN_HYBRID
2025-05-08 18:47:57,781 - INFO - Evaluating RandomForest on GaussianCopula_HYBRID...
2025-05-08 18:47:57,786 - INFO - Predictions completed for RandomForest on GaussianCopula_HYBRID
2025-05-08 18:47:57,787 - INFO - Prediction distribution for RandomForest on GaussianCopula_HYBRID: {'Y': 126, 'N': 18}
2025-05-08 18:47:57,804 - INFO - Computed 8 metric(s) for RandomForest on GaussianCopula_HYBRID
2025-05-08 18:47:57,804 - INFO - Preparing evaluation for model 'SVM' across all datasets...
2025-05-08 18:47:57,804 - INFO - Evaluating SVM on Original...
2025-05-08 18:47:57,806 - INFO - Predictions completed for SVM on Original
2025-05-08 18:47:57,806 - INFO - Prediction distribution for SVM on Original: {'Y': 144}
2025-05-08 18:47:57,806 - WARNING -  [WARNING] :SVM on Original predicted only one class: {'Y'}
2025-05-08 18:47:57,808 - WARNING - [UndefinedMetricWarning] Precision is ill-defined and being set to 0.0 in labels with no predicted samples. Use `zero_division` parameter to control this behavior. (from /mnt/NVMETank/Projects/Students/Dele/A-STUDY-INTO-THE-QUALITY-AND-USABILITY-OF-PRIVACY-FRIENDLY-SYNTHETIC-DATA/.venv/lib/python3.12/site-packages/sklearn/metrics/_classification.py:1565)
2025-05-08 18:47:57,809 - WARNING - [UndefinedMetricWarning] Precision is ill-defined and being set to 0.0 in labels with no predicted samples. Use `zero_division` parameter to control this behavior. (from /mnt/NVMETank/Projects/Students/Dele/A-STUDY-INTO-THE-QUALITY-AND-USABILITY-OF-PRIVACY-FRIENDLY-SYNTHETIC-DATA/.venv/lib/python3.12/site-packages/sklearn/metrics/_classification.py:1565)
2025-05-08 18:47:57,810 - WARNING - [UndefinedMetricWarning] Precision is ill-defined and being set to 0.0 in labels with no predicted samples. Use `zero_division` parameter to control this behavior. (from /mnt/NVMETank/Projects/Students/Dele/A-STUDY-INTO-THE-QUALITY-AND-USABILITY-OF-PRIVACY-FRIENDLY-SYNTHETIC-DATA/.venv/lib/python3.12/site-packages/sklearn/metrics/_classification.py:1565)
2025-05-08 18:47:57,812 - INFO - Computed 8 metric(s) for SVM on Original
2025-05-08 18:47:57,812 - INFO - Evaluating SVM on Anonymous...
2025-05-08 18:47:57,814 - INFO - Predictions completed for SVM on Anonymous
2025-05-08 18:47:57,814 - INFO - Prediction distribution for SVM on Anonymous: {'Y': 144}
2025-05-08 18:47:57,814 - WARNING -  [WARNING] :SVM on Anonymous predicted only one class: {'Y'}
2025-05-08 18:47:57,816 - WARNING - [UndefinedMetricWarning] Precision is ill-defined and being set to 0.0 in labels with no predicted samples. Use `zero_division` parameter to control this behavior. (from /mnt/NVMETank/Projects/Students/Dele/A-STUDY-INTO-THE-QUALITY-AND-USABILITY-OF-PRIVACY-FRIENDLY-SYNTHETIC-DATA/.venv/lib/python3.12/site-packages/sklearn/metrics/_classification.py:1565)
2025-05-08 18:47:57,817 - WARNING - [UndefinedMetricWarning] Precision is ill-defined and being set to 0.0 in labels with no predicted samples. Use `zero_division` parameter to control this behavior. (from /mnt/NVMETank/Projects/Students/Dele/A-STUDY-INTO-THE-QUALITY-AND-USABILITY-OF-PRIVACY-FRIENDLY-SYNTHETIC-DATA/.venv/lib/python3.12/site-packages/sklearn/metrics/_classification.py:1565)
2025-05-08 18:47:57,819 - WARNING - [UndefinedMetricWarning] Precision is ill-defined and being set to 0.0 in labels with no predicted samples. Use `zero_division` parameter to control this behavior. (from /mnt/NVMETank/Projects/Students/Dele/A-STUDY-INTO-THE-QUALITY-AND-USABILITY-OF-PRIVACY-FRIENDLY-SYNTHETIC-DATA/.venv/lib/python3.12/site-packages/sklearn/metrics/_classification.py:1565)
2025-05-08 18:47:57,820 - INFO - Computed 8 metric(s) for SVM on Anonymous
2025-05-08 18:47:57,820 - INFO - Evaluating SVM on CTGAN_HYBRID...
2025-05-08 18:47:57,822 - INFO - Predictions completed for SVM on CTGAN_HYBRID
2025-05-08 18:47:57,823 - INFO - Prediction distribution for SVM on CTGAN_HYBRID: {'Y': 142, 'N': 2}
2025-05-08 18:47:57,828 - INFO - Computed 8 metric(s) for SVM on CTGAN_HYBRID
2025-05-08 18:47:57,828 - INFO - Evaluating SVM on GaussianCopula_HYBRID...
2025-05-08 18:47:57,830 - INFO - Predictions completed for SVM on GaussianCopula_HYBRID
2025-05-08 18:47:57,831 - INFO - Prediction distribution for SVM on GaussianCopula_HYBRID: {'Y': 144}
2025-05-08 18:47:57,831 - WARNING -  [WARNING] :SVM on GaussianCopula_HYBRID predicted only one class: {'Y'}
2025-05-08 18:47:57,832 - WARNING - [UndefinedMetricWarning] Precision is ill-defined and being set to 0.0 in labels with no predicted samples. Use `zero_division` parameter to control this behavior. (from /mnt/NVMETank/Projects/Students/Dele/A-STUDY-INTO-THE-QUALITY-AND-USABILITY-OF-PRIVACY-FRIENDLY-SYNTHETIC-DATA/.venv/lib/python3.12/site-packages/sklearn/metrics/_classification.py:1565)
2025-05-08 18:47:57,834 - WARNING - [UndefinedMetricWarning] Precision is ill-defined and being set to 0.0 in labels with no predicted samples. Use `zero_division` parameter to control this behavior. (from /mnt/NVMETank/Projects/Students/Dele/A-STUDY-INTO-THE-QUALITY-AND-USABILITY-OF-PRIVACY-FRIENDLY-SYNTHETIC-DATA/.venv/lib/python3.12/site-packages/sklearn/metrics/_classification.py:1565)
2025-05-08 18:47:57,835 - WARNING - [UndefinedMetricWarning] Precision is ill-defined and being set to 0.0 in labels with no predicted samples. Use `zero_division` parameter to control this behavior. (from /mnt/NVMETank/Projects/Students/Dele/A-STUDY-INTO-THE-QUALITY-AND-USABILITY-OF-PRIVACY-FRIENDLY-SYNTHETIC-DATA/.venv/lib/python3.12/site-packages/sklearn/metrics/_classification.py:1565)
2025-05-08 18:47:57,836 - INFO - Computed 8 metric(s) for SVM on GaussianCopula_HYBRID
2025-05-08 18:47:57,840 - INFO - Evaluation completed for all models.
2025-05-08 18:47:57,840 - INFO - Model evaluation completed in 0.27 seconds.
2025-05-08 18:47:57,842 - INFO - Evaluated models: ['DecisionTree', 'KNN', 'LogisticRegression', 'RandomForest', 'SVM']
2025-05-08 18:47:57,842 - INFO - Model Training and Evaluation completed.
2025-05-08 18:47:58,514 - INFO -  Visualizations saved.
2025-05-08 18:47:58,514 - INFO -  Benchmarking Completed. Results saved in output folder.
