2025-05-08 18:25:27,325 - INFO - Loaded config file: configs/generated_configs/studentPerformance/studentPerformance_anon_k20_sl0p5_l2.yaml
2025-05-08 18:25:27,325 - INFO -  Benchmarking started for dataset: studentPerformance
2025-05-08 18:25:27,325 - INFO - Using dataset path: /mnt/NVMETank/Projects/Students/Dele/A-STUDY-INTO-THE-QUALITY-AND-USABILITY-OF-PRIVACY-FRIENDLY-SYNTHETIC-DATA/datasets/original/studentPerformance.csv
2025-05-08 18:25:27,325 - INFO - Target column: Target, separator: ';'
2025-05-08 18:25:27,325 - INFO - Configuration loaded: enable_anonymization = True, enable_synthesis = False, enable_hybrid = True, enable_utility = True, delete_after_evaluation = False
2025-05-08 18:25:27,325 - INFO - Running preprocessing...
2025-05-08 18:25:27,331 - INFO -  [PREPROCESSING] Preprocessed files found. Skipping preprocessing.
2025-05-08 18:25:27,353 - INFO - Preprocessing completed. Rows before: 4424, after: 3096
2025-05-08 18:25:27,353 - INFO - Preprocessed data saved to: outputs/batch/studentPerformance_batch_2025-05-08_17-32-48/studentPerformance_anon_k20_sl0p5_l2/preprocessing_report.txt
2025-05-08 18:25:27,353 - INFO - enable_anonymization = True
2025-05-08 18:25:27,353 - INFO - Starting Anonymization Pipeline with output path: /mnt/NVMETank/Projects/Students/Dele/A-STUDY-INTO-THE-QUALITY-AND-USABILITY-OF-PRIVACY-FRIENDLY-SYNTHETIC-DATA/datasets/anonymized/studentPerformance_k20_l2_sup50_anonymized.csv.......
2025-05-08 18:25:27,359 - INFO -  [ANONYMIZATION] Executing run_anonymization, config_path : configs/generated_configs/studentPerformance/studentPerformance_anon_k20_sl0p5_l2.yaml...........
2025-05-08 18:25:27,359 - INFO -  [ANONYMIZATION] Using JAR file at /mnt/NVMETank/Projects/Students/Dele/A-STUDY-INTO-THE-QUALITY-AND-USABILITY-OF-PRIVACY-FRIENDLY-SYNTHETIC-DATA/src/anonymization/anonymARXij/bin/anonymARXij.jar to anonymize the dataset.
2025-05-08 18:25:30,123 - INFO -  [ANONYMIZATION] Anonimized file saved to : /mnt/NVMETank/Projects/Students/Dele/A-STUDY-INTO-THE-QUALITY-AND-USABILITY-OF-PRIVACY-FRIENDLY-SYNTHETIC-DATA/datasets/anonymized/studentPerformance_k20_l2_sup50_anonymized.csv
2025-05-08 18:25:30,123 - INFO -  [ANONYMIZATION] Java anonymization completed successfully.
2025-05-08 18:25:30,124 - INFO -  [ANONYMIZATION] Java STDOUT:
📄 Java received config path: /mnt/NVMETank/Projects/Students/Dele/A-STUDY-INTO-THE-QUALITY-AND-USABILITY-OF-PRIVACY-FRIENDLY-SYNTHETIC-DATA/configs/generated_configs/studentPerformance/studentPerformance_anon_k20_sl0p5_l2.yaml
🔹 Loading config from: /mnt/NVMETank/Projects/Students/Dele/A-STUDY-INTO-THE-QUALITY-AND-USABILITY-OF-PRIVACY-FRIENDLY-SYNTHETIC-DATA/configs/generated_configs/studentPerformance/studentPerformance_anon_k20_sl0p5_l2.yaml
Loading config from: /mnt/NVMETank/Projects/Students/Dele/A-STUDY-INTO-THE-QUALITY-AND-USABILITY-OF-PRIVACY-FRIENDLY-SYNTHETIC-DATA/configs/generated_configs/studentPerformance/studentPerformance_anon_k20_sl0p5_l2.yaml
📂 Dataset Path (from args): /mnt/NVMETank/Projects/Students/Dele/A-STUDY-INTO-THE-QUALITY-AND-USABILITY-OF-PRIVACY-FRIENDLY-SYNTHETIC-DATA/datasets/train/studentPerformance_train_raw.csv
🔹 Dataset Separator: ;
🔹 Suppression Limit: 0.5

🔹 Configured Attributes:
  ✅ Quasi-Identifier: Age at enrollment
  ✅ Quasi-Identifier: Gender
  ✅ Quasi-Identifier: Nacionality
  ✅ Quasi-Identifier: Marital status
  ✅ Quasi-Identifier: Course
  ✅ Quasi-Identifier: Previous qualification
  ✅ Quasi-Identifier: Educational special needs
  ✅ Quasi-Identifier: International
  ✅ Sensitive Attribute: Scholarship_holder
  ✅ Insensitive Attribute: Debtor
  ✅ Insensitive Attribute: Tuition fees up to date
  ✅ Insensitive Attribute: Application mode
  ✅ Insensitive Attribute: Application order
  ✅ Insensitive Attribute: Admission grade
  ✅ Insensitive Attribute: Daytime/evening attendance
  ✅ Insensitive Attribute: Previous qualification (grade)
  ✅ Insensitive Attribute: Mother's qualification
  ✅ Insensitive Attribute: Father's qualification
  ✅ Insensitive Attribute: Mother's occupation
  ✅ Insensitive Attribute: Father's occupation
  ✅ Insensitive Attribute: Unemployment rate
  ✅ Insensitive Attribute: Inflation rate
  ✅ Insensitive Attribute: GDP
  ✅ Insensitive Attribute: Displaced
  ✅ Insensitive Attribute: Curricular units 1st sem (credited)
  ✅ Insensitive Attribute: Curricular units 1st sem (enrolled)
  ✅ Insensitive Attribute: Curricular units 1st sem (evaluations)
  ✅ Insensitive Attribute: Curricular units 1st sem (approved)
  ✅ Insensitive Attribute: Curricular units 1st sem (grade)
  ✅ Insensitive Attribute: Curricular units 1st sem (without evaluations)
  ✅ Insensitive Attribute: Curricular units 2nd sem (credited)
  ✅ Insensitive Attribute: Curricular units 2nd sem (enrolled)
  ✅ Insensitive Attribute: Curricular units 2nd sem (evaluations)
  ✅ Insensitive Attribute: Curricular units 2nd sem (approved)
  ✅ Insensitive Attribute: Curricular units 2nd sem (grade)
  ✅ Insensitive Attribute: Curricular units 2nd sem (without evaluations)
  ✅ Insensitive Attribute: Target

🔹 Defined Hierarchies:
  ✅ Age at enrollment -> /mnt/NVMETank/Projects/Students/Dele/A-STUDY-INTO-THE-QUALITY-AND-USABILITY-OF-PRIVACY-FRIENDLY-SYNTHETIC-DATA/src/anonymization/anonymARXij/src/hierarchies_studentPerformance/age_enrollment.csv
  ✅ Marital status -> /mnt/NVMETank/Projects/Students/Dele/A-STUDY-INTO-THE-QUALITY-AND-USABILITY-OF-PRIVACY-FRIENDLY-SYNTHETIC-DATA/src/anonymization/anonymARXij/src/hierarchies_studentPerformance/marital_status.csv
  ✅ Educational special needs -> /mnt/NVMETank/Projects/Students/Dele/A-STUDY-INTO-THE-QUALITY-AND-USABILITY-OF-PRIVACY-FRIENDLY-SYNTHETIC-DATA/src/anonymization/anonymARXij/src/hierarchies_studentPerformance/educational_special_needs.csv
  ✅ Gender -> /mnt/NVMETank/Projects/Students/Dele/A-STUDY-INTO-THE-QUALITY-AND-USABILITY-OF-PRIVACY-FRIENDLY-SYNTHETIC-DATA/src/anonymization/anonymARXij/src/hierarchies_studentPerformance/gender.csv
  ✅ Course -> /mnt/NVMETank/Projects/Students/Dele/A-STUDY-INTO-THE-QUALITY-AND-USABILITY-OF-PRIVACY-FRIENDLY-SYNTHETIC-DATA/src/anonymization/anonymARXij/src/hierarchies_studentPerformance/course.csv
  ✅ Nacionality -> /mnt/NVMETank/Projects/Students/Dele/A-STUDY-INTO-THE-QUALITY-AND-USABILITY-OF-PRIVACY-FRIENDLY-SYNTHETIC-DATA/src/anonymization/anonymARXij/src/hierarchies_studentPerformance/nationality.csv
  ✅ Previous qualification -> /mnt/NVMETank/Projects/Students/Dele/A-STUDY-INTO-THE-QUALITY-AND-USABILITY-OF-PRIVACY-FRIENDLY-SYNTHETIC-DATA/src/anonymization/anonymARXij/src/hierarchies_studentPerformance/previous_qualification.csv
  ✅ International -> /mnt/NVMETank/Projects/Students/Dele/A-STUDY-INTO-THE-QUALITY-AND-USABILITY-OF-PRIVACY-FRIENDLY-SYNTHETIC-DATA/src/anonymization/anonymARXij/src/hierarchies_studentPerformance/international.csv
Java is searching for hierarchy file at: /mnt/NVMETank/Projects/Students/Dele/A-STUDY-INTO-THE-QUALITY-AND-USABILITY-OF-PRIVACY-FRIENDLY-SYNTHETIC-DATA/src/anonymization/anonymARXij/src/hierarchies_studentPerformance/age_enrollment.csv
Java is searching for hierarchy file at: /mnt/NVMETank/Projects/Students/Dele/A-STUDY-INTO-THE-QUALITY-AND-USABILITY-OF-PRIVACY-FRIENDLY-SYNTHETIC-DATA/src/anonymization/anonymARXij/src/hierarchies_studentPerformance/marital_status.csv
Java is searching for hierarchy file at: /mnt/NVMETank/Projects/Students/Dele/A-STUDY-INTO-THE-QUALITY-AND-USABILITY-OF-PRIVACY-FRIENDLY-SYNTHETIC-DATA/src/anonymization/anonymARXij/src/hierarchies_studentPerformance/educational_special_needs.csv
Java is searching for hierarchy file at: /mnt/NVMETank/Projects/Students/Dele/A-STUDY-INTO-THE-QUALITY-AND-USABILITY-OF-PRIVACY-FRIENDLY-SYNTHETIC-DATA/src/anonymization/anonymARXij/src/hierarchies_studentPerformance/gender.csv
Java is searching for hierarchy file at: /mnt/NVMETank/Projects/Students/Dele/A-STUDY-INTO-THE-QUALITY-AND-USABILITY-OF-PRIVACY-FRIENDLY-SYNTHETIC-DATA/src/anonymization/anonymARXij/src/hierarchies_studentPerformance/course.csv
Java is searching for hierarchy file at: /mnt/NVMETank/Projects/Students/Dele/A-STUDY-INTO-THE-QUALITY-AND-USABILITY-OF-PRIVACY-FRIENDLY-SYNTHETIC-DATA/src/anonymization/anonymARXij/src/hierarchies_studentPerformance/nationality.csv
Java is searching for hierarchy file at: /mnt/NVMETank/Projects/Students/Dele/A-STUDY-INTO-THE-QUALITY-AND-USABILITY-OF-PRIVACY-FRIENDLY-SYNTHETIC-DATA/src/anonymization/anonymARXij/src/hierarchies_studentPerformance/previous_qualification.csv
Java is searching for hierarchy file at: /mnt/NVMETank/Projects/Students/Dele/A-STUDY-INTO-THE-QUALITY-AND-USABILITY-OF-PRIVACY-FRIENDLY-SYNTHETIC-DATA/src/anonymization/anonymARXij/src/hierarchies_studentPerformance/international.csv
✓ Applied Distinct L-Diversity on: Scholarship_holder (l=2)
🔹 Privacy Models Configured
📂 Anonymized Output Path (from args): /mnt/NVMETank/Projects/Students/Dele/A-STUDY-INTO-THE-QUALITY-AND-USABILITY-OF-PRIVACY-FRIENDLY-SYNTHETIC-DATA/datasets/anonymized/studentPerformance_k20_l2_sup50_anonymized.csv
📂 Anonymized Output Path: /mnt/NVMETank/Projects/Students/Dele/A-STUDY-INTO-THE-QUALITY-AND-USABILITY-OF-PRIVACY-FRIENDLY-SYNTHETIC-DATA/datasets/anonymized/studentPerformance_k20_l2_sup50_anonymized.csv
✅ Anonymization completed. Output saved to: /mnt/NVMETank/Projects/Students/Dele/A-STUDY-INTO-THE-QUALITY-AND-USABILITY-OF-PRIVACY-FRIENDLY-SYNTHETIC-DATA/datasets/anonymized/studentPerformance_k20_l2_sup50_anonymized.csv
Anonymized Data Quality Metrics:
 - Ambiguity: 0.909778320639154
 - AECS: 0.9473875026307482
 - Discernibility: 0.8082103352891727
 - Granularity: 0.72084813659826
 - MSE: 0.6874578091270634
 - Non-Uniform Entropy: 0.3533134733201174
 - Precision: 0.5921955749353921
 - Record-level SE: 0.7047952521352256
Equivalence Class Statistics:
 - Number of Classes: 17
 - Average Class Size: 165.7058823529412
Suppression Statistics:
 - Suppressed Records: 279
 - Suppression Percentage: 9.01%
2025-05-08 18:25:30,124 - INFO - Anonymized data saved to: /mnt/NVMETank/Projects/Students/Dele/A-STUDY-INTO-THE-QUALITY-AND-USABILITY-OF-PRIVACY-FRIENDLY-SYNTHETIC-DATA/datasets/anonymized/studentPerformance_k20_l2_sup50_anonymized.csv
2025-05-08 18:25:30,148 - INFO - Anonymous data report saved at: outputs/batch/studentPerformance_batch_2025-05-08_17-32-48/studentPerformance_anon_k20_sl0p5_l2/anonymous_data_report.txt
2025-05-08 18:25:30,149 - INFO -  [POSTPROCESSING] Postprocessing anonymized data: /mnt/NVMETank/Projects/Students/Dele/A-STUDY-INTO-THE-QUALITY-AND-USABILITY-OF-PRIVACY-FRIENDLY-SYNTHETIC-DATA/datasets/anonymized/studentPerformance_k20_l2_sup50_anonymized.csv
2025-05-08 18:25:30,159 - INFO -  [POSTPROCESSING] Loaded anonymized data: (3096, 37)
2025-05-08 18:25:30,173 - INFO -  [POSTPROCESSING] Loaded fallback maps from training data. Categorical cols: 1, Numeric cols: 36
2025-05-08 18:25:30,174 - INFO -  [POSTPROCESSING] Normalizing anonymized data using ARX artifact cleaning and fallback values.
2025-05-08 18:25:30,437 - INFO -  [POSTPROCESSING] Normalized anonymized data saved to: /mnt/NVMETank/Projects/Students/Dele/A-STUDY-INTO-THE-QUALITY-AND-USABILITY-OF-PRIVACY-FRIENDLY-SYNTHETIC-DATA/datasets/anonymized/studentPerformance_k20_l2_sup50_anonymized_processed.csv
2025-05-08 18:25:30,437 - INFO -  [POSTPROCESSING] No encoder present. Skipping encoding of anonymized data.Will use processed anonymous data directly
2025-05-08 18:25:30,437 - INFO - Postprocessing report saved at: outputs/batch/studentPerformance_batch_2025-05-08_17-32-48/studentPerformance_anon_k20_sl0p5_l2/postprocessing_report.txt
2025-05-08 18:25:30,437 - INFO - enable_synthetic_generation = False
2025-05-08 18:25:30,438 - INFO - Synthetic Data Generation Skipped (Disabled in Configuration).
2025-05-08 18:25:30,438 - INFO - Running Hybrid Pipeline...
2025-05-08 18:25:30,438 - INFO -  [HYBRID] Executing run_hybrid...
2025-05-08 18:25:30,438 - INFO -  [HYBRID] Looking for encoded anonymized data in /mnt/NVMETank/Projects/Students/Dele/A-STUDY-INTO-THE-QUALITY-AND-USABILITY-OF-PRIVACY-FRIENDLY-SYNTHETIC-DATA/datasets/anonymized/studentPerformance_k20_l2_sup50_anonymized_encoded.csv
2025-05-08 18:25:30,438 - INFO -  [HYBRID] Attempting post-processing of /mnt/NVMETank/Projects/Students/Dele/A-STUDY-INTO-THE-QUALITY-AND-USABILITY-OF-PRIVACY-FRIENDLY-SYNTHETIC-DATA/datasets/anonymized/studentPerformance_k20_l2_sup50_anonymized.csv …
2025-05-08 18:25:30,438 - INFO -  [POSTPROCESSING] Postprocessing anonymized data: /mnt/NVMETank/Projects/Students/Dele/A-STUDY-INTO-THE-QUALITY-AND-USABILITY-OF-PRIVACY-FRIENDLY-SYNTHETIC-DATA/datasets/anonymized/studentPerformance_k20_l2_sup50_anonymized.csv
2025-05-08 18:25:30,445 - INFO -  [POSTPROCESSING] Loaded anonymized data: (3096, 37)
2025-05-08 18:25:30,455 - INFO -  [POSTPROCESSING] Loaded fallback maps from training data. Categorical cols: 1, Numeric cols: 36
2025-05-08 18:25:30,455 - INFO -  [POSTPROCESSING] Normalizing anonymized data using ARX artifact cleaning and fallback values.
2025-05-08 18:25:30,711 - INFO -  [POSTPROCESSING] Normalized anonymized data saved to: /mnt/NVMETank/Projects/Students/Dele/A-STUDY-INTO-THE-QUALITY-AND-USABILITY-OF-PRIVACY-FRIENDLY-SYNTHETIC-DATA/datasets/anonymized/studentPerformance_k20_l2_sup50_anonymized_processed.csv
2025-05-08 18:25:30,711 - INFO -  [POSTPROCESSING] No encoder present. Skipping encoding of anonymized data.Will use processed anonymous data directly
2025-05-08 18:25:30,740 - INFO -  [HYBRID] Post-processing successful!
2025-05-08 18:25:30,740 - INFO -  [HYBRID] Encoded anon data saved to /mnt/NVMETank/Projects/Students/Dele/A-STUDY-INTO-THE-QUALITY-AND-USABILITY-OF-PRIVACY-FRIENDLY-SYNTHETIC-DATA/datasets/anonymized/studentPerformance_k20_l2_sup50_anonymized_encoded.csv
2025-05-08 18:25:30,740 - INFO -  [HYBRID] Starting synthetic generation for hybrid pipeline...
2025-05-08 18:25:30,740 - INFO - Executing run_synthetic.....
2025-05-08 18:25:30,740 - INFO - [SYNTHETIC PIPELINE] executing run_synthetic for studentPerformance_k20_l2_sup50...
2025-05-08 18:25:30,740 - INFO - [SYNTHETIC] Processing dataset: studentPerformance_k20_l2_sup50
2025-05-08 18:25:30,740 - INFO - [SYNTHETIC] Original dataset size: 3096 rows
2025-05-08 18:25:30,780 - INFO - Detected metadata:
2025-05-08 18:25:30,780 - INFO - {
    "columns": {
        "Marital status": {
            "sdtype": "categorical"
        },
        "Application mode": {
            "sdtype": "categorical"
        },
        "Application order": {
            "sdtype": "categorical"
        },
        "Course": {
            "sdtype": "categorical"
        },
        "Daytime/evening attendance": {
            "sdtype": "categorical"
        },
        "Previous qualification": {
            "sdtype": "categorical"
        },
        "Previous qualification (grade)": {
            "sdtype": "categorical"
        },
        "Nacionality": {
            "sdtype": "categorical"
        },
        "Mother's qualification": {
            "sdtype": "categorical"
        },
        "Father's qualification": {
            "sdtype": "categorical"
        },
        "Mother's occupation": {
            "sdtype": "categorical"
        },
        "Father's occupation": {
            "sdtype": "categorical"
        },
        "Admission grade": {
            "sdtype": "categorical"
        },
        "Displaced": {
            "sdtype": "categorical"
        },
        "Educational special needs": {
            "sdtype": "categorical"
        },
        "Debtor": {
            "sdtype": "categorical"
        },
        "Tuition fees up to date": {
            "sdtype": "categorical"
        },
        "Gender": {
            "sdtype": "categorical"
        },
        "Scholarship_holder": {
            "sdtype": "categorical"
        },
        "Age at enrollment": {
            "sdtype": "categorical"
        },
        "International": {
            "sdtype": "categorical"
        },
        "Curricular units 1st sem (credited)": {
            "sdtype": "categorical"
        },
        "Curricular units 1st sem (enrolled)": {
            "sdtype": "categorical"
        },
        "Curricular units 1st sem (evaluations)": {
            "sdtype": "categorical"
        },
        "Curricular units 1st sem (approved)": {
            "sdtype": "categorical"
        },
        "Curricular units 1st sem (grade)": {
            "sdtype": "categorical"
        },
        "Curricular units 1st sem (without evaluations)": {
            "sdtype": "categorical"
        },
        "Curricular units 2nd sem (credited)": {
            "sdtype": "categorical"
        },
        "Curricular units 2nd sem (enrolled)": {
            "sdtype": "categorical"
        },
        "Curricular units 2nd sem (evaluations)": {
            "sdtype": "categorical"
        },
        "Curricular units 2nd sem (approved)": {
            "sdtype": "categorical"
        },
        "Curricular units 2nd sem (grade)": {
            "sdtype": "categorical"
        },
        "Curricular units 2nd sem (without evaluations)": {
            "sdtype": "categorical"
        },
        "Unemployment rate": {
            "sdtype": "categorical"
        },
        "Inflation rate": {
            "sdtype": "categorical"
        },
        "GDP": {
            "sdtype": "categorical"
        },
        "Target": {
            "sdtype": "categorical"
        }
    },
    "METADATA_SPEC_VERSION": "SINGLE_TABLE_V1"
}
2025-05-08 18:25:30,781 - INFO - [SYNTHETIC] Preparing synthesizer: CTGAN
2025-05-08 18:25:30,781 - INFO - [SYNTHETIC] Params from config: {'epochs': 300}
2025-05-08 18:25:30,781 - INFO -  [SYNTHETIC] No pre-trained synthesizer found
2025-05-08 18:25:30,781 - INFO - [SYNTHETIC] Training new CTGAN synthesizer from scratch...
2025-05-08 18:25:30,781 - WARNING - [FutureWarning] The 'SingleTableMetadata' is deprecated. Please use the new 'Metadata' class for synthesizers. (from /mnt/NVMETank/Projects/Students/Dele/A-STUDY-INTO-THE-QUALITY-AND-USABILITY-OF-PRIVACY-FRIENDLY-SYNTHETIC-DATA/.venv/lib/python3.12/site-packages/sdv/single_table/base.py:119)
2025-05-08 18:25:30,781 - WARNING - [UserWarning] We strongly recommend saving the metadata using 'save_to_json' for replicability in future SDV versions. (from /mnt/NVMETank/Projects/Students/Dele/A-STUDY-INTO-THE-QUALITY-AND-USABILITY-OF-PRIVACY-FRIENDLY-SYNTHETIC-DATA/.venv/lib/python3.12/site-packages/sdv/single_table/base.py:104)
2025-05-08 18:25:30,785 - INFO - {'EVENT': 'Instance', 'TIMESTAMP': datetime.datetime(2025, 5, 8, 18, 25, 30, 785553), 'SYNTHESIZER CLASS NAME': 'CTGANSynthesizer', 'SYNTHESIZER ID': 'CTGANSynthesizer_1.18.0_520cc386e93449f29d832d21f5d9b677'}
2025-05-08 18:25:30,785 - INFO - [SYNTHETIC] CTGAN initialized with epochs: 300
2025-05-08 18:25:30,785 - INFO - [SYNTHETIC] Training parameters for CTGAN: {}
2025-05-08 18:25:30,785 - INFO - [SYNTHETIC] fitting CTGAN 
2025-05-08 18:25:30,785 - INFO - {'EVENT': 'Fit', 'TIMESTAMP': datetime.datetime(2025, 5, 8, 18, 25, 30, 785771), 'SYNTHESIZER CLASS NAME': 'CTGANSynthesizer', 'SYNTHESIZER ID': 'CTGANSynthesizer_1.18.0_520cc386e93449f29d832d21f5d9b677', 'TOTAL NUMBER OF TABLES': 1, 'TOTAL NUMBER OF ROWS': 3096, 'TOTAL NUMBER OF COLUMNS': 37}
2025-05-08 18:25:30,786 - INFO - Fitting table  metadata
2025-05-08 18:25:30,788 - INFO - Fitting formatters for table 
2025-05-08 18:25:30,788 - INFO - Fitting constraints for table 
2025-05-08 18:25:30,788 - INFO - Setting the configuration for the ``HyperTransformer`` for table 
2025-05-08 18:25:30,788 - INFO - Fitting HyperTransformer for table 
2025-05-08 18:25:30,800 - INFO - {'EVENT': 'Fit processed data', 'TIMESTAMP': datetime.datetime(2025, 5, 8, 18, 25, 30, 800166), 'SYNTHESIZER CLASS NAME': 'CTGANSynthesizer', 'SYNTHESIZER ID': 'CTGANSynthesizer_1.18.0_520cc386e93449f29d832d21f5d9b677', 'TOTAL NUMBER OF TABLES': 1, 'TOTAL NUMBER OF ROWS': 3096, 'TOTAL NUMBER OF COLUMNS': 37}
2025-05-08 18:27:05,204 - ERROR - [HYBRID] run_synthetic failed: CUDA error: unspecified launch failure
CUDA kernel errors might be asynchronously reported at some other API call, so the stacktrace below might be incorrect.
For debugging consider passing CUDA_LAUNCH_BLOCKING=1
Compile with `TORCH_USE_CUDA_DSA` to enable device-side assertions.

2025-05-08 18:27:05,219 - INFO - Hybrid pipeline completed successfully.
2025-05-08 18:27:05,219 - INFO - Hybrid pipeline duration: 94.78 seconds
2025-05-08 18:27:05,224 - INFO - Starting Utility...
2025-05-08 18:27:05,224 - INFO - [UTILITY] Preparing datasets for machine learning...
2025-05-08 18:27:05,226 - INFO - [UTILITY] Original Data - Training Size: 3096, Testing Size: 1328
2025-05-08 18:27:05,227 - INFO - [UTILITY] Target class distribution (Original): {'Graduate': 1546, 'Dropout': 994, 'Enrolled': 556}
2025-05-08 18:27:05,230 - INFO - [UTILITY] Processing anonymized dataset...
2025-05-08 18:27:05,233 - INFO - [UTILITY] Anonymized Data - Training Size: 3096
2025-05-08 18:27:05,236 - INFO - [UTILITY] Target class distribution (Anonymous): {'Graduate': 1546, 'Dropout': 994, 'Enrolled': 556}
2025-05-08 18:27:05,236 - INFO - [UTILITY] Training models on all datasets...
2025-05-08 18:27:05,236 - INFO - [UTILITY] Total datasets used for training: 2
2025-05-08 18:27:05,236 - INFO - [TRAINING] Training models from scratch...
2025-05-08 18:27:05,236 - INFO - [TRAINING] Starting training for dataset: Original — Rows: 3096, Features: 36
2025-05-08 18:27:05,236 - INFO - [TRAINING] Training DecisionTree on Original...
2025-05-08 18:27:05,281 - INFO - [TRAINING] DecisionTree trained successfully on Original in 0.04 sec
2025-05-08 18:27:05,281 - INFO - [TRAINING] Training KNN on Original...
2025-05-08 18:27:05,285 - INFO - [TRAINING] KNN trained successfully on Original in 0.00 sec
2025-05-08 18:27:05,285 - INFO - [TRAINING] Training LogisticRegression on Original...
2025-05-08 18:27:05,419 - INFO - [TRAINING] LogisticRegression trained successfully on Original in 0.13 sec
2025-05-08 18:27:05,419 - INFO - [TRAINING] Training RandomForest on Original...
2025-05-08 18:27:05,876 - INFO - [TRAINING] RandomForest trained successfully on Original in 0.46 sec
2025-05-08 18:27:05,876 - INFO - [TRAINING] Finished training 4 model(s) for dataset: Original
2025-05-08 18:27:05,876 - INFO - [TRAINING] Starting training for dataset: Anonymous — Rows: 3096, Features: 36
2025-05-08 18:27:05,876 - INFO - [TRAINING] Training DecisionTree on Anonymous...
2025-05-08 18:27:05,907 - INFO - [TRAINING] DecisionTree trained successfully on Anonymous in 0.03 sec
2025-05-08 18:27:05,907 - INFO - [TRAINING] Training KNN on Anonymous...
2025-05-08 18:27:05,916 - INFO - [TRAINING] KNN trained successfully on Anonymous in 0.01 sec
2025-05-08 18:27:05,916 - INFO - [TRAINING] Training LogisticRegression on Anonymous...
2025-05-08 18:27:05,955 - INFO - [TRAINING] LogisticRegression trained successfully on Anonymous in 0.04 sec
2025-05-08 18:27:05,955 - INFO - [TRAINING] Training RandomForest on Anonymous...
2025-05-08 18:27:06,341 - INFO - [TRAINING] RandomForest trained successfully on Anonymous in 0.39 sec
2025-05-08 18:27:06,342 - INFO - [TRAINING] Finished training 4 model(s) for dataset: Anonymous
2025-05-08 18:27:06,342 - INFO - [TRAINING] Total models trained across all datasets: 8
2025-05-08 18:27:06,342 - INFO - [UTILITY] Trained model names: ['Original', 'Anonymous']
2025-05-08 18:27:06,342 - INFO - [UTILITY] Model Training Completed.
2025-05-08 18:27:06,342 - INFO - Starting the Evaluating of models...
2025-05-08 18:27:06,342 - INFO - Preparing evaluation for model 'DecisionTree' across all datasets...
2025-05-08 18:27:06,342 - INFO - Evaluating DecisionTree on Original...
2025-05-08 18:27:06,344 - INFO - Predictions completed for DecisionTree on Original
2025-05-08 18:27:06,344 - INFO - Prediction distribution for DecisionTree on Original: {'Graduate': 609, 'Dropout': 411, 'Enrolled': 308}
2025-05-08 18:27:06,362 - INFO - Computed 8 metric(s) for DecisionTree on Original
2025-05-08 18:27:06,362 - INFO - Evaluating DecisionTree on Anonymous...
2025-05-08 18:27:06,363 - INFO - Predictions completed for DecisionTree on Anonymous
2025-05-08 18:27:06,364 - INFO - Prediction distribution for DecisionTree on Anonymous: {'Graduate': 634, 'Dropout': 398, 'Enrolled': 296}
2025-05-08 18:27:06,381 - INFO - Computed 8 metric(s) for DecisionTree on Anonymous
2025-05-08 18:27:06,381 - INFO - Preparing evaluation for model 'KNN' across all datasets...
2025-05-08 18:27:06,381 - INFO - Evaluating KNN on Original...
2025-05-08 18:27:06,521 - INFO - Predictions completed for KNN on Original
2025-05-08 18:27:06,521 - INFO - Prediction distribution for KNN on Original: {'Graduate': 717, 'Dropout': 397, 'Enrolled': 214}
2025-05-08 18:27:06,551 - INFO - Computed 8 metric(s) for KNN on Original
2025-05-08 18:27:06,551 - INFO - Evaluating KNN on Anonymous...
2025-05-08 18:27:06,584 - INFO - Predictions completed for KNN on Anonymous
2025-05-08 18:27:06,584 - INFO - Prediction distribution for KNN on Anonymous: {'Graduate': 764, 'Dropout': 365, 'Enrolled': 199}
2025-05-08 18:27:06,619 - INFO - Computed 8 metric(s) for KNN on Anonymous
2025-05-08 18:27:06,619 - INFO - Preparing evaluation for model 'LogisticRegression' across all datasets...
2025-05-08 18:27:06,619 - INFO - Evaluating LogisticRegression on Original...
2025-05-08 18:27:06,621 - INFO - Predictions completed for LogisticRegression on Original
2025-05-08 18:27:06,621 - INFO - Prediction distribution for LogisticRegression on Original: {'Graduate': 773, 'Dropout': 398, 'Enrolled': 157}
2025-05-08 18:27:06,643 - INFO - Computed 8 metric(s) for LogisticRegression on Original
2025-05-08 18:27:06,643 - INFO - Evaluating LogisticRegression on Anonymous...
2025-05-08 18:27:06,644 - INFO - Predictions completed for LogisticRegression on Anonymous
2025-05-08 18:27:06,645 - INFO - Prediction distribution for LogisticRegression on Anonymous: {'Graduate': 797, 'Dropout': 428, 'Enrolled': 103}
2025-05-08 18:27:06,663 - INFO - Computed 8 metric(s) for LogisticRegression on Anonymous
2025-05-08 18:27:06,663 - INFO - Preparing evaluation for model 'RandomForest' across all datasets...
2025-05-08 18:27:06,663 - INFO - Evaluating RandomForest on Original...
2025-05-08 18:27:06,679 - INFO - Predictions completed for RandomForest on Original
2025-05-08 18:27:06,680 - INFO - Prediction distribution for RandomForest on Original: {'Graduate': 769, 'Dropout': 408, 'Enrolled': 151}
2025-05-08 18:27:06,725 - INFO - Computed 8 metric(s) for RandomForest on Original
2025-05-08 18:27:06,725 - INFO - Evaluating RandomForest on Anonymous...
2025-05-08 18:27:06,741 - INFO - Predictions completed for RandomForest on Anonymous
2025-05-08 18:27:06,741 - INFO - Prediction distribution for RandomForest on Anonymous: {'Graduate': 765, 'Dropout': 403, 'Enrolled': 160}
2025-05-08 18:27:06,786 - INFO - Computed 8 metric(s) for RandomForest on Anonymous
2025-05-08 18:27:06,789 - INFO - Evaluation completed for all models.
2025-05-08 18:27:06,789 - INFO - Model evaluation completed in 0.45 seconds.
2025-05-08 18:27:06,791 - INFO - Evaluated models: ['DecisionTree', 'KNN', 'LogisticRegression', 'RandomForest']
2025-05-08 18:27:06,791 - INFO - Model Training and Evaluation completed.
2025-05-08 18:27:07,269 - INFO -  Visualizations saved.
2025-05-08 18:27:07,269 - INFO -  Benchmarking Completed. Results saved in output folder.
