2025-04-23 01:12:14,938 - INFO - Loaded config file: configs/generated_configs/loan/loan_synth_ep40_rows10x.yaml
2025-04-23 01:12:14,938 - INFO -  Benchmarking started for dataset: loan
2025-04-23 01:12:14,938 - INFO - Using dataset path: /mnt/NVMETank/Projects/Students/Dele/A-STUDY-INTO-THE-QUALITY-AND-USABILITY-OF-PRIVACY-FRIENDLY-SYNTHETIC-DATA/datasets/original/loan.csv
2025-04-23 01:12:14,938 - INFO - Target column: Loan_Status, separator: ','
2025-04-23 01:12:14,938 - INFO - Configuration loaded: enable_anonymization = False, enable_synthesis = True, enable_hybrid = False, enable_utility = True, delete_after_evaluation = True
2025-04-23 01:12:14,938 - INFO - Running preprocessing...
2025-04-23 01:12:14,942 - INFO -  [PREPROCESSING] Preprocessed files found. Skipping preprocessing.
2025-04-23 01:12:14,951 - INFO - Preprocessing completed. Rows before: 614, after: 336
2025-04-23 01:12:14,951 - INFO - Preprocessed data saved to: outputs/batch/loan_batch_2025-04-23_01-09-27/loan_synth_ep40_rows10x/preprocessing_report.txt
2025-04-23 01:12:14,951 - INFO - enable_anonymization = False
2025-04-23 01:12:14,951 - INFO - Anonymization Skipped (Disabled in Configuration).
2025-04-23 01:12:14,951 - INFO - enable_synthetic_generation = True
2025-04-23 01:12:14,951 - INFO - Starting standard Synthetic Data Generation pipeline...
2025-04-23 01:12:14,951 - INFO - Executing run_synthetic.....
2025-04-23 01:12:14,951 - INFO - [SYNTHETIC PIPELINE] executing run_synthetic for loan...
2025-04-23 01:12:14,951 - INFO - [SYNTHETIC] Processing dataset: loan
2025-04-23 01:12:14,951 - INFO - [SYNTHETIC] Original dataset size: 336 rows
2025-04-23 01:12:14,964 - INFO - Detected metadata:
2025-04-23 01:12:14,964 - INFO - {
    "METADATA_SPEC_VERSION": "SINGLE_TABLE_V1",
    "columns": {
        "Loan_ID_0": {
            "sdtype": "categorical"
        },
        "Loan_ID_1": {
            "sdtype": "categorical"
        },
        "Loan_ID_2": {
            "sdtype": "categorical"
        },
        "Loan_ID_3": {
            "sdtype": "categorical"
        },
        "Loan_ID_4": {
            "sdtype": "categorical"
        },
        "Loan_ID_5": {
            "sdtype": "categorical"
        },
        "Loan_ID_6": {
            "sdtype": "categorical"
        },
        "Loan_ID_7": {
            "sdtype": "categorical"
        },
        "Loan_ID_8": {
            "sdtype": "categorical"
        },
        "Gender_0": {
            "sdtype": "categorical"
        },
        "Gender_1": {
            "sdtype": "categorical"
        },
        "Married_0": {
            "sdtype": "categorical"
        },
        "Married_1": {
            "sdtype": "categorical"
        },
        "Dependents_0": {
            "sdtype": "categorical"
        },
        "Dependents_1": {
            "sdtype": "categorical"
        },
        "Dependents_2": {
            "sdtype": "categorical"
        },
        "Education_0": {
            "sdtype": "categorical"
        },
        "Education_1": {
            "sdtype": "categorical"
        },
        "Self_Employed_0": {
            "sdtype": "categorical"
        },
        "Self_Employed_1": {
            "sdtype": "categorical"
        },
        "ApplicantIncome": {
            "sdtype": "numerical"
        },
        "CoapplicantIncome": {
            "sdtype": "numerical"
        },
        "LoanAmount": {
            "sdtype": "numerical"
        },
        "Loan_Amount_Term": {
            "sdtype": "categorical"
        },
        "Credit_History": {
            "sdtype": "categorical"
        },
        "Property_Area_0": {
            "sdtype": "categorical"
        },
        "Property_Area_1": {
            "sdtype": "categorical"
        },
        "Loan_Status": {
            "sdtype": "categorical"
        }
    }
}
2025-04-23 01:12:14,965 - INFO - [SYNTHETIC] Preparing synthesizer: CTGAN
2025-04-23 01:12:14,965 - INFO - [SYNTHETIC] Params from config: {'epochs': 40}
2025-04-23 01:12:14,965 - INFO - [SYNTHETIC] Found existing CTGAN synthesizer: /mnt/NVMETank/Projects/Students/Dele/A-STUDY-INTO-THE-QUALITY-AND-USABILITY-OF-PRIVACY-FRIENDLY-SYNTHETIC-DATA/artifacts/synthesizers/loan_CTGAN_epochs40_synthesizer.pkl
2025-04-23 01:12:15,250 - INFO - {'EVENT': 'Load', 'TIMESTAMP': datetime.datetime(2025, 4, 23, 1, 12, 15, 250870), 'SYNTHESIZER CLASS NAME': 'CTGANSynthesizer', 'SYNTHESIZER ID': 'CTGANSynthesizer_1.18.0_456a5049a8ad4ca09a244277ddfbd28c'}
2025-04-23 01:12:15,251 - INFO - [SYNTHETIC] Preparing synthesizer: TVAE
2025-04-23 01:12:15,251 - INFO - [SYNTHETIC] Params from config: {'epochs': 40}
2025-04-23 01:12:15,251 - INFO - [SYNTHETIC] Found existing TVAE synthesizer: /mnt/NVMETank/Projects/Students/Dele/A-STUDY-INTO-THE-QUALITY-AND-USABILITY-OF-PRIVACY-FRIENDLY-SYNTHETIC-DATA/artifacts/synthesizers/loan_TVAE_epochs40_synthesizer.pkl
2025-04-23 01:12:15,288 - INFO - {'EVENT': 'Load', 'TIMESTAMP': datetime.datetime(2025, 4, 23, 1, 12, 15, 288534), 'SYNTHESIZER CLASS NAME': 'TVAESynthesizer', 'SYNTHESIZER ID': 'TVAESynthesizer_1.18.0_a35c8fcffc1c4e35adf821103a7510b4'}
2025-04-23 01:12:15,288 - INFO - [SYNTHETIC] Using CTGAN to generate 3360 rows...
2025-04-23 01:12:15,820 - INFO - {'EVENT': 'Sample', 'TIMESTAMP': datetime.datetime(2025, 4, 23, 1, 12, 15, 288781), 'SYNTHESIZER CLASS NAME': 'CTGANSynthesizer', 'SYNTHESIZER ID': 'CTGANSynthesizer_1.18.0_456a5049a8ad4ca09a244277ddfbd28c', 'TOTAL NUMBER OF TABLES': 1, 'TOTAL NUMBER OF ROWS': 3360, 'TOTAL NUMBER OF COLUMNS': 28}
2025-04-23 01:12:15,820 - INFO - [SYNTHETIC] CTGAN completed: 3360 rows generated.
2025-04-23 01:12:15,820 - INFO - [SYNTHETIC] Target class distribution for CTGAN: {'Y': 2378, 'N': 982}
2025-04-23 01:12:15,820 - INFO - [SYNTHETIC] Using TVAE to generate 3360 rows...
2025-04-23 01:12:15,904 - INFO - {'EVENT': 'Sample', 'TIMESTAMP': datetime.datetime(2025, 4, 23, 1, 12, 15, 820870), 'SYNTHESIZER CLASS NAME': 'TVAESynthesizer', 'SYNTHESIZER ID': 'TVAESynthesizer_1.18.0_a35c8fcffc1c4e35adf821103a7510b4', 'TOTAL NUMBER OF TABLES': 1, 'TOTAL NUMBER OF ROWS': 3360, 'TOTAL NUMBER OF COLUMNS': 28}
2025-04-23 01:12:15,904 - INFO - [SYNTHETIC] TVAE completed: 3360 rows generated.
2025-04-23 01:12:15,904 - INFO - [SYNTHETIC] Target class distribution for TVAE: {'Y': 3360}
2025-04-23 01:12:15,905 - INFO - [SYNTHETIC PIPELINE] Synthetic Data Generation Completed.
2025-04-23 01:12:15,905 - INFO - [SYNTHETIC PIPELINE] Synthesizers used: ['CTGAN', 'TVAE']
2025-04-23 01:12:15,905 - INFO - [SYNTHETIC PIPELINE] Evaluating synthetic dataset generated by CTGAN...
2025-04-23 01:12:15,905 - INFO - [SYNTHETIC EVAL] Real data columns     (28): ['Loan_ID_0', 'Loan_ID_1', 'Loan_ID_2', 'Loan_ID_3', 'Loan_ID_4', 'Loan_ID_5', 'Loan_ID_6', 'Loan_ID_7', 'Loan_ID_8', 'Gender_0', 'Gender_1', 'Married_0', 'Married_1', 'Dependents_0', 'Dependents_1', 'Dependents_2', 'Education_0', 'Education_1', 'Self_Employed_0', 'Self_Employed_1', 'ApplicantIncome', 'CoapplicantIncome', 'LoanAmount', 'Loan_Amount_Term', 'Credit_History', 'Property_Area_0', 'Property_Area_1', 'Loan_Status']
2025-04-23 01:12:15,905 - INFO - [SYNTHETIC EVAL] Synthetic data columns (28): ['Loan_ID_0', 'Loan_ID_1', 'Loan_ID_2', 'Loan_ID_3', 'Loan_ID_4', 'Loan_ID_5', 'Loan_ID_6', 'Loan_ID_7', 'Loan_ID_8', 'Gender_0', 'Gender_1', 'Married_0', 'Married_1', 'Dependents_0', 'Dependents_1', 'Dependents_2', 'Education_0', 'Education_1', 'Self_Employed_0', 'Self_Employed_1', 'ApplicantIncome', 'CoapplicantIncome', 'LoanAmount', 'Loan_Amount_Term', 'Credit_History', 'Property_Area_0', 'Property_Area_1', 'Loan_Status']
2025-04-23 01:12:15,905 - INFO - [SYNTHETIC EVAL] Metadata columns      (28): ['Loan_ID_0', 'Loan_ID_1', 'Loan_ID_2', 'Loan_ID_3', 'Loan_ID_4', 'Loan_ID_5', 'Loan_ID_6', 'Loan_ID_7', 'Loan_ID_8', 'Gender_0', 'Gender_1', 'Married_0', 'Married_1', 'Dependents_0', 'Dependents_1', 'Dependents_2', 'Education_0', 'Education_1', 'Self_Employed_0', 'Self_Employed_1', 'ApplicantIncome', 'CoapplicantIncome', 'LoanAmount', 'Loan_Amount_Term', 'Credit_History', 'Property_Area_0', 'Property_Area_1', 'Loan_Status']
2025-04-23 01:12:15,905 - INFO - [SYNTHETIC EVAL] Shape — Real: (336, 28), Synthetic: (3360, 28)
2025-04-23 01:12:15,906 - INFO - [SYNTHETIC EVAL] Metadata structure:
{
  "METADATA_SPEC_VERSION": "SINGLE_TABLE_V1",
  "columns": {
    "Loan_ID_0": {
      "sdtype": "categorical"
    },
    "Loan_ID_1": {
      "sdtype": "categorical"
    },
    "Loan_ID_2": {
      "sdtype": "categorical"
    },
    "Loan_ID_3": {
      "sdtype": "categorical"
    },
    "Loan_ID_4": {
      "sdtype": "categorical"
    },
    "Loan_ID_5": {
      "sdtype": "categorical"
    },
    "Loan_ID_6": {
      "sdtype": "categorical"
    },
    "Loan_ID_7": {
      "sdtype": "categorical"
    },
    "Loan_ID_8": {
      "sdtype": "categorical"
    },
    "Gender_0": {
      "sdtype": "categorical"
    },
    "Gender_1": {
      "sdtype": "categorical"
    },
    "Married_0": {
      "sdtype": "categorical"
    },
    "Married_1": {
      "sdtype": "categorical"
    },
    "Dependents_0": {
      "sdtype": "categorical"
    },
    "Dependents_1": {
      "sdtype": "categorical"
    },
    "Dependents_2": {
      "sdtype": "categorical"
    },
    "Education_0": {
      "sdtype": "categorical"
    },
    "Education_1": {
      "sdtype": "categorical"
    },
    "Self_Employed_0": {
      "sdtype": "categorical"
    },
    "Self_Employed_1": {
      "sdtype": "categorical"
    },
    "ApplicantIncome": {
      "sdtype": "numerical"
    },
    "CoapplicantIncome": {
      "sdtype": "numerical"
    },
    "LoanAmount": {
      "sdtype": "numerical"
    },
    "Loan_Amount_Term": {
      "sdtype": "categorical"
    },
    "Credit_History": {
      "sdtype": "categorical"
    },
    "Property_Area_0": {
      "sdtype": "categorical"
    },
    "Property_Area_1": {
      "sdtype": "categorical"
    },
    "Loan_Status": {
      "sdtype": "categorical"
    }
  }
}
2025-04-23 01:12:16,669 - INFO - [SYNTHETIC PIPELINE] Evaluating synthetic dataset generated by TVAE...
2025-04-23 01:12:16,669 - INFO - [SYNTHETIC EVAL] Real data columns     (28): ['Loan_ID_0', 'Loan_ID_1', 'Loan_ID_2', 'Loan_ID_3', 'Loan_ID_4', 'Loan_ID_5', 'Loan_ID_6', 'Loan_ID_7', 'Loan_ID_8', 'Gender_0', 'Gender_1', 'Married_0', 'Married_1', 'Dependents_0', 'Dependents_1', 'Dependents_2', 'Education_0', 'Education_1', 'Self_Employed_0', 'Self_Employed_1', 'ApplicantIncome', 'CoapplicantIncome', 'LoanAmount', 'Loan_Amount_Term', 'Credit_History', 'Property_Area_0', 'Property_Area_1', 'Loan_Status']
2025-04-23 01:12:16,669 - INFO - [SYNTHETIC EVAL] Synthetic data columns (28): ['Loan_ID_0', 'Loan_ID_1', 'Loan_ID_2', 'Loan_ID_3', 'Loan_ID_4', 'Loan_ID_5', 'Loan_ID_6', 'Loan_ID_7', 'Loan_ID_8', 'Gender_0', 'Gender_1', 'Married_0', 'Married_1', 'Dependents_0', 'Dependents_1', 'Dependents_2', 'Education_0', 'Education_1', 'Self_Employed_0', 'Self_Employed_1', 'ApplicantIncome', 'CoapplicantIncome', 'LoanAmount', 'Loan_Amount_Term', 'Credit_History', 'Property_Area_0', 'Property_Area_1', 'Loan_Status']
2025-04-23 01:12:16,670 - INFO - [SYNTHETIC EVAL] Metadata columns      (28): ['Loan_ID_0', 'Loan_ID_1', 'Loan_ID_2', 'Loan_ID_3', 'Loan_ID_4', 'Loan_ID_5', 'Loan_ID_6', 'Loan_ID_7', 'Loan_ID_8', 'Gender_0', 'Gender_1', 'Married_0', 'Married_1', 'Dependents_0', 'Dependents_1', 'Dependents_2', 'Education_0', 'Education_1', 'Self_Employed_0', 'Self_Employed_1', 'ApplicantIncome', 'CoapplicantIncome', 'LoanAmount', 'Loan_Amount_Term', 'Credit_History', 'Property_Area_0', 'Property_Area_1', 'Loan_Status']
2025-04-23 01:12:16,670 - INFO - [SYNTHETIC EVAL] Shape — Real: (336, 28), Synthetic: (3360, 28)
2025-04-23 01:12:16,670 - INFO - [SYNTHETIC EVAL] Metadata structure:
{
  "METADATA_SPEC_VERSION": "SINGLE_TABLE_V1",
  "columns": {
    "Loan_ID_0": {
      "sdtype": "categorical"
    },
    "Loan_ID_1": {
      "sdtype": "categorical"
    },
    "Loan_ID_2": {
      "sdtype": "categorical"
    },
    "Loan_ID_3": {
      "sdtype": "categorical"
    },
    "Loan_ID_4": {
      "sdtype": "categorical"
    },
    "Loan_ID_5": {
      "sdtype": "categorical"
    },
    "Loan_ID_6": {
      "sdtype": "categorical"
    },
    "Loan_ID_7": {
      "sdtype": "categorical"
    },
    "Loan_ID_8": {
      "sdtype": "categorical"
    },
    "Gender_0": {
      "sdtype": "categorical"
    },
    "Gender_1": {
      "sdtype": "categorical"
    },
    "Married_0": {
      "sdtype": "categorical"
    },
    "Married_1": {
      "sdtype": "categorical"
    },
    "Dependents_0": {
      "sdtype": "categorical"
    },
    "Dependents_1": {
      "sdtype": "categorical"
    },
    "Dependents_2": {
      "sdtype": "categorical"
    },
    "Education_0": {
      "sdtype": "categorical"
    },
    "Education_1": {
      "sdtype": "categorical"
    },
    "Self_Employed_0": {
      "sdtype": "categorical"
    },
    "Self_Employed_1": {
      "sdtype": "categorical"
    },
    "ApplicantIncome": {
      "sdtype": "numerical"
    },
    "CoapplicantIncome": {
      "sdtype": "numerical"
    },
    "LoanAmount": {
      "sdtype": "numerical"
    },
    "Loan_Amount_Term": {
      "sdtype": "categorical"
    },
    "Credit_History": {
      "sdtype": "categorical"
    },
    "Property_Area_0": {
      "sdtype": "categorical"
    },
    "Property_Area_1": {
      "sdtype": "categorical"
    },
    "Loan_Status": {
      "sdtype": "categorical"
    }
  }
}
2025-04-23 01:12:17,594 - INFO -  [SYNTHETIC PIPELINE]  Synthetic Data Evaluation Completed.
2025-04-23 01:12:17,599 - INFO -  [SYNTHETIC PIPELINE] Synthetic Data Report Generated Successfully.
2025-04-23 01:12:17,698 - INFO - Synthetic data generated with 2 synthesizer(s).
2025-04-23 01:12:17,698 - INFO - Hybrid Pipeline skipped (disabled in configuration).
2025-04-23 01:12:17,698 - INFO - Starting Utility...
2025-04-23 01:12:17,698 - INFO - [UTILITY] Preparing datasets for machine learning...
2025-04-23 01:12:17,698 - INFO - [UTILITY] Original Data - Training Size: 336, Testing Size: 144
2025-04-23 01:12:17,699 - INFO - [UTILITY] Target class distribution (Original): {'Y': 232, 'N': 104}
2025-04-23 01:12:17,699 - INFO - [UTILITY] Processing synthetic dataset generated by CTGAN...
2025-04-23 01:12:17,699 - INFO - [UTILITY] Synthetic Data (CTGAN) - Training Size: 3360
2025-04-23 01:12:17,700 - INFO - [UTILITY] Target class distribution (CTGAN): {'Y': 2378, 'N': 982}
2025-04-23 01:12:17,700 - WARNING -  Skipping synthetic dataset 'TVAE' - only one class in target.
2025-04-23 01:12:17,700 - INFO - [UTILITY] Training models on all datasets...
2025-04-23 01:12:17,700 - INFO - [UTILITY] Total datasets used for training: 2
2025-04-23 01:12:17,700 - INFO - [TRAINING] Training models from scratch...
2025-04-23 01:12:17,700 - INFO - [TRAINING] Starting training for dataset: Original — Rows: 336, Features: 27
2025-04-23 01:12:17,700 - INFO - [TRAINING] Training DecisionTree on Original...
2025-04-23 01:12:17,703 - INFO - [TRAINING] DecisionTree trained successfully on Original in 0.00 sec
2025-04-23 01:12:17,703 - INFO - [TRAINING] Training KNN on Original...
2025-04-23 01:12:17,704 - INFO - [TRAINING] KNN trained successfully on Original in 0.00 sec
2025-04-23 01:12:17,704 - INFO - [TRAINING] Training LogisticRegression on Original...
2025-04-23 01:12:17,707 - INFO - [TRAINING] LogisticRegression trained successfully on Original in 0.00 sec
2025-04-23 01:12:17,708 - INFO - [TRAINING] Training RandomForest on Original...
2025-04-23 01:12:17,818 - INFO - [TRAINING] RandomForest trained successfully on Original in 0.11 sec
2025-04-23 01:12:17,818 - INFO - [TRAINING] Training SVM on Original...
2025-04-23 01:12:17,824 - INFO - [TRAINING] SVM trained successfully on Original in 0.01 sec
2025-04-23 01:12:17,824 - INFO - [TRAINING] Finished training 5 model(s) for dataset: Original
2025-04-23 01:12:17,824 - INFO - [TRAINING] Starting training for dataset: CTGAN — Rows: 3360, Features: 27
2025-04-23 01:12:17,824 - INFO - [TRAINING] Training DecisionTree on CTGAN...
2025-04-23 01:12:17,848 - INFO - [TRAINING] DecisionTree trained successfully on CTGAN in 0.02 sec
2025-04-23 01:12:17,848 - INFO - [TRAINING] Training KNN on CTGAN...
2025-04-23 01:12:17,851 - INFO - [TRAINING] KNN trained successfully on CTGAN in 0.00 sec
2025-04-23 01:12:17,851 - INFO - [TRAINING] Training LogisticRegression on CTGAN...
2025-04-23 01:12:17,858 - INFO - [TRAINING] LogisticRegression trained successfully on CTGAN in 0.01 sec
2025-04-23 01:12:17,858 - INFO - [TRAINING] Training RandomForest on CTGAN...
2025-04-23 01:12:18,233 - INFO - [TRAINING] RandomForest trained successfully on CTGAN in 0.38 sec
2025-04-23 01:12:18,234 - INFO - [TRAINING] Training SVM on CTGAN...
2025-04-23 01:12:18,522 - INFO - [TRAINING] SVM trained successfully on CTGAN in 0.29 sec
2025-04-23 01:12:18,522 - INFO - [TRAINING] Finished training 5 model(s) for dataset: CTGAN
2025-04-23 01:12:18,522 - INFO - [TRAINING] Total models trained across all datasets: 10
2025-04-23 01:12:18,522 - INFO - [UTILITY] Trained model names: ['Original', 'CTGAN']
2025-04-23 01:12:18,522 - INFO - [UTILITY] Model Training Completed.
2025-04-23 01:12:18,522 - INFO - Starting the Evaluating of models...
2025-04-23 01:12:18,522 - INFO - Preparing evaluation for model 'DecisionTree' across all datasets...
2025-04-23 01:12:18,522 - INFO - Evaluating DecisionTree on Original...
2025-04-23 01:12:18,524 - INFO - Predictions completed for DecisionTree on Original
2025-04-23 01:12:18,524 - INFO - Prediction distribution for DecisionTree on Original: {'Y': 98, 'N': 46}
2025-04-23 01:12:18,534 - INFO - Computed 8 metric(s) for DecisionTree on Original
2025-04-23 01:12:18,534 - INFO - Evaluating DecisionTree on CTGAN...
2025-04-23 01:12:18,535 - INFO - Predictions completed for DecisionTree on CTGAN
2025-04-23 01:12:18,535 - INFO - Prediction distribution for DecisionTree on CTGAN: {'Y': 100, 'N': 44}
2025-04-23 01:12:18,547 - INFO - Computed 8 metric(s) for DecisionTree on CTGAN
2025-04-23 01:12:18,547 - INFO - Preparing evaluation for model 'KNN' across all datasets...
2025-04-23 01:12:18,547 - INFO - Evaluating KNN on Original...
2025-04-23 01:12:18,582 - INFO - Predictions completed for KNN on Original
2025-04-23 01:12:18,582 - INFO - Prediction distribution for KNN on Original: {'Y': 115, 'N': 29}
2025-04-23 01:12:18,600 - INFO - Computed 8 metric(s) for KNN on Original
2025-04-23 01:12:18,600 - INFO - Evaluating KNN on CTGAN...
2025-04-23 01:12:18,609 - INFO - Predictions completed for KNN on CTGAN
2025-04-23 01:12:18,609 - INFO - Prediction distribution for KNN on CTGAN: {'Y': 114, 'N': 30}
2025-04-23 01:12:18,621 - INFO - Computed 8 metric(s) for KNN on CTGAN
2025-04-23 01:12:18,621 - INFO - Preparing evaluation for model 'LogisticRegression' across all datasets...
2025-04-23 01:12:18,621 - INFO - Evaluating LogisticRegression on Original...
2025-04-23 01:12:18,622 - INFO - Predictions completed for LogisticRegression on Original
2025-04-23 01:12:18,623 - INFO - Prediction distribution for LogisticRegression on Original: {'Y': 118, 'N': 26}
2025-04-23 01:12:18,634 - INFO - Computed 8 metric(s) for LogisticRegression on Original
2025-04-23 01:12:18,634 - INFO - Evaluating LogisticRegression on CTGAN...
2025-04-23 01:12:18,636 - INFO - Predictions completed for LogisticRegression on CTGAN
2025-04-23 01:12:18,636 - INFO - Prediction distribution for LogisticRegression on CTGAN: {'Y': 144}
2025-04-23 01:12:18,636 - WARNING -  [WARNING] :LogisticRegression on CTGAN predicted only one class: {'Y'}
2025-04-23 01:12:18,639 - WARNING - [UndefinedMetricWarning] Precision is ill-defined and being set to 0.0 in labels with no predicted samples. Use `zero_division` parameter to control this behavior. (from /mnt/NVMETank/Projects/Students/Dele/A-STUDY-INTO-THE-QUALITY-AND-USABILITY-OF-PRIVACY-FRIENDLY-SYNTHETIC-DATA/.venv/lib/python3.12/site-packages/sklearn/metrics/_classification.py:1565)
2025-04-23 01:12:18,641 - WARNING - [UndefinedMetricWarning] Precision is ill-defined and being set to 0.0 in labels with no predicted samples. Use `zero_division` parameter to control this behavior. (from /mnt/NVMETank/Projects/Students/Dele/A-STUDY-INTO-THE-QUALITY-AND-USABILITY-OF-PRIVACY-FRIENDLY-SYNTHETIC-DATA/.venv/lib/python3.12/site-packages/sklearn/metrics/_classification.py:1565)
2025-04-23 01:12:18,643 - WARNING - [UndefinedMetricWarning] Precision is ill-defined and being set to 0.0 in labels with no predicted samples. Use `zero_division` parameter to control this behavior. (from /mnt/NVMETank/Projects/Students/Dele/A-STUDY-INTO-THE-QUALITY-AND-USABILITY-OF-PRIVACY-FRIENDLY-SYNTHETIC-DATA/.venv/lib/python3.12/site-packages/sklearn/metrics/_classification.py:1565)
2025-04-23 01:12:18,648 - INFO - Computed 8 metric(s) for LogisticRegression on CTGAN
2025-04-23 01:12:18,648 - INFO - Preparing evaluation for model 'RandomForest' across all datasets...
2025-04-23 01:12:18,648 - INFO - Evaluating RandomForest on Original...
2025-04-23 01:12:18,653 - INFO - Predictions completed for RandomForest on Original
2025-04-23 01:12:18,654 - INFO - Prediction distribution for RandomForest on Original: {'Y': 116, 'N': 28}
2025-04-23 01:12:18,671 - INFO - Computed 8 metric(s) for RandomForest on Original
2025-04-23 01:12:18,671 - INFO - Evaluating RandomForest on CTGAN...
2025-04-23 01:12:18,678 - INFO - Predictions completed for RandomForest on CTGAN
2025-04-23 01:12:18,678 - INFO - Prediction distribution for RandomForest on CTGAN: {'Y': 143, 'N': 1}
2025-04-23 01:12:18,699 - INFO - Computed 8 metric(s) for RandomForest on CTGAN
2025-04-23 01:12:18,699 - INFO - Preparing evaluation for model 'SVM' across all datasets...
2025-04-23 01:12:18,699 - INFO - Evaluating SVM on Original...
2025-04-23 01:12:18,702 - INFO - Predictions completed for SVM on Original
2025-04-23 01:12:18,702 - INFO - Prediction distribution for SVM on Original: {'Y': 144}
2025-04-23 01:12:18,702 - WARNING -  [WARNING] :SVM on Original predicted only one class: {'Y'}
2025-04-23 01:12:18,704 - WARNING - [UndefinedMetricWarning] Precision is ill-defined and being set to 0.0 in labels with no predicted samples. Use `zero_division` parameter to control this behavior. (from /mnt/NVMETank/Projects/Students/Dele/A-STUDY-INTO-THE-QUALITY-AND-USABILITY-OF-PRIVACY-FRIENDLY-SYNTHETIC-DATA/.venv/lib/python3.12/site-packages/sklearn/metrics/_classification.py:1565)
2025-04-23 01:12:18,705 - WARNING - [UndefinedMetricWarning] Precision is ill-defined and being set to 0.0 in labels with no predicted samples. Use `zero_division` parameter to control this behavior. (from /mnt/NVMETank/Projects/Students/Dele/A-STUDY-INTO-THE-QUALITY-AND-USABILITY-OF-PRIVACY-FRIENDLY-SYNTHETIC-DATA/.venv/lib/python3.12/site-packages/sklearn/metrics/_classification.py:1565)
2025-04-23 01:12:18,706 - WARNING - [UndefinedMetricWarning] Precision is ill-defined and being set to 0.0 in labels with no predicted samples. Use `zero_division` parameter to control this behavior. (from /mnt/NVMETank/Projects/Students/Dele/A-STUDY-INTO-THE-QUALITY-AND-USABILITY-OF-PRIVACY-FRIENDLY-SYNTHETIC-DATA/.venv/lib/python3.12/site-packages/sklearn/metrics/_classification.py:1565)
2025-04-23 01:12:18,708 - INFO - Computed 8 metric(s) for SVM on Original
2025-04-23 01:12:18,708 - INFO - Evaluating SVM on CTGAN...
2025-04-23 01:12:18,721 - INFO - Predictions completed for SVM on CTGAN
2025-04-23 01:12:18,722 - INFO - Prediction distribution for SVM on CTGAN: {'Y': 144}
2025-04-23 01:12:18,722 - WARNING -  [WARNING] :SVM on CTGAN predicted only one class: {'Y'}
2025-04-23 01:12:18,723 - WARNING - [UndefinedMetricWarning] Precision is ill-defined and being set to 0.0 in labels with no predicted samples. Use `zero_division` parameter to control this behavior. (from /mnt/NVMETank/Projects/Students/Dele/A-STUDY-INTO-THE-QUALITY-AND-USABILITY-OF-PRIVACY-FRIENDLY-SYNTHETIC-DATA/.venv/lib/python3.12/site-packages/sklearn/metrics/_classification.py:1565)
2025-04-23 01:12:18,725 - WARNING - [UndefinedMetricWarning] Precision is ill-defined and being set to 0.0 in labels with no predicted samples. Use `zero_division` parameter to control this behavior. (from /mnt/NVMETank/Projects/Students/Dele/A-STUDY-INTO-THE-QUALITY-AND-USABILITY-OF-PRIVACY-FRIENDLY-SYNTHETIC-DATA/.venv/lib/python3.12/site-packages/sklearn/metrics/_classification.py:1565)
2025-04-23 01:12:18,726 - WARNING - [UndefinedMetricWarning] Precision is ill-defined and being set to 0.0 in labels with no predicted samples. Use `zero_division` parameter to control this behavior. (from /mnt/NVMETank/Projects/Students/Dele/A-STUDY-INTO-THE-QUALITY-AND-USABILITY-OF-PRIVACY-FRIENDLY-SYNTHETIC-DATA/.venv/lib/python3.12/site-packages/sklearn/metrics/_classification.py:1565)
2025-04-23 01:12:18,728 - INFO - Computed 8 metric(s) for SVM on CTGAN
2025-04-23 01:12:18,731 - INFO - Evaluation completed for all models.
2025-04-23 01:12:18,731 - INFO - Model evaluation completed in 0.21 seconds.
2025-04-23 01:12:18,733 - INFO - Evaluated models: ['DecisionTree', 'KNN', 'LogisticRegression', 'RandomForest', 'SVM']
2025-04-23 01:12:18,733 - INFO - Model Training and Evaluation completed.
2025-04-23 01:12:19,217 - INFO -  Visualizations saved.
2025-04-23 01:12:19,218 - INFO -  Benchmarking Completed. Results saved in output folder.
