2025-05-08 15:28:33,664 - INFO - Loaded config file: configs/generated_configs/bankMarketing/bankMarketing_anon_k2_sl0p3_l2.yaml
2025-05-08 15:28:33,664 - INFO -  Benchmarking started for dataset: bankMarketing
2025-05-08 15:28:33,664 - INFO - Using dataset path: /mnt/NVMETank/Projects/Students/Dele/A-STUDY-INTO-THE-QUALITY-AND-USABILITY-OF-PRIVACY-FRIENDLY-SYNTHETIC-DATA/datasets/original/bankMarketing.csv
2025-05-08 15:28:33,664 - INFO - Target column: y, separator: ';'
2025-05-08 15:28:33,664 - INFO - Configuration loaded: enable_anonymization = True, enable_synthesis = False, enable_hybrid = True, enable_utility = True, delete_after_evaluation = False
2025-05-08 15:28:33,665 - INFO - Running preprocessing...
2025-05-08 15:28:33,669 - INFO -  [PREPROCESSING] Preprocessed files found. Skipping preprocessing.
2025-05-08 15:28:33,793 - INFO - Preprocessing completed. Rows before: 45211, after: 36168
2025-05-08 15:28:33,794 - INFO - Preprocessed data saved to: outputs/batch/bankMarketing_batch_2025-05-08_13-17-59/bankMarketing_anon_k2_sl0p3_l2/preprocessing_report.txt
2025-05-08 15:28:33,794 - INFO - enable_anonymization = True
2025-05-08 15:28:33,794 - INFO - Starting Anonymization Pipeline with output path: /mnt/NVMETank/Projects/Students/Dele/A-STUDY-INTO-THE-QUALITY-AND-USABILITY-OF-PRIVACY-FRIENDLY-SYNTHETIC-DATA/datasets/anonymized/bankMarketing_k2_l2_sup30_anonymized.csv.......
2025-05-08 15:28:33,798 - INFO -  [ANONYMIZATION] Executing run_anonymization, config_path : configs/generated_configs/bankMarketing/bankMarketing_anon_k2_sl0p3_l2.yaml...........
2025-05-08 15:28:33,798 - INFO -  [ANONYMIZATION] Using JAR file at /mnt/NVMETank/Projects/Students/Dele/A-STUDY-INTO-THE-QUALITY-AND-USABILITY-OF-PRIVACY-FRIENDLY-SYNTHETIC-DATA/src/anonymization/anonymARXij/bin/anonymARXij.jar to anonymize the dataset.
2025-05-08 15:28:35,323 - INFO -  [ANONYMIZATION] Anonimized file saved to : /mnt/NVMETank/Projects/Students/Dele/A-STUDY-INTO-THE-QUALITY-AND-USABILITY-OF-PRIVACY-FRIENDLY-SYNTHETIC-DATA/datasets/anonymized/bankMarketing_k2_l2_sup30_anonymized.csv
2025-05-08 15:28:35,323 - INFO -  [ANONYMIZATION] Java anonymization completed successfully.
2025-05-08 15:28:35,323 - INFO -  [ANONYMIZATION] Java STDOUT:
📄 Java received config path: /mnt/NVMETank/Projects/Students/Dele/A-STUDY-INTO-THE-QUALITY-AND-USABILITY-OF-PRIVACY-FRIENDLY-SYNTHETIC-DATA/configs/generated_configs/bankMarketing/bankMarketing_anon_k2_sl0p3_l2.yaml
🔹 Loading config from: /mnt/NVMETank/Projects/Students/Dele/A-STUDY-INTO-THE-QUALITY-AND-USABILITY-OF-PRIVACY-FRIENDLY-SYNTHETIC-DATA/configs/generated_configs/bankMarketing/bankMarketing_anon_k2_sl0p3_l2.yaml
Loading config from: /mnt/NVMETank/Projects/Students/Dele/A-STUDY-INTO-THE-QUALITY-AND-USABILITY-OF-PRIVACY-FRIENDLY-SYNTHETIC-DATA/configs/generated_configs/bankMarketing/bankMarketing_anon_k2_sl0p3_l2.yaml
📂 Dataset Path (from args): /mnt/NVMETank/Projects/Students/Dele/A-STUDY-INTO-THE-QUALITY-AND-USABILITY-OF-PRIVACY-FRIENDLY-SYNTHETIC-DATA/datasets/train/bankMarketing_train_raw.csv
🔹 Dataset Separator: ;
🔹 Suppression Limit: 0.3

🔹 Configured Attributes:
  ✅ Quasi-Identifier: age
  ✅ Quasi-Identifier: marital
  ✅ Quasi-Identifier: education
  ✅ Quasi-Identifier: job
  ✅ Quasi-Identifier: housing
  ✅ Sensitive Attribute: loan
  ✅ Insensitive Attribute: default
  ✅ Insensitive Attribute: balance
  ✅ Insensitive Attribute: contact
  ✅ Insensitive Attribute: day
  ✅ Insensitive Attribute: month
  ✅ Insensitive Attribute: campaign
  ✅ Insensitive Attribute: pdays
  ✅ Insensitive Attribute: previous
  ✅ Insensitive Attribute: poutcome
  ✅ Insensitive Attribute: y

🔹 Defined Hierarchies:
  ✅ marital -> /mnt/NVMETank/Projects/Students/Dele/A-STUDY-INTO-THE-QUALITY-AND-USABILITY-OF-PRIVACY-FRIENDLY-SYNTHETIC-DATA/src/anonymization/anonymARXij/src/hierarchies_bankMarketing/marital.csv
  ✅ education -> /mnt/NVMETank/Projects/Students/Dele/A-STUDY-INTO-THE-QUALITY-AND-USABILITY-OF-PRIVACY-FRIENDLY-SYNTHETIC-DATA/src/anonymization/anonymARXij/src/hierarchies_bankMarketing/education.csv
  ✅ housing -> /mnt/NVMETank/Projects/Students/Dele/A-STUDY-INTO-THE-QUALITY-AND-USABILITY-OF-PRIVACY-FRIENDLY-SYNTHETIC-DATA/src/anonymization/anonymARXij/src/hierarchies_bankMarketing/housing.csv
  ✅ job -> /mnt/NVMETank/Projects/Students/Dele/A-STUDY-INTO-THE-QUALITY-AND-USABILITY-OF-PRIVACY-FRIENDLY-SYNTHETIC-DATA/src/anonymization/anonymARXij/src/hierarchies_bankMarketing/job.csv
  ✅ age -> /mnt/NVMETank/Projects/Students/Dele/A-STUDY-INTO-THE-QUALITY-AND-USABILITY-OF-PRIVACY-FRIENDLY-SYNTHETIC-DATA/src/anonymization/anonymARXij/src/hierarchies_bankMarketing/age.csv
Java is searching for hierarchy file at: /mnt/NVMETank/Projects/Students/Dele/A-STUDY-INTO-THE-QUALITY-AND-USABILITY-OF-PRIVACY-FRIENDLY-SYNTHETIC-DATA/src/anonymization/anonymARXij/src/hierarchies_bankMarketing/marital.csv
Java is searching for hierarchy file at: /mnt/NVMETank/Projects/Students/Dele/A-STUDY-INTO-THE-QUALITY-AND-USABILITY-OF-PRIVACY-FRIENDLY-SYNTHETIC-DATA/src/anonymization/anonymARXij/src/hierarchies_bankMarketing/education.csv
Java is searching for hierarchy file at: /mnt/NVMETank/Projects/Students/Dele/A-STUDY-INTO-THE-QUALITY-AND-USABILITY-OF-PRIVACY-FRIENDLY-SYNTHETIC-DATA/src/anonymization/anonymARXij/src/hierarchies_bankMarketing/housing.csv
Java is searching for hierarchy file at: /mnt/NVMETank/Projects/Students/Dele/A-STUDY-INTO-THE-QUALITY-AND-USABILITY-OF-PRIVACY-FRIENDLY-SYNTHETIC-DATA/src/anonymization/anonymARXij/src/hierarchies_bankMarketing/job.csv
Java is searching for hierarchy file at: /mnt/NVMETank/Projects/Students/Dele/A-STUDY-INTO-THE-QUALITY-AND-USABILITY-OF-PRIVACY-FRIENDLY-SYNTHETIC-DATA/src/anonymization/anonymARXij/src/hierarchies_bankMarketing/age.csv
✓ Applied Distinct L-Diversity on: loan (l=2)
🔹 Privacy Models Configured
📂 Anonymized Output Path (from args): /mnt/NVMETank/Projects/Students/Dele/A-STUDY-INTO-THE-QUALITY-AND-USABILITY-OF-PRIVACY-FRIENDLY-SYNTHETIC-DATA/datasets/anonymized/bankMarketing_k2_l2_sup30_anonymized.csv
📂 Anonymized Output Path: /mnt/NVMETank/Projects/Students/Dele/A-STUDY-INTO-THE-QUALITY-AND-USABILITY-OF-PRIVACY-FRIENDLY-SYNTHETIC-DATA/datasets/anonymized/bankMarketing_k2_l2_sup30_anonymized.csv
✅ Anonymization completed. Output saved to: /mnt/NVMETank/Projects/Students/Dele/A-STUDY-INTO-THE-QUALITY-AND-USABILITY-OF-PRIVACY-FRIENDLY-SYNTHETIC-DATA/datasets/anonymized/bankMarketing_k2_l2_sup30_anonymized.csv
Anonymized Data Quality Metrics:
 - Ambiguity: 0.9479040937658125
 - AECS: 0.9981384197653519
 - Discernibility: 0.9403330459496007
 - Granularity: 0.8915689775083664
 - MSE: 0.8956988412352387
 - Non-Uniform Entropy: 0.6637552572351157
 - Precision: 0.7791088676124814
 - Record-level SE: 0.7843866714092993
Equivalence Class Statistics:
 - Number of Classes: 462
 - Average Class Size: 74.26406926406926
Suppression Statistics:
 - Suppressed Records: 1858
 - Suppression Percentage: 5.14%
2025-05-08 15:28:35,323 - INFO - Anonymized data saved to: /mnt/NVMETank/Projects/Students/Dele/A-STUDY-INTO-THE-QUALITY-AND-USABILITY-OF-PRIVACY-FRIENDLY-SYNTHETIC-DATA/datasets/anonymized/bankMarketing_k2_l2_sup30_anonymized.csv
2025-05-08 15:28:35,441 - INFO - Anonymous data report saved at: outputs/batch/bankMarketing_batch_2025-05-08_13-17-59/bankMarketing_anon_k2_sl0p3_l2/anonymous_data_report.txt
2025-05-08 15:28:35,442 - INFO -  [POSTPROCESSING] Postprocessing anonymized data: /mnt/NVMETank/Projects/Students/Dele/A-STUDY-INTO-THE-QUALITY-AND-USABILITY-OF-PRIVACY-FRIENDLY-SYNTHETIC-DATA/datasets/anonymized/bankMarketing_k2_l2_sup30_anonymized.csv
2025-05-08 15:28:35,473 - INFO -  [POSTPROCESSING] Loaded anonymized data: (36168, 16)
2025-05-08 15:28:35,554 - INFO -  [POSTPROCESSING] Loaded fallback maps from training data. Categorical cols: 10, Numeric cols: 6
2025-05-08 15:28:35,554 - INFO -  [POSTPROCESSING] Normalizing anonymized data using ARX artifact cleaning and fallback values.
2025-05-08 15:28:36,730 - INFO -  [POSTPROCESSING] Normalized anonymized data saved to: /mnt/NVMETank/Projects/Students/Dele/A-STUDY-INTO-THE-QUALITY-AND-USABILITY-OF-PRIVACY-FRIENDLY-SYNTHETIC-DATA/datasets/anonymized/bankMarketing_k2_l2_sup30_anonymized_processed.csv
2025-05-08 15:28:36,827 - INFO -  [POSTPROCESSING] Binary Encoding applied to anonymized data. Encoded shape: (36168, 31)
2025-05-08 15:28:36,954 - INFO -  [POSTPROCESSING] Encoded anonymized dataset saved to: /mnt/NVMETank/Projects/Students/Dele/A-STUDY-INTO-THE-QUALITY-AND-USABILITY-OF-PRIVACY-FRIENDLY-SYNTHETIC-DATA/datasets/anonymized/bankMarketing_k2_l2_sup30_anonymized_encoded.csv
2025-05-08 15:28:36,954 - INFO -  [POSTPROCESSING] Encoding map generated for anonymized data: 0 original categorical columns.
2025-05-08 15:28:36,957 - INFO - Postprocessing report saved at: outputs/batch/bankMarketing_batch_2025-05-08_13-17-59/bankMarketing_anon_k2_sl0p3_l2/postprocessing_report.txt
2025-05-08 15:28:36,957 - INFO - enable_synthetic_generation = False
2025-05-08 15:28:36,957 - INFO - Synthetic Data Generation Skipped (Disabled in Configuration).
2025-05-08 15:28:36,957 - INFO - Running Hybrid Pipeline...
2025-05-08 15:28:36,957 - INFO -  [HYBRID] Executing run_hybrid...
2025-05-08 15:28:36,957 - INFO -  [HYBRID] Looking for encoded anonymized data in /mnt/NVMETank/Projects/Students/Dele/A-STUDY-INTO-THE-QUALITY-AND-USABILITY-OF-PRIVACY-FRIENDLY-SYNTHETIC-DATA/datasets/anonymized/bankMarketing_k2_l2_sup30_anonymized_encoded.csv
2025-05-08 15:28:36,957 - INFO -  [HYBRID ] Loaded cached encoded anonymous data from /mnt/NVMETank/Projects/Students/Dele/A-STUDY-INTO-THE-QUALITY-AND-USABILITY-OF-PRIVACY-FRIENDLY-SYNTHETIC-DATA/datasets/anonymized/bankMarketing_k2_l2_sup30_anonymized_encoded.csv
2025-05-08 15:28:36,989 - INFO -  [HYBRID] Starting synthetic generation for hybrid pipeline...
2025-05-08 15:28:36,989 - INFO - Executing run_synthetic.....
2025-05-08 15:28:36,989 - INFO - [SYNTHETIC PIPELINE] executing run_synthetic for bankMarketing_k2_l2_sup30...
2025-05-08 15:28:36,989 - INFO - [SYNTHETIC] Processing dataset: bankMarketing_k2_l2_sup30
2025-05-08 15:28:36,989 - INFO - [SYNTHETIC] Original dataset size: 36168 rows
2025-05-08 15:28:37,022 - INFO - Detected metadata:
2025-05-08 15:28:37,023 - INFO - {
    "columns": {
        "age": {
            "sdtype": "categorical"
        },
        "job_0": {
            "sdtype": "categorical"
        },
        "job_1": {
            "sdtype": "categorical"
        },
        "job_2": {
            "sdtype": "categorical"
        },
        "job_3": {
            "sdtype": "categorical"
        },
        "marital_0": {
            "sdtype": "categorical"
        },
        "marital_1": {
            "sdtype": "categorical"
        },
        "education_0": {
            "sdtype": "categorical"
        },
        "education_1": {
            "sdtype": "categorical"
        },
        "education_2": {
            "sdtype": "categorical"
        },
        "default_0": {
            "sdtype": "categorical"
        },
        "default_1": {
            "sdtype": "categorical"
        },
        "balance": {
            "sdtype": "numerical"
        },
        "housing_0": {
            "sdtype": "categorical"
        },
        "housing_1": {
            "sdtype": "categorical"
        },
        "loan_0": {
            "sdtype": "categorical"
        },
        "loan_1": {
            "sdtype": "categorical"
        },
        "contact_0": {
            "sdtype": "categorical"
        },
        "contact_1": {
            "sdtype": "categorical"
        },
        "day": {
            "sdtype": "numerical"
        },
        "month_0": {
            "sdtype": "categorical"
        },
        "month_1": {
            "sdtype": "categorical"
        },
        "month_2": {
            "sdtype": "categorical"
        },
        "month_3": {
            "sdtype": "categorical"
        },
        "campaign": {
            "sdtype": "numerical"
        },
        "pdays": {
            "sdtype": "numerical"
        },
        "previous": {
            "sdtype": "numerical"
        },
        "poutcome_0": {
            "sdtype": "categorical"
        },
        "poutcome_1": {
            "sdtype": "categorical"
        },
        "poutcome_2": {
            "sdtype": "categorical"
        },
        "y": {
            "sdtype": "categorical"
        }
    },
    "METADATA_SPEC_VERSION": "SINGLE_TABLE_V1"
}
2025-05-08 15:28:37,023 - INFO - [SYNTHETIC] Preparing synthesizer: CTGAN
2025-05-08 15:28:37,023 - INFO - [SYNTHETIC] Params from config: {'epochs': 300}
2025-05-08 15:28:37,023 - INFO -  [SYNTHETIC] No pre-trained synthesizer found
2025-05-08 15:28:37,023 - INFO - [SYNTHETIC] Training new CTGAN synthesizer from scratch...
2025-05-08 15:28:37,023 - WARNING - [FutureWarning] The 'SingleTableMetadata' is deprecated. Please use the new 'Metadata' class for synthesizers. (from /mnt/NVMETank/Projects/Students/Dele/A-STUDY-INTO-THE-QUALITY-AND-USABILITY-OF-PRIVACY-FRIENDLY-SYNTHETIC-DATA/.venv/lib/python3.12/site-packages/sdv/single_table/base.py:119)
2025-05-08 15:28:37,023 - WARNING - [UserWarning] We strongly recommend saving the metadata using 'save_to_json' for replicability in future SDV versions. (from /mnt/NVMETank/Projects/Students/Dele/A-STUDY-INTO-THE-QUALITY-AND-USABILITY-OF-PRIVACY-FRIENDLY-SYNTHETIC-DATA/.venv/lib/python3.12/site-packages/sdv/single_table/base.py:104)
2025-05-08 15:28:37,027 - INFO - {'EVENT': 'Instance', 'TIMESTAMP': datetime.datetime(2025, 5, 8, 15, 28, 37, 27495), 'SYNTHESIZER CLASS NAME': 'CTGANSynthesizer', 'SYNTHESIZER ID': 'CTGANSynthesizer_1.18.0_deeb4f2ff273425897cf5b85c9e2dbb8'}
2025-05-08 15:28:37,027 - INFO - [SYNTHETIC] CTGAN initialized with epochs: 300
2025-05-08 15:28:37,027 - INFO - [SYNTHETIC] Training parameters for CTGAN: {}
2025-05-08 15:28:37,027 - INFO - [SYNTHETIC] fitting CTGAN 
2025-05-08 15:28:37,027 - INFO - {'EVENT': 'Fit', 'TIMESTAMP': datetime.datetime(2025, 5, 8, 15, 28, 37, 27697), 'SYNTHESIZER CLASS NAME': 'CTGANSynthesizer', 'SYNTHESIZER ID': 'CTGANSynthesizer_1.18.0_deeb4f2ff273425897cf5b85c9e2dbb8', 'TOTAL NUMBER OF TABLES': 1, 'TOTAL NUMBER OF ROWS': 36168, 'TOTAL NUMBER OF COLUMNS': 31}
2025-05-08 15:28:37,082 - INFO - Fitting table  metadata
2025-05-08 15:28:37,085 - INFO - Fitting formatters for table 
2025-05-08 15:28:37,087 - INFO - Fitting constraints for table 
2025-05-08 15:28:37,087 - INFO - Setting the configuration for the ``HyperTransformer`` for table 
2025-05-08 15:28:37,089 - INFO - Fitting HyperTransformer for table 
2025-05-08 15:28:37,147 - INFO - {'EVENT': 'Fit processed data', 'TIMESTAMP': datetime.datetime(2025, 5, 8, 15, 28, 37, 147642), 'SYNTHESIZER CLASS NAME': 'CTGANSynthesizer', 'SYNTHESIZER ID': 'CTGANSynthesizer_1.18.0_deeb4f2ff273425897cf5b85c9e2dbb8', 'TOTAL NUMBER OF TABLES': 1, 'TOTAL NUMBER OF ROWS': 36168, 'TOTAL NUMBER OF COLUMNS': 31}
2025-05-08 15:28:37,183 - INFO - Guidance: There are no missing values in column balance. Extra column not created.
2025-05-08 15:28:53,885 - INFO - Guidance: There are no missing values in column day. Extra column not created.
2025-05-08 15:29:10,118 - INFO - Guidance: There are no missing values in column campaign. Extra column not created.
2025-05-08 15:29:24,239 - INFO - Guidance: There are no missing values in column pdays. Extra column not created.
2025-05-08 15:29:38,919 - INFO - Guidance: There are no missing values in column previous. Extra column not created.
2025-05-08 16:21:16,137 - INFO - [SYNTHETIC] Fitting complete for CTGAN. Duration: 3159.11 seconds.
2025-05-08 16:21:16,137 - INFO - [SYNTHETIC] CONFIRMATION CTGAN actually trained with epochs = 300
2025-05-08 16:21:16,137 - INFO - {'EVENT': 'Save', 'TIMESTAMP': datetime.datetime(2025, 5, 8, 16, 21, 16, 137979), 'SYNTHESIZER CLASS NAME': 'CTGANSynthesizer', 'SYNTHESIZER ID': 'CTGANSynthesizer_1.18.0_deeb4f2ff273425897cf5b85c9e2dbb8'}
2025-05-08 16:21:16,180 - INFO - [SYNTHETIC] CTGAN trained and saved.
2025-05-08 16:21:16,180 - INFO - [SYNTHETIC] Preparing synthesizer: GaussianCopula
2025-05-08 16:21:16,180 - INFO - [SYNTHETIC] Params from config: {}
2025-05-08 16:21:16,180 - INFO -  [SYNTHETIC] No pre-trained synthesizer found
2025-05-08 16:21:16,180 - INFO - [SYNTHETIC] Training new GaussianCopula synthesizer from scratch...
2025-05-08 16:21:16,180 - WARNING - [FutureWarning] The 'SingleTableMetadata' is deprecated. Please use the new 'Metadata' class for synthesizers. (from /mnt/NVMETank/Projects/Students/Dele/A-STUDY-INTO-THE-QUALITY-AND-USABILITY-OF-PRIVACY-FRIENDLY-SYNTHETIC-DATA/.venv/lib/python3.12/site-packages/sdv/single_table/base.py:119)
2025-05-08 16:21:16,183 - INFO - {'EVENT': 'Instance', 'TIMESTAMP': datetime.datetime(2025, 5, 8, 16, 21, 16, 183388), 'SYNTHESIZER CLASS NAME': 'GaussianCopulaSynthesizer', 'SYNTHESIZER ID': 'GaussianCopulaSynthesizer_1.18.0_41ea3866d07645d88c92aae61b059798'}
2025-05-08 16:21:16,183 - INFO - [SYNTHETIC] fitting GaussianCopula 
2025-05-08 16:21:16,183 - INFO - {'EVENT': 'Fit', 'TIMESTAMP': datetime.datetime(2025, 5, 8, 16, 21, 16, 183521), 'SYNTHESIZER CLASS NAME': 'GaussianCopulaSynthesizer', 'SYNTHESIZER ID': 'GaussianCopulaSynthesizer_1.18.0_41ea3866d07645d88c92aae61b059798', 'TOTAL NUMBER OF TABLES': 1, 'TOTAL NUMBER OF ROWS': 36168, 'TOTAL NUMBER OF COLUMNS': 31}
2025-05-08 16:21:16,237 - INFO - Fitting table  metadata
2025-05-08 16:21:16,241 - INFO - Fitting formatters for table 
2025-05-08 16:21:16,243 - INFO - Fitting constraints for table 
2025-05-08 16:21:16,243 - INFO - Setting the configuration for the ``HyperTransformer`` for table 
2025-05-08 16:21:16,253 - INFO - Fitting HyperTransformer for table 
2025-05-08 16:21:21,761 - INFO - {'EVENT': 'Fit processed data', 'TIMESTAMP': datetime.datetime(2025, 5, 8, 16, 21, 21, 761396), 'SYNTHESIZER CLASS NAME': 'GaussianCopulaSynthesizer', 'SYNTHESIZER ID': 'GaussianCopulaSynthesizer_1.18.0_41ea3866d07645d88c92aae61b059798', 'TOTAL NUMBER OF TABLES': 1, 'TOTAL NUMBER OF ROWS': 36168, 'TOTAL NUMBER OF COLUMNS': 31}
2025-05-08 16:21:21,762 - INFO - Fitting GaussianMultivariate(distribution="{'age': <class 'copulas.univariate.beta.BetaUnivariate'>, 'job_0': <class 'copulas.univariate.beta.BetaUnivariate'>, 'job_1': <class 'copulas.univariate.beta.BetaUnivariate'>, 'job_2': <class 'copulas.univariate.beta.BetaUnivariate'>, 'job_3': <class 'copulas.univariate.beta.BetaUnivariate'>, 'marital_0': <class 'copulas.univariate.beta.BetaUnivariate'>, 'marital_1': <class 'copulas.univariate.beta.BetaUnivariate'>, 'education_0': <class 'copulas.univariate.beta.BetaUnivariate'>, 'education_1': <class 'copulas.univariate.beta.BetaUnivariate'>, 'education_2': <class 'copulas.univariate.beta.BetaUnivariate'>, 'default_0': <class 'copulas.univariate.beta.BetaUnivariate'>, 'default_1': <class 'copulas.univariate.beta.BetaUnivariate'>, 'balance': <class 'copulas.univariate.beta.BetaUnivariate'>, 'housing_0': <class 'copulas.univariate.beta.BetaUnivariate'>, 'housing_1': <class 'copulas.univariate.beta.BetaUnivariate'>, 'loan_0': <class 'copulas.univariate.beta.BetaUnivariate'>, 'loan_1': <class 'copulas.univariate.beta.BetaUnivariate'>, 'contact_0': <class 'copulas.univariate.beta.BetaUnivariate'>, 'contact_1': <class 'copulas.univariate.beta.BetaUnivariate'>, 'day': <class 'copulas.univariate.beta.BetaUnivariate'>, 'month_0': <class 'copulas.univariate.beta.BetaUnivariate'>, 'month_1': <class 'copulas.univariate.beta.BetaUnivariate'>, 'month_2': <class 'copulas.univariate.beta.BetaUnivariate'>, 'month_3': <class 'copulas.univariate.beta.BetaUnivariate'>, 'campaign': <class 'copulas.univariate.beta.BetaUnivariate'>, 'pdays': <class 'copulas.univariate.beta.BetaUnivariate'>, 'previous': <class 'copulas.univariate.beta.BetaUnivariate'>, 'poutcome_0': <class 'copulas.univariate.beta.BetaUnivariate'>, 'poutcome_1': <class 'copulas.univariate.beta.BetaUnivariate'>, 'poutcome_2': <class 'copulas.univariate.beta.BetaUnivariate'>, 'y': <class 'copulas.univariate.beta.BetaUnivariate'>}")
2025-05-08 16:21:36,401 - INFO - [SYNTHETIC] Fitting complete for GaussianCopula. Duration: 20.22 seconds.
2025-05-08 16:21:36,402 - WARNING - [SYNTHETIC] WARNING Could not determine actual epochs used for GaussianCopula
2025-05-08 16:21:36,402 - INFO - {'EVENT': 'Save', 'TIMESTAMP': datetime.datetime(2025, 5, 8, 16, 21, 36, 402172), 'SYNTHESIZER CLASS NAME': 'GaussianCopulaSynthesizer', 'SYNTHESIZER ID': 'GaussianCopulaSynthesizer_1.18.0_41ea3866d07645d88c92aae61b059798'}
2025-05-08 16:21:36,428 - INFO - [SYNTHETIC] GaussianCopula trained and saved.
2025-05-08 16:21:36,428 - INFO - [SYNTHETIC] Preparing synthesizer: TVAE
2025-05-08 16:21:36,428 - INFO - [SYNTHETIC] Params from config: {'epochs': 300}
2025-05-08 16:21:36,429 - INFO -  [SYNTHETIC] No pre-trained synthesizer found
2025-05-08 16:21:36,429 - INFO - [SYNTHETIC] Training new TVAE synthesizer from scratch...
2025-05-08 16:21:36,429 - WARNING - [FutureWarning] The 'SingleTableMetadata' is deprecated. Please use the new 'Metadata' class for synthesizers. (from /mnt/NVMETank/Projects/Students/Dele/A-STUDY-INTO-THE-QUALITY-AND-USABILITY-OF-PRIVACY-FRIENDLY-SYNTHETIC-DATA/.venv/lib/python3.12/site-packages/sdv/single_table/base.py:119)
2025-05-08 16:21:36,433 - INFO - {'EVENT': 'Instance', 'TIMESTAMP': datetime.datetime(2025, 5, 8, 16, 21, 36, 433131), 'SYNTHESIZER CLASS NAME': 'TVAESynthesizer', 'SYNTHESIZER ID': 'TVAESynthesizer_1.18.0_d862dc02a65a49feb3fa6c158db7eba4'}
2025-05-08 16:21:36,433 - INFO - [SYNTHETIC] TVAE initialized with epochs: 300
2025-05-08 16:21:36,433 - INFO - [SYNTHETIC] Training parameters for TVAE: {}
2025-05-08 16:21:36,433 - INFO - [SYNTHETIC] fitting TVAE 
2025-05-08 16:21:36,433 - INFO - {'EVENT': 'Fit', 'TIMESTAMP': datetime.datetime(2025, 5, 8, 16, 21, 36, 433561), 'SYNTHESIZER CLASS NAME': 'TVAESynthesizer', 'SYNTHESIZER ID': 'TVAESynthesizer_1.18.0_d862dc02a65a49feb3fa6c158db7eba4', 'TOTAL NUMBER OF TABLES': 1, 'TOTAL NUMBER OF ROWS': 36168, 'TOTAL NUMBER OF COLUMNS': 31}
2025-05-08 16:21:36,489 - INFO - Fitting table  metadata
2025-05-08 16:21:36,494 - INFO - Fitting formatters for table 
2025-05-08 16:21:36,497 - INFO - Fitting constraints for table 
2025-05-08 16:21:36,497 - INFO - Setting the configuration for the ``HyperTransformer`` for table 
2025-05-08 16:21:36,499 - INFO - Fitting HyperTransformer for table 
2025-05-08 16:21:36,582 - INFO - {'EVENT': 'Fit processed data', 'TIMESTAMP': datetime.datetime(2025, 5, 8, 16, 21, 36, 582157), 'SYNTHESIZER CLASS NAME': 'TVAESynthesizer', 'SYNTHESIZER ID': 'TVAESynthesizer_1.18.0_d862dc02a65a49feb3fa6c158db7eba4', 'TOTAL NUMBER OF TABLES': 1, 'TOTAL NUMBER OF ROWS': 36168, 'TOTAL NUMBER OF COLUMNS': 31}
2025-05-08 16:21:36,603 - INFO - Guidance: There are no missing values in column balance. Extra column not created.
2025-05-08 16:21:57,471 - INFO - Guidance: There are no missing values in column day. Extra column not created.
2025-05-08 16:22:24,514 - INFO - Guidance: There are no missing values in column campaign. Extra column not created.
2025-05-08 16:22:56,661 - INFO - Guidance: There are no missing values in column pdays. Extra column not created.
2025-05-08 16:23:34,428 - INFO - Guidance: There are no missing values in column previous. Extra column not created.
2025-05-08 16:30:02,487 - INFO - [SYNTHETIC] Fitting complete for TVAE. Duration: 506.05 seconds.
2025-05-08 16:30:02,487 - INFO - [SYNTHETIC] CONFIRMATION TVAE actually trained with epochs = 300
2025-05-08 16:30:02,487 - INFO - {'EVENT': 'Save', 'TIMESTAMP': datetime.datetime(2025, 5, 8, 16, 30, 2, 487855), 'SYNTHESIZER CLASS NAME': 'TVAESynthesizer', 'SYNTHESIZER ID': 'TVAESynthesizer_1.18.0_d862dc02a65a49feb3fa6c158db7eba4'}
2025-05-08 16:30:02,525 - INFO - [SYNTHETIC] TVAE trained and saved.
2025-05-08 16:30:02,525 - INFO - [SYNTHETIC] Using CTGAN to generate 36168 rows...
2025-05-08 16:30:06,508 - INFO - {'EVENT': 'Sample', 'TIMESTAMP': datetime.datetime(2025, 5, 8, 16, 30, 2, 525857), 'SYNTHESIZER CLASS NAME': 'CTGANSynthesizer', 'SYNTHESIZER ID': 'CTGANSynthesizer_1.18.0_deeb4f2ff273425897cf5b85c9e2dbb8', 'TOTAL NUMBER OF TABLES': 1, 'TOTAL NUMBER OF ROWS': 36168, 'TOTAL NUMBER OF COLUMNS': 31}
2025-05-08 16:30:06,509 - INFO - [SYNTHETIC] CTGAN completed: 36168 rows generated.
2025-05-08 16:30:06,510 - INFO - [SYNTHETIC] Target class distribution for CTGAN: {'no': 27396, 'yes': 8772}
2025-05-08 16:30:06,510 - INFO - [SYNTHETIC] Using GaussianCopula to generate 36168 rows...
2025-05-08 16:30:07,565 - INFO - {'EVENT': 'Sample', 'TIMESTAMP': datetime.datetime(2025, 5, 8, 16, 30, 6, 510736), 'SYNTHESIZER CLASS NAME': 'GaussianCopulaSynthesizer', 'SYNTHESIZER ID': 'GaussianCopulaSynthesizer_1.18.0_41ea3866d07645d88c92aae61b059798', 'TOTAL NUMBER OF TABLES': 1, 'TOTAL NUMBER OF ROWS': 36168, 'TOTAL NUMBER OF COLUMNS': 31}
2025-05-08 16:30:07,565 - INFO - [SYNTHETIC] GaussianCopula completed: 36168 rows generated.
2025-05-08 16:30:07,566 - INFO - [SYNTHETIC] Target class distribution for GaussianCopula: {'no': 31942, 'yes': 4226}
2025-05-08 16:30:07,567 - INFO - [SYNTHETIC] Using TVAE to generate 36168 rows...
2025-05-08 16:30:08,061 - INFO - {'EVENT': 'Sample', 'TIMESTAMP': datetime.datetime(2025, 5, 8, 16, 30, 7, 567104), 'SYNTHESIZER CLASS NAME': 'TVAESynthesizer', 'SYNTHESIZER ID': 'TVAESynthesizer_1.18.0_d862dc02a65a49feb3fa6c158db7eba4', 'TOTAL NUMBER OF TABLES': 1, 'TOTAL NUMBER OF ROWS': 36168, 'TOTAL NUMBER OF COLUMNS': 31}
2025-05-08 16:30:08,062 - INFO - [SYNTHETIC] TVAE completed: 36168 rows generated.
2025-05-08 16:30:08,063 - INFO - [SYNTHETIC] Target class distribution for TVAE: {'no': 32847, 'yes': 3321}
2025-05-08 16:30:08,064 - INFO - [SYNTHETIC PIPELINE] Synthetic Data Generation Completed.
2025-05-08 16:30:08,064 - INFO - [SYNTHETIC PIPELINE] Synthesizers used: ['CTGAN', 'GaussianCopula', 'TVAE']
2025-05-08 16:30:08,064 - INFO - [SYNTHETIC PIPELINE] Evaluating synthetic dataset generated by CTGAN...
2025-05-08 16:30:08,064 - INFO - [SYNTHETIC EVAL] Real data columns     (31): ['age', 'job_0', 'job_1', 'job_2', 'job_3', 'marital_0', 'marital_1', 'education_0', 'education_1', 'education_2', 'default_0', 'default_1', 'balance', 'housing_0', 'housing_1', 'loan_0', 'loan_1', 'contact_0', 'contact_1', 'day', 'month_0', 'month_1', 'month_2', 'month_3', 'campaign', 'pdays', 'previous', 'poutcome_0', 'poutcome_1', 'poutcome_2', 'y']
2025-05-08 16:30:08,064 - INFO - [SYNTHETIC EVAL] Synthetic data columns (31): ['age', 'job_0', 'job_1', 'job_2', 'job_3', 'marital_0', 'marital_1', 'education_0', 'education_1', 'education_2', 'default_0', 'default_1', 'balance', 'housing_0', 'housing_1', 'loan_0', 'loan_1', 'contact_0', 'contact_1', 'day', 'month_0', 'month_1', 'month_2', 'month_3', 'campaign', 'pdays', 'previous', 'poutcome_0', 'poutcome_1', 'poutcome_2', 'y']
2025-05-08 16:30:08,064 - INFO - [SYNTHETIC EVAL] Metadata columns      (31): ['age', 'job_0', 'job_1', 'job_2', 'job_3', 'marital_0', 'marital_1', 'education_0', 'education_1', 'education_2', 'default_0', 'default_1', 'balance', 'housing_0', 'housing_1', 'loan_0', 'loan_1', 'contact_0', 'contact_1', 'day', 'month_0', 'month_1', 'month_2', 'month_3', 'campaign', 'pdays', 'previous', 'poutcome_0', 'poutcome_1', 'poutcome_2', 'y']
2025-05-08 16:30:08,065 - INFO - [SYNTHETIC EVAL] Shape — Real: (36168, 31), Synthetic: (36168, 31)
2025-05-08 16:30:08,065 - INFO - [SYNTHETIC EVAL] Metadata structure:
{
  "columns": {
    "age": {
      "sdtype": "categorical"
    },
    "job_0": {
      "sdtype": "categorical"
    },
    "job_1": {
      "sdtype": "categorical"
    },
    "job_2": {
      "sdtype": "categorical"
    },
    "job_3": {
      "sdtype": "categorical"
    },
    "marital_0": {
      "sdtype": "categorical"
    },
    "marital_1": {
      "sdtype": "categorical"
    },
    "education_0": {
      "sdtype": "categorical"
    },
    "education_1": {
      "sdtype": "categorical"
    },
    "education_2": {
      "sdtype": "categorical"
    },
    "default_0": {
      "sdtype": "categorical"
    },
    "default_1": {
      "sdtype": "categorical"
    },
    "balance": {
      "sdtype": "numerical"
    },
    "housing_0": {
      "sdtype": "categorical"
    },
    "housing_1": {
      "sdtype": "categorical"
    },
    "loan_0": {
      "sdtype": "categorical"
    },
    "loan_1": {
      "sdtype": "categorical"
    },
    "contact_0": {
      "sdtype": "categorical"
    },
    "contact_1": {
      "sdtype": "categorical"
    },
    "day": {
      "sdtype": "numerical"
    },
    "month_0": {
      "sdtype": "categorical"
    },
    "month_1": {
      "sdtype": "categorical"
    },
    "month_2": {
      "sdtype": "categorical"
    },
    "month_3": {
      "sdtype": "categorical"
    },
    "campaign": {
      "sdtype": "numerical"
    },
    "pdays": {
      "sdtype": "numerical"
    },
    "previous": {
      "sdtype": "numerical"
    },
    "poutcome_0": {
      "sdtype": "categorical"
    },
    "poutcome_1": {
      "sdtype": "categorical"
    },
    "poutcome_2": {
      "sdtype": "categorical"
    },
    "y": {
      "sdtype": "categorical"
    }
  },
  "METADATA_SPEC_VERSION": "SINGLE_TABLE_V1"
}
2025-05-08 16:30:09,810 - INFO - [SYNTHETIC PIPELINE] Evaluating synthetic dataset generated by GaussianCopula...
2025-05-08 16:30:09,811 - INFO - [SYNTHETIC EVAL] Real data columns     (31): ['age', 'job_0', 'job_1', 'job_2', 'job_3', 'marital_0', 'marital_1', 'education_0', 'education_1', 'education_2', 'default_0', 'default_1', 'balance', 'housing_0', 'housing_1', 'loan_0', 'loan_1', 'contact_0', 'contact_1', 'day', 'month_0', 'month_1', 'month_2', 'month_3', 'campaign', 'pdays', 'previous', 'poutcome_0', 'poutcome_1', 'poutcome_2', 'y']
2025-05-08 16:30:09,811 - INFO - [SYNTHETIC EVAL] Synthetic data columns (31): ['age', 'job_0', 'job_1', 'job_2', 'job_3', 'marital_0', 'marital_1', 'education_0', 'education_1', 'education_2', 'default_0', 'default_1', 'balance', 'housing_0', 'housing_1', 'loan_0', 'loan_1', 'contact_0', 'contact_1', 'day', 'month_0', 'month_1', 'month_2', 'month_3', 'campaign', 'pdays', 'previous', 'poutcome_0', 'poutcome_1', 'poutcome_2', 'y']
2025-05-08 16:30:09,811 - INFO - [SYNTHETIC EVAL] Metadata columns      (31): ['age', 'job_0', 'job_1', 'job_2', 'job_3', 'marital_0', 'marital_1', 'education_0', 'education_1', 'education_2', 'default_0', 'default_1', 'balance', 'housing_0', 'housing_1', 'loan_0', 'loan_1', 'contact_0', 'contact_1', 'day', 'month_0', 'month_1', 'month_2', 'month_3', 'campaign', 'pdays', 'previous', 'poutcome_0', 'poutcome_1', 'poutcome_2', 'y']
2025-05-08 16:30:09,811 - INFO - [SYNTHETIC EVAL] Shape — Real: (36168, 31), Synthetic: (36168, 31)
2025-05-08 16:30:09,811 - INFO - [SYNTHETIC EVAL] Metadata structure:
{
  "columns": {
    "age": {
      "sdtype": "categorical"
    },
    "job_0": {
      "sdtype": "categorical"
    },
    "job_1": {
      "sdtype": "categorical"
    },
    "job_2": {
      "sdtype": "categorical"
    },
    "job_3": {
      "sdtype": "categorical"
    },
    "marital_0": {
      "sdtype": "categorical"
    },
    "marital_1": {
      "sdtype": "categorical"
    },
    "education_0": {
      "sdtype": "categorical"
    },
    "education_1": {
      "sdtype": "categorical"
    },
    "education_2": {
      "sdtype": "categorical"
    },
    "default_0": {
      "sdtype": "categorical"
    },
    "default_1": {
      "sdtype": "categorical"
    },
    "balance": {
      "sdtype": "numerical"
    },
    "housing_0": {
      "sdtype": "categorical"
    },
    "housing_1": {
      "sdtype": "categorical"
    },
    "loan_0": {
      "sdtype": "categorical"
    },
    "loan_1": {
      "sdtype": "categorical"
    },
    "contact_0": {
      "sdtype": "categorical"
    },
    "contact_1": {
      "sdtype": "categorical"
    },
    "day": {
      "sdtype": "numerical"
    },
    "month_0": {
      "sdtype": "categorical"
    },
    "month_1": {
      "sdtype": "categorical"
    },
    "month_2": {
      "sdtype": "categorical"
    },
    "month_3": {
      "sdtype": "categorical"
    },
    "campaign": {
      "sdtype": "numerical"
    },
    "pdays": {
      "sdtype": "numerical"
    },
    "previous": {
      "sdtype": "numerical"
    },
    "poutcome_0": {
      "sdtype": "categorical"
    },
    "poutcome_1": {
      "sdtype": "categorical"
    },
    "poutcome_2": {
      "sdtype": "categorical"
    },
    "y": {
      "sdtype": "categorical"
    }
  },
  "METADATA_SPEC_VERSION": "SINGLE_TABLE_V1"
}
2025-05-08 16:30:11,529 - INFO - [SYNTHETIC PIPELINE] Evaluating synthetic dataset generated by TVAE...
2025-05-08 16:30:11,529 - INFO - [SYNTHETIC EVAL] Real data columns     (31): ['age', 'job_0', 'job_1', 'job_2', 'job_3', 'marital_0', 'marital_1', 'education_0', 'education_1', 'education_2', 'default_0', 'default_1', 'balance', 'housing_0', 'housing_1', 'loan_0', 'loan_1', 'contact_0', 'contact_1', 'day', 'month_0', 'month_1', 'month_2', 'month_3', 'campaign', 'pdays', 'previous', 'poutcome_0', 'poutcome_1', 'poutcome_2', 'y']
2025-05-08 16:30:11,529 - INFO - [SYNTHETIC EVAL] Synthetic data columns (31): ['age', 'job_0', 'job_1', 'job_2', 'job_3', 'marital_0', 'marital_1', 'education_0', 'education_1', 'education_2', 'default_0', 'default_1', 'balance', 'housing_0', 'housing_1', 'loan_0', 'loan_1', 'contact_0', 'contact_1', 'day', 'month_0', 'month_1', 'month_2', 'month_3', 'campaign', 'pdays', 'previous', 'poutcome_0', 'poutcome_1', 'poutcome_2', 'y']
2025-05-08 16:30:11,530 - INFO - [SYNTHETIC EVAL] Metadata columns      (31): ['age', 'job_0', 'job_1', 'job_2', 'job_3', 'marital_0', 'marital_1', 'education_0', 'education_1', 'education_2', 'default_0', 'default_1', 'balance', 'housing_0', 'housing_1', 'loan_0', 'loan_1', 'contact_0', 'contact_1', 'day', 'month_0', 'month_1', 'month_2', 'month_3', 'campaign', 'pdays', 'previous', 'poutcome_0', 'poutcome_1', 'poutcome_2', 'y']
2025-05-08 16:30:11,530 - INFO - [SYNTHETIC EVAL] Shape — Real: (36168, 31), Synthetic: (36168, 31)
2025-05-08 16:30:11,530 - INFO - [SYNTHETIC EVAL] Metadata structure:
{
  "columns": {
    "age": {
      "sdtype": "categorical"
    },
    "job_0": {
      "sdtype": "categorical"
    },
    "job_1": {
      "sdtype": "categorical"
    },
    "job_2": {
      "sdtype": "categorical"
    },
    "job_3": {
      "sdtype": "categorical"
    },
    "marital_0": {
      "sdtype": "categorical"
    },
    "marital_1": {
      "sdtype": "categorical"
    },
    "education_0": {
      "sdtype": "categorical"
    },
    "education_1": {
      "sdtype": "categorical"
    },
    "education_2": {
      "sdtype": "categorical"
    },
    "default_0": {
      "sdtype": "categorical"
    },
    "default_1": {
      "sdtype": "categorical"
    },
    "balance": {
      "sdtype": "numerical"
    },
    "housing_0": {
      "sdtype": "categorical"
    },
    "housing_1": {
      "sdtype": "categorical"
    },
    "loan_0": {
      "sdtype": "categorical"
    },
    "loan_1": {
      "sdtype": "categorical"
    },
    "contact_0": {
      "sdtype": "categorical"
    },
    "contact_1": {
      "sdtype": "categorical"
    },
    "day": {
      "sdtype": "numerical"
    },
    "month_0": {
      "sdtype": "categorical"
    },
    "month_1": {
      "sdtype": "categorical"
    },
    "month_2": {
      "sdtype": "categorical"
    },
    "month_3": {
      "sdtype": "categorical"
    },
    "campaign": {
      "sdtype": "numerical"
    },
    "pdays": {
      "sdtype": "numerical"
    },
    "previous": {
      "sdtype": "numerical"
    },
    "poutcome_0": {
      "sdtype": "categorical"
    },
    "poutcome_1": {
      "sdtype": "categorical"
    },
    "poutcome_2": {
      "sdtype": "categorical"
    },
    "y": {
      "sdtype": "categorical"
    }
  },
  "METADATA_SPEC_VERSION": "SINGLE_TABLE_V1"
}
2025-05-08 16:30:13,267 - INFO -  [SYNTHETIC PIPELINE]  Synthetic Data Evaluation Completed.
2025-05-08 16:30:13,274 - INFO -  [SYNTHETIC PIPELINE] Synthetic Data Report Generated Successfully.
2025-05-08 16:30:13,493 - INFO - [HYBRID] Generated hybrid dataset shape for CTGAN: (36168, 31)
2025-05-08 16:30:13,494 - INFO - [HYBRID] Target distribution for CTGAN: {'no': 27396, 'yes': 8772}
2025-05-08 16:30:13,623 - INFO -  [HYBRID] Saved hybrid dataset to /mnt/NVMETank/Projects/Students/Dele/A-STUDY-INTO-THE-QUALITY-AND-USABILITY-OF-PRIVACY-FRIENDLY-SYNTHETIC-DATA/datasets/hybrid/bankMarketing_k2_l2_sup30_CTGAN_HYBRID.csv
2025-05-08 16:30:13,623 - INFO - [HYBRID] Generated hybrid dataset shape for GaussianCopula: (36168, 31)
2025-05-08 16:30:13,625 - INFO - [HYBRID] Target distribution for GaussianCopula: {'no': 31942, 'yes': 4226}
2025-05-08 16:30:13,754 - INFO -  [HYBRID] Saved hybrid dataset to /mnt/NVMETank/Projects/Students/Dele/A-STUDY-INTO-THE-QUALITY-AND-USABILITY-OF-PRIVACY-FRIENDLY-SYNTHETIC-DATA/datasets/hybrid/bankMarketing_k2_l2_sup30_GaussianCopula_HYBRID.csv
2025-05-08 16:30:13,754 - INFO - [HYBRID] Generated hybrid dataset shape for TVAE: (36168, 31)
2025-05-08 16:30:13,755 - INFO - [HYBRID] Target distribution for TVAE: {'no': 32847, 'yes': 3321}
2025-05-08 16:30:13,885 - INFO -  [HYBRID] Saved hybrid dataset to /mnt/NVMETank/Projects/Students/Dele/A-STUDY-INTO-THE-QUALITY-AND-USABILITY-OF-PRIVACY-FRIENDLY-SYNTHETIC-DATA/datasets/hybrid/bankMarketing_k2_l2_sup30_TVAE_HYBRID.csv
2025-05-08 16:30:13,885 - INFO -  [HYBRID] Hybrid pipeline complete — 3 dataset(s) ready.
2025-05-08 16:30:13,885 - INFO - [HYBRID] Total rows across all hybrid datasets: 108504
2025-05-08 16:30:13,885 - INFO - Hybrid pipeline completed successfully.
2025-05-08 16:30:13,885 - INFO - Hybrid pipeline duration: 3696.93 seconds
2025-05-08 16:30:13,885 - INFO - Starting Utility...
2025-05-08 16:30:13,885 - INFO - [UTILITY] Preparing datasets for machine learning...
2025-05-08 16:30:13,887 - INFO - [UTILITY] Original Data - Training Size: 36168, Testing Size: 9043
2025-05-08 16:30:13,888 - INFO - [UTILITY] Target class distribution (Original): {'no': 31937, 'yes': 4231}
2025-05-08 16:30:13,889 - INFO - [UTILITY] Processing anonymized dataset...
2025-05-08 16:30:13,894 - INFO - [UTILITY] Anonymized Data - Training Size: 36168
2025-05-08 16:30:13,895 - INFO - [UTILITY] Target class distribution (Anonymous): {'no': 31937, 'yes': 4231}
2025-05-08 16:30:13,896 - INFO - [UTILITY] Processing hybrid dataset generated by CTGAN...
2025-05-08 16:30:13,898 - INFO - [UTILITY] Hybrid Data (CTGAN_HYBRID) - Training Size: 36168
2025-05-08 16:30:13,899 - INFO - [UTILITY] Target class distribution (CTGAN_HYBRID): {'no': 27396, 'yes': 8772}
2025-05-08 16:30:13,900 - INFO - [UTILITY] Processing hybrid dataset generated by GaussianCopula...
2025-05-08 16:30:13,903 - INFO - [UTILITY] Hybrid Data (GaussianCopula_HYBRID) - Training Size: 36168
2025-05-08 16:30:13,904 - INFO - [UTILITY] Target class distribution (GaussianCopula_HYBRID): {'no': 31942, 'yes': 4226}
2025-05-08 16:30:13,905 - INFO - [UTILITY] Processing hybrid dataset generated by TVAE...
2025-05-08 16:30:13,907 - INFO - [UTILITY] Hybrid Data (TVAE_HYBRID) - Training Size: 36168
2025-05-08 16:30:13,908 - INFO - [UTILITY] Target class distribution (TVAE_HYBRID): {'no': 32847, 'yes': 3321}
2025-05-08 16:30:13,908 - INFO - [UTILITY] Training models on all datasets...
2025-05-08 16:30:13,908 - INFO - [UTILITY] Total datasets used for training: 5
2025-05-08 16:30:13,908 - INFO - [TRAINING] Training models from scratch...
2025-05-08 16:30:13,908 - INFO - [TRAINING] Starting training for dataset: Original — Rows: 36168, Features: 30
2025-05-08 16:30:13,908 - INFO - [TRAINING] Training DecisionTree on Original...
2025-05-08 16:30:14,117 - INFO - [TRAINING] DecisionTree trained successfully on Original in 0.21 sec
2025-05-08 16:30:14,117 - INFO - [TRAINING] Training KNN on Original...
2025-05-08 16:30:14,133 - INFO - [TRAINING] KNN trained successfully on Original in 0.02 sec
2025-05-08 16:30:14,134 - INFO - [TRAINING] Training LogisticRegression on Original...
2025-05-08 16:30:14,575 - INFO - [TRAINING] LogisticRegression trained successfully on Original in 0.44 sec
2025-05-08 16:30:14,575 - INFO - [TRAINING] Training RandomForest on Original...
2025-05-08 16:30:17,142 - INFO - [TRAINING] RandomForest trained successfully on Original in 2.57 sec
2025-05-08 16:30:17,142 - INFO - [TRAINING] Finished training 4 model(s) for dataset: Original
2025-05-08 16:30:17,142 - INFO - [TRAINING] Starting training for dataset: Anonymous — Rows: 36168, Features: 30
2025-05-08 16:30:17,142 - INFO - [TRAINING] Training DecisionTree on Anonymous...
2025-05-08 16:30:17,352 - INFO - [TRAINING] DecisionTree trained successfully on Anonymous in 0.21 sec
2025-05-08 16:30:17,352 - INFO - [TRAINING] Training KNN on Anonymous...
2025-05-08 16:30:17,405 - INFO - [TRAINING] KNN trained successfully on Anonymous in 0.05 sec
2025-05-08 16:30:17,405 - INFO - [TRAINING] Training LogisticRegression on Anonymous...
2025-05-08 16:30:17,864 - INFO - [TRAINING] LogisticRegression trained successfully on Anonymous in 0.46 sec
2025-05-08 16:30:17,864 - INFO - [TRAINING] Training RandomForest on Anonymous...
2025-05-08 16:30:20,243 - INFO - [TRAINING] RandomForest trained successfully on Anonymous in 2.38 sec
2025-05-08 16:30:20,243 - INFO - [TRAINING] Finished training 4 model(s) for dataset: Anonymous
2025-05-08 16:30:20,243 - INFO - [TRAINING] Starting training for dataset: CTGAN_HYBRID — Rows: 36168, Features: 30
2025-05-08 16:30:20,243 - INFO - [TRAINING] Training DecisionTree on CTGAN_HYBRID...
2025-05-08 16:30:20,433 - INFO - [TRAINING] DecisionTree trained successfully on CTGAN_HYBRID in 0.19 sec
2025-05-08 16:30:20,433 - INFO - [TRAINING] Training KNN on CTGAN_HYBRID...
2025-05-08 16:30:20,452 - INFO - [TRAINING] KNN trained successfully on CTGAN_HYBRID in 0.02 sec
2025-05-08 16:30:20,452 - INFO - [TRAINING] Training LogisticRegression on CTGAN_HYBRID...
2025-05-08 16:30:20,797 - INFO - [TRAINING] LogisticRegression trained successfully on CTGAN_HYBRID in 0.34 sec
2025-05-08 16:30:20,797 - INFO - [TRAINING] Training RandomForest on CTGAN_HYBRID...
2025-05-08 16:30:23,513 - INFO - [TRAINING] RandomForest trained successfully on CTGAN_HYBRID in 2.72 sec
2025-05-08 16:30:23,514 - INFO - [TRAINING] Finished training 4 model(s) for dataset: CTGAN_HYBRID
2025-05-08 16:30:23,514 - INFO - [TRAINING] Starting training for dataset: GaussianCopula_HYBRID — Rows: 36168, Features: 30
2025-05-08 16:30:23,514 - INFO - [TRAINING] Training DecisionTree on GaussianCopula_HYBRID...
2025-05-08 16:30:23,724 - INFO - [TRAINING] DecisionTree trained successfully on GaussianCopula_HYBRID in 0.21 sec
2025-05-08 16:30:23,724 - INFO - [TRAINING] Training KNN on GaussianCopula_HYBRID...
2025-05-08 16:30:23,744 - INFO - [TRAINING] KNN trained successfully on GaussianCopula_HYBRID in 0.02 sec
2025-05-08 16:30:23,744 - INFO - [TRAINING] Training LogisticRegression on GaussianCopula_HYBRID...
2025-05-08 16:30:24,101 - INFO - [TRAINING] LogisticRegression trained successfully on GaussianCopula_HYBRID in 0.36 sec
2025-05-08 16:30:24,101 - INFO - [TRAINING] Training RandomForest on GaussianCopula_HYBRID...
2025-05-08 16:30:27,012 - INFO - [TRAINING] RandomForest trained successfully on GaussianCopula_HYBRID in 2.91 sec
2025-05-08 16:30:27,012 - INFO - [TRAINING] Finished training 4 model(s) for dataset: GaussianCopula_HYBRID
2025-05-08 16:30:27,012 - INFO - [TRAINING] Starting training for dataset: TVAE_HYBRID — Rows: 36168, Features: 30
2025-05-08 16:30:27,012 - INFO - [TRAINING] Training DecisionTree on TVAE_HYBRID...
2025-05-08 16:30:27,157 - INFO - [TRAINING] DecisionTree trained successfully on TVAE_HYBRID in 0.14 sec
2025-05-08 16:30:27,157 - INFO - [TRAINING] Training KNN on TVAE_HYBRID...
2025-05-08 16:30:27,176 - INFO - [TRAINING] KNN trained successfully on TVAE_HYBRID in 0.02 sec
2025-05-08 16:30:27,176 - INFO - [TRAINING] Training LogisticRegression on TVAE_HYBRID...
2025-05-08 16:30:27,599 - INFO - [TRAINING] LogisticRegression trained successfully on TVAE_HYBRID in 0.42 sec
2025-05-08 16:30:27,599 - INFO - [TRAINING] Training RandomForest on TVAE_HYBRID...
2025-05-08 16:30:29,542 - INFO - [TRAINING] RandomForest trained successfully on TVAE_HYBRID in 1.94 sec
2025-05-08 16:30:29,542 - INFO - [TRAINING] Finished training 4 model(s) for dataset: TVAE_HYBRID
2025-05-08 16:30:29,542 - INFO - [TRAINING] Total models trained across all datasets: 20
2025-05-08 16:30:29,542 - INFO - [UTILITY] Trained model names: ['Original', 'Anonymous', 'CTGAN_HYBRID', 'GaussianCopula_HYBRID', 'TVAE_HYBRID']
2025-05-08 16:30:29,542 - INFO - [UTILITY] Model Training Completed.
2025-05-08 16:30:29,542 - INFO - Starting the Evaluating of models...
2025-05-08 16:30:29,542 - INFO - Preparing evaluation for model 'DecisionTree' across all datasets...
2025-05-08 16:30:29,542 - INFO - Evaluating DecisionTree on Original...
2025-05-08 16:30:29,545 - INFO - Predictions completed for DecisionTree on Original
2025-05-08 16:30:29,545 - INFO - Prediction distribution for DecisionTree on Original: {'no': 7857, 'yes': 1186}
2025-05-08 16:30:29,641 - INFO - Computed 8 metric(s) for DecisionTree on Original
2025-05-08 16:30:29,641 - INFO - Evaluating DecisionTree on Anonymous...
2025-05-08 16:30:29,644 - INFO - Predictions completed for DecisionTree on Anonymous
2025-05-08 16:30:29,644 - INFO - Prediction distribution for DecisionTree on Anonymous: {'no': 7863, 'yes': 1180}
2025-05-08 16:30:29,741 - INFO - Computed 8 metric(s) for DecisionTree on Anonymous
2025-05-08 16:30:29,741 - INFO - Evaluating DecisionTree on CTGAN_HYBRID...
2025-05-08 16:30:29,743 - INFO - Predictions completed for DecisionTree on CTGAN_HYBRID
2025-05-08 16:30:29,744 - INFO - Prediction distribution for DecisionTree on CTGAN_HYBRID: {'no': 6535, 'yes': 2508}
2025-05-08 16:30:29,840 - INFO - Computed 8 metric(s) for DecisionTree on CTGAN_HYBRID
2025-05-08 16:30:29,841 - INFO - Evaluating DecisionTree on GaussianCopula_HYBRID...
2025-05-08 16:30:29,843 - INFO - Predictions completed for DecisionTree on GaussianCopula_HYBRID
2025-05-08 16:30:29,843 - INFO - Prediction distribution for DecisionTree on GaussianCopula_HYBRID: {'no': 7885, 'yes': 1158}
2025-05-08 16:30:29,938 - INFO - Computed 8 metric(s) for DecisionTree on GaussianCopula_HYBRID
2025-05-08 16:30:29,938 - INFO - Evaluating DecisionTree on TVAE_HYBRID...
2025-05-08 16:30:29,940 - INFO - Predictions completed for DecisionTree on TVAE_HYBRID
2025-05-08 16:30:29,941 - INFO - Prediction distribution for DecisionTree on TVAE_HYBRID: {'no': 7146, 'yes': 1897}
2025-05-08 16:30:30,036 - INFO - Computed 8 metric(s) for DecisionTree on TVAE_HYBRID
2025-05-08 16:30:30,036 - INFO - Preparing evaluation for model 'KNN' across all datasets...
2025-05-08 16:30:30,036 - INFO - Evaluating KNN on Original...
2025-05-08 16:30:32,383 - INFO - Predictions completed for KNN on Original
2025-05-08 16:30:32,383 - INFO - Prediction distribution for KNN on Original: {'no': 8753, 'yes': 290}
2025-05-08 16:30:36,893 - INFO - Computed 8 metric(s) for KNN on Original
2025-05-08 16:30:36,893 - INFO - Evaluating KNN on Anonymous...
2025-05-08 16:30:39,220 - INFO - Predictions completed for KNN on Anonymous
2025-05-08 16:30:39,220 - INFO - Prediction distribution for KNN on Anonymous: {'no': 8738, 'yes': 305}
2025-05-08 16:30:43,739 - INFO - Computed 8 metric(s) for KNN on Anonymous
2025-05-08 16:30:43,739 - INFO - Evaluating KNN on CTGAN_HYBRID...
2025-05-08 16:30:46,295 - INFO - Predictions completed for KNN on CTGAN_HYBRID
2025-05-08 16:30:46,296 - INFO - Prediction distribution for KNN on CTGAN_HYBRID: {'no': 7830, 'yes': 1213}
2025-05-08 16:30:51,086 - INFO - Computed 8 metric(s) for KNN on CTGAN_HYBRID
2025-05-08 16:30:51,087 - INFO - Evaluating KNN on GaussianCopula_HYBRID...
2025-05-08 16:30:53,513 - INFO - Predictions completed for KNN on GaussianCopula_HYBRID
2025-05-08 16:30:53,514 - INFO - Prediction distribution for KNN on GaussianCopula_HYBRID: {'no': 8849, 'yes': 194}
2025-05-08 16:30:58,123 - INFO - Computed 8 metric(s) for KNN on GaussianCopula_HYBRID
2025-05-08 16:30:58,123 - INFO - Evaluating KNN on TVAE_HYBRID...
2025-05-08 16:31:00,557 - INFO - Predictions completed for KNN on TVAE_HYBRID
2025-05-08 16:31:00,558 - INFO - Prediction distribution for KNN on TVAE_HYBRID: {'no': 8066, 'yes': 977}
2025-05-08 16:31:05,180 - INFO - Computed 8 metric(s) for KNN on TVAE_HYBRID
2025-05-08 16:31:05,180 - INFO - Preparing evaluation for model 'LogisticRegression' across all datasets...
2025-05-08 16:31:05,180 - INFO - Evaluating LogisticRegression on Original...
2025-05-08 16:31:05,182 - INFO - Predictions completed for LogisticRegression on Original
2025-05-08 16:31:05,183 - INFO - Prediction distribution for LogisticRegression on Original: {'no': 8778, 'yes': 265}
2025-05-08 16:31:05,277 - INFO - Computed 8 metric(s) for LogisticRegression on Original
2025-05-08 16:31:05,277 - INFO - Evaluating LogisticRegression on Anonymous...
2025-05-08 16:31:05,279 - INFO - Predictions completed for LogisticRegression on Anonymous
2025-05-08 16:31:05,280 - INFO - Prediction distribution for LogisticRegression on Anonymous: {'no': 8763, 'yes': 280}
2025-05-08 16:31:05,375 - INFO - Computed 8 metric(s) for LogisticRegression on Anonymous
2025-05-08 16:31:05,375 - INFO - Evaluating LogisticRegression on CTGAN_HYBRID...
2025-05-08 16:31:05,376 - INFO - Predictions completed for LogisticRegression on CTGAN_HYBRID
2025-05-08 16:31:05,377 - INFO - Prediction distribution for LogisticRegression on CTGAN_HYBRID: {'no': 8431, 'yes': 612}
2025-05-08 16:31:05,471 - INFO - Computed 8 metric(s) for LogisticRegression on CTGAN_HYBRID
2025-05-08 16:31:05,472 - INFO - Evaluating LogisticRegression on GaussianCopula_HYBRID...
2025-05-08 16:31:05,473 - INFO - Predictions completed for LogisticRegression on GaussianCopula_HYBRID
2025-05-08 16:31:05,474 - INFO - Prediction distribution for LogisticRegression on GaussianCopula_HYBRID: {'no': 9042, 'yes': 1}
2025-05-08 16:31:05,564 - INFO - Computed 8 metric(s) for LogisticRegression on GaussianCopula_HYBRID
2025-05-08 16:31:05,564 - INFO - Evaluating LogisticRegression on TVAE_HYBRID...
2025-05-08 16:31:05,566 - INFO - Predictions completed for LogisticRegression on TVAE_HYBRID
2025-05-08 16:31:05,566 - INFO - Prediction distribution for LogisticRegression on TVAE_HYBRID: {'no': 7312, 'yes': 1731}
2025-05-08 16:31:05,662 - INFO - Computed 8 metric(s) for LogisticRegression on TVAE_HYBRID
2025-05-08 16:31:05,662 - INFO - Preparing evaluation for model 'RandomForest' across all datasets...
2025-05-08 16:31:05,662 - INFO - Evaluating RandomForest on Original...
2025-05-08 16:31:05,771 - INFO - Predictions completed for RandomForest on Original
2025-05-08 16:31:05,772 - INFO - Prediction distribution for RandomForest on Original: {'no': 8658, 'yes': 385}
2025-05-08 16:31:06,082 - INFO - Computed 8 metric(s) for RandomForest on Original
2025-05-08 16:31:06,082 - INFO - Evaluating RandomForest on Anonymous...
2025-05-08 16:31:06,191 - INFO - Predictions completed for RandomForest on Anonymous
2025-05-08 16:31:06,192 - INFO - Prediction distribution for RandomForest on Anonymous: {'no': 8651, 'yes': 392}
2025-05-08 16:31:06,501 - INFO - Computed 8 metric(s) for RandomForest on Anonymous
2025-05-08 16:31:06,501 - INFO - Evaluating RandomForest on CTGAN_HYBRID...
2025-05-08 16:31:06,627 - INFO - Predictions completed for RandomForest on CTGAN_HYBRID
2025-05-08 16:31:06,628 - INFO - Prediction distribution for RandomForest on CTGAN_HYBRID: {'no': 8193, 'yes': 850}
2025-05-08 16:31:06,975 - INFO - Computed 8 metric(s) for RandomForest on CTGAN_HYBRID
2025-05-08 16:31:06,975 - INFO - Evaluating RandomForest on GaussianCopula_HYBRID...
2025-05-08 16:31:07,059 - INFO - Predictions completed for RandomForest on GaussianCopula_HYBRID
2025-05-08 16:31:07,060 - INFO - Prediction distribution for RandomForest on GaussianCopula_HYBRID: {'no': 9042, 'yes': 1}
2025-05-08 16:31:07,320 - INFO - Computed 8 metric(s) for RandomForest on GaussianCopula_HYBRID
2025-05-08 16:31:07,320 - INFO - Evaluating RandomForest on TVAE_HYBRID...
2025-05-08 16:31:07,407 - INFO - Predictions completed for RandomForest on TVAE_HYBRID
2025-05-08 16:31:07,408 - INFO - Prediction distribution for RandomForest on TVAE_HYBRID: {'no': 7791, 'yes': 1252}
2025-05-08 16:31:07,674 - INFO - Computed 8 metric(s) for RandomForest on TVAE_HYBRID
2025-05-08 16:31:07,678 - INFO - Evaluation completed for all models.
2025-05-08 16:31:07,678 - INFO - Model evaluation completed in 38.14 seconds.
2025-05-08 16:31:07,680 - INFO - Evaluated models: ['DecisionTree', 'KNN', 'LogisticRegression', 'RandomForest']
2025-05-08 16:31:07,680 - INFO - Model Training and Evaluation completed.
2025-05-08 16:31:08,186 - INFO -  Visualizations saved.
2025-05-08 16:31:08,186 - INFO -  Benchmarking Completed. Results saved in output folder.
