2025-04-08 16:36:27,430 - INFO - Loaded config file: configs/benchmark_config.yaml
2025-04-08 16:36:27,431 - INFO -  Benchmarking started for dataset: studentPerformance
2025-04-08 16:36:27,431 - INFO - Configuration loaded: enable_anonymization = True, enable_synthesis = False
2025-04-08 16:36:27,431 - INFO - Running preprocessing...
2025-04-08 16:36:27,436 - INFO - Preprocessed files found. Skipping preprocessing.
2025-04-08 16:36:27,464 - INFO - Preprocessing completed. Rows before: 4424, after: 3539
2025-04-08 16:36:27,465 - INFO - enable_anonymization = None
2025-04-08 16:36:28,694 - INFO - Running Java Anonymization Program...
2025-04-08 16:36:30,157 - INFO - Anonymized data saved to: C:\Users\delea\OneDrive\Documents\Desktop\Master_Thesis\MasterThesisCode\datasets\anonymized\studentPerformance_anonymized.csv
2025-04-08 16:36:30,205 - INFO - Loaded anonymized data: (3539, 37)
2025-04-08 16:36:30,312 - INFO - Encoding applied to anonymized data. Encoded shape: (3539, 23)
2025-04-08 16:36:30,323 - INFO - Encoded anonymized dataset saved to: datasets/anonymized/studentPerformance_anonymized_encoded.csv
2025-04-08 16:36:30,324 - INFO - enable_synthetic_generation = False
2025-04-08 16:36:30,325 - INFO - Synthetic Data Generation Skipped (Disabled in Configuration).
2025-04-08 16:36:30,325 - INFO - Synthetic data generated with 0 synthesizers.
2025-04-08 16:36:30,326 - INFO - Preparing datasets for machine learning...
2025-04-08 16:36:30,328 - INFO - Original Data - Training Size: 3539, Testing Size: 885
2025-04-08 16:36:30,330 - INFO - Processing anonymized dataset...
2025-04-08 16:36:30,331 - INFO - Anonymized Data - Training Size: 3539
2025-04-08 16:36:30,331 - INFO - Training models on all datasets...
2025-04-08 16:36:31,083 - INFO - Model Training Completed.
2025-04-08 16:36:31,083 - INFO - Evaluating models...
2025-04-08 16:36:31,403 - INFO - Model Training and Evaluation completed.
2025-04-08 16:36:32,064 - INFO -  Visualizations saved.
2025-04-08 16:36:32,064 - INFO -  Benchmarking Completed. Results saved in output folder.
