2025-05-08 18:41:21,934 - INFO - Loaded config file: configs/generated_configs/loan/loan_anon_k13_sl0p01_l5.yaml
2025-05-08 18:41:21,934 - INFO -  Benchmarking started for dataset: loan
2025-05-08 18:41:21,934 - INFO - Using dataset path: /mnt/NVMETank/Projects/Students/Dele/A-STUDY-INTO-THE-QUALITY-AND-USABILITY-OF-PRIVACY-FRIENDLY-SYNTHETIC-DATA/datasets/original/loan.csv
2025-05-08 18:41:21,934 - INFO - Target column: Loan_Status, separator: ','
2025-05-08 18:41:21,935 - INFO - Configuration loaded: enable_anonymization = True, enable_synthesis = False, enable_hybrid = True, enable_utility = True, delete_after_evaluation = False
2025-05-08 18:41:21,935 - INFO - Running preprocessing...
2025-05-08 18:41:21,939 - INFO -  [PREPROCESSING] Preprocessed files found. Skipping preprocessing.
2025-05-08 18:41:21,947 - INFO - Preprocessing completed. Rows before: 614, after: 336
2025-05-08 18:41:21,947 - INFO - Preprocessed data saved to: outputs/batch/loan_batch_2025-05-08_18-38-44/loan_anon_k13_sl0p01_l5/preprocessing_report.txt
2025-05-08 18:41:21,947 - INFO - enable_anonymization = True
2025-05-08 18:41:21,948 - INFO - Starting Anonymization Pipeline with output path: /mnt/NVMETank/Projects/Students/Dele/A-STUDY-INTO-THE-QUALITY-AND-USABILITY-OF-PRIVACY-FRIENDLY-SYNTHETIC-DATA/datasets/anonymized/loan_k13_l5_sup01_anonymized.csv.......
2025-05-08 18:41:21,952 - INFO -  [ANONYMIZATION] Executing run_anonymization, config_path : configs/generated_configs/loan/loan_anon_k13_sl0p01_l5.yaml...........
2025-05-08 18:41:21,952 - INFO -  [ANONYMIZATION] Using JAR file at /mnt/NVMETank/Projects/Students/Dele/A-STUDY-INTO-THE-QUALITY-AND-USABILITY-OF-PRIVACY-FRIENDLY-SYNTHETIC-DATA/src/anonymization/anonymARXij/bin/anonymARXij.jar to anonymize the dataset.
2025-05-08 18:41:23,154 - INFO -  [ANONYMIZATION] Anonimized file saved to : /mnt/NVMETank/Projects/Students/Dele/A-STUDY-INTO-THE-QUALITY-AND-USABILITY-OF-PRIVACY-FRIENDLY-SYNTHETIC-DATA/datasets/anonymized/loan_k13_l5_sup01_anonymized.csv
2025-05-08 18:41:23,154 - INFO -  [ANONYMIZATION] Java anonymization completed successfully.
2025-05-08 18:41:23,154 - INFO -  [ANONYMIZATION] Java STDOUT:
📄 Java received config path: /mnt/NVMETank/Projects/Students/Dele/A-STUDY-INTO-THE-QUALITY-AND-USABILITY-OF-PRIVACY-FRIENDLY-SYNTHETIC-DATA/configs/generated_configs/loan/loan_anon_k13_sl0p01_l5.yaml
🔹 Loading config from: /mnt/NVMETank/Projects/Students/Dele/A-STUDY-INTO-THE-QUALITY-AND-USABILITY-OF-PRIVACY-FRIENDLY-SYNTHETIC-DATA/configs/generated_configs/loan/loan_anon_k13_sl0p01_l5.yaml
Loading config from: /mnt/NVMETank/Projects/Students/Dele/A-STUDY-INTO-THE-QUALITY-AND-USABILITY-OF-PRIVACY-FRIENDLY-SYNTHETIC-DATA/configs/generated_configs/loan/loan_anon_k13_sl0p01_l5.yaml
📂 Dataset Path (from args): /mnt/NVMETank/Projects/Students/Dele/A-STUDY-INTO-THE-QUALITY-AND-USABILITY-OF-PRIVACY-FRIENDLY-SYNTHETIC-DATA/datasets/train/loan_train_raw.csv
🔹 Dataset Separator: ,
🔹 Suppression Limit: 0.01

🔹 Configured Attributes:
  ✅ Quasi-Identifier: Gender
  ✅ Quasi-Identifier: Married
  ✅ Quasi-Identifier: Education
  ✅ Quasi-Identifier: Dependents
  ✅ Quasi-Identifier: Self_Employed
  ✅ Quasi-Identifier: Property_Area
  ✅ Quasi-Identifier: Credit_History
  ✅ Quasi-Identifier: Loan_Amount_Term
  ✅ Sensitive Attribute: LoanAmount
  ✅ Insensitive Attribute: Loan_Status
  ✅ Insensitive Attribute: ApplicantIncome
  ✅ Insensitive Attribute: CoapplicantIncome

🔹 Defined Hierarchies:
  ✅ Property_Area -> /mnt/NVMETank/Projects/Students/Dele/A-STUDY-INTO-THE-QUALITY-AND-USABILITY-OF-PRIVACY-FRIENDLY-SYNTHETIC-DATA/src/anonymization/anonymARXij/src/hierarchies_loan/property_area.csv
  ✅ Self_Employed -> /mnt/NVMETank/Projects/Students/Dele/A-STUDY-INTO-THE-QUALITY-AND-USABILITY-OF-PRIVACY-FRIENDLY-SYNTHETIC-DATA/src/anonymization/anonymARXij/src/hierarchies_loan/self_employed.csv
  ✅ Credit_History -> /mnt/NVMETank/Projects/Students/Dele/A-STUDY-INTO-THE-QUALITY-AND-USABILITY-OF-PRIVACY-FRIENDLY-SYNTHETIC-DATA/src/anonymization/anonymARXij/src/hierarchies_loan/credit_history.csv
  ✅ Dependents -> /mnt/NVMETank/Projects/Students/Dele/A-STUDY-INTO-THE-QUALITY-AND-USABILITY-OF-PRIVACY-FRIENDLY-SYNTHETIC-DATA/src/anonymization/anonymARXij/src/hierarchies_loan/dependents.csv
  ✅ Education -> /mnt/NVMETank/Projects/Students/Dele/A-STUDY-INTO-THE-QUALITY-AND-USABILITY-OF-PRIVACY-FRIENDLY-SYNTHETIC-DATA/src/anonymization/anonymARXij/src/hierarchies_loan/education.csv
  ✅ Loan_Amount_Term -> /mnt/NVMETank/Projects/Students/Dele/A-STUDY-INTO-THE-QUALITY-AND-USABILITY-OF-PRIVACY-FRIENDLY-SYNTHETIC-DATA/src/anonymization/anonymARXij/src/hierarchies_loan/loan_amount_terms.csv
  ✅ Married -> /mnt/NVMETank/Projects/Students/Dele/A-STUDY-INTO-THE-QUALITY-AND-USABILITY-OF-PRIVACY-FRIENDLY-SYNTHETIC-DATA/src/anonymization/anonymARXij/src/hierarchies_loan/married.csv
  ✅ Gender -> /mnt/NVMETank/Projects/Students/Dele/A-STUDY-INTO-THE-QUALITY-AND-USABILITY-OF-PRIVACY-FRIENDLY-SYNTHETIC-DATA/src/anonymization/anonymARXij/src/hierarchies_loan/gender.csv
Java is searching for hierarchy file at: /mnt/NVMETank/Projects/Students/Dele/A-STUDY-INTO-THE-QUALITY-AND-USABILITY-OF-PRIVACY-FRIENDLY-SYNTHETIC-DATA/src/anonymization/anonymARXij/src/hierarchies_loan/property_area.csv
Java is searching for hierarchy file at: /mnt/NVMETank/Projects/Students/Dele/A-STUDY-INTO-THE-QUALITY-AND-USABILITY-OF-PRIVACY-FRIENDLY-SYNTHETIC-DATA/src/anonymization/anonymARXij/src/hierarchies_loan/self_employed.csv
Java is searching for hierarchy file at: /mnt/NVMETank/Projects/Students/Dele/A-STUDY-INTO-THE-QUALITY-AND-USABILITY-OF-PRIVACY-FRIENDLY-SYNTHETIC-DATA/src/anonymization/anonymARXij/src/hierarchies_loan/credit_history.csv
Java is searching for hierarchy file at: /mnt/NVMETank/Projects/Students/Dele/A-STUDY-INTO-THE-QUALITY-AND-USABILITY-OF-PRIVACY-FRIENDLY-SYNTHETIC-DATA/src/anonymization/anonymARXij/src/hierarchies_loan/dependents.csv
Java is searching for hierarchy file at: /mnt/NVMETank/Projects/Students/Dele/A-STUDY-INTO-THE-QUALITY-AND-USABILITY-OF-PRIVACY-FRIENDLY-SYNTHETIC-DATA/src/anonymization/anonymARXij/src/hierarchies_loan/education.csv
Java is searching for hierarchy file at: /mnt/NVMETank/Projects/Students/Dele/A-STUDY-INTO-THE-QUALITY-AND-USABILITY-OF-PRIVACY-FRIENDLY-SYNTHETIC-DATA/src/anonymization/anonymARXij/src/hierarchies_loan/loan_amount_terms.csv
Java is searching for hierarchy file at: /mnt/NVMETank/Projects/Students/Dele/A-STUDY-INTO-THE-QUALITY-AND-USABILITY-OF-PRIVACY-FRIENDLY-SYNTHETIC-DATA/src/anonymization/anonymARXij/src/hierarchies_loan/married.csv
Java is searching for hierarchy file at: /mnt/NVMETank/Projects/Students/Dele/A-STUDY-INTO-THE-QUALITY-AND-USABILITY-OF-PRIVACY-FRIENDLY-SYNTHETIC-DATA/src/anonymization/anonymARXij/src/hierarchies_loan/gender.csv
✓ Applied Entropy L-Diversity on: LoanAmount (l=5)
🔹 Privacy Models Configured
📂 Anonymized Output Path (from args): /mnt/NVMETank/Projects/Students/Dele/A-STUDY-INTO-THE-QUALITY-AND-USABILITY-OF-PRIVACY-FRIENDLY-SYNTHETIC-DATA/datasets/anonymized/loan_k13_l5_sup01_anonymized.csv
📂 Anonymized Output Path: /mnt/NVMETank/Projects/Students/Dele/A-STUDY-INTO-THE-QUALITY-AND-USABILITY-OF-PRIVACY-FRIENDLY-SYNTHETIC-DATA/datasets/anonymized/loan_k13_l5_sup01_anonymized.csv
✅ Anonymization completed. Output saved to: /mnt/NVMETank/Projects/Students/Dele/A-STUDY-INTO-THE-QUALITY-AND-USABILITY-OF-PRIVACY-FRIENDLY-SYNTHETIC-DATA/datasets/anonymized/loan_k13_l5_sup01_anonymized.csv
Anonymized Data Quality Metrics:
 - Ambiguity: 0.9167303284950343
 - AECS: 0.8393285371702638
 - Discernibility: 0.7804402038382305
 - Granularity: 0.3154574132492116
 - MSE: 0.06206797235023043
 - Non-Uniform Entropy: 0.2978982509145419
 - Precision: 0.3125
 - Record-level SE: 0.05192522068221883
Equivalence Class Statistics:
 - Number of Classes: 6
 - Average Class Size: 56.0
Suppression Statistics:
 - Suppressed Records: 0
 - Suppression Percentage: 0.00%
2025-05-08 18:41:23,154 - INFO - Anonymized data saved to: /mnt/NVMETank/Projects/Students/Dele/A-STUDY-INTO-THE-QUALITY-AND-USABILITY-OF-PRIVACY-FRIENDLY-SYNTHETIC-DATA/datasets/anonymized/loan_k13_l5_sup01_anonymized.csv
2025-05-08 18:41:23,164 - INFO - Anonymous data report saved at: outputs/batch/loan_batch_2025-05-08_18-38-44/loan_anon_k13_sl0p01_l5/anonymous_data_report.txt
2025-05-08 18:41:23,164 - INFO -  [POSTPROCESSING] Postprocessing anonymized data: /mnt/NVMETank/Projects/Students/Dele/A-STUDY-INTO-THE-QUALITY-AND-USABILITY-OF-PRIVACY-FRIENDLY-SYNTHETIC-DATA/datasets/anonymized/loan_k13_l5_sup01_anonymized.csv
2025-05-08 18:41:23,165 - INFO -  [POSTPROCESSING] Loaded anonymized data: (336, 12)
2025-05-08 18:41:23,170 - INFO -  [POSTPROCESSING] Loaded fallback maps from training data. Categorical cols: 7, Numeric cols: 5
2025-05-08 18:41:23,170 - INFO -  [POSTPROCESSING] Normalizing anonymized data using ARX artifact cleaning and fallback values.
2025-05-08 18:41:23,183 - INFO -  [POSTPROCESSING] Normalized anonymized data saved to: /mnt/NVMETank/Projects/Students/Dele/A-STUDY-INTO-THE-QUALITY-AND-USABILITY-OF-PRIVACY-FRIENDLY-SYNTHETIC-DATA/datasets/anonymized/loan_k13_l5_sup01_anonymized_processed.csv
2025-05-08 18:41:23,192 - INFO -  [POSTPROCESSING] Binary Encoding applied to anonymized data. Encoded shape: (336, 19)
2025-05-08 18:41:23,194 - INFO -  [POSTPROCESSING] Encoded anonymized dataset saved to: /mnt/NVMETank/Projects/Students/Dele/A-STUDY-INTO-THE-QUALITY-AND-USABILITY-OF-PRIVACY-FRIENDLY-SYNTHETIC-DATA/datasets/anonymized/loan_k13_l5_sup01_anonymized_encoded.csv
2025-05-08 18:41:23,194 - INFO -  [POSTPROCESSING] Encoding map generated for anonymized data: 0 original categorical columns.
2025-05-08 18:41:23,194 - INFO - Postprocessing report saved at: outputs/batch/loan_batch_2025-05-08_18-38-44/loan_anon_k13_sl0p01_l5/postprocessing_report.txt
2025-05-08 18:41:23,194 - INFO - enable_synthetic_generation = False
2025-05-08 18:41:23,194 - INFO - Synthetic Data Generation Skipped (Disabled in Configuration).
2025-05-08 18:41:23,194 - INFO - Running Hybrid Pipeline...
2025-05-08 18:41:23,194 - INFO -  [HYBRID] Executing run_hybrid...
2025-05-08 18:41:23,194 - INFO -  [HYBRID] Looking for encoded anonymized data in /mnt/NVMETank/Projects/Students/Dele/A-STUDY-INTO-THE-QUALITY-AND-USABILITY-OF-PRIVACY-FRIENDLY-SYNTHETIC-DATA/datasets/anonymized/loan_k13_l5_sup01_anonymized_encoded.csv
2025-05-08 18:41:23,194 - INFO -  [HYBRID ] Loaded cached encoded anonymous data from /mnt/NVMETank/Projects/Students/Dele/A-STUDY-INTO-THE-QUALITY-AND-USABILITY-OF-PRIVACY-FRIENDLY-SYNTHETIC-DATA/datasets/anonymized/loan_k13_l5_sup01_anonymized_encoded.csv
2025-05-08 18:41:23,196 - INFO -  [HYBRID] Starting synthetic generation for hybrid pipeline...
2025-05-08 18:41:23,196 - INFO - Executing run_synthetic.....
2025-05-08 18:41:23,196 - INFO - [SYNTHETIC PIPELINE] executing run_synthetic for loan_k13_l5_sup01...
2025-05-08 18:41:23,196 - INFO - [SYNTHETIC] Processing dataset: loan_k13_l5_sup01
2025-05-08 18:41:23,196 - INFO - [SYNTHETIC] Original dataset size: 336 rows
2025-05-08 18:41:23,210 - INFO - Detected metadata:
2025-05-08 18:41:23,210 - INFO - {
    "columns": {
        "Gender_0": {
            "sdtype": "categorical"
        },
        "Gender_1": {
            "sdtype": "categorical"
        },
        "Married_0": {
            "sdtype": "categorical"
        },
        "Married_1": {
            "sdtype": "categorical"
        },
        "Dependents_0": {
            "sdtype": "categorical"
        },
        "Dependents_1": {
            "sdtype": "categorical"
        },
        "Dependents_2": {
            "sdtype": "categorical"
        },
        "Education_0": {
            "sdtype": "categorical"
        },
        "Education_1": {
            "sdtype": "categorical"
        },
        "Self_Employed_0": {
            "sdtype": "categorical"
        },
        "Self_Employed_1": {
            "sdtype": "categorical"
        },
        "ApplicantIncome": {
            "sdtype": "numerical"
        },
        "CoapplicantIncome": {
            "sdtype": "numerical"
        },
        "LoanAmount": {
            "sdtype": "numerical"
        },
        "Loan_Amount_Term": {
            "sdtype": "categorical"
        },
        "Credit_History": {
            "sdtype": "categorical"
        },
        "Property_Area_0": {
            "sdtype": "categorical"
        },
        "Property_Area_1": {
            "sdtype": "categorical"
        },
        "Loan_Status": {
            "sdtype": "categorical"
        }
    },
    "METADATA_SPEC_VERSION": "SINGLE_TABLE_V1"
}
2025-05-08 18:41:23,210 - INFO - [SYNTHETIC] Preparing synthesizer: CTGAN
2025-05-08 18:41:23,210 - INFO - [SYNTHETIC] Params from config: {'epochs': 300}
2025-05-08 18:41:23,210 - INFO -  [SYNTHETIC] No pre-trained synthesizer found
2025-05-08 18:41:23,210 - INFO - [SYNTHETIC] Training new CTGAN synthesizer from scratch...
2025-05-08 18:41:23,210 - WARNING - [FutureWarning] The 'SingleTableMetadata' is deprecated. Please use the new 'Metadata' class for synthesizers. (from /mnt/NVMETank/Projects/Students/Dele/A-STUDY-INTO-THE-QUALITY-AND-USABILITY-OF-PRIVACY-FRIENDLY-SYNTHETIC-DATA/.venv/lib/python3.12/site-packages/sdv/single_table/base.py:119)
2025-05-08 18:41:23,210 - WARNING - [UserWarning] We strongly recommend saving the metadata using 'save_to_json' for replicability in future SDV versions. (from /mnt/NVMETank/Projects/Students/Dele/A-STUDY-INTO-THE-QUALITY-AND-USABILITY-OF-PRIVACY-FRIENDLY-SYNTHETIC-DATA/.venv/lib/python3.12/site-packages/sdv/single_table/base.py:104)
2025-05-08 18:41:23,216 - INFO - {'EVENT': 'Instance', 'TIMESTAMP': datetime.datetime(2025, 5, 8, 18, 41, 23, 216662), 'SYNTHESIZER CLASS NAME': 'CTGANSynthesizer', 'SYNTHESIZER ID': 'CTGANSynthesizer_1.18.0_5593ee63fffa4d4baf008983c63dad6c'}
2025-05-08 18:41:23,216 - INFO - [SYNTHETIC] CTGAN initialized with epochs: 300
2025-05-08 18:41:23,216 - INFO - [SYNTHETIC] Training parameters for CTGAN: {}
2025-05-08 18:41:23,216 - INFO - [SYNTHETIC] fitting CTGAN 
2025-05-08 18:41:23,217 - INFO - {'EVENT': 'Fit', 'TIMESTAMP': datetime.datetime(2025, 5, 8, 18, 41, 23, 217001), 'SYNTHESIZER CLASS NAME': 'CTGANSynthesizer', 'SYNTHESIZER ID': 'CTGANSynthesizer_1.18.0_5593ee63fffa4d4baf008983c63dad6c', 'TOTAL NUMBER OF TABLES': 1, 'TOTAL NUMBER OF ROWS': 336, 'TOTAL NUMBER OF COLUMNS': 19}
2025-05-08 18:41:23,218 - INFO - Fitting table  metadata
2025-05-08 18:41:23,218 - INFO - Fitting formatters for table 
2025-05-08 18:41:23,220 - INFO - Fitting constraints for table 
2025-05-08 18:41:23,220 - INFO - Setting the configuration for the ``HyperTransformer`` for table 
2025-05-08 18:41:23,221 - INFO - Fitting HyperTransformer for table 
2025-05-08 18:41:23,238 - INFO - {'EVENT': 'Fit processed data', 'TIMESTAMP': datetime.datetime(2025, 5, 8, 18, 41, 23, 238740), 'SYNTHESIZER CLASS NAME': 'CTGANSynthesizer', 'SYNTHESIZER ID': 'CTGANSynthesizer_1.18.0_5593ee63fffa4d4baf008983c63dad6c', 'TOTAL NUMBER OF TABLES': 1, 'TOTAL NUMBER OF ROWS': 336, 'TOTAL NUMBER OF COLUMNS': 19}
2025-05-08 18:41:23,271 - INFO - Guidance: There are no missing values in column ApplicantIncome. Extra column not created.
2025-05-08 18:41:23,373 - INFO - Guidance: There are no missing values in column CoapplicantIncome. Extra column not created.
2025-05-08 18:41:23,406 - INFO - Guidance: There are no missing values in column LoanAmount. Extra column not created.
2025-05-08 18:41:45,969 - INFO - [SYNTHETIC] Fitting complete for CTGAN. Duration: 22.75 seconds.
2025-05-08 18:41:45,969 - INFO - [SYNTHETIC] CONFIRMATION CTGAN actually trained with epochs = 300
2025-05-08 18:41:45,969 - INFO - {'EVENT': 'Save', 'TIMESTAMP': datetime.datetime(2025, 5, 8, 18, 41, 45, 969794), 'SYNTHESIZER CLASS NAME': 'CTGANSynthesizer', 'SYNTHESIZER ID': 'CTGANSynthesizer_1.18.0_5593ee63fffa4d4baf008983c63dad6c'}
2025-05-08 18:41:46,003 - INFO - [SYNTHETIC] CTGAN trained and saved.
2025-05-08 18:41:46,003 - INFO - [SYNTHETIC] Preparing synthesizer: GaussianCopula
2025-05-08 18:41:46,003 - INFO - [SYNTHETIC] Params from config: {}
2025-05-08 18:41:46,003 - INFO -  [SYNTHETIC] No pre-trained synthesizer found
2025-05-08 18:41:46,003 - INFO - [SYNTHETIC] Training new GaussianCopula synthesizer from scratch...
2025-05-08 18:41:46,003 - WARNING - [FutureWarning] The 'SingleTableMetadata' is deprecated. Please use the new 'Metadata' class for synthesizers. (from /mnt/NVMETank/Projects/Students/Dele/A-STUDY-INTO-THE-QUALITY-AND-USABILITY-OF-PRIVACY-FRIENDLY-SYNTHETIC-DATA/.venv/lib/python3.12/site-packages/sdv/single_table/base.py:119)
2025-05-08 18:41:46,006 - INFO - {'EVENT': 'Instance', 'TIMESTAMP': datetime.datetime(2025, 5, 8, 18, 41, 46, 6222), 'SYNTHESIZER CLASS NAME': 'GaussianCopulaSynthesizer', 'SYNTHESIZER ID': 'GaussianCopulaSynthesizer_1.18.0_33ff6cb81be14fed8207b1e110702176'}
2025-05-08 18:41:46,006 - INFO - [SYNTHETIC] fitting GaussianCopula 
2025-05-08 18:41:46,006 - INFO - {'EVENT': 'Fit', 'TIMESTAMP': datetime.datetime(2025, 5, 8, 18, 41, 46, 6361), 'SYNTHESIZER CLASS NAME': 'GaussianCopulaSynthesizer', 'SYNTHESIZER ID': 'GaussianCopulaSynthesizer_1.18.0_33ff6cb81be14fed8207b1e110702176', 'TOTAL NUMBER OF TABLES': 1, 'TOTAL NUMBER OF ROWS': 336, 'TOTAL NUMBER OF COLUMNS': 19}
2025-05-08 18:41:46,007 - INFO - Fitting table  metadata
2025-05-08 18:41:46,007 - INFO - Fitting formatters for table 
2025-05-08 18:41:46,009 - INFO - Fitting constraints for table 
2025-05-08 18:41:46,009 - INFO - Setting the configuration for the ``HyperTransformer`` for table 
2025-05-08 18:41:46,015 - INFO - Fitting HyperTransformer for table 
2025-05-08 18:41:46,128 - INFO - {'EVENT': 'Fit processed data', 'TIMESTAMP': datetime.datetime(2025, 5, 8, 18, 41, 46, 128941), 'SYNTHESIZER CLASS NAME': 'GaussianCopulaSynthesizer', 'SYNTHESIZER ID': 'GaussianCopulaSynthesizer_1.18.0_33ff6cb81be14fed8207b1e110702176', 'TOTAL NUMBER OF TABLES': 1, 'TOTAL NUMBER OF ROWS': 336, 'TOTAL NUMBER OF COLUMNS': 19}
2025-05-08 18:41:46,129 - INFO - Fitting GaussianMultivariate(distribution="{'Gender_0': <class 'copulas.univariate.beta.BetaUnivariate'>, 'Gender_1': <class 'copulas.univariate.beta.BetaUnivariate'>, 'Married_0': <class 'copulas.univariate.beta.BetaUnivariate'>, 'Married_1': <class 'copulas.univariate.beta.BetaUnivariate'>, 'Dependents_0': <class 'copulas.univariate.beta.BetaUnivariate'>, 'Dependents_1': <class 'copulas.univariate.beta.BetaUnivariate'>, 'Dependents_2': <class 'copulas.univariate.beta.BetaUnivariate'>, 'Education_0': <class 'copulas.univariate.beta.BetaUnivariate'>, 'Education_1': <class 'copulas.univariate.beta.BetaUnivariate'>, 'Self_Employed_0': <class 'copulas.univariate.beta.BetaUnivariate'>, 'Self_Employed_1': <class 'copulas.univariate.beta.BetaUnivariate'>, 'ApplicantIncome': <class 'copulas.univariate.beta.BetaUnivariate'>, 'CoapplicantIncome': <class 'copulas.univariate.beta.BetaUnivariate'>, 'LoanAmount': <class 'copulas.univariate.beta.BetaUnivariate'>, 'Loan_Amount_Term': <class 'copulas.univariate.beta.BetaUnivariate'>, 'Credit_History': <class 'copulas.univariate.beta.BetaUnivariate'>, 'Property_Area_0': <class 'copulas.univariate.beta.BetaUnivariate'>, 'Property_Area_1': <class 'copulas.univariate.beta.BetaUnivariate'>, 'Loan_Status': <class 'copulas.univariate.beta.BetaUnivariate'>}")
2025-05-08 18:41:46,643 - INFO - [SYNTHETIC] Fitting complete for GaussianCopula. Duration: 0.64 seconds.
2025-05-08 18:41:46,643 - WARNING - [SYNTHETIC] WARNING Could not determine actual epochs used for GaussianCopula
2025-05-08 18:41:46,643 - INFO - {'EVENT': 'Save', 'TIMESTAMP': datetime.datetime(2025, 5, 8, 18, 41, 46, 643662), 'SYNTHESIZER CLASS NAME': 'GaussianCopulaSynthesizer', 'SYNTHESIZER ID': 'GaussianCopulaSynthesizer_1.18.0_33ff6cb81be14fed8207b1e110702176'}
2025-05-08 18:41:46,651 - INFO - [SYNTHETIC] GaussianCopula trained and saved.
2025-05-08 18:41:46,651 - INFO - [SYNTHETIC] Preparing synthesizer: TVAE
2025-05-08 18:41:46,651 - INFO - [SYNTHETIC] Params from config: {'epochs': 300}
2025-05-08 18:41:46,651 - INFO -  [SYNTHETIC] No pre-trained synthesizer found
2025-05-08 18:41:46,651 - INFO - [SYNTHETIC] Training new TVAE synthesizer from scratch...
2025-05-08 18:41:46,651 - WARNING - [FutureWarning] The 'SingleTableMetadata' is deprecated. Please use the new 'Metadata' class for synthesizers. (from /mnt/NVMETank/Projects/Students/Dele/A-STUDY-INTO-THE-QUALITY-AND-USABILITY-OF-PRIVACY-FRIENDLY-SYNTHETIC-DATA/.venv/lib/python3.12/site-packages/sdv/single_table/base.py:119)
2025-05-08 18:41:46,653 - INFO - {'EVENT': 'Instance', 'TIMESTAMP': datetime.datetime(2025, 5, 8, 18, 41, 46, 653949), 'SYNTHESIZER CLASS NAME': 'TVAESynthesizer', 'SYNTHESIZER ID': 'TVAESynthesizer_1.18.0_ec15e7112a0c41cf9ffe4c6c143abed1'}
2025-05-08 18:41:46,654 - INFO - [SYNTHETIC] TVAE initialized with epochs: 300
2025-05-08 18:41:46,654 - INFO - [SYNTHETIC] Training parameters for TVAE: {}
2025-05-08 18:41:46,654 - INFO - [SYNTHETIC] fitting TVAE 
2025-05-08 18:41:46,654 - INFO - {'EVENT': 'Fit', 'TIMESTAMP': datetime.datetime(2025, 5, 8, 18, 41, 46, 654162), 'SYNTHESIZER CLASS NAME': 'TVAESynthesizer', 'SYNTHESIZER ID': 'TVAESynthesizer_1.18.0_ec15e7112a0c41cf9ffe4c6c143abed1', 'TOTAL NUMBER OF TABLES': 1, 'TOTAL NUMBER OF ROWS': 336, 'TOTAL NUMBER OF COLUMNS': 19}
2025-05-08 18:41:46,655 - INFO - Fitting table  metadata
2025-05-08 18:41:46,655 - INFO - Fitting formatters for table 
2025-05-08 18:41:46,657 - INFO - Fitting constraints for table 
2025-05-08 18:41:46,657 - INFO - Setting the configuration for the ``HyperTransformer`` for table 
2025-05-08 18:41:46,658 - INFO - Fitting HyperTransformer for table 
2025-05-08 18:41:46,670 - INFO - {'EVENT': 'Fit processed data', 'TIMESTAMP': datetime.datetime(2025, 5, 8, 18, 41, 46, 670220), 'SYNTHESIZER CLASS NAME': 'TVAESynthesizer', 'SYNTHESIZER ID': 'TVAESynthesizer_1.18.0_ec15e7112a0c41cf9ffe4c6c143abed1', 'TOTAL NUMBER OF TABLES': 1, 'TOTAL NUMBER OF ROWS': 336, 'TOTAL NUMBER OF COLUMNS': 19}
2025-05-08 18:41:46,683 - INFO - Guidance: There are no missing values in column ApplicantIncome. Extra column not created.
2025-05-08 18:41:46,757 - INFO - Guidance: There are no missing values in column CoapplicantIncome. Extra column not created.
2025-05-08 18:41:46,792 - INFO - Guidance: There are no missing values in column LoanAmount. Extra column not created.
2025-05-08 18:41:49,468 - INFO - [SYNTHETIC] Fitting complete for TVAE. Duration: 2.81 seconds.
2025-05-08 18:41:49,468 - INFO - [SYNTHETIC] CONFIRMATION TVAE actually trained with epochs = 300
2025-05-08 18:41:49,468 - INFO - {'EVENT': 'Save', 'TIMESTAMP': datetime.datetime(2025, 5, 8, 18, 41, 49, 468907), 'SYNTHESIZER CLASS NAME': 'TVAESynthesizer', 'SYNTHESIZER ID': 'TVAESynthesizer_1.18.0_ec15e7112a0c41cf9ffe4c6c143abed1'}
2025-05-08 18:41:49,500 - INFO - [SYNTHETIC] TVAE trained and saved.
2025-05-08 18:41:49,500 - INFO - [SYNTHETIC] Using CTGAN to generate 336 rows...
2025-05-08 18:41:49,572 - INFO - {'EVENT': 'Sample', 'TIMESTAMP': datetime.datetime(2025, 5, 8, 18, 41, 49, 500487), 'SYNTHESIZER CLASS NAME': 'CTGANSynthesizer', 'SYNTHESIZER ID': 'CTGANSynthesizer_1.18.0_5593ee63fffa4d4baf008983c63dad6c', 'TOTAL NUMBER OF TABLES': 1, 'TOTAL NUMBER OF ROWS': 336, 'TOTAL NUMBER OF COLUMNS': 19}
2025-05-08 18:41:49,572 - INFO - [SYNTHETIC] CTGAN completed: 336 rows generated.
2025-05-08 18:41:49,572 - INFO - [SYNTHETIC] Target class distribution for CTGAN: {'Y': 237, 'N': 99}
2025-05-08 18:41:49,572 - INFO - [SYNTHETIC] Using GaussianCopula to generate 336 rows...
2025-05-08 18:41:49,625 - INFO - {'EVENT': 'Sample', 'TIMESTAMP': datetime.datetime(2025, 5, 8, 18, 41, 49, 573029), 'SYNTHESIZER CLASS NAME': 'GaussianCopulaSynthesizer', 'SYNTHESIZER ID': 'GaussianCopulaSynthesizer_1.18.0_33ff6cb81be14fed8207b1e110702176', 'TOTAL NUMBER OF TABLES': 1, 'TOTAL NUMBER OF ROWS': 336, 'TOTAL NUMBER OF COLUMNS': 19}
2025-05-08 18:41:49,625 - INFO - [SYNTHETIC] GaussianCopula completed: 336 rows generated.
2025-05-08 18:41:49,625 - INFO - [SYNTHETIC] Target class distribution for GaussianCopula: {'Y': 230, 'N': 106}
2025-05-08 18:41:49,625 - INFO - [SYNTHETIC] Using TVAE to generate 336 rows...
2025-05-08 18:41:49,663 - INFO - {'EVENT': 'Sample', 'TIMESTAMP': datetime.datetime(2025, 5, 8, 18, 41, 49, 625641), 'SYNTHESIZER CLASS NAME': 'TVAESynthesizer', 'SYNTHESIZER ID': 'TVAESynthesizer_1.18.0_ec15e7112a0c41cf9ffe4c6c143abed1', 'TOTAL NUMBER OF TABLES': 1, 'TOTAL NUMBER OF ROWS': 336, 'TOTAL NUMBER OF COLUMNS': 19}
2025-05-08 18:41:49,664 - INFO - [SYNTHETIC] TVAE completed: 336 rows generated.
2025-05-08 18:41:49,664 - INFO - [SYNTHETIC] Target class distribution for TVAE: {'Y': 336}
2025-05-08 18:41:49,664 - INFO - [SYNTHETIC PIPELINE] Synthetic Data Generation Completed.
2025-05-08 18:41:49,664 - INFO - [SYNTHETIC PIPELINE] Synthesizers used: ['CTGAN', 'GaussianCopula', 'TVAE']
2025-05-08 18:41:49,664 - INFO - [SYNTHETIC PIPELINE] Evaluating synthetic dataset generated by CTGAN...
2025-05-08 18:41:49,664 - INFO - [SYNTHETIC EVAL] Real data columns     (19): ['Gender_0', 'Gender_1', 'Married_0', 'Married_1', 'Dependents_0', 'Dependents_1', 'Dependents_2', 'Education_0', 'Education_1', 'Self_Employed_0', 'Self_Employed_1', 'ApplicantIncome', 'CoapplicantIncome', 'LoanAmount', 'Loan_Amount_Term', 'Credit_History', 'Property_Area_0', 'Property_Area_1', 'Loan_Status']
2025-05-08 18:41:49,664 - INFO - [SYNTHETIC EVAL] Synthetic data columns (19): ['Gender_0', 'Gender_1', 'Married_0', 'Married_1', 'Dependents_0', 'Dependents_1', 'Dependents_2', 'Education_0', 'Education_1', 'Self_Employed_0', 'Self_Employed_1', 'ApplicantIncome', 'CoapplicantIncome', 'LoanAmount', 'Loan_Amount_Term', 'Credit_History', 'Property_Area_0', 'Property_Area_1', 'Loan_Status']
2025-05-08 18:41:49,664 - INFO - [SYNTHETIC EVAL] Metadata columns      (19): ['Gender_0', 'Gender_1', 'Married_0', 'Married_1', 'Dependents_0', 'Dependents_1', 'Dependents_2', 'Education_0', 'Education_1', 'Self_Employed_0', 'Self_Employed_1', 'ApplicantIncome', 'CoapplicantIncome', 'LoanAmount', 'Loan_Amount_Term', 'Credit_History', 'Property_Area_0', 'Property_Area_1', 'Loan_Status']
2025-05-08 18:41:49,665 - INFO - [SYNTHETIC EVAL] Shape — Real: (336, 19), Synthetic: (336, 19)
2025-05-08 18:41:49,665 - INFO - [SYNTHETIC EVAL] Metadata structure:
{
  "columns": {
    "Gender_0": {
      "sdtype": "categorical"
    },
    "Gender_1": {
      "sdtype": "categorical"
    },
    "Married_0": {
      "sdtype": "categorical"
    },
    "Married_1": {
      "sdtype": "categorical"
    },
    "Dependents_0": {
      "sdtype": "categorical"
    },
    "Dependents_1": {
      "sdtype": "categorical"
    },
    "Dependents_2": {
      "sdtype": "categorical"
    },
    "Education_0": {
      "sdtype": "categorical"
    },
    "Education_1": {
      "sdtype": "categorical"
    },
    "Self_Employed_0": {
      "sdtype": "categorical"
    },
    "Self_Employed_1": {
      "sdtype": "categorical"
    },
    "ApplicantIncome": {
      "sdtype": "numerical"
    },
    "CoapplicantIncome": {
      "sdtype": "numerical"
    },
    "LoanAmount": {
      "sdtype": "numerical"
    },
    "Loan_Amount_Term": {
      "sdtype": "categorical"
    },
    "Credit_History": {
      "sdtype": "categorical"
    },
    "Property_Area_0": {
      "sdtype": "categorical"
    },
    "Property_Area_1": {
      "sdtype": "categorical"
    },
    "Loan_Status": {
      "sdtype": "categorical"
    }
  },
  "METADATA_SPEC_VERSION": "SINGLE_TABLE_V1"
}
2025-05-08 18:41:50,001 - INFO - [SYNTHETIC PIPELINE] Evaluating synthetic dataset generated by GaussianCopula...
2025-05-08 18:41:50,001 - INFO - [SYNTHETIC EVAL] Real data columns     (19): ['Gender_0', 'Gender_1', 'Married_0', 'Married_1', 'Dependents_0', 'Dependents_1', 'Dependents_2', 'Education_0', 'Education_1', 'Self_Employed_0', 'Self_Employed_1', 'ApplicantIncome', 'CoapplicantIncome', 'LoanAmount', 'Loan_Amount_Term', 'Credit_History', 'Property_Area_0', 'Property_Area_1', 'Loan_Status']
2025-05-08 18:41:50,001 - INFO - [SYNTHETIC EVAL] Synthetic data columns (19): ['Gender_0', 'Gender_1', 'Married_0', 'Married_1', 'Dependents_0', 'Dependents_1', 'Dependents_2', 'Education_0', 'Education_1', 'Self_Employed_0', 'Self_Employed_1', 'ApplicantIncome', 'CoapplicantIncome', 'LoanAmount', 'Loan_Amount_Term', 'Credit_History', 'Property_Area_0', 'Property_Area_1', 'Loan_Status']
2025-05-08 18:41:50,002 - INFO - [SYNTHETIC EVAL] Metadata columns      (19): ['Gender_0', 'Gender_1', 'Married_0', 'Married_1', 'Dependents_0', 'Dependents_1', 'Dependents_2', 'Education_0', 'Education_1', 'Self_Employed_0', 'Self_Employed_1', 'ApplicantIncome', 'CoapplicantIncome', 'LoanAmount', 'Loan_Amount_Term', 'Credit_History', 'Property_Area_0', 'Property_Area_1', 'Loan_Status']
2025-05-08 18:41:50,002 - INFO - [SYNTHETIC EVAL] Shape — Real: (336, 19), Synthetic: (336, 19)
2025-05-08 18:41:50,002 - INFO - [SYNTHETIC EVAL] Metadata structure:
{
  "columns": {
    "Gender_0": {
      "sdtype": "categorical"
    },
    "Gender_1": {
      "sdtype": "categorical"
    },
    "Married_0": {
      "sdtype": "categorical"
    },
    "Married_1": {
      "sdtype": "categorical"
    },
    "Dependents_0": {
      "sdtype": "categorical"
    },
    "Dependents_1": {
      "sdtype": "categorical"
    },
    "Dependents_2": {
      "sdtype": "categorical"
    },
    "Education_0": {
      "sdtype": "categorical"
    },
    "Education_1": {
      "sdtype": "categorical"
    },
    "Self_Employed_0": {
      "sdtype": "categorical"
    },
    "Self_Employed_1": {
      "sdtype": "categorical"
    },
    "ApplicantIncome": {
      "sdtype": "numerical"
    },
    "CoapplicantIncome": {
      "sdtype": "numerical"
    },
    "LoanAmount": {
      "sdtype": "numerical"
    },
    "Loan_Amount_Term": {
      "sdtype": "categorical"
    },
    "Credit_History": {
      "sdtype": "categorical"
    },
    "Property_Area_0": {
      "sdtype": "categorical"
    },
    "Property_Area_1": {
      "sdtype": "categorical"
    },
    "Loan_Status": {
      "sdtype": "categorical"
    }
  },
  "METADATA_SPEC_VERSION": "SINGLE_TABLE_V1"
}
2025-05-08 18:41:50,338 - INFO - [SYNTHETIC PIPELINE] Evaluating synthetic dataset generated by TVAE...
2025-05-08 18:41:50,338 - INFO - [SYNTHETIC EVAL] Real data columns     (19): ['Gender_0', 'Gender_1', 'Married_0', 'Married_1', 'Dependents_0', 'Dependents_1', 'Dependents_2', 'Education_0', 'Education_1', 'Self_Employed_0', 'Self_Employed_1', 'ApplicantIncome', 'CoapplicantIncome', 'LoanAmount', 'Loan_Amount_Term', 'Credit_History', 'Property_Area_0', 'Property_Area_1', 'Loan_Status']
2025-05-08 18:41:50,338 - INFO - [SYNTHETIC EVAL] Synthetic data columns (19): ['Gender_0', 'Gender_1', 'Married_0', 'Married_1', 'Dependents_0', 'Dependents_1', 'Dependents_2', 'Education_0', 'Education_1', 'Self_Employed_0', 'Self_Employed_1', 'ApplicantIncome', 'CoapplicantIncome', 'LoanAmount', 'Loan_Amount_Term', 'Credit_History', 'Property_Area_0', 'Property_Area_1', 'Loan_Status']
2025-05-08 18:41:50,339 - INFO - [SYNTHETIC EVAL] Metadata columns      (19): ['Gender_0', 'Gender_1', 'Married_0', 'Married_1', 'Dependents_0', 'Dependents_1', 'Dependents_2', 'Education_0', 'Education_1', 'Self_Employed_0', 'Self_Employed_1', 'ApplicantIncome', 'CoapplicantIncome', 'LoanAmount', 'Loan_Amount_Term', 'Credit_History', 'Property_Area_0', 'Property_Area_1', 'Loan_Status']
2025-05-08 18:41:50,339 - INFO - [SYNTHETIC EVAL] Shape — Real: (336, 19), Synthetic: (336, 19)
2025-05-08 18:41:50,339 - INFO - [SYNTHETIC EVAL] Metadata structure:
{
  "columns": {
    "Gender_0": {
      "sdtype": "categorical"
    },
    "Gender_1": {
      "sdtype": "categorical"
    },
    "Married_0": {
      "sdtype": "categorical"
    },
    "Married_1": {
      "sdtype": "categorical"
    },
    "Dependents_0": {
      "sdtype": "categorical"
    },
    "Dependents_1": {
      "sdtype": "categorical"
    },
    "Dependents_2": {
      "sdtype": "categorical"
    },
    "Education_0": {
      "sdtype": "categorical"
    },
    "Education_1": {
      "sdtype": "categorical"
    },
    "Self_Employed_0": {
      "sdtype": "categorical"
    },
    "Self_Employed_1": {
      "sdtype": "categorical"
    },
    "ApplicantIncome": {
      "sdtype": "numerical"
    },
    "CoapplicantIncome": {
      "sdtype": "numerical"
    },
    "LoanAmount": {
      "sdtype": "numerical"
    },
    "Loan_Amount_Term": {
      "sdtype": "categorical"
    },
    "Credit_History": {
      "sdtype": "categorical"
    },
    "Property_Area_0": {
      "sdtype": "categorical"
    },
    "Property_Area_1": {
      "sdtype": "categorical"
    },
    "Loan_Status": {
      "sdtype": "categorical"
    }
  },
  "METADATA_SPEC_VERSION": "SINGLE_TABLE_V1"
}
2025-05-08 18:41:50,679 - INFO -  [SYNTHETIC PIPELINE]  Synthetic Data Evaluation Completed.
2025-05-08 18:41:50,686 - INFO -  [SYNTHETIC PIPELINE] Synthetic Data Report Generated Successfully.
2025-05-08 18:41:50,784 - INFO - [HYBRID] Generated hybrid dataset shape for CTGAN: (336, 19)
2025-05-08 18:41:50,784 - INFO - [HYBRID] Target distribution for CTGAN: {'Y': 237, 'N': 99}
2025-05-08 18:41:50,786 - INFO -  [HYBRID] Saved hybrid dataset to /mnt/NVMETank/Projects/Students/Dele/A-STUDY-INTO-THE-QUALITY-AND-USABILITY-OF-PRIVACY-FRIENDLY-SYNTHETIC-DATA/datasets/hybrid/loan_k13_l5_sup01_CTGAN_HYBRID.csv
2025-05-08 18:41:50,786 - INFO - [HYBRID] Generated hybrid dataset shape for GaussianCopula: (336, 19)
2025-05-08 18:41:50,786 - INFO - [HYBRID] Target distribution for GaussianCopula: {'Y': 230, 'N': 106}
2025-05-08 18:41:50,788 - INFO -  [HYBRID] Saved hybrid dataset to /mnt/NVMETank/Projects/Students/Dele/A-STUDY-INTO-THE-QUALITY-AND-USABILITY-OF-PRIVACY-FRIENDLY-SYNTHETIC-DATA/datasets/hybrid/loan_k13_l5_sup01_GaussianCopula_HYBRID.csv
2025-05-08 18:41:50,788 - INFO - [HYBRID] Generated hybrid dataset shape for TVAE: (336, 19)
2025-05-08 18:41:50,788 - INFO - [HYBRID] Target distribution for TVAE: {'Y': 336}
2025-05-08 18:41:50,790 - INFO -  [HYBRID] Saved hybrid dataset to /mnt/NVMETank/Projects/Students/Dele/A-STUDY-INTO-THE-QUALITY-AND-USABILITY-OF-PRIVACY-FRIENDLY-SYNTHETIC-DATA/datasets/hybrid/loan_k13_l5_sup01_TVAE_HYBRID.csv
2025-05-08 18:41:50,790 - INFO -  [HYBRID] Hybrid pipeline complete — 3 dataset(s) ready.
2025-05-08 18:41:50,790 - INFO - [HYBRID] Total rows across all hybrid datasets: 1008
2025-05-08 18:41:50,790 - INFO - Hybrid pipeline completed successfully.
2025-05-08 18:41:50,790 - INFO - Hybrid pipeline duration: 27.60 seconds
2025-05-08 18:41:50,790 - INFO - Starting Utility...
2025-05-08 18:41:50,790 - INFO - [UTILITY] Preparing datasets for machine learning...
2025-05-08 18:41:50,791 - INFO - [UTILITY] Original Data - Training Size: 336, Testing Size: 144
2025-05-08 18:41:50,791 - INFO - [UTILITY] Target class distribution (Original): {'Y': 232, 'N': 104}
2025-05-08 18:41:50,791 - INFO - [UTILITY] Processing anonymized dataset...
2025-05-08 18:41:50,791 - INFO - [UTILITY] Anonymized Data - Training Size: 336
2025-05-08 18:41:50,791 - INFO - [UTILITY] Target class distribution (Anonymous): {'Y': 232, 'N': 104}
2025-05-08 18:41:50,791 - INFO - [UTILITY] Processing hybrid dataset generated by CTGAN...
2025-05-08 18:41:50,792 - INFO - [UTILITY] Hybrid Data (CTGAN_HYBRID) - Training Size: 336
2025-05-08 18:41:50,792 - INFO - [UTILITY] Target class distribution (CTGAN_HYBRID): {'Y': 237, 'N': 99}
2025-05-08 18:41:50,792 - INFO - [UTILITY] Processing hybrid dataset generated by GaussianCopula...
2025-05-08 18:41:50,792 - INFO - [UTILITY] Hybrid Data (GaussianCopula_HYBRID) - Training Size: 336
2025-05-08 18:41:50,793 - INFO - [UTILITY] Target class distribution (GaussianCopula_HYBRID): {'Y': 230, 'N': 106}
2025-05-08 18:41:50,793 - WARNING -  Skipping hybrid dataset 'TVAE_HYBRID' - only one class in target.
2025-05-08 18:41:50,793 - INFO - [UTILITY] Training models on all datasets...
2025-05-08 18:41:50,793 - INFO - [UTILITY] Total datasets used for training: 4
2025-05-08 18:41:50,793 - INFO - [TRAINING] Training models from scratch...
2025-05-08 18:41:50,793 - INFO - [TRAINING] Starting training for dataset: Original — Rows: 336, Features: 18
2025-05-08 18:41:50,793 - INFO - [TRAINING] Training DecisionTree on Original...
2025-05-08 18:41:50,795 - INFO - [TRAINING] DecisionTree trained successfully on Original in 0.00 sec
2025-05-08 18:41:50,795 - INFO - [TRAINING] Training KNN on Original...
2025-05-08 18:41:50,796 - INFO - [TRAINING] KNN trained successfully on Original in 0.00 sec
2025-05-08 18:41:50,796 - INFO - [TRAINING] Training LogisticRegression on Original...
2025-05-08 18:41:50,805 - INFO - [TRAINING] LogisticRegression trained successfully on Original in 0.01 sec
2025-05-08 18:41:50,805 - INFO - [TRAINING] Training RandomForest on Original...
2025-05-08 18:41:50,911 - INFO - [TRAINING] RandomForest trained successfully on Original in 0.11 sec
2025-05-08 18:41:50,911 - INFO - [TRAINING] Training SVM on Original...
2025-05-08 18:41:50,915 - INFO - [TRAINING] SVM trained successfully on Original in 0.00 sec
2025-05-08 18:41:50,915 - INFO - [TRAINING] Finished training 5 model(s) for dataset: Original
2025-05-08 18:41:50,915 - INFO - [TRAINING] Starting training for dataset: Anonymous — Rows: 336, Features: 18
2025-05-08 18:41:50,916 - INFO - [TRAINING] Training DecisionTree on Anonymous...
2025-05-08 18:41:50,917 - INFO - [TRAINING] DecisionTree trained successfully on Anonymous in 0.00 sec
2025-05-08 18:41:50,918 - INFO - [TRAINING] Training KNN on Anonymous...
2025-05-08 18:41:50,919 - INFO - [TRAINING] KNN trained successfully on Anonymous in 0.00 sec
2025-05-08 18:41:50,919 - INFO - [TRAINING] Training LogisticRegression on Anonymous...
2025-05-08 18:41:50,922 - INFO - [TRAINING] LogisticRegression trained successfully on Anonymous in 0.00 sec
2025-05-08 18:41:50,922 - INFO - [TRAINING] Training RandomForest on Anonymous...
2025-05-08 18:41:51,022 - INFO - [TRAINING] RandomForest trained successfully on Anonymous in 0.10 sec
2025-05-08 18:41:51,022 - INFO - [TRAINING] Training SVM on Anonymous...
2025-05-08 18:41:51,026 - INFO - [TRAINING] SVM trained successfully on Anonymous in 0.00 sec
2025-05-08 18:41:51,026 - INFO - [TRAINING] Finished training 5 model(s) for dataset: Anonymous
2025-05-08 18:41:51,026 - INFO - [TRAINING] Starting training for dataset: CTGAN_HYBRID — Rows: 336, Features: 18
2025-05-08 18:41:51,026 - INFO - [TRAINING] Training DecisionTree on CTGAN_HYBRID...
2025-05-08 18:41:51,028 - INFO - [TRAINING] DecisionTree trained successfully on CTGAN_HYBRID in 0.00 sec
2025-05-08 18:41:51,028 - INFO - [TRAINING] Training KNN on CTGAN_HYBRID...
2025-05-08 18:41:51,029 - INFO - [TRAINING] KNN trained successfully on CTGAN_HYBRID in 0.00 sec
2025-05-08 18:41:51,029 - INFO - [TRAINING] Training LogisticRegression on CTGAN_HYBRID...
2025-05-08 18:41:51,031 - INFO - [TRAINING] LogisticRegression trained successfully on CTGAN_HYBRID in 0.00 sec
2025-05-08 18:41:51,031 - INFO - [TRAINING] Training RandomForest on CTGAN_HYBRID...
2025-05-08 18:41:51,116 - INFO - [TRAINING] RandomForest trained successfully on CTGAN_HYBRID in 0.08 sec
2025-05-08 18:41:51,116 - INFO - [TRAINING] Training SVM on CTGAN_HYBRID...
2025-05-08 18:41:51,120 - INFO - [TRAINING] SVM trained successfully on CTGAN_HYBRID in 0.00 sec
2025-05-08 18:41:51,120 - INFO - [TRAINING] Finished training 5 model(s) for dataset: CTGAN_HYBRID
2025-05-08 18:41:51,120 - INFO - [TRAINING] Starting training for dataset: GaussianCopula_HYBRID — Rows: 336, Features: 18
2025-05-08 18:41:51,120 - INFO - [TRAINING] Training DecisionTree on GaussianCopula_HYBRID...
2025-05-08 18:41:51,122 - INFO - [TRAINING] DecisionTree trained successfully on GaussianCopula_HYBRID in 0.00 sec
2025-05-08 18:41:51,122 - INFO - [TRAINING] Training KNN on GaussianCopula_HYBRID...
2025-05-08 18:41:51,123 - INFO - [TRAINING] KNN trained successfully on GaussianCopula_HYBRID in 0.00 sec
2025-05-08 18:41:51,123 - INFO - [TRAINING] Training LogisticRegression on GaussianCopula_HYBRID...
2025-05-08 18:41:51,126 - INFO - [TRAINING] LogisticRegression trained successfully on GaussianCopula_HYBRID in 0.00 sec
2025-05-08 18:41:51,126 - INFO - [TRAINING] Training RandomForest on GaussianCopula_HYBRID...
2025-05-08 18:41:51,213 - INFO - [TRAINING] RandomForest trained successfully on GaussianCopula_HYBRID in 0.09 sec
2025-05-08 18:41:51,214 - INFO - [TRAINING] Training SVM on GaussianCopula_HYBRID...
2025-05-08 18:41:51,217 - INFO - [TRAINING] SVM trained successfully on GaussianCopula_HYBRID in 0.00 sec
2025-05-08 18:41:51,217 - INFO - [TRAINING] Finished training 5 model(s) for dataset: GaussianCopula_HYBRID
2025-05-08 18:41:51,217 - INFO - [TRAINING] Total models trained across all datasets: 20
2025-05-08 18:41:51,217 - INFO - [UTILITY] Trained model names: ['Original', 'Anonymous', 'CTGAN_HYBRID', 'GaussianCopula_HYBRID']
2025-05-08 18:41:51,217 - INFO - [UTILITY] Model Training Completed.
2025-05-08 18:41:51,217 - INFO - Starting the Evaluating of models...
2025-05-08 18:41:51,217 - INFO - Preparing evaluation for model 'DecisionTree' across all datasets...
2025-05-08 18:41:51,217 - INFO - Evaluating DecisionTree on Original...
2025-05-08 18:41:51,218 - INFO - Predictions completed for DecisionTree on Original
2025-05-08 18:41:51,219 - INFO - Prediction distribution for DecisionTree on Original: {'Y': 88, 'N': 56}
2025-05-08 18:41:51,227 - INFO - Computed 8 metric(s) for DecisionTree on Original
2025-05-08 18:41:51,228 - INFO - Evaluating DecisionTree on Anonymous...
2025-05-08 18:41:51,228 - INFO - Predictions completed for DecisionTree on Anonymous
2025-05-08 18:41:51,229 - INFO - Prediction distribution for DecisionTree on Anonymous: {'Y': 96, 'N': 48}
2025-05-08 18:41:51,237 - INFO - Computed 8 metric(s) for DecisionTree on Anonymous
2025-05-08 18:41:51,237 - INFO - Evaluating DecisionTree on CTGAN_HYBRID...
2025-05-08 18:41:51,238 - INFO - Predictions completed for DecisionTree on CTGAN_HYBRID
2025-05-08 18:41:51,238 - INFO - Prediction distribution for DecisionTree on CTGAN_HYBRID: {'Y': 99, 'N': 45}
2025-05-08 18:41:51,247 - INFO - Computed 8 metric(s) for DecisionTree on CTGAN_HYBRID
2025-05-08 18:41:51,247 - INFO - Evaluating DecisionTree on GaussianCopula_HYBRID...
2025-05-08 18:41:51,248 - INFO - Predictions completed for DecisionTree on GaussianCopula_HYBRID
2025-05-08 18:41:51,248 - INFO - Prediction distribution for DecisionTree on GaussianCopula_HYBRID: {'Y': 78, 'N': 66}
2025-05-08 18:41:51,256 - INFO - Computed 8 metric(s) for DecisionTree on GaussianCopula_HYBRID
2025-05-08 18:41:51,256 - INFO - Preparing evaluation for model 'KNN' across all datasets...
2025-05-08 18:41:51,256 - INFO - Evaluating KNN on Original...
2025-05-08 18:41:51,262 - INFO - Predictions completed for KNN on Original
2025-05-08 18:41:51,263 - INFO - Prediction distribution for KNN on Original: {'Y': 115, 'N': 29}
2025-05-08 18:41:51,273 - INFO - Computed 8 metric(s) for KNN on Original
2025-05-08 18:41:51,274 - INFO - Evaluating KNN on Anonymous...
2025-05-08 18:41:51,279 - INFO - Predictions completed for KNN on Anonymous
2025-05-08 18:41:51,280 - INFO - Prediction distribution for KNN on Anonymous: {'Y': 114, 'N': 30}
2025-05-08 18:41:51,291 - INFO - Computed 8 metric(s) for KNN on Anonymous
2025-05-08 18:41:51,291 - INFO - Evaluating KNN on CTGAN_HYBRID...
2025-05-08 18:41:51,297 - INFO - Predictions completed for KNN on CTGAN_HYBRID
2025-05-08 18:41:51,297 - INFO - Prediction distribution for KNN on CTGAN_HYBRID: {'Y': 128, 'N': 16}
2025-05-08 18:41:51,308 - INFO - Computed 8 metric(s) for KNN on CTGAN_HYBRID
2025-05-08 18:41:51,308 - INFO - Evaluating KNN on GaussianCopula_HYBRID...
2025-05-08 18:41:51,314 - INFO - Predictions completed for KNN on GaussianCopula_HYBRID
2025-05-08 18:41:51,314 - INFO - Prediction distribution for KNN on GaussianCopula_HYBRID: {'Y': 85, 'N': 59}
2025-05-08 18:41:51,325 - INFO - Computed 8 metric(s) for KNN on GaussianCopula_HYBRID
2025-05-08 18:41:51,325 - INFO - Preparing evaluation for model 'LogisticRegression' across all datasets...
2025-05-08 18:41:51,325 - INFO - Evaluating LogisticRegression on Original...
2025-05-08 18:41:51,327 - INFO - Predictions completed for LogisticRegression on Original
2025-05-08 18:41:51,327 - INFO - Prediction distribution for LogisticRegression on Original: {'Y': 115, 'N': 29}
2025-05-08 18:41:51,336 - INFO - Computed 8 metric(s) for LogisticRegression on Original
2025-05-08 18:41:51,336 - INFO - Evaluating LogisticRegression on Anonymous...
2025-05-08 18:41:51,337 - INFO - Predictions completed for LogisticRegression on Anonymous
2025-05-08 18:41:51,337 - INFO - Prediction distribution for LogisticRegression on Anonymous: {'Y': 138, 'N': 6}
2025-05-08 18:41:51,346 - INFO - Computed 8 metric(s) for LogisticRegression on Anonymous
2025-05-08 18:41:51,346 - INFO - Evaluating LogisticRegression on CTGAN_HYBRID...
2025-05-08 18:41:51,348 - INFO - Predictions completed for LogisticRegression on CTGAN_HYBRID
2025-05-08 18:41:51,348 - INFO - Prediction distribution for LogisticRegression on CTGAN_HYBRID: {'Y': 142, 'N': 2}
2025-05-08 18:41:51,357 - INFO - Computed 8 metric(s) for LogisticRegression on CTGAN_HYBRID
2025-05-08 18:41:51,357 - INFO - Evaluating LogisticRegression on GaussianCopula_HYBRID...
2025-05-08 18:41:51,358 - INFO - Predictions completed for LogisticRegression on GaussianCopula_HYBRID
2025-05-08 18:41:51,358 - INFO - Prediction distribution for LogisticRegression on GaussianCopula_HYBRID: {'Y': 143, 'N': 1}
2025-05-08 18:41:51,367 - INFO - Computed 8 metric(s) for LogisticRegression on GaussianCopula_HYBRID
2025-05-08 18:41:51,367 - INFO - Preparing evaluation for model 'RandomForest' across all datasets...
2025-05-08 18:41:51,367 - INFO - Evaluating RandomForest on Original...
2025-05-08 18:41:51,373 - INFO - Predictions completed for RandomForest on Original
2025-05-08 18:41:51,373 - INFO - Prediction distribution for RandomForest on Original: {'Y': 107, 'N': 37}
2025-05-08 18:41:51,390 - INFO - Computed 8 metric(s) for RandomForest on Original
2025-05-08 18:41:51,390 - INFO - Evaluating RandomForest on Anonymous...
2025-05-08 18:41:51,395 - INFO - Predictions completed for RandomForest on Anonymous
2025-05-08 18:41:51,395 - INFO - Prediction distribution for RandomForest on Anonymous: {'Y': 118, 'N': 26}
2025-05-08 18:41:51,412 - INFO - Computed 8 metric(s) for RandomForest on Anonymous
2025-05-08 18:41:51,412 - INFO - Evaluating RandomForest on CTGAN_HYBRID...
2025-05-08 18:41:51,418 - INFO - Predictions completed for RandomForest on CTGAN_HYBRID
2025-05-08 18:41:51,418 - INFO - Prediction distribution for RandomForest on CTGAN_HYBRID: {'Y': 128, 'N': 16}
2025-05-08 18:41:51,435 - INFO - Computed 8 metric(s) for RandomForest on CTGAN_HYBRID
2025-05-08 18:41:51,435 - INFO - Evaluating RandomForest on GaussianCopula_HYBRID...
2025-05-08 18:41:51,440 - INFO - Predictions completed for RandomForest on GaussianCopula_HYBRID
2025-05-08 18:41:51,440 - INFO - Prediction distribution for RandomForest on GaussianCopula_HYBRID: {'Y': 97, 'N': 47}
2025-05-08 18:41:51,457 - INFO - Computed 8 metric(s) for RandomForest on GaussianCopula_HYBRID
2025-05-08 18:41:51,457 - INFO - Preparing evaluation for model 'SVM' across all datasets...
2025-05-08 18:41:51,457 - INFO - Evaluating SVM on Original...
2025-05-08 18:41:51,459 - INFO - Predictions completed for SVM on Original
2025-05-08 18:41:51,460 - INFO - Prediction distribution for SVM on Original: {'Y': 144}
2025-05-08 18:41:51,460 - WARNING -  [WARNING] :SVM on Original predicted only one class: {'Y'}
2025-05-08 18:41:51,461 - WARNING - [UndefinedMetricWarning] Precision is ill-defined and being set to 0.0 in labels with no predicted samples. Use `zero_division` parameter to control this behavior. (from /mnt/NVMETank/Projects/Students/Dele/A-STUDY-INTO-THE-QUALITY-AND-USABILITY-OF-PRIVACY-FRIENDLY-SYNTHETIC-DATA/.venv/lib/python3.12/site-packages/sklearn/metrics/_classification.py:1565)
2025-05-08 18:41:51,463 - WARNING - [UndefinedMetricWarning] Precision is ill-defined and being set to 0.0 in labels with no predicted samples. Use `zero_division` parameter to control this behavior. (from /mnt/NVMETank/Projects/Students/Dele/A-STUDY-INTO-THE-QUALITY-AND-USABILITY-OF-PRIVACY-FRIENDLY-SYNTHETIC-DATA/.venv/lib/python3.12/site-packages/sklearn/metrics/_classification.py:1565)
2025-05-08 18:41:51,464 - WARNING - [UndefinedMetricWarning] Precision is ill-defined and being set to 0.0 in labels with no predicted samples. Use `zero_division` parameter to control this behavior. (from /mnt/NVMETank/Projects/Students/Dele/A-STUDY-INTO-THE-QUALITY-AND-USABILITY-OF-PRIVACY-FRIENDLY-SYNTHETIC-DATA/.venv/lib/python3.12/site-packages/sklearn/metrics/_classification.py:1565)
2025-05-08 18:41:51,465 - INFO - Computed 8 metric(s) for SVM on Original
2025-05-08 18:41:51,466 - INFO - Evaluating SVM on Anonymous...
2025-05-08 18:41:51,468 - INFO - Predictions completed for SVM on Anonymous
2025-05-08 18:41:51,468 - INFO - Prediction distribution for SVM on Anonymous: {'Y': 144}
2025-05-08 18:41:51,468 - WARNING -  [WARNING] :SVM on Anonymous predicted only one class: {'Y'}
2025-05-08 18:41:51,469 - WARNING - [UndefinedMetricWarning] Precision is ill-defined and being set to 0.0 in labels with no predicted samples. Use `zero_division` parameter to control this behavior. (from /mnt/NVMETank/Projects/Students/Dele/A-STUDY-INTO-THE-QUALITY-AND-USABILITY-OF-PRIVACY-FRIENDLY-SYNTHETIC-DATA/.venv/lib/python3.12/site-packages/sklearn/metrics/_classification.py:1565)
2025-05-08 18:41:51,471 - WARNING - [UndefinedMetricWarning] Precision is ill-defined and being set to 0.0 in labels with no predicted samples. Use `zero_division` parameter to control this behavior. (from /mnt/NVMETank/Projects/Students/Dele/A-STUDY-INTO-THE-QUALITY-AND-USABILITY-OF-PRIVACY-FRIENDLY-SYNTHETIC-DATA/.venv/lib/python3.12/site-packages/sklearn/metrics/_classification.py:1565)
2025-05-08 18:41:51,472 - WARNING - [UndefinedMetricWarning] Precision is ill-defined and being set to 0.0 in labels with no predicted samples. Use `zero_division` parameter to control this behavior. (from /mnt/NVMETank/Projects/Students/Dele/A-STUDY-INTO-THE-QUALITY-AND-USABILITY-OF-PRIVACY-FRIENDLY-SYNTHETIC-DATA/.venv/lib/python3.12/site-packages/sklearn/metrics/_classification.py:1565)
2025-05-08 18:41:51,474 - INFO - Computed 8 metric(s) for SVM on Anonymous
2025-05-08 18:41:51,474 - INFO - Evaluating SVM on CTGAN_HYBRID...
2025-05-08 18:41:51,476 - INFO - Predictions completed for SVM on CTGAN_HYBRID
2025-05-08 18:41:51,476 - INFO - Prediction distribution for SVM on CTGAN_HYBRID: {'Y': 144}
2025-05-08 18:41:51,476 - WARNING -  [WARNING] :SVM on CTGAN_HYBRID predicted only one class: {'Y'}
2025-05-08 18:41:51,478 - WARNING - [UndefinedMetricWarning] Precision is ill-defined and being set to 0.0 in labels with no predicted samples. Use `zero_division` parameter to control this behavior. (from /mnt/NVMETank/Projects/Students/Dele/A-STUDY-INTO-THE-QUALITY-AND-USABILITY-OF-PRIVACY-FRIENDLY-SYNTHETIC-DATA/.venv/lib/python3.12/site-packages/sklearn/metrics/_classification.py:1565)
2025-05-08 18:41:51,479 - WARNING - [UndefinedMetricWarning] Precision is ill-defined and being set to 0.0 in labels with no predicted samples. Use `zero_division` parameter to control this behavior. (from /mnt/NVMETank/Projects/Students/Dele/A-STUDY-INTO-THE-QUALITY-AND-USABILITY-OF-PRIVACY-FRIENDLY-SYNTHETIC-DATA/.venv/lib/python3.12/site-packages/sklearn/metrics/_classification.py:1565)
2025-05-08 18:41:51,480 - WARNING - [UndefinedMetricWarning] Precision is ill-defined and being set to 0.0 in labels with no predicted samples. Use `zero_division` parameter to control this behavior. (from /mnt/NVMETank/Projects/Students/Dele/A-STUDY-INTO-THE-QUALITY-AND-USABILITY-OF-PRIVACY-FRIENDLY-SYNTHETIC-DATA/.venv/lib/python3.12/site-packages/sklearn/metrics/_classification.py:1565)
2025-05-08 18:41:51,482 - INFO - Computed 8 metric(s) for SVM on CTGAN_HYBRID
2025-05-08 18:41:51,482 - INFO - Evaluating SVM on GaussianCopula_HYBRID...
2025-05-08 18:41:51,484 - INFO - Predictions completed for SVM on GaussianCopula_HYBRID
2025-05-08 18:41:51,484 - INFO - Prediction distribution for SVM on GaussianCopula_HYBRID: {'Y': 144}
2025-05-08 18:41:51,484 - WARNING -  [WARNING] :SVM on GaussianCopula_HYBRID predicted only one class: {'Y'}
2025-05-08 18:41:51,486 - WARNING - [UndefinedMetricWarning] Precision is ill-defined and being set to 0.0 in labels with no predicted samples. Use `zero_division` parameter to control this behavior. (from /mnt/NVMETank/Projects/Students/Dele/A-STUDY-INTO-THE-QUALITY-AND-USABILITY-OF-PRIVACY-FRIENDLY-SYNTHETIC-DATA/.venv/lib/python3.12/site-packages/sklearn/metrics/_classification.py:1565)
2025-05-08 18:41:51,487 - WARNING - [UndefinedMetricWarning] Precision is ill-defined and being set to 0.0 in labels with no predicted samples. Use `zero_division` parameter to control this behavior. (from /mnt/NVMETank/Projects/Students/Dele/A-STUDY-INTO-THE-QUALITY-AND-USABILITY-OF-PRIVACY-FRIENDLY-SYNTHETIC-DATA/.venv/lib/python3.12/site-packages/sklearn/metrics/_classification.py:1565)
2025-05-08 18:41:51,489 - WARNING - [UndefinedMetricWarning] Precision is ill-defined and being set to 0.0 in labels with no predicted samples. Use `zero_division` parameter to control this behavior. (from /mnt/NVMETank/Projects/Students/Dele/A-STUDY-INTO-THE-QUALITY-AND-USABILITY-OF-PRIVACY-FRIENDLY-SYNTHETIC-DATA/.venv/lib/python3.12/site-packages/sklearn/metrics/_classification.py:1565)
2025-05-08 18:41:51,490 - INFO - Computed 8 metric(s) for SVM on GaussianCopula_HYBRID
2025-05-08 18:41:51,494 - INFO - Evaluation completed for all models.
2025-05-08 18:41:51,494 - INFO - Model evaluation completed in 0.28 seconds.
2025-05-08 18:41:51,496 - INFO - Evaluated models: ['DecisionTree', 'KNN', 'LogisticRegression', 'RandomForest', 'SVM']
2025-05-08 18:41:51,496 - INFO - Model Training and Evaluation completed.
2025-05-08 18:41:52,087 - INFO -  Visualizations saved.
2025-05-08 18:41:52,088 - INFO -  Benchmarking Completed. Results saved in output folder.
