2025-04-10 11:31:49,958 - INFO - Loaded config file: configs/generated_configs/loan/loan_anon_k2_l3_sl0.05.yaml
2025-04-10 11:31:49,958 - INFO -  Benchmarking started for dataset: loan
2025-04-10 11:31:49,958 - INFO - Configuration loaded: enable_anonymization = True, enable_synthesis = False
2025-04-10 11:31:49,958 - INFO - Running preprocessing...
2025-04-10 11:31:49,966 - INFO - Preprocessed files found. Skipping preprocessing.
2025-04-10 11:31:49,976 - INFO - Preprocessing completed. Rows before: 614, after: 384
2025-04-10 11:31:49,976 - INFO - enable_anonymization = None
2025-04-10 11:31:49,982 - INFO - Running Java Anonymization Program...........
2025-04-10 11:31:49,982 - INFO - Using JAR file at /home/deleayeni/A-STUDY-INTO-THE-QUALITY-AND-USABILITY-OF-PRIVACY-FRIENDLY-SYNTHETIC-DATA/src/anonymization/anonymARXij/bin/anonymARXij.jar to anonymize the dataset.
2025-04-10 11:31:54,305 - INFO - Java anonymization completed successfully.
2025-04-10 11:31:54,305 - INFO - Anonymized data saved to: /home/deleayeni/A-STUDY-INTO-THE-QUALITY-AND-USABILITY-OF-PRIVACY-FRIENDLY-SYNTHETIC-DATA/datasets/anonymized/loan_anonymized.csv
2025-04-10 11:31:54,331 - INFO - Loaded anonymized data: (384, 13)
2025-04-10 11:31:54,382 - INFO - Encoding applied to anonymized data. Encoded shape: (384, 12)
2025-04-10 11:31:54,394 - INFO - Encoded anonymized dataset saved to: datasets/anonymized/loan_anonymized_encoded.csv
2025-04-10 11:31:54,396 - INFO - enable_synthetic_generation = False
2025-04-10 11:31:54,396 - INFO - Synthetic Data Generation Skipped (Disabled in Configuration).
2025-04-10 11:31:54,396 - INFO - Synthetic data generated with 2 synthesizers.
2025-04-10 11:31:54,396 - INFO - Hybrid pipeline skipped (disabled in configuration).
2025-04-10 11:31:54,396 - INFO - Preparing datasets for machine learning...
2025-04-10 11:31:54,397 - INFO - Original Data - Training Size: 384, Testing Size: 96
2025-04-10 11:31:54,397 - INFO - Processing anonymized dataset...
2025-04-10 11:31:54,398 - INFO - Anonymized Data - Training Size: 384
2025-04-10 11:31:54,398 - INFO - Training models on all datasets...
2025-04-10 11:31:56,522 - INFO - Model Training Completed.
2025-04-10 11:31:56,523 - INFO - Evaluating models...
2025-04-10 11:31:56,753 - INFO - Model Training and Evaluation completed.
2025-04-10 11:31:57,313 - INFO -  Visualizations saved.
2025-04-10 11:31:57,321 - INFO -  Benchmarking Completed. Results saved in output folder.
