2025-04-23 01:12:06,981 - INFO - Loaded config file: configs/generated_configs/loan/loan_anon_k20_sl0p5_l2.yaml
2025-04-23 01:12:06,981 - INFO -  Benchmarking started for dataset: loan
2025-04-23 01:12:06,982 - INFO - Using dataset path: /mnt/NVMETank/Projects/Students/Dele/A-STUDY-INTO-THE-QUALITY-AND-USABILITY-OF-PRIVACY-FRIENDLY-SYNTHETIC-DATA/datasets/original/loan.csv
2025-04-23 01:12:06,982 - INFO - Target column: Loan_Status, separator: ','
2025-04-23 01:12:06,982 - INFO - Configuration loaded: enable_anonymization = True, enable_synthesis = False, enable_hybrid = True, enable_utility = True, delete_after_evaluation = True
2025-04-23 01:12:06,982 - INFO - Running preprocessing...
2025-04-23 01:12:06,986 - INFO -  [PREPROCESSING] Preprocessed files found. Skipping preprocessing.
2025-04-23 01:12:06,995 - INFO - Preprocessing completed. Rows before: 614, after: 336
2025-04-23 01:12:06,995 - INFO - Preprocessed data saved to: outputs/batch/loan_batch_2025-04-23_01-09-27/loan_anon_k20_sl0p5_l2/preprocessing_report.txt
2025-04-23 01:12:06,995 - INFO - enable_anonymization = True
2025-04-23 01:12:06,995 - INFO - Starting Anonymization Pipeline with output path: /mnt/NVMETank/Projects/Students/Dele/A-STUDY-INTO-THE-QUALITY-AND-USABILITY-OF-PRIVACY-FRIENDLY-SYNTHETIC-DATA/datasets/anonymized/loan_k20_l2_sup50_anonymized.csv.......
2025-04-23 01:12:06,999 - INFO -  [ANONYMIZATION] Executing run_anonymization, config_path : configs/generated_configs/loan/loan_anon_k20_sl0p5_l2.yaml...........
2025-04-23 01:12:07,000 - INFO -  [ANONYMIZATION] Using JAR file at /mnt/NVMETank/Projects/Students/Dele/A-STUDY-INTO-THE-QUALITY-AND-USABILITY-OF-PRIVACY-FRIENDLY-SYNTHETIC-DATA/src/anonymization/anonymARXij/bin/anonymARXij.jar to anonymize the dataset.
2025-04-23 01:12:08,140 - INFO -  [ANONYMIZATION] Anonimized file saved to : /mnt/NVMETank/Projects/Students/Dele/A-STUDY-INTO-THE-QUALITY-AND-USABILITY-OF-PRIVACY-FRIENDLY-SYNTHETIC-DATA/datasets/anonymized/loan_k20_l2_sup50_anonymized.csv
2025-04-23 01:12:08,140 - INFO -  [ANONYMIZATION] Java anonymization completed successfully.
2025-04-23 01:12:08,140 - INFO -  [ANONYMIZATION] Java STDOUT:
📄 Java received config path: /mnt/NVMETank/Projects/Students/Dele/A-STUDY-INTO-THE-QUALITY-AND-USABILITY-OF-PRIVACY-FRIENDLY-SYNTHETIC-DATA/configs/generated_configs/loan/loan_anon_k20_sl0p5_l2.yaml
🔹 Loading config from: /mnt/NVMETank/Projects/Students/Dele/A-STUDY-INTO-THE-QUALITY-AND-USABILITY-OF-PRIVACY-FRIENDLY-SYNTHETIC-DATA/configs/generated_configs/loan/loan_anon_k20_sl0p5_l2.yaml
Loading config from: /mnt/NVMETank/Projects/Students/Dele/A-STUDY-INTO-THE-QUALITY-AND-USABILITY-OF-PRIVACY-FRIENDLY-SYNTHETIC-DATA/configs/generated_configs/loan/loan_anon_k20_sl0p5_l2.yaml
📂 Dataset Path (from args): /mnt/NVMETank/Projects/Students/Dele/A-STUDY-INTO-THE-QUALITY-AND-USABILITY-OF-PRIVACY-FRIENDLY-SYNTHETIC-DATA/datasets/train/loan_train_raw.csv
🔹 Dataset Separator: ,
🔹 Suppression Limit: 0.5

🔹 Configured Attributes:
  ✅ Quasi-Identifier: Gender
  ✅ Quasi-Identifier: Married
  ✅ Quasi-Identifier: Education
  ✅ Sensitive Attribute: ApplicantIncome
  ✅ Insensitive Attribute: Loan_Amount_Term
  ✅ Insensitive Attribute: Dependents
  ✅ Insensitive Attribute: Loan_Status

🔹 Defined Hierarchies:
  ✅ Education -> /mnt/NVMETank/Projects/Students/Dele/A-STUDY-INTO-THE-QUALITY-AND-USABILITY-OF-PRIVACY-FRIENDLY-SYNTHETIC-DATA/src/anonymization/anonymARXij/src/hierarchies_loan/education.csv
  ✅ Married -> /mnt/NVMETank/Projects/Students/Dele/A-STUDY-INTO-THE-QUALITY-AND-USABILITY-OF-PRIVACY-FRIENDLY-SYNTHETIC-DATA/src/anonymization/anonymARXij/src/hierarchies_loan/married.csv
  ✅ Gender -> /mnt/NVMETank/Projects/Students/Dele/A-STUDY-INTO-THE-QUALITY-AND-USABILITY-OF-PRIVACY-FRIENDLY-SYNTHETIC-DATA/src/anonymization/anonymARXij/src/hierarchies_loan/gender.csv
Java is searching for hierarchy file at: /mnt/NVMETank/Projects/Students/Dele/A-STUDY-INTO-THE-QUALITY-AND-USABILITY-OF-PRIVACY-FRIENDLY-SYNTHETIC-DATA/src/anonymization/anonymARXij/src/hierarchies_loan/education.csv
Java is searching for hierarchy file at: /mnt/NVMETank/Projects/Students/Dele/A-STUDY-INTO-THE-QUALITY-AND-USABILITY-OF-PRIVACY-FRIENDLY-SYNTHETIC-DATA/src/anonymization/anonymARXij/src/hierarchies_loan/married.csv
Java is searching for hierarchy file at: /mnt/NVMETank/Projects/Students/Dele/A-STUDY-INTO-THE-QUALITY-AND-USABILITY-OF-PRIVACY-FRIENDLY-SYNTHETIC-DATA/src/anonymization/anonymARXij/src/hierarchies_loan/gender.csv
🔹 Privacy Models Configured
📂 Anonymized Output Path (from args): /mnt/NVMETank/Projects/Students/Dele/A-STUDY-INTO-THE-QUALITY-AND-USABILITY-OF-PRIVACY-FRIENDLY-SYNTHETIC-DATA/datasets/anonymized/loan_k20_l2_sup50_anonymized.csv
📂 Anonymized Output Path: /mnt/NVMETank/Projects/Students/Dele/A-STUDY-INTO-THE-QUALITY-AND-USABILITY-OF-PRIVACY-FRIENDLY-SYNTHETIC-DATA/datasets/anonymized/loan_k20_l2_sup50_anonymized.csv
✅ Anonymization completed. Output saved to: /mnt/NVMETank/Projects/Students/Dele/A-STUDY-INTO-THE-QUALITY-AND-USABILITY-OF-PRIVACY-FRIENDLY-SYNTHETIC-DATA/datasets/anonymized/loan_k20_l2_sup50_anonymized.csv
Anonymized Data Quality Metrics:
 - Ambiguity: 0.9841269841269842
 - AECS: 0.8571428571428572
 - Discernibility: 0.8703648988033683
 - Granularity: 0.888888888888889
 - MSE: 0.6666666666666667
 - Non-Uniform Entropy: 0.7034406566078406
 - Precision: 0.8333333333333334
 - Record-level SE: 0.38425120242217126
Equivalence Class Statistics:
 - Number of Classes: 4
 - Average Class Size: 84.0
Suppression Statistics:
 - Suppressed Records: 0
 - Suppression Percentage: 0.00%
2025-04-23 01:12:08,140 - INFO - Anonymized data saved to: /mnt/NVMETank/Projects/Students/Dele/A-STUDY-INTO-THE-QUALITY-AND-USABILITY-OF-PRIVACY-FRIENDLY-SYNTHETIC-DATA/datasets/anonymized/loan_k20_l2_sup50_anonymized.csv
2025-04-23 01:12:08,149 - INFO - Anonymous data report saved at: outputs/batch/loan_batch_2025-04-23_01-09-27/loan_anon_k20_sl0p5_l2/anonymous_data_report.txt
2025-04-23 01:12:08,149 - INFO -  [POSTPROCESSING] Postprocessing anonymized data: /mnt/NVMETank/Projects/Students/Dele/A-STUDY-INTO-THE-QUALITY-AND-USABILITY-OF-PRIVACY-FRIENDLY-SYNTHETIC-DATA/datasets/anonymized/loan_k20_l2_sup50_anonymized.csv
2025-04-23 01:12:08,151 - INFO -  [POSTPROCESSING] Loaded anonymized data: (336, 13)
2025-04-23 01:12:08,155 - INFO -  [POSTPROCESSING] Loaded fallback maps from training data. Categorical cols: 8, Numeric cols: 5
2025-04-23 01:12:08,155 - INFO -  [POSTPROCESSING] Normalizing anonymized data using ARX artifact cleaning and fallback values.
2025-04-23 01:12:08,164 - INFO -  [POSTPROCESSING] Normalized anonymized data saved to: /mnt/NVMETank/Projects/Students/Dele/A-STUDY-INTO-THE-QUALITY-AND-USABILITY-OF-PRIVACY-FRIENDLY-SYNTHETIC-DATA/datasets/anonymized/loan_k20_l2_sup50_anonymized_processed.csv
2025-04-23 01:12:08,173 - INFO -  [POSTPROCESSING] Binary Encoding applied to anonymized data. Encoded shape: (336, 28)
2025-04-23 01:12:08,175 - INFO -  [POSTPROCESSING] Encoded anonymized dataset saved to: /mnt/NVMETank/Projects/Students/Dele/A-STUDY-INTO-THE-QUALITY-AND-USABILITY-OF-PRIVACY-FRIENDLY-SYNTHETIC-DATA/datasets/anonymized/loan_k20_l2_sup50_anonymized_encoded.csv
2025-04-23 01:12:08,175 - INFO -  [POSTPROCESSING] Encoding map generated for anonymized data: 0 original categorical columns.
2025-04-23 01:12:08,175 - INFO - Postprocessing report saved at: outputs/batch/loan_batch_2025-04-23_01-09-27/loan_anon_k20_sl0p5_l2/postprocessing_report.txt
2025-04-23 01:12:08,175 - INFO - enable_synthetic_generation = False
2025-04-23 01:12:08,175 - INFO - Synthetic Data Generation Skipped (Disabled in Configuration).
2025-04-23 01:12:08,175 - INFO - Running Hybrid Pipeline...
2025-04-23 01:12:08,175 - INFO -  [HYBRID] Executing run_hybrid...
2025-04-23 01:12:08,175 - INFO -  [HYBRID] Looking for encoded anonymized data in /mnt/NVMETank/Projects/Students/Dele/A-STUDY-INTO-THE-QUALITY-AND-USABILITY-OF-PRIVACY-FRIENDLY-SYNTHETIC-DATA/datasets/anonymized/loan_k20_l2_sup50_anonymized_encoded.csv
2025-04-23 01:12:08,175 - INFO -  [HYBRID ] Loaded cached encoded anonymous data from /mnt/NVMETank/Projects/Students/Dele/A-STUDY-INTO-THE-QUALITY-AND-USABILITY-OF-PRIVACY-FRIENDLY-SYNTHETIC-DATA/datasets/anonymized/loan_k20_l2_sup50_anonymized_encoded.csv
2025-04-23 01:12:08,176 - INFO -  [HYBRID] Starting synthetic generation for hybrid pipeline...
2025-04-23 01:12:08,176 - INFO - Executing run_synthetic.....
2025-04-23 01:12:08,176 - INFO - [SYNTHETIC PIPELINE] executing run_synthetic for loan_k20_l2_sup50...
2025-04-23 01:12:08,176 - INFO - [SYNTHETIC] Processing dataset: loan_k20_l2_sup50
2025-04-23 01:12:08,176 - INFO - [SYNTHETIC] Original dataset size: 336 rows
2025-04-23 01:12:08,189 - INFO - Detected metadata:
2025-04-23 01:12:08,190 - INFO - {
    "columns": {
        "Loan_ID_0": {
            "sdtype": "categorical"
        },
        "Loan_ID_1": {
            "sdtype": "categorical"
        },
        "Loan_ID_2": {
            "sdtype": "categorical"
        },
        "Loan_ID_3": {
            "sdtype": "categorical"
        },
        "Loan_ID_4": {
            "sdtype": "categorical"
        },
        "Loan_ID_5": {
            "sdtype": "categorical"
        },
        "Loan_ID_6": {
            "sdtype": "categorical"
        },
        "Loan_ID_7": {
            "sdtype": "categorical"
        },
        "Loan_ID_8": {
            "sdtype": "categorical"
        },
        "Gender_0": {
            "sdtype": "categorical"
        },
        "Gender_1": {
            "sdtype": "categorical"
        },
        "Married_0": {
            "sdtype": "categorical"
        },
        "Married_1": {
            "sdtype": "categorical"
        },
        "Dependents_0": {
            "sdtype": "categorical"
        },
        "Dependents_1": {
            "sdtype": "categorical"
        },
        "Dependents_2": {
            "sdtype": "categorical"
        },
        "Education_0": {
            "sdtype": "categorical"
        },
        "Education_1": {
            "sdtype": "categorical"
        },
        "Self_Employed_0": {
            "sdtype": "categorical"
        },
        "Self_Employed_1": {
            "sdtype": "categorical"
        },
        "ApplicantIncome": {
            "sdtype": "numerical"
        },
        "CoapplicantIncome": {
            "sdtype": "numerical"
        },
        "LoanAmount": {
            "sdtype": "categorical"
        },
        "Loan_Amount_Term": {
            "sdtype": "categorical"
        },
        "Credit_History": {
            "sdtype": "categorical"
        },
        "Property_Area_0": {
            "sdtype": "categorical"
        },
        "Property_Area_1": {
            "sdtype": "categorical"
        },
        "Loan_Status": {
            "sdtype": "categorical"
        }
    },
    "METADATA_SPEC_VERSION": "SINGLE_TABLE_V1"
}
2025-04-23 01:12:08,190 - INFO - [SYNTHETIC] Preparing synthesizer: CTGAN
2025-04-23 01:12:08,190 - INFO - [SYNTHETIC] Params from config: {'epochs': 300}
2025-04-23 01:12:08,190 - INFO -  [SYNTHETIC] No pre-trained synthesizer found
2025-04-23 01:12:08,190 - INFO - [SYNTHETIC] Training new CTGAN synthesizer from scratch...
2025-04-23 01:12:08,190 - WARNING - [FutureWarning] The 'SingleTableMetadata' is deprecated. Please use the new 'Metadata' class for synthesizers. (from /mnt/NVMETank/Projects/Students/Dele/A-STUDY-INTO-THE-QUALITY-AND-USABILITY-OF-PRIVACY-FRIENDLY-SYNTHETIC-DATA/.venv/lib/python3.12/site-packages/sdv/single_table/base.py:119)
2025-04-23 01:12:08,190 - WARNING - [UserWarning] We strongly recommend saving the metadata using 'save_to_json' for replicability in future SDV versions. (from /mnt/NVMETank/Projects/Students/Dele/A-STUDY-INTO-THE-QUALITY-AND-USABILITY-OF-PRIVACY-FRIENDLY-SYNTHETIC-DATA/.venv/lib/python3.12/site-packages/sdv/single_table/base.py:104)
2025-04-23 01:12:08,194 - INFO - {'EVENT': 'Instance', 'TIMESTAMP': datetime.datetime(2025, 4, 23, 1, 12, 8, 194662), 'SYNTHESIZER CLASS NAME': 'CTGANSynthesizer', 'SYNTHESIZER ID': 'CTGANSynthesizer_1.18.0_dc0dbe737c254cc5a7f286032e6fa7bf'}
2025-04-23 01:12:08,194 - INFO - [SYNTHETIC] CTGAN initialized with epochs: 300
2025-04-23 01:12:08,194 - INFO - [SYNTHETIC] Training parameters for CTGAN: {}
2025-04-23 01:12:08,194 - INFO - [SYNTHETIC] fitting CTGAN 
2025-04-23 01:12:08,194 - INFO - {'EVENT': 'Fit', 'TIMESTAMP': datetime.datetime(2025, 4, 23, 1, 12, 8, 194872), 'SYNTHESIZER CLASS NAME': 'CTGANSynthesizer', 'SYNTHESIZER ID': 'CTGANSynthesizer_1.18.0_dc0dbe737c254cc5a7f286032e6fa7bf', 'TOTAL NUMBER OF TABLES': 1, 'TOTAL NUMBER OF ROWS': 336, 'TOTAL NUMBER OF COLUMNS': 28}
2025-04-23 01:12:08,195 - INFO - Fitting table  metadata
2025-04-23 01:12:08,196 - INFO - Fitting formatters for table 
2025-04-23 01:12:08,197 - INFO - Fitting constraints for table 
2025-04-23 01:12:08,197 - INFO - Setting the configuration for the ``HyperTransformer`` for table 
2025-04-23 01:12:08,198 - INFO - Fitting HyperTransformer for table 
2025-04-23 01:12:08,207 - INFO - {'EVENT': 'Fit processed data', 'TIMESTAMP': datetime.datetime(2025, 4, 23, 1, 12, 8, 207821), 'SYNTHESIZER CLASS NAME': 'CTGANSynthesizer', 'SYNTHESIZER ID': 'CTGANSynthesizer_1.18.0_dc0dbe737c254cc5a7f286032e6fa7bf', 'TOTAL NUMBER OF TABLES': 1, 'TOTAL NUMBER OF ROWS': 336, 'TOTAL NUMBER OF COLUMNS': 28}
2025-04-23 01:12:08,247 - INFO - Guidance: There are no missing values in column ApplicantIncome. Extra column not created.
2025-04-23 01:12:08,348 - INFO - Guidance: There are no missing values in column CoapplicantIncome. Extra column not created.
2025-04-23 01:12:37,319 - INFO - [SYNTHETIC] Fitting complete for CTGAN. Duration: 29.12 seconds.
2025-04-23 01:12:37,319 - INFO - [SYNTHETIC] CONFIRMATION CTGAN actually trained with epochs = 300
2025-04-23 01:12:37,320 - INFO - {'EVENT': 'Save', 'TIMESTAMP': datetime.datetime(2025, 4, 23, 1, 12, 37, 320033), 'SYNTHESIZER CLASS NAME': 'CTGANSynthesizer', 'SYNTHESIZER ID': 'CTGANSynthesizer_1.18.0_dc0dbe737c254cc5a7f286032e6fa7bf'}
2025-04-23 01:12:37,353 - INFO - [SYNTHETIC] CTGAN trained and saved.
2025-04-23 01:12:37,353 - INFO - [SYNTHETIC] Preparing synthesizer: GaussianCopula
2025-04-23 01:12:37,353 - INFO - [SYNTHETIC] Params from config: {}
2025-04-23 01:12:37,353 - INFO -  [SYNTHETIC] No pre-trained synthesizer found
2025-04-23 01:12:37,353 - INFO - [SYNTHETIC] Training new GaussianCopula synthesizer from scratch...
2025-04-23 01:12:37,353 - WARNING - [FutureWarning] The 'SingleTableMetadata' is deprecated. Please use the new 'Metadata' class for synthesizers. (from /mnt/NVMETank/Projects/Students/Dele/A-STUDY-INTO-THE-QUALITY-AND-USABILITY-OF-PRIVACY-FRIENDLY-SYNTHETIC-DATA/.venv/lib/python3.12/site-packages/sdv/single_table/base.py:119)
2025-04-23 01:12:37,355 - INFO - {'EVENT': 'Instance', 'TIMESTAMP': datetime.datetime(2025, 4, 23, 1, 12, 37, 355881), 'SYNTHESIZER CLASS NAME': 'GaussianCopulaSynthesizer', 'SYNTHESIZER ID': 'GaussianCopulaSynthesizer_1.18.0_a7fd348e588649f0ae5fff0765f826c8'}
2025-04-23 01:12:37,355 - INFO - [SYNTHETIC] fitting GaussianCopula 
2025-04-23 01:12:37,356 - INFO - {'EVENT': 'Fit', 'TIMESTAMP': datetime.datetime(2025, 4, 23, 1, 12, 37, 356016), 'SYNTHESIZER CLASS NAME': 'GaussianCopulaSynthesizer', 'SYNTHESIZER ID': 'GaussianCopulaSynthesizer_1.18.0_a7fd348e588649f0ae5fff0765f826c8', 'TOTAL NUMBER OF TABLES': 1, 'TOTAL NUMBER OF ROWS': 336, 'TOTAL NUMBER OF COLUMNS': 28}
2025-04-23 01:12:37,357 - INFO - Fitting table  metadata
2025-04-23 01:12:37,357 - INFO - Fitting formatters for table 
2025-04-23 01:12:37,358 - INFO - Fitting constraints for table 
2025-04-23 01:12:37,358 - INFO - Setting the configuration for the ``HyperTransformer`` for table 
2025-04-23 01:12:37,366 - INFO - Fitting HyperTransformer for table 
2025-04-23 01:12:37,538 - INFO - {'EVENT': 'Fit processed data', 'TIMESTAMP': datetime.datetime(2025, 4, 23, 1, 12, 37, 538555), 'SYNTHESIZER CLASS NAME': 'GaussianCopulaSynthesizer', 'SYNTHESIZER ID': 'GaussianCopulaSynthesizer_1.18.0_a7fd348e588649f0ae5fff0765f826c8', 'TOTAL NUMBER OF TABLES': 1, 'TOTAL NUMBER OF ROWS': 336, 'TOTAL NUMBER OF COLUMNS': 28}
2025-04-23 01:12:37,538 - INFO - Fitting GaussianMultivariate(distribution="{'Loan_ID_0': <class 'copulas.univariate.beta.BetaUnivariate'>, 'Loan_ID_1': <class 'copulas.univariate.beta.BetaUnivariate'>, 'Loan_ID_2': <class 'copulas.univariate.beta.BetaUnivariate'>, 'Loan_ID_3': <class 'copulas.univariate.beta.BetaUnivariate'>, 'Loan_ID_4': <class 'copulas.univariate.beta.BetaUnivariate'>, 'Loan_ID_5': <class 'copulas.univariate.beta.BetaUnivariate'>, 'Loan_ID_6': <class 'copulas.univariate.beta.BetaUnivariate'>, 'Loan_ID_7': <class 'copulas.univariate.beta.BetaUnivariate'>, 'Loan_ID_8': <class 'copulas.univariate.beta.BetaUnivariate'>, 'Gender_0': <class 'copulas.univariate.beta.BetaUnivariate'>, 'Gender_1': <class 'copulas.univariate.beta.BetaUnivariate'>, 'Married_0': <class 'copulas.univariate.beta.BetaUnivariate'>, 'Married_1': <class 'copulas.univariate.beta.BetaUnivariate'>, 'Dependents_0': <class 'copulas.univariate.beta.BetaUnivariate'>, 'Dependents_1': <class 'copulas.univariate.beta.BetaUnivariate'>, 'Dependents_2': <class 'copulas.univariate.beta.BetaUnivariate'>, 'Education_0': <class 'copulas.univariate.beta.BetaUnivariate'>, 'Education_1': <class 'copulas.univariate.beta.BetaUnivariate'>, 'Self_Employed_0': <class 'copulas.univariate.beta.BetaUnivariate'>, 'Self_Employed_1': <class 'copulas.univariate.beta.BetaUnivariate'>, 'ApplicantIncome': <class 'copulas.univariate.beta.BetaUnivariate'>, 'CoapplicantIncome': <class 'copulas.univariate.beta.BetaUnivariate'>, 'LoanAmount': <class 'copulas.univariate.beta.BetaUnivariate'>, 'Loan_Amount_Term': <class 'copulas.univariate.beta.BetaUnivariate'>, 'Credit_History': <class 'copulas.univariate.beta.BetaUnivariate'>, 'Property_Area_0': <class 'copulas.univariate.beta.BetaUnivariate'>, 'Property_Area_1': <class 'copulas.univariate.beta.BetaUnivariate'>, 'Loan_Status': <class 'copulas.univariate.beta.BetaUnivariate'>}")
2025-04-23 01:12:38,270 - INFO - [SYNTHETIC] Fitting complete for GaussianCopula. Duration: 0.91 seconds.
2025-04-23 01:12:38,270 - WARNING - [SYNTHETIC] WARNING Could not determine actual epochs used for GaussianCopula
2025-04-23 01:12:38,270 - INFO - {'EVENT': 'Save', 'TIMESTAMP': datetime.datetime(2025, 4, 23, 1, 12, 38, 270892), 'SYNTHESIZER CLASS NAME': 'GaussianCopulaSynthesizer', 'SYNTHESIZER ID': 'GaussianCopulaSynthesizer_1.18.0_a7fd348e588649f0ae5fff0765f826c8'}
2025-04-23 01:12:38,282 - INFO - [SYNTHETIC] GaussianCopula trained and saved.
2025-04-23 01:12:38,282 - INFO - [SYNTHETIC] Preparing synthesizer: TVAE
2025-04-23 01:12:38,282 - INFO - [SYNTHETIC] Params from config: {'epochs': 300}
2025-04-23 01:12:38,282 - INFO -  [SYNTHETIC] No pre-trained synthesizer found
2025-04-23 01:12:38,282 - INFO - [SYNTHETIC] Training new TVAE synthesizer from scratch...
2025-04-23 01:12:38,282 - WARNING - [FutureWarning] The 'SingleTableMetadata' is deprecated. Please use the new 'Metadata' class for synthesizers. (from /mnt/NVMETank/Projects/Students/Dele/A-STUDY-INTO-THE-QUALITY-AND-USABILITY-OF-PRIVACY-FRIENDLY-SYNTHETIC-DATA/.venv/lib/python3.12/site-packages/sdv/single_table/base.py:119)
2025-04-23 01:12:38,285 - INFO - {'EVENT': 'Instance', 'TIMESTAMP': datetime.datetime(2025, 4, 23, 1, 12, 38, 285235), 'SYNTHESIZER CLASS NAME': 'TVAESynthesizer', 'SYNTHESIZER ID': 'TVAESynthesizer_1.18.0_f5642d39b5a34ebc84b1bbee264aabcc'}
2025-04-23 01:12:38,285 - INFO - [SYNTHETIC] TVAE initialized with epochs: 300
2025-04-23 01:12:38,285 - INFO - [SYNTHETIC] Training parameters for TVAE: {}
2025-04-23 01:12:38,285 - INFO - [SYNTHETIC] fitting TVAE 
2025-04-23 01:12:38,285 - INFO - {'EVENT': 'Fit', 'TIMESTAMP': datetime.datetime(2025, 4, 23, 1, 12, 38, 285450), 'SYNTHESIZER CLASS NAME': 'TVAESynthesizer', 'SYNTHESIZER ID': 'TVAESynthesizer_1.18.0_f5642d39b5a34ebc84b1bbee264aabcc', 'TOTAL NUMBER OF TABLES': 1, 'TOTAL NUMBER OF ROWS': 336, 'TOTAL NUMBER OF COLUMNS': 28}
2025-04-23 01:12:38,286 - INFO - Fitting table  metadata
2025-04-23 01:12:38,286 - INFO - Fitting formatters for table 
2025-04-23 01:12:38,288 - INFO - Fitting constraints for table 
2025-04-23 01:12:38,288 - INFO - Setting the configuration for the ``HyperTransformer`` for table 
2025-04-23 01:12:38,289 - INFO - Fitting HyperTransformer for table 
2025-04-23 01:12:38,297 - INFO - {'EVENT': 'Fit processed data', 'TIMESTAMP': datetime.datetime(2025, 4, 23, 1, 12, 38, 297387), 'SYNTHESIZER CLASS NAME': 'TVAESynthesizer', 'SYNTHESIZER ID': 'TVAESynthesizer_1.18.0_f5642d39b5a34ebc84b1bbee264aabcc', 'TOTAL NUMBER OF TABLES': 1, 'TOTAL NUMBER OF ROWS': 336, 'TOTAL NUMBER OF COLUMNS': 28}
2025-04-23 01:12:38,324 - INFO - Guidance: There are no missing values in column ApplicantIncome. Extra column not created.
2025-04-23 01:12:38,406 - INFO - Guidance: There are no missing values in column CoapplicantIncome. Extra column not created.
2025-04-23 01:12:41,355 - INFO - [SYNTHETIC] Fitting complete for TVAE. Duration: 3.07 seconds.
2025-04-23 01:12:41,355 - INFO - [SYNTHETIC] CONFIRMATION TVAE actually trained with epochs = 300
2025-04-23 01:12:41,356 - INFO - {'EVENT': 'Save', 'TIMESTAMP': datetime.datetime(2025, 4, 23, 1, 12, 41, 356011), 'SYNTHESIZER CLASS NAME': 'TVAESynthesizer', 'SYNTHESIZER ID': 'TVAESynthesizer_1.18.0_f5642d39b5a34ebc84b1bbee264aabcc'}
2025-04-23 01:12:41,388 - INFO - [SYNTHETIC] TVAE trained and saved.
2025-04-23 01:12:41,388 - INFO - [SYNTHETIC] Using CTGAN to generate 336 rows...
2025-04-23 01:12:41,486 - INFO - {'EVENT': 'Sample', 'TIMESTAMP': datetime.datetime(2025, 4, 23, 1, 12, 41, 388361), 'SYNTHESIZER CLASS NAME': 'CTGANSynthesizer', 'SYNTHESIZER ID': 'CTGANSynthesizer_1.18.0_dc0dbe737c254cc5a7f286032e6fa7bf', 'TOTAL NUMBER OF TABLES': 1, 'TOTAL NUMBER OF ROWS': 336, 'TOTAL NUMBER OF COLUMNS': 28}
2025-04-23 01:12:41,486 - INFO - [SYNTHETIC] CTGAN completed: 336 rows generated.
2025-04-23 01:12:41,486 - INFO - [SYNTHETIC] Target class distribution for CTGAN: {'Y': 220, 'N': 116}
2025-04-23 01:12:41,486 - INFO - [SYNTHETIC] Using GaussianCopula to generate 336 rows...
2025-04-23 01:12:41,564 - INFO - {'EVENT': 'Sample', 'TIMESTAMP': datetime.datetime(2025, 4, 23, 1, 12, 41, 487030), 'SYNTHESIZER CLASS NAME': 'GaussianCopulaSynthesizer', 'SYNTHESIZER ID': 'GaussianCopulaSynthesizer_1.18.0_a7fd348e588649f0ae5fff0765f826c8', 'TOTAL NUMBER OF TABLES': 1, 'TOTAL NUMBER OF ROWS': 336, 'TOTAL NUMBER OF COLUMNS': 28}
2025-04-23 01:12:41,565 - INFO - [SYNTHETIC] GaussianCopula completed: 336 rows generated.
2025-04-23 01:12:41,565 - INFO - [SYNTHETIC] Target class distribution for GaussianCopula: {'Y': 218, 'N': 118}
2025-04-23 01:12:41,565 - INFO - [SYNTHETIC] Using TVAE to generate 336 rows...
2025-04-23 01:12:41,612 - INFO - {'EVENT': 'Sample', 'TIMESTAMP': datetime.datetime(2025, 4, 23, 1, 12, 41, 565403), 'SYNTHESIZER CLASS NAME': 'TVAESynthesizer', 'SYNTHESIZER ID': 'TVAESynthesizer_1.18.0_f5642d39b5a34ebc84b1bbee264aabcc', 'TOTAL NUMBER OF TABLES': 1, 'TOTAL NUMBER OF ROWS': 336, 'TOTAL NUMBER OF COLUMNS': 28}
2025-04-23 01:12:41,612 - INFO - [SYNTHETIC] TVAE completed: 336 rows generated.
2025-04-23 01:12:41,612 - INFO - [SYNTHETIC] Target class distribution for TVAE: {'Y': 329, 'N': 7}
2025-04-23 01:12:41,613 - INFO - [SYNTHETIC PIPELINE] Synthetic Data Generation Completed.
2025-04-23 01:12:41,613 - INFO - [SYNTHETIC PIPELINE] Synthesizers used: ['CTGAN', 'GaussianCopula', 'TVAE']
2025-04-23 01:12:41,613 - INFO - [SYNTHETIC PIPELINE] Evaluating synthetic dataset generated by CTGAN...
2025-04-23 01:12:41,613 - INFO - [SYNTHETIC EVAL] Real data columns     (28): ['Loan_ID_0', 'Loan_ID_1', 'Loan_ID_2', 'Loan_ID_3', 'Loan_ID_4', 'Loan_ID_5', 'Loan_ID_6', 'Loan_ID_7', 'Loan_ID_8', 'Gender_0', 'Gender_1', 'Married_0', 'Married_1', 'Dependents_0', 'Dependents_1', 'Dependents_2', 'Education_0', 'Education_1', 'Self_Employed_0', 'Self_Employed_1', 'ApplicantIncome', 'CoapplicantIncome', 'LoanAmount', 'Loan_Amount_Term', 'Credit_History', 'Property_Area_0', 'Property_Area_1', 'Loan_Status']
2025-04-23 01:12:41,613 - INFO - [SYNTHETIC EVAL] Synthetic data columns (28): ['Loan_ID_0', 'Loan_ID_1', 'Loan_ID_2', 'Loan_ID_3', 'Loan_ID_4', 'Loan_ID_5', 'Loan_ID_6', 'Loan_ID_7', 'Loan_ID_8', 'Gender_0', 'Gender_1', 'Married_0', 'Married_1', 'Dependents_0', 'Dependents_1', 'Dependents_2', 'Education_0', 'Education_1', 'Self_Employed_0', 'Self_Employed_1', 'ApplicantIncome', 'CoapplicantIncome', 'LoanAmount', 'Loan_Amount_Term', 'Credit_History', 'Property_Area_0', 'Property_Area_1', 'Loan_Status']
2025-04-23 01:12:41,613 - INFO - [SYNTHETIC EVAL] Metadata columns      (28): ['Loan_ID_0', 'Loan_ID_1', 'Loan_ID_2', 'Loan_ID_3', 'Loan_ID_4', 'Loan_ID_5', 'Loan_ID_6', 'Loan_ID_7', 'Loan_ID_8', 'Gender_0', 'Gender_1', 'Married_0', 'Married_1', 'Dependents_0', 'Dependents_1', 'Dependents_2', 'Education_0', 'Education_1', 'Self_Employed_0', 'Self_Employed_1', 'ApplicantIncome', 'CoapplicantIncome', 'LoanAmount', 'Loan_Amount_Term', 'Credit_History', 'Property_Area_0', 'Property_Area_1', 'Loan_Status']
2025-04-23 01:12:41,613 - INFO - [SYNTHETIC EVAL] Shape — Real: (336, 28), Synthetic: (336, 28)
2025-04-23 01:12:41,614 - INFO - [SYNTHETIC EVAL] Metadata structure:
{
  "columns": {
    "Loan_ID_0": {
      "sdtype": "categorical"
    },
    "Loan_ID_1": {
      "sdtype": "categorical"
    },
    "Loan_ID_2": {
      "sdtype": "categorical"
    },
    "Loan_ID_3": {
      "sdtype": "categorical"
    },
    "Loan_ID_4": {
      "sdtype": "categorical"
    },
    "Loan_ID_5": {
      "sdtype": "categorical"
    },
    "Loan_ID_6": {
      "sdtype": "categorical"
    },
    "Loan_ID_7": {
      "sdtype": "categorical"
    },
    "Loan_ID_8": {
      "sdtype": "categorical"
    },
    "Gender_0": {
      "sdtype": "categorical"
    },
    "Gender_1": {
      "sdtype": "categorical"
    },
    "Married_0": {
      "sdtype": "categorical"
    },
    "Married_1": {
      "sdtype": "categorical"
    },
    "Dependents_0": {
      "sdtype": "categorical"
    },
    "Dependents_1": {
      "sdtype": "categorical"
    },
    "Dependents_2": {
      "sdtype": "categorical"
    },
    "Education_0": {
      "sdtype": "categorical"
    },
    "Education_1": {
      "sdtype": "categorical"
    },
    "Self_Employed_0": {
      "sdtype": "categorical"
    },
    "Self_Employed_1": {
      "sdtype": "categorical"
    },
    "ApplicantIncome": {
      "sdtype": "numerical"
    },
    "CoapplicantIncome": {
      "sdtype": "numerical"
    },
    "LoanAmount": {
      "sdtype": "categorical"
    },
    "Loan_Amount_Term": {
      "sdtype": "categorical"
    },
    "Credit_History": {
      "sdtype": "categorical"
    },
    "Property_Area_0": {
      "sdtype": "categorical"
    },
    "Property_Area_1": {
      "sdtype": "categorical"
    },
    "Loan_Status": {
      "sdtype": "categorical"
    }
  },
  "METADATA_SPEC_VERSION": "SINGLE_TABLE_V1"
}
2025-04-23 01:12:42,290 - INFO - [SYNTHETIC PIPELINE] Evaluating synthetic dataset generated by GaussianCopula...
2025-04-23 01:12:42,291 - INFO - [SYNTHETIC EVAL] Real data columns     (28): ['Loan_ID_0', 'Loan_ID_1', 'Loan_ID_2', 'Loan_ID_3', 'Loan_ID_4', 'Loan_ID_5', 'Loan_ID_6', 'Loan_ID_7', 'Loan_ID_8', 'Gender_0', 'Gender_1', 'Married_0', 'Married_1', 'Dependents_0', 'Dependents_1', 'Dependents_2', 'Education_0', 'Education_1', 'Self_Employed_0', 'Self_Employed_1', 'ApplicantIncome', 'CoapplicantIncome', 'LoanAmount', 'Loan_Amount_Term', 'Credit_History', 'Property_Area_0', 'Property_Area_1', 'Loan_Status']
2025-04-23 01:12:42,291 - INFO - [SYNTHETIC EVAL] Synthetic data columns (28): ['Loan_ID_0', 'Loan_ID_1', 'Loan_ID_2', 'Loan_ID_3', 'Loan_ID_4', 'Loan_ID_5', 'Loan_ID_6', 'Loan_ID_7', 'Loan_ID_8', 'Gender_0', 'Gender_1', 'Married_0', 'Married_1', 'Dependents_0', 'Dependents_1', 'Dependents_2', 'Education_0', 'Education_1', 'Self_Employed_0', 'Self_Employed_1', 'ApplicantIncome', 'CoapplicantIncome', 'LoanAmount', 'Loan_Amount_Term', 'Credit_History', 'Property_Area_0', 'Property_Area_1', 'Loan_Status']
2025-04-23 01:12:42,291 - INFO - [SYNTHETIC EVAL] Metadata columns      (28): ['Loan_ID_0', 'Loan_ID_1', 'Loan_ID_2', 'Loan_ID_3', 'Loan_ID_4', 'Loan_ID_5', 'Loan_ID_6', 'Loan_ID_7', 'Loan_ID_8', 'Gender_0', 'Gender_1', 'Married_0', 'Married_1', 'Dependents_0', 'Dependents_1', 'Dependents_2', 'Education_0', 'Education_1', 'Self_Employed_0', 'Self_Employed_1', 'ApplicantIncome', 'CoapplicantIncome', 'LoanAmount', 'Loan_Amount_Term', 'Credit_History', 'Property_Area_0', 'Property_Area_1', 'Loan_Status']
2025-04-23 01:12:42,291 - INFO - [SYNTHETIC EVAL] Shape — Real: (336, 28), Synthetic: (336, 28)
2025-04-23 01:12:42,291 - INFO - [SYNTHETIC EVAL] Metadata structure:
{
  "columns": {
    "Loan_ID_0": {
      "sdtype": "categorical"
    },
    "Loan_ID_1": {
      "sdtype": "categorical"
    },
    "Loan_ID_2": {
      "sdtype": "categorical"
    },
    "Loan_ID_3": {
      "sdtype": "categorical"
    },
    "Loan_ID_4": {
      "sdtype": "categorical"
    },
    "Loan_ID_5": {
      "sdtype": "categorical"
    },
    "Loan_ID_6": {
      "sdtype": "categorical"
    },
    "Loan_ID_7": {
      "sdtype": "categorical"
    },
    "Loan_ID_8": {
      "sdtype": "categorical"
    },
    "Gender_0": {
      "sdtype": "categorical"
    },
    "Gender_1": {
      "sdtype": "categorical"
    },
    "Married_0": {
      "sdtype": "categorical"
    },
    "Married_1": {
      "sdtype": "categorical"
    },
    "Dependents_0": {
      "sdtype": "categorical"
    },
    "Dependents_1": {
      "sdtype": "categorical"
    },
    "Dependents_2": {
      "sdtype": "categorical"
    },
    "Education_0": {
      "sdtype": "categorical"
    },
    "Education_1": {
      "sdtype": "categorical"
    },
    "Self_Employed_0": {
      "sdtype": "categorical"
    },
    "Self_Employed_1": {
      "sdtype": "categorical"
    },
    "ApplicantIncome": {
      "sdtype": "numerical"
    },
    "CoapplicantIncome": {
      "sdtype": "numerical"
    },
    "LoanAmount": {
      "sdtype": "categorical"
    },
    "Loan_Amount_Term": {
      "sdtype": "categorical"
    },
    "Credit_History": {
      "sdtype": "categorical"
    },
    "Property_Area_0": {
      "sdtype": "categorical"
    },
    "Property_Area_1": {
      "sdtype": "categorical"
    },
    "Loan_Status": {
      "sdtype": "categorical"
    }
  },
  "METADATA_SPEC_VERSION": "SINGLE_TABLE_V1"
}
2025-04-23 01:12:43,026 - INFO - [SYNTHETIC PIPELINE] Evaluating synthetic dataset generated by TVAE...
2025-04-23 01:12:43,026 - INFO - [SYNTHETIC EVAL] Real data columns     (28): ['Loan_ID_0', 'Loan_ID_1', 'Loan_ID_2', 'Loan_ID_3', 'Loan_ID_4', 'Loan_ID_5', 'Loan_ID_6', 'Loan_ID_7', 'Loan_ID_8', 'Gender_0', 'Gender_1', 'Married_0', 'Married_1', 'Dependents_0', 'Dependents_1', 'Dependents_2', 'Education_0', 'Education_1', 'Self_Employed_0', 'Self_Employed_1', 'ApplicantIncome', 'CoapplicantIncome', 'LoanAmount', 'Loan_Amount_Term', 'Credit_History', 'Property_Area_0', 'Property_Area_1', 'Loan_Status']
2025-04-23 01:12:43,026 - INFO - [SYNTHETIC EVAL] Synthetic data columns (28): ['Loan_ID_0', 'Loan_ID_1', 'Loan_ID_2', 'Loan_ID_3', 'Loan_ID_4', 'Loan_ID_5', 'Loan_ID_6', 'Loan_ID_7', 'Loan_ID_8', 'Gender_0', 'Gender_1', 'Married_0', 'Married_1', 'Dependents_0', 'Dependents_1', 'Dependents_2', 'Education_0', 'Education_1', 'Self_Employed_0', 'Self_Employed_1', 'ApplicantIncome', 'CoapplicantIncome', 'LoanAmount', 'Loan_Amount_Term', 'Credit_History', 'Property_Area_0', 'Property_Area_1', 'Loan_Status']
2025-04-23 01:12:43,026 - INFO - [SYNTHETIC EVAL] Metadata columns      (28): ['Loan_ID_0', 'Loan_ID_1', 'Loan_ID_2', 'Loan_ID_3', 'Loan_ID_4', 'Loan_ID_5', 'Loan_ID_6', 'Loan_ID_7', 'Loan_ID_8', 'Gender_0', 'Gender_1', 'Married_0', 'Married_1', 'Dependents_0', 'Dependents_1', 'Dependents_2', 'Education_0', 'Education_1', 'Self_Employed_0', 'Self_Employed_1', 'ApplicantIncome', 'CoapplicantIncome', 'LoanAmount', 'Loan_Amount_Term', 'Credit_History', 'Property_Area_0', 'Property_Area_1', 'Loan_Status']
2025-04-23 01:12:43,026 - INFO - [SYNTHETIC EVAL] Shape — Real: (336, 28), Synthetic: (336, 28)
2025-04-23 01:12:43,027 - INFO - [SYNTHETIC EVAL] Metadata structure:
{
  "columns": {
    "Loan_ID_0": {
      "sdtype": "categorical"
    },
    "Loan_ID_1": {
      "sdtype": "categorical"
    },
    "Loan_ID_2": {
      "sdtype": "categorical"
    },
    "Loan_ID_3": {
      "sdtype": "categorical"
    },
    "Loan_ID_4": {
      "sdtype": "categorical"
    },
    "Loan_ID_5": {
      "sdtype": "categorical"
    },
    "Loan_ID_6": {
      "sdtype": "categorical"
    },
    "Loan_ID_7": {
      "sdtype": "categorical"
    },
    "Loan_ID_8": {
      "sdtype": "categorical"
    },
    "Gender_0": {
      "sdtype": "categorical"
    },
    "Gender_1": {
      "sdtype": "categorical"
    },
    "Married_0": {
      "sdtype": "categorical"
    },
    "Married_1": {
      "sdtype": "categorical"
    },
    "Dependents_0": {
      "sdtype": "categorical"
    },
    "Dependents_1": {
      "sdtype": "categorical"
    },
    "Dependents_2": {
      "sdtype": "categorical"
    },
    "Education_0": {
      "sdtype": "categorical"
    },
    "Education_1": {
      "sdtype": "categorical"
    },
    "Self_Employed_0": {
      "sdtype": "categorical"
    },
    "Self_Employed_1": {
      "sdtype": "categorical"
    },
    "ApplicantIncome": {
      "sdtype": "numerical"
    },
    "CoapplicantIncome": {
      "sdtype": "numerical"
    },
    "LoanAmount": {
      "sdtype": "categorical"
    },
    "Loan_Amount_Term": {
      "sdtype": "categorical"
    },
    "Credit_History": {
      "sdtype": "categorical"
    },
    "Property_Area_0": {
      "sdtype": "categorical"
    },
    "Property_Area_1": {
      "sdtype": "categorical"
    },
    "Loan_Status": {
      "sdtype": "categorical"
    }
  },
  "METADATA_SPEC_VERSION": "SINGLE_TABLE_V1"
}
2025-04-23 01:12:43,742 - INFO -  [SYNTHETIC PIPELINE]  Synthetic Data Evaluation Completed.
2025-04-23 01:12:43,750 - INFO -  [SYNTHETIC PIPELINE] Synthetic Data Report Generated Successfully.
2025-04-23 01:12:43,887 - INFO - [HYBRID] Generated hybrid dataset shape for CTGAN: (336, 28)
2025-04-23 01:12:43,887 - INFO - [HYBRID] Target distribution for CTGAN: {'Y': 220, 'N': 116}
2025-04-23 01:12:43,889 - INFO -  [HYBRID] Saved hybrid dataset to /mnt/NVMETank/Projects/Students/Dele/A-STUDY-INTO-THE-QUALITY-AND-USABILITY-OF-PRIVACY-FRIENDLY-SYNTHETIC-DATA/datasets/hybrid/loan_k20_l2_sup50_CTGAN_HYBRID.csv
2025-04-23 01:12:43,889 - INFO - [HYBRID] Generated hybrid dataset shape for GaussianCopula: (336, 28)
2025-04-23 01:12:43,890 - INFO - [HYBRID] Target distribution for GaussianCopula: {'Y': 218, 'N': 118}
2025-04-23 01:12:43,892 - INFO -  [HYBRID] Saved hybrid dataset to /mnt/NVMETank/Projects/Students/Dele/A-STUDY-INTO-THE-QUALITY-AND-USABILITY-OF-PRIVACY-FRIENDLY-SYNTHETIC-DATA/datasets/hybrid/loan_k20_l2_sup50_GaussianCopula_HYBRID.csv
2025-04-23 01:12:43,892 - INFO - [HYBRID] Generated hybrid dataset shape for TVAE: (336, 28)
2025-04-23 01:12:43,892 - INFO - [HYBRID] Target distribution for TVAE: {'Y': 329, 'N': 7}
2025-04-23 01:12:43,894 - INFO -  [HYBRID] Saved hybrid dataset to /mnt/NVMETank/Projects/Students/Dele/A-STUDY-INTO-THE-QUALITY-AND-USABILITY-OF-PRIVACY-FRIENDLY-SYNTHETIC-DATA/datasets/hybrid/loan_k20_l2_sup50_TVAE_HYBRID.csv
2025-04-23 01:12:43,894 - INFO -  [HYBRID] Hybrid pipeline complete — 3 dataset(s) ready.
2025-04-23 01:12:43,894 - INFO - [HYBRID] Total rows across all hybrid datasets: 1008
2025-04-23 01:12:43,894 - INFO - Hybrid pipeline completed successfully.
2025-04-23 01:12:43,894 - INFO - Hybrid pipeline duration: 35.72 seconds
2025-04-23 01:12:43,894 - INFO - Starting Utility...
2025-04-23 01:12:43,894 - INFO - [UTILITY] Preparing datasets for machine learning...
2025-04-23 01:12:43,895 - INFO - [UTILITY] Original Data - Training Size: 336, Testing Size: 144
2025-04-23 01:12:43,895 - INFO - [UTILITY] Target class distribution (Original): {'Y': 232, 'N': 104}
2025-04-23 01:12:43,895 - INFO - [UTILITY] Processing anonymized dataset...
2025-04-23 01:12:43,895 - INFO - [UTILITY] Anonymized Data - Training Size: 336
2025-04-23 01:12:43,896 - INFO - [UTILITY] Target class distribution (Anonymous): {'Y': 232, 'N': 104}
2025-04-23 01:12:43,896 - INFO - [UTILITY] Processing hybrid dataset generated by CTGAN...
2025-04-23 01:12:43,896 - INFO - [UTILITY] Hybrid Data (CTGAN_HYBRID) - Training Size: 336
2025-04-23 01:12:43,896 - INFO - [UTILITY] Target class distribution (CTGAN_HYBRID): {'Y': 220, 'N': 116}
2025-04-23 01:12:43,897 - INFO - [UTILITY] Processing hybrid dataset generated by GaussianCopula...
2025-04-23 01:12:43,897 - INFO - [UTILITY] Hybrid Data (GaussianCopula_HYBRID) - Training Size: 336
2025-04-23 01:12:43,897 - INFO - [UTILITY] Target class distribution (GaussianCopula_HYBRID): {'Y': 218, 'N': 118}
2025-04-23 01:12:43,897 - INFO - [UTILITY] Processing hybrid dataset generated by TVAE...
2025-04-23 01:12:43,898 - INFO - [UTILITY] Hybrid Data (TVAE_HYBRID) - Training Size: 336
2025-04-23 01:12:43,898 - INFO - [UTILITY] Target class distribution (TVAE_HYBRID): {'Y': 329, 'N': 7}
2025-04-23 01:12:43,898 - INFO - [UTILITY] Training models on all datasets...
2025-04-23 01:12:43,898 - INFO - [UTILITY] Total datasets used for training: 5
2025-04-23 01:12:43,898 - INFO - [TRAINING] Training models from scratch...
2025-04-23 01:12:43,898 - INFO - [TRAINING] Starting training for dataset: Original — Rows: 336, Features: 27
2025-04-23 01:12:43,898 - INFO - [TRAINING] Training DecisionTree on Original...
2025-04-23 01:12:43,901 - INFO - [TRAINING] DecisionTree trained successfully on Original in 0.00 sec
2025-04-23 01:12:43,901 - INFO - [TRAINING] Training KNN on Original...
2025-04-23 01:12:43,902 - INFO - [TRAINING] KNN trained successfully on Original in 0.00 sec
2025-04-23 01:12:43,902 - INFO - [TRAINING] Training LogisticRegression on Original...
2025-04-23 01:12:43,906 - INFO - [TRAINING] LogisticRegression trained successfully on Original in 0.00 sec
2025-04-23 01:12:43,906 - INFO - [TRAINING] Training RandomForest on Original...
2025-04-23 01:12:44,016 - INFO - [TRAINING] RandomForest trained successfully on Original in 0.11 sec
2025-04-23 01:12:44,016 - INFO - [TRAINING] Training SVM on Original...
2025-04-23 01:12:44,021 - INFO - [TRAINING] SVM trained successfully on Original in 0.00 sec
2025-04-23 01:12:44,021 - INFO - [TRAINING] Finished training 5 model(s) for dataset: Original
2025-04-23 01:12:44,021 - INFO - [TRAINING] Starting training for dataset: Anonymous — Rows: 336, Features: 27
2025-04-23 01:12:44,021 - INFO - [TRAINING] Training DecisionTree on Anonymous...
2025-04-23 01:12:44,023 - INFO - [TRAINING] DecisionTree trained successfully on Anonymous in 0.00 sec
2025-04-23 01:12:44,024 - INFO - [TRAINING] Training KNN on Anonymous...
2025-04-23 01:12:44,025 - INFO - [TRAINING] KNN trained successfully on Anonymous in 0.00 sec
2025-04-23 01:12:44,025 - INFO - [TRAINING] Training LogisticRegression on Anonymous...
2025-04-23 01:12:44,029 - INFO - [TRAINING] LogisticRegression trained successfully on Anonymous in 0.00 sec
2025-04-23 01:12:44,029 - INFO - [TRAINING] Training RandomForest on Anonymous...
2025-04-23 01:12:44,133 - INFO - [TRAINING] RandomForest trained successfully on Anonymous in 0.10 sec
2025-04-23 01:12:44,133 - INFO - [TRAINING] Training SVM on Anonymous...
2025-04-23 01:12:44,137 - INFO - [TRAINING] SVM trained successfully on Anonymous in 0.00 sec
2025-04-23 01:12:44,137 - INFO - [TRAINING] Finished training 5 model(s) for dataset: Anonymous
2025-04-23 01:12:44,137 - INFO - [TRAINING] Starting training for dataset: CTGAN_HYBRID — Rows: 336, Features: 27
2025-04-23 01:12:44,137 - INFO - [TRAINING] Training DecisionTree on CTGAN_HYBRID...
2025-04-23 01:12:44,138 - INFO - [TRAINING] DecisionTree trained successfully on CTGAN_HYBRID in 0.00 sec
2025-04-23 01:12:44,139 - INFO - [TRAINING] Training KNN on CTGAN_HYBRID...
2025-04-23 01:12:44,140 - INFO - [TRAINING] KNN trained successfully on CTGAN_HYBRID in 0.00 sec
2025-04-23 01:12:44,140 - INFO - [TRAINING] Training LogisticRegression on CTGAN_HYBRID...
2025-04-23 01:12:44,143 - INFO - [TRAINING] LogisticRegression trained successfully on CTGAN_HYBRID in 0.00 sec
2025-04-23 01:12:44,143 - INFO - [TRAINING] Training RandomForest on CTGAN_HYBRID...
2025-04-23 01:12:44,229 - INFO - [TRAINING] RandomForest trained successfully on CTGAN_HYBRID in 0.09 sec
2025-04-23 01:12:44,230 - INFO - [TRAINING] Training SVM on CTGAN_HYBRID...
2025-04-23 01:12:44,234 - INFO - [TRAINING] SVM trained successfully on CTGAN_HYBRID in 0.00 sec
2025-04-23 01:12:44,234 - INFO - [TRAINING] Finished training 5 model(s) for dataset: CTGAN_HYBRID
2025-04-23 01:12:44,234 - INFO - [TRAINING] Starting training for dataset: GaussianCopula_HYBRID — Rows: 336, Features: 27
2025-04-23 01:12:44,235 - INFO - [TRAINING] Training DecisionTree on GaussianCopula_HYBRID...
2025-04-23 01:12:44,237 - INFO - [TRAINING] DecisionTree trained successfully on GaussianCopula_HYBRID in 0.00 sec
2025-04-23 01:12:44,237 - INFO - [TRAINING] Training KNN on GaussianCopula_HYBRID...
2025-04-23 01:12:44,238 - INFO - [TRAINING] KNN trained successfully on GaussianCopula_HYBRID in 0.00 sec
2025-04-23 01:12:44,238 - INFO - [TRAINING] Training LogisticRegression on GaussianCopula_HYBRID...
2025-04-23 01:12:44,241 - INFO - [TRAINING] LogisticRegression trained successfully on GaussianCopula_HYBRID in 0.00 sec
2025-04-23 01:12:44,241 - INFO - [TRAINING] Training RandomForest on GaussianCopula_HYBRID...
2025-04-23 01:12:44,325 - INFO - [TRAINING] RandomForest trained successfully on GaussianCopula_HYBRID in 0.08 sec
2025-04-23 01:12:44,325 - INFO - [TRAINING] Training SVM on GaussianCopula_HYBRID...
2025-04-23 01:12:44,330 - INFO - [TRAINING] SVM trained successfully on GaussianCopula_HYBRID in 0.00 sec
2025-04-23 01:12:44,330 - INFO - [TRAINING] Finished training 5 model(s) for dataset: GaussianCopula_HYBRID
2025-04-23 01:12:44,330 - INFO - [TRAINING] Starting training for dataset: TVAE_HYBRID — Rows: 336, Features: 27
2025-04-23 01:12:44,330 - INFO - [TRAINING] Training DecisionTree on TVAE_HYBRID...
2025-04-23 01:12:44,331 - INFO - [TRAINING] DecisionTree trained successfully on TVAE_HYBRID in 0.00 sec
2025-04-23 01:12:44,331 - INFO - [TRAINING] Training KNN on TVAE_HYBRID...
2025-04-23 01:12:44,332 - INFO - [TRAINING] KNN trained successfully on TVAE_HYBRID in 0.00 sec
2025-04-23 01:12:44,333 - INFO - [TRAINING] Training LogisticRegression on TVAE_HYBRID...
2025-04-23 01:12:44,336 - INFO - [TRAINING] LogisticRegression trained successfully on TVAE_HYBRID in 0.00 sec
2025-04-23 01:12:44,336 - INFO - [TRAINING] Training RandomForest on TVAE_HYBRID...
2025-04-23 01:12:44,427 - INFO - [TRAINING] RandomForest trained successfully on TVAE_HYBRID in 0.09 sec
2025-04-23 01:12:44,427 - INFO - [TRAINING] Training SVM on TVAE_HYBRID...
2025-04-23 01:12:44,429 - INFO - [TRAINING] SVM trained successfully on TVAE_HYBRID in 0.00 sec
2025-04-23 01:12:44,429 - INFO - [TRAINING] Finished training 5 model(s) for dataset: TVAE_HYBRID
2025-04-23 01:12:44,429 - INFO - [TRAINING] Total models trained across all datasets: 25
2025-04-23 01:12:44,429 - INFO - [UTILITY] Trained model names: ['Original', 'Anonymous', 'CTGAN_HYBRID', 'GaussianCopula_HYBRID', 'TVAE_HYBRID']
2025-04-23 01:12:44,429 - INFO - [UTILITY] Model Training Completed.
2025-04-23 01:12:44,429 - INFO - Starting the Evaluating of models...
2025-04-23 01:12:44,429 - INFO - Preparing evaluation for model 'DecisionTree' across all datasets...
2025-04-23 01:12:44,429 - INFO - Evaluating DecisionTree on Original...
2025-04-23 01:12:44,430 - INFO - Predictions completed for DecisionTree on Original
2025-04-23 01:12:44,430 - INFO - Prediction distribution for DecisionTree on Original: {'Y': 99, 'N': 45}
2025-04-23 01:12:44,439 - INFO - Computed 8 metric(s) for DecisionTree on Original
2025-04-23 01:12:44,439 - INFO - Evaluating DecisionTree on Anonymous...
2025-04-23 01:12:44,440 - INFO - Predictions completed for DecisionTree on Anonymous
2025-04-23 01:12:44,440 - INFO - Prediction distribution for DecisionTree on Anonymous: {'Y': 100, 'N': 44}
2025-04-23 01:12:44,448 - INFO - Computed 8 metric(s) for DecisionTree on Anonymous
2025-04-23 01:12:44,448 - INFO - Evaluating DecisionTree on CTGAN_HYBRID...
2025-04-23 01:12:44,449 - INFO - Predictions completed for DecisionTree on CTGAN_HYBRID
2025-04-23 01:12:44,450 - INFO - Prediction distribution for DecisionTree on CTGAN_HYBRID: {'N': 75, 'Y': 69}
2025-04-23 01:12:44,458 - INFO - Computed 8 metric(s) for DecisionTree on CTGAN_HYBRID
2025-04-23 01:12:44,458 - INFO - Evaluating DecisionTree on GaussianCopula_HYBRID...
2025-04-23 01:12:44,459 - INFO - Predictions completed for DecisionTree on GaussianCopula_HYBRID
2025-04-23 01:12:44,459 - INFO - Prediction distribution for DecisionTree on GaussianCopula_HYBRID: {'Y': 79, 'N': 65}
2025-04-23 01:12:44,467 - INFO - Computed 8 metric(s) for DecisionTree on GaussianCopula_HYBRID
2025-04-23 01:12:44,467 - INFO - Evaluating DecisionTree on TVAE_HYBRID...
2025-04-23 01:12:44,468 - INFO - Predictions completed for DecisionTree on TVAE_HYBRID
2025-04-23 01:12:44,468 - INFO - Prediction distribution for DecisionTree on TVAE_HYBRID: {'Y': 139, 'N': 5}
2025-04-23 01:12:44,476 - INFO - Computed 8 metric(s) for DecisionTree on TVAE_HYBRID
2025-04-23 01:12:44,476 - INFO - Preparing evaluation for model 'KNN' across all datasets...
2025-04-23 01:12:44,476 - INFO - Evaluating KNN on Original...
2025-04-23 01:12:44,482 - INFO - Predictions completed for KNN on Original
2025-04-23 01:12:44,482 - INFO - Prediction distribution for KNN on Original: {'Y': 115, 'N': 29}
2025-04-23 01:12:44,493 - INFO - Computed 8 metric(s) for KNN on Original
2025-04-23 01:12:44,493 - INFO - Evaluating KNN on Anonymous...
2025-04-23 01:12:44,499 - INFO - Predictions completed for KNN on Anonymous
2025-04-23 01:12:44,499 - INFO - Prediction distribution for KNN on Anonymous: {'Y': 122, 'N': 22}
2025-04-23 01:12:44,512 - INFO - Computed 8 metric(s) for KNN on Anonymous
2025-04-23 01:12:44,512 - INFO - Evaluating KNN on CTGAN_HYBRID...
2025-04-23 01:12:44,517 - INFO - Predictions completed for KNN on CTGAN_HYBRID
2025-04-23 01:12:44,518 - INFO - Prediction distribution for KNN on CTGAN_HYBRID: {'Y': 111, 'N': 33}
2025-04-23 01:12:44,528 - INFO - Computed 8 metric(s) for KNN on CTGAN_HYBRID
2025-04-23 01:12:44,528 - INFO - Evaluating KNN on GaussianCopula_HYBRID...
2025-04-23 01:12:44,534 - INFO - Predictions completed for KNN on GaussianCopula_HYBRID
2025-04-23 01:12:44,534 - INFO - Prediction distribution for KNN on GaussianCopula_HYBRID: {'Y': 116, 'N': 28}
2025-04-23 01:12:44,545 - INFO - Computed 8 metric(s) for KNN on GaussianCopula_HYBRID
2025-04-23 01:12:44,546 - INFO - Evaluating KNN on TVAE_HYBRID...
2025-04-23 01:12:44,556 - INFO - Predictions completed for KNN on TVAE_HYBRID
2025-04-23 01:12:44,556 - INFO - Prediction distribution for KNN on TVAE_HYBRID: {'Y': 144}
2025-04-23 01:12:44,556 - WARNING -  [WARNING] :KNN on TVAE_HYBRID predicted only one class: {'Y'}
2025-04-23 01:12:44,558 - WARNING - [UndefinedMetricWarning] Precision is ill-defined and being set to 0.0 in labels with no predicted samples. Use `zero_division` parameter to control this behavior. (from /mnt/NVMETank/Projects/Students/Dele/A-STUDY-INTO-THE-QUALITY-AND-USABILITY-OF-PRIVACY-FRIENDLY-SYNTHETIC-DATA/.venv/lib/python3.12/site-packages/sklearn/metrics/_classification.py:1565)
2025-04-23 01:12:44,559 - WARNING - [UndefinedMetricWarning] Precision is ill-defined and being set to 0.0 in labels with no predicted samples. Use `zero_division` parameter to control this behavior. (from /mnt/NVMETank/Projects/Students/Dele/A-STUDY-INTO-THE-QUALITY-AND-USABILITY-OF-PRIVACY-FRIENDLY-SYNTHETIC-DATA/.venv/lib/python3.12/site-packages/sklearn/metrics/_classification.py:1565)
2025-04-23 01:12:44,560 - WARNING - [UndefinedMetricWarning] Precision is ill-defined and being set to 0.0 in labels with no predicted samples. Use `zero_division` parameter to control this behavior. (from /mnt/NVMETank/Projects/Students/Dele/A-STUDY-INTO-THE-QUALITY-AND-USABILITY-OF-PRIVACY-FRIENDLY-SYNTHETIC-DATA/.venv/lib/python3.12/site-packages/sklearn/metrics/_classification.py:1565)
2025-04-23 01:12:44,567 - INFO - Computed 8 metric(s) for KNN on TVAE_HYBRID
2025-04-23 01:12:44,567 - INFO - Preparing evaluation for model 'LogisticRegression' across all datasets...
2025-04-23 01:12:44,567 - INFO - Evaluating LogisticRegression on Original...
2025-04-23 01:12:44,568 - INFO - Predictions completed for LogisticRegression on Original
2025-04-23 01:12:44,569 - INFO - Prediction distribution for LogisticRegression on Original: {'Y': 118, 'N': 26}
2025-04-23 01:12:44,577 - INFO - Computed 8 metric(s) for LogisticRegression on Original
2025-04-23 01:12:44,577 - INFO - Evaluating LogisticRegression on Anonymous...
2025-04-23 01:12:44,579 - INFO - Predictions completed for LogisticRegression on Anonymous
2025-04-23 01:12:44,579 - INFO - Prediction distribution for LogisticRegression on Anonymous: {'Y': 141, 'N': 3}
2025-04-23 01:12:44,587 - INFO - Computed 8 metric(s) for LogisticRegression on Anonymous
2025-04-23 01:12:44,587 - INFO - Evaluating LogisticRegression on CTGAN_HYBRID...
2025-04-23 01:12:44,589 - INFO - Predictions completed for LogisticRegression on CTGAN_HYBRID
2025-04-23 01:12:44,589 - INFO - Prediction distribution for LogisticRegression on CTGAN_HYBRID: {'Y': 138, 'N': 6}
2025-04-23 01:12:44,597 - INFO - Computed 8 metric(s) for LogisticRegression on CTGAN_HYBRID
2025-04-23 01:12:44,597 - INFO - Evaluating LogisticRegression on GaussianCopula_HYBRID...
2025-04-23 01:12:44,598 - INFO - Predictions completed for LogisticRegression on GaussianCopula_HYBRID
2025-04-23 01:12:44,599 - INFO - Prediction distribution for LogisticRegression on GaussianCopula_HYBRID: {'Y': 137, 'N': 7}
2025-04-23 01:12:44,607 - INFO - Computed 8 metric(s) for LogisticRegression on GaussianCopula_HYBRID
2025-04-23 01:12:44,607 - INFO - Evaluating LogisticRegression on TVAE_HYBRID...
2025-04-23 01:12:44,608 - INFO - Predictions completed for LogisticRegression on TVAE_HYBRID
2025-04-23 01:12:44,608 - INFO - Prediction distribution for LogisticRegression on TVAE_HYBRID: {'Y': 144}
2025-04-23 01:12:44,608 - WARNING -  [WARNING] :LogisticRegression on TVAE_HYBRID predicted only one class: {'Y'}
2025-04-23 01:12:44,610 - WARNING - [UndefinedMetricWarning] Precision is ill-defined and being set to 0.0 in labels with no predicted samples. Use `zero_division` parameter to control this behavior. (from /mnt/NVMETank/Projects/Students/Dele/A-STUDY-INTO-THE-QUALITY-AND-USABILITY-OF-PRIVACY-FRIENDLY-SYNTHETIC-DATA/.venv/lib/python3.12/site-packages/sklearn/metrics/_classification.py:1565)
2025-04-23 01:12:44,611 - WARNING - [UndefinedMetricWarning] Precision is ill-defined and being set to 0.0 in labels with no predicted samples. Use `zero_division` parameter to control this behavior. (from /mnt/NVMETank/Projects/Students/Dele/A-STUDY-INTO-THE-QUALITY-AND-USABILITY-OF-PRIVACY-FRIENDLY-SYNTHETIC-DATA/.venv/lib/python3.12/site-packages/sklearn/metrics/_classification.py:1565)
2025-04-23 01:12:44,612 - WARNING - [UndefinedMetricWarning] Precision is ill-defined and being set to 0.0 in labels with no predicted samples. Use `zero_division` parameter to control this behavior. (from /mnt/NVMETank/Projects/Students/Dele/A-STUDY-INTO-THE-QUALITY-AND-USABILITY-OF-PRIVACY-FRIENDLY-SYNTHETIC-DATA/.venv/lib/python3.12/site-packages/sklearn/metrics/_classification.py:1565)
2025-04-23 01:12:44,617 - INFO - Computed 8 metric(s) for LogisticRegression on TVAE_HYBRID
2025-04-23 01:12:44,617 - INFO - Preparing evaluation for model 'RandomForest' across all datasets...
2025-04-23 01:12:44,617 - INFO - Evaluating RandomForest on Original...
2025-04-23 01:12:44,623 - INFO - Predictions completed for RandomForest on Original
2025-04-23 01:12:44,623 - INFO - Prediction distribution for RandomForest on Original: {'Y': 115, 'N': 29}
2025-04-23 01:12:44,640 - INFO - Computed 8 metric(s) for RandomForest on Original
2025-04-23 01:12:44,640 - INFO - Evaluating RandomForest on Anonymous...
2025-04-23 01:12:44,645 - INFO - Predictions completed for RandomForest on Anonymous
2025-04-23 01:12:44,645 - INFO - Prediction distribution for RandomForest on Anonymous: {'Y': 104, 'N': 40}
2025-04-23 01:12:44,663 - INFO - Computed 8 metric(s) for RandomForest on Anonymous
2025-04-23 01:12:44,663 - INFO - Evaluating RandomForest on CTGAN_HYBRID...
2025-04-23 01:12:44,669 - INFO - Predictions completed for RandomForest on CTGAN_HYBRID
2025-04-23 01:12:44,669 - INFO - Prediction distribution for RandomForest on CTGAN_HYBRID: {'Y': 79, 'N': 65}
2025-04-23 01:12:44,687 - INFO - Computed 8 metric(s) for RandomForest on CTGAN_HYBRID
2025-04-23 01:12:44,687 - INFO - Evaluating RandomForest on GaussianCopula_HYBRID...
2025-04-23 01:12:44,693 - INFO - Predictions completed for RandomForest on GaussianCopula_HYBRID
2025-04-23 01:12:44,693 - INFO - Prediction distribution for RandomForest on GaussianCopula_HYBRID: {'Y': 91, 'N': 53}
2025-04-23 01:12:44,712 - INFO - Computed 8 metric(s) for RandomForest on GaussianCopula_HYBRID
2025-04-23 01:12:44,712 - INFO - Evaluating RandomForest on TVAE_HYBRID...
2025-04-23 01:12:44,717 - INFO - Predictions completed for RandomForest on TVAE_HYBRID
2025-04-23 01:12:44,717 - INFO - Prediction distribution for RandomForest on TVAE_HYBRID: {'Y': 141, 'N': 3}
2025-04-23 01:12:44,734 - INFO - Computed 8 metric(s) for RandomForest on TVAE_HYBRID
2025-04-23 01:12:44,734 - INFO - Preparing evaluation for model 'SVM' across all datasets...
2025-04-23 01:12:44,734 - INFO - Evaluating SVM on Original...
2025-04-23 01:12:44,736 - INFO - Predictions completed for SVM on Original
2025-04-23 01:12:44,737 - INFO - Prediction distribution for SVM on Original: {'Y': 144}
2025-04-23 01:12:44,737 - WARNING -  [WARNING] :SVM on Original predicted only one class: {'Y'}
2025-04-23 01:12:44,738 - WARNING - [UndefinedMetricWarning] Precision is ill-defined and being set to 0.0 in labels with no predicted samples. Use `zero_division` parameter to control this behavior. (from /mnt/NVMETank/Projects/Students/Dele/A-STUDY-INTO-THE-QUALITY-AND-USABILITY-OF-PRIVACY-FRIENDLY-SYNTHETIC-DATA/.venv/lib/python3.12/site-packages/sklearn/metrics/_classification.py:1565)
2025-04-23 01:12:44,740 - WARNING - [UndefinedMetricWarning] Precision is ill-defined and being set to 0.0 in labels with no predicted samples. Use `zero_division` parameter to control this behavior. (from /mnt/NVMETank/Projects/Students/Dele/A-STUDY-INTO-THE-QUALITY-AND-USABILITY-OF-PRIVACY-FRIENDLY-SYNTHETIC-DATA/.venv/lib/python3.12/site-packages/sklearn/metrics/_classification.py:1565)
2025-04-23 01:12:44,741 - WARNING - [UndefinedMetricWarning] Precision is ill-defined and being set to 0.0 in labels with no predicted samples. Use `zero_division` parameter to control this behavior. (from /mnt/NVMETank/Projects/Students/Dele/A-STUDY-INTO-THE-QUALITY-AND-USABILITY-OF-PRIVACY-FRIENDLY-SYNTHETIC-DATA/.venv/lib/python3.12/site-packages/sklearn/metrics/_classification.py:1565)
2025-04-23 01:12:44,743 - INFO - Computed 8 metric(s) for SVM on Original
2025-04-23 01:12:44,743 - INFO - Evaluating SVM on Anonymous...
2025-04-23 01:12:44,745 - INFO - Predictions completed for SVM on Anonymous
2025-04-23 01:12:44,745 - INFO - Prediction distribution for SVM on Anonymous: {'Y': 144}
2025-04-23 01:12:44,745 - WARNING -  [WARNING] :SVM on Anonymous predicted only one class: {'Y'}
2025-04-23 01:12:44,747 - WARNING - [UndefinedMetricWarning] Precision is ill-defined and being set to 0.0 in labels with no predicted samples. Use `zero_division` parameter to control this behavior. (from /mnt/NVMETank/Projects/Students/Dele/A-STUDY-INTO-THE-QUALITY-AND-USABILITY-OF-PRIVACY-FRIENDLY-SYNTHETIC-DATA/.venv/lib/python3.12/site-packages/sklearn/metrics/_classification.py:1565)
2025-04-23 01:12:44,748 - WARNING - [UndefinedMetricWarning] Precision is ill-defined and being set to 0.0 in labels with no predicted samples. Use `zero_division` parameter to control this behavior. (from /mnt/NVMETank/Projects/Students/Dele/A-STUDY-INTO-THE-QUALITY-AND-USABILITY-OF-PRIVACY-FRIENDLY-SYNTHETIC-DATA/.venv/lib/python3.12/site-packages/sklearn/metrics/_classification.py:1565)
2025-04-23 01:12:44,750 - WARNING - [UndefinedMetricWarning] Precision is ill-defined and being set to 0.0 in labels with no predicted samples. Use `zero_division` parameter to control this behavior. (from /mnt/NVMETank/Projects/Students/Dele/A-STUDY-INTO-THE-QUALITY-AND-USABILITY-OF-PRIVACY-FRIENDLY-SYNTHETIC-DATA/.venv/lib/python3.12/site-packages/sklearn/metrics/_classification.py:1565)
2025-04-23 01:12:44,751 - INFO - Computed 8 metric(s) for SVM on Anonymous
2025-04-23 01:12:44,751 - INFO - Evaluating SVM on CTGAN_HYBRID...
2025-04-23 01:12:44,754 - INFO - Predictions completed for SVM on CTGAN_HYBRID
2025-04-23 01:12:44,754 - INFO - Prediction distribution for SVM on CTGAN_HYBRID: {'Y': 144}
2025-04-23 01:12:44,754 - WARNING -  [WARNING] :SVM on CTGAN_HYBRID predicted only one class: {'Y'}
2025-04-23 01:12:44,756 - WARNING - [UndefinedMetricWarning] Precision is ill-defined and being set to 0.0 in labels with no predicted samples. Use `zero_division` parameter to control this behavior. (from /mnt/NVMETank/Projects/Students/Dele/A-STUDY-INTO-THE-QUALITY-AND-USABILITY-OF-PRIVACY-FRIENDLY-SYNTHETIC-DATA/.venv/lib/python3.12/site-packages/sklearn/metrics/_classification.py:1565)
2025-04-23 01:12:44,757 - WARNING - [UndefinedMetricWarning] Precision is ill-defined and being set to 0.0 in labels with no predicted samples. Use `zero_division` parameter to control this behavior. (from /mnt/NVMETank/Projects/Students/Dele/A-STUDY-INTO-THE-QUALITY-AND-USABILITY-OF-PRIVACY-FRIENDLY-SYNTHETIC-DATA/.venv/lib/python3.12/site-packages/sklearn/metrics/_classification.py:1565)
2025-04-23 01:12:44,758 - WARNING - [UndefinedMetricWarning] Precision is ill-defined and being set to 0.0 in labels with no predicted samples. Use `zero_division` parameter to control this behavior. (from /mnt/NVMETank/Projects/Students/Dele/A-STUDY-INTO-THE-QUALITY-AND-USABILITY-OF-PRIVACY-FRIENDLY-SYNTHETIC-DATA/.venv/lib/python3.12/site-packages/sklearn/metrics/_classification.py:1565)
2025-04-23 01:12:44,760 - INFO - Computed 8 metric(s) for SVM on CTGAN_HYBRID
2025-04-23 01:12:44,760 - INFO - Evaluating SVM on GaussianCopula_HYBRID...
2025-04-23 01:12:44,762 - INFO - Predictions completed for SVM on GaussianCopula_HYBRID
2025-04-23 01:12:44,763 - INFO - Prediction distribution for SVM on GaussianCopula_HYBRID: {'Y': 144}
2025-04-23 01:12:44,763 - WARNING -  [WARNING] :SVM on GaussianCopula_HYBRID predicted only one class: {'Y'}
2025-04-23 01:12:44,764 - WARNING - [UndefinedMetricWarning] Precision is ill-defined and being set to 0.0 in labels with no predicted samples. Use `zero_division` parameter to control this behavior. (from /mnt/NVMETank/Projects/Students/Dele/A-STUDY-INTO-THE-QUALITY-AND-USABILITY-OF-PRIVACY-FRIENDLY-SYNTHETIC-DATA/.venv/lib/python3.12/site-packages/sklearn/metrics/_classification.py:1565)
2025-04-23 01:12:44,766 - WARNING - [UndefinedMetricWarning] Precision is ill-defined and being set to 0.0 in labels with no predicted samples. Use `zero_division` parameter to control this behavior. (from /mnt/NVMETank/Projects/Students/Dele/A-STUDY-INTO-THE-QUALITY-AND-USABILITY-OF-PRIVACY-FRIENDLY-SYNTHETIC-DATA/.venv/lib/python3.12/site-packages/sklearn/metrics/_classification.py:1565)
2025-04-23 01:12:44,767 - WARNING - [UndefinedMetricWarning] Precision is ill-defined and being set to 0.0 in labels with no predicted samples. Use `zero_division` parameter to control this behavior. (from /mnt/NVMETank/Projects/Students/Dele/A-STUDY-INTO-THE-QUALITY-AND-USABILITY-OF-PRIVACY-FRIENDLY-SYNTHETIC-DATA/.venv/lib/python3.12/site-packages/sklearn/metrics/_classification.py:1565)
2025-04-23 01:12:44,769 - INFO - Computed 8 metric(s) for SVM on GaussianCopula_HYBRID
2025-04-23 01:12:44,769 - INFO - Evaluating SVM on TVAE_HYBRID...
2025-04-23 01:12:44,770 - INFO - Predictions completed for SVM on TVAE_HYBRID
2025-04-23 01:12:44,770 - INFO - Prediction distribution for SVM on TVAE_HYBRID: {'Y': 144}
2025-04-23 01:12:44,770 - WARNING -  [WARNING] :SVM on TVAE_HYBRID predicted only one class: {'Y'}
2025-04-23 01:12:44,772 - WARNING - [UndefinedMetricWarning] Precision is ill-defined and being set to 0.0 in labels with no predicted samples. Use `zero_division` parameter to control this behavior. (from /mnt/NVMETank/Projects/Students/Dele/A-STUDY-INTO-THE-QUALITY-AND-USABILITY-OF-PRIVACY-FRIENDLY-SYNTHETIC-DATA/.venv/lib/python3.12/site-packages/sklearn/metrics/_classification.py:1565)
2025-04-23 01:12:44,773 - WARNING - [UndefinedMetricWarning] Precision is ill-defined and being set to 0.0 in labels with no predicted samples. Use `zero_division` parameter to control this behavior. (from /mnt/NVMETank/Projects/Students/Dele/A-STUDY-INTO-THE-QUALITY-AND-USABILITY-OF-PRIVACY-FRIENDLY-SYNTHETIC-DATA/.venv/lib/python3.12/site-packages/sklearn/metrics/_classification.py:1565)
2025-04-23 01:12:44,774 - WARNING - [UndefinedMetricWarning] Precision is ill-defined and being set to 0.0 in labels with no predicted samples. Use `zero_division` parameter to control this behavior. (from /mnt/NVMETank/Projects/Students/Dele/A-STUDY-INTO-THE-QUALITY-AND-USABILITY-OF-PRIVACY-FRIENDLY-SYNTHETIC-DATA/.venv/lib/python3.12/site-packages/sklearn/metrics/_classification.py:1565)
2025-04-23 01:12:44,776 - INFO - Computed 8 metric(s) for SVM on TVAE_HYBRID
2025-04-23 01:12:44,779 - INFO - Evaluation completed for all models.
2025-04-23 01:12:44,780 - INFO - Model evaluation completed in 0.35 seconds.
2025-04-23 01:12:44,782 - INFO - Evaluated models: ['DecisionTree', 'KNN', 'LogisticRegression', 'RandomForest', 'SVM']
2025-04-23 01:12:44,782 - INFO - Model Training and Evaluation completed.
2025-04-23 01:12:45,373 - INFO -  Visualizations saved.
2025-04-23 01:12:45,373 - INFO -  Benchmarking Completed. Results saved in output folder.
2025-04-23 01:12:45,599 - INFO - Deleted anonymized file: /mnt/NVMETank/Projects/Students/Dele/A-STUDY-INTO-THE-QUALITY-AND-USABILITY-OF-PRIVACY-FRIENDLY-SYNTHETIC-DATA/datasets/anonymized/loan_k20_l2_sup15_anonymized_encoded.csv
2025-04-23 01:12:45,599 - INFO - Deleted anonymized file: /mnt/NVMETank/Projects/Students/Dele/A-STUDY-INTO-THE-QUALITY-AND-USABILITY-OF-PRIVACY-FRIENDLY-SYNTHETIC-DATA/datasets/anonymized/loan_k20_l2_sup15_anonymized.csv
2025-04-23 01:12:45,599 - INFO - Deleted anonymized file: /mnt/NVMETank/Projects/Students/Dele/A-STUDY-INTO-THE-QUALITY-AND-USABILITY-OF-PRIVACY-FRIENDLY-SYNTHETIC-DATA/datasets/anonymized/loan_k20_l2_sup15_anonymized_processed.csv
