2025-04-08 19:32:01,869 - INFO - Loaded config file: configs/generated_configs/loan\loan_synth_ep10.yaml
2025-04-08 19:32:01,869 - INFO -  Benchmarking started for dataset: loan
2025-04-08 19:32:01,869 - INFO - Configuration loaded: enable_anonymization = False, enable_synthesis = True
2025-04-08 19:32:01,869 - INFO - Running preprocessing...
2025-04-08 19:32:01,881 - INFO - Preprocessed files found. Skipping preprocessing.
2025-04-08 19:32:01,894 - INFO - Preprocessing completed. Rows before: 614, after: 384
2025-04-08 19:32:01,895 - INFO - enable_anonymization = None
2025-04-08 19:32:01,900 - INFO - Anonymization Skipped (Disabled in Configuration).
2025-04-08 19:32:01,900 - INFO - Anonymized data saved to: C:\Users\delea\OneDrive\Documents\Desktop\Master_Thesis\MasterThesisCode\datasets\anonymized\loan_anonymized.csv
2025-04-08 19:32:01,912 - INFO - Loaded anonymized data: (384, 13)
2025-04-08 19:32:01,954 - INFO - Encoding applied to anonymized data. Encoded shape: (384, 12)
2025-04-08 19:32:01,957 - INFO - Encoded anonymized dataset saved to: datasets/anonymized/loan_anonymized_encoded.csv
2025-04-08 19:32:01,959 - INFO - enable_synthetic_generation = True
2025-04-08 19:32:01,959 - INFO - Starting Synthetic Data Generation Pipeline...
2025-04-08 19:32:01,975 - INFO - Detected metadata:
2025-04-08 19:32:01,975 - INFO - {
    "METADATA_SPEC_VERSION": "SINGLE_TABLE_V1",
    "columns": {
        "Loan_ID_0": {
            "sdtype": "categorical"
        },
        "Loan_ID_1": {
            "sdtype": "categorical"
        },
        "Loan_ID_2": {
            "sdtype": "categorical"
        },
        "Loan_ID_3": {
            "sdtype": "categorical"
        },
        "Loan_ID_4": {
            "sdtype": "categorical"
        },
        "Loan_ID_5": {
            "sdtype": "categorical"
        },
        "Loan_ID_6": {
            "sdtype": "categorical"
        },
        "Loan_ID_7": {
            "sdtype": "categorical"
        },
        "Loan_ID_8": {
            "sdtype": "categorical"
        },
        "Gender_0": {
            "sdtype": "categorical"
        },
        "Gender_1": {
            "sdtype": "categorical"
        },
        "Married_0": {
            "sdtype": "categorical"
        },
        "Married_1": {
            "sdtype": "categorical"
        },
        "Dependents_0": {
            "sdtype": "categorical"
        },
        "Dependents_1": {
            "sdtype": "categorical"
        },
        "Dependents_2": {
            "sdtype": "categorical"
        },
        "Education_0": {
            "sdtype": "categorical"
        },
        "Education_1": {
            "sdtype": "categorical"
        },
        "Self_Employed_0": {
            "sdtype": "categorical"
        },
        "Self_Employed_1": {
            "sdtype": "categorical"
        },
        "ApplicantIncome": {
            "sdtype": "numerical"
        },
        "CoapplicantIncome": {
            "sdtype": "numerical"
        },
        "LoanAmount": {
            "sdtype": "numerical"
        },
        "Loan_Amount_Term": {
            "sdtype": "categorical"
        },
        "Credit_History": {
            "sdtype": "categorical"
        },
        "Property_Area_0": {
            "sdtype": "categorical"
        },
        "Property_Area_1": {
            "sdtype": "categorical"
        },
        "Loan_Status": {
            "sdtype": "categorical"
        }
    }
}
2025-04-08 19:32:02,022 - INFO - {'EVENT': 'Load', 'TIMESTAMP': datetime.datetime(2025, 4, 8, 19, 32, 2, 22684), 'SYNTHESIZER CLASS NAME': 'CTGANSynthesizer', 'SYNTHESIZER ID': 'CTGANSynthesizer_1.16.1_07e3a5ba64ee4c3ebeb1cb2ccb7b3c6a'}
2025-04-08 19:32:02,050 - INFO - {'EVENT': 'Load', 'TIMESTAMP': datetime.datetime(2025, 4, 8, 19, 32, 2, 50729), 'SYNTHESIZER CLASS NAME': 'GaussianCopulaSynthesizer', 'SYNTHESIZER ID': 'GaussianCopulaSynthesizer_1.16.1_bf8381a1cab141c993b9b3cccfbc8121'}
2025-04-08 19:32:02,089 - INFO - {'EVENT': 'Load', 'TIMESTAMP': datetime.datetime(2025, 4, 8, 19, 32, 2, 89048), 'SYNTHESIZER CLASS NAME': 'TVAESynthesizer', 'SYNTHESIZER ID': 'TVAESynthesizer_1.16.1_128a41f500b745e59a0cee14d457f2f3'}
2025-04-08 19:32:02,256 - INFO - {'EVENT': 'Sample', 'TIMESTAMP': datetime.datetime(2025, 4, 8, 19, 32, 2, 90034), 'SYNTHESIZER CLASS NAME': 'CTGANSynthesizer', 'SYNTHESIZER ID': 'CTGANSynthesizer_1.16.1_07e3a5ba64ee4c3ebeb1cb2ccb7b3c6a', 'TOTAL NUMBER OF TABLES': 1, 'TOTAL NUMBER OF ROWS': 384, 'TOTAL NUMBER OF COLUMNS': 28}
2025-04-08 19:32:02,405 - INFO - {'EVENT': 'Sample', 'TIMESTAMP': datetime.datetime(2025, 4, 8, 19, 32, 2, 261108), 'SYNTHESIZER CLASS NAME': 'GaussianCopulaSynthesizer', 'SYNTHESIZER ID': 'GaussianCopulaSynthesizer_1.16.1_bf8381a1cab141c993b9b3cccfbc8121', 'TOTAL NUMBER OF TABLES': 1, 'TOTAL NUMBER OF ROWS': 384, 'TOTAL NUMBER OF COLUMNS': 28}
2025-04-08 19:32:02,515 - INFO - {'EVENT': 'Sample', 'TIMESTAMP': datetime.datetime(2025, 4, 8, 19, 32, 2, 409400), 'SYNTHESIZER CLASS NAME': 'TVAESynthesizer', 'SYNTHESIZER ID': 'TVAESynthesizer_1.16.1_128a41f500b745e59a0cee14d457f2f3', 'TOTAL NUMBER OF TABLES': 1, 'TOTAL NUMBER OF ROWS': 384, 'TOTAL NUMBER OF COLUMNS': 28}
2025-04-08 19:32:02,520 - INFO - Synthetic Data Generation Completed.
2025-04-08 19:32:11,709 - INFO - Synthetic Data Evaluation Completed.
2025-04-08 19:32:11,726 - INFO - Synthetic Data Report Generated Successfully.
2025-04-08 19:32:11,853 - INFO - Synthetic data generated with 3 synthesizers.
2025-04-08 19:32:11,854 - INFO - Preparing datasets for machine learning...
2025-04-08 19:32:11,855 - INFO - Original Data - Training Size: 384, Testing Size: 96
2025-04-08 19:32:11,855 - INFO - Processing synthetic dataset generated by CTGAN...
2025-04-08 19:32:11,856 - INFO - Synthetic Data (CTGAN) - Training Size: 384
2025-04-08 19:32:11,857 - INFO - Processing synthetic dataset generated by GaussianCopula...
2025-04-08 19:32:11,857 - INFO - Synthetic Data (GaussianCopula) - Training Size: 384
2025-04-08 19:32:11,858 - INFO - Processing synthetic dataset generated by TVAE...
2025-04-08 19:32:11,858 - INFO - Synthetic Data (TVAE) - Training Size: 384
2025-04-08 19:32:11,859 - INFO - Processing anonymized dataset...
2025-04-08 19:32:11,860 - INFO - Anonymized Data - Training Size: 384
2025-04-08 19:32:11,860 - INFO - Training models on all datasets...
2025-04-08 19:32:15,378 - INFO - Model Training Completed.
2025-04-08 19:32:15,379 - INFO - Evaluating models...
2025-04-08 19:32:15,743 - INFO - Model Training and Evaluation completed.
2025-04-08 19:32:16,334 - INFO -  Visualizations saved.
2025-04-08 19:32:16,334 - INFO -  Benchmarking Completed. Results saved in output folder.
