2025-04-11 14:38:48,673 - INFO - Loaded config file: configs/generated_configs/studentPerformance/studentPerformance_synth_ep50.yaml
2025-04-11 14:38:48,673 - INFO -  Benchmarking started for dataset: studentPerformance
2025-04-11 14:38:48,673 - INFO - Configuration loaded: enable_anonymization = False, enable_synthesis = True
2025-04-11 14:38:48,673 - INFO - Running preprocessing...
2025-04-11 14:38:48,678 - INFO - Preprocessed files found. Skipping preprocessing.
2025-04-11 14:38:48,701 - INFO - Preprocessing completed. Rows before: 4424, after: 3539
2025-04-11 14:38:48,701 - INFO - enable_anonymization = None
2025-04-11 14:38:48,701 - INFO - Anonymization Skipped (Disabled in Configuration).
2025-04-11 14:38:48,701 - INFO - enable_synthetic_generation = True
2025-04-11 14:38:48,701 - INFO - Starting Synthetic Data Generation Pipeline...
2025-04-11 14:38:48,727 - INFO - Detected metadata:
2025-04-11 14:38:48,728 - INFO - {
    "columns": {
        "Marital status": {
            "sdtype": "categorical"
        },
        "Application mode": {
            "sdtype": "numerical"
        },
        "Application order": {
            "sdtype": "categorical"
        },
        "Course": {
            "sdtype": "numerical"
        },
        "Daytime/evening attendance": {
            "sdtype": "categorical"
        },
        "Previous qualification": {
            "sdtype": "numerical"
        },
        "Previous qualification (grade)": {
            "sdtype": "numerical"
        },
        "Nacionality": {
            "sdtype": "numerical"
        },
        "Mother's qualification": {
            "sdtype": "numerical"
        },
        "Father's qualification": {
            "sdtype": "numerical"
        },
        "Mother's occupation": {
            "sdtype": "numerical"
        },
        "Father's occupation": {
            "sdtype": "numerical"
        },
        "Admission grade": {
            "sdtype": "numerical"
        },
        "Displaced": {
            "sdtype": "categorical"
        },
        "Educational special needs": {
            "sdtype": "categorical"
        },
        "Debtor": {
            "sdtype": "categorical"
        },
        "Tuition fees up to date": {
            "sdtype": "categorical"
        },
        "Gender": {
            "sdtype": "categorical"
        },
        "Scholarship_holder": {
            "sdtype": "categorical"
        },
        "Age at enrollment": {
            "sdtype": "numerical"
        },
        "International": {
            "sdtype": "categorical"
        },
        "Curricular units 1st sem (credited)": {
            "sdtype": "numerical"
        },
        "Curricular units 1st sem (enrolled)": {
            "sdtype": "numerical"
        },
        "Curricular units 1st sem (evaluations)": {
            "sdtype": "numerical"
        },
        "Curricular units 1st sem (approved)": {
            "sdtype": "numerical"
        },
        "Curricular units 1st sem (grade)": {
            "sdtype": "numerical"
        },
        "Curricular units 1st sem (without evaluations)": {
            "sdtype": "numerical"
        },
        "Curricular units 2nd sem (credited)": {
            "sdtype": "numerical"
        },
        "Curricular units 2nd sem (enrolled)": {
            "sdtype": "numerical"
        },
        "Curricular units 2nd sem (evaluations)": {
            "sdtype": "numerical"
        },
        "Curricular units 2nd sem (approved)": {
            "sdtype": "numerical"
        },
        "Curricular units 2nd sem (grade)": {
            "sdtype": "numerical"
        },
        "Curricular units 2nd sem (without evaluations)": {
            "sdtype": "categorical"
        },
        "Unemployment rate": {
            "sdtype": "numerical"
        },
        "Inflation rate": {
            "sdtype": "numerical"
        },
        "GDP": {
            "sdtype": "numerical"
        },
        "Target": {
            "sdtype": "categorical"
        }
    },
    "METADATA_SPEC_VERSION": "SINGLE_TABLE_V1"
}
2025-04-11 14:38:48,733 - INFO - {'EVENT': 'Instance', 'TIMESTAMP': datetime.datetime(2025, 4, 11, 14, 38, 48, 733528), 'SYNTHESIZER CLASS NAME': 'CTGANSynthesizer', 'SYNTHESIZER ID': 'CTGANSynthesizer_1.18.0_42fb26d5d2184f3384bceea63b5ab247'}
2025-04-11 14:38:48,733 - INFO - {'EVENT': 'Fit', 'TIMESTAMP': datetime.datetime(2025, 4, 11, 14, 38, 48, 733691), 'SYNTHESIZER CLASS NAME': 'CTGANSynthesizer', 'SYNTHESIZER ID': 'CTGANSynthesizer_1.18.0_42fb26d5d2184f3384bceea63b5ab247', 'TOTAL NUMBER OF TABLES': 1, 'TOTAL NUMBER OF ROWS': 3539, 'TOTAL NUMBER OF COLUMNS': 37}
2025-04-11 14:38:48,771 - INFO - Fitting table  metadata
2025-04-11 14:38:48,771 - INFO - Fitting formatters for table 
2025-04-11 14:38:48,778 - INFO - No rounding scheme detected for column 'Curricular units 1st sem (grade)'. Data will not be rounded.
2025-04-11 14:38:48,780 - INFO - No rounding scheme detected for column 'Curricular units 2nd sem (grade)'. Data will not be rounded.
2025-04-11 14:38:48,783 - INFO - Fitting constraints for table 
2025-04-11 14:38:48,783 - INFO - Setting the configuration for the ``HyperTransformer`` for table 
2025-04-11 14:38:48,793 - INFO - Fitting HyperTransformer for table 
2025-04-11 14:38:48,859 - INFO - No rounding scheme detected for column 'Curricular units 1st sem (grade)'. Data will not be rounded.
2025-04-11 14:38:48,891 - INFO - No rounding scheme detected for column 'Curricular units 2nd sem (grade)'. Data will not be rounded.
2025-04-11 14:38:48,983 - INFO - {'EVENT': 'Fit processed data', 'TIMESTAMP': datetime.datetime(2025, 4, 11, 14, 38, 48, 983777), 'SYNTHESIZER CLASS NAME': 'CTGANSynthesizer', 'SYNTHESIZER ID': 'CTGANSynthesizer_1.18.0_42fb26d5d2184f3384bceea63b5ab247', 'TOTAL NUMBER OF TABLES': 1, 'TOTAL NUMBER OF ROWS': 3539, 'TOTAL NUMBER OF COLUMNS': 37}
2025-04-11 14:38:49,044 - INFO - Guidance: There are no missing values in column Application mode. Extra column not created.
2025-04-11 14:38:49,434 - INFO - Guidance: There are no missing values in column Course. Extra column not created.
2025-04-11 14:38:49,859 - INFO - Guidance: There are no missing values in column Previous qualification. Extra column not created.
2025-04-11 14:38:49,902 - INFO - Guidance: There are no missing values in column Previous qualification (grade). Extra column not created.
2025-04-11 14:38:50,156 - INFO - Guidance: There are no missing values in column Nacionality. Extra column not created.
2025-04-11 14:38:50,198 - INFO - Guidance: There are no missing values in column Mother's qualification. Extra column not created.
2025-04-11 14:38:50,331 - INFO - Guidance: There are no missing values in column Father's qualification. Extra column not created.
2025-04-11 14:38:50,603 - INFO - Guidance: There are no missing values in column Mother's occupation. Extra column not created.
2025-04-11 14:38:50,827 - INFO - Guidance: There are no missing values in column Father's occupation. Extra column not created.
2025-04-11 14:38:51,631 - INFO - Guidance: There are no missing values in column Admission grade. Extra column not created.
2025-04-11 14:38:53,160 - INFO - Guidance: There are no missing values in column Age at enrollment. Extra column not created.
2025-04-11 14:38:54,409 - INFO - Guidance: There are no missing values in column Curricular units 1st sem (credited). Extra column not created.
2025-04-11 14:38:55,551 - INFO - Guidance: There are no missing values in column Curricular units 1st sem (enrolled). Extra column not created.
2025-04-11 14:38:56,505 - INFO - Guidance: There are no missing values in column Curricular units 1st sem (evaluations). Extra column not created.
2025-04-11 14:38:57,657 - INFO - Guidance: There are no missing values in column Curricular units 1st sem (approved). Extra column not created.
2025-04-11 14:38:58,348 - INFO - Guidance: There are no missing values in column Curricular units 1st sem (grade). Extra column not created.
2025-04-11 14:38:59,383 - INFO - Guidance: There are no missing values in column Curricular units 1st sem (without evaluations). Extra column not created.
2025-04-11 14:38:59,854 - INFO - Guidance: There are no missing values in column Curricular units 2nd sem (credited). Extra column not created.
2025-04-11 14:39:00,565 - INFO - Guidance: There are no missing values in column Curricular units 2nd sem (enrolled). Extra column not created.
2025-04-11 14:39:01,229 - INFO - Guidance: There are no missing values in column Curricular units 2nd sem (evaluations). Extra column not created.
2025-04-11 14:39:02,386 - INFO - Guidance: There are no missing values in column Curricular units 2nd sem (approved). Extra column not created.
2025-04-11 14:39:02,825 - INFO - Guidance: There are no missing values in column Curricular units 2nd sem (grade). Extra column not created.
2025-04-11 14:39:04,419 - INFO - Guidance: There are no missing values in column Unemployment rate. Extra column not created.
2025-04-11 14:39:05,643 - INFO - Guidance: There are no missing values in column Inflation rate. Extra column not created.
2025-04-11 14:39:06,233 - INFO - Guidance: There are no missing values in column GDP. Extra column not created.
2025-04-11 14:43:59,253 - INFO - {'EVENT': 'Save', 'TIMESTAMP': datetime.datetime(2025, 4, 11, 14, 43, 59, 253031), 'SYNTHESIZER CLASS NAME': 'CTGANSynthesizer', 'SYNTHESIZER ID': 'CTGANSynthesizer_1.18.0_42fb26d5d2184f3384bceea63b5ab247'}
2025-04-11 14:43:59,330 - INFO - {'EVENT': 'Instance', 'TIMESTAMP': datetime.datetime(2025, 4, 11, 14, 43, 59, 330384), 'SYNTHESIZER CLASS NAME': 'TVAESynthesizer', 'SYNTHESIZER ID': 'TVAESynthesizer_1.18.0_cf6db9d51d0c468cbd109e368c490c85'}
2025-04-11 14:43:59,330 - INFO - {'EVENT': 'Fit', 'TIMESTAMP': datetime.datetime(2025, 4, 11, 14, 43, 59, 330527), 'SYNTHESIZER CLASS NAME': 'TVAESynthesizer', 'SYNTHESIZER ID': 'TVAESynthesizer_1.18.0_cf6db9d51d0c468cbd109e368c490c85', 'TOTAL NUMBER OF TABLES': 1, 'TOTAL NUMBER OF ROWS': 3539, 'TOTAL NUMBER OF COLUMNS': 37}
2025-04-11 14:43:59,361 - INFO - Fitting table  metadata
2025-04-11 14:43:59,363 - INFO - Fitting formatters for table 
2025-04-11 14:43:59,370 - INFO - No rounding scheme detected for column 'Curricular units 1st sem (grade)'. Data will not be rounded.
2025-04-11 14:43:59,372 - INFO - No rounding scheme detected for column 'Curricular units 2nd sem (grade)'. Data will not be rounded.
2025-04-11 14:43:59,374 - INFO - Fitting constraints for table 
2025-04-11 14:43:59,374 - INFO - Setting the configuration for the ``HyperTransformer`` for table 
2025-04-11 14:43:59,382 - INFO - Fitting HyperTransformer for table 
2025-04-11 14:43:59,424 - INFO - No rounding scheme detected for column 'Curricular units 1st sem (grade)'. Data will not be rounded.
2025-04-11 14:43:59,440 - INFO - No rounding scheme detected for column 'Curricular units 2nd sem (grade)'. Data will not be rounded.
2025-04-11 14:43:59,485 - INFO - {'EVENT': 'Fit processed data', 'TIMESTAMP': datetime.datetime(2025, 4, 11, 14, 43, 59, 485951), 'SYNTHESIZER CLASS NAME': 'TVAESynthesizer', 'SYNTHESIZER ID': 'TVAESynthesizer_1.18.0_cf6db9d51d0c468cbd109e368c490c85', 'TOTAL NUMBER OF TABLES': 1, 'TOTAL NUMBER OF ROWS': 3539, 'TOTAL NUMBER OF COLUMNS': 37}
2025-04-11 14:43:59,489 - INFO - Guidance: There are no missing values in column Application mode. Extra column not created.
2025-04-11 14:43:59,660 - INFO - Guidance: There are no missing values in column Course. Extra column not created.
2025-04-11 14:43:59,855 - INFO - Guidance: There are no missing values in column Previous qualification. Extra column not created.
2025-04-11 14:43:59,880 - INFO - Guidance: There are no missing values in column Previous qualification (grade). Extra column not created.
2025-04-11 14:44:00,058 - INFO - Guidance: There are no missing values in column Nacionality. Extra column not created.
2025-04-11 14:44:00,092 - INFO - Guidance: There are no missing values in column Mother's qualification. Extra column not created.
2025-04-11 14:44:00,172 - INFO - Guidance: There are no missing values in column Father's qualification. Extra column not created.
2025-04-11 14:44:00,294 - INFO - Guidance: There are no missing values in column Mother's occupation. Extra column not created.
2025-04-11 14:44:00,368 - INFO - Guidance: There are no missing values in column Father's occupation. Extra column not created.
2025-04-11 14:44:00,512 - INFO - Guidance: There are no missing values in column Admission grade. Extra column not created.
2025-04-11 14:44:00,699 - INFO - Guidance: There are no missing values in column Age at enrollment. Extra column not created.
2025-04-11 14:44:00,880 - INFO - Guidance: There are no missing values in column Curricular units 1st sem (credited). Extra column not created.
2025-04-11 14:44:01,079 - INFO - Guidance: There are no missing values in column Curricular units 1st sem (enrolled). Extra column not created.
2025-04-11 14:44:01,262 - INFO - Guidance: There are no missing values in column Curricular units 1st sem (evaluations). Extra column not created.
2025-04-11 14:44:01,446 - INFO - Guidance: There are no missing values in column Curricular units 1st sem (approved). Extra column not created.
2025-04-11 14:44:01,557 - INFO - Guidance: There are no missing values in column Curricular units 1st sem (grade). Extra column not created.
2025-04-11 14:44:01,735 - INFO - Guidance: There are no missing values in column Curricular units 1st sem (without evaluations). Extra column not created.
2025-04-11 14:44:01,798 - INFO - Guidance: There are no missing values in column Curricular units 2nd sem (credited). Extra column not created.
2025-04-11 14:44:01,916 - INFO - Guidance: There are no missing values in column Curricular units 2nd sem (enrolled). Extra column not created.
2025-04-11 14:44:02,030 - INFO - Guidance: There are no missing values in column Curricular units 2nd sem (evaluations). Extra column not created.
2025-04-11 14:44:02,280 - INFO - Guidance: There are no missing values in column Curricular units 2nd sem (approved). Extra column not created.
2025-04-11 14:44:02,334 - INFO - Guidance: There are no missing values in column Curricular units 2nd sem (grade). Extra column not created.
2025-04-11 14:44:02,534 - INFO - Guidance: There are no missing values in column Unemployment rate. Extra column not created.
2025-04-11 14:44:02,722 - INFO - Guidance: There are no missing values in column Inflation rate. Extra column not created.
2025-04-11 14:44:02,823 - INFO - Guidance: There are no missing values in column GDP. Extra column not created.
2025-04-11 14:44:53,564 - INFO - {'EVENT': 'Save', 'TIMESTAMP': datetime.datetime(2025, 4, 11, 14, 44, 53, 564975), 'SYNTHESIZER CLASS NAME': 'TVAESynthesizer', 'SYNTHESIZER ID': 'TVAESynthesizer_1.18.0_cf6db9d51d0c468cbd109e368c490c85'}
2025-04-11 14:44:54,351 - INFO - {'EVENT': 'Sample', 'TIMESTAMP': datetime.datetime(2025, 4, 11, 14, 44, 53, 603636), 'SYNTHESIZER CLASS NAME': 'CTGANSynthesizer', 'SYNTHESIZER ID': 'CTGANSynthesizer_1.18.0_42fb26d5d2184f3384bceea63b5ab247', 'TOTAL NUMBER OF TABLES': 1, 'TOTAL NUMBER OF ROWS': 3539, 'TOTAL NUMBER OF COLUMNS': 37}
2025-04-11 14:44:54,500 - INFO - {'EVENT': 'Sample', 'TIMESTAMP': datetime.datetime(2025, 4, 11, 14, 44, 54, 351562), 'SYNTHESIZER CLASS NAME': 'TVAESynthesizer', 'SYNTHESIZER ID': 'TVAESynthesizer_1.18.0_cf6db9d51d0c468cbd109e368c490c85', 'TOTAL NUMBER OF TABLES': 1, 'TOTAL NUMBER OF ROWS': 3539, 'TOTAL NUMBER OF COLUMNS': 37}
2025-04-11 14:44:54,502 - INFO - Synthetic Data Generation Completed.
2025-04-11 14:44:57,611 - INFO - Synthetic Data Evaluation Completed.
2025-04-11 14:44:57,620 - INFO - Synthetic Data Report Generated Successfully.
2025-04-11 14:44:57,747 - INFO - Synthetic data generated with 2 synthesizers.
2025-04-11 14:44:57,747 - INFO - Hybrid pipeline skipped (disabled in configuration).
2025-04-11 14:44:57,747 - INFO - Preparing datasets for machine learning...
2025-04-11 14:44:57,748 - INFO - Original Data - Training Size: 3539, Testing Size: 885
2025-04-11 14:44:57,748 - INFO - Processing synthetic dataset generated by CTGAN...
2025-04-11 14:44:57,748 - INFO - Synthetic Data (CTGAN) - Training Size: 3539
2025-04-11 14:44:57,749 - INFO - Processing synthetic dataset generated by TVAE...
2025-04-11 14:44:57,749 - INFO - Synthetic Data (TVAE) - Training Size: 3539
2025-04-11 14:44:57,749 - INFO - Training models on all datasets...
2025-04-11 14:45:05,969 - INFO - Model Training Completed.
2025-04-11 14:45:05,969 - INFO - Evaluating models...
2025-04-11 14:45:06,550 - INFO - Model Training and Evaluation completed.
2025-04-11 14:45:07,347 - INFO -  Visualizations saved.
2025-04-11 14:45:07,347 - INFO -  Benchmarking Completed. Results saved in output folder.
