2025-05-08 18:40:10,964 - INFO - Loaded config file: configs/generated_configs/loan/loan_anon_k6_sl0p05_l2.yaml
2025-05-08 18:40:10,964 - INFO -  Benchmarking started for dataset: loan
2025-05-08 18:40:10,964 - INFO - Using dataset path: /mnt/NVMETank/Projects/Students/Dele/A-STUDY-INTO-THE-QUALITY-AND-USABILITY-OF-PRIVACY-FRIENDLY-SYNTHETIC-DATA/datasets/original/loan.csv
2025-05-08 18:40:10,964 - INFO - Target column: Loan_Status, separator: ','
2025-05-08 18:40:10,964 - INFO - Configuration loaded: enable_anonymization = True, enable_synthesis = False, enable_hybrid = True, enable_utility = True, delete_after_evaluation = False
2025-05-08 18:40:10,964 - INFO - Running preprocessing...
2025-05-08 18:40:10,972 - INFO -  [PREPROCESSING] Preprocessed files found. Skipping preprocessing.
2025-05-08 18:40:10,984 - INFO - Preprocessing completed. Rows before: 614, after: 336
2025-05-08 18:40:10,984 - INFO - Preprocessed data saved to: outputs/batch/loan_batch_2025-05-08_18-38-44/loan_anon_k6_sl0p05_l2/preprocessing_report.txt
2025-05-08 18:40:10,984 - INFO - enable_anonymization = True
2025-05-08 18:40:10,984 - INFO - Starting Anonymization Pipeline with output path: /mnt/NVMETank/Projects/Students/Dele/A-STUDY-INTO-THE-QUALITY-AND-USABILITY-OF-PRIVACY-FRIENDLY-SYNTHETIC-DATA/datasets/anonymized/loan_k6_l2_sup05_anonymized.csv.......
2025-05-08 18:40:10,990 - INFO -  [ANONYMIZATION] Executing run_anonymization, config_path : configs/generated_configs/loan/loan_anon_k6_sl0p05_l2.yaml...........
2025-05-08 18:40:10,991 - INFO -  [ANONYMIZATION] Using JAR file at /mnt/NVMETank/Projects/Students/Dele/A-STUDY-INTO-THE-QUALITY-AND-USABILITY-OF-PRIVACY-FRIENDLY-SYNTHETIC-DATA/src/anonymization/anonymARXij/bin/anonymARXij.jar to anonymize the dataset.
2025-05-08 18:40:12,286 - INFO -  [ANONYMIZATION] Anonimized file saved to : /mnt/NVMETank/Projects/Students/Dele/A-STUDY-INTO-THE-QUALITY-AND-USABILITY-OF-PRIVACY-FRIENDLY-SYNTHETIC-DATA/datasets/anonymized/loan_k6_l2_sup05_anonymized.csv
2025-05-08 18:40:12,286 - INFO -  [ANONYMIZATION] Java anonymization completed successfully.
2025-05-08 18:40:12,286 - INFO -  [ANONYMIZATION] Java STDOUT:
📄 Java received config path: /mnt/NVMETank/Projects/Students/Dele/A-STUDY-INTO-THE-QUALITY-AND-USABILITY-OF-PRIVACY-FRIENDLY-SYNTHETIC-DATA/configs/generated_configs/loan/loan_anon_k6_sl0p05_l2.yaml
🔹 Loading config from: /mnt/NVMETank/Projects/Students/Dele/A-STUDY-INTO-THE-QUALITY-AND-USABILITY-OF-PRIVACY-FRIENDLY-SYNTHETIC-DATA/configs/generated_configs/loan/loan_anon_k6_sl0p05_l2.yaml
Loading config from: /mnt/NVMETank/Projects/Students/Dele/A-STUDY-INTO-THE-QUALITY-AND-USABILITY-OF-PRIVACY-FRIENDLY-SYNTHETIC-DATA/configs/generated_configs/loan/loan_anon_k6_sl0p05_l2.yaml
📂 Dataset Path (from args): /mnt/NVMETank/Projects/Students/Dele/A-STUDY-INTO-THE-QUALITY-AND-USABILITY-OF-PRIVACY-FRIENDLY-SYNTHETIC-DATA/datasets/train/loan_train_raw.csv
🔹 Dataset Separator: ,
🔹 Suppression Limit: 0.05

🔹 Configured Attributes:
  ✅ Quasi-Identifier: Gender
  ✅ Quasi-Identifier: Married
  ✅ Quasi-Identifier: Education
  ✅ Quasi-Identifier: Dependents
  ✅ Quasi-Identifier: Self_Employed
  ✅ Quasi-Identifier: Property_Area
  ✅ Quasi-Identifier: Credit_History
  ✅ Quasi-Identifier: Loan_Amount_Term
  ✅ Sensitive Attribute: LoanAmount
  ✅ Insensitive Attribute: Loan_Status
  ✅ Insensitive Attribute: ApplicantIncome
  ✅ Insensitive Attribute: CoapplicantIncome

🔹 Defined Hierarchies:
  ✅ Property_Area -> /mnt/NVMETank/Projects/Students/Dele/A-STUDY-INTO-THE-QUALITY-AND-USABILITY-OF-PRIVACY-FRIENDLY-SYNTHETIC-DATA/src/anonymization/anonymARXij/src/hierarchies_loan/property_area.csv
  ✅ Self_Employed -> /mnt/NVMETank/Projects/Students/Dele/A-STUDY-INTO-THE-QUALITY-AND-USABILITY-OF-PRIVACY-FRIENDLY-SYNTHETIC-DATA/src/anonymization/anonymARXij/src/hierarchies_loan/self_employed.csv
  ✅ Credit_History -> /mnt/NVMETank/Projects/Students/Dele/A-STUDY-INTO-THE-QUALITY-AND-USABILITY-OF-PRIVACY-FRIENDLY-SYNTHETIC-DATA/src/anonymization/anonymARXij/src/hierarchies_loan/credit_history.csv
  ✅ Dependents -> /mnt/NVMETank/Projects/Students/Dele/A-STUDY-INTO-THE-QUALITY-AND-USABILITY-OF-PRIVACY-FRIENDLY-SYNTHETIC-DATA/src/anonymization/anonymARXij/src/hierarchies_loan/dependents.csv
  ✅ Education -> /mnt/NVMETank/Projects/Students/Dele/A-STUDY-INTO-THE-QUALITY-AND-USABILITY-OF-PRIVACY-FRIENDLY-SYNTHETIC-DATA/src/anonymization/anonymARXij/src/hierarchies_loan/education.csv
  ✅ Loan_Amount_Term -> /mnt/NVMETank/Projects/Students/Dele/A-STUDY-INTO-THE-QUALITY-AND-USABILITY-OF-PRIVACY-FRIENDLY-SYNTHETIC-DATA/src/anonymization/anonymARXij/src/hierarchies_loan/loan_amount_terms.csv
  ✅ Married -> /mnt/NVMETank/Projects/Students/Dele/A-STUDY-INTO-THE-QUALITY-AND-USABILITY-OF-PRIVACY-FRIENDLY-SYNTHETIC-DATA/src/anonymization/anonymARXij/src/hierarchies_loan/married.csv
  ✅ Gender -> /mnt/NVMETank/Projects/Students/Dele/A-STUDY-INTO-THE-QUALITY-AND-USABILITY-OF-PRIVACY-FRIENDLY-SYNTHETIC-DATA/src/anonymization/anonymARXij/src/hierarchies_loan/gender.csv
Java is searching for hierarchy file at: /mnt/NVMETank/Projects/Students/Dele/A-STUDY-INTO-THE-QUALITY-AND-USABILITY-OF-PRIVACY-FRIENDLY-SYNTHETIC-DATA/src/anonymization/anonymARXij/src/hierarchies_loan/property_area.csv
Java is searching for hierarchy file at: /mnt/NVMETank/Projects/Students/Dele/A-STUDY-INTO-THE-QUALITY-AND-USABILITY-OF-PRIVACY-FRIENDLY-SYNTHETIC-DATA/src/anonymization/anonymARXij/src/hierarchies_loan/self_employed.csv
Java is searching for hierarchy file at: /mnt/NVMETank/Projects/Students/Dele/A-STUDY-INTO-THE-QUALITY-AND-USABILITY-OF-PRIVACY-FRIENDLY-SYNTHETIC-DATA/src/anonymization/anonymARXij/src/hierarchies_loan/credit_history.csv
Java is searching for hierarchy file at: /mnt/NVMETank/Projects/Students/Dele/A-STUDY-INTO-THE-QUALITY-AND-USABILITY-OF-PRIVACY-FRIENDLY-SYNTHETIC-DATA/src/anonymization/anonymARXij/src/hierarchies_loan/dependents.csv
Java is searching for hierarchy file at: /mnt/NVMETank/Projects/Students/Dele/A-STUDY-INTO-THE-QUALITY-AND-USABILITY-OF-PRIVACY-FRIENDLY-SYNTHETIC-DATA/src/anonymization/anonymARXij/src/hierarchies_loan/education.csv
Java is searching for hierarchy file at: /mnt/NVMETank/Projects/Students/Dele/A-STUDY-INTO-THE-QUALITY-AND-USABILITY-OF-PRIVACY-FRIENDLY-SYNTHETIC-DATA/src/anonymization/anonymARXij/src/hierarchies_loan/loan_amount_terms.csv
Java is searching for hierarchy file at: /mnt/NVMETank/Projects/Students/Dele/A-STUDY-INTO-THE-QUALITY-AND-USABILITY-OF-PRIVACY-FRIENDLY-SYNTHETIC-DATA/src/anonymization/anonymARXij/src/hierarchies_loan/married.csv
Java is searching for hierarchy file at: /mnt/NVMETank/Projects/Students/Dele/A-STUDY-INTO-THE-QUALITY-AND-USABILITY-OF-PRIVACY-FRIENDLY-SYNTHETIC-DATA/src/anonymization/anonymARXij/src/hierarchies_loan/gender.csv
✓ Applied Entropy L-Diversity on: LoanAmount (l=2)
🔹 Privacy Models Configured
📂 Anonymized Output Path (from args): /mnt/NVMETank/Projects/Students/Dele/A-STUDY-INTO-THE-QUALITY-AND-USABILITY-OF-PRIVACY-FRIENDLY-SYNTHETIC-DATA/datasets/anonymized/loan_k6_l2_sup05_anonymized.csv
📂 Anonymized Output Path: /mnt/NVMETank/Projects/Students/Dele/A-STUDY-INTO-THE-QUALITY-AND-USABILITY-OF-PRIVACY-FRIENDLY-SYNTHETIC-DATA/datasets/anonymized/loan_k6_l2_sup05_anonymized.csv
✅ Anonymization completed. Output saved to: /mnt/NVMETank/Projects/Students/Dele/A-STUDY-INTO-THE-QUALITY-AND-USABILITY-OF-PRIVACY-FRIENDLY-SYNTHETIC-DATA/datasets/anonymized/loan_k6_l2_sup05_anonymized.csv
Anonymized Data Quality Metrics:
 - Ambiguity: 0.9565396406496482
 - AECS: 0.89828137490008
 - Discernibility: 0.66123640174925
 - Granularity: 0.5072667868409193
 - MSE: 0.7164938556067588
 - Non-Uniform Entropy: 0.3054484667893932
 - Precision: 0.46633184523809557
 - Record-level SE: 0.5299083692342519
Equivalence Class Statistics:
 - Number of Classes: 9
 - Average Class Size: 36.333333333333336
Suppression Statistics:
 - Suppressed Records: 9
 - Suppression Percentage: 2.68%
2025-05-08 18:40:12,286 - INFO - Anonymized data saved to: /mnt/NVMETank/Projects/Students/Dele/A-STUDY-INTO-THE-QUALITY-AND-USABILITY-OF-PRIVACY-FRIENDLY-SYNTHETIC-DATA/datasets/anonymized/loan_k6_l2_sup05_anonymized.csv
2025-05-08 18:40:12,294 - INFO - Anonymous data report saved at: outputs/batch/loan_batch_2025-05-08_18-38-44/loan_anon_k6_sl0p05_l2/anonymous_data_report.txt
2025-05-08 18:40:12,294 - INFO -  [POSTPROCESSING] Postprocessing anonymized data: /mnt/NVMETank/Projects/Students/Dele/A-STUDY-INTO-THE-QUALITY-AND-USABILITY-OF-PRIVACY-FRIENDLY-SYNTHETIC-DATA/datasets/anonymized/loan_k6_l2_sup05_anonymized.csv
2025-05-08 18:40:12,295 - INFO -  [POSTPROCESSING] Loaded anonymized data: (336, 12)
2025-05-08 18:40:12,298 - INFO -  [POSTPROCESSING] Loaded fallback maps from training data. Categorical cols: 7, Numeric cols: 5
2025-05-08 18:40:12,298 - INFO -  [POSTPROCESSING] Normalizing anonymized data using ARX artifact cleaning and fallback values.
2025-05-08 18:40:12,309 - INFO -  [POSTPROCESSING] Normalized anonymized data saved to: /mnt/NVMETank/Projects/Students/Dele/A-STUDY-INTO-THE-QUALITY-AND-USABILITY-OF-PRIVACY-FRIENDLY-SYNTHETIC-DATA/datasets/anonymized/loan_k6_l2_sup05_anonymized_processed.csv
2025-05-08 18:40:12,316 - INFO -  [POSTPROCESSING] Binary Encoding applied to anonymized data. Encoded shape: (336, 19)
2025-05-08 18:40:12,318 - INFO -  [POSTPROCESSING] Encoded anonymized dataset saved to: /mnt/NVMETank/Projects/Students/Dele/A-STUDY-INTO-THE-QUALITY-AND-USABILITY-OF-PRIVACY-FRIENDLY-SYNTHETIC-DATA/datasets/anonymized/loan_k6_l2_sup05_anonymized_encoded.csv
2025-05-08 18:40:12,318 - INFO -  [POSTPROCESSING] Encoding map generated for anonymized data: 0 original categorical columns.
2025-05-08 18:40:12,318 - INFO - Postprocessing report saved at: outputs/batch/loan_batch_2025-05-08_18-38-44/loan_anon_k6_sl0p05_l2/postprocessing_report.txt
2025-05-08 18:40:12,318 - INFO - enable_synthetic_generation = False
2025-05-08 18:40:12,318 - INFO - Synthetic Data Generation Skipped (Disabled in Configuration).
2025-05-08 18:40:12,318 - INFO - Running Hybrid Pipeline...
2025-05-08 18:40:12,318 - INFO -  [HYBRID] Executing run_hybrid...
2025-05-08 18:40:12,318 - INFO -  [HYBRID] Looking for encoded anonymized data in /mnt/NVMETank/Projects/Students/Dele/A-STUDY-INTO-THE-QUALITY-AND-USABILITY-OF-PRIVACY-FRIENDLY-SYNTHETIC-DATA/datasets/anonymized/loan_k6_l2_sup05_anonymized_encoded.csv
2025-05-08 18:40:12,318 - INFO -  [HYBRID ] Loaded cached encoded anonymous data from /mnt/NVMETank/Projects/Students/Dele/A-STUDY-INTO-THE-QUALITY-AND-USABILITY-OF-PRIVACY-FRIENDLY-SYNTHETIC-DATA/datasets/anonymized/loan_k6_l2_sup05_anonymized_encoded.csv
2025-05-08 18:40:12,319 - INFO -  [HYBRID] Starting synthetic generation for hybrid pipeline...
2025-05-08 18:40:12,319 - INFO - Executing run_synthetic.....
2025-05-08 18:40:12,319 - INFO - [SYNTHETIC PIPELINE] executing run_synthetic for loan_k6_l2_sup05...
2025-05-08 18:40:12,320 - INFO - [SYNTHETIC] Processing dataset: loan_k6_l2_sup05
2025-05-08 18:40:12,320 - INFO - [SYNTHETIC] Original dataset size: 336 rows
2025-05-08 18:40:12,329 - INFO - Detected metadata:
2025-05-08 18:40:12,330 - INFO - {
    "columns": {
        "Gender_0": {
            "sdtype": "categorical"
        },
        "Gender_1": {
            "sdtype": "categorical"
        },
        "Married_0": {
            "sdtype": "categorical"
        },
        "Married_1": {
            "sdtype": "categorical"
        },
        "Dependents_0": {
            "sdtype": "categorical"
        },
        "Dependents_1": {
            "sdtype": "categorical"
        },
        "Dependents_2": {
            "sdtype": "categorical"
        },
        "Education_0": {
            "sdtype": "categorical"
        },
        "Education_1": {
            "sdtype": "categorical"
        },
        "Self_Employed_0": {
            "sdtype": "categorical"
        },
        "Self_Employed_1": {
            "sdtype": "categorical"
        },
        "ApplicantIncome": {
            "sdtype": "numerical"
        },
        "CoapplicantIncome": {
            "sdtype": "numerical"
        },
        "LoanAmount": {
            "sdtype": "numerical"
        },
        "Loan_Amount_Term": {
            "sdtype": "categorical"
        },
        "Credit_History": {
            "sdtype": "categorical"
        },
        "Property_Area_0": {
            "sdtype": "categorical"
        },
        "Property_Area_1": {
            "sdtype": "categorical"
        },
        "Loan_Status": {
            "sdtype": "categorical"
        }
    },
    "METADATA_SPEC_VERSION": "SINGLE_TABLE_V1"
}
2025-05-08 18:40:12,330 - INFO - [SYNTHETIC] Preparing synthesizer: CTGAN
2025-05-08 18:40:12,330 - INFO - [SYNTHETIC] Params from config: {'epochs': 300}
2025-05-08 18:40:12,330 - INFO -  [SYNTHETIC] No pre-trained synthesizer found
2025-05-08 18:40:12,330 - INFO - [SYNTHETIC] Training new CTGAN synthesizer from scratch...
2025-05-08 18:40:12,330 - WARNING - [FutureWarning] The 'SingleTableMetadata' is deprecated. Please use the new 'Metadata' class for synthesizers. (from /mnt/NVMETank/Projects/Students/Dele/A-STUDY-INTO-THE-QUALITY-AND-USABILITY-OF-PRIVACY-FRIENDLY-SYNTHETIC-DATA/.venv/lib/python3.12/site-packages/sdv/single_table/base.py:119)
2025-05-08 18:40:12,330 - WARNING - [UserWarning] We strongly recommend saving the metadata using 'save_to_json' for replicability in future SDV versions. (from /mnt/NVMETank/Projects/Students/Dele/A-STUDY-INTO-THE-QUALITY-AND-USABILITY-OF-PRIVACY-FRIENDLY-SYNTHETIC-DATA/.venv/lib/python3.12/site-packages/sdv/single_table/base.py:104)
2025-05-08 18:40:12,334 - INFO - {'EVENT': 'Instance', 'TIMESTAMP': datetime.datetime(2025, 5, 8, 18, 40, 12, 334655), 'SYNTHESIZER CLASS NAME': 'CTGANSynthesizer', 'SYNTHESIZER ID': 'CTGANSynthesizer_1.18.0_74d9a3d5b5a24ad1b68e54d12bbe8cbc'}
2025-05-08 18:40:12,334 - INFO - [SYNTHETIC] CTGAN initialized with epochs: 300
2025-05-08 18:40:12,334 - INFO - [SYNTHETIC] Training parameters for CTGAN: {}
2025-05-08 18:40:12,334 - INFO - [SYNTHETIC] fitting CTGAN 
2025-05-08 18:40:12,334 - INFO - {'EVENT': 'Fit', 'TIMESTAMP': datetime.datetime(2025, 5, 8, 18, 40, 12, 334874), 'SYNTHESIZER CLASS NAME': 'CTGANSynthesizer', 'SYNTHESIZER ID': 'CTGANSynthesizer_1.18.0_74d9a3d5b5a24ad1b68e54d12bbe8cbc', 'TOTAL NUMBER OF TABLES': 1, 'TOTAL NUMBER OF ROWS': 336, 'TOTAL NUMBER OF COLUMNS': 19}
2025-05-08 18:40:12,336 - INFO - Fitting table  metadata
2025-05-08 18:40:12,337 - INFO - Fitting formatters for table 
2025-05-08 18:40:12,338 - INFO - Fitting constraints for table 
2025-05-08 18:40:12,338 - INFO - Setting the configuration for the ``HyperTransformer`` for table 
2025-05-08 18:40:12,340 - INFO - Fitting HyperTransformer for table 
2025-05-08 18:40:12,353 - INFO - {'EVENT': 'Fit processed data', 'TIMESTAMP': datetime.datetime(2025, 5, 8, 18, 40, 12, 353502), 'SYNTHESIZER CLASS NAME': 'CTGANSynthesizer', 'SYNTHESIZER ID': 'CTGANSynthesizer_1.18.0_74d9a3d5b5a24ad1b68e54d12bbe8cbc', 'TOTAL NUMBER OF TABLES': 1, 'TOTAL NUMBER OF ROWS': 336, 'TOTAL NUMBER OF COLUMNS': 19}
2025-05-08 18:40:12,385 - INFO - Guidance: There are no missing values in column ApplicantIncome. Extra column not created.
2025-05-08 18:40:12,485 - INFO - Guidance: There are no missing values in column CoapplicantIncome. Extra column not created.
2025-05-08 18:40:12,519 - INFO - Guidance: There are no missing values in column LoanAmount. Extra column not created.
2025-05-08 18:40:32,201 - INFO - [SYNTHETIC] Fitting complete for CTGAN. Duration: 19.87 seconds.
2025-05-08 18:40:32,201 - INFO - [SYNTHETIC] CONFIRMATION CTGAN actually trained with epochs = 300
2025-05-08 18:40:32,201 - INFO - {'EVENT': 'Save', 'TIMESTAMP': datetime.datetime(2025, 5, 8, 18, 40, 32, 201908), 'SYNTHESIZER CLASS NAME': 'CTGANSynthesizer', 'SYNTHESIZER ID': 'CTGANSynthesizer_1.18.0_74d9a3d5b5a24ad1b68e54d12bbe8cbc'}
2025-05-08 18:40:32,238 - INFO - [SYNTHETIC] CTGAN trained and saved.
2025-05-08 18:40:32,238 - INFO - [SYNTHETIC] Preparing synthesizer: GaussianCopula
2025-05-08 18:40:32,238 - INFO - [SYNTHETIC] Params from config: {}
2025-05-08 18:40:32,238 - INFO -  [SYNTHETIC] No pre-trained synthesizer found
2025-05-08 18:40:32,238 - INFO - [SYNTHETIC] Training new GaussianCopula synthesizer from scratch...
2025-05-08 18:40:32,238 - WARNING - [FutureWarning] The 'SingleTableMetadata' is deprecated. Please use the new 'Metadata' class for synthesizers. (from /mnt/NVMETank/Projects/Students/Dele/A-STUDY-INTO-THE-QUALITY-AND-USABILITY-OF-PRIVACY-FRIENDLY-SYNTHETIC-DATA/.venv/lib/python3.12/site-packages/sdv/single_table/base.py:119)
2025-05-08 18:40:32,240 - INFO - {'EVENT': 'Instance', 'TIMESTAMP': datetime.datetime(2025, 5, 8, 18, 40, 32, 240791), 'SYNTHESIZER CLASS NAME': 'GaussianCopulaSynthesizer', 'SYNTHESIZER ID': 'GaussianCopulaSynthesizer_1.18.0_13bf915fa78a4bf7b642304c7c46b133'}
2025-05-08 18:40:32,240 - INFO - [SYNTHETIC] fitting GaussianCopula 
2025-05-08 18:40:32,240 - INFO - {'EVENT': 'Fit', 'TIMESTAMP': datetime.datetime(2025, 5, 8, 18, 40, 32, 240919), 'SYNTHESIZER CLASS NAME': 'GaussianCopulaSynthesizer', 'SYNTHESIZER ID': 'GaussianCopulaSynthesizer_1.18.0_13bf915fa78a4bf7b642304c7c46b133', 'TOTAL NUMBER OF TABLES': 1, 'TOTAL NUMBER OF ROWS': 336, 'TOTAL NUMBER OF COLUMNS': 19}
2025-05-08 18:40:32,242 - INFO - Fitting table  metadata
2025-05-08 18:40:32,242 - INFO - Fitting formatters for table 
2025-05-08 18:40:32,244 - INFO - Fitting constraints for table 
2025-05-08 18:40:32,244 - INFO - Setting the configuration for the ``HyperTransformer`` for table 
2025-05-08 18:40:32,250 - INFO - Fitting HyperTransformer for table 
2025-05-08 18:40:32,351 - INFO - {'EVENT': 'Fit processed data', 'TIMESTAMP': datetime.datetime(2025, 5, 8, 18, 40, 32, 351341), 'SYNTHESIZER CLASS NAME': 'GaussianCopulaSynthesizer', 'SYNTHESIZER ID': 'GaussianCopulaSynthesizer_1.18.0_13bf915fa78a4bf7b642304c7c46b133', 'TOTAL NUMBER OF TABLES': 1, 'TOTAL NUMBER OF ROWS': 336, 'TOTAL NUMBER OF COLUMNS': 19}
2025-05-08 18:40:32,351 - INFO - Fitting GaussianMultivariate(distribution="{'Gender_0': <class 'copulas.univariate.beta.BetaUnivariate'>, 'Gender_1': <class 'copulas.univariate.beta.BetaUnivariate'>, 'Married_0': <class 'copulas.univariate.beta.BetaUnivariate'>, 'Married_1': <class 'copulas.univariate.beta.BetaUnivariate'>, 'Dependents_0': <class 'copulas.univariate.beta.BetaUnivariate'>, 'Dependents_1': <class 'copulas.univariate.beta.BetaUnivariate'>, 'Dependents_2': <class 'copulas.univariate.beta.BetaUnivariate'>, 'Education_0': <class 'copulas.univariate.beta.BetaUnivariate'>, 'Education_1': <class 'copulas.univariate.beta.BetaUnivariate'>, 'Self_Employed_0': <class 'copulas.univariate.beta.BetaUnivariate'>, 'Self_Employed_1': <class 'copulas.univariate.beta.BetaUnivariate'>, 'ApplicantIncome': <class 'copulas.univariate.beta.BetaUnivariate'>, 'CoapplicantIncome': <class 'copulas.univariate.beta.BetaUnivariate'>, 'LoanAmount': <class 'copulas.univariate.beta.BetaUnivariate'>, 'Loan_Amount_Term': <class 'copulas.univariate.beta.BetaUnivariate'>, 'Credit_History': <class 'copulas.univariate.beta.BetaUnivariate'>, 'Property_Area_0': <class 'copulas.univariate.beta.BetaUnivariate'>, 'Property_Area_1': <class 'copulas.univariate.beta.BetaUnivariate'>, 'Loan_Status': <class 'copulas.univariate.beta.BetaUnivariate'>}")
2025-05-08 18:40:32,971 - INFO - [SYNTHETIC] Fitting complete for GaussianCopula. Duration: 0.73 seconds.
2025-05-08 18:40:32,972 - WARNING - [SYNTHETIC] WARNING Could not determine actual epochs used for GaussianCopula
2025-05-08 18:40:32,972 - INFO - {'EVENT': 'Save', 'TIMESTAMP': datetime.datetime(2025, 5, 8, 18, 40, 32, 972055), 'SYNTHESIZER CLASS NAME': 'GaussianCopulaSynthesizer', 'SYNTHESIZER ID': 'GaussianCopulaSynthesizer_1.18.0_13bf915fa78a4bf7b642304c7c46b133'}
2025-05-08 18:40:32,980 - INFO - [SYNTHETIC] GaussianCopula trained and saved.
2025-05-08 18:40:32,980 - INFO - [SYNTHETIC] Preparing synthesizer: TVAE
2025-05-08 18:40:32,980 - INFO - [SYNTHETIC] Params from config: {'epochs': 300}
2025-05-08 18:40:32,980 - INFO -  [SYNTHETIC] No pre-trained synthesizer found
2025-05-08 18:40:32,980 - INFO - [SYNTHETIC] Training new TVAE synthesizer from scratch...
2025-05-08 18:40:32,980 - WARNING - [FutureWarning] The 'SingleTableMetadata' is deprecated. Please use the new 'Metadata' class for synthesizers. (from /mnt/NVMETank/Projects/Students/Dele/A-STUDY-INTO-THE-QUALITY-AND-USABILITY-OF-PRIVACY-FRIENDLY-SYNTHETIC-DATA/.venv/lib/python3.12/site-packages/sdv/single_table/base.py:119)
2025-05-08 18:40:32,982 - INFO - {'EVENT': 'Instance', 'TIMESTAMP': datetime.datetime(2025, 5, 8, 18, 40, 32, 982708), 'SYNTHESIZER CLASS NAME': 'TVAESynthesizer', 'SYNTHESIZER ID': 'TVAESynthesizer_1.18.0_7707efb78a694fd3bb22189f27c2d67b'}
2025-05-08 18:40:32,982 - INFO - [SYNTHETIC] TVAE initialized with epochs: 300
2025-05-08 18:40:32,982 - INFO - [SYNTHETIC] Training parameters for TVAE: {}
2025-05-08 18:40:32,982 - INFO - [SYNTHETIC] fitting TVAE 
2025-05-08 18:40:32,982 - INFO - {'EVENT': 'Fit', 'TIMESTAMP': datetime.datetime(2025, 5, 8, 18, 40, 32, 982907), 'SYNTHESIZER CLASS NAME': 'TVAESynthesizer', 'SYNTHESIZER ID': 'TVAESynthesizer_1.18.0_7707efb78a694fd3bb22189f27c2d67b', 'TOTAL NUMBER OF TABLES': 1, 'TOTAL NUMBER OF ROWS': 336, 'TOTAL NUMBER OF COLUMNS': 19}
2025-05-08 18:40:32,984 - INFO - Fitting table  metadata
2025-05-08 18:40:32,984 - INFO - Fitting formatters for table 
2025-05-08 18:40:32,985 - INFO - Fitting constraints for table 
2025-05-08 18:40:32,986 - INFO - Setting the configuration for the ``HyperTransformer`` for table 
2025-05-08 18:40:32,987 - INFO - Fitting HyperTransformer for table 
2025-05-08 18:40:32,999 - INFO - {'EVENT': 'Fit processed data', 'TIMESTAMP': datetime.datetime(2025, 5, 8, 18, 40, 32, 999054), 'SYNTHESIZER CLASS NAME': 'TVAESynthesizer', 'SYNTHESIZER ID': 'TVAESynthesizer_1.18.0_7707efb78a694fd3bb22189f27c2d67b', 'TOTAL NUMBER OF TABLES': 1, 'TOTAL NUMBER OF ROWS': 336, 'TOTAL NUMBER OF COLUMNS': 19}
2025-05-08 18:40:33,012 - INFO - Guidance: There are no missing values in column ApplicantIncome. Extra column not created.
2025-05-08 18:40:33,087 - INFO - Guidance: There are no missing values in column CoapplicantIncome. Extra column not created.
2025-05-08 18:40:33,121 - INFO - Guidance: There are no missing values in column LoanAmount. Extra column not created.
2025-05-08 18:40:35,943 - INFO - [SYNTHETIC] Fitting complete for TVAE. Duration: 2.96 seconds.
2025-05-08 18:40:35,944 - INFO - [SYNTHETIC] CONFIRMATION TVAE actually trained with epochs = 300
2025-05-08 18:40:35,944 - INFO - {'EVENT': 'Save', 'TIMESTAMP': datetime.datetime(2025, 5, 8, 18, 40, 35, 944044), 'SYNTHESIZER CLASS NAME': 'TVAESynthesizer', 'SYNTHESIZER ID': 'TVAESynthesizer_1.18.0_7707efb78a694fd3bb22189f27c2d67b'}
2025-05-08 18:40:35,974 - INFO - [SYNTHETIC] TVAE trained and saved.
2025-05-08 18:40:35,974 - INFO - [SYNTHETIC] Using CTGAN to generate 336 rows...
2025-05-08 18:40:36,039 - INFO - {'EVENT': 'Sample', 'TIMESTAMP': datetime.datetime(2025, 5, 8, 18, 40, 35, 974919), 'SYNTHESIZER CLASS NAME': 'CTGANSynthesizer', 'SYNTHESIZER ID': 'CTGANSynthesizer_1.18.0_74d9a3d5b5a24ad1b68e54d12bbe8cbc', 'TOTAL NUMBER OF TABLES': 1, 'TOTAL NUMBER OF ROWS': 336, 'TOTAL NUMBER OF COLUMNS': 19}
2025-05-08 18:40:36,039 - INFO - [SYNTHETIC] CTGAN completed: 336 rows generated.
2025-05-08 18:40:36,040 - INFO - [SYNTHETIC] Target class distribution for CTGAN: {'Y': 245, 'N': 91}
2025-05-08 18:40:36,040 - INFO - [SYNTHETIC] Using GaussianCopula to generate 336 rows...
2025-05-08 18:40:36,102 - INFO - {'EVENT': 'Sample', 'TIMESTAMP': datetime.datetime(2025, 5, 8, 18, 40, 36, 40281), 'SYNTHESIZER CLASS NAME': 'GaussianCopulaSynthesizer', 'SYNTHESIZER ID': 'GaussianCopulaSynthesizer_1.18.0_13bf915fa78a4bf7b642304c7c46b133', 'TOTAL NUMBER OF TABLES': 1, 'TOTAL NUMBER OF ROWS': 336, 'TOTAL NUMBER OF COLUMNS': 19}
2025-05-08 18:40:36,102 - INFO - [SYNTHETIC] GaussianCopula completed: 336 rows generated.
2025-05-08 18:40:36,102 - INFO - [SYNTHETIC] Target class distribution for GaussianCopula: {'Y': 221, 'N': 115}
2025-05-08 18:40:36,102 - INFO - [SYNTHETIC] Using TVAE to generate 336 rows...
2025-05-08 18:40:36,149 - INFO - {'EVENT': 'Sample', 'TIMESTAMP': datetime.datetime(2025, 5, 8, 18, 40, 36, 102577), 'SYNTHESIZER CLASS NAME': 'TVAESynthesizer', 'SYNTHESIZER ID': 'TVAESynthesizer_1.18.0_7707efb78a694fd3bb22189f27c2d67b', 'TOTAL NUMBER OF TABLES': 1, 'TOTAL NUMBER OF ROWS': 336, 'TOTAL NUMBER OF COLUMNS': 19}
2025-05-08 18:40:36,149 - INFO - [SYNTHETIC] TVAE completed: 336 rows generated.
2025-05-08 18:40:36,150 - INFO - [SYNTHETIC] Target class distribution for TVAE: {'Y': 330, 'N': 6}
2025-05-08 18:40:36,151 - INFO - [SYNTHETIC PIPELINE] Synthetic Data Generation Completed.
2025-05-08 18:40:36,151 - INFO - [SYNTHETIC PIPELINE] Synthesizers used: ['CTGAN', 'GaussianCopula', 'TVAE']
2025-05-08 18:40:36,151 - INFO - [SYNTHETIC PIPELINE] Evaluating synthetic dataset generated by CTGAN...
2025-05-08 18:40:36,151 - INFO - [SYNTHETIC EVAL] Real data columns     (19): ['Gender_0', 'Gender_1', 'Married_0', 'Married_1', 'Dependents_0', 'Dependents_1', 'Dependents_2', 'Education_0', 'Education_1', 'Self_Employed_0', 'Self_Employed_1', 'ApplicantIncome', 'CoapplicantIncome', 'LoanAmount', 'Loan_Amount_Term', 'Credit_History', 'Property_Area_0', 'Property_Area_1', 'Loan_Status']
2025-05-08 18:40:36,151 - INFO - [SYNTHETIC EVAL] Synthetic data columns (19): ['Gender_0', 'Gender_1', 'Married_0', 'Married_1', 'Dependents_0', 'Dependents_1', 'Dependents_2', 'Education_0', 'Education_1', 'Self_Employed_0', 'Self_Employed_1', 'ApplicantIncome', 'CoapplicantIncome', 'LoanAmount', 'Loan_Amount_Term', 'Credit_History', 'Property_Area_0', 'Property_Area_1', 'Loan_Status']
2025-05-08 18:40:36,151 - INFO - [SYNTHETIC EVAL] Metadata columns      (19): ['Gender_0', 'Gender_1', 'Married_0', 'Married_1', 'Dependents_0', 'Dependents_1', 'Dependents_2', 'Education_0', 'Education_1', 'Self_Employed_0', 'Self_Employed_1', 'ApplicantIncome', 'CoapplicantIncome', 'LoanAmount', 'Loan_Amount_Term', 'Credit_History', 'Property_Area_0', 'Property_Area_1', 'Loan_Status']
2025-05-08 18:40:36,151 - INFO - [SYNTHETIC EVAL] Shape — Real: (336, 19), Synthetic: (336, 19)
2025-05-08 18:40:36,151 - INFO - [SYNTHETIC EVAL] Metadata structure:
{
  "columns": {
    "Gender_0": {
      "sdtype": "categorical"
    },
    "Gender_1": {
      "sdtype": "categorical"
    },
    "Married_0": {
      "sdtype": "categorical"
    },
    "Married_1": {
      "sdtype": "categorical"
    },
    "Dependents_0": {
      "sdtype": "categorical"
    },
    "Dependents_1": {
      "sdtype": "categorical"
    },
    "Dependents_2": {
      "sdtype": "categorical"
    },
    "Education_0": {
      "sdtype": "categorical"
    },
    "Education_1": {
      "sdtype": "categorical"
    },
    "Self_Employed_0": {
      "sdtype": "categorical"
    },
    "Self_Employed_1": {
      "sdtype": "categorical"
    },
    "ApplicantIncome": {
      "sdtype": "numerical"
    },
    "CoapplicantIncome": {
      "sdtype": "numerical"
    },
    "LoanAmount": {
      "sdtype": "numerical"
    },
    "Loan_Amount_Term": {
      "sdtype": "categorical"
    },
    "Credit_History": {
      "sdtype": "categorical"
    },
    "Property_Area_0": {
      "sdtype": "categorical"
    },
    "Property_Area_1": {
      "sdtype": "categorical"
    },
    "Loan_Status": {
      "sdtype": "categorical"
    }
  },
  "METADATA_SPEC_VERSION": "SINGLE_TABLE_V1"
}
2025-05-08 18:40:36,500 - INFO - [SYNTHETIC PIPELINE] Evaluating synthetic dataset generated by GaussianCopula...
2025-05-08 18:40:36,501 - INFO - [SYNTHETIC EVAL] Real data columns     (19): ['Gender_0', 'Gender_1', 'Married_0', 'Married_1', 'Dependents_0', 'Dependents_1', 'Dependents_2', 'Education_0', 'Education_1', 'Self_Employed_0', 'Self_Employed_1', 'ApplicantIncome', 'CoapplicantIncome', 'LoanAmount', 'Loan_Amount_Term', 'Credit_History', 'Property_Area_0', 'Property_Area_1', 'Loan_Status']
2025-05-08 18:40:36,501 - INFO - [SYNTHETIC EVAL] Synthetic data columns (19): ['Gender_0', 'Gender_1', 'Married_0', 'Married_1', 'Dependents_0', 'Dependents_1', 'Dependents_2', 'Education_0', 'Education_1', 'Self_Employed_0', 'Self_Employed_1', 'ApplicantIncome', 'CoapplicantIncome', 'LoanAmount', 'Loan_Amount_Term', 'Credit_History', 'Property_Area_0', 'Property_Area_1', 'Loan_Status']
2025-05-08 18:40:36,501 - INFO - [SYNTHETIC EVAL] Metadata columns      (19): ['Gender_0', 'Gender_1', 'Married_0', 'Married_1', 'Dependents_0', 'Dependents_1', 'Dependents_2', 'Education_0', 'Education_1', 'Self_Employed_0', 'Self_Employed_1', 'ApplicantIncome', 'CoapplicantIncome', 'LoanAmount', 'Loan_Amount_Term', 'Credit_History', 'Property_Area_0', 'Property_Area_1', 'Loan_Status']
2025-05-08 18:40:36,501 - INFO - [SYNTHETIC EVAL] Shape — Real: (336, 19), Synthetic: (336, 19)
2025-05-08 18:40:36,501 - INFO - [SYNTHETIC EVAL] Metadata structure:
{
  "columns": {
    "Gender_0": {
      "sdtype": "categorical"
    },
    "Gender_1": {
      "sdtype": "categorical"
    },
    "Married_0": {
      "sdtype": "categorical"
    },
    "Married_1": {
      "sdtype": "categorical"
    },
    "Dependents_0": {
      "sdtype": "categorical"
    },
    "Dependents_1": {
      "sdtype": "categorical"
    },
    "Dependents_2": {
      "sdtype": "categorical"
    },
    "Education_0": {
      "sdtype": "categorical"
    },
    "Education_1": {
      "sdtype": "categorical"
    },
    "Self_Employed_0": {
      "sdtype": "categorical"
    },
    "Self_Employed_1": {
      "sdtype": "categorical"
    },
    "ApplicantIncome": {
      "sdtype": "numerical"
    },
    "CoapplicantIncome": {
      "sdtype": "numerical"
    },
    "LoanAmount": {
      "sdtype": "numerical"
    },
    "Loan_Amount_Term": {
      "sdtype": "categorical"
    },
    "Credit_History": {
      "sdtype": "categorical"
    },
    "Property_Area_0": {
      "sdtype": "categorical"
    },
    "Property_Area_1": {
      "sdtype": "categorical"
    },
    "Loan_Status": {
      "sdtype": "categorical"
    }
  },
  "METADATA_SPEC_VERSION": "SINGLE_TABLE_V1"
}
2025-05-08 18:40:36,834 - INFO - [SYNTHETIC PIPELINE] Evaluating synthetic dataset generated by TVAE...
2025-05-08 18:40:36,834 - INFO - [SYNTHETIC EVAL] Real data columns     (19): ['Gender_0', 'Gender_1', 'Married_0', 'Married_1', 'Dependents_0', 'Dependents_1', 'Dependents_2', 'Education_0', 'Education_1', 'Self_Employed_0', 'Self_Employed_1', 'ApplicantIncome', 'CoapplicantIncome', 'LoanAmount', 'Loan_Amount_Term', 'Credit_History', 'Property_Area_0', 'Property_Area_1', 'Loan_Status']
2025-05-08 18:40:36,834 - INFO - [SYNTHETIC EVAL] Synthetic data columns (19): ['Gender_0', 'Gender_1', 'Married_0', 'Married_1', 'Dependents_0', 'Dependents_1', 'Dependents_2', 'Education_0', 'Education_1', 'Self_Employed_0', 'Self_Employed_1', 'ApplicantIncome', 'CoapplicantIncome', 'LoanAmount', 'Loan_Amount_Term', 'Credit_History', 'Property_Area_0', 'Property_Area_1', 'Loan_Status']
2025-05-08 18:40:36,835 - INFO - [SYNTHETIC EVAL] Metadata columns      (19): ['Gender_0', 'Gender_1', 'Married_0', 'Married_1', 'Dependents_0', 'Dependents_1', 'Dependents_2', 'Education_0', 'Education_1', 'Self_Employed_0', 'Self_Employed_1', 'ApplicantIncome', 'CoapplicantIncome', 'LoanAmount', 'Loan_Amount_Term', 'Credit_History', 'Property_Area_0', 'Property_Area_1', 'Loan_Status']
2025-05-08 18:40:36,835 - INFO - [SYNTHETIC EVAL] Shape — Real: (336, 19), Synthetic: (336, 19)
2025-05-08 18:40:36,835 - INFO - [SYNTHETIC EVAL] Metadata structure:
{
  "columns": {
    "Gender_0": {
      "sdtype": "categorical"
    },
    "Gender_1": {
      "sdtype": "categorical"
    },
    "Married_0": {
      "sdtype": "categorical"
    },
    "Married_1": {
      "sdtype": "categorical"
    },
    "Dependents_0": {
      "sdtype": "categorical"
    },
    "Dependents_1": {
      "sdtype": "categorical"
    },
    "Dependents_2": {
      "sdtype": "categorical"
    },
    "Education_0": {
      "sdtype": "categorical"
    },
    "Education_1": {
      "sdtype": "categorical"
    },
    "Self_Employed_0": {
      "sdtype": "categorical"
    },
    "Self_Employed_1": {
      "sdtype": "categorical"
    },
    "ApplicantIncome": {
      "sdtype": "numerical"
    },
    "CoapplicantIncome": {
      "sdtype": "numerical"
    },
    "LoanAmount": {
      "sdtype": "numerical"
    },
    "Loan_Amount_Term": {
      "sdtype": "categorical"
    },
    "Credit_History": {
      "sdtype": "categorical"
    },
    "Property_Area_0": {
      "sdtype": "categorical"
    },
    "Property_Area_1": {
      "sdtype": "categorical"
    },
    "Loan_Status": {
      "sdtype": "categorical"
    }
  },
  "METADATA_SPEC_VERSION": "SINGLE_TABLE_V1"
}
2025-05-08 18:40:37,196 - INFO -  [SYNTHETIC PIPELINE]  Synthetic Data Evaluation Completed.
2025-05-08 18:40:37,202 - INFO -  [SYNTHETIC PIPELINE] Synthetic Data Report Generated Successfully.
2025-05-08 18:40:37,301 - INFO - [HYBRID] Generated hybrid dataset shape for CTGAN: (336, 19)
2025-05-08 18:40:37,302 - INFO - [HYBRID] Target distribution for CTGAN: {'Y': 245, 'N': 91}
2025-05-08 18:40:37,303 - INFO -  [HYBRID] Saved hybrid dataset to /mnt/NVMETank/Projects/Students/Dele/A-STUDY-INTO-THE-QUALITY-AND-USABILITY-OF-PRIVACY-FRIENDLY-SYNTHETIC-DATA/datasets/hybrid/loan_k6_l2_sup05_CTGAN_HYBRID.csv
2025-05-08 18:40:37,303 - INFO - [HYBRID] Generated hybrid dataset shape for GaussianCopula: (336, 19)
2025-05-08 18:40:37,304 - INFO - [HYBRID] Target distribution for GaussianCopula: {'Y': 221, 'N': 115}
2025-05-08 18:40:37,305 - INFO -  [HYBRID] Saved hybrid dataset to /mnt/NVMETank/Projects/Students/Dele/A-STUDY-INTO-THE-QUALITY-AND-USABILITY-OF-PRIVACY-FRIENDLY-SYNTHETIC-DATA/datasets/hybrid/loan_k6_l2_sup05_GaussianCopula_HYBRID.csv
2025-05-08 18:40:37,305 - INFO - [HYBRID] Generated hybrid dataset shape for TVAE: (336, 19)
2025-05-08 18:40:37,306 - INFO - [HYBRID] Target distribution for TVAE: {'Y': 330, 'N': 6}
2025-05-08 18:40:37,307 - INFO -  [HYBRID] Saved hybrid dataset to /mnt/NVMETank/Projects/Students/Dele/A-STUDY-INTO-THE-QUALITY-AND-USABILITY-OF-PRIVACY-FRIENDLY-SYNTHETIC-DATA/datasets/hybrid/loan_k6_l2_sup05_TVAE_HYBRID.csv
2025-05-08 18:40:37,307 - INFO -  [HYBRID] Hybrid pipeline complete — 3 dataset(s) ready.
2025-05-08 18:40:37,307 - INFO - [HYBRID] Total rows across all hybrid datasets: 1008
2025-05-08 18:40:37,307 - INFO - Hybrid pipeline completed successfully.
2025-05-08 18:40:37,307 - INFO - Hybrid pipeline duration: 24.99 seconds
2025-05-08 18:40:37,307 - INFO - Starting Utility...
2025-05-08 18:40:37,307 - INFO - [UTILITY] Preparing datasets for machine learning...
2025-05-08 18:40:37,308 - INFO - [UTILITY] Original Data - Training Size: 336, Testing Size: 144
2025-05-08 18:40:37,308 - INFO - [UTILITY] Target class distribution (Original): {'Y': 232, 'N': 104}
2025-05-08 18:40:37,308 - INFO - [UTILITY] Processing anonymized dataset...
2025-05-08 18:40:37,309 - INFO - [UTILITY] Anonymized Data - Training Size: 336
2025-05-08 18:40:37,309 - INFO - [UTILITY] Target class distribution (Anonymous): {'Y': 232, 'N': 104}
2025-05-08 18:40:37,309 - INFO - [UTILITY] Processing hybrid dataset generated by CTGAN...
2025-05-08 18:40:37,309 - INFO - [UTILITY] Hybrid Data (CTGAN_HYBRID) - Training Size: 336
2025-05-08 18:40:37,310 - INFO - [UTILITY] Target class distribution (CTGAN_HYBRID): {'Y': 245, 'N': 91}
2025-05-08 18:40:37,310 - INFO - [UTILITY] Processing hybrid dataset generated by GaussianCopula...
2025-05-08 18:40:37,310 - INFO - [UTILITY] Hybrid Data (GaussianCopula_HYBRID) - Training Size: 336
2025-05-08 18:40:37,310 - INFO - [UTILITY] Target class distribution (GaussianCopula_HYBRID): {'Y': 221, 'N': 115}
2025-05-08 18:40:37,310 - INFO - [UTILITY] Processing hybrid dataset generated by TVAE...
2025-05-08 18:40:37,311 - INFO - [UTILITY] Hybrid Data (TVAE_HYBRID) - Training Size: 336
2025-05-08 18:40:37,311 - INFO - [UTILITY] Target class distribution (TVAE_HYBRID): {'Y': 330, 'N': 6}
2025-05-08 18:40:37,311 - INFO - [UTILITY] Training models on all datasets...
2025-05-08 18:40:37,311 - INFO - [UTILITY] Total datasets used for training: 5
2025-05-08 18:40:37,311 - INFO - [TRAINING] Training models from scratch...
2025-05-08 18:40:37,311 - INFO - [TRAINING] Starting training for dataset: Original — Rows: 336, Features: 18
2025-05-08 18:40:37,311 - INFO - [TRAINING] Training DecisionTree on Original...
2025-05-08 18:40:37,313 - INFO - [TRAINING] DecisionTree trained successfully on Original in 0.00 sec
2025-05-08 18:40:37,314 - INFO - [TRAINING] Training KNN on Original...
2025-05-08 18:40:37,314 - INFO - [TRAINING] KNN trained successfully on Original in 0.00 sec
2025-05-08 18:40:37,315 - INFO - [TRAINING] Training LogisticRegression on Original...
2025-05-08 18:40:37,318 - INFO - [TRAINING] LogisticRegression trained successfully on Original in 0.00 sec
2025-05-08 18:40:37,319 - INFO - [TRAINING] Training RandomForest on Original...
2025-05-08 18:40:37,424 - INFO - [TRAINING] RandomForest trained successfully on Original in 0.11 sec
2025-05-08 18:40:37,424 - INFO - [TRAINING] Training SVM on Original...
2025-05-08 18:40:37,428 - INFO - [TRAINING] SVM trained successfully on Original in 0.00 sec
2025-05-08 18:40:37,429 - INFO - [TRAINING] Finished training 5 model(s) for dataset: Original
2025-05-08 18:40:37,429 - INFO - [TRAINING] Starting training for dataset: Anonymous — Rows: 336, Features: 18
2025-05-08 18:40:37,429 - INFO - [TRAINING] Training DecisionTree on Anonymous...
2025-05-08 18:40:37,431 - INFO - [TRAINING] DecisionTree trained successfully on Anonymous in 0.00 sec
2025-05-08 18:40:37,431 - INFO - [TRAINING] Training KNN on Anonymous...
2025-05-08 18:40:37,432 - INFO - [TRAINING] KNN trained successfully on Anonymous in 0.00 sec
2025-05-08 18:40:37,432 - INFO - [TRAINING] Training LogisticRegression on Anonymous...
2025-05-08 18:40:37,435 - INFO - [TRAINING] LogisticRegression trained successfully on Anonymous in 0.00 sec
2025-05-08 18:40:37,435 - INFO - [TRAINING] Training RandomForest on Anonymous...
2025-05-08 18:40:37,543 - INFO - [TRAINING] RandomForest trained successfully on Anonymous in 0.11 sec
2025-05-08 18:40:37,543 - INFO - [TRAINING] Training SVM on Anonymous...
2025-05-08 18:40:37,547 - INFO - [TRAINING] SVM trained successfully on Anonymous in 0.00 sec
2025-05-08 18:40:37,547 - INFO - [TRAINING] Finished training 5 model(s) for dataset: Anonymous
2025-05-08 18:40:37,547 - INFO - [TRAINING] Starting training for dataset: CTGAN_HYBRID — Rows: 336, Features: 18
2025-05-08 18:40:37,547 - INFO - [TRAINING] Training DecisionTree on CTGAN_HYBRID...
2025-05-08 18:40:37,549 - INFO - [TRAINING] DecisionTree trained successfully on CTGAN_HYBRID in 0.00 sec
2025-05-08 18:40:37,549 - INFO - [TRAINING] Training KNN on CTGAN_HYBRID...
2025-05-08 18:40:37,551 - INFO - [TRAINING] KNN trained successfully on CTGAN_HYBRID in 0.00 sec
2025-05-08 18:40:37,551 - INFO - [TRAINING] Training LogisticRegression on CTGAN_HYBRID...
2025-05-08 18:40:37,553 - INFO - [TRAINING] LogisticRegression trained successfully on CTGAN_HYBRID in 0.00 sec
2025-05-08 18:40:37,554 - INFO - [TRAINING] Training RandomForest on CTGAN_HYBRID...
2025-05-08 18:40:37,649 - INFO - [TRAINING] RandomForest trained successfully on CTGAN_HYBRID in 0.10 sec
2025-05-08 18:40:37,650 - INFO - [TRAINING] Training SVM on CTGAN_HYBRID...
2025-05-08 18:40:37,653 - INFO - [TRAINING] SVM trained successfully on CTGAN_HYBRID in 0.00 sec
2025-05-08 18:40:37,653 - INFO - [TRAINING] Finished training 5 model(s) for dataset: CTGAN_HYBRID
2025-05-08 18:40:37,653 - INFO - [TRAINING] Starting training for dataset: GaussianCopula_HYBRID — Rows: 336, Features: 18
2025-05-08 18:40:37,653 - INFO - [TRAINING] Training DecisionTree on GaussianCopula_HYBRID...
2025-05-08 18:40:37,655 - INFO - [TRAINING] DecisionTree trained successfully on GaussianCopula_HYBRID in 0.00 sec
2025-05-08 18:40:37,655 - INFO - [TRAINING] Training KNN on GaussianCopula_HYBRID...
2025-05-08 18:40:37,656 - INFO - [TRAINING] KNN trained successfully on GaussianCopula_HYBRID in 0.00 sec
2025-05-08 18:40:37,657 - INFO - [TRAINING] Training LogisticRegression on GaussianCopula_HYBRID...
2025-05-08 18:40:37,660 - INFO - [TRAINING] LogisticRegression trained successfully on GaussianCopula_HYBRID in 0.00 sec
2025-05-08 18:40:37,660 - INFO - [TRAINING] Training RandomForest on GaussianCopula_HYBRID...
2025-05-08 18:40:37,750 - INFO - [TRAINING] RandomForest trained successfully on GaussianCopula_HYBRID in 0.09 sec
2025-05-08 18:40:37,750 - INFO - [TRAINING] Training SVM on GaussianCopula_HYBRID...
2025-05-08 18:40:37,754 - INFO - [TRAINING] SVM trained successfully on GaussianCopula_HYBRID in 0.00 sec
2025-05-08 18:40:37,754 - INFO - [TRAINING] Finished training 5 model(s) for dataset: GaussianCopula_HYBRID
2025-05-08 18:40:37,754 - INFO - [TRAINING] Starting training for dataset: TVAE_HYBRID — Rows: 336, Features: 18
2025-05-08 18:40:37,754 - INFO - [TRAINING] Training DecisionTree on TVAE_HYBRID...
2025-05-08 18:40:37,755 - INFO - [TRAINING] DecisionTree trained successfully on TVAE_HYBRID in 0.00 sec
2025-05-08 18:40:37,755 - INFO - [TRAINING] Training KNN on TVAE_HYBRID...
2025-05-08 18:40:37,756 - INFO - [TRAINING] KNN trained successfully on TVAE_HYBRID in 0.00 sec
2025-05-08 18:40:37,756 - INFO - [TRAINING] Training LogisticRegression on TVAE_HYBRID...
2025-05-08 18:40:37,760 - INFO - [TRAINING] LogisticRegression trained successfully on TVAE_HYBRID in 0.00 sec
2025-05-08 18:40:37,760 - INFO - [TRAINING] Training RandomForest on TVAE_HYBRID...
2025-05-08 18:40:37,847 - INFO - [TRAINING] RandomForest trained successfully on TVAE_HYBRID in 0.09 sec
2025-05-08 18:40:37,847 - INFO - [TRAINING] Training SVM on TVAE_HYBRID...
2025-05-08 18:40:37,850 - INFO - [TRAINING] SVM trained successfully on TVAE_HYBRID in 0.00 sec
2025-05-08 18:40:37,850 - INFO - [TRAINING] Finished training 5 model(s) for dataset: TVAE_HYBRID
2025-05-08 18:40:37,850 - INFO - [TRAINING] Total models trained across all datasets: 25
2025-05-08 18:40:37,850 - INFO - [UTILITY] Trained model names: ['Original', 'Anonymous', 'CTGAN_HYBRID', 'GaussianCopula_HYBRID', 'TVAE_HYBRID']
2025-05-08 18:40:37,850 - INFO - [UTILITY] Model Training Completed.
2025-05-08 18:40:37,850 - INFO - Starting the Evaluating of models...
2025-05-08 18:40:37,850 - INFO - Preparing evaluation for model 'DecisionTree' across all datasets...
2025-05-08 18:40:37,851 - INFO - Evaluating DecisionTree on Original...
2025-05-08 18:40:37,852 - INFO - Predictions completed for DecisionTree on Original
2025-05-08 18:40:37,852 - INFO - Prediction distribution for DecisionTree on Original: {'Y': 93, 'N': 51}
2025-05-08 18:40:37,861 - INFO - Computed 8 metric(s) for DecisionTree on Original
2025-05-08 18:40:37,861 - INFO - Evaluating DecisionTree on Anonymous...
2025-05-08 18:40:37,862 - INFO - Predictions completed for DecisionTree on Anonymous
2025-05-08 18:40:37,862 - INFO - Prediction distribution for DecisionTree on Anonymous: {'N': 97, 'Y': 47}
2025-05-08 18:40:37,871 - INFO - Computed 8 metric(s) for DecisionTree on Anonymous
2025-05-08 18:40:37,871 - INFO - Evaluating DecisionTree on CTGAN_HYBRID...
2025-05-08 18:40:37,872 - INFO - Predictions completed for DecisionTree on CTGAN_HYBRID
2025-05-08 18:40:37,872 - INFO - Prediction distribution for DecisionTree on CTGAN_HYBRID: {'Y': 108, 'N': 36}
2025-05-08 18:40:37,882 - INFO - Computed 8 metric(s) for DecisionTree on CTGAN_HYBRID
2025-05-08 18:40:37,882 - INFO - Evaluating DecisionTree on GaussianCopula_HYBRID...
2025-05-08 18:40:37,883 - INFO - Predictions completed for DecisionTree on GaussianCopula_HYBRID
2025-05-08 18:40:37,884 - INFO - Prediction distribution for DecisionTree on GaussianCopula_HYBRID: {'Y': 103, 'N': 41}
2025-05-08 18:40:37,894 - INFO - Computed 8 metric(s) for DecisionTree on GaussianCopula_HYBRID
2025-05-08 18:40:37,894 - INFO - Evaluating DecisionTree on TVAE_HYBRID...
2025-05-08 18:40:37,895 - INFO - Predictions completed for DecisionTree on TVAE_HYBRID
2025-05-08 18:40:37,895 - INFO - Prediction distribution for DecisionTree on TVAE_HYBRID: {'Y': 143, 'N': 1}
2025-05-08 18:40:37,904 - INFO - Computed 8 metric(s) for DecisionTree on TVAE_HYBRID
2025-05-08 18:40:37,904 - INFO - Preparing evaluation for model 'KNN' across all datasets...
2025-05-08 18:40:37,904 - INFO - Evaluating KNN on Original...
2025-05-08 18:40:37,910 - INFO - Predictions completed for KNN on Original
2025-05-08 18:40:37,910 - INFO - Prediction distribution for KNN on Original: {'Y': 115, 'N': 29}
2025-05-08 18:40:37,924 - INFO - Computed 8 metric(s) for KNN on Original
2025-05-08 18:40:37,924 - INFO - Evaluating KNN on Anonymous...
2025-05-08 18:40:37,932 - INFO - Predictions completed for KNN on Anonymous
2025-05-08 18:40:37,932 - INFO - Prediction distribution for KNN on Anonymous: {'Y': 113, 'N': 31}
2025-05-08 18:40:37,944 - INFO - Computed 8 metric(s) for KNN on Anonymous
2025-05-08 18:40:37,944 - INFO - Evaluating KNN on CTGAN_HYBRID...
2025-05-08 18:40:37,949 - INFO - Predictions completed for KNN on CTGAN_HYBRID
2025-05-08 18:40:37,950 - INFO - Prediction distribution for KNN on CTGAN_HYBRID: {'Y': 130, 'N': 14}
2025-05-08 18:40:37,964 - INFO - Computed 8 metric(s) for KNN on CTGAN_HYBRID
2025-05-08 18:40:37,964 - INFO - Evaluating KNN on GaussianCopula_HYBRID...
2025-05-08 18:40:37,969 - INFO - Predictions completed for KNN on GaussianCopula_HYBRID
2025-05-08 18:40:37,970 - INFO - Prediction distribution for KNN on GaussianCopula_HYBRID: {'Y': 114, 'N': 30}
2025-05-08 18:40:37,981 - INFO - Computed 8 metric(s) for KNN on GaussianCopula_HYBRID
2025-05-08 18:40:37,981 - INFO - Evaluating KNN on TVAE_HYBRID...
2025-05-08 18:40:37,987 - INFO - Predictions completed for KNN on TVAE_HYBRID
2025-05-08 18:40:37,987 - INFO - Prediction distribution for KNN on TVAE_HYBRID: {'Y': 144}
2025-05-08 18:40:37,987 - WARNING -  [WARNING] :KNN on TVAE_HYBRID predicted only one class: {'Y'}
2025-05-08 18:40:37,989 - WARNING - [UndefinedMetricWarning] Precision is ill-defined and being set to 0.0 in labels with no predicted samples. Use `zero_division` parameter to control this behavior. (from /mnt/NVMETank/Projects/Students/Dele/A-STUDY-INTO-THE-QUALITY-AND-USABILITY-OF-PRIVACY-FRIENDLY-SYNTHETIC-DATA/.venv/lib/python3.12/site-packages/sklearn/metrics/_classification.py:1565)
2025-05-08 18:40:37,990 - WARNING - [UndefinedMetricWarning] Precision is ill-defined and being set to 0.0 in labels with no predicted samples. Use `zero_division` parameter to control this behavior. (from /mnt/NVMETank/Projects/Students/Dele/A-STUDY-INTO-THE-QUALITY-AND-USABILITY-OF-PRIVACY-FRIENDLY-SYNTHETIC-DATA/.venv/lib/python3.12/site-packages/sklearn/metrics/_classification.py:1565)
2025-05-08 18:40:37,991 - WARNING - [UndefinedMetricWarning] Precision is ill-defined and being set to 0.0 in labels with no predicted samples. Use `zero_division` parameter to control this behavior. (from /mnt/NVMETank/Projects/Students/Dele/A-STUDY-INTO-THE-QUALITY-AND-USABILITY-OF-PRIVACY-FRIENDLY-SYNTHETIC-DATA/.venv/lib/python3.12/site-packages/sklearn/metrics/_classification.py:1565)
2025-05-08 18:40:38,000 - INFO - Computed 8 metric(s) for KNN on TVAE_HYBRID
2025-05-08 18:40:38,000 - INFO - Preparing evaluation for model 'LogisticRegression' across all datasets...
2025-05-08 18:40:38,000 - INFO - Evaluating LogisticRegression on Original...
2025-05-08 18:40:38,002 - INFO - Predictions completed for LogisticRegression on Original
2025-05-08 18:40:38,002 - INFO - Prediction distribution for LogisticRegression on Original: {'Y': 115, 'N': 29}
2025-05-08 18:40:38,011 - INFO - Computed 8 metric(s) for LogisticRegression on Original
2025-05-08 18:40:38,011 - INFO - Evaluating LogisticRegression on Anonymous...
2025-05-08 18:40:38,012 - INFO - Predictions completed for LogisticRegression on Anonymous
2025-05-08 18:40:38,012 - INFO - Prediction distribution for LogisticRegression on Anonymous: {'N': 102, 'Y': 42}
2025-05-08 18:40:38,021 - INFO - Computed 8 metric(s) for LogisticRegression on Anonymous
2025-05-08 18:40:38,021 - INFO - Evaluating LogisticRegression on CTGAN_HYBRID...
2025-05-08 18:40:38,022 - INFO - Predictions completed for LogisticRegression on CTGAN_HYBRID
2025-05-08 18:40:38,022 - INFO - Prediction distribution for LogisticRegression on CTGAN_HYBRID: {'N': 74, 'Y': 70}
2025-05-08 18:40:38,031 - INFO - Computed 8 metric(s) for LogisticRegression on CTGAN_HYBRID
2025-05-08 18:40:38,031 - INFO - Evaluating LogisticRegression on GaussianCopula_HYBRID...
2025-05-08 18:40:38,032 - INFO - Predictions completed for LogisticRegression on GaussianCopula_HYBRID
2025-05-08 18:40:38,033 - INFO - Prediction distribution for LogisticRegression on GaussianCopula_HYBRID: {'Y': 87, 'N': 57}
2025-05-08 18:40:38,041 - INFO - Computed 8 metric(s) for LogisticRegression on GaussianCopula_HYBRID
2025-05-08 18:40:38,041 - INFO - Evaluating LogisticRegression on TVAE_HYBRID...
2025-05-08 18:40:38,042 - INFO - Predictions completed for LogisticRegression on TVAE_HYBRID
2025-05-08 18:40:38,043 - INFO - Prediction distribution for LogisticRegression on TVAE_HYBRID: {'Y': 140, 'N': 4}
2025-05-08 18:40:38,051 - INFO - Computed 8 metric(s) for LogisticRegression on TVAE_HYBRID
2025-05-08 18:40:38,052 - INFO - Preparing evaluation for model 'RandomForest' across all datasets...
2025-05-08 18:40:38,052 - INFO - Evaluating RandomForest on Original...
2025-05-08 18:40:38,057 - INFO - Predictions completed for RandomForest on Original
2025-05-08 18:40:38,058 - INFO - Prediction distribution for RandomForest on Original: {'Y': 107, 'N': 37}
2025-05-08 18:40:38,075 - INFO - Computed 8 metric(s) for RandomForest on Original
2025-05-08 18:40:38,075 - INFO - Evaluating RandomForest on Anonymous...
2025-05-08 18:40:38,081 - INFO - Predictions completed for RandomForest on Anonymous
2025-05-08 18:40:38,081 - INFO - Prediction distribution for RandomForest on Anonymous: {'N': 91, 'Y': 53}
2025-05-08 18:40:38,098 - INFO - Computed 8 metric(s) for RandomForest on Anonymous
2025-05-08 18:40:38,099 - INFO - Evaluating RandomForest on CTGAN_HYBRID...
2025-05-08 18:40:38,105 - INFO - Predictions completed for RandomForest on CTGAN_HYBRID
2025-05-08 18:40:38,105 - INFO - Prediction distribution for RandomForest on CTGAN_HYBRID: {'Y': 122, 'N': 22}
2025-05-08 18:40:38,122 - INFO - Computed 8 metric(s) for RandomForest on CTGAN_HYBRID
2025-05-08 18:40:38,122 - INFO - Evaluating RandomForest on GaussianCopula_HYBRID...
2025-05-08 18:40:38,128 - INFO - Predictions completed for RandomForest on GaussianCopula_HYBRID
2025-05-08 18:40:38,128 - INFO - Prediction distribution for RandomForest on GaussianCopula_HYBRID: {'Y': 100, 'N': 44}
2025-05-08 18:40:38,145 - INFO - Computed 8 metric(s) for RandomForest on GaussianCopula_HYBRID
2025-05-08 18:40:38,145 - INFO - Evaluating RandomForest on TVAE_HYBRID...
2025-05-08 18:40:38,150 - INFO - Predictions completed for RandomForest on TVAE_HYBRID
2025-05-08 18:40:38,150 - INFO - Prediction distribution for RandomForest on TVAE_HYBRID: {'Y': 144}
2025-05-08 18:40:38,151 - WARNING -  [WARNING] :RandomForest on TVAE_HYBRID predicted only one class: {'Y'}
2025-05-08 18:40:38,152 - WARNING - [UndefinedMetricWarning] Precision is ill-defined and being set to 0.0 in labels with no predicted samples. Use `zero_division` parameter to control this behavior. (from /mnt/NVMETank/Projects/Students/Dele/A-STUDY-INTO-THE-QUALITY-AND-USABILITY-OF-PRIVACY-FRIENDLY-SYNTHETIC-DATA/.venv/lib/python3.12/site-packages/sklearn/metrics/_classification.py:1565)
2025-05-08 18:40:38,153 - WARNING - [UndefinedMetricWarning] Precision is ill-defined and being set to 0.0 in labels with no predicted samples. Use `zero_division` parameter to control this behavior. (from /mnt/NVMETank/Projects/Students/Dele/A-STUDY-INTO-THE-QUALITY-AND-USABILITY-OF-PRIVACY-FRIENDLY-SYNTHETIC-DATA/.venv/lib/python3.12/site-packages/sklearn/metrics/_classification.py:1565)
2025-05-08 18:40:38,155 - WARNING - [UndefinedMetricWarning] Precision is ill-defined and being set to 0.0 in labels with no predicted samples. Use `zero_division` parameter to control this behavior. (from /mnt/NVMETank/Projects/Students/Dele/A-STUDY-INTO-THE-QUALITY-AND-USABILITY-OF-PRIVACY-FRIENDLY-SYNTHETIC-DATA/.venv/lib/python3.12/site-packages/sklearn/metrics/_classification.py:1565)
2025-05-08 18:40:38,167 - INFO - Computed 8 metric(s) for RandomForest on TVAE_HYBRID
2025-05-08 18:40:38,167 - INFO - Preparing evaluation for model 'SVM' across all datasets...
2025-05-08 18:40:38,167 - INFO - Evaluating SVM on Original...
2025-05-08 18:40:38,169 - INFO - Predictions completed for SVM on Original
2025-05-08 18:40:38,169 - INFO - Prediction distribution for SVM on Original: {'Y': 144}
2025-05-08 18:40:38,170 - WARNING -  [WARNING] :SVM on Original predicted only one class: {'Y'}
2025-05-08 18:40:38,171 - WARNING - [UndefinedMetricWarning] Precision is ill-defined and being set to 0.0 in labels with no predicted samples. Use `zero_division` parameter to control this behavior. (from /mnt/NVMETank/Projects/Students/Dele/A-STUDY-INTO-THE-QUALITY-AND-USABILITY-OF-PRIVACY-FRIENDLY-SYNTHETIC-DATA/.venv/lib/python3.12/site-packages/sklearn/metrics/_classification.py:1565)
2025-05-08 18:40:38,172 - WARNING - [UndefinedMetricWarning] Precision is ill-defined and being set to 0.0 in labels with no predicted samples. Use `zero_division` parameter to control this behavior. (from /mnt/NVMETank/Projects/Students/Dele/A-STUDY-INTO-THE-QUALITY-AND-USABILITY-OF-PRIVACY-FRIENDLY-SYNTHETIC-DATA/.venv/lib/python3.12/site-packages/sklearn/metrics/_classification.py:1565)
2025-05-08 18:40:38,174 - WARNING - [UndefinedMetricWarning] Precision is ill-defined and being set to 0.0 in labels with no predicted samples. Use `zero_division` parameter to control this behavior. (from /mnt/NVMETank/Projects/Students/Dele/A-STUDY-INTO-THE-QUALITY-AND-USABILITY-OF-PRIVACY-FRIENDLY-SYNTHETIC-DATA/.venv/lib/python3.12/site-packages/sklearn/metrics/_classification.py:1565)
2025-05-08 18:40:38,175 - INFO - Computed 8 metric(s) for SVM on Original
2025-05-08 18:40:38,175 - INFO - Evaluating SVM on Anonymous...
2025-05-08 18:40:38,177 - INFO - Predictions completed for SVM on Anonymous
2025-05-08 18:40:38,178 - INFO - Prediction distribution for SVM on Anonymous: {'Y': 144}
2025-05-08 18:40:38,178 - WARNING -  [WARNING] :SVM on Anonymous predicted only one class: {'Y'}
2025-05-08 18:40:38,179 - WARNING - [UndefinedMetricWarning] Precision is ill-defined and being set to 0.0 in labels with no predicted samples. Use `zero_division` parameter to control this behavior. (from /mnt/NVMETank/Projects/Students/Dele/A-STUDY-INTO-THE-QUALITY-AND-USABILITY-OF-PRIVACY-FRIENDLY-SYNTHETIC-DATA/.venv/lib/python3.12/site-packages/sklearn/metrics/_classification.py:1565)
2025-05-08 18:40:38,181 - WARNING - [UndefinedMetricWarning] Precision is ill-defined and being set to 0.0 in labels with no predicted samples. Use `zero_division` parameter to control this behavior. (from /mnt/NVMETank/Projects/Students/Dele/A-STUDY-INTO-THE-QUALITY-AND-USABILITY-OF-PRIVACY-FRIENDLY-SYNTHETIC-DATA/.venv/lib/python3.12/site-packages/sklearn/metrics/_classification.py:1565)
2025-05-08 18:40:38,182 - WARNING - [UndefinedMetricWarning] Precision is ill-defined and being set to 0.0 in labels with no predicted samples. Use `zero_division` parameter to control this behavior. (from /mnt/NVMETank/Projects/Students/Dele/A-STUDY-INTO-THE-QUALITY-AND-USABILITY-OF-PRIVACY-FRIENDLY-SYNTHETIC-DATA/.venv/lib/python3.12/site-packages/sklearn/metrics/_classification.py:1565)
2025-05-08 18:40:38,184 - INFO - Computed 8 metric(s) for SVM on Anonymous
2025-05-08 18:40:38,184 - INFO - Evaluating SVM on CTGAN_HYBRID...
2025-05-08 18:40:38,186 - INFO - Predictions completed for SVM on CTGAN_HYBRID
2025-05-08 18:40:38,186 - INFO - Prediction distribution for SVM on CTGAN_HYBRID: {'Y': 144}
2025-05-08 18:40:38,186 - WARNING -  [WARNING] :SVM on CTGAN_HYBRID predicted only one class: {'Y'}
2025-05-08 18:40:38,188 - WARNING - [UndefinedMetricWarning] Precision is ill-defined and being set to 0.0 in labels with no predicted samples. Use `zero_division` parameter to control this behavior. (from /mnt/NVMETank/Projects/Students/Dele/A-STUDY-INTO-THE-QUALITY-AND-USABILITY-OF-PRIVACY-FRIENDLY-SYNTHETIC-DATA/.venv/lib/python3.12/site-packages/sklearn/metrics/_classification.py:1565)
2025-05-08 18:40:38,189 - WARNING - [UndefinedMetricWarning] Precision is ill-defined and being set to 0.0 in labels with no predicted samples. Use `zero_division` parameter to control this behavior. (from /mnt/NVMETank/Projects/Students/Dele/A-STUDY-INTO-THE-QUALITY-AND-USABILITY-OF-PRIVACY-FRIENDLY-SYNTHETIC-DATA/.venv/lib/python3.12/site-packages/sklearn/metrics/_classification.py:1565)
2025-05-08 18:40:38,190 - WARNING - [UndefinedMetricWarning] Precision is ill-defined and being set to 0.0 in labels with no predicted samples. Use `zero_division` parameter to control this behavior. (from /mnt/NVMETank/Projects/Students/Dele/A-STUDY-INTO-THE-QUALITY-AND-USABILITY-OF-PRIVACY-FRIENDLY-SYNTHETIC-DATA/.venv/lib/python3.12/site-packages/sklearn/metrics/_classification.py:1565)
2025-05-08 18:40:38,192 - INFO - Computed 8 metric(s) for SVM on CTGAN_HYBRID
2025-05-08 18:40:38,192 - INFO - Evaluating SVM on GaussianCopula_HYBRID...
2025-05-08 18:40:38,194 - INFO - Predictions completed for SVM on GaussianCopula_HYBRID
2025-05-08 18:40:38,194 - INFO - Prediction distribution for SVM on GaussianCopula_HYBRID: {'Y': 144}
2025-05-08 18:40:38,194 - WARNING -  [WARNING] :SVM on GaussianCopula_HYBRID predicted only one class: {'Y'}
2025-05-08 18:40:38,196 - WARNING - [UndefinedMetricWarning] Precision is ill-defined and being set to 0.0 in labels with no predicted samples. Use `zero_division` parameter to control this behavior. (from /mnt/NVMETank/Projects/Students/Dele/A-STUDY-INTO-THE-QUALITY-AND-USABILITY-OF-PRIVACY-FRIENDLY-SYNTHETIC-DATA/.venv/lib/python3.12/site-packages/sklearn/metrics/_classification.py:1565)
2025-05-08 18:40:38,197 - WARNING - [UndefinedMetricWarning] Precision is ill-defined and being set to 0.0 in labels with no predicted samples. Use `zero_division` parameter to control this behavior. (from /mnt/NVMETank/Projects/Students/Dele/A-STUDY-INTO-THE-QUALITY-AND-USABILITY-OF-PRIVACY-FRIENDLY-SYNTHETIC-DATA/.venv/lib/python3.12/site-packages/sklearn/metrics/_classification.py:1565)
2025-05-08 18:40:38,198 - WARNING - [UndefinedMetricWarning] Precision is ill-defined and being set to 0.0 in labels with no predicted samples. Use `zero_division` parameter to control this behavior. (from /mnt/NVMETank/Projects/Students/Dele/A-STUDY-INTO-THE-QUALITY-AND-USABILITY-OF-PRIVACY-FRIENDLY-SYNTHETIC-DATA/.venv/lib/python3.12/site-packages/sklearn/metrics/_classification.py:1565)
2025-05-08 18:40:38,200 - INFO - Computed 8 metric(s) for SVM on GaussianCopula_HYBRID
2025-05-08 18:40:38,200 - INFO - Evaluating SVM on TVAE_HYBRID...
2025-05-08 18:40:38,201 - INFO - Predictions completed for SVM on TVAE_HYBRID
2025-05-08 18:40:38,201 - INFO - Prediction distribution for SVM on TVAE_HYBRID: {'Y': 144}
2025-05-08 18:40:38,202 - WARNING -  [WARNING] :SVM on TVAE_HYBRID predicted only one class: {'Y'}
2025-05-08 18:40:38,203 - WARNING - [UndefinedMetricWarning] Precision is ill-defined and being set to 0.0 in labels with no predicted samples. Use `zero_division` parameter to control this behavior. (from /mnt/NVMETank/Projects/Students/Dele/A-STUDY-INTO-THE-QUALITY-AND-USABILITY-OF-PRIVACY-FRIENDLY-SYNTHETIC-DATA/.venv/lib/python3.12/site-packages/sklearn/metrics/_classification.py:1565)
2025-05-08 18:40:38,204 - WARNING - [UndefinedMetricWarning] Precision is ill-defined and being set to 0.0 in labels with no predicted samples. Use `zero_division` parameter to control this behavior. (from /mnt/NVMETank/Projects/Students/Dele/A-STUDY-INTO-THE-QUALITY-AND-USABILITY-OF-PRIVACY-FRIENDLY-SYNTHETIC-DATA/.venv/lib/python3.12/site-packages/sklearn/metrics/_classification.py:1565)
2025-05-08 18:40:38,206 - WARNING - [UndefinedMetricWarning] Precision is ill-defined and being set to 0.0 in labels with no predicted samples. Use `zero_division` parameter to control this behavior. (from /mnt/NVMETank/Projects/Students/Dele/A-STUDY-INTO-THE-QUALITY-AND-USABILITY-OF-PRIVACY-FRIENDLY-SYNTHETIC-DATA/.venv/lib/python3.12/site-packages/sklearn/metrics/_classification.py:1565)
2025-05-08 18:40:38,207 - INFO - Computed 8 metric(s) for SVM on TVAE_HYBRID
2025-05-08 18:40:38,211 - INFO - Evaluation completed for all models.
2025-05-08 18:40:38,211 - INFO - Model evaluation completed in 0.36 seconds.
2025-05-08 18:40:38,213 - INFO - Evaluated models: ['DecisionTree', 'KNN', 'LogisticRegression', 'RandomForest', 'SVM']
2025-05-08 18:40:38,213 - INFO - Model Training and Evaluation completed.
2025-05-08 18:40:38,783 - INFO -  Visualizations saved.
2025-05-08 18:40:38,784 - INFO -  Benchmarking Completed. Results saved in output folder.
