2025-05-08 11:31:25,018 - INFO - Loaded config file: configs/generated_configs/censusIncome/censusIncome_anon_k200_sl0p3_l2.yaml
2025-05-08 11:31:25,018 - INFO -  Benchmarking started for dataset: censusIncome
2025-05-08 11:31:25,018 - INFO - Using dataset path: /mnt/NVMETank/Projects/Students/Dele/A-STUDY-INTO-THE-QUALITY-AND-USABILITY-OF-PRIVACY-FRIENDLY-SYNTHETIC-DATA/datasets/original/censusIncome.csv
2025-05-08 11:31:25,018 - INFO - Target column: income, separator: ','
2025-05-08 11:31:25,019 - INFO - Configuration loaded: enable_anonymization = True, enable_synthesis = False, enable_hybrid = False, enable_utility = True, delete_after_evaluation = False
2025-05-08 11:31:25,019 - INFO - Running preprocessing...
2025-05-08 11:31:25,023 - INFO -  [PREPROCESSING] Preprocessed files found. Skipping preprocessing.
2025-05-08 11:31:25,167 - INFO - Preprocessing completed. Rows before: 48842, after: 39073
2025-05-08 11:31:25,168 - INFO - Preprocessed data saved to: outputs/batch/censusIncome_batch_2025-05-08_10-04-54/censusIncome_anon_k200_sl0p3_l2/preprocessing_report.txt
2025-05-08 11:31:25,168 - INFO - enable_anonymization = True
2025-05-08 11:31:25,168 - INFO - Starting Anonymization Pipeline with output path: /mnt/NVMETank/Projects/Students/Dele/A-STUDY-INTO-THE-QUALITY-AND-USABILITY-OF-PRIVACY-FRIENDLY-SYNTHETIC-DATA/datasets/anonymized/censusIncome_k200_l2_sup30_anonymized.csv.......
2025-05-08 11:31:25,173 - INFO -  [ANONYMIZATION] Executing run_anonymization, config_path : configs/generated_configs/censusIncome/censusIncome_anon_k200_sl0p3_l2.yaml...........
2025-05-08 11:31:25,173 - INFO -  [ANONYMIZATION] Using JAR file at /mnt/NVMETank/Projects/Students/Dele/A-STUDY-INTO-THE-QUALITY-AND-USABILITY-OF-PRIVACY-FRIENDLY-SYNTHETIC-DATA/src/anonymization/anonymARXij/bin/anonymARXij.jar to anonymize the dataset.
2025-05-08 11:31:34,341 - INFO -  [ANONYMIZATION] Anonimized file saved to : /mnt/NVMETank/Projects/Students/Dele/A-STUDY-INTO-THE-QUALITY-AND-USABILITY-OF-PRIVACY-FRIENDLY-SYNTHETIC-DATA/datasets/anonymized/censusIncome_k200_l2_sup30_anonymized.csv
2025-05-08 11:31:34,341 - INFO -  [ANONYMIZATION] Java anonymization completed successfully.
2025-05-08 11:31:34,341 - INFO -  [ANONYMIZATION] Java STDOUT:
📄 Java received config path: /mnt/NVMETank/Projects/Students/Dele/A-STUDY-INTO-THE-QUALITY-AND-USABILITY-OF-PRIVACY-FRIENDLY-SYNTHETIC-DATA/configs/generated_configs/censusIncome/censusIncome_anon_k200_sl0p3_l2.yaml
🔹 Loading config from: /mnt/NVMETank/Projects/Students/Dele/A-STUDY-INTO-THE-QUALITY-AND-USABILITY-OF-PRIVACY-FRIENDLY-SYNTHETIC-DATA/configs/generated_configs/censusIncome/censusIncome_anon_k200_sl0p3_l2.yaml
Loading config from: /mnt/NVMETank/Projects/Students/Dele/A-STUDY-INTO-THE-QUALITY-AND-USABILITY-OF-PRIVACY-FRIENDLY-SYNTHETIC-DATA/configs/generated_configs/censusIncome/censusIncome_anon_k200_sl0p3_l2.yaml
📂 Dataset Path (from args): /mnt/NVMETank/Projects/Students/Dele/A-STUDY-INTO-THE-QUALITY-AND-USABILITY-OF-PRIVACY-FRIENDLY-SYNTHETIC-DATA/datasets/train/censusIncome_train_raw.csv
🔹 Dataset Separator: ,
🔹 Suppression Limit: 0.3

🔹 Configured Attributes:
  ✅ Quasi-Identifier: age
  ✅ Quasi-Identifier: education
  ✅ Quasi-Identifier: workclass
  ✅ Quasi-Identifier: marital-status
  ✅ Quasi-Identifier: occupation
  ✅ Quasi-Identifier: race
  ✅ Quasi-Identifier: sex
  ✅ Quasi-Identifier: native-country
  ✅ Sensitive Attribute: income
  ✅ Insensitive Attribute: fnlwgt
  ✅ Insensitive Attribute: hours-per-week
  ✅ Insensitive Attribute: capital-gain
  ✅ Insensitive Attribute: capital-loss
  ✅ Insensitive Attribute: relationship
  ✅ Insensitive Attribute: education-num

🔹 Defined Hierarchies:
  ✅ education -> /mnt/NVMETank/Projects/Students/Dele/A-STUDY-INTO-THE-QUALITY-AND-USABILITY-OF-PRIVACY-FRIENDLY-SYNTHETIC-DATA/src/anonymization/anonymARXij/src/hierarchies_censusIncome/education.csv
  ✅ occupation -> /mnt/NVMETank/Projects/Students/Dele/A-STUDY-INTO-THE-QUALITY-AND-USABILITY-OF-PRIVACY-FRIENDLY-SYNTHETIC-DATA/src/anonymization/anonymARXij/src/hierarchies_censusIncome/occupation.csv
  ✅ workclass -> /mnt/NVMETank/Projects/Students/Dele/A-STUDY-INTO-THE-QUALITY-AND-USABILITY-OF-PRIVACY-FRIENDLY-SYNTHETIC-DATA/src/anonymization/anonymARXij/src/hierarchies_censusIncome/workclass.csv
  ✅ native-country -> /mnt/NVMETank/Projects/Students/Dele/A-STUDY-INTO-THE-QUALITY-AND-USABILITY-OF-PRIVACY-FRIENDLY-SYNTHETIC-DATA/src/anonymization/anonymARXij/src/hierarchies_censusIncome/native-country.csv
  ✅ race -> /mnt/NVMETank/Projects/Students/Dele/A-STUDY-INTO-THE-QUALITY-AND-USABILITY-OF-PRIVACY-FRIENDLY-SYNTHETIC-DATA/src/anonymization/anonymARXij/src/hierarchies_censusIncome/race.csv
  ✅ sex -> /mnt/NVMETank/Projects/Students/Dele/A-STUDY-INTO-THE-QUALITY-AND-USABILITY-OF-PRIVACY-FRIENDLY-SYNTHETIC-DATA/src/anonymization/anonymARXij/src/hierarchies_censusIncome/sex.csv
  ✅ marital-status -> /mnt/NVMETank/Projects/Students/Dele/A-STUDY-INTO-THE-QUALITY-AND-USABILITY-OF-PRIVACY-FRIENDLY-SYNTHETIC-DATA/src/anonymization/anonymARXij/src/hierarchies_censusIncome/marital-status.csv
  ✅ age -> /mnt/NVMETank/Projects/Students/Dele/A-STUDY-INTO-THE-QUALITY-AND-USABILITY-OF-PRIVACY-FRIENDLY-SYNTHETIC-DATA/src/anonymization/anonymARXij/src/hierarchies_censusIncome/age.csv
Java is searching for hierarchy file at: /mnt/NVMETank/Projects/Students/Dele/A-STUDY-INTO-THE-QUALITY-AND-USABILITY-OF-PRIVACY-FRIENDLY-SYNTHETIC-DATA/src/anonymization/anonymARXij/src/hierarchies_censusIncome/education.csv
Java is searching for hierarchy file at: /mnt/NVMETank/Projects/Students/Dele/A-STUDY-INTO-THE-QUALITY-AND-USABILITY-OF-PRIVACY-FRIENDLY-SYNTHETIC-DATA/src/anonymization/anonymARXij/src/hierarchies_censusIncome/occupation.csv
Java is searching for hierarchy file at: /mnt/NVMETank/Projects/Students/Dele/A-STUDY-INTO-THE-QUALITY-AND-USABILITY-OF-PRIVACY-FRIENDLY-SYNTHETIC-DATA/src/anonymization/anonymARXij/src/hierarchies_censusIncome/workclass.csv
Java is searching for hierarchy file at: /mnt/NVMETank/Projects/Students/Dele/A-STUDY-INTO-THE-QUALITY-AND-USABILITY-OF-PRIVACY-FRIENDLY-SYNTHETIC-DATA/src/anonymization/anonymARXij/src/hierarchies_censusIncome/native-country.csv
Java is searching for hierarchy file at: /mnt/NVMETank/Projects/Students/Dele/A-STUDY-INTO-THE-QUALITY-AND-USABILITY-OF-PRIVACY-FRIENDLY-SYNTHETIC-DATA/src/anonymization/anonymARXij/src/hierarchies_censusIncome/race.csv
Java is searching for hierarchy file at: /mnt/NVMETank/Projects/Students/Dele/A-STUDY-INTO-THE-QUALITY-AND-USABILITY-OF-PRIVACY-FRIENDLY-SYNTHETIC-DATA/src/anonymization/anonymARXij/src/hierarchies_censusIncome/sex.csv
Java is searching for hierarchy file at: /mnt/NVMETank/Projects/Students/Dele/A-STUDY-INTO-THE-QUALITY-AND-USABILITY-OF-PRIVACY-FRIENDLY-SYNTHETIC-DATA/src/anonymization/anonymARXij/src/hierarchies_censusIncome/marital-status.csv
Java is searching for hierarchy file at: /mnt/NVMETank/Projects/Students/Dele/A-STUDY-INTO-THE-QUALITY-AND-USABILITY-OF-PRIVACY-FRIENDLY-SYNTHETIC-DATA/src/anonymization/anonymARXij/src/hierarchies_censusIncome/age.csv
✓ Applied Distinct L-Diversity on: income (l=2)
🔹 Privacy Models Configured
📂 Anonymized Output Path (from args): /mnt/NVMETank/Projects/Students/Dele/A-STUDY-INTO-THE-QUALITY-AND-USABILITY-OF-PRIVACY-FRIENDLY-SYNTHETIC-DATA/datasets/anonymized/censusIncome_k200_l2_sup30_anonymized.csv
📂 Anonymized Output Path: /mnt/NVMETank/Projects/Students/Dele/A-STUDY-INTO-THE-QUALITY-AND-USABILITY-OF-PRIVACY-FRIENDLY-SYNTHETIC-DATA/datasets/anonymized/censusIncome_k200_l2_sup30_anonymized.csv
✅ Anonymization completed. Output saved to: /mnt/NVMETank/Projects/Students/Dele/A-STUDY-INTO-THE-QUALITY-AND-USABILITY-OF-PRIVACY-FRIENDLY-SYNTHETIC-DATA/datasets/anonymized/censusIncome_k200_l2_sup30_anonymized.csv
Anonymized Data Quality Metrics:
 - Ambiguity: 0.8575804877393718
 - AECS: 0.9762140608002675
 - Discernibility: 0.8051380381013199
 - Granularity: 0.5321418674160168
 - MSE: 0.47345832901586893
 - Non-Uniform Entropy: 0.25340832446667905
 - Precision: 0.39061911586736886
 - Record-level SE: 0.46096024722567286
Equivalence Class Statistics:
 - Number of Classes: 36
 - Average Class Size: 931.0555555555555
Suppression Statistics:
 - Suppressed Records: 5555
 - Suppression Percentage: 14.22%
2025-05-08 11:31:34,341 - INFO - Anonymized data saved to: /mnt/NVMETank/Projects/Students/Dele/A-STUDY-INTO-THE-QUALITY-AND-USABILITY-OF-PRIVACY-FRIENDLY-SYNTHETIC-DATA/datasets/anonymized/censusIncome_k200_l2_sup30_anonymized.csv
2025-05-08 11:31:34,507 - INFO - Anonymous data report saved at: outputs/batch/censusIncome_batch_2025-05-08_10-04-54/censusIncome_anon_k200_sl0p3_l2/anonymous_data_report.txt
2025-05-08 11:31:34,507 - INFO -  [POSTPROCESSING] Postprocessing anonymized data: /mnt/NVMETank/Projects/Students/Dele/A-STUDY-INTO-THE-QUALITY-AND-USABILITY-OF-PRIVACY-FRIENDLY-SYNTHETIC-DATA/datasets/anonymized/censusIncome_k200_l2_sup30_anonymized.csv
2025-05-08 11:31:34,544 - INFO -  [POSTPROCESSING] Loaded anonymized data: (39073, 15)
2025-05-08 11:31:34,643 - INFO -  [POSTPROCESSING] Loaded fallback maps from training data. Categorical cols: 9, Numeric cols: 6
2025-05-08 11:31:34,643 - INFO -  [POSTPROCESSING] Normalizing anonymized data using ARX artifact cleaning and fallback values.
2025-05-08 11:31:35,875 - INFO -  [POSTPROCESSING] Normalized anonymized data saved to: /mnt/NVMETank/Projects/Students/Dele/A-STUDY-INTO-THE-QUALITY-AND-USABILITY-OF-PRIVACY-FRIENDLY-SYNTHETIC-DATA/datasets/anonymized/censusIncome_k200_l2_sup30_anonymized_processed.csv
2025-05-08 11:31:35,984 - INFO -  [POSTPROCESSING] Binary Encoding applied to anonymized data. Encoded shape: (39073, 37)
2025-05-08 11:31:36,144 - INFO -  [POSTPROCESSING] Encoded anonymized dataset saved to: /mnt/NVMETank/Projects/Students/Dele/A-STUDY-INTO-THE-QUALITY-AND-USABILITY-OF-PRIVACY-FRIENDLY-SYNTHETIC-DATA/datasets/anonymized/censusIncome_k200_l2_sup30_anonymized_encoded.csv
2025-05-08 11:31:36,145 - INFO -  [POSTPROCESSING] Encoding map generated for anonymized data: 0 original categorical columns.
2025-05-08 11:31:36,148 - INFO - Postprocessing report saved at: outputs/batch/censusIncome_batch_2025-05-08_10-04-54/censusIncome_anon_k200_sl0p3_l2/postprocessing_report.txt
2025-05-08 11:31:36,148 - INFO - enable_synthetic_generation = False
2025-05-08 11:31:36,148 - INFO - Synthetic Data Generation Skipped (Disabled in Configuration).
2025-05-08 11:31:36,148 - INFO - Hybrid Pipeline skipped (disabled in configuration).
2025-05-08 11:31:36,148 - INFO - Starting Utility...
2025-05-08 11:31:36,149 - INFO - [UTILITY] Preparing datasets for machine learning...
2025-05-08 11:31:36,151 - INFO - [UTILITY] Original Data - Training Size: 39073, Testing Size: 9769
2025-05-08 11:31:36,153 - INFO - [UTILITY] Target class distribution (Original): {'<=50K': 19775, '<=50K.': 9948, '>50K': 6273, '>50K.': 3077}
2025-05-08 11:31:36,154 - INFO - [UTILITY] Processing anonymized dataset...
2025-05-08 11:31:36,156 - INFO - [UTILITY] Anonymized Data - Training Size: 39073
2025-05-08 11:31:36,158 - INFO - [UTILITY] Target class distribution (Anonymous): {'<=50K': 19775, '<=50K.': 9948, '>50K': 6273, '>50K.': 3077}
2025-05-08 11:31:36,158 - INFO - [UTILITY] Training models on all datasets...
2025-05-08 11:31:36,158 - INFO - [UTILITY] Total datasets used for training: 2
2025-05-08 11:31:36,158 - INFO - [TRAINING] Training models from scratch...
2025-05-08 11:31:36,158 - INFO - [TRAINING] Starting training for dataset: Original — Rows: 39073, Features: 36
2025-05-08 11:31:36,158 - INFO - [TRAINING] Training DecisionTree on Original...
2025-05-08 11:31:36,496 - INFO - [TRAINING] DecisionTree trained successfully on Original in 0.34 sec
2025-05-08 11:31:36,496 - INFO - [TRAINING] Training KNN on Original...
2025-05-08 11:31:36,521 - INFO - [TRAINING] KNN trained successfully on Original in 0.03 sec
2025-05-08 11:31:36,521 - INFO - [TRAINING] Training LogisticRegression on Original...
2025-05-08 11:31:37,287 - INFO - [TRAINING] LogisticRegression trained successfully on Original in 0.77 sec
2025-05-08 11:31:37,287 - INFO - [TRAINING] Training RandomForest on Original...
2025-05-08 11:31:41,606 - INFO - [TRAINING] RandomForest trained successfully on Original in 4.32 sec
2025-05-08 11:31:41,606 - INFO - [TRAINING] Training SVM on Original...
2025-05-08 11:32:22,890 - INFO - [TRAINING] SVM trained successfully on Original in 41.28 sec
2025-05-08 11:32:22,890 - INFO - [TRAINING] Finished training 5 model(s) for dataset: Original
2025-05-08 11:32:22,890 - INFO - [TRAINING] Starting training for dataset: Anonymous — Rows: 39073, Features: 36
2025-05-08 11:32:22,890 - INFO - [TRAINING] Training DecisionTree on Anonymous...
2025-05-08 11:32:23,175 - INFO - [TRAINING] DecisionTree trained successfully on Anonymous in 0.28 sec
2025-05-08 11:32:23,175 - INFO - [TRAINING] Training KNN on Anonymous...
2025-05-08 11:32:23,246 - INFO - [TRAINING] KNN trained successfully on Anonymous in 0.07 sec
2025-05-08 11:32:23,246 - INFO - [TRAINING] Training LogisticRegression on Anonymous...
2025-05-08 11:32:24,584 - INFO - [TRAINING] LogisticRegression trained successfully on Anonymous in 1.34 sec
2025-05-08 11:32:24,584 - INFO - [TRAINING] Training RandomForest on Anonymous...
2025-05-08 11:32:28,681 - INFO - [TRAINING] RandomForest trained successfully on Anonymous in 4.10 sec
2025-05-08 11:32:28,681 - INFO - [TRAINING] Training SVM on Anonymous...
2025-05-08 11:33:16,225 - INFO - [TRAINING] SVM trained successfully on Anonymous in 47.54 sec
2025-05-08 11:33:16,225 - INFO - [TRAINING] Finished training 5 model(s) for dataset: Anonymous
2025-05-08 11:33:16,225 - INFO - [TRAINING] Total models trained across all datasets: 10
2025-05-08 11:33:16,225 - INFO - [UTILITY] Trained model names: ['Original', 'Anonymous']
2025-05-08 11:33:16,225 - INFO - [UTILITY] Model Training Completed.
2025-05-08 11:33:16,226 - INFO - Starting the Evaluating of models...
2025-05-08 11:33:16,226 - INFO - Preparing evaluation for model 'DecisionTree' across all datasets...
2025-05-08 11:33:16,226 - INFO - Evaluating DecisionTree on Original...
2025-05-08 11:33:16,232 - INFO - Predictions completed for DecisionTree on Original
2025-05-08 11:33:16,233 - INFO - Prediction distribution for DecisionTree on Original: {'<=50K': 4749, '<=50K.': 2534, '>50K': 1627, '>50K.': 859}
2025-05-08 11:33:16,344 - INFO - Computed 8 metric(s) for DecisionTree on Original
2025-05-08 11:33:16,344 - INFO - Evaluating DecisionTree on Anonymous...
2025-05-08 11:33:16,349 - INFO - Predictions completed for DecisionTree on Anonymous
2025-05-08 11:33:16,350 - INFO - Prediction distribution for DecisionTree on Anonymous: {'<=50K': 4894, '<=50K.': 2620, '>50K': 1399, '>50K.': 856}
2025-05-08 11:33:16,458 - INFO - Computed 8 metric(s) for DecisionTree on Anonymous
2025-05-08 11:33:16,458 - INFO - Preparing evaluation for model 'KNN' across all datasets...
2025-05-08 11:33:16,458 - INFO - Evaluating KNN on Original...
2025-05-08 11:33:20,822 - INFO - Predictions completed for KNN on Original
2025-05-08 11:33:20,823 - INFO - Prediction distribution for KNN on Original: {'<=50K': 7038, '<=50K.': 1542, '>50K': 1005, '>50K.': 184}
2025-05-08 11:33:28,125 - INFO - Computed 8 metric(s) for KNN on Original
2025-05-08 11:33:28,125 - INFO - Evaluating KNN on Anonymous...
2025-05-08 11:33:31,100 - INFO - Predictions completed for KNN on Anonymous
2025-05-08 11:33:31,100 - INFO - Prediction distribution for KNN on Anonymous: {'<=50K': 7133, '<=50K.': 1533, '>50K': 927, '>50K.': 176}
2025-05-08 11:33:36,815 - INFO - Computed 8 metric(s) for KNN on Anonymous
2025-05-08 11:33:36,815 - INFO - Preparing evaluation for model 'LogisticRegression' across all datasets...
2025-05-08 11:33:36,815 - INFO - Evaluating LogisticRegression on Original...
2025-05-08 11:33:36,818 - INFO - Predictions completed for LogisticRegression on Original
2025-05-08 11:33:36,819 - INFO - Prediction distribution for LogisticRegression on Original: {'<=50K': 7883, '>50K': 1884, '>50K.': 2}
2025-05-08 11:33:36,843 - WARNING - [UndefinedMetricWarning] Precision is ill-defined and being set to 0.0 in labels with no predicted samples. Use `zero_division` parameter to control this behavior. (from /mnt/NVMETank/Projects/Students/Dele/A-STUDY-INTO-THE-QUALITY-AND-USABILITY-OF-PRIVACY-FRIENDLY-SYNTHETIC-DATA/.venv/lib/python3.12/site-packages/sklearn/metrics/_classification.py:1565)
2025-05-08 11:33:36,864 - WARNING - [UndefinedMetricWarning] Precision is ill-defined and being set to 0.0 in labels with no predicted samples. Use `zero_division` parameter to control this behavior. (from /mnt/NVMETank/Projects/Students/Dele/A-STUDY-INTO-THE-QUALITY-AND-USABILITY-OF-PRIVACY-FRIENDLY-SYNTHETIC-DATA/.venv/lib/python3.12/site-packages/sklearn/metrics/_classification.py:1565)
2025-05-08 11:33:36,882 - WARNING - [UndefinedMetricWarning] Precision is ill-defined and being set to 0.0 in labels with no predicted samples. Use `zero_division` parameter to control this behavior. (from /mnt/NVMETank/Projects/Students/Dele/A-STUDY-INTO-THE-QUALITY-AND-USABILITY-OF-PRIVACY-FRIENDLY-SYNTHETIC-DATA/.venv/lib/python3.12/site-packages/sklearn/metrics/_classification.py:1565)
2025-05-08 11:33:36,932 - INFO - Computed 8 metric(s) for LogisticRegression on Original
2025-05-08 11:33:36,932 - INFO - Evaluating LogisticRegression on Anonymous...
2025-05-08 11:33:36,936 - INFO - Predictions completed for LogisticRegression on Anonymous
2025-05-08 11:33:36,937 - INFO - Prediction distribution for LogisticRegression on Anonymous: {'<=50K': 8690, '>50K': 1079}
2025-05-08 11:33:36,964 - WARNING - [UndefinedMetricWarning] Precision is ill-defined and being set to 0.0 in labels with no predicted samples. Use `zero_division` parameter to control this behavior. (from /mnt/NVMETank/Projects/Students/Dele/A-STUDY-INTO-THE-QUALITY-AND-USABILITY-OF-PRIVACY-FRIENDLY-SYNTHETIC-DATA/.venv/lib/python3.12/site-packages/sklearn/metrics/_classification.py:1565)
2025-05-08 11:33:36,986 - WARNING - [UndefinedMetricWarning] Precision is ill-defined and being set to 0.0 in labels with no predicted samples. Use `zero_division` parameter to control this behavior. (from /mnt/NVMETank/Projects/Students/Dele/A-STUDY-INTO-THE-QUALITY-AND-USABILITY-OF-PRIVACY-FRIENDLY-SYNTHETIC-DATA/.venv/lib/python3.12/site-packages/sklearn/metrics/_classification.py:1565)
2025-05-08 11:33:37,009 - WARNING - [UndefinedMetricWarning] Precision is ill-defined and being set to 0.0 in labels with no predicted samples. Use `zero_division` parameter to control this behavior. (from /mnt/NVMETank/Projects/Students/Dele/A-STUDY-INTO-THE-QUALITY-AND-USABILITY-OF-PRIVACY-FRIENDLY-SYNTHETIC-DATA/.venv/lib/python3.12/site-packages/sklearn/metrics/_classification.py:1565)
2025-05-08 11:33:37,062 - INFO - Computed 8 metric(s) for LogisticRegression on Anonymous
2025-05-08 11:33:37,062 - INFO - Preparing evaluation for model 'RandomForest' across all datasets...
2025-05-08 11:33:37,062 - INFO - Evaluating RandomForest on Original...
2025-05-08 11:33:37,312 - INFO - Predictions completed for RandomForest on Original
2025-05-08 11:33:37,313 - INFO - Prediction distribution for RandomForest on Original: {'<=50K': 6652, '>50K': 1687, '<=50K.': 1099, '>50K.': 331}
2025-05-08 11:33:37,907 - INFO - Computed 8 metric(s) for RandomForest on Original
2025-05-08 11:33:37,907 - INFO - Evaluating RandomForest on Anonymous...
2025-05-08 11:33:38,104 - INFO - Predictions completed for RandomForest on Anonymous
2025-05-08 11:33:38,105 - INFO - Prediction distribution for RandomForest on Anonymous: {'<=50K': 6785, '>50K': 1412, '<=50K.': 1293, '>50K.': 279}
2025-05-08 11:33:38,600 - INFO - Computed 8 metric(s) for RandomForest on Anonymous
2025-05-08 11:33:38,601 - INFO - Preparing evaluation for model 'SVM' across all datasets...
2025-05-08 11:33:38,601 - INFO - Evaluating SVM on Original...
2025-05-08 11:33:51,324 - INFO - Predictions completed for SVM on Original
2025-05-08 11:33:51,325 - INFO - Prediction distribution for SVM on Original: {'<=50K': 9395, '>50K': 374}
2025-05-08 11:33:51,347 - WARNING - [UndefinedMetricWarning] Precision is ill-defined and being set to 0.0 in labels with no predicted samples. Use `zero_division` parameter to control this behavior. (from /mnt/NVMETank/Projects/Students/Dele/A-STUDY-INTO-THE-QUALITY-AND-USABILITY-OF-PRIVACY-FRIENDLY-SYNTHETIC-DATA/.venv/lib/python3.12/site-packages/sklearn/metrics/_classification.py:1565)
2025-05-08 11:33:51,365 - WARNING - [UndefinedMetricWarning] Precision is ill-defined and being set to 0.0 in labels with no predicted samples. Use `zero_division` parameter to control this behavior. (from /mnt/NVMETank/Projects/Students/Dele/A-STUDY-INTO-THE-QUALITY-AND-USABILITY-OF-PRIVACY-FRIENDLY-SYNTHETIC-DATA/.venv/lib/python3.12/site-packages/sklearn/metrics/_classification.py:1565)
2025-05-08 11:33:51,383 - WARNING - [UndefinedMetricWarning] Precision is ill-defined and being set to 0.0 in labels with no predicted samples. Use `zero_division` parameter to control this behavior. (from /mnt/NVMETank/Projects/Students/Dele/A-STUDY-INTO-THE-QUALITY-AND-USABILITY-OF-PRIVACY-FRIENDLY-SYNTHETIC-DATA/.venv/lib/python3.12/site-packages/sklearn/metrics/_classification.py:1565)
2025-05-08 11:33:51,398 - INFO - Computed 8 metric(s) for SVM on Original
2025-05-08 11:33:51,398 - INFO - Evaluating SVM on Anonymous...
2025-05-08 11:34:05,557 - INFO - Predictions completed for SVM on Anonymous
2025-05-08 11:34:05,558 - INFO - Prediction distribution for SVM on Anonymous: {'<=50K': 9395, '>50K': 374}
2025-05-08 11:34:05,581 - WARNING - [UndefinedMetricWarning] Precision is ill-defined and being set to 0.0 in labels with no predicted samples. Use `zero_division` parameter to control this behavior. (from /mnt/NVMETank/Projects/Students/Dele/A-STUDY-INTO-THE-QUALITY-AND-USABILITY-OF-PRIVACY-FRIENDLY-SYNTHETIC-DATA/.venv/lib/python3.12/site-packages/sklearn/metrics/_classification.py:1565)
2025-05-08 11:34:05,598 - WARNING - [UndefinedMetricWarning] Precision is ill-defined and being set to 0.0 in labels with no predicted samples. Use `zero_division` parameter to control this behavior. (from /mnt/NVMETank/Projects/Students/Dele/A-STUDY-INTO-THE-QUALITY-AND-USABILITY-OF-PRIVACY-FRIENDLY-SYNTHETIC-DATA/.venv/lib/python3.12/site-packages/sklearn/metrics/_classification.py:1565)
2025-05-08 11:34:05,616 - WARNING - [UndefinedMetricWarning] Precision is ill-defined and being set to 0.0 in labels with no predicted samples. Use `zero_division` parameter to control this behavior. (from /mnt/NVMETank/Projects/Students/Dele/A-STUDY-INTO-THE-QUALITY-AND-USABILITY-OF-PRIVACY-FRIENDLY-SYNTHETIC-DATA/.venv/lib/python3.12/site-packages/sklearn/metrics/_classification.py:1565)
2025-05-08 11:34:05,631 - INFO - Computed 8 metric(s) for SVM on Anonymous
2025-05-08 11:34:05,635 - INFO - Evaluation completed for all models.
2025-05-08 11:34:05,635 - INFO - Model evaluation completed in 49.41 seconds.
2025-05-08 11:34:05,637 - INFO - Evaluated models: ['DecisionTree', 'KNN', 'LogisticRegression', 'RandomForest', 'SVM']
2025-05-08 11:34:05,637 - INFO - Model Training and Evaluation completed.
2025-05-08 11:34:06,106 - INFO -  Visualizations saved.
2025-05-08 11:34:06,106 - INFO -  Benchmarking Completed. Results saved in output folder.
