2025-05-08 13:18:02,530 - INFO - Loaded config file: configs/generated_configs/bankMarketing/bankMarketing_synth_ep100_rows5x.yaml
2025-05-08 13:18:02,530 - INFO -  Benchmarking started for dataset: bankMarketing
2025-05-08 13:18:02,530 - INFO - Using dataset path: /mnt/NVMETank/Projects/Students/Dele/A-STUDY-INTO-THE-QUALITY-AND-USABILITY-OF-PRIVACY-FRIENDLY-SYNTHETIC-DATA/datasets/original/bankMarketing.csv
2025-05-08 13:18:02,530 - INFO - Target column: y, separator: ';'
2025-05-08 13:18:02,530 - INFO - Configuration loaded: enable_anonymization = False, enable_synthesis = True, enable_hybrid = False, enable_utility = True, delete_after_evaluation = False
2025-05-08 13:18:02,530 - INFO - Running preprocessing...
2025-05-08 13:18:02,535 - INFO - [PREPROCESSING] No preprocessed files found. Starting full preprocessing pipeline...
2025-05-08 13:18:02,590 - INFO - [PREPROCESSING] Dropped excluded columns: ['duration']
2025-05-08 13:18:02,611 - INFO - [PREPROCESSING] Missing value handling strategy: 'drop' applied.
2025-05-08 13:18:02,642 - INFO - [PREPROCESSING] Split data into train (36168 rows) and test (9043 rows). Test size: 0.2
2025-05-08 13:18:03,267 - INFO -  [PREPROCESSING] Saved raw train set to: datasets/train/bankMarketing_train_raw.csv
2025-05-08 13:18:03,267 - INFO -  [PREPROCESSING] Saved encoder to: artifacts/bankMarketing_binary_encoder.pkl
2025-05-08 13:18:03,267 - INFO -  [PREPROCESSING]Saved encoded train set to: datasets/cleaned/bankMarketing_cleaned.csv
2025-05-08 13:18:03,267 - INFO -  [PREPROCESSING] Saved encoded test set to: datasets/test/bankMarketing_test_set.csv
2025-05-08 13:18:03,267 - INFO - [PREPROCESSING] run_preprocessing finished executing.
2025-05-08 13:18:03,296 - INFO - Preprocessing completed. Rows before: 45211, after: 36168
2025-05-08 13:18:03,296 - INFO - Preprocessed data saved to: outputs/batch/bankMarketing_batch_2025-05-08_13-17-59/bankMarketing_synth_ep100_rows5x/preprocessing_report.txt
2025-05-08 13:18:03,296 - INFO - enable_anonymization = False
2025-05-08 13:18:03,296 - INFO - Anonymization Skipped (Disabled in Configuration).
2025-05-08 13:18:03,296 - INFO - enable_synthetic_generation = True
2025-05-08 13:18:03,296 - INFO - Starting standard Synthetic Data Generation pipeline...
2025-05-08 13:18:03,296 - INFO - Executing run_synthetic.....
2025-05-08 13:18:03,296 - INFO - [SYNTHETIC PIPELINE] executing run_synthetic for bankMarketing...
2025-05-08 13:18:03,296 - INFO - [SYNTHETIC] Processing dataset: bankMarketing
2025-05-08 13:18:03,296 - INFO - [SYNTHETIC] Original dataset size: 36168 rows
2025-05-08 13:18:03,382 - INFO - Detected metadata:
2025-05-08 13:18:03,382 - INFO - {
    "METADATA_SPEC_VERSION": "SINGLE_TABLE_V1",
    "columns": {
        "age": {
            "sdtype": "numerical"
        },
        "job_0": {
            "sdtype": "categorical"
        },
        "job_1": {
            "sdtype": "categorical"
        },
        "job_2": {
            "sdtype": "categorical"
        },
        "job_3": {
            "sdtype": "categorical"
        },
        "marital_0": {
            "sdtype": "categorical"
        },
        "marital_1": {
            "sdtype": "categorical"
        },
        "education_0": {
            "sdtype": "categorical"
        },
        "education_1": {
            "sdtype": "categorical"
        },
        "education_2": {
            "sdtype": "categorical"
        },
        "default_0": {
            "sdtype": "categorical"
        },
        "default_1": {
            "sdtype": "categorical"
        },
        "balance": {
            "sdtype": "numerical"
        },
        "housing_0": {
            "sdtype": "categorical"
        },
        "housing_1": {
            "sdtype": "categorical"
        },
        "loan_0": {
            "sdtype": "categorical"
        },
        "loan_1": {
            "sdtype": "categorical"
        },
        "contact_0": {
            "sdtype": "categorical"
        },
        "contact_1": {
            "sdtype": "categorical"
        },
        "day": {
            "sdtype": "numerical"
        },
        "month_0": {
            "sdtype": "categorical"
        },
        "month_1": {
            "sdtype": "categorical"
        },
        "month_2": {
            "sdtype": "categorical"
        },
        "month_3": {
            "sdtype": "categorical"
        },
        "campaign": {
            "sdtype": "numerical"
        },
        "pdays": {
            "sdtype": "numerical"
        },
        "previous": {
            "sdtype": "numerical"
        },
        "poutcome_0": {
            "sdtype": "categorical"
        },
        "poutcome_1": {
            "sdtype": "categorical"
        },
        "poutcome_2": {
            "sdtype": "categorical"
        },
        "y": {
            "sdtype": "categorical"
        }
    }
}
2025-05-08 13:18:03,384 - INFO - [SYNTHETIC] Preparing synthesizer: CTGAN
2025-05-08 13:18:03,384 - INFO - [SYNTHETIC] Params from config: {'epochs': 100}
2025-05-08 13:18:03,384 - INFO -  [SYNTHETIC] No pre-trained synthesizer found
2025-05-08 13:18:03,384 - INFO - [SYNTHETIC] Training new CTGAN synthesizer from scratch...
2025-05-08 13:18:03,384 - WARNING - [FutureWarning] The 'SingleTableMetadata' is deprecated. Please use the new 'Metadata' class for synthesizers. (from /mnt/NVMETank/Projects/Students/Dele/A-STUDY-INTO-THE-QUALITY-AND-USABILITY-OF-PRIVACY-FRIENDLY-SYNTHETIC-DATA/.venv/lib/python3.12/site-packages/sdv/single_table/base.py:119)
2025-05-08 13:18:03,384 - WARNING - [UserWarning] We strongly recommend saving the metadata using 'save_to_json' for replicability in future SDV versions. (from /mnt/NVMETank/Projects/Students/Dele/A-STUDY-INTO-THE-QUALITY-AND-USABILITY-OF-PRIVACY-FRIENDLY-SYNTHETIC-DATA/.venv/lib/python3.12/site-packages/sdv/single_table/base.py:104)
2025-05-08 13:18:03,398 - INFO - {'EVENT': 'Instance', 'TIMESTAMP': datetime.datetime(2025, 5, 8, 13, 18, 3, 398172), 'SYNTHESIZER CLASS NAME': 'CTGANSynthesizer', 'SYNTHESIZER ID': 'CTGANSynthesizer_1.18.0_b3c9b4f8689a46b09d2173db5ee3f1ec'}
2025-05-08 13:18:03,398 - INFO - [SYNTHETIC] CTGAN initialized with epochs: 100
2025-05-08 13:18:03,398 - INFO - [SYNTHETIC] Training parameters for CTGAN: {}
2025-05-08 13:18:03,398 - INFO - [SYNTHETIC] fitting CTGAN 
2025-05-08 13:18:03,398 - INFO - {'EVENT': 'Fit', 'TIMESTAMP': datetime.datetime(2025, 5, 8, 13, 18, 3, 398460), 'SYNTHESIZER CLASS NAME': 'CTGANSynthesizer', 'SYNTHESIZER ID': 'CTGANSynthesizer_1.18.0_b3c9b4f8689a46b09d2173db5ee3f1ec', 'TOTAL NUMBER OF TABLES': 1, 'TOTAL NUMBER OF ROWS': 36168, 'TOTAL NUMBER OF COLUMNS': 31}
2025-05-08 13:18:03,620 - INFO - Fitting table  metadata
2025-05-08 13:18:03,622 - INFO - Fitting formatters for table 
2025-05-08 13:18:03,633 - INFO - Fitting constraints for table 
2025-05-08 13:18:03,633 - INFO - Setting the configuration for the ``HyperTransformer`` for table 
2025-05-08 13:18:03,636 - INFO - Fitting HyperTransformer for table 
2025-05-08 13:18:03,722 - INFO - {'EVENT': 'Fit processed data', 'TIMESTAMP': datetime.datetime(2025, 5, 8, 13, 18, 3, 722192), 'SYNTHESIZER CLASS NAME': 'CTGANSynthesizer', 'SYNTHESIZER ID': 'CTGANSynthesizer_1.18.0_b3c9b4f8689a46b09d2173db5ee3f1ec', 'TOTAL NUMBER OF TABLES': 1, 'TOTAL NUMBER OF ROWS': 36168, 'TOTAL NUMBER OF COLUMNS': 31}
2025-05-08 13:18:03,760 - INFO - Guidance: There are no missing values in column age. Extra column not created.
2025-05-08 13:20:02,812 - INFO - Guidance: There are no missing values in column balance. Extra column not created.
2025-05-08 13:22:23,964 - INFO - Guidance: There are no missing values in column day. Extra column not created.
2025-05-08 13:24:57,547 - INFO - Guidance: There are no missing values in column campaign. Extra column not created.
2025-05-08 13:27:16,123 - INFO - Guidance: There are no missing values in column pdays. Extra column not created.
2025-05-08 13:29:45,410 - INFO - Guidance: There are no missing values in column previous. Extra column not created.
2025-05-08 13:47:16,309 - INFO - [SYNTHETIC] Fitting complete for CTGAN. Duration: 1752.91 seconds.
2025-05-08 13:47:16,314 - INFO - [SYNTHETIC] CONFIRMATION CTGAN actually trained with epochs = 100
2025-05-08 13:47:16,314 - INFO - {'EVENT': 'Save', 'TIMESTAMP': datetime.datetime(2025, 5, 8, 13, 47, 16, 314597), 'SYNTHESIZER CLASS NAME': 'CTGANSynthesizer', 'SYNTHESIZER ID': 'CTGANSynthesizer_1.18.0_b3c9b4f8689a46b09d2173db5ee3f1ec'}
2025-05-08 13:47:16,465 - INFO - [SYNTHETIC] CTGAN trained and saved.
2025-05-08 13:47:16,465 - INFO - [SYNTHETIC] Preparing synthesizer: TVAE
2025-05-08 13:47:16,465 - INFO - [SYNTHETIC] Params from config: {'epochs': 100}
2025-05-08 13:47:16,466 - INFO -  [SYNTHETIC] No pre-trained synthesizer found
2025-05-08 13:47:16,470 - INFO - [SYNTHETIC] Training new TVAE synthesizer from scratch...
2025-05-08 13:47:16,470 - WARNING - [FutureWarning] The 'SingleTableMetadata' is deprecated. Please use the new 'Metadata' class for synthesizers. (from /mnt/NVMETank/Projects/Students/Dele/A-STUDY-INTO-THE-QUALITY-AND-USABILITY-OF-PRIVACY-FRIENDLY-SYNTHETIC-DATA/.venv/lib/python3.12/site-packages/sdv/single_table/base.py:119)
2025-05-08 13:47:16,489 - INFO - {'EVENT': 'Instance', 'TIMESTAMP': datetime.datetime(2025, 5, 8, 13, 47, 16, 489299), 'SYNTHESIZER CLASS NAME': 'TVAESynthesizer', 'SYNTHESIZER ID': 'TVAESynthesizer_1.18.0_1dee3f73e792466ca42a15eab1252157'}
2025-05-08 13:47:16,493 - INFO - [SYNTHETIC] TVAE initialized with epochs: 100
2025-05-08 13:47:16,493 - INFO - [SYNTHETIC] Training parameters for TVAE: {}
2025-05-08 13:47:16,493 - INFO - [SYNTHETIC] fitting TVAE 
2025-05-08 13:47:16,493 - INFO - {'EVENT': 'Fit', 'TIMESTAMP': datetime.datetime(2025, 5, 8, 13, 47, 16, 493435), 'SYNTHESIZER CLASS NAME': 'TVAESynthesizer', 'SYNTHESIZER ID': 'TVAESynthesizer_1.18.0_1dee3f73e792466ca42a15eab1252157', 'TOTAL NUMBER OF TABLES': 1, 'TOTAL NUMBER OF ROWS': 36168, 'TOTAL NUMBER OF COLUMNS': 31}
2025-05-08 13:47:16,704 - INFO - Fitting table  metadata
2025-05-08 13:47:16,742 - INFO - Fitting formatters for table 
2025-05-08 13:47:16,756 - INFO - Fitting constraints for table 
2025-05-08 13:47:16,756 - INFO - Setting the configuration for the ``HyperTransformer`` for table 
2025-05-08 13:47:16,764 - INFO - Fitting HyperTransformer for table 
2025-05-08 13:47:16,892 - INFO - {'EVENT': 'Fit processed data', 'TIMESTAMP': datetime.datetime(2025, 5, 8, 13, 47, 16, 892012), 'SYNTHESIZER CLASS NAME': 'TVAESynthesizer', 'SYNTHESIZER ID': 'TVAESynthesizer_1.18.0_1dee3f73e792466ca42a15eab1252157', 'TOTAL NUMBER OF TABLES': 1, 'TOTAL NUMBER OF ROWS': 36168, 'TOTAL NUMBER OF COLUMNS': 31}
2025-05-08 13:47:16,901 - INFO - Guidance: There are no missing values in column age. Extra column not created.
2025-05-08 13:47:53,860 - INFO - Guidance: There are no missing values in column balance. Extra column not created.
2025-05-08 13:48:30,590 - INFO - Guidance: There are no missing values in column day. Extra column not created.
2025-05-08 13:49:07,076 - INFO - Guidance: There are no missing values in column campaign. Extra column not created.
2025-05-08 13:49:39,422 - INFO - Guidance: There are no missing values in column pdays. Extra column not created.
2025-05-08 13:50:12,202 - INFO - Guidance: There are no missing values in column previous. Extra column not created.
2025-05-08 13:52:19,675 - INFO - [SYNTHETIC] Fitting complete for TVAE. Duration: 303.18 seconds.
2025-05-08 13:52:19,679 - INFO - [SYNTHETIC] CONFIRMATION TVAE actually trained with epochs = 100
2025-05-08 13:52:19,679 - INFO - {'EVENT': 'Save', 'TIMESTAMP': datetime.datetime(2025, 5, 8, 13, 52, 19, 679178), 'SYNTHESIZER CLASS NAME': 'TVAESynthesizer', 'SYNTHESIZER ID': 'TVAESynthesizer_1.18.0_1dee3f73e792466ca42a15eab1252157'}
2025-05-08 13:52:19,758 - INFO - [SYNTHETIC] TVAE trained and saved.
2025-05-08 13:52:19,758 - INFO - [SYNTHETIC] Using CTGAN to generate 180840 rows...
2025-05-08 13:53:16,341 - INFO - {'EVENT': 'Sample', 'TIMESTAMP': datetime.datetime(2025, 5, 8, 13, 52, 19, 762069), 'SYNTHESIZER CLASS NAME': 'CTGANSynthesizer', 'SYNTHESIZER ID': 'CTGANSynthesizer_1.18.0_b3c9b4f8689a46b09d2173db5ee3f1ec', 'TOTAL NUMBER OF TABLES': 1, 'TOTAL NUMBER OF ROWS': 180840, 'TOTAL NUMBER OF COLUMNS': 31}
2025-05-08 13:53:16,345 - INFO - [SYNTHETIC] CTGAN completed: 180840 rows generated.
2025-05-08 13:53:16,361 - INFO - [SYNTHETIC] Target class distribution for CTGAN: {'no': 139742, 'yes': 41098}
2025-05-08 13:53:16,365 - INFO - [SYNTHETIC] Using TVAE to generate 180840 rows...
2025-05-08 13:53:49,488 - INFO - {'EVENT': 'Sample', 'TIMESTAMP': datetime.datetime(2025, 5, 8, 13, 53, 16, 365180), 'SYNTHESIZER CLASS NAME': 'TVAESynthesizer', 'SYNTHESIZER ID': 'TVAESynthesizer_1.18.0_1dee3f73e792466ca42a15eab1252157', 'TOTAL NUMBER OF TABLES': 1, 'TOTAL NUMBER OF ROWS': 180840, 'TOTAL NUMBER OF COLUMNS': 31}
2025-05-08 13:53:49,489 - INFO - [SYNTHETIC] TVAE completed: 180840 rows generated.
2025-05-08 13:53:49,498 - INFO - [SYNTHETIC] Target class distribution for TVAE: {'no': 173508, 'yes': 7332}
2025-05-08 13:53:49,500 - INFO - [SYNTHETIC PIPELINE] Synthetic Data Generation Completed.
2025-05-08 13:53:49,500 - INFO - [SYNTHETIC PIPELINE] Synthesizers used: ['CTGAN', 'TVAE']
2025-05-08 13:53:49,501 - INFO - [SYNTHETIC PIPELINE] Evaluating synthetic dataset generated by CTGAN...
2025-05-08 13:53:49,501 - INFO - [SYNTHETIC EVAL] Real data columns     (31): ['age', 'job_0', 'job_1', 'job_2', 'job_3', 'marital_0', 'marital_1', 'education_0', 'education_1', 'education_2', 'default_0', 'default_1', 'balance', 'housing_0', 'housing_1', 'loan_0', 'loan_1', 'contact_0', 'contact_1', 'day', 'month_0', 'month_1', 'month_2', 'month_3', 'campaign', 'pdays', 'previous', 'poutcome_0', 'poutcome_1', 'poutcome_2', 'y']
2025-05-08 13:53:49,501 - INFO - [SYNTHETIC EVAL] Synthetic data columns (31): ['age', 'job_0', 'job_1', 'job_2', 'job_3', 'marital_0', 'marital_1', 'education_0', 'education_1', 'education_2', 'default_0', 'default_1', 'balance', 'housing_0', 'housing_1', 'loan_0', 'loan_1', 'contact_0', 'contact_1', 'day', 'month_0', 'month_1', 'month_2', 'month_3', 'campaign', 'pdays', 'previous', 'poutcome_0', 'poutcome_1', 'poutcome_2', 'y']
2025-05-08 13:53:49,501 - INFO - [SYNTHETIC EVAL] Metadata columns      (31): ['age', 'job_0', 'job_1', 'job_2', 'job_3', 'marital_0', 'marital_1', 'education_0', 'education_1', 'education_2', 'default_0', 'default_1', 'balance', 'housing_0', 'housing_1', 'loan_0', 'loan_1', 'contact_0', 'contact_1', 'day', 'month_0', 'month_1', 'month_2', 'month_3', 'campaign', 'pdays', 'previous', 'poutcome_0', 'poutcome_1', 'poutcome_2', 'y']
2025-05-08 13:53:49,501 - INFO - [SYNTHETIC EVAL] Shape — Real: (36168, 31), Synthetic: (180840, 31)
2025-05-08 13:53:49,501 - INFO - [SYNTHETIC EVAL] Metadata structure:
{
  "METADATA_SPEC_VERSION": "SINGLE_TABLE_V1",
  "columns": {
    "age": {
      "sdtype": "numerical"
    },
    "job_0": {
      "sdtype": "categorical"
    },
    "job_1": {
      "sdtype": "categorical"
    },
    "job_2": {
      "sdtype": "categorical"
    },
    "job_3": {
      "sdtype": "categorical"
    },
    "marital_0": {
      "sdtype": "categorical"
    },
    "marital_1": {
      "sdtype": "categorical"
    },
    "education_0": {
      "sdtype": "categorical"
    },
    "education_1": {
      "sdtype": "categorical"
    },
    "education_2": {
      "sdtype": "categorical"
    },
    "default_0": {
      "sdtype": "categorical"
    },
    "default_1": {
      "sdtype": "categorical"
    },
    "balance": {
      "sdtype": "numerical"
    },
    "housing_0": {
      "sdtype": "categorical"
    },
    "housing_1": {
      "sdtype": "categorical"
    },
    "loan_0": {
      "sdtype": "categorical"
    },
    "loan_1": {
      "sdtype": "categorical"
    },
    "contact_0": {
      "sdtype": "categorical"
    },
    "contact_1": {
      "sdtype": "categorical"
    },
    "day": {
      "sdtype": "numerical"
    },
    "month_0": {
      "sdtype": "categorical"
    },
    "month_1": {
      "sdtype": "categorical"
    },
    "month_2": {
      "sdtype": "categorical"
    },
    "month_3": {
      "sdtype": "categorical"
    },
    "campaign": {
      "sdtype": "numerical"
    },
    "pdays": {
      "sdtype": "numerical"
    },
    "previous": {
      "sdtype": "numerical"
    },
    "poutcome_0": {
      "sdtype": "categorical"
    },
    "poutcome_1": {
      "sdtype": "categorical"
    },
    "poutcome_2": {
      "sdtype": "categorical"
    },
    "y": {
      "sdtype": "categorical"
    }
  }
}
2025-05-08 13:53:55,736 - INFO - [SYNTHETIC PIPELINE] Evaluating synthetic dataset generated by TVAE...
2025-05-08 13:53:55,737 - INFO - [SYNTHETIC EVAL] Real data columns     (31): ['age', 'job_0', 'job_1', 'job_2', 'job_3', 'marital_0', 'marital_1', 'education_0', 'education_1', 'education_2', 'default_0', 'default_1', 'balance', 'housing_0', 'housing_1', 'loan_0', 'loan_1', 'contact_0', 'contact_1', 'day', 'month_0', 'month_1', 'month_2', 'month_3', 'campaign', 'pdays', 'previous', 'poutcome_0', 'poutcome_1', 'poutcome_2', 'y']
2025-05-08 13:53:55,737 - INFO - [SYNTHETIC EVAL] Synthetic data columns (31): ['age', 'job_0', 'job_1', 'job_2', 'job_3', 'marital_0', 'marital_1', 'education_0', 'education_1', 'education_2', 'default_0', 'default_1', 'balance', 'housing_0', 'housing_1', 'loan_0', 'loan_1', 'contact_0', 'contact_1', 'day', 'month_0', 'month_1', 'month_2', 'month_3', 'campaign', 'pdays', 'previous', 'poutcome_0', 'poutcome_1', 'poutcome_2', 'y']
2025-05-08 13:53:55,737 - INFO - [SYNTHETIC EVAL] Metadata columns      (31): ['age', 'job_0', 'job_1', 'job_2', 'job_3', 'marital_0', 'marital_1', 'education_0', 'education_1', 'education_2', 'default_0', 'default_1', 'balance', 'housing_0', 'housing_1', 'loan_0', 'loan_1', 'contact_0', 'contact_1', 'day', 'month_0', 'month_1', 'month_2', 'month_3', 'campaign', 'pdays', 'previous', 'poutcome_0', 'poutcome_1', 'poutcome_2', 'y']
2025-05-08 13:53:55,737 - INFO - [SYNTHETIC EVAL] Shape — Real: (36168, 31), Synthetic: (180840, 31)
2025-05-08 13:53:55,737 - INFO - [SYNTHETIC EVAL] Metadata structure:
{
  "METADATA_SPEC_VERSION": "SINGLE_TABLE_V1",
  "columns": {
    "age": {
      "sdtype": "numerical"
    },
    "job_0": {
      "sdtype": "categorical"
    },
    "job_1": {
      "sdtype": "categorical"
    },
    "job_2": {
      "sdtype": "categorical"
    },
    "job_3": {
      "sdtype": "categorical"
    },
    "marital_0": {
      "sdtype": "categorical"
    },
    "marital_1": {
      "sdtype": "categorical"
    },
    "education_0": {
      "sdtype": "categorical"
    },
    "education_1": {
      "sdtype": "categorical"
    },
    "education_2": {
      "sdtype": "categorical"
    },
    "default_0": {
      "sdtype": "categorical"
    },
    "default_1": {
      "sdtype": "categorical"
    },
    "balance": {
      "sdtype": "numerical"
    },
    "housing_0": {
      "sdtype": "categorical"
    },
    "housing_1": {
      "sdtype": "categorical"
    },
    "loan_0": {
      "sdtype": "categorical"
    },
    "loan_1": {
      "sdtype": "categorical"
    },
    "contact_0": {
      "sdtype": "categorical"
    },
    "contact_1": {
      "sdtype": "categorical"
    },
    "day": {
      "sdtype": "numerical"
    },
    "month_0": {
      "sdtype": "categorical"
    },
    "month_1": {
      "sdtype": "categorical"
    },
    "month_2": {
      "sdtype": "categorical"
    },
    "month_3": {
      "sdtype": "categorical"
    },
    "campaign": {
      "sdtype": "numerical"
    },
    "pdays": {
      "sdtype": "numerical"
    },
    "previous": {
      "sdtype": "numerical"
    },
    "poutcome_0": {
      "sdtype": "categorical"
    },
    "poutcome_1": {
      "sdtype": "categorical"
    },
    "poutcome_2": {
      "sdtype": "categorical"
    },
    "y": {
      "sdtype": "categorical"
    }
  }
}
2025-05-08 13:53:59,542 - INFO -  [SYNTHETIC PIPELINE]  Synthetic Data Evaluation Completed.
2025-05-08 13:53:59,548 - INFO -  [SYNTHETIC PIPELINE] Synthetic Data Report Generated Successfully.
2025-05-08 13:53:59,862 - INFO - Synthetic data generated with 2 synthesizer(s).
2025-05-08 13:53:59,862 - INFO - Hybrid Pipeline skipped (disabled in configuration).
2025-05-08 13:53:59,862 - INFO - Starting Utility...
2025-05-08 13:53:59,862 - INFO - [UTILITY] Preparing datasets for machine learning...
2025-05-08 13:53:59,867 - INFO - [UTILITY] Original Data - Training Size: 36168, Testing Size: 9043
2025-05-08 13:53:59,868 - INFO - [UTILITY] Target class distribution (Original): {'no': 31937, 'yes': 4231}
2025-05-08 13:53:59,872 - INFO - [UTILITY] Processing synthetic dataset generated by CTGAN...
2025-05-08 13:53:59,880 - INFO - [UTILITY] Synthetic Data (CTGAN) - Training Size: 180840
2025-05-08 13:53:59,886 - INFO - [UTILITY] Target class distribution (CTGAN): {'no': 139742, 'yes': 41098}
2025-05-08 13:53:59,890 - INFO - [UTILITY] Processing synthetic dataset generated by TVAE...
2025-05-08 13:53:59,897 - INFO - [UTILITY] Synthetic Data (TVAE) - Training Size: 180840
2025-05-08 13:53:59,903 - INFO - [UTILITY] Target class distribution (TVAE): {'no': 173508, 'yes': 7332}
2025-05-08 13:53:59,903 - INFO - [UTILITY] Training models on all datasets...
2025-05-08 13:53:59,903 - INFO - [UTILITY] Total datasets used for training: 3
2025-05-08 13:53:59,904 - INFO - [TRAINING] Training models from scratch...
2025-05-08 13:53:59,904 - INFO - [TRAINING] Starting training for dataset: Original — Rows: 36168, Features: 30
2025-05-08 13:53:59,904 - INFO - [TRAINING] Training DecisionTree on Original...
2025-05-08 13:54:00,125 - INFO - [TRAINING] DecisionTree trained successfully on Original in 0.22 sec
2025-05-08 13:54:00,125 - INFO - [TRAINING] Training KNN on Original...
2025-05-08 13:54:00,149 - INFO - [TRAINING] KNN trained successfully on Original in 0.02 sec
2025-05-08 13:54:00,149 - INFO - [TRAINING] Training LogisticRegression on Original...
2025-05-08 13:54:00,652 - INFO - [TRAINING] LogisticRegression trained successfully on Original in 0.50 sec
2025-05-08 13:54:00,652 - INFO - [TRAINING] Training RandomForest on Original...
2025-05-08 13:54:03,385 - INFO - [TRAINING] RandomForest trained successfully on Original in 2.73 sec
2025-05-08 13:54:03,385 - INFO - [TRAINING] Finished training 4 model(s) for dataset: Original
2025-05-08 13:54:03,385 - INFO - [TRAINING] Starting training for dataset: CTGAN — Rows: 180840, Features: 30
2025-05-08 13:54:03,385 - INFO - [TRAINING] Training DecisionTree on CTGAN...
2025-05-08 13:54:04,786 - INFO - [TRAINING] DecisionTree trained successfully on CTGAN in 1.40 sec
2025-05-08 13:54:04,787 - INFO - [TRAINING] Training KNN on CTGAN...
2025-05-08 13:54:04,901 - INFO - [TRAINING] KNN trained successfully on CTGAN in 0.11 sec
2025-05-08 13:54:04,901 - INFO - [TRAINING] Training LogisticRegression on CTGAN...
2025-05-08 13:54:05,453 - INFO - [TRAINING] LogisticRegression trained successfully on CTGAN in 0.55 sec
2025-05-08 13:54:05,453 - INFO - [TRAINING] Training RandomForest on CTGAN...
2025-05-08 13:54:23,967 - INFO - [TRAINING] RandomForest trained successfully on CTGAN in 18.51 sec
2025-05-08 13:54:23,967 - INFO - [TRAINING] Finished training 4 model(s) for dataset: CTGAN
2025-05-08 13:54:23,967 - INFO - [TRAINING] Starting training for dataset: TVAE — Rows: 180840, Features: 30
2025-05-08 13:54:23,967 - INFO - [TRAINING] Training DecisionTree on TVAE...
2025-05-08 13:54:24,680 - INFO - [TRAINING] DecisionTree trained successfully on TVAE in 0.71 sec
2025-05-08 13:54:24,680 - INFO - [TRAINING] Training KNN on TVAE...
2025-05-08 13:54:24,790 - INFO - [TRAINING] KNN trained successfully on TVAE in 0.11 sec
2025-05-08 13:54:24,790 - INFO - [TRAINING] Training LogisticRegression on TVAE...
2025-05-08 13:54:25,769 - INFO - [TRAINING] LogisticRegression trained successfully on TVAE in 0.98 sec
2025-05-08 13:54:25,769 - INFO - [TRAINING] Training RandomForest on TVAE...
2025-05-08 13:54:35,074 - INFO - [TRAINING] RandomForest trained successfully on TVAE in 9.31 sec
2025-05-08 13:54:35,075 - INFO - [TRAINING] Finished training 4 model(s) for dataset: TVAE
2025-05-08 13:54:35,075 - INFO - [TRAINING] Total models trained across all datasets: 12
2025-05-08 13:54:35,075 - INFO - [UTILITY] Trained model names: ['Original', 'CTGAN', 'TVAE']
2025-05-08 13:54:35,075 - INFO - [UTILITY] Model Training Completed.
2025-05-08 13:54:35,075 - INFO - Starting the Evaluating of models...
2025-05-08 13:54:35,075 - INFO - Preparing evaluation for model 'DecisionTree' across all datasets...
2025-05-08 13:54:35,075 - INFO - Evaluating DecisionTree on Original...
2025-05-08 13:54:35,078 - INFO - Predictions completed for DecisionTree on Original
2025-05-08 13:54:35,079 - INFO - Prediction distribution for DecisionTree on Original: {'no': 7868, 'yes': 1175}
2025-05-08 13:54:35,193 - INFO - Computed 8 metric(s) for DecisionTree on Original
2025-05-08 13:54:35,193 - INFO - Evaluating DecisionTree on CTGAN...
2025-05-08 13:54:35,197 - INFO - Predictions completed for DecisionTree on CTGAN
2025-05-08 13:54:35,198 - INFO - Prediction distribution for DecisionTree on CTGAN: {'no': 6776, 'yes': 2267}
2025-05-08 13:54:35,314 - INFO - Computed 8 metric(s) for DecisionTree on CTGAN
2025-05-08 13:54:35,314 - INFO - Evaluating DecisionTree on TVAE...
2025-05-08 13:54:35,316 - INFO - Predictions completed for DecisionTree on TVAE
2025-05-08 13:54:35,317 - INFO - Prediction distribution for DecisionTree on TVAE: {'no': 8288, 'yes': 755}
2025-05-08 13:54:35,424 - INFO - Computed 8 metric(s) for DecisionTree on TVAE
2025-05-08 13:54:35,424 - INFO - Preparing evaluation for model 'KNN' across all datasets...
2025-05-08 13:54:35,425 - INFO - Evaluating KNN on Original...
2025-05-08 13:54:37,883 - INFO - Predictions completed for KNN on Original
2025-05-08 13:54:37,884 - INFO - Prediction distribution for KNN on Original: {'no': 8753, 'yes': 290}
2025-05-08 13:54:42,593 - INFO - Computed 8 metric(s) for KNN on Original
2025-05-08 13:54:42,593 - INFO - Evaluating KNN on CTGAN...
2025-05-08 13:54:54,718 - INFO - Predictions completed for KNN on CTGAN
2025-05-08 13:54:54,719 - INFO - Prediction distribution for KNN on CTGAN: {'no': 8239, 'yes': 804}
2025-05-08 13:55:18,604 - INFO - Computed 8 metric(s) for KNN on CTGAN
2025-05-08 13:55:18,604 - INFO - Evaluating KNN on TVAE...
2025-05-08 13:55:30,927 - INFO - Predictions completed for KNN on TVAE
2025-05-08 13:55:30,927 - INFO - Prediction distribution for KNN on TVAE: {'no': 7387, 'yes': 1656}
2025-05-08 13:55:56,087 - INFO - Computed 8 metric(s) for KNN on TVAE
2025-05-08 13:55:56,088 - INFO - Preparing evaluation for model 'LogisticRegression' across all datasets...
2025-05-08 13:55:56,088 - INFO - Evaluating LogisticRegression on Original...
2025-05-08 13:55:56,090 - INFO - Predictions completed for LogisticRegression on Original
2025-05-08 13:55:56,091 - INFO - Prediction distribution for LogisticRegression on Original: {'no': 8778, 'yes': 265}
2025-05-08 13:55:56,198 - INFO - Computed 8 metric(s) for LogisticRegression on Original
2025-05-08 13:55:56,198 - INFO - Evaluating LogisticRegression on CTGAN...
2025-05-08 13:55:56,201 - INFO - Predictions completed for LogisticRegression on CTGAN
2025-05-08 13:55:56,201 - INFO - Prediction distribution for LogisticRegression on CTGAN: {'no': 8413, 'yes': 630}
2025-05-08 13:55:56,313 - INFO - Computed 8 metric(s) for LogisticRegression on CTGAN
2025-05-08 13:55:56,313 - INFO - Evaluating LogisticRegression on TVAE...
2025-05-08 13:55:56,315 - INFO - Predictions completed for LogisticRegression on TVAE
2025-05-08 13:55:56,315 - INFO - Prediction distribution for LogisticRegression on TVAE: {'no': 8716, 'yes': 327}
2025-05-08 13:55:56,428 - INFO - Computed 8 metric(s) for LogisticRegression on TVAE
2025-05-08 13:55:56,428 - INFO - Preparing evaluation for model 'RandomForest' across all datasets...
2025-05-08 13:55:56,428 - INFO - Evaluating RandomForest on Original...
2025-05-08 13:55:56,541 - INFO - Predictions completed for RandomForest on Original
2025-05-08 13:55:56,542 - INFO - Prediction distribution for RandomForest on Original: {'no': 8655, 'yes': 388}
2025-05-08 13:55:56,870 - INFO - Computed 8 metric(s) for RandomForest on Original
2025-05-08 13:55:56,870 - INFO - Evaluating RandomForest on CTGAN...
2025-05-08 13:55:57,075 - INFO - Predictions completed for RandomForest on CTGAN
2025-05-08 13:55:57,075 - INFO - Prediction distribution for RandomForest on CTGAN: {'no': 8285, 'yes': 758}
2025-05-08 13:55:57,590 - INFO - Computed 8 metric(s) for RandomForest on CTGAN
2025-05-08 13:55:57,590 - INFO - Evaluating RandomForest on TVAE...
2025-05-08 13:55:57,662 - INFO - Predictions completed for RandomForest on TVAE
2025-05-08 13:55:57,662 - INFO - Prediction distribution for RandomForest on TVAE: {'no': 8732, 'yes': 311}
2025-05-08 13:55:57,973 - INFO - Computed 8 metric(s) for RandomForest on TVAE
2025-05-08 13:55:57,978 - INFO - Evaluation completed for all models.
2025-05-08 13:55:57,978 - INFO - Model evaluation completed in 82.90 seconds.
2025-05-08 13:55:57,981 - INFO - Evaluated models: ['DecisionTree', 'KNN', 'LogisticRegression', 'RandomForest']
2025-05-08 13:55:57,981 - INFO - Model Training and Evaluation completed.
2025-05-08 13:55:58,453 - INFO -  Visualizations saved.
2025-05-08 13:55:58,453 - INFO -  Benchmarking Completed. Results saved in output folder.
