2025-05-08 10:34:59,470 - INFO - Loaded config file: configs/generated_configs/censusIncome/censusIncome_anon_k10_sl0p05_l2.yaml
2025-05-08 10:34:59,470 - INFO -  Benchmarking started for dataset: censusIncome
2025-05-08 10:34:59,470 - INFO - Using dataset path: /mnt/NVMETank/Projects/Students/Dele/A-STUDY-INTO-THE-QUALITY-AND-USABILITY-OF-PRIVACY-FRIENDLY-SYNTHETIC-DATA/datasets/original/censusIncome.csv
2025-05-08 10:34:59,470 - INFO - Target column: income, separator: ','
2025-05-08 10:34:59,470 - INFO - Configuration loaded: enable_anonymization = True, enable_synthesis = False, enable_hybrid = True, enable_utility = True, delete_after_evaluation = False
2025-05-08 10:34:59,470 - INFO - Running preprocessing...
2025-05-08 10:34:59,474 - INFO -  [PREPROCESSING] Preprocessed files found. Skipping preprocessing.
2025-05-08 10:34:59,606 - INFO - Preprocessing completed. Rows before: 48842, after: 39073
2025-05-08 10:34:59,606 - INFO - Preprocessed data saved to: outputs/batch/censusIncome_batch_2025-05-08_10-04-54/censusIncome_anon_k10_sl0p05_l2/preprocessing_report.txt
2025-05-08 10:34:59,606 - INFO - enable_anonymization = True
2025-05-08 10:34:59,606 - INFO - Starting Anonymization Pipeline with output path: /mnt/NVMETank/Projects/Students/Dele/A-STUDY-INTO-THE-QUALITY-AND-USABILITY-OF-PRIVACY-FRIENDLY-SYNTHETIC-DATA/datasets/anonymized/censusIncome_k10_l2_sup05_anonymized.csv.......
2025-05-08 10:34:59,611 - INFO -  [ANONYMIZATION] Executing run_anonymization, config_path : configs/generated_configs/censusIncome/censusIncome_anon_k10_sl0p05_l2.yaml...........
2025-05-08 10:34:59,611 - INFO -  [ANONYMIZATION] Using JAR file at /mnt/NVMETank/Projects/Students/Dele/A-STUDY-INTO-THE-QUALITY-AND-USABILITY-OF-PRIVACY-FRIENDLY-SYNTHETIC-DATA/src/anonymization/anonymARXij/bin/anonymARXij.jar to anonymize the dataset.
2025-05-08 10:35:05,908 - INFO -  [ANONYMIZATION] Anonimized file saved to : /mnt/NVMETank/Projects/Students/Dele/A-STUDY-INTO-THE-QUALITY-AND-USABILITY-OF-PRIVACY-FRIENDLY-SYNTHETIC-DATA/datasets/anonymized/censusIncome_k10_l2_sup05_anonymized.csv
2025-05-08 10:35:05,909 - INFO -  [ANONYMIZATION] Java anonymization completed successfully.
2025-05-08 10:35:05,909 - INFO -  [ANONYMIZATION] Java STDOUT:
📄 Java received config path: /mnt/NVMETank/Projects/Students/Dele/A-STUDY-INTO-THE-QUALITY-AND-USABILITY-OF-PRIVACY-FRIENDLY-SYNTHETIC-DATA/configs/generated_configs/censusIncome/censusIncome_anon_k10_sl0p05_l2.yaml
🔹 Loading config from: /mnt/NVMETank/Projects/Students/Dele/A-STUDY-INTO-THE-QUALITY-AND-USABILITY-OF-PRIVACY-FRIENDLY-SYNTHETIC-DATA/configs/generated_configs/censusIncome/censusIncome_anon_k10_sl0p05_l2.yaml
Loading config from: /mnt/NVMETank/Projects/Students/Dele/A-STUDY-INTO-THE-QUALITY-AND-USABILITY-OF-PRIVACY-FRIENDLY-SYNTHETIC-DATA/configs/generated_configs/censusIncome/censusIncome_anon_k10_sl0p05_l2.yaml
📂 Dataset Path (from args): /mnt/NVMETank/Projects/Students/Dele/A-STUDY-INTO-THE-QUALITY-AND-USABILITY-OF-PRIVACY-FRIENDLY-SYNTHETIC-DATA/datasets/train/censusIncome_train_raw.csv
🔹 Dataset Separator: ,
🔹 Suppression Limit: 0.05

🔹 Configured Attributes:
  ✅ Quasi-Identifier: age
  ✅ Quasi-Identifier: education
  ✅ Quasi-Identifier: workclass
  ✅ Quasi-Identifier: marital-status
  ✅ Quasi-Identifier: occupation
  ✅ Quasi-Identifier: race
  ✅ Quasi-Identifier: sex
  ✅ Quasi-Identifier: native-country
  ✅ Sensitive Attribute: income
  ✅ Insensitive Attribute: fnlwgt
  ✅ Insensitive Attribute: hours-per-week
  ✅ Insensitive Attribute: capital-gain
  ✅ Insensitive Attribute: capital-loss
  ✅ Insensitive Attribute: relationship
  ✅ Insensitive Attribute: education-num

🔹 Defined Hierarchies:
  ✅ education -> /mnt/NVMETank/Projects/Students/Dele/A-STUDY-INTO-THE-QUALITY-AND-USABILITY-OF-PRIVACY-FRIENDLY-SYNTHETIC-DATA/src/anonymization/anonymARXij/src/hierarchies_censusIncome/education.csv
  ✅ occupation -> /mnt/NVMETank/Projects/Students/Dele/A-STUDY-INTO-THE-QUALITY-AND-USABILITY-OF-PRIVACY-FRIENDLY-SYNTHETIC-DATA/src/anonymization/anonymARXij/src/hierarchies_censusIncome/occupation.csv
  ✅ workclass -> /mnt/NVMETank/Projects/Students/Dele/A-STUDY-INTO-THE-QUALITY-AND-USABILITY-OF-PRIVACY-FRIENDLY-SYNTHETIC-DATA/src/anonymization/anonymARXij/src/hierarchies_censusIncome/workclass.csv
  ✅ native-country -> /mnt/NVMETank/Projects/Students/Dele/A-STUDY-INTO-THE-QUALITY-AND-USABILITY-OF-PRIVACY-FRIENDLY-SYNTHETIC-DATA/src/anonymization/anonymARXij/src/hierarchies_censusIncome/native-country.csv
  ✅ race -> /mnt/NVMETank/Projects/Students/Dele/A-STUDY-INTO-THE-QUALITY-AND-USABILITY-OF-PRIVACY-FRIENDLY-SYNTHETIC-DATA/src/anonymization/anonymARXij/src/hierarchies_censusIncome/race.csv
  ✅ sex -> /mnt/NVMETank/Projects/Students/Dele/A-STUDY-INTO-THE-QUALITY-AND-USABILITY-OF-PRIVACY-FRIENDLY-SYNTHETIC-DATA/src/anonymization/anonymARXij/src/hierarchies_censusIncome/sex.csv
  ✅ marital-status -> /mnt/NVMETank/Projects/Students/Dele/A-STUDY-INTO-THE-QUALITY-AND-USABILITY-OF-PRIVACY-FRIENDLY-SYNTHETIC-DATA/src/anonymization/anonymARXij/src/hierarchies_censusIncome/marital-status.csv
  ✅ age -> /mnt/NVMETank/Projects/Students/Dele/A-STUDY-INTO-THE-QUALITY-AND-USABILITY-OF-PRIVACY-FRIENDLY-SYNTHETIC-DATA/src/anonymization/anonymARXij/src/hierarchies_censusIncome/age.csv
Java is searching for hierarchy file at: /mnt/NVMETank/Projects/Students/Dele/A-STUDY-INTO-THE-QUALITY-AND-USABILITY-OF-PRIVACY-FRIENDLY-SYNTHETIC-DATA/src/anonymization/anonymARXij/src/hierarchies_censusIncome/education.csv
Java is searching for hierarchy file at: /mnt/NVMETank/Projects/Students/Dele/A-STUDY-INTO-THE-QUALITY-AND-USABILITY-OF-PRIVACY-FRIENDLY-SYNTHETIC-DATA/src/anonymization/anonymARXij/src/hierarchies_censusIncome/occupation.csv
Java is searching for hierarchy file at: /mnt/NVMETank/Projects/Students/Dele/A-STUDY-INTO-THE-QUALITY-AND-USABILITY-OF-PRIVACY-FRIENDLY-SYNTHETIC-DATA/src/anonymization/anonymARXij/src/hierarchies_censusIncome/workclass.csv
Java is searching for hierarchy file at: /mnt/NVMETank/Projects/Students/Dele/A-STUDY-INTO-THE-QUALITY-AND-USABILITY-OF-PRIVACY-FRIENDLY-SYNTHETIC-DATA/src/anonymization/anonymARXij/src/hierarchies_censusIncome/native-country.csv
Java is searching for hierarchy file at: /mnt/NVMETank/Projects/Students/Dele/A-STUDY-INTO-THE-QUALITY-AND-USABILITY-OF-PRIVACY-FRIENDLY-SYNTHETIC-DATA/src/anonymization/anonymARXij/src/hierarchies_censusIncome/race.csv
Java is searching for hierarchy file at: /mnt/NVMETank/Projects/Students/Dele/A-STUDY-INTO-THE-QUALITY-AND-USABILITY-OF-PRIVACY-FRIENDLY-SYNTHETIC-DATA/src/anonymization/anonymARXij/src/hierarchies_censusIncome/sex.csv
Java is searching for hierarchy file at: /mnt/NVMETank/Projects/Students/Dele/A-STUDY-INTO-THE-QUALITY-AND-USABILITY-OF-PRIVACY-FRIENDLY-SYNTHETIC-DATA/src/anonymization/anonymARXij/src/hierarchies_censusIncome/marital-status.csv
Java is searching for hierarchy file at: /mnt/NVMETank/Projects/Students/Dele/A-STUDY-INTO-THE-QUALITY-AND-USABILITY-OF-PRIVACY-FRIENDLY-SYNTHETIC-DATA/src/anonymization/anonymARXij/src/hierarchies_censusIncome/age.csv
✓ Applied Distinct L-Diversity on: income (l=2)
🔹 Privacy Models Configured
📂 Anonymized Output Path (from args): /mnt/NVMETank/Projects/Students/Dele/A-STUDY-INTO-THE-QUALITY-AND-USABILITY-OF-PRIVACY-FRIENDLY-SYNTHETIC-DATA/datasets/anonymized/censusIncome_k10_l2_sup05_anonymized.csv
📂 Anonymized Output Path: /mnt/NVMETank/Projects/Students/Dele/A-STUDY-INTO-THE-QUALITY-AND-USABILITY-OF-PRIVACY-FRIENDLY-SYNTHETIC-DATA/datasets/anonymized/censusIncome_k10_l2_sup05_anonymized.csv
✅ Anonymization completed. Output saved to: /mnt/NVMETank/Projects/Students/Dele/A-STUDY-INTO-THE-QUALITY-AND-USABILITY-OF-PRIVACY-FRIENDLY-SYNTHETIC-DATA/datasets/anonymized/censusIncome_k10_l2_sup05_anonymized.csv
Anonymized Data Quality Metrics:
 - Ambiguity: 0.9501213462384346
 - AECS: 0.9972404332024097
 - Discernibility: 0.9324649425882771
 - Granularity: 0.6767092030856618
 - MSE: 0.4781554535928124
 - Non-Uniform Entropy: 0.40630913530525337
 - Precision: 0.5218014540548761
 - Record-level SE: 0.5267729373276425
Equivalence Class Statistics:
 - Number of Classes: 339
 - Average Class Size: 109.52802359882006
Suppression Statistics:
 - Suppressed Records: 1943
 - Suppression Percentage: 4.97%
2025-05-08 10:35:05,909 - INFO - Anonymized data saved to: /mnt/NVMETank/Projects/Students/Dele/A-STUDY-INTO-THE-QUALITY-AND-USABILITY-OF-PRIVACY-FRIENDLY-SYNTHETIC-DATA/datasets/anonymized/censusIncome_k10_l2_sup05_anonymized.csv
2025-05-08 10:35:06,031 - INFO - Anonymous data report saved at: outputs/batch/censusIncome_batch_2025-05-08_10-04-54/censusIncome_anon_k10_sl0p05_l2/anonymous_data_report.txt
2025-05-08 10:35:06,031 - INFO -  [POSTPROCESSING] Postprocessing anonymized data: /mnt/NVMETank/Projects/Students/Dele/A-STUDY-INTO-THE-QUALITY-AND-USABILITY-OF-PRIVACY-FRIENDLY-SYNTHETIC-DATA/datasets/anonymized/censusIncome_k10_l2_sup05_anonymized.csv
2025-05-08 10:35:06,066 - INFO -  [POSTPROCESSING] Loaded anonymized data: (39073, 15)
2025-05-08 10:35:06,147 - INFO -  [POSTPROCESSING] Loaded fallback maps from training data. Categorical cols: 9, Numeric cols: 6
2025-05-08 10:35:06,147 - INFO -  [POSTPROCESSING] Normalizing anonymized data using ARX artifact cleaning and fallback values.
2025-05-08 10:35:07,335 - INFO -  [POSTPROCESSING] Normalized anonymized data saved to: /mnt/NVMETank/Projects/Students/Dele/A-STUDY-INTO-THE-QUALITY-AND-USABILITY-OF-PRIVACY-FRIENDLY-SYNTHETIC-DATA/datasets/anonymized/censusIncome_k10_l2_sup05_anonymized_processed.csv
2025-05-08 10:35:07,434 - INFO -  [POSTPROCESSING] Binary Encoding applied to anonymized data. Encoded shape: (39073, 37)
2025-05-08 10:35:07,592 - INFO -  [POSTPROCESSING] Encoded anonymized dataset saved to: /mnt/NVMETank/Projects/Students/Dele/A-STUDY-INTO-THE-QUALITY-AND-USABILITY-OF-PRIVACY-FRIENDLY-SYNTHETIC-DATA/datasets/anonymized/censusIncome_k10_l2_sup05_anonymized_encoded.csv
2025-05-08 10:35:07,592 - INFO -  [POSTPROCESSING] Encoding map generated for anonymized data: 0 original categorical columns.
2025-05-08 10:35:07,596 - INFO - Postprocessing report saved at: outputs/batch/censusIncome_batch_2025-05-08_10-04-54/censusIncome_anon_k10_sl0p05_l2/postprocessing_report.txt
2025-05-08 10:35:07,596 - INFO - enable_synthetic_generation = False
2025-05-08 10:35:07,596 - INFO - Synthetic Data Generation Skipped (Disabled in Configuration).
2025-05-08 10:35:07,596 - INFO - Running Hybrid Pipeline...
2025-05-08 10:35:07,596 - INFO -  [HYBRID] Executing run_hybrid...
2025-05-08 10:35:07,596 - INFO -  [HYBRID] Looking for encoded anonymized data in /mnt/NVMETank/Projects/Students/Dele/A-STUDY-INTO-THE-QUALITY-AND-USABILITY-OF-PRIVACY-FRIENDLY-SYNTHETIC-DATA/datasets/anonymized/censusIncome_k10_l2_sup05_anonymized_encoded.csv
2025-05-08 10:35:07,596 - INFO -  [HYBRID ] Loaded cached encoded anonymous data from /mnt/NVMETank/Projects/Students/Dele/A-STUDY-INTO-THE-QUALITY-AND-USABILITY-OF-PRIVACY-FRIENDLY-SYNTHETIC-DATA/datasets/anonymized/censusIncome_k10_l2_sup05_anonymized_encoded.csv
2025-05-08 10:35:07,630 - INFO -  [HYBRID] Starting synthetic generation for hybrid pipeline...
2025-05-08 10:35:07,630 - INFO - Executing run_synthetic.....
2025-05-08 10:35:07,630 - INFO - [SYNTHETIC PIPELINE] executing run_synthetic for censusIncome_k10_l2_sup05...
2025-05-08 10:35:07,630 - INFO - [SYNTHETIC] Processing dataset: censusIncome_k10_l2_sup05
2025-05-08 10:35:07,631 - INFO - [SYNTHETIC] Original dataset size: 39073 rows
2025-05-08 10:35:07,672 - INFO - Detected metadata:
2025-05-08 10:35:07,672 - INFO - {
    "columns": {
        "age": {
            "sdtype": "categorical"
        },
        "workclass_0": {
            "sdtype": "categorical"
        },
        "workclass_1": {
            "sdtype": "categorical"
        },
        "workclass_2": {
            "sdtype": "categorical"
        },
        "workclass_3": {
            "sdtype": "categorical"
        },
        "fnlwgt": {
            "sdtype": "numerical"
        },
        "education_0": {
            "sdtype": "categorical"
        },
        "education_1": {
            "sdtype": "categorical"
        },
        "education_2": {
            "sdtype": "categorical"
        },
        "education_3": {
            "sdtype": "categorical"
        },
        "education_4": {
            "sdtype": "categorical"
        },
        "education-num": {
            "sdtype": "numerical"
        },
        "marital-status_0": {
            "sdtype": "categorical"
        },
        "marital-status_1": {
            "sdtype": "categorical"
        },
        "marital-status_2": {
            "sdtype": "categorical"
        },
        "occupation_0": {
            "sdtype": "categorical"
        },
        "occupation_1": {
            "sdtype": "categorical"
        },
        "occupation_2": {
            "sdtype": "categorical"
        },
        "occupation_3": {
            "sdtype": "categorical"
        },
        "relationship_0": {
            "sdtype": "categorical"
        },
        "relationship_1": {
            "sdtype": "categorical"
        },
        "relationship_2": {
            "sdtype": "categorical"
        },
        "race_0": {
            "sdtype": "categorical"
        },
        "race_1": {
            "sdtype": "categorical"
        },
        "race_2": {
            "sdtype": "categorical"
        },
        "sex_0": {
            "sdtype": "categorical"
        },
        "sex_1": {
            "sdtype": "categorical"
        },
        "capital-gain": {
            "sdtype": "numerical"
        },
        "capital-loss": {
            "sdtype": "numerical"
        },
        "hours-per-week": {
            "sdtype": "numerical"
        },
        "native-country_0": {
            "sdtype": "categorical"
        },
        "native-country_1": {
            "sdtype": "categorical"
        },
        "native-country_2": {
            "sdtype": "categorical"
        },
        "native-country_3": {
            "sdtype": "categorical"
        },
        "native-country_4": {
            "sdtype": "categorical"
        },
        "native-country_5": {
            "sdtype": "categorical"
        },
        "income": {
            "sdtype": "categorical"
        }
    },
    "METADATA_SPEC_VERSION": "SINGLE_TABLE_V1"
}
2025-05-08 10:35:07,672 - INFO - [SYNTHETIC] Preparing synthesizer: CTGAN
2025-05-08 10:35:07,672 - INFO - [SYNTHETIC] Params from config: {'epochs': 300}
2025-05-08 10:35:07,672 - INFO -  [SYNTHETIC] No pre-trained synthesizer found
2025-05-08 10:35:07,672 - INFO - [SYNTHETIC] Training new CTGAN synthesizer from scratch...
2025-05-08 10:35:07,672 - WARNING - [FutureWarning] The 'SingleTableMetadata' is deprecated. Please use the new 'Metadata' class for synthesizers. (from /mnt/NVMETank/Projects/Students/Dele/A-STUDY-INTO-THE-QUALITY-AND-USABILITY-OF-PRIVACY-FRIENDLY-SYNTHETIC-DATA/.venv/lib/python3.12/site-packages/sdv/single_table/base.py:119)
2025-05-08 10:35:07,672 - WARNING - [UserWarning] We strongly recommend saving the metadata using 'save_to_json' for replicability in future SDV versions. (from /mnt/NVMETank/Projects/Students/Dele/A-STUDY-INTO-THE-QUALITY-AND-USABILITY-OF-PRIVACY-FRIENDLY-SYNTHETIC-DATA/.venv/lib/python3.12/site-packages/sdv/single_table/base.py:104)
2025-05-08 10:35:07,676 - INFO - {'EVENT': 'Instance', 'TIMESTAMP': datetime.datetime(2025, 5, 8, 10, 35, 7, 676928), 'SYNTHESIZER CLASS NAME': 'CTGANSynthesizer', 'SYNTHESIZER ID': 'CTGANSynthesizer_1.18.0_7fdccd6c1616494f8fbbb7491ace66c5'}
2025-05-08 10:35:07,677 - INFO - [SYNTHETIC] CTGAN initialized with epochs: 300
2025-05-08 10:35:07,677 - INFO - [SYNTHETIC] Training parameters for CTGAN: {}
2025-05-08 10:35:07,677 - INFO - [SYNTHETIC] fitting CTGAN 
2025-05-08 10:35:07,677 - INFO - {'EVENT': 'Fit', 'TIMESTAMP': datetime.datetime(2025, 5, 8, 10, 35, 7, 677168), 'SYNTHESIZER CLASS NAME': 'CTGANSynthesizer', 'SYNTHESIZER ID': 'CTGANSynthesizer_1.18.0_7fdccd6c1616494f8fbbb7491ace66c5', 'TOTAL NUMBER OF TABLES': 1, 'TOTAL NUMBER OF ROWS': 39073, 'TOTAL NUMBER OF COLUMNS': 37}
2025-05-08 10:35:07,740 - INFO - Fitting table  metadata
2025-05-08 10:35:07,744 - INFO - Fitting formatters for table 
2025-05-08 10:35:07,747 - INFO - Fitting constraints for table 
2025-05-08 10:35:07,747 - INFO - Setting the configuration for the ``HyperTransformer`` for table 
2025-05-08 10:35:07,748 - INFO - Fitting HyperTransformer for table 
2025-05-08 10:35:07,816 - INFO - {'EVENT': 'Fit processed data', 'TIMESTAMP': datetime.datetime(2025, 5, 8, 10, 35, 7, 816425), 'SYNTHESIZER CLASS NAME': 'CTGANSynthesizer', 'SYNTHESIZER ID': 'CTGANSynthesizer_1.18.0_7fdccd6c1616494f8fbbb7491ace66c5', 'TOTAL NUMBER OF TABLES': 1, 'TOTAL NUMBER OF ROWS': 39073, 'TOTAL NUMBER OF COLUMNS': 37}
2025-05-08 10:35:07,845 - INFO - Guidance: There are no missing values in column fnlwgt. Extra column not created.
2025-05-08 10:35:24,306 - INFO - Guidance: There are no missing values in column education-num. Extra column not created.
2025-05-08 10:35:40,748 - INFO - Guidance: There are no missing values in column capital-gain. Extra column not created.
2025-05-08 10:35:54,599 - INFO - Guidance: There are no missing values in column capital-loss. Extra column not created.
2025-05-08 10:36:11,704 - INFO - Guidance: There are no missing values in column hours-per-week. Extra column not created.
2025-05-08 11:35:14,011 - INFO - [SYNTHETIC] Fitting complete for CTGAN. Duration: 3606.33 seconds.
2025-05-08 11:35:14,011 - INFO - [SYNTHETIC] CONFIRMATION CTGAN actually trained with epochs = 300
2025-05-08 11:35:14,011 - INFO - {'EVENT': 'Save', 'TIMESTAMP': datetime.datetime(2025, 5, 8, 11, 35, 14, 11769), 'SYNTHESIZER CLASS NAME': 'CTGANSynthesizer', 'SYNTHESIZER ID': 'CTGANSynthesizer_1.18.0_7fdccd6c1616494f8fbbb7491ace66c5'}
2025-05-08 11:35:14,041 - INFO - [SYNTHETIC] CTGAN trained and saved.
2025-05-08 11:35:14,041 - INFO - [SYNTHETIC] Preparing synthesizer: GaussianCopula
2025-05-08 11:35:14,041 - INFO - [SYNTHETIC] Params from config: {}
2025-05-08 11:35:14,042 - INFO -  [SYNTHETIC] No pre-trained synthesizer found
2025-05-08 11:35:14,042 - INFO - [SYNTHETIC] Training new GaussianCopula synthesizer from scratch...
2025-05-08 11:35:14,042 - WARNING - [FutureWarning] The 'SingleTableMetadata' is deprecated. Please use the new 'Metadata' class for synthesizers. (from /mnt/NVMETank/Projects/Students/Dele/A-STUDY-INTO-THE-QUALITY-AND-USABILITY-OF-PRIVACY-FRIENDLY-SYNTHETIC-DATA/.venv/lib/python3.12/site-packages/sdv/single_table/base.py:119)
2025-05-08 11:35:14,045 - INFO - {'EVENT': 'Instance', 'TIMESTAMP': datetime.datetime(2025, 5, 8, 11, 35, 14, 45040), 'SYNTHESIZER CLASS NAME': 'GaussianCopulaSynthesizer', 'SYNTHESIZER ID': 'GaussianCopulaSynthesizer_1.18.0_ceeb3b061f76499580041524105e44b8'}
2025-05-08 11:35:14,045 - INFO - [SYNTHETIC] fitting GaussianCopula 
2025-05-08 11:35:14,045 - INFO - {'EVENT': 'Fit', 'TIMESTAMP': datetime.datetime(2025, 5, 8, 11, 35, 14, 45248), 'SYNTHESIZER CLASS NAME': 'GaussianCopulaSynthesizer', 'SYNTHESIZER ID': 'GaussianCopulaSynthesizer_1.18.0_ceeb3b061f76499580041524105e44b8', 'TOTAL NUMBER OF TABLES': 1, 'TOTAL NUMBER OF ROWS': 39073, 'TOTAL NUMBER OF COLUMNS': 37}
2025-05-08 11:35:14,108 - INFO - Fitting table  metadata
2025-05-08 11:35:14,112 - INFO - Fitting formatters for table 
2025-05-08 11:35:14,115 - INFO - Fitting constraints for table 
2025-05-08 11:35:14,115 - INFO - Setting the configuration for the ``HyperTransformer`` for table 
2025-05-08 11:35:14,126 - INFO - Fitting HyperTransformer for table 
2025-05-08 11:35:19,007 - INFO - {'EVENT': 'Fit processed data', 'TIMESTAMP': datetime.datetime(2025, 5, 8, 11, 35, 19, 7783), 'SYNTHESIZER CLASS NAME': 'GaussianCopulaSynthesizer', 'SYNTHESIZER ID': 'GaussianCopulaSynthesizer_1.18.0_ceeb3b061f76499580041524105e44b8', 'TOTAL NUMBER OF TABLES': 1, 'TOTAL NUMBER OF ROWS': 39073, 'TOTAL NUMBER OF COLUMNS': 37}
2025-05-08 11:35:19,009 - INFO - Fitting GaussianMultivariate(distribution="{'age': <class 'copulas.univariate.beta.BetaUnivariate'>, 'workclass_0': <class 'copulas.univariate.beta.BetaUnivariate'>, 'workclass_1': <class 'copulas.univariate.beta.BetaUnivariate'>, 'workclass_2': <class 'copulas.univariate.beta.BetaUnivariate'>, 'workclass_3': <class 'copulas.univariate.beta.BetaUnivariate'>, 'fnlwgt': <class 'copulas.univariate.beta.BetaUnivariate'>, 'education_0': <class 'copulas.univariate.beta.BetaUnivariate'>, 'education_1': <class 'copulas.univariate.beta.BetaUnivariate'>, 'education_2': <class 'copulas.univariate.beta.BetaUnivariate'>, 'education_3': <class 'copulas.univariate.beta.BetaUnivariate'>, 'education_4': <class 'copulas.univariate.beta.BetaUnivariate'>, 'education-num': <class 'copulas.univariate.beta.BetaUnivariate'>, 'marital-status_0': <class 'copulas.univariate.beta.BetaUnivariate'>, 'marital-status_1': <class 'copulas.univariate.beta.BetaUnivariate'>, 'marital-status_2': <class 'copulas.univariate.beta.BetaUnivariate'>, 'occupation_0': <class 'copulas.univariate.beta.BetaUnivariate'>, 'occupation_1': <class 'copulas.univariate.beta.BetaUnivariate'>, 'occupation_2': <class 'copulas.univariate.beta.BetaUnivariate'>, 'occupation_3': <class 'copulas.univariate.beta.BetaUnivariate'>, 'relationship_0': <class 'copulas.univariate.beta.BetaUnivariate'>, 'relationship_1': <class 'copulas.univariate.beta.BetaUnivariate'>, 'relationship_2': <class 'copulas.univariate.beta.BetaUnivariate'>, 'race_0': <class 'copulas.univariate.beta.BetaUnivariate'>, 'race_1': <class 'copulas.univariate.beta.BetaUnivariate'>, 'race_2': <class 'copulas.univariate.beta.BetaUnivariate'>, 'sex_0': <class 'copulas.univariate.beta.BetaUnivariate'>, 'sex_1': <class 'copulas.univariate.beta.BetaUnivariate'>, 'capital-gain': <class 'copulas.univariate.beta.BetaUnivariate'>, 'capital-loss': <class 'copulas.univariate.beta.BetaUnivariate'>, 'hours-per-week': <class 'copulas.univariate.beta.BetaUnivariate'>, 'native-country_0': <class 'copulas.univariate.beta.BetaUnivariate'>, 'native-country_1': <class 'copulas.univariate.beta.BetaUnivariate'>, 'native-country_2': <class 'copulas.univariate.beta.BetaUnivariate'>, 'native-country_3': <class 'copulas.univariate.beta.BetaUnivariate'>, 'native-country_4': <class 'copulas.univariate.beta.BetaUnivariate'>, 'native-country_5': <class 'copulas.univariate.beta.BetaUnivariate'>, 'income': <class 'copulas.univariate.beta.BetaUnivariate'>}")
2025-05-08 11:35:30,958 - INFO - [SYNTHETIC] Fitting complete for GaussianCopula. Duration: 16.91 seconds.
2025-05-08 11:35:30,958 - WARNING - [SYNTHETIC] WARNING Could not determine actual epochs used for GaussianCopula
2025-05-08 11:35:30,958 - INFO - {'EVENT': 'Save', 'TIMESTAMP': datetime.datetime(2025, 5, 8, 11, 35, 30, 958487), 'SYNTHESIZER CLASS NAME': 'GaussianCopulaSynthesizer', 'SYNTHESIZER ID': 'GaussianCopulaSynthesizer_1.18.0_ceeb3b061f76499580041524105e44b8'}
2025-05-08 11:35:30,971 - INFO - [SYNTHETIC] GaussianCopula trained and saved.
2025-05-08 11:35:30,971 - INFO - [SYNTHETIC] Preparing synthesizer: TVAE
2025-05-08 11:35:30,971 - INFO - [SYNTHETIC] Params from config: {'epochs': 300}
2025-05-08 11:35:30,971 - INFO -  [SYNTHETIC] No pre-trained synthesizer found
2025-05-08 11:35:30,971 - INFO - [SYNTHETIC] Training new TVAE synthesizer from scratch...
2025-05-08 11:35:30,972 - WARNING - [FutureWarning] The 'SingleTableMetadata' is deprecated. Please use the new 'Metadata' class for synthesizers. (from /mnt/NVMETank/Projects/Students/Dele/A-STUDY-INTO-THE-QUALITY-AND-USABILITY-OF-PRIVACY-FRIENDLY-SYNTHETIC-DATA/.venv/lib/python3.12/site-packages/sdv/single_table/base.py:119)
2025-05-08 11:35:30,974 - INFO - {'EVENT': 'Instance', 'TIMESTAMP': datetime.datetime(2025, 5, 8, 11, 35, 30, 974674), 'SYNTHESIZER CLASS NAME': 'TVAESynthesizer', 'SYNTHESIZER ID': 'TVAESynthesizer_1.18.0_636f40218c1646fe802ab24c805b10ed'}
2025-05-08 11:35:30,974 - INFO - [SYNTHETIC] TVAE initialized with epochs: 300
2025-05-08 11:35:30,974 - INFO - [SYNTHETIC] Training parameters for TVAE: {}
2025-05-08 11:35:30,974 - INFO - [SYNTHETIC] fitting TVAE 
2025-05-08 11:35:30,974 - INFO - {'EVENT': 'Fit', 'TIMESTAMP': datetime.datetime(2025, 5, 8, 11, 35, 30, 974953), 'SYNTHESIZER CLASS NAME': 'TVAESynthesizer', 'SYNTHESIZER ID': 'TVAESynthesizer_1.18.0_636f40218c1646fe802ab24c805b10ed', 'TOTAL NUMBER OF TABLES': 1, 'TOTAL NUMBER OF ROWS': 39073, 'TOTAL NUMBER OF COLUMNS': 37}
2025-05-08 11:35:31,038 - INFO - Fitting table  metadata
2025-05-08 11:35:31,042 - INFO - Fitting formatters for table 
2025-05-08 11:35:31,045 - INFO - Fitting constraints for table 
2025-05-08 11:35:31,045 - INFO - Setting the configuration for the ``HyperTransformer`` for table 
2025-05-08 11:35:31,047 - INFO - Fitting HyperTransformer for table 
2025-05-08 11:35:31,139 - INFO - {'EVENT': 'Fit processed data', 'TIMESTAMP': datetime.datetime(2025, 5, 8, 11, 35, 31, 139756), 'SYNTHESIZER CLASS NAME': 'TVAESynthesizer', 'SYNTHESIZER ID': 'TVAESynthesizer_1.18.0_636f40218c1646fe802ab24c805b10ed', 'TOTAL NUMBER OF TABLES': 1, 'TOTAL NUMBER OF ROWS': 39073, 'TOTAL NUMBER OF COLUMNS': 37}
2025-05-08 11:35:31,151 - INFO - Guidance: There are no missing values in column fnlwgt. Extra column not created.
2025-05-08 11:35:49,585 - INFO - Guidance: There are no missing values in column education-num. Extra column not created.
2025-05-08 11:36:12,749 - INFO - Guidance: There are no missing values in column capital-gain. Extra column not created.
2025-05-08 11:36:29,446 - INFO - Guidance: There are no missing values in column capital-loss. Extra column not created.
2025-05-08 11:36:47,541 - INFO - Guidance: There are no missing values in column hours-per-week. Extra column not created.
2025-05-08 11:45:08,782 - INFO - [SYNTHETIC] Fitting complete for TVAE. Duration: 577.81 seconds.
2025-05-08 11:45:08,783 - INFO - [SYNTHETIC] CONFIRMATION TVAE actually trained with epochs = 300
2025-05-08 11:45:08,783 - INFO - {'EVENT': 'Save', 'TIMESTAMP': datetime.datetime(2025, 5, 8, 11, 45, 8, 783127), 'SYNTHESIZER CLASS NAME': 'TVAESynthesizer', 'SYNTHESIZER ID': 'TVAESynthesizer_1.18.0_636f40218c1646fe802ab24c805b10ed'}
2025-05-08 11:45:08,821 - INFO - [SYNTHETIC] TVAE trained and saved.
2025-05-08 11:45:08,821 - INFO - [SYNTHETIC] Using CTGAN to generate 39073 rows...
2025-05-08 11:45:24,324 - INFO - {'EVENT': 'Sample', 'TIMESTAMP': datetime.datetime(2025, 5, 8, 11, 45, 8, 821847), 'SYNTHESIZER CLASS NAME': 'CTGANSynthesizer', 'SYNTHESIZER ID': 'CTGANSynthesizer_1.18.0_7fdccd6c1616494f8fbbb7491ace66c5', 'TOTAL NUMBER OF TABLES': 1, 'TOTAL NUMBER OF ROWS': 39073, 'TOTAL NUMBER OF COLUMNS': 37}
2025-05-08 11:45:24,329 - INFO - [SYNTHETIC] CTGAN completed: 39073 rows generated.
2025-05-08 11:45:24,331 - INFO - [SYNTHETIC] Target class distribution for CTGAN: {'<=50K.': 18869, '<=50K': 9643, '>50K': 7054, '>50K.': 3507}
2025-05-08 11:45:24,333 - INFO - [SYNTHETIC] Using GaussianCopula to generate 39073 rows...
2025-05-08 11:45:26,584 - INFO - {'EVENT': 'Sample', 'TIMESTAMP': datetime.datetime(2025, 5, 8, 11, 45, 24, 334114), 'SYNTHESIZER CLASS NAME': 'GaussianCopulaSynthesizer', 'SYNTHESIZER ID': 'GaussianCopulaSynthesizer_1.18.0_ceeb3b061f76499580041524105e44b8', 'TOTAL NUMBER OF TABLES': 1, 'TOTAL NUMBER OF ROWS': 39073, 'TOTAL NUMBER OF COLUMNS': 37}
2025-05-08 11:45:26,589 - INFO - [SYNTHETIC] GaussianCopula completed: 39073 rows generated.
2025-05-08 11:45:26,591 - INFO - [SYNTHETIC] Target class distribution for GaussianCopula: {'<=50K': 19738, '<=50K.': 9841, '>50K': 6325, '>50K.': 3169}
2025-05-08 11:45:26,595 - INFO - [SYNTHETIC] Using TVAE to generate 39073 rows...
2025-05-08 11:45:37,484 - INFO - {'EVENT': 'Sample', 'TIMESTAMP': datetime.datetime(2025, 5, 8, 11, 45, 26, 595257), 'SYNTHESIZER CLASS NAME': 'TVAESynthesizer', 'SYNTHESIZER ID': 'TVAESynthesizer_1.18.0_636f40218c1646fe802ab24c805b10ed', 'TOTAL NUMBER OF TABLES': 1, 'TOTAL NUMBER OF ROWS': 39073, 'TOTAL NUMBER OF COLUMNS': 37}
2025-05-08 11:45:37,484 - INFO - [SYNTHETIC] TVAE completed: 39073 rows generated.
2025-05-08 11:45:37,487 - INFO - [SYNTHETIC] Target class distribution for TVAE: {'<=50K': 24686, '>50K': 6956, '<=50K.': 4334, '>50K.': 3097}
2025-05-08 11:45:37,489 - INFO - [SYNTHETIC PIPELINE] Synthetic Data Generation Completed.
2025-05-08 11:45:37,490 - INFO - [SYNTHETIC PIPELINE] Synthesizers used: ['CTGAN', 'GaussianCopula', 'TVAE']
2025-05-08 11:45:37,490 - INFO - [SYNTHETIC PIPELINE] Evaluating synthetic dataset generated by CTGAN...
2025-05-08 11:45:37,490 - INFO - [SYNTHETIC EVAL] Real data columns     (37): ['age', 'workclass_0', 'workclass_1', 'workclass_2', 'workclass_3', 'fnlwgt', 'education_0', 'education_1', 'education_2', 'education_3', 'education_4', 'education-num', 'marital-status_0', 'marital-status_1', 'marital-status_2', 'occupation_0', 'occupation_1', 'occupation_2', 'occupation_3', 'relationship_0', 'relationship_1', 'relationship_2', 'race_0', 'race_1', 'race_2', 'sex_0', 'sex_1', 'capital-gain', 'capital-loss', 'hours-per-week', 'native-country_0', 'native-country_1', 'native-country_2', 'native-country_3', 'native-country_4', 'native-country_5', 'income']
2025-05-08 11:45:37,491 - INFO - [SYNTHETIC EVAL] Synthetic data columns (37): ['age', 'workclass_0', 'workclass_1', 'workclass_2', 'workclass_3', 'fnlwgt', 'education_0', 'education_1', 'education_2', 'education_3', 'education_4', 'education-num', 'marital-status_0', 'marital-status_1', 'marital-status_2', 'occupation_0', 'occupation_1', 'occupation_2', 'occupation_3', 'relationship_0', 'relationship_1', 'relationship_2', 'race_0', 'race_1', 'race_2', 'sex_0', 'sex_1', 'capital-gain', 'capital-loss', 'hours-per-week', 'native-country_0', 'native-country_1', 'native-country_2', 'native-country_3', 'native-country_4', 'native-country_5', 'income']
2025-05-08 11:45:37,491 - INFO - [SYNTHETIC EVAL] Metadata columns      (37): ['age', 'workclass_0', 'workclass_1', 'workclass_2', 'workclass_3', 'fnlwgt', 'education_0', 'education_1', 'education_2', 'education_3', 'education_4', 'education-num', 'marital-status_0', 'marital-status_1', 'marital-status_2', 'occupation_0', 'occupation_1', 'occupation_2', 'occupation_3', 'relationship_0', 'relationship_1', 'relationship_2', 'race_0', 'race_1', 'race_2', 'sex_0', 'sex_1', 'capital-gain', 'capital-loss', 'hours-per-week', 'native-country_0', 'native-country_1', 'native-country_2', 'native-country_3', 'native-country_4', 'native-country_5', 'income']
2025-05-08 11:45:37,491 - INFO - [SYNTHETIC EVAL] Shape — Real: (39073, 37), Synthetic: (39073, 37)
2025-05-08 11:45:37,492 - INFO - [SYNTHETIC EVAL] Metadata structure:
{
  "columns": {
    "age": {
      "sdtype": "categorical"
    },
    "workclass_0": {
      "sdtype": "categorical"
    },
    "workclass_1": {
      "sdtype": "categorical"
    },
    "workclass_2": {
      "sdtype": "categorical"
    },
    "workclass_3": {
      "sdtype": "categorical"
    },
    "fnlwgt": {
      "sdtype": "numerical"
    },
    "education_0": {
      "sdtype": "categorical"
    },
    "education_1": {
      "sdtype": "categorical"
    },
    "education_2": {
      "sdtype": "categorical"
    },
    "education_3": {
      "sdtype": "categorical"
    },
    "education_4": {
      "sdtype": "categorical"
    },
    "education-num": {
      "sdtype": "numerical"
    },
    "marital-status_0": {
      "sdtype": "categorical"
    },
    "marital-status_1": {
      "sdtype": "categorical"
    },
    "marital-status_2": {
      "sdtype": "categorical"
    },
    "occupation_0": {
      "sdtype": "categorical"
    },
    "occupation_1": {
      "sdtype": "categorical"
    },
    "occupation_2": {
      "sdtype": "categorical"
    },
    "occupation_3": {
      "sdtype": "categorical"
    },
    "relationship_0": {
      "sdtype": "categorical"
    },
    "relationship_1": {
      "sdtype": "categorical"
    },
    "relationship_2": {
      "sdtype": "categorical"
    },
    "race_0": {
      "sdtype": "categorical"
    },
    "race_1": {
      "sdtype": "categorical"
    },
    "race_2": {
      "sdtype": "categorical"
    },
    "sex_0": {
      "sdtype": "categorical"
    },
    "sex_1": {
      "sdtype": "categorical"
    },
    "capital-gain": {
      "sdtype": "numerical"
    },
    "capital-loss": {
      "sdtype": "numerical"
    },
    "hours-per-week": {
      "sdtype": "numerical"
    },
    "native-country_0": {
      "sdtype": "categorical"
    },
    "native-country_1": {
      "sdtype": "categorical"
    },
    "native-country_2": {
      "sdtype": "categorical"
    },
    "native-country_3": {
      "sdtype": "categorical"
    },
    "native-country_4": {
      "sdtype": "categorical"
    },
    "native-country_5": {
      "sdtype": "categorical"
    },
    "income": {
      "sdtype": "categorical"
    }
  },
  "METADATA_SPEC_VERSION": "SINGLE_TABLE_V1"
}
2025-05-08 11:45:43,660 - INFO - [SYNTHETIC PIPELINE] Evaluating synthetic dataset generated by GaussianCopula...
2025-05-08 11:45:43,660 - INFO - [SYNTHETIC EVAL] Real data columns     (37): ['age', 'workclass_0', 'workclass_1', 'workclass_2', 'workclass_3', 'fnlwgt', 'education_0', 'education_1', 'education_2', 'education_3', 'education_4', 'education-num', 'marital-status_0', 'marital-status_1', 'marital-status_2', 'occupation_0', 'occupation_1', 'occupation_2', 'occupation_3', 'relationship_0', 'relationship_1', 'relationship_2', 'race_0', 'race_1', 'race_2', 'sex_0', 'sex_1', 'capital-gain', 'capital-loss', 'hours-per-week', 'native-country_0', 'native-country_1', 'native-country_2', 'native-country_3', 'native-country_4', 'native-country_5', 'income']
2025-05-08 11:45:43,660 - INFO - [SYNTHETIC EVAL] Synthetic data columns (37): ['age', 'workclass_0', 'workclass_1', 'workclass_2', 'workclass_3', 'fnlwgt', 'education_0', 'education_1', 'education_2', 'education_3', 'education_4', 'education-num', 'marital-status_0', 'marital-status_1', 'marital-status_2', 'occupation_0', 'occupation_1', 'occupation_2', 'occupation_3', 'relationship_0', 'relationship_1', 'relationship_2', 'race_0', 'race_1', 'race_2', 'sex_0', 'sex_1', 'capital-gain', 'capital-loss', 'hours-per-week', 'native-country_0', 'native-country_1', 'native-country_2', 'native-country_3', 'native-country_4', 'native-country_5', 'income']
2025-05-08 11:45:43,660 - INFO - [SYNTHETIC EVAL] Metadata columns      (37): ['age', 'workclass_0', 'workclass_1', 'workclass_2', 'workclass_3', 'fnlwgt', 'education_0', 'education_1', 'education_2', 'education_3', 'education_4', 'education-num', 'marital-status_0', 'marital-status_1', 'marital-status_2', 'occupation_0', 'occupation_1', 'occupation_2', 'occupation_3', 'relationship_0', 'relationship_1', 'relationship_2', 'race_0', 'race_1', 'race_2', 'sex_0', 'sex_1', 'capital-gain', 'capital-loss', 'hours-per-week', 'native-country_0', 'native-country_1', 'native-country_2', 'native-country_3', 'native-country_4', 'native-country_5', 'income']
2025-05-08 11:45:43,660 - INFO - [SYNTHETIC EVAL] Shape — Real: (39073, 37), Synthetic: (39073, 37)
2025-05-08 11:45:43,661 - INFO - [SYNTHETIC EVAL] Metadata structure:
{
  "columns": {
    "age": {
      "sdtype": "categorical"
    },
    "workclass_0": {
      "sdtype": "categorical"
    },
    "workclass_1": {
      "sdtype": "categorical"
    },
    "workclass_2": {
      "sdtype": "categorical"
    },
    "workclass_3": {
      "sdtype": "categorical"
    },
    "fnlwgt": {
      "sdtype": "numerical"
    },
    "education_0": {
      "sdtype": "categorical"
    },
    "education_1": {
      "sdtype": "categorical"
    },
    "education_2": {
      "sdtype": "categorical"
    },
    "education_3": {
      "sdtype": "categorical"
    },
    "education_4": {
      "sdtype": "categorical"
    },
    "education-num": {
      "sdtype": "numerical"
    },
    "marital-status_0": {
      "sdtype": "categorical"
    },
    "marital-status_1": {
      "sdtype": "categorical"
    },
    "marital-status_2": {
      "sdtype": "categorical"
    },
    "occupation_0": {
      "sdtype": "categorical"
    },
    "occupation_1": {
      "sdtype": "categorical"
    },
    "occupation_2": {
      "sdtype": "categorical"
    },
    "occupation_3": {
      "sdtype": "categorical"
    },
    "relationship_0": {
      "sdtype": "categorical"
    },
    "relationship_1": {
      "sdtype": "categorical"
    },
    "relationship_2": {
      "sdtype": "categorical"
    },
    "race_0": {
      "sdtype": "categorical"
    },
    "race_1": {
      "sdtype": "categorical"
    },
    "race_2": {
      "sdtype": "categorical"
    },
    "sex_0": {
      "sdtype": "categorical"
    },
    "sex_1": {
      "sdtype": "categorical"
    },
    "capital-gain": {
      "sdtype": "numerical"
    },
    "capital-loss": {
      "sdtype": "numerical"
    },
    "hours-per-week": {
      "sdtype": "numerical"
    },
    "native-country_0": {
      "sdtype": "categorical"
    },
    "native-country_1": {
      "sdtype": "categorical"
    },
    "native-country_2": {
      "sdtype": "categorical"
    },
    "native-country_3": {
      "sdtype": "categorical"
    },
    "native-country_4": {
      "sdtype": "categorical"
    },
    "native-country_5": {
      "sdtype": "categorical"
    },
    "income": {
      "sdtype": "categorical"
    }
  },
  "METADATA_SPEC_VERSION": "SINGLE_TABLE_V1"
}
2025-05-08 11:45:50,261 - INFO - [SYNTHETIC PIPELINE] Evaluating synthetic dataset generated by TVAE...
2025-05-08 11:45:50,261 - INFO - [SYNTHETIC EVAL] Real data columns     (37): ['age', 'workclass_0', 'workclass_1', 'workclass_2', 'workclass_3', 'fnlwgt', 'education_0', 'education_1', 'education_2', 'education_3', 'education_4', 'education-num', 'marital-status_0', 'marital-status_1', 'marital-status_2', 'occupation_0', 'occupation_1', 'occupation_2', 'occupation_3', 'relationship_0', 'relationship_1', 'relationship_2', 'race_0', 'race_1', 'race_2', 'sex_0', 'sex_1', 'capital-gain', 'capital-loss', 'hours-per-week', 'native-country_0', 'native-country_1', 'native-country_2', 'native-country_3', 'native-country_4', 'native-country_5', 'income']
2025-05-08 11:45:50,262 - INFO - [SYNTHETIC EVAL] Synthetic data columns (37): ['age', 'workclass_0', 'workclass_1', 'workclass_2', 'workclass_3', 'fnlwgt', 'education_0', 'education_1', 'education_2', 'education_3', 'education_4', 'education-num', 'marital-status_0', 'marital-status_1', 'marital-status_2', 'occupation_0', 'occupation_1', 'occupation_2', 'occupation_3', 'relationship_0', 'relationship_1', 'relationship_2', 'race_0', 'race_1', 'race_2', 'sex_0', 'sex_1', 'capital-gain', 'capital-loss', 'hours-per-week', 'native-country_0', 'native-country_1', 'native-country_2', 'native-country_3', 'native-country_4', 'native-country_5', 'income']
2025-05-08 11:45:50,262 - INFO - [SYNTHETIC EVAL] Metadata columns      (37): ['age', 'workclass_0', 'workclass_1', 'workclass_2', 'workclass_3', 'fnlwgt', 'education_0', 'education_1', 'education_2', 'education_3', 'education_4', 'education-num', 'marital-status_0', 'marital-status_1', 'marital-status_2', 'occupation_0', 'occupation_1', 'occupation_2', 'occupation_3', 'relationship_0', 'relationship_1', 'relationship_2', 'race_0', 'race_1', 'race_2', 'sex_0', 'sex_1', 'capital-gain', 'capital-loss', 'hours-per-week', 'native-country_0', 'native-country_1', 'native-country_2', 'native-country_3', 'native-country_4', 'native-country_5', 'income']
2025-05-08 11:45:50,262 - INFO - [SYNTHETIC EVAL] Shape — Real: (39073, 37), Synthetic: (39073, 37)
2025-05-08 11:45:50,263 - INFO - [SYNTHETIC EVAL] Metadata structure:
{
  "columns": {
    "age": {
      "sdtype": "categorical"
    },
    "workclass_0": {
      "sdtype": "categorical"
    },
    "workclass_1": {
      "sdtype": "categorical"
    },
    "workclass_2": {
      "sdtype": "categorical"
    },
    "workclass_3": {
      "sdtype": "categorical"
    },
    "fnlwgt": {
      "sdtype": "numerical"
    },
    "education_0": {
      "sdtype": "categorical"
    },
    "education_1": {
      "sdtype": "categorical"
    },
    "education_2": {
      "sdtype": "categorical"
    },
    "education_3": {
      "sdtype": "categorical"
    },
    "education_4": {
      "sdtype": "categorical"
    },
    "education-num": {
      "sdtype": "numerical"
    },
    "marital-status_0": {
      "sdtype": "categorical"
    },
    "marital-status_1": {
      "sdtype": "categorical"
    },
    "marital-status_2": {
      "sdtype": "categorical"
    },
    "occupation_0": {
      "sdtype": "categorical"
    },
    "occupation_1": {
      "sdtype": "categorical"
    },
    "occupation_2": {
      "sdtype": "categorical"
    },
    "occupation_3": {
      "sdtype": "categorical"
    },
    "relationship_0": {
      "sdtype": "categorical"
    },
    "relationship_1": {
      "sdtype": "categorical"
    },
    "relationship_2": {
      "sdtype": "categorical"
    },
    "race_0": {
      "sdtype": "categorical"
    },
    "race_1": {
      "sdtype": "categorical"
    },
    "race_2": {
      "sdtype": "categorical"
    },
    "sex_0": {
      "sdtype": "categorical"
    },
    "sex_1": {
      "sdtype": "categorical"
    },
    "capital-gain": {
      "sdtype": "numerical"
    },
    "capital-loss": {
      "sdtype": "numerical"
    },
    "hours-per-week": {
      "sdtype": "numerical"
    },
    "native-country_0": {
      "sdtype": "categorical"
    },
    "native-country_1": {
      "sdtype": "categorical"
    },
    "native-country_2": {
      "sdtype": "categorical"
    },
    "native-country_3": {
      "sdtype": "categorical"
    },
    "native-country_4": {
      "sdtype": "categorical"
    },
    "native-country_5": {
      "sdtype": "categorical"
    },
    "income": {
      "sdtype": "categorical"
    }
  },
  "METADATA_SPEC_VERSION": "SINGLE_TABLE_V1"
}
2025-05-08 11:45:57,226 - INFO -  [SYNTHETIC PIPELINE]  Synthetic Data Evaluation Completed.
2025-05-08 11:45:57,239 - INFO -  [SYNTHETIC PIPELINE] Synthetic Data Report Generated Successfully.
2025-05-08 11:45:58,493 - INFO - [HYBRID] Generated hybrid dataset shape for CTGAN: (39073, 37)
2025-05-08 11:45:58,496 - INFO - [HYBRID] Target distribution for CTGAN: {'<=50K.': 18869, '<=50K': 9643, '>50K': 7054, '>50K.': 3507}
2025-05-08 11:45:58,950 - INFO -  [HYBRID] Saved hybrid dataset to /mnt/NVMETank/Projects/Students/Dele/A-STUDY-INTO-THE-QUALITY-AND-USABILITY-OF-PRIVACY-FRIENDLY-SYNTHETIC-DATA/datasets/hybrid/censusIncome_k10_l2_sup05_CTGAN_HYBRID.csv
2025-05-08 11:45:58,950 - INFO - [HYBRID] Generated hybrid dataset shape for GaussianCopula: (39073, 37)
2025-05-08 11:45:58,952 - INFO - [HYBRID] Target distribution for GaussianCopula: {'<=50K': 19738, '<=50K.': 9841, '>50K': 6325, '>50K.': 3169}
2025-05-08 11:45:59,360 - INFO -  [HYBRID] Saved hybrid dataset to /mnt/NVMETank/Projects/Students/Dele/A-STUDY-INTO-THE-QUALITY-AND-USABILITY-OF-PRIVACY-FRIENDLY-SYNTHETIC-DATA/datasets/hybrid/censusIncome_k10_l2_sup05_GaussianCopula_HYBRID.csv
2025-05-08 11:45:59,360 - INFO - [HYBRID] Generated hybrid dataset shape for TVAE: (39073, 37)
2025-05-08 11:45:59,364 - INFO - [HYBRID] Target distribution for TVAE: {'<=50K': 24686, '>50K': 6956, '<=50K.': 4334, '>50K.': 3097}
2025-05-08 11:45:59,933 - INFO -  [HYBRID] Saved hybrid dataset to /mnt/NVMETank/Projects/Students/Dele/A-STUDY-INTO-THE-QUALITY-AND-USABILITY-OF-PRIVACY-FRIENDLY-SYNTHETIC-DATA/datasets/hybrid/censusIncome_k10_l2_sup05_TVAE_HYBRID.csv
2025-05-08 11:45:59,933 - INFO -  [HYBRID] Hybrid pipeline complete — 3 dataset(s) ready.
2025-05-08 11:45:59,933 - INFO - [HYBRID] Total rows across all hybrid datasets: 117219
2025-05-08 11:45:59,937 - INFO - Hybrid pipeline completed successfully.
2025-05-08 11:45:59,937 - INFO - Hybrid pipeline duration: 4252.34 seconds
2025-05-08 11:45:59,937 - INFO - Starting Utility...
2025-05-08 11:45:59,937 - INFO - [UTILITY] Preparing datasets for machine learning...
2025-05-08 11:45:59,962 - INFO - [UTILITY] Original Data - Training Size: 39073, Testing Size: 9769
2025-05-08 11:45:59,981 - INFO - [UTILITY] Target class distribution (Original): {'<=50K': 19775, '<=50K.': 9948, '>50K': 6273, '>50K.': 3077}
2025-05-08 11:45:59,994 - INFO - [UTILITY] Processing anonymized dataset...
2025-05-08 11:46:00,012 - INFO - [UTILITY] Anonymized Data - Training Size: 39073
2025-05-08 11:46:00,019 - INFO - [UTILITY] Target class distribution (Anonymous): {'<=50K': 19775, '<=50K.': 9948, '>50K': 6273, '>50K.': 3077}
2025-05-08 11:46:00,021 - INFO - [UTILITY] Processing hybrid dataset generated by CTGAN...
2025-05-08 11:46:00,030 - INFO - [UTILITY] Hybrid Data (CTGAN_HYBRID) - Training Size: 39073
2025-05-08 11:46:00,037 - INFO - [UTILITY] Target class distribution (CTGAN_HYBRID): {'<=50K.': 18869, '<=50K': 9643, '>50K': 7054, '>50K.': 3507}
2025-05-08 11:46:00,038 - INFO - [UTILITY] Processing hybrid dataset generated by GaussianCopula...
2025-05-08 11:46:00,055 - INFO - [UTILITY] Hybrid Data (GaussianCopula_HYBRID) - Training Size: 39073
2025-05-08 11:46:00,060 - INFO - [UTILITY] Target class distribution (GaussianCopula_HYBRID): {'<=50K': 19738, '<=50K.': 9841, '>50K': 6325, '>50K.': 3169}
2025-05-08 11:46:00,062 - INFO - [UTILITY] Processing hybrid dataset generated by TVAE...
2025-05-08 11:46:00,076 - INFO - [UTILITY] Hybrid Data (TVAE_HYBRID) - Training Size: 39073
2025-05-08 11:46:00,079 - INFO - [UTILITY] Target class distribution (TVAE_HYBRID): {'<=50K': 24686, '>50K': 6956, '<=50K.': 4334, '>50K.': 3097}
2025-05-08 11:46:00,079 - INFO - [UTILITY] Training models on all datasets...
2025-05-08 11:46:00,080 - INFO - [UTILITY] Total datasets used for training: 5
2025-05-08 11:46:00,080 - INFO - [TRAINING] Training models from scratch...
2025-05-08 11:46:00,080 - INFO - [TRAINING] Starting training for dataset: Original — Rows: 39073, Features: 36
2025-05-08 11:46:00,080 - INFO - [TRAINING] Training DecisionTree on Original...
2025-05-08 11:46:01,357 - INFO - [TRAINING] DecisionTree trained successfully on Original in 1.28 sec
2025-05-08 11:46:01,357 - INFO - [TRAINING] Training KNN on Original...
2025-05-08 11:46:01,465 - INFO - [TRAINING] KNN trained successfully on Original in 0.10 sec
2025-05-08 11:46:01,465 - INFO - [TRAINING] Training LogisticRegression on Original...
2025-05-08 11:46:04,635 - INFO - [TRAINING] LogisticRegression trained successfully on Original in 3.17 sec
2025-05-08 11:46:04,635 - INFO - [TRAINING] Training RandomForest on Original...
2025-05-08 11:46:14,560 - INFO - [TRAINING] RandomForest trained successfully on Original in 9.93 sec
2025-05-08 11:46:14,561 - INFO - [TRAINING] Training SVM on Original...
2025-05-08 11:47:21,143 - INFO - [TRAINING] SVM trained successfully on Original in 66.58 sec
2025-05-08 11:47:21,143 - INFO - [TRAINING] Finished training 5 model(s) for dataset: Original
2025-05-08 11:47:21,143 - INFO - [TRAINING] Starting training for dataset: Anonymous — Rows: 39073, Features: 36
2025-05-08 11:47:21,143 - INFO - [TRAINING] Training DecisionTree on Anonymous...
2025-05-08 11:47:21,515 - INFO - [TRAINING] DecisionTree trained successfully on Anonymous in 0.37 sec
2025-05-08 11:47:21,515 - INFO - [TRAINING] Training KNN on Anonymous...
2025-05-08 11:47:21,589 - INFO - [TRAINING] KNN trained successfully on Anonymous in 0.07 sec
2025-05-08 11:47:21,589 - INFO - [TRAINING] Training LogisticRegression on Anonymous...
2025-05-08 11:47:22,720 - INFO - [TRAINING] LogisticRegression trained successfully on Anonymous in 1.13 sec
2025-05-08 11:47:22,720 - INFO - [TRAINING] Training RandomForest on Anonymous...
2025-05-08 11:47:28,709 - INFO - [TRAINING] RandomForest trained successfully on Anonymous in 5.99 sec
2025-05-08 11:47:28,709 - INFO - [TRAINING] Training SVM on Anonymous...
2025-05-08 11:48:57,549 - INFO - [TRAINING] SVM trained successfully on Anonymous in 88.84 sec
2025-05-08 11:48:57,550 - INFO - [TRAINING] Finished training 5 model(s) for dataset: Anonymous
2025-05-08 11:48:57,550 - INFO - [TRAINING] Starting training for dataset: CTGAN_HYBRID — Rows: 39073, Features: 36
2025-05-08 11:48:57,550 - INFO - [TRAINING] Training DecisionTree on CTGAN_HYBRID...
2025-05-08 11:48:57,847 - INFO - [TRAINING] DecisionTree trained successfully on CTGAN_HYBRID in 0.30 sec
2025-05-08 11:48:57,847 - INFO - [TRAINING] Training KNN on CTGAN_HYBRID...
2025-05-08 11:48:57,873 - INFO - [TRAINING] KNN trained successfully on CTGAN_HYBRID in 0.03 sec
2025-05-08 11:48:57,873 - INFO - [TRAINING] Training LogisticRegression on CTGAN_HYBRID...
2025-05-08 11:48:58,851 - INFO - [TRAINING] LogisticRegression trained successfully on CTGAN_HYBRID in 0.98 sec
2025-05-08 11:48:58,856 - INFO - [TRAINING] Training RandomForest on CTGAN_HYBRID...
2025-05-08 11:49:05,525 - INFO - [TRAINING] RandomForest trained successfully on CTGAN_HYBRID in 6.67 sec
2025-05-08 11:49:05,525 - INFO - [TRAINING] Training SVM on CTGAN_HYBRID...
2025-05-08 11:51:45,659 - INFO - [TRAINING] SVM trained successfully on CTGAN_HYBRID in 160.13 sec
2025-05-08 11:51:45,659 - INFO - [TRAINING] Finished training 5 model(s) for dataset: CTGAN_HYBRID
2025-05-08 11:51:45,659 - INFO - [TRAINING] Starting training for dataset: GaussianCopula_HYBRID — Rows: 39073, Features: 36
2025-05-08 11:51:45,659 - INFO - [TRAINING] Training DecisionTree on GaussianCopula_HYBRID...
2025-05-08 11:51:46,029 - INFO - [TRAINING] DecisionTree trained successfully on GaussianCopula_HYBRID in 0.37 sec
2025-05-08 11:51:46,029 - INFO - [TRAINING] Training KNN on GaussianCopula_HYBRID...
2025-05-08 11:51:46,055 - INFO - [TRAINING] KNN trained successfully on GaussianCopula_HYBRID in 0.03 sec
2025-05-08 11:51:46,055 - INFO - [TRAINING] Training LogisticRegression on GaussianCopula_HYBRID...
2025-05-08 11:51:46,319 - INFO - [TRAINING] LogisticRegression trained successfully on GaussianCopula_HYBRID in 0.26 sec
2025-05-08 11:51:46,319 - INFO - [TRAINING] Training RandomForest on GaussianCopula_HYBRID...
2025-05-08 11:51:52,224 - INFO - [TRAINING] RandomForest trained successfully on GaussianCopula_HYBRID in 5.91 sec
2025-05-08 11:51:52,224 - INFO - [TRAINING] Training SVM on GaussianCopula_HYBRID...
2025-05-08 11:53:33,379 - INFO - [TRAINING] SVM trained successfully on GaussianCopula_HYBRID in 101.15 sec
2025-05-08 11:53:33,379 - INFO - [TRAINING] Finished training 5 model(s) for dataset: GaussianCopula_HYBRID
2025-05-08 11:53:33,379 - INFO - [TRAINING] Starting training for dataset: TVAE_HYBRID — Rows: 39073, Features: 36
2025-05-08 11:53:33,380 - INFO - [TRAINING] Training DecisionTree on TVAE_HYBRID...
2025-05-08 11:53:33,730 - INFO - [TRAINING] DecisionTree trained successfully on TVAE_HYBRID in 0.35 sec
2025-05-08 11:53:33,730 - INFO - [TRAINING] Training KNN on TVAE_HYBRID...
2025-05-08 11:53:33,767 - INFO - [TRAINING] KNN trained successfully on TVAE_HYBRID in 0.04 sec
2025-05-08 11:53:33,767 - INFO - [TRAINING] Training LogisticRegression on TVAE_HYBRID...
2025-05-08 11:53:38,856 - INFO - [TRAINING] LogisticRegression trained successfully on TVAE_HYBRID in 5.09 sec
2025-05-08 11:53:38,856 - INFO - [TRAINING] Training RandomForest on TVAE_HYBRID...
2025-05-08 11:53:46,783 - INFO - [TRAINING] RandomForest trained successfully on TVAE_HYBRID in 7.93 sec
2025-05-08 11:53:46,784 - INFO - [TRAINING] Training SVM on TVAE_HYBRID...
2025-05-08 11:56:44,351 - INFO - [TRAINING] SVM trained successfully on TVAE_HYBRID in 177.57 sec
2025-05-08 11:56:44,352 - INFO - [TRAINING] Finished training 5 model(s) for dataset: TVAE_HYBRID
2025-05-08 11:56:44,352 - INFO - [TRAINING] Total models trained across all datasets: 25
2025-05-08 11:56:44,352 - INFO - [UTILITY] Trained model names: ['Original', 'Anonymous', 'CTGAN_HYBRID', 'GaussianCopula_HYBRID', 'TVAE_HYBRID']
2025-05-08 11:56:44,352 - INFO - [UTILITY] Model Training Completed.
2025-05-08 11:56:44,352 - INFO - Starting the Evaluating of models...
2025-05-08 11:56:44,352 - INFO - Preparing evaluation for model 'DecisionTree' across all datasets...
2025-05-08 11:56:44,356 - INFO - Evaluating DecisionTree on Original...
2025-05-08 11:56:44,363 - INFO - Predictions completed for DecisionTree on Original
2025-05-08 11:56:44,371 - INFO - Prediction distribution for DecisionTree on Original: {'<=50K': 4749, '<=50K.': 2577, '>50K': 1607, '>50K.': 836}
2025-05-08 11:56:44,963 - INFO - Computed 8 metric(s) for DecisionTree on Original
2025-05-08 11:56:44,963 - INFO - Evaluating DecisionTree on Anonymous...
2025-05-08 11:56:44,971 - INFO - Predictions completed for DecisionTree on Anonymous
2025-05-08 11:56:44,979 - INFO - Prediction distribution for DecisionTree on Anonymous: {'<=50K': 4923, '<=50K.': 2552, '>50K': 1559, '>50K.': 735}
2025-05-08 11:56:45,503 - INFO - Computed 8 metric(s) for DecisionTree on Anonymous
2025-05-08 11:56:45,507 - INFO - Evaluating DecisionTree on CTGAN_HYBRID...
2025-05-08 11:56:45,515 - INFO - Predictions completed for DecisionTree on CTGAN_HYBRID
2025-05-08 11:56:45,519 - INFO - Prediction distribution for DecisionTree on CTGAN_HYBRID: {'<=50K.': 4341, '<=50K': 2798, '>50K': 1858, '>50K.': 772}
2025-05-08 11:56:46,025 - INFO - Computed 8 metric(s) for DecisionTree on CTGAN_HYBRID
2025-05-08 11:56:46,026 - INFO - Evaluating DecisionTree on GaussianCopula_HYBRID...
2025-05-08 11:56:46,042 - INFO - Predictions completed for DecisionTree on GaussianCopula_HYBRID
2025-05-08 11:56:46,043 - INFO - Prediction distribution for DecisionTree on GaussianCopula_HYBRID: {'<=50K': 5453, '<=50K.': 2244, '>50K.': 1087, '>50K': 985}
2025-05-08 11:56:46,608 - INFO - Computed 8 metric(s) for DecisionTree on GaussianCopula_HYBRID
2025-05-08 11:56:46,612 - INFO - Evaluating DecisionTree on TVAE_HYBRID...
2025-05-08 11:56:46,623 - INFO - Predictions completed for DecisionTree on TVAE_HYBRID
2025-05-08 11:56:46,627 - INFO - Prediction distribution for DecisionTree on TVAE_HYBRID: {'<=50K': 6153, '>50K': 1718, '<=50K.': 1080, '>50K.': 818}
2025-05-08 11:56:47,227 - INFO - Computed 8 metric(s) for DecisionTree on TVAE_HYBRID
2025-05-08 11:56:47,230 - INFO - Preparing evaluation for model 'KNN' across all datasets...
2025-05-08 11:56:47,231 - INFO - Evaluating KNN on Original...
2025-05-08 11:56:53,490 - INFO - Predictions completed for KNN on Original
2025-05-08 11:56:53,491 - INFO - Prediction distribution for KNN on Original: {'<=50K': 7038, '<=50K.': 1542, '>50K': 1005, '>50K.': 184}
2025-05-08 11:57:11,331 - INFO - Computed 8 metric(s) for KNN on Original
2025-05-08 11:57:11,332 - INFO - Evaluating KNN on Anonymous...
2025-05-08 11:57:15,526 - INFO - Predictions completed for KNN on Anonymous
2025-05-08 11:57:15,527 - INFO - Prediction distribution for KNN on Anonymous: {'<=50K': 7091, '<=50K.': 1572, '>50K': 932, '>50K.': 174}
2025-05-08 11:57:26,624 - INFO - Computed 8 metric(s) for KNN on Anonymous
2025-05-08 11:57:26,629 - INFO - Evaluating KNN on CTGAN_HYBRID...
2025-05-08 11:57:31,954 - INFO - Predictions completed for KNN on CTGAN_HYBRID
2025-05-08 11:57:31,955 - INFO - Prediction distribution for KNN on CTGAN_HYBRID: {'<=50K.': 6087, '<=50K': 2781, '>50K': 735, '>50K.': 166}
2025-05-08 11:57:41,149 - INFO - Computed 8 metric(s) for KNN on CTGAN_HYBRID
2025-05-08 11:57:41,149 - INFO - Evaluating KNN on GaussianCopula_HYBRID...
2025-05-08 11:57:47,363 - INFO - Predictions completed for KNN on GaussianCopula_HYBRID
2025-05-08 11:57:47,364 - INFO - Prediction distribution for KNN on GaussianCopula_HYBRID: {'<=50K': 8662, '<=50K.': 851, '>50K': 153, '>50K.': 103}
2025-05-08 11:57:56,640 - INFO - Computed 8 metric(s) for KNN on GaussianCopula_HYBRID
2025-05-08 11:57:56,641 - INFO - Evaluating KNN on TVAE_HYBRID...
2025-05-08 11:58:02,952 - INFO - Predictions completed for KNN on TVAE_HYBRID
2025-05-08 11:58:02,953 - INFO - Prediction distribution for KNN on TVAE_HYBRID: {'<=50K': 8336, '>50K': 882, '<=50K.': 400, '>50K.': 151}
2025-05-08 11:58:13,632 - INFO - Computed 8 metric(s) for KNN on TVAE_HYBRID
2025-05-08 11:58:13,632 - INFO - Preparing evaluation for model 'LogisticRegression' across all datasets...
2025-05-08 11:58:13,632 - INFO - Evaluating LogisticRegression on Original...
2025-05-08 11:58:13,645 - INFO - Predictions completed for LogisticRegression on Original
2025-05-08 11:58:13,646 - INFO - Prediction distribution for LogisticRegression on Original: {'<=50K': 7883, '>50K': 1884, '>50K.': 2}
2025-05-08 11:58:13,683 - WARNING - [UndefinedMetricWarning] Precision is ill-defined and being set to 0.0 in labels with no predicted samples. Use `zero_division` parameter to control this behavior. (from /mnt/NVMETank/Projects/Students/Dele/A-STUDY-INTO-THE-QUALITY-AND-USABILITY-OF-PRIVACY-FRIENDLY-SYNTHETIC-DATA/.venv/lib/python3.12/site-packages/sklearn/metrics/_classification.py:1565)
2025-05-08 11:58:13,733 - WARNING - [UndefinedMetricWarning] Precision is ill-defined and being set to 0.0 in labels with no predicted samples. Use `zero_division` parameter to control this behavior. (from /mnt/NVMETank/Projects/Students/Dele/A-STUDY-INTO-THE-QUALITY-AND-USABILITY-OF-PRIVACY-FRIENDLY-SYNTHETIC-DATA/.venv/lib/python3.12/site-packages/sklearn/metrics/_classification.py:1565)
2025-05-08 11:58:13,759 - WARNING - [UndefinedMetricWarning] Precision is ill-defined and being set to 0.0 in labels with no predicted samples. Use `zero_division` parameter to control this behavior. (from /mnt/NVMETank/Projects/Students/Dele/A-STUDY-INTO-THE-QUALITY-AND-USABILITY-OF-PRIVACY-FRIENDLY-SYNTHETIC-DATA/.venv/lib/python3.12/site-packages/sklearn/metrics/_classification.py:1565)
2025-05-08 11:58:13,831 - INFO - Computed 8 metric(s) for LogisticRegression on Original
2025-05-08 11:58:13,831 - INFO - Evaluating LogisticRegression on Anonymous...
2025-05-08 11:58:13,839 - INFO - Predictions completed for LogisticRegression on Anonymous
2025-05-08 11:58:13,840 - INFO - Prediction distribution for LogisticRegression on Anonymous: {'<=50K': 8864, '>50K': 905}
2025-05-08 11:58:13,873 - WARNING - [UndefinedMetricWarning] Precision is ill-defined and being set to 0.0 in labels with no predicted samples. Use `zero_division` parameter to control this behavior. (from /mnt/NVMETank/Projects/Students/Dele/A-STUDY-INTO-THE-QUALITY-AND-USABILITY-OF-PRIVACY-FRIENDLY-SYNTHETIC-DATA/.venv/lib/python3.12/site-packages/sklearn/metrics/_classification.py:1565)
2025-05-08 11:58:13,904 - WARNING - [UndefinedMetricWarning] Precision is ill-defined and being set to 0.0 in labels with no predicted samples. Use `zero_division` parameter to control this behavior. (from /mnt/NVMETank/Projects/Students/Dele/A-STUDY-INTO-THE-QUALITY-AND-USABILITY-OF-PRIVACY-FRIENDLY-SYNTHETIC-DATA/.venv/lib/python3.12/site-packages/sklearn/metrics/_classification.py:1565)
2025-05-08 11:58:13,930 - WARNING - [UndefinedMetricWarning] Precision is ill-defined and being set to 0.0 in labels with no predicted samples. Use `zero_division` parameter to control this behavior. (from /mnt/NVMETank/Projects/Students/Dele/A-STUDY-INTO-THE-QUALITY-AND-USABILITY-OF-PRIVACY-FRIENDLY-SYNTHETIC-DATA/.venv/lib/python3.12/site-packages/sklearn/metrics/_classification.py:1565)
2025-05-08 11:58:13,996 - INFO - Computed 8 metric(s) for LogisticRegression on Anonymous
2025-05-08 11:58:13,996 - INFO - Evaluating LogisticRegression on CTGAN_HYBRID...
2025-05-08 11:58:14,003 - INFO - Predictions completed for LogisticRegression on CTGAN_HYBRID
2025-05-08 11:58:14,004 - INFO - Prediction distribution for LogisticRegression on CTGAN_HYBRID: {'<=50K.': 7596, '>50K': 1692, '<=50K': 477, '>50K.': 4}
2025-05-08 11:58:14,155 - INFO - Computed 8 metric(s) for LogisticRegression on CTGAN_HYBRID
2025-05-08 11:58:14,155 - INFO - Evaluating LogisticRegression on GaussianCopula_HYBRID...
2025-05-08 11:58:14,159 - INFO - Predictions completed for LogisticRegression on GaussianCopula_HYBRID
2025-05-08 11:58:14,160 - INFO - Prediction distribution for LogisticRegression on GaussianCopula_HYBRID: {'<=50K': 9491, '>50K': 191, '<=50K.': 87}
2025-05-08 11:58:14,192 - WARNING - [UndefinedMetricWarning] Precision is ill-defined and being set to 0.0 in labels with no predicted samples. Use `zero_division` parameter to control this behavior. (from /mnt/NVMETank/Projects/Students/Dele/A-STUDY-INTO-THE-QUALITY-AND-USABILITY-OF-PRIVACY-FRIENDLY-SYNTHETIC-DATA/.venv/lib/python3.12/site-packages/sklearn/metrics/_classification.py:1565)
2025-05-08 11:58:14,218 - WARNING - [UndefinedMetricWarning] Precision is ill-defined and being set to 0.0 in labels with no predicted samples. Use `zero_division` parameter to control this behavior. (from /mnt/NVMETank/Projects/Students/Dele/A-STUDY-INTO-THE-QUALITY-AND-USABILITY-OF-PRIVACY-FRIENDLY-SYNTHETIC-DATA/.venv/lib/python3.12/site-packages/sklearn/metrics/_classification.py:1565)
2025-05-08 11:58:14,245 - WARNING - [UndefinedMetricWarning] Precision is ill-defined and being set to 0.0 in labels with no predicted samples. Use `zero_division` parameter to control this behavior. (from /mnt/NVMETank/Projects/Students/Dele/A-STUDY-INTO-THE-QUALITY-AND-USABILITY-OF-PRIVACY-FRIENDLY-SYNTHETIC-DATA/.venv/lib/python3.12/site-packages/sklearn/metrics/_classification.py:1565)
2025-05-08 11:58:14,316 - INFO - Computed 8 metric(s) for LogisticRegression on GaussianCopula_HYBRID
2025-05-08 11:58:14,316 - INFO - Evaluating LogisticRegression on TVAE_HYBRID...
2025-05-08 11:58:14,322 - INFO - Predictions completed for LogisticRegression on TVAE_HYBRID
2025-05-08 11:58:14,323 - INFO - Prediction distribution for LogisticRegression on TVAE_HYBRID: {'<=50K': 4514, '<=50K.': 3236, '>50K': 1837, '>50K.': 182}
2025-05-08 11:58:14,730 - INFO - Computed 8 metric(s) for LogisticRegression on TVAE_HYBRID
2025-05-08 11:58:14,731 - INFO - Preparing evaluation for model 'RandomForest' across all datasets...
2025-05-08 11:58:14,731 - INFO - Evaluating RandomForest on Original...
2025-05-08 11:58:15,137 - INFO - Predictions completed for RandomForest on Original
2025-05-08 11:58:15,142 - INFO - Prediction distribution for RandomForest on Original: {'<=50K': 6645, '>50K': 1701, '<=50K.': 1064, '>50K.': 359}
2025-05-08 11:58:15,792 - INFO - Computed 8 metric(s) for RandomForest on Original
2025-05-08 11:58:15,793 - INFO - Evaluating RandomForest on Anonymous...
2025-05-08 11:58:16,305 - INFO - Predictions completed for RandomForest on Anonymous
2025-05-08 11:58:16,306 - INFO - Prediction distribution for RandomForest on Anonymous: {'<=50K': 7123, '>50K': 1387, '<=50K.': 1030, '>50K.': 229}
2025-05-08 11:58:17,071 - INFO - Computed 8 metric(s) for RandomForest on Anonymous
2025-05-08 11:58:17,071 - INFO - Evaluating RandomForest on CTGAN_HYBRID...
2025-05-08 11:58:17,199 - INFO - Predictions completed for RandomForest on CTGAN_HYBRID
2025-05-08 11:58:17,200 - INFO - Prediction distribution for RandomForest on CTGAN_HYBRID: {'<=50K.': 6786, '>50K': 1769, '<=50K': 1096, '>50K.': 118}
2025-05-08 11:58:17,587 - INFO - Computed 8 metric(s) for RandomForest on CTGAN_HYBRID
2025-05-08 11:58:17,588 - INFO - Evaluating RandomForest on GaussianCopula_HYBRID...
2025-05-08 11:58:17,965 - INFO - Predictions completed for RandomForest on GaussianCopula_HYBRID
2025-05-08 11:58:17,966 - INFO - Prediction distribution for RandomForest on GaussianCopula_HYBRID: {'<=50K': 9499, '<=50K.': 218, '>50K': 50, '>50K.': 2}
2025-05-08 11:58:18,346 - INFO - Computed 8 metric(s) for RandomForest on GaussianCopula_HYBRID
2025-05-08 11:58:18,346 - INFO - Evaluating RandomForest on TVAE_HYBRID...
2025-05-08 11:58:18,498 - INFO - Predictions completed for RandomForest on TVAE_HYBRID
2025-05-08 11:58:18,499 - INFO - Prediction distribution for RandomForest on TVAE_HYBRID: {'<=50K': 7695, '>50K': 1393, '<=50K.': 401, '>50K.': 280}
2025-05-08 11:58:19,620 - INFO - Computed 8 metric(s) for RandomForest on TVAE_HYBRID
2025-05-08 11:58:19,621 - INFO - Preparing evaluation for model 'SVM' across all datasets...
2025-05-08 11:58:19,621 - INFO - Evaluating SVM on Original...
2025-05-08 11:58:37,713 - INFO - Predictions completed for SVM on Original
2025-05-08 11:58:37,714 - INFO - Prediction distribution for SVM on Original: {'<=50K': 9395, '>50K': 374}
2025-05-08 11:58:37,736 - WARNING - [UndefinedMetricWarning] Precision is ill-defined and being set to 0.0 in labels with no predicted samples. Use `zero_division` parameter to control this behavior. (from /mnt/NVMETank/Projects/Students/Dele/A-STUDY-INTO-THE-QUALITY-AND-USABILITY-OF-PRIVACY-FRIENDLY-SYNTHETIC-DATA/.venv/lib/python3.12/site-packages/sklearn/metrics/_classification.py:1565)
2025-05-08 11:58:37,754 - WARNING - [UndefinedMetricWarning] Precision is ill-defined and being set to 0.0 in labels with no predicted samples. Use `zero_division` parameter to control this behavior. (from /mnt/NVMETank/Projects/Students/Dele/A-STUDY-INTO-THE-QUALITY-AND-USABILITY-OF-PRIVACY-FRIENDLY-SYNTHETIC-DATA/.venv/lib/python3.12/site-packages/sklearn/metrics/_classification.py:1565)
2025-05-08 11:58:37,772 - WARNING - [UndefinedMetricWarning] Precision is ill-defined and being set to 0.0 in labels with no predicted samples. Use `zero_division` parameter to control this behavior. (from /mnt/NVMETank/Projects/Students/Dele/A-STUDY-INTO-THE-QUALITY-AND-USABILITY-OF-PRIVACY-FRIENDLY-SYNTHETIC-DATA/.venv/lib/python3.12/site-packages/sklearn/metrics/_classification.py:1565)
2025-05-08 11:58:37,786 - INFO - Computed 8 metric(s) for SVM on Original
2025-05-08 11:58:37,786 - INFO - Evaluating SVM on Anonymous...
2025-05-08 11:58:50,846 - INFO - Predictions completed for SVM on Anonymous
2025-05-08 11:58:50,847 - INFO - Prediction distribution for SVM on Anonymous: {'<=50K': 9395, '>50K': 374}
2025-05-08 11:58:50,880 - WARNING - [UndefinedMetricWarning] Precision is ill-defined and being set to 0.0 in labels with no predicted samples. Use `zero_division` parameter to control this behavior. (from /mnt/NVMETank/Projects/Students/Dele/A-STUDY-INTO-THE-QUALITY-AND-USABILITY-OF-PRIVACY-FRIENDLY-SYNTHETIC-DATA/.venv/lib/python3.12/site-packages/sklearn/metrics/_classification.py:1565)
2025-05-08 11:58:50,907 - WARNING - [UndefinedMetricWarning] Precision is ill-defined and being set to 0.0 in labels with no predicted samples. Use `zero_division` parameter to control this behavior. (from /mnt/NVMETank/Projects/Students/Dele/A-STUDY-INTO-THE-QUALITY-AND-USABILITY-OF-PRIVACY-FRIENDLY-SYNTHETIC-DATA/.venv/lib/python3.12/site-packages/sklearn/metrics/_classification.py:1565)
2025-05-08 11:58:50,933 - WARNING - [UndefinedMetricWarning] Precision is ill-defined and being set to 0.0 in labels with no predicted samples. Use `zero_division` parameter to control this behavior. (from /mnt/NVMETank/Projects/Students/Dele/A-STUDY-INTO-THE-QUALITY-AND-USABILITY-OF-PRIVACY-FRIENDLY-SYNTHETIC-DATA/.venv/lib/python3.12/site-packages/sklearn/metrics/_classification.py:1565)
2025-05-08 11:58:50,955 - INFO - Computed 8 metric(s) for SVM on Anonymous
2025-05-08 11:58:50,955 - INFO - Evaluating SVM on CTGAN_HYBRID...
2025-05-08 11:59:04,446 - INFO - Predictions completed for SVM on CTGAN_HYBRID
2025-05-08 11:59:04,447 - INFO - Prediction distribution for SVM on CTGAN_HYBRID: {'<=50K.': 9723, '>50K': 46}
2025-05-08 11:59:04,471 - WARNING - [UndefinedMetricWarning] Precision is ill-defined and being set to 0.0 in labels with no predicted samples. Use `zero_division` parameter to control this behavior. (from /mnt/NVMETank/Projects/Students/Dele/A-STUDY-INTO-THE-QUALITY-AND-USABILITY-OF-PRIVACY-FRIENDLY-SYNTHETIC-DATA/.venv/lib/python3.12/site-packages/sklearn/metrics/_classification.py:1565)
2025-05-08 11:59:04,489 - WARNING - [UndefinedMetricWarning] Precision is ill-defined and being set to 0.0 in labels with no predicted samples. Use `zero_division` parameter to control this behavior. (from /mnt/NVMETank/Projects/Students/Dele/A-STUDY-INTO-THE-QUALITY-AND-USABILITY-OF-PRIVACY-FRIENDLY-SYNTHETIC-DATA/.venv/lib/python3.12/site-packages/sklearn/metrics/_classification.py:1565)
2025-05-08 11:59:04,508 - WARNING - [UndefinedMetricWarning] Precision is ill-defined and being set to 0.0 in labels with no predicted samples. Use `zero_division` parameter to control this behavior. (from /mnt/NVMETank/Projects/Students/Dele/A-STUDY-INTO-THE-QUALITY-AND-USABILITY-OF-PRIVACY-FRIENDLY-SYNTHETIC-DATA/.venv/lib/python3.12/site-packages/sklearn/metrics/_classification.py:1565)
2025-05-08 11:59:04,523 - INFO - Computed 8 metric(s) for SVM on CTGAN_HYBRID
2025-05-08 11:59:04,523 - INFO - Evaluating SVM on GaussianCopula_HYBRID...
2025-05-08 11:59:18,298 - INFO - Predictions completed for SVM on GaussianCopula_HYBRID
2025-05-08 11:59:18,299 - INFO - Prediction distribution for SVM on GaussianCopula_HYBRID: {'<=50K': 9769}
2025-05-08 11:59:18,300 - WARNING -  [WARNING] :SVM on GaussianCopula_HYBRID predicted only one class: {'<=50K'}
2025-05-08 11:59:18,332 - WARNING - [UndefinedMetricWarning] Precision is ill-defined and being set to 0.0 in labels with no predicted samples. Use `zero_division` parameter to control this behavior. (from /mnt/NVMETank/Projects/Students/Dele/A-STUDY-INTO-THE-QUALITY-AND-USABILITY-OF-PRIVACY-FRIENDLY-SYNTHETIC-DATA/.venv/lib/python3.12/site-packages/sklearn/metrics/_classification.py:1565)
2025-05-08 11:59:18,359 - WARNING - [UndefinedMetricWarning] Precision is ill-defined and being set to 0.0 in labels with no predicted samples. Use `zero_division` parameter to control this behavior. (from /mnt/NVMETank/Projects/Students/Dele/A-STUDY-INTO-THE-QUALITY-AND-USABILITY-OF-PRIVACY-FRIENDLY-SYNTHETIC-DATA/.venv/lib/python3.12/site-packages/sklearn/metrics/_classification.py:1565)
2025-05-08 11:59:18,385 - WARNING - [UndefinedMetricWarning] Precision is ill-defined and being set to 0.0 in labels with no predicted samples. Use `zero_division` parameter to control this behavior. (from /mnt/NVMETank/Projects/Students/Dele/A-STUDY-INTO-THE-QUALITY-AND-USABILITY-OF-PRIVACY-FRIENDLY-SYNTHETIC-DATA/.venv/lib/python3.12/site-packages/sklearn/metrics/_classification.py:1565)
2025-05-08 11:59:18,406 - INFO - Computed 8 metric(s) for SVM on GaussianCopula_HYBRID
2025-05-08 11:59:18,406 - INFO - Evaluating SVM on TVAE_HYBRID...
2025-05-08 11:59:48,326 - INFO - Predictions completed for SVM on TVAE_HYBRID
2025-05-08 11:59:48,327 - INFO - Prediction distribution for SVM on TVAE_HYBRID: {'<=50K': 9709, '>50K': 60}
2025-05-08 11:59:48,434 - WARNING - [UndefinedMetricWarning] Precision is ill-defined and being set to 0.0 in labels with no predicted samples. Use `zero_division` parameter to control this behavior. (from /mnt/NVMETank/Projects/Students/Dele/A-STUDY-INTO-THE-QUALITY-AND-USABILITY-OF-PRIVACY-FRIENDLY-SYNTHETIC-DATA/.venv/lib/python3.12/site-packages/sklearn/metrics/_classification.py:1565)
2025-05-08 11:59:48,515 - WARNING - [UndefinedMetricWarning] Precision is ill-defined and being set to 0.0 in labels with no predicted samples. Use `zero_division` parameter to control this behavior. (from /mnt/NVMETank/Projects/Students/Dele/A-STUDY-INTO-THE-QUALITY-AND-USABILITY-OF-PRIVACY-FRIENDLY-SYNTHETIC-DATA/.venv/lib/python3.12/site-packages/sklearn/metrics/_classification.py:1565)
2025-05-08 11:59:48,583 - WARNING - [UndefinedMetricWarning] Precision is ill-defined and being set to 0.0 in labels with no predicted samples. Use `zero_division` parameter to control this behavior. (from /mnt/NVMETank/Projects/Students/Dele/A-STUDY-INTO-THE-QUALITY-AND-USABILITY-OF-PRIVACY-FRIENDLY-SYNTHETIC-DATA/.venv/lib/python3.12/site-packages/sklearn/metrics/_classification.py:1565)
2025-05-08 11:59:48,643 - INFO - Computed 8 metric(s) for SVM on TVAE_HYBRID
2025-05-08 11:59:48,663 - INFO - Evaluation completed for all models.
2025-05-08 11:59:48,664 - INFO - Model evaluation completed in 184.31 seconds.
2025-05-08 11:59:48,674 - INFO - Evaluated models: ['DecisionTree', 'KNN', 'LogisticRegression', 'RandomForest', 'SVM']
2025-05-08 11:59:48,674 - INFO - Model Training and Evaluation completed.
2025-05-08 11:59:50,871 - INFO -  Visualizations saved.
2025-05-08 11:59:50,871 - INFO -  Benchmarking Completed. Results saved in output folder.
