2025-05-08 18:45:54,120 - INFO - Loaded config file: configs/generated_configs/loan/loan_anon_k17_sl0p01_l10.yaml
2025-05-08 18:45:54,120 - INFO -  Benchmarking started for dataset: loan
2025-05-08 18:45:54,120 - INFO - Using dataset path: /mnt/NVMETank/Projects/Students/Dele/A-STUDY-INTO-THE-QUALITY-AND-USABILITY-OF-PRIVACY-FRIENDLY-SYNTHETIC-DATA/datasets/original/loan.csv
2025-05-08 18:45:54,120 - INFO - Target column: Loan_Status, separator: ','
2025-05-08 18:45:54,120 - INFO - Configuration loaded: enable_anonymization = True, enable_synthesis = False, enable_hybrid = True, enable_utility = True, delete_after_evaluation = False
2025-05-08 18:45:54,120 - INFO - Running preprocessing...
2025-05-08 18:45:54,125 - INFO -  [PREPROCESSING] Preprocessed files found. Skipping preprocessing.
2025-05-08 18:45:54,133 - INFO - Preprocessing completed. Rows before: 614, after: 336
2025-05-08 18:45:54,133 - INFO - Preprocessed data saved to: outputs/batch/loan_batch_2025-05-08_18-38-44/loan_anon_k17_sl0p01_l10/preprocessing_report.txt
2025-05-08 18:45:54,133 - INFO - enable_anonymization = True
2025-05-08 18:45:54,133 - INFO - Starting Anonymization Pipeline with output path: /mnt/NVMETank/Projects/Students/Dele/A-STUDY-INTO-THE-QUALITY-AND-USABILITY-OF-PRIVACY-FRIENDLY-SYNTHETIC-DATA/datasets/anonymized/loan_k17_l10_sup01_anonymized.csv.......
2025-05-08 18:45:54,138 - INFO -  [ANONYMIZATION] Executing run_anonymization, config_path : configs/generated_configs/loan/loan_anon_k17_sl0p01_l10.yaml...........
2025-05-08 18:45:54,138 - INFO -  [ANONYMIZATION] Using JAR file at /mnt/NVMETank/Projects/Students/Dele/A-STUDY-INTO-THE-QUALITY-AND-USABILITY-OF-PRIVACY-FRIENDLY-SYNTHETIC-DATA/src/anonymization/anonymARXij/bin/anonymARXij.jar to anonymize the dataset.
2025-05-08 18:45:55,358 - INFO -  [ANONYMIZATION] Anonimized file saved to : /mnt/NVMETank/Projects/Students/Dele/A-STUDY-INTO-THE-QUALITY-AND-USABILITY-OF-PRIVACY-FRIENDLY-SYNTHETIC-DATA/datasets/anonymized/loan_k17_l10_sup01_anonymized.csv
2025-05-08 18:45:55,358 - INFO -  [ANONYMIZATION] Java anonymization completed successfully.
2025-05-08 18:45:55,358 - INFO -  [ANONYMIZATION] Java STDOUT:
📄 Java received config path: /mnt/NVMETank/Projects/Students/Dele/A-STUDY-INTO-THE-QUALITY-AND-USABILITY-OF-PRIVACY-FRIENDLY-SYNTHETIC-DATA/configs/generated_configs/loan/loan_anon_k17_sl0p01_l10.yaml
🔹 Loading config from: /mnt/NVMETank/Projects/Students/Dele/A-STUDY-INTO-THE-QUALITY-AND-USABILITY-OF-PRIVACY-FRIENDLY-SYNTHETIC-DATA/configs/generated_configs/loan/loan_anon_k17_sl0p01_l10.yaml
Loading config from: /mnt/NVMETank/Projects/Students/Dele/A-STUDY-INTO-THE-QUALITY-AND-USABILITY-OF-PRIVACY-FRIENDLY-SYNTHETIC-DATA/configs/generated_configs/loan/loan_anon_k17_sl0p01_l10.yaml
📂 Dataset Path (from args): /mnt/NVMETank/Projects/Students/Dele/A-STUDY-INTO-THE-QUALITY-AND-USABILITY-OF-PRIVACY-FRIENDLY-SYNTHETIC-DATA/datasets/train/loan_train_raw.csv
🔹 Dataset Separator: ,
🔹 Suppression Limit: 0.01

🔹 Configured Attributes:
  ✅ Quasi-Identifier: Gender
  ✅ Quasi-Identifier: Married
  ✅ Quasi-Identifier: Education
  ✅ Quasi-Identifier: Dependents
  ✅ Quasi-Identifier: Self_Employed
  ✅ Quasi-Identifier: Property_Area
  ✅ Quasi-Identifier: Credit_History
  ✅ Quasi-Identifier: Loan_Amount_Term
  ✅ Sensitive Attribute: LoanAmount
  ✅ Insensitive Attribute: Loan_Status
  ✅ Insensitive Attribute: ApplicantIncome
  ✅ Insensitive Attribute: CoapplicantIncome

🔹 Defined Hierarchies:
  ✅ Property_Area -> /mnt/NVMETank/Projects/Students/Dele/A-STUDY-INTO-THE-QUALITY-AND-USABILITY-OF-PRIVACY-FRIENDLY-SYNTHETIC-DATA/src/anonymization/anonymARXij/src/hierarchies_loan/property_area.csv
  ✅ Self_Employed -> /mnt/NVMETank/Projects/Students/Dele/A-STUDY-INTO-THE-QUALITY-AND-USABILITY-OF-PRIVACY-FRIENDLY-SYNTHETIC-DATA/src/anonymization/anonymARXij/src/hierarchies_loan/self_employed.csv
  ✅ Credit_History -> /mnt/NVMETank/Projects/Students/Dele/A-STUDY-INTO-THE-QUALITY-AND-USABILITY-OF-PRIVACY-FRIENDLY-SYNTHETIC-DATA/src/anonymization/anonymARXij/src/hierarchies_loan/credit_history.csv
  ✅ Dependents -> /mnt/NVMETank/Projects/Students/Dele/A-STUDY-INTO-THE-QUALITY-AND-USABILITY-OF-PRIVACY-FRIENDLY-SYNTHETIC-DATA/src/anonymization/anonymARXij/src/hierarchies_loan/dependents.csv
  ✅ Education -> /mnt/NVMETank/Projects/Students/Dele/A-STUDY-INTO-THE-QUALITY-AND-USABILITY-OF-PRIVACY-FRIENDLY-SYNTHETIC-DATA/src/anonymization/anonymARXij/src/hierarchies_loan/education.csv
  ✅ Loan_Amount_Term -> /mnt/NVMETank/Projects/Students/Dele/A-STUDY-INTO-THE-QUALITY-AND-USABILITY-OF-PRIVACY-FRIENDLY-SYNTHETIC-DATA/src/anonymization/anonymARXij/src/hierarchies_loan/loan_amount_terms.csv
  ✅ Married -> /mnt/NVMETank/Projects/Students/Dele/A-STUDY-INTO-THE-QUALITY-AND-USABILITY-OF-PRIVACY-FRIENDLY-SYNTHETIC-DATA/src/anonymization/anonymARXij/src/hierarchies_loan/married.csv
  ✅ Gender -> /mnt/NVMETank/Projects/Students/Dele/A-STUDY-INTO-THE-QUALITY-AND-USABILITY-OF-PRIVACY-FRIENDLY-SYNTHETIC-DATA/src/anonymization/anonymARXij/src/hierarchies_loan/gender.csv
Java is searching for hierarchy file at: /mnt/NVMETank/Projects/Students/Dele/A-STUDY-INTO-THE-QUALITY-AND-USABILITY-OF-PRIVACY-FRIENDLY-SYNTHETIC-DATA/src/anonymization/anonymARXij/src/hierarchies_loan/property_area.csv
Java is searching for hierarchy file at: /mnt/NVMETank/Projects/Students/Dele/A-STUDY-INTO-THE-QUALITY-AND-USABILITY-OF-PRIVACY-FRIENDLY-SYNTHETIC-DATA/src/anonymization/anonymARXij/src/hierarchies_loan/self_employed.csv
Java is searching for hierarchy file at: /mnt/NVMETank/Projects/Students/Dele/A-STUDY-INTO-THE-QUALITY-AND-USABILITY-OF-PRIVACY-FRIENDLY-SYNTHETIC-DATA/src/anonymization/anonymARXij/src/hierarchies_loan/credit_history.csv
Java is searching for hierarchy file at: /mnt/NVMETank/Projects/Students/Dele/A-STUDY-INTO-THE-QUALITY-AND-USABILITY-OF-PRIVACY-FRIENDLY-SYNTHETIC-DATA/src/anonymization/anonymARXij/src/hierarchies_loan/dependents.csv
Java is searching for hierarchy file at: /mnt/NVMETank/Projects/Students/Dele/A-STUDY-INTO-THE-QUALITY-AND-USABILITY-OF-PRIVACY-FRIENDLY-SYNTHETIC-DATA/src/anonymization/anonymARXij/src/hierarchies_loan/education.csv
Java is searching for hierarchy file at: /mnt/NVMETank/Projects/Students/Dele/A-STUDY-INTO-THE-QUALITY-AND-USABILITY-OF-PRIVACY-FRIENDLY-SYNTHETIC-DATA/src/anonymization/anonymARXij/src/hierarchies_loan/loan_amount_terms.csv
Java is searching for hierarchy file at: /mnt/NVMETank/Projects/Students/Dele/A-STUDY-INTO-THE-QUALITY-AND-USABILITY-OF-PRIVACY-FRIENDLY-SYNTHETIC-DATA/src/anonymization/anonymARXij/src/hierarchies_loan/married.csv
Java is searching for hierarchy file at: /mnt/NVMETank/Projects/Students/Dele/A-STUDY-INTO-THE-QUALITY-AND-USABILITY-OF-PRIVACY-FRIENDLY-SYNTHETIC-DATA/src/anonymization/anonymARXij/src/hierarchies_loan/gender.csv
✓ Applied Entropy L-Diversity on: LoanAmount (l=10)
🔹 Privacy Models Configured
📂 Anonymized Output Path (from args): /mnt/NVMETank/Projects/Students/Dele/A-STUDY-INTO-THE-QUALITY-AND-USABILITY-OF-PRIVACY-FRIENDLY-SYNTHETIC-DATA/datasets/anonymized/loan_k17_l10_sup01_anonymized.csv
📂 Anonymized Output Path: /mnt/NVMETank/Projects/Students/Dele/A-STUDY-INTO-THE-QUALITY-AND-USABILITY-OF-PRIVACY-FRIENDLY-SYNTHETIC-DATA/datasets/anonymized/loan_k17_l10_sup01_anonymized.csv
✅ Anonymization completed. Output saved to: /mnt/NVMETank/Projects/Students/Dele/A-STUDY-INTO-THE-QUALITY-AND-USABILITY-OF-PRIVACY-FRIENDLY-SYNTHETIC-DATA/datasets/anonymized/loan_k17_l10_sup01_anonymized.csv
Anonymized Data Quality Metrics:
 - Ambiguity: 0.9167303284950343
 - AECS: 0.8393285371702638
 - Discernibility: 0.7804402038382305
 - Granularity: 0.3154574132492116
 - MSE: 0.06206797235023043
 - Non-Uniform Entropy: 0.2978982509145419
 - Precision: 0.3125
 - Record-level SE: 0.05192522068221883
Equivalence Class Statistics:
 - Number of Classes: 6
 - Average Class Size: 56.0
Suppression Statistics:
 - Suppressed Records: 0
 - Suppression Percentage: 0.00%
2025-05-08 18:45:55,358 - INFO - Anonymized data saved to: /mnt/NVMETank/Projects/Students/Dele/A-STUDY-INTO-THE-QUALITY-AND-USABILITY-OF-PRIVACY-FRIENDLY-SYNTHETIC-DATA/datasets/anonymized/loan_k17_l10_sup01_anonymized.csv
2025-05-08 18:45:55,367 - INFO - Anonymous data report saved at: outputs/batch/loan_batch_2025-05-08_18-38-44/loan_anon_k17_sl0p01_l10/anonymous_data_report.txt
2025-05-08 18:45:55,367 - INFO -  [POSTPROCESSING] Postprocessing anonymized data: /mnt/NVMETank/Projects/Students/Dele/A-STUDY-INTO-THE-QUALITY-AND-USABILITY-OF-PRIVACY-FRIENDLY-SYNTHETIC-DATA/datasets/anonymized/loan_k17_l10_sup01_anonymized.csv
2025-05-08 18:45:55,369 - INFO -  [POSTPROCESSING] Loaded anonymized data: (336, 12)
2025-05-08 18:45:55,373 - INFO -  [POSTPROCESSING] Loaded fallback maps from training data. Categorical cols: 7, Numeric cols: 5
2025-05-08 18:45:55,373 - INFO -  [POSTPROCESSING] Normalizing anonymized data using ARX artifact cleaning and fallback values.
2025-05-08 18:45:55,388 - INFO -  [POSTPROCESSING] Normalized anonymized data saved to: /mnt/NVMETank/Projects/Students/Dele/A-STUDY-INTO-THE-QUALITY-AND-USABILITY-OF-PRIVACY-FRIENDLY-SYNTHETIC-DATA/datasets/anonymized/loan_k17_l10_sup01_anonymized_processed.csv
2025-05-08 18:45:55,396 - INFO -  [POSTPROCESSING] Binary Encoding applied to anonymized data. Encoded shape: (336, 19)
2025-05-08 18:45:55,398 - INFO -  [POSTPROCESSING] Encoded anonymized dataset saved to: /mnt/NVMETank/Projects/Students/Dele/A-STUDY-INTO-THE-QUALITY-AND-USABILITY-OF-PRIVACY-FRIENDLY-SYNTHETIC-DATA/datasets/anonymized/loan_k17_l10_sup01_anonymized_encoded.csv
2025-05-08 18:45:55,398 - INFO -  [POSTPROCESSING] Encoding map generated for anonymized data: 0 original categorical columns.
2025-05-08 18:45:55,398 - INFO - Postprocessing report saved at: outputs/batch/loan_batch_2025-05-08_18-38-44/loan_anon_k17_sl0p01_l10/postprocessing_report.txt
2025-05-08 18:45:55,398 - INFO - enable_synthetic_generation = False
2025-05-08 18:45:55,398 - INFO - Synthetic Data Generation Skipped (Disabled in Configuration).
2025-05-08 18:45:55,398 - INFO - Running Hybrid Pipeline...
2025-05-08 18:45:55,398 - INFO -  [HYBRID] Executing run_hybrid...
2025-05-08 18:45:55,398 - INFO -  [HYBRID] Looking for encoded anonymized data in /mnt/NVMETank/Projects/Students/Dele/A-STUDY-INTO-THE-QUALITY-AND-USABILITY-OF-PRIVACY-FRIENDLY-SYNTHETIC-DATA/datasets/anonymized/loan_k17_l10_sup01_anonymized_encoded.csv
2025-05-08 18:45:55,398 - INFO -  [HYBRID ] Loaded cached encoded anonymous data from /mnt/NVMETank/Projects/Students/Dele/A-STUDY-INTO-THE-QUALITY-AND-USABILITY-OF-PRIVACY-FRIENDLY-SYNTHETIC-DATA/datasets/anonymized/loan_k17_l10_sup01_anonymized_encoded.csv
2025-05-08 18:45:55,399 - INFO -  [HYBRID] Starting synthetic generation for hybrid pipeline...
2025-05-08 18:45:55,400 - INFO - Executing run_synthetic.....
2025-05-08 18:45:55,400 - INFO - [SYNTHETIC PIPELINE] executing run_synthetic for loan_k17_l10_sup01...
2025-05-08 18:45:55,400 - INFO - [SYNTHETIC] Processing dataset: loan_k17_l10_sup01
2025-05-08 18:45:55,400 - INFO - [SYNTHETIC] Original dataset size: 336 rows
2025-05-08 18:45:55,411 - INFO - Detected metadata:
2025-05-08 18:45:55,411 - INFO - {
    "columns": {
        "Gender_0": {
            "sdtype": "categorical"
        },
        "Gender_1": {
            "sdtype": "categorical"
        },
        "Married_0": {
            "sdtype": "categorical"
        },
        "Married_1": {
            "sdtype": "categorical"
        },
        "Dependents_0": {
            "sdtype": "categorical"
        },
        "Dependents_1": {
            "sdtype": "categorical"
        },
        "Dependents_2": {
            "sdtype": "categorical"
        },
        "Education_0": {
            "sdtype": "categorical"
        },
        "Education_1": {
            "sdtype": "categorical"
        },
        "Self_Employed_0": {
            "sdtype": "categorical"
        },
        "Self_Employed_1": {
            "sdtype": "categorical"
        },
        "ApplicantIncome": {
            "sdtype": "numerical"
        },
        "CoapplicantIncome": {
            "sdtype": "numerical"
        },
        "LoanAmount": {
            "sdtype": "numerical"
        },
        "Loan_Amount_Term": {
            "sdtype": "categorical"
        },
        "Credit_History": {
            "sdtype": "categorical"
        },
        "Property_Area_0": {
            "sdtype": "categorical"
        },
        "Property_Area_1": {
            "sdtype": "categorical"
        },
        "Loan_Status": {
            "sdtype": "categorical"
        }
    },
    "METADATA_SPEC_VERSION": "SINGLE_TABLE_V1"
}
2025-05-08 18:45:55,411 - INFO - [SYNTHETIC] Preparing synthesizer: CTGAN
2025-05-08 18:45:55,411 - INFO - [SYNTHETIC] Params from config: {'epochs': 300}
2025-05-08 18:45:55,411 - INFO -  [SYNTHETIC] No pre-trained synthesizer found
2025-05-08 18:45:55,411 - INFO - [SYNTHETIC] Training new CTGAN synthesizer from scratch...
2025-05-08 18:45:55,411 - WARNING - [FutureWarning] The 'SingleTableMetadata' is deprecated. Please use the new 'Metadata' class for synthesizers. (from /mnt/NVMETank/Projects/Students/Dele/A-STUDY-INTO-THE-QUALITY-AND-USABILITY-OF-PRIVACY-FRIENDLY-SYNTHETIC-DATA/.venv/lib/python3.12/site-packages/sdv/single_table/base.py:119)
2025-05-08 18:45:55,412 - WARNING - [UserWarning] We strongly recommend saving the metadata using 'save_to_json' for replicability in future SDV versions. (from /mnt/NVMETank/Projects/Students/Dele/A-STUDY-INTO-THE-QUALITY-AND-USABILITY-OF-PRIVACY-FRIENDLY-SYNTHETIC-DATA/.venv/lib/python3.12/site-packages/sdv/single_table/base.py:104)
2025-05-08 18:45:55,417 - INFO - {'EVENT': 'Instance', 'TIMESTAMP': datetime.datetime(2025, 5, 8, 18, 45, 55, 417577), 'SYNTHESIZER CLASS NAME': 'CTGANSynthesizer', 'SYNTHESIZER ID': 'CTGANSynthesizer_1.18.0_ae3c2a8748234ba599fd74c07f8335e2'}
2025-05-08 18:45:55,417 - INFO - [SYNTHETIC] CTGAN initialized with epochs: 300
2025-05-08 18:45:55,417 - INFO - [SYNTHETIC] Training parameters for CTGAN: {}
2025-05-08 18:45:55,417 - INFO - [SYNTHETIC] fitting CTGAN 
2025-05-08 18:45:55,417 - INFO - {'EVENT': 'Fit', 'TIMESTAMP': datetime.datetime(2025, 5, 8, 18, 45, 55, 417810), 'SYNTHESIZER CLASS NAME': 'CTGANSynthesizer', 'SYNTHESIZER ID': 'CTGANSynthesizer_1.18.0_ae3c2a8748234ba599fd74c07f8335e2', 'TOTAL NUMBER OF TABLES': 1, 'TOTAL NUMBER OF ROWS': 336, 'TOTAL NUMBER OF COLUMNS': 19}
2025-05-08 18:45:55,419 - INFO - Fitting table  metadata
2025-05-08 18:45:55,419 - INFO - Fitting formatters for table 
2025-05-08 18:45:55,421 - INFO - Fitting constraints for table 
2025-05-08 18:45:55,421 - INFO - Setting the configuration for the ``HyperTransformer`` for table 
2025-05-08 18:45:55,422 - INFO - Fitting HyperTransformer for table 
2025-05-08 18:45:55,435 - INFO - {'EVENT': 'Fit processed data', 'TIMESTAMP': datetime.datetime(2025, 5, 8, 18, 45, 55, 435379), 'SYNTHESIZER CLASS NAME': 'CTGANSynthesizer', 'SYNTHESIZER ID': 'CTGANSynthesizer_1.18.0_ae3c2a8748234ba599fd74c07f8335e2', 'TOTAL NUMBER OF TABLES': 1, 'TOTAL NUMBER OF ROWS': 336, 'TOTAL NUMBER OF COLUMNS': 19}
2025-05-08 18:45:55,471 - INFO - Guidance: There are no missing values in column ApplicantIncome. Extra column not created.
2025-05-08 18:45:55,578 - INFO - Guidance: There are no missing values in column CoapplicantIncome. Extra column not created.
2025-05-08 18:45:55,686 - INFO - Guidance: There are no missing values in column LoanAmount. Extra column not created.
2025-05-08 18:46:16,552 - INFO - [SYNTHETIC] Fitting complete for CTGAN. Duration: 21.13 seconds.
2025-05-08 18:46:16,552 - INFO - [SYNTHETIC] CONFIRMATION CTGAN actually trained with epochs = 300
2025-05-08 18:46:16,552 - INFO - {'EVENT': 'Save', 'TIMESTAMP': datetime.datetime(2025, 5, 8, 18, 46, 16, 552808), 'SYNTHESIZER CLASS NAME': 'CTGANSynthesizer', 'SYNTHESIZER ID': 'CTGANSynthesizer_1.18.0_ae3c2a8748234ba599fd74c07f8335e2'}
2025-05-08 18:46:16,593 - INFO - [SYNTHETIC] CTGAN trained and saved.
2025-05-08 18:46:16,593 - INFO - [SYNTHETIC] Preparing synthesizer: GaussianCopula
2025-05-08 18:46:16,593 - INFO - [SYNTHETIC] Params from config: {}
2025-05-08 18:46:16,593 - INFO -  [SYNTHETIC] No pre-trained synthesizer found
2025-05-08 18:46:16,593 - INFO - [SYNTHETIC] Training new GaussianCopula synthesizer from scratch...
2025-05-08 18:46:16,593 - WARNING - [FutureWarning] The 'SingleTableMetadata' is deprecated. Please use the new 'Metadata' class for synthesizers. (from /mnt/NVMETank/Projects/Students/Dele/A-STUDY-INTO-THE-QUALITY-AND-USABILITY-OF-PRIVACY-FRIENDLY-SYNTHETIC-DATA/.venv/lib/python3.12/site-packages/sdv/single_table/base.py:119)
2025-05-08 18:46:16,597 - INFO - {'EVENT': 'Instance', 'TIMESTAMP': datetime.datetime(2025, 5, 8, 18, 46, 16, 597443), 'SYNTHESIZER CLASS NAME': 'GaussianCopulaSynthesizer', 'SYNTHESIZER ID': 'GaussianCopulaSynthesizer_1.18.0_eaa7dd2cee8b44758a01816c08a6ae01'}
2025-05-08 18:46:16,597 - INFO - [SYNTHETIC] fitting GaussianCopula 
2025-05-08 18:46:16,597 - INFO - {'EVENT': 'Fit', 'TIMESTAMP': datetime.datetime(2025, 5, 8, 18, 46, 16, 597622), 'SYNTHESIZER CLASS NAME': 'GaussianCopulaSynthesizer', 'SYNTHESIZER ID': 'GaussianCopulaSynthesizer_1.18.0_eaa7dd2cee8b44758a01816c08a6ae01', 'TOTAL NUMBER OF TABLES': 1, 'TOTAL NUMBER OF ROWS': 336, 'TOTAL NUMBER OF COLUMNS': 19}
2025-05-08 18:46:16,599 - INFO - Fitting table  metadata
2025-05-08 18:46:16,599 - INFO - Fitting formatters for table 
2025-05-08 18:46:16,601 - INFO - Fitting constraints for table 
2025-05-08 18:46:16,601 - INFO - Setting the configuration for the ``HyperTransformer`` for table 
2025-05-08 18:46:16,607 - INFO - Fitting HyperTransformer for table 
2025-05-08 18:46:16,712 - INFO - {'EVENT': 'Fit processed data', 'TIMESTAMP': datetime.datetime(2025, 5, 8, 18, 46, 16, 712429), 'SYNTHESIZER CLASS NAME': 'GaussianCopulaSynthesizer', 'SYNTHESIZER ID': 'GaussianCopulaSynthesizer_1.18.0_eaa7dd2cee8b44758a01816c08a6ae01', 'TOTAL NUMBER OF TABLES': 1, 'TOTAL NUMBER OF ROWS': 336, 'TOTAL NUMBER OF COLUMNS': 19}
2025-05-08 18:46:16,712 - INFO - Fitting GaussianMultivariate(distribution="{'Gender_0': <class 'copulas.univariate.beta.BetaUnivariate'>, 'Gender_1': <class 'copulas.univariate.beta.BetaUnivariate'>, 'Married_0': <class 'copulas.univariate.beta.BetaUnivariate'>, 'Married_1': <class 'copulas.univariate.beta.BetaUnivariate'>, 'Dependents_0': <class 'copulas.univariate.beta.BetaUnivariate'>, 'Dependents_1': <class 'copulas.univariate.beta.BetaUnivariate'>, 'Dependents_2': <class 'copulas.univariate.beta.BetaUnivariate'>, 'Education_0': <class 'copulas.univariate.beta.BetaUnivariate'>, 'Education_1': <class 'copulas.univariate.beta.BetaUnivariate'>, 'Self_Employed_0': <class 'copulas.univariate.beta.BetaUnivariate'>, 'Self_Employed_1': <class 'copulas.univariate.beta.BetaUnivariate'>, 'ApplicantIncome': <class 'copulas.univariate.beta.BetaUnivariate'>, 'CoapplicantIncome': <class 'copulas.univariate.beta.BetaUnivariate'>, 'LoanAmount': <class 'copulas.univariate.beta.BetaUnivariate'>, 'Loan_Amount_Term': <class 'copulas.univariate.beta.BetaUnivariate'>, 'Credit_History': <class 'copulas.univariate.beta.BetaUnivariate'>, 'Property_Area_0': <class 'copulas.univariate.beta.BetaUnivariate'>, 'Property_Area_1': <class 'copulas.univariate.beta.BetaUnivariate'>, 'Loan_Status': <class 'copulas.univariate.beta.BetaUnivariate'>}")
2025-05-08 18:46:17,342 - INFO - [SYNTHETIC] Fitting complete for GaussianCopula. Duration: 0.74 seconds.
2025-05-08 18:46:17,342 - WARNING - [SYNTHETIC] WARNING Could not determine actual epochs used for GaussianCopula
2025-05-08 18:46:17,342 - INFO - {'EVENT': 'Save', 'TIMESTAMP': datetime.datetime(2025, 5, 8, 18, 46, 17, 342310), 'SYNTHESIZER CLASS NAME': 'GaussianCopulaSynthesizer', 'SYNTHESIZER ID': 'GaussianCopulaSynthesizer_1.18.0_eaa7dd2cee8b44758a01816c08a6ae01'}
2025-05-08 18:46:17,350 - INFO - [SYNTHETIC] GaussianCopula trained and saved.
2025-05-08 18:46:17,350 - INFO - [SYNTHETIC] Preparing synthesizer: TVAE
2025-05-08 18:46:17,350 - INFO - [SYNTHETIC] Params from config: {'epochs': 300}
2025-05-08 18:46:17,350 - INFO -  [SYNTHETIC] No pre-trained synthesizer found
2025-05-08 18:46:17,350 - INFO - [SYNTHETIC] Training new TVAE synthesizer from scratch...
2025-05-08 18:46:17,350 - WARNING - [FutureWarning] The 'SingleTableMetadata' is deprecated. Please use the new 'Metadata' class for synthesizers. (from /mnt/NVMETank/Projects/Students/Dele/A-STUDY-INTO-THE-QUALITY-AND-USABILITY-OF-PRIVACY-FRIENDLY-SYNTHETIC-DATA/.venv/lib/python3.12/site-packages/sdv/single_table/base.py:119)
2025-05-08 18:46:17,354 - INFO - {'EVENT': 'Instance', 'TIMESTAMP': datetime.datetime(2025, 5, 8, 18, 46, 17, 354085), 'SYNTHESIZER CLASS NAME': 'TVAESynthesizer', 'SYNTHESIZER ID': 'TVAESynthesizer_1.18.0_2f82c494f2de4f48a33461a9d2308b1a'}
2025-05-08 18:46:17,354 - INFO - [SYNTHETIC] TVAE initialized with epochs: 300
2025-05-08 18:46:17,354 - INFO - [SYNTHETIC] Training parameters for TVAE: {}
2025-05-08 18:46:17,354 - INFO - [SYNTHETIC] fitting TVAE 
2025-05-08 18:46:17,354 - INFO - {'EVENT': 'Fit', 'TIMESTAMP': datetime.datetime(2025, 5, 8, 18, 46, 17, 354423), 'SYNTHESIZER CLASS NAME': 'TVAESynthesizer', 'SYNTHESIZER ID': 'TVAESynthesizer_1.18.0_2f82c494f2de4f48a33461a9d2308b1a', 'TOTAL NUMBER OF TABLES': 1, 'TOTAL NUMBER OF ROWS': 336, 'TOTAL NUMBER OF COLUMNS': 19}
2025-05-08 18:46:17,356 - INFO - Fitting table  metadata
2025-05-08 18:46:17,356 - INFO - Fitting formatters for table 
2025-05-08 18:46:17,359 - INFO - Fitting constraints for table 
2025-05-08 18:46:17,359 - INFO - Setting the configuration for the ``HyperTransformer`` for table 
2025-05-08 18:46:17,361 - INFO - Fitting HyperTransformer for table 
2025-05-08 18:46:17,373 - INFO - {'EVENT': 'Fit processed data', 'TIMESTAMP': datetime.datetime(2025, 5, 8, 18, 46, 17, 373129), 'SYNTHESIZER CLASS NAME': 'TVAESynthesizer', 'SYNTHESIZER ID': 'TVAESynthesizer_1.18.0_2f82c494f2de4f48a33461a9d2308b1a', 'TOTAL NUMBER OF TABLES': 1, 'TOTAL NUMBER OF ROWS': 336, 'TOTAL NUMBER OF COLUMNS': 19}
2025-05-08 18:46:17,390 - INFO - Guidance: There are no missing values in column ApplicantIncome. Extra column not created.
2025-05-08 18:46:17,482 - INFO - Guidance: There are no missing values in column CoapplicantIncome. Extra column not created.
2025-05-08 18:46:17,521 - INFO - Guidance: There are no missing values in column LoanAmount. Extra column not created.
2025-05-08 18:46:20,075 - INFO - [SYNTHETIC] Fitting complete for TVAE. Duration: 2.72 seconds.
2025-05-08 18:46:20,075 - INFO - [SYNTHETIC] CONFIRMATION TVAE actually trained with epochs = 300
2025-05-08 18:46:20,075 - INFO - {'EVENT': 'Save', 'TIMESTAMP': datetime.datetime(2025, 5, 8, 18, 46, 20, 75791), 'SYNTHESIZER CLASS NAME': 'TVAESynthesizer', 'SYNTHESIZER ID': 'TVAESynthesizer_1.18.0_2f82c494f2de4f48a33461a9d2308b1a'}
2025-05-08 18:46:20,108 - INFO - [SYNTHETIC] TVAE trained and saved.
2025-05-08 18:46:20,108 - INFO - [SYNTHETIC] Using CTGAN to generate 336 rows...
2025-05-08 18:46:20,178 - INFO - {'EVENT': 'Sample', 'TIMESTAMP': datetime.datetime(2025, 5, 8, 18, 46, 20, 108378), 'SYNTHESIZER CLASS NAME': 'CTGANSynthesizer', 'SYNTHESIZER ID': 'CTGANSynthesizer_1.18.0_ae3c2a8748234ba599fd74c07f8335e2', 'TOTAL NUMBER OF TABLES': 1, 'TOTAL NUMBER OF ROWS': 336, 'TOTAL NUMBER OF COLUMNS': 19}
2025-05-08 18:46:20,178 - INFO - [SYNTHETIC] CTGAN completed: 336 rows generated.
2025-05-08 18:46:20,179 - INFO - [SYNTHETIC] Target class distribution for CTGAN: {'Y': 254, 'N': 82}
2025-05-08 18:46:20,179 - INFO - [SYNTHETIC] Using GaussianCopula to generate 336 rows...
2025-05-08 18:46:20,243 - INFO - {'EVENT': 'Sample', 'TIMESTAMP': datetime.datetime(2025, 5, 8, 18, 46, 20, 179191), 'SYNTHESIZER CLASS NAME': 'GaussianCopulaSynthesizer', 'SYNTHESIZER ID': 'GaussianCopulaSynthesizer_1.18.0_eaa7dd2cee8b44758a01816c08a6ae01', 'TOTAL NUMBER OF TABLES': 1, 'TOTAL NUMBER OF ROWS': 336, 'TOTAL NUMBER OF COLUMNS': 19}
2025-05-08 18:46:20,243 - INFO - [SYNTHETIC] GaussianCopula completed: 336 rows generated.
2025-05-08 18:46:20,243 - INFO - [SYNTHETIC] Target class distribution for GaussianCopula: {'Y': 230, 'N': 106}
2025-05-08 18:46:20,243 - INFO - [SYNTHETIC] Using TVAE to generate 336 rows...
2025-05-08 18:46:20,305 - INFO - {'EVENT': 'Sample', 'TIMESTAMP': datetime.datetime(2025, 5, 8, 18, 46, 20, 243802), 'SYNTHESIZER CLASS NAME': 'TVAESynthesizer', 'SYNTHESIZER ID': 'TVAESynthesizer_1.18.0_2f82c494f2de4f48a33461a9d2308b1a', 'TOTAL NUMBER OF TABLES': 1, 'TOTAL NUMBER OF ROWS': 336, 'TOTAL NUMBER OF COLUMNS': 19}
2025-05-08 18:46:20,305 - INFO - [SYNTHETIC] TVAE completed: 336 rows generated.
2025-05-08 18:46:20,305 - INFO - [SYNTHETIC] Target class distribution for TVAE: {'Y': 336}
2025-05-08 18:46:20,306 - INFO - [SYNTHETIC PIPELINE] Synthetic Data Generation Completed.
2025-05-08 18:46:20,306 - INFO - [SYNTHETIC PIPELINE] Synthesizers used: ['CTGAN', 'GaussianCopula', 'TVAE']
2025-05-08 18:46:20,306 - INFO - [SYNTHETIC PIPELINE] Evaluating synthetic dataset generated by CTGAN...
2025-05-08 18:46:20,306 - INFO - [SYNTHETIC EVAL] Real data columns     (19): ['Gender_0', 'Gender_1', 'Married_0', 'Married_1', 'Dependents_0', 'Dependents_1', 'Dependents_2', 'Education_0', 'Education_1', 'Self_Employed_0', 'Self_Employed_1', 'ApplicantIncome', 'CoapplicantIncome', 'LoanAmount', 'Loan_Amount_Term', 'Credit_History', 'Property_Area_0', 'Property_Area_1', 'Loan_Status']
2025-05-08 18:46:20,306 - INFO - [SYNTHETIC EVAL] Synthetic data columns (19): ['Gender_0', 'Gender_1', 'Married_0', 'Married_1', 'Dependents_0', 'Dependents_1', 'Dependents_2', 'Education_0', 'Education_1', 'Self_Employed_0', 'Self_Employed_1', 'ApplicantIncome', 'CoapplicantIncome', 'LoanAmount', 'Loan_Amount_Term', 'Credit_History', 'Property_Area_0', 'Property_Area_1', 'Loan_Status']
2025-05-08 18:46:20,306 - INFO - [SYNTHETIC EVAL] Metadata columns      (19): ['Gender_0', 'Gender_1', 'Married_0', 'Married_1', 'Dependents_0', 'Dependents_1', 'Dependents_2', 'Education_0', 'Education_1', 'Self_Employed_0', 'Self_Employed_1', 'ApplicantIncome', 'CoapplicantIncome', 'LoanAmount', 'Loan_Amount_Term', 'Credit_History', 'Property_Area_0', 'Property_Area_1', 'Loan_Status']
2025-05-08 18:46:20,306 - INFO - [SYNTHETIC EVAL] Shape — Real: (336, 19), Synthetic: (336, 19)
2025-05-08 18:46:20,306 - INFO - [SYNTHETIC EVAL] Metadata structure:
{
  "columns": {
    "Gender_0": {
      "sdtype": "categorical"
    },
    "Gender_1": {
      "sdtype": "categorical"
    },
    "Married_0": {
      "sdtype": "categorical"
    },
    "Married_1": {
      "sdtype": "categorical"
    },
    "Dependents_0": {
      "sdtype": "categorical"
    },
    "Dependents_1": {
      "sdtype": "categorical"
    },
    "Dependents_2": {
      "sdtype": "categorical"
    },
    "Education_0": {
      "sdtype": "categorical"
    },
    "Education_1": {
      "sdtype": "categorical"
    },
    "Self_Employed_0": {
      "sdtype": "categorical"
    },
    "Self_Employed_1": {
      "sdtype": "categorical"
    },
    "ApplicantIncome": {
      "sdtype": "numerical"
    },
    "CoapplicantIncome": {
      "sdtype": "numerical"
    },
    "LoanAmount": {
      "sdtype": "numerical"
    },
    "Loan_Amount_Term": {
      "sdtype": "categorical"
    },
    "Credit_History": {
      "sdtype": "categorical"
    },
    "Property_Area_0": {
      "sdtype": "categorical"
    },
    "Property_Area_1": {
      "sdtype": "categorical"
    },
    "Loan_Status": {
      "sdtype": "categorical"
    }
  },
  "METADATA_SPEC_VERSION": "SINGLE_TABLE_V1"
}
2025-05-08 18:46:20,651 - INFO - [SYNTHETIC PIPELINE] Evaluating synthetic dataset generated by GaussianCopula...
2025-05-08 18:46:20,651 - INFO - [SYNTHETIC EVAL] Real data columns     (19): ['Gender_0', 'Gender_1', 'Married_0', 'Married_1', 'Dependents_0', 'Dependents_1', 'Dependents_2', 'Education_0', 'Education_1', 'Self_Employed_0', 'Self_Employed_1', 'ApplicantIncome', 'CoapplicantIncome', 'LoanAmount', 'Loan_Amount_Term', 'Credit_History', 'Property_Area_0', 'Property_Area_1', 'Loan_Status']
2025-05-08 18:46:20,651 - INFO - [SYNTHETIC EVAL] Synthetic data columns (19): ['Gender_0', 'Gender_1', 'Married_0', 'Married_1', 'Dependents_0', 'Dependents_1', 'Dependents_2', 'Education_0', 'Education_1', 'Self_Employed_0', 'Self_Employed_1', 'ApplicantIncome', 'CoapplicantIncome', 'LoanAmount', 'Loan_Amount_Term', 'Credit_History', 'Property_Area_0', 'Property_Area_1', 'Loan_Status']
2025-05-08 18:46:20,652 - INFO - [SYNTHETIC EVAL] Metadata columns      (19): ['Gender_0', 'Gender_1', 'Married_0', 'Married_1', 'Dependents_0', 'Dependents_1', 'Dependents_2', 'Education_0', 'Education_1', 'Self_Employed_0', 'Self_Employed_1', 'ApplicantIncome', 'CoapplicantIncome', 'LoanAmount', 'Loan_Amount_Term', 'Credit_History', 'Property_Area_0', 'Property_Area_1', 'Loan_Status']
2025-05-08 18:46:20,652 - INFO - [SYNTHETIC EVAL] Shape — Real: (336, 19), Synthetic: (336, 19)
2025-05-08 18:46:20,652 - INFO - [SYNTHETIC EVAL] Metadata structure:
{
  "columns": {
    "Gender_0": {
      "sdtype": "categorical"
    },
    "Gender_1": {
      "sdtype": "categorical"
    },
    "Married_0": {
      "sdtype": "categorical"
    },
    "Married_1": {
      "sdtype": "categorical"
    },
    "Dependents_0": {
      "sdtype": "categorical"
    },
    "Dependents_1": {
      "sdtype": "categorical"
    },
    "Dependents_2": {
      "sdtype": "categorical"
    },
    "Education_0": {
      "sdtype": "categorical"
    },
    "Education_1": {
      "sdtype": "categorical"
    },
    "Self_Employed_0": {
      "sdtype": "categorical"
    },
    "Self_Employed_1": {
      "sdtype": "categorical"
    },
    "ApplicantIncome": {
      "sdtype": "numerical"
    },
    "CoapplicantIncome": {
      "sdtype": "numerical"
    },
    "LoanAmount": {
      "sdtype": "numerical"
    },
    "Loan_Amount_Term": {
      "sdtype": "categorical"
    },
    "Credit_History": {
      "sdtype": "categorical"
    },
    "Property_Area_0": {
      "sdtype": "categorical"
    },
    "Property_Area_1": {
      "sdtype": "categorical"
    },
    "Loan_Status": {
      "sdtype": "categorical"
    }
  },
  "METADATA_SPEC_VERSION": "SINGLE_TABLE_V1"
}
2025-05-08 18:46:21,007 - INFO - [SYNTHETIC PIPELINE] Evaluating synthetic dataset generated by TVAE...
2025-05-08 18:46:21,007 - INFO - [SYNTHETIC EVAL] Real data columns     (19): ['Gender_0', 'Gender_1', 'Married_0', 'Married_1', 'Dependents_0', 'Dependents_1', 'Dependents_2', 'Education_0', 'Education_1', 'Self_Employed_0', 'Self_Employed_1', 'ApplicantIncome', 'CoapplicantIncome', 'LoanAmount', 'Loan_Amount_Term', 'Credit_History', 'Property_Area_0', 'Property_Area_1', 'Loan_Status']
2025-05-08 18:46:21,007 - INFO - [SYNTHETIC EVAL] Synthetic data columns (19): ['Gender_0', 'Gender_1', 'Married_0', 'Married_1', 'Dependents_0', 'Dependents_1', 'Dependents_2', 'Education_0', 'Education_1', 'Self_Employed_0', 'Self_Employed_1', 'ApplicantIncome', 'CoapplicantIncome', 'LoanAmount', 'Loan_Amount_Term', 'Credit_History', 'Property_Area_0', 'Property_Area_1', 'Loan_Status']
2025-05-08 18:46:21,007 - INFO - [SYNTHETIC EVAL] Metadata columns      (19): ['Gender_0', 'Gender_1', 'Married_0', 'Married_1', 'Dependents_0', 'Dependents_1', 'Dependents_2', 'Education_0', 'Education_1', 'Self_Employed_0', 'Self_Employed_1', 'ApplicantIncome', 'CoapplicantIncome', 'LoanAmount', 'Loan_Amount_Term', 'Credit_History', 'Property_Area_0', 'Property_Area_1', 'Loan_Status']
2025-05-08 18:46:21,007 - INFO - [SYNTHETIC EVAL] Shape — Real: (336, 19), Synthetic: (336, 19)
2025-05-08 18:46:21,007 - INFO - [SYNTHETIC EVAL] Metadata structure:
{
  "columns": {
    "Gender_0": {
      "sdtype": "categorical"
    },
    "Gender_1": {
      "sdtype": "categorical"
    },
    "Married_0": {
      "sdtype": "categorical"
    },
    "Married_1": {
      "sdtype": "categorical"
    },
    "Dependents_0": {
      "sdtype": "categorical"
    },
    "Dependents_1": {
      "sdtype": "categorical"
    },
    "Dependents_2": {
      "sdtype": "categorical"
    },
    "Education_0": {
      "sdtype": "categorical"
    },
    "Education_1": {
      "sdtype": "categorical"
    },
    "Self_Employed_0": {
      "sdtype": "categorical"
    },
    "Self_Employed_1": {
      "sdtype": "categorical"
    },
    "ApplicantIncome": {
      "sdtype": "numerical"
    },
    "CoapplicantIncome": {
      "sdtype": "numerical"
    },
    "LoanAmount": {
      "sdtype": "numerical"
    },
    "Loan_Amount_Term": {
      "sdtype": "categorical"
    },
    "Credit_History": {
      "sdtype": "categorical"
    },
    "Property_Area_0": {
      "sdtype": "categorical"
    },
    "Property_Area_1": {
      "sdtype": "categorical"
    },
    "Loan_Status": {
      "sdtype": "categorical"
    }
  },
  "METADATA_SPEC_VERSION": "SINGLE_TABLE_V1"
}
2025-05-08 18:46:21,421 - INFO -  [SYNTHETIC PIPELINE]  Synthetic Data Evaluation Completed.
2025-05-08 18:46:21,428 - INFO -  [SYNTHETIC PIPELINE] Synthetic Data Report Generated Successfully.
2025-05-08 18:46:21,536 - INFO - [HYBRID] Generated hybrid dataset shape for CTGAN: (336, 19)
2025-05-08 18:46:21,536 - INFO - [HYBRID] Target distribution for CTGAN: {'Y': 254, 'N': 82}
2025-05-08 18:46:21,538 - INFO -  [HYBRID] Saved hybrid dataset to /mnt/NVMETank/Projects/Students/Dele/A-STUDY-INTO-THE-QUALITY-AND-USABILITY-OF-PRIVACY-FRIENDLY-SYNTHETIC-DATA/datasets/hybrid/loan_k17_l10_sup01_CTGAN_HYBRID.csv
2025-05-08 18:46:21,538 - INFO - [HYBRID] Generated hybrid dataset shape for GaussianCopula: (336, 19)
2025-05-08 18:46:21,538 - INFO - [HYBRID] Target distribution for GaussianCopula: {'Y': 230, 'N': 106}
2025-05-08 18:46:21,540 - INFO -  [HYBRID] Saved hybrid dataset to /mnt/NVMETank/Projects/Students/Dele/A-STUDY-INTO-THE-QUALITY-AND-USABILITY-OF-PRIVACY-FRIENDLY-SYNTHETIC-DATA/datasets/hybrid/loan_k17_l10_sup01_GaussianCopula_HYBRID.csv
2025-05-08 18:46:21,540 - INFO - [HYBRID] Generated hybrid dataset shape for TVAE: (336, 19)
2025-05-08 18:46:21,540 - INFO - [HYBRID] Target distribution for TVAE: {'Y': 336}
2025-05-08 18:46:21,542 - INFO -  [HYBRID] Saved hybrid dataset to /mnt/NVMETank/Projects/Students/Dele/A-STUDY-INTO-THE-QUALITY-AND-USABILITY-OF-PRIVACY-FRIENDLY-SYNTHETIC-DATA/datasets/hybrid/loan_k17_l10_sup01_TVAE_HYBRID.csv
2025-05-08 18:46:21,542 - INFO -  [HYBRID] Hybrid pipeline complete — 3 dataset(s) ready.
2025-05-08 18:46:21,542 - INFO - [HYBRID] Total rows across all hybrid datasets: 1008
2025-05-08 18:46:21,542 - INFO - Hybrid pipeline completed successfully.
2025-05-08 18:46:21,542 - INFO - Hybrid pipeline duration: 26.14 seconds
2025-05-08 18:46:21,542 - INFO - Starting Utility...
2025-05-08 18:46:21,542 - INFO - [UTILITY] Preparing datasets for machine learning...
2025-05-08 18:46:21,543 - INFO - [UTILITY] Original Data - Training Size: 336, Testing Size: 144
2025-05-08 18:46:21,543 - INFO - [UTILITY] Target class distribution (Original): {'Y': 232, 'N': 104}
2025-05-08 18:46:21,543 - INFO - [UTILITY] Processing anonymized dataset...
2025-05-08 18:46:21,543 - INFO - [UTILITY] Anonymized Data - Training Size: 336
2025-05-08 18:46:21,543 - INFO - [UTILITY] Target class distribution (Anonymous): {'Y': 232, 'N': 104}
2025-05-08 18:46:21,543 - INFO - [UTILITY] Processing hybrid dataset generated by CTGAN...
2025-05-08 18:46:21,544 - INFO - [UTILITY] Hybrid Data (CTGAN_HYBRID) - Training Size: 336
2025-05-08 18:46:21,544 - INFO - [UTILITY] Target class distribution (CTGAN_HYBRID): {'Y': 254, 'N': 82}
2025-05-08 18:46:21,544 - INFO - [UTILITY] Processing hybrid dataset generated by GaussianCopula...
2025-05-08 18:46:21,544 - INFO - [UTILITY] Hybrid Data (GaussianCopula_HYBRID) - Training Size: 336
2025-05-08 18:46:21,545 - INFO - [UTILITY] Target class distribution (GaussianCopula_HYBRID): {'Y': 230, 'N': 106}
2025-05-08 18:46:21,545 - WARNING -  Skipping hybrid dataset 'TVAE_HYBRID' - only one class in target.
2025-05-08 18:46:21,545 - INFO - [UTILITY] Training models on all datasets...
2025-05-08 18:46:21,545 - INFO - [UTILITY] Total datasets used for training: 4
2025-05-08 18:46:21,545 - INFO - [TRAINING] Training models from scratch...
2025-05-08 18:46:21,545 - INFO - [TRAINING] Starting training for dataset: Original — Rows: 336, Features: 18
2025-05-08 18:46:21,545 - INFO - [TRAINING] Training DecisionTree on Original...
2025-05-08 18:46:21,547 - INFO - [TRAINING] DecisionTree trained successfully on Original in 0.00 sec
2025-05-08 18:46:21,547 - INFO - [TRAINING] Training KNN on Original...
2025-05-08 18:46:21,548 - INFO - [TRAINING] KNN trained successfully on Original in 0.00 sec
2025-05-08 18:46:21,549 - INFO - [TRAINING] Training LogisticRegression on Original...
2025-05-08 18:46:21,552 - INFO - [TRAINING] LogisticRegression trained successfully on Original in 0.00 sec
2025-05-08 18:46:21,552 - INFO - [TRAINING] Training RandomForest on Original...
2025-05-08 18:46:21,663 - INFO - [TRAINING] RandomForest trained successfully on Original in 0.11 sec
2025-05-08 18:46:21,663 - INFO - [TRAINING] Training SVM on Original...
2025-05-08 18:46:21,668 - INFO - [TRAINING] SVM trained successfully on Original in 0.01 sec
2025-05-08 18:46:21,668 - INFO - [TRAINING] Finished training 5 model(s) for dataset: Original
2025-05-08 18:46:21,668 - INFO - [TRAINING] Starting training for dataset: Anonymous — Rows: 336, Features: 18
2025-05-08 18:46:21,668 - INFO - [TRAINING] Training DecisionTree on Anonymous...
2025-05-08 18:46:21,671 - INFO - [TRAINING] DecisionTree trained successfully on Anonymous in 0.00 sec
2025-05-08 18:46:21,671 - INFO - [TRAINING] Training KNN on Anonymous...
2025-05-08 18:46:21,673 - INFO - [TRAINING] KNN trained successfully on Anonymous in 0.00 sec
2025-05-08 18:46:21,673 - INFO - [TRAINING] Training LogisticRegression on Anonymous...
2025-05-08 18:46:21,677 - INFO - [TRAINING] LogisticRegression trained successfully on Anonymous in 0.00 sec
2025-05-08 18:46:21,677 - INFO - [TRAINING] Training RandomForest on Anonymous...
2025-05-08 18:46:21,800 - INFO - [TRAINING] RandomForest trained successfully on Anonymous in 0.12 sec
2025-05-08 18:46:21,800 - INFO - [TRAINING] Training SVM on Anonymous...
2025-05-08 18:46:21,805 - INFO - [TRAINING] SVM trained successfully on Anonymous in 0.01 sec
2025-05-08 18:46:21,805 - INFO - [TRAINING] Finished training 5 model(s) for dataset: Anonymous
2025-05-08 18:46:21,805 - INFO - [TRAINING] Starting training for dataset: CTGAN_HYBRID — Rows: 336, Features: 18
2025-05-08 18:46:21,805 - INFO - [TRAINING] Training DecisionTree on CTGAN_HYBRID...
2025-05-08 18:46:21,807 - INFO - [TRAINING] DecisionTree trained successfully on CTGAN_HYBRID in 0.00 sec
2025-05-08 18:46:21,807 - INFO - [TRAINING] Training KNN on CTGAN_HYBRID...
2025-05-08 18:46:21,809 - INFO - [TRAINING] KNN trained successfully on CTGAN_HYBRID in 0.00 sec
2025-05-08 18:46:21,809 - INFO - [TRAINING] Training LogisticRegression on CTGAN_HYBRID...
2025-05-08 18:46:21,814 - INFO - [TRAINING] LogisticRegression trained successfully on CTGAN_HYBRID in 0.00 sec
2025-05-08 18:46:21,814 - INFO - [TRAINING] Training RandomForest on CTGAN_HYBRID...
2025-05-08 18:46:21,941 - INFO - [TRAINING] RandomForest trained successfully on CTGAN_HYBRID in 0.13 sec
2025-05-08 18:46:21,941 - INFO - [TRAINING] Training SVM on CTGAN_HYBRID...
2025-05-08 18:46:21,946 - INFO - [TRAINING] SVM trained successfully on CTGAN_HYBRID in 0.00 sec
2025-05-08 18:46:21,946 - INFO - [TRAINING] Finished training 5 model(s) for dataset: CTGAN_HYBRID
2025-05-08 18:46:21,946 - INFO - [TRAINING] Starting training for dataset: GaussianCopula_HYBRID — Rows: 336, Features: 18
2025-05-08 18:46:21,946 - INFO - [TRAINING] Training DecisionTree on GaussianCopula_HYBRID...
2025-05-08 18:46:21,948 - INFO - [TRAINING] DecisionTree trained successfully on GaussianCopula_HYBRID in 0.00 sec
2025-05-08 18:46:21,948 - INFO - [TRAINING] Training KNN on GaussianCopula_HYBRID...
2025-05-08 18:46:21,949 - INFO - [TRAINING] KNN trained successfully on GaussianCopula_HYBRID in 0.00 sec
2025-05-08 18:46:21,949 - INFO - [TRAINING] Training LogisticRegression on GaussianCopula_HYBRID...
2025-05-08 18:46:21,952 - INFO - [TRAINING] LogisticRegression trained successfully on GaussianCopula_HYBRID in 0.00 sec
2025-05-08 18:46:21,952 - INFO - [TRAINING] Training RandomForest on GaussianCopula_HYBRID...
2025-05-08 18:46:22,049 - INFO - [TRAINING] RandomForest trained successfully on GaussianCopula_HYBRID in 0.10 sec
2025-05-08 18:46:22,049 - INFO - [TRAINING] Training SVM on GaussianCopula_HYBRID...
2025-05-08 18:46:22,052 - INFO - [TRAINING] SVM trained successfully on GaussianCopula_HYBRID in 0.00 sec
2025-05-08 18:46:22,052 - INFO - [TRAINING] Finished training 5 model(s) for dataset: GaussianCopula_HYBRID
2025-05-08 18:46:22,052 - INFO - [TRAINING] Total models trained across all datasets: 20
2025-05-08 18:46:22,052 - INFO - [UTILITY] Trained model names: ['Original', 'Anonymous', 'CTGAN_HYBRID', 'GaussianCopula_HYBRID']
2025-05-08 18:46:22,052 - INFO - [UTILITY] Model Training Completed.
2025-05-08 18:46:22,052 - INFO - Starting the Evaluating of models...
2025-05-08 18:46:22,052 - INFO - Preparing evaluation for model 'DecisionTree' across all datasets...
2025-05-08 18:46:22,053 - INFO - Evaluating DecisionTree on Original...
2025-05-08 18:46:22,054 - INFO - Predictions completed for DecisionTree on Original
2025-05-08 18:46:22,054 - INFO - Prediction distribution for DecisionTree on Original: {'Y': 93, 'N': 51}
2025-05-08 18:46:22,066 - INFO - Computed 8 metric(s) for DecisionTree on Original
2025-05-08 18:46:22,066 - INFO - Evaluating DecisionTree on Anonymous...
2025-05-08 18:46:22,068 - INFO - Predictions completed for DecisionTree on Anonymous
2025-05-08 18:46:22,068 - INFO - Prediction distribution for DecisionTree on Anonymous: {'Y': 96, 'N': 48}
2025-05-08 18:46:22,080 - INFO - Computed 8 metric(s) for DecisionTree on Anonymous
2025-05-08 18:46:22,080 - INFO - Evaluating DecisionTree on CTGAN_HYBRID...
2025-05-08 18:46:22,081 - INFO - Predictions completed for DecisionTree on CTGAN_HYBRID
2025-05-08 18:46:22,082 - INFO - Prediction distribution for DecisionTree on CTGAN_HYBRID: {'Y': 127, 'N': 17}
2025-05-08 18:46:22,090 - INFO - Computed 8 metric(s) for DecisionTree on CTGAN_HYBRID
2025-05-08 18:46:22,090 - INFO - Evaluating DecisionTree on GaussianCopula_HYBRID...
2025-05-08 18:46:22,091 - INFO - Predictions completed for DecisionTree on GaussianCopula_HYBRID
2025-05-08 18:46:22,091 - INFO - Prediction distribution for DecisionTree on GaussianCopula_HYBRID: {'Y': 94, 'N': 50}
2025-05-08 18:46:22,099 - INFO - Computed 8 metric(s) for DecisionTree on GaussianCopula_HYBRID
2025-05-08 18:46:22,099 - INFO - Preparing evaluation for model 'KNN' across all datasets...
2025-05-08 18:46:22,099 - INFO - Evaluating KNN on Original...
2025-05-08 18:46:22,105 - INFO - Predictions completed for KNN on Original
2025-05-08 18:46:22,105 - INFO - Prediction distribution for KNN on Original: {'Y': 115, 'N': 29}
2025-05-08 18:46:22,116 - INFO - Computed 8 metric(s) for KNN on Original
2025-05-08 18:46:22,116 - INFO - Evaluating KNN on Anonymous...
2025-05-08 18:46:22,121 - INFO - Predictions completed for KNN on Anonymous
2025-05-08 18:46:22,122 - INFO - Prediction distribution for KNN on Anonymous: {'Y': 114, 'N': 30}
2025-05-08 18:46:22,133 - INFO - Computed 8 metric(s) for KNN on Anonymous
2025-05-08 18:46:22,133 - INFO - Evaluating KNN on CTGAN_HYBRID...
2025-05-08 18:46:22,138 - INFO - Predictions completed for KNN on CTGAN_HYBRID
2025-05-08 18:46:22,138 - INFO - Prediction distribution for KNN on CTGAN_HYBRID: {'Y': 136, 'N': 8}
2025-05-08 18:46:22,149 - INFO - Computed 8 metric(s) for KNN on CTGAN_HYBRID
2025-05-08 18:46:22,149 - INFO - Evaluating KNN on GaussianCopula_HYBRID...
2025-05-08 18:46:22,155 - INFO - Predictions completed for KNN on GaussianCopula_HYBRID
2025-05-08 18:46:22,155 - INFO - Prediction distribution for KNN on GaussianCopula_HYBRID: {'Y': 85, 'N': 59}
2025-05-08 18:46:22,166 - INFO - Computed 8 metric(s) for KNN on GaussianCopula_HYBRID
2025-05-08 18:46:22,166 - INFO - Preparing evaluation for model 'LogisticRegression' across all datasets...
2025-05-08 18:46:22,166 - INFO - Evaluating LogisticRegression on Original...
2025-05-08 18:46:22,167 - INFO - Predictions completed for LogisticRegression on Original
2025-05-08 18:46:22,167 - INFO - Prediction distribution for LogisticRegression on Original: {'Y': 115, 'N': 29}
2025-05-08 18:46:22,177 - INFO - Computed 8 metric(s) for LogisticRegression on Original
2025-05-08 18:46:22,177 - INFO - Evaluating LogisticRegression on Anonymous...
2025-05-08 18:46:22,178 - INFO - Predictions completed for LogisticRegression on Anonymous
2025-05-08 18:46:22,178 - INFO - Prediction distribution for LogisticRegression on Anonymous: {'Y': 138, 'N': 6}
2025-05-08 18:46:22,186 - INFO - Computed 8 metric(s) for LogisticRegression on Anonymous
2025-05-08 18:46:22,186 - INFO - Evaluating LogisticRegression on CTGAN_HYBRID...
2025-05-08 18:46:22,187 - INFO - Predictions completed for LogisticRegression on CTGAN_HYBRID
2025-05-08 18:46:22,188 - INFO - Prediction distribution for LogisticRegression on CTGAN_HYBRID: {'Y': 138, 'N': 6}
2025-05-08 18:46:22,196 - INFO - Computed 8 metric(s) for LogisticRegression on CTGAN_HYBRID
2025-05-08 18:46:22,196 - INFO - Evaluating LogisticRegression on GaussianCopula_HYBRID...
2025-05-08 18:46:22,197 - INFO - Predictions completed for LogisticRegression on GaussianCopula_HYBRID
2025-05-08 18:46:22,198 - INFO - Prediction distribution for LogisticRegression on GaussianCopula_HYBRID: {'Y': 143, 'N': 1}
2025-05-08 18:46:22,206 - INFO - Computed 8 metric(s) for LogisticRegression on GaussianCopula_HYBRID
2025-05-08 18:46:22,206 - INFO - Preparing evaluation for model 'RandomForest' across all datasets...
2025-05-08 18:46:22,206 - INFO - Evaluating RandomForest on Original...
2025-05-08 18:46:22,215 - INFO - Predictions completed for RandomForest on Original
2025-05-08 18:46:22,215 - INFO - Prediction distribution for RandomForest on Original: {'Y': 109, 'N': 35}
2025-05-08 18:46:22,232 - INFO - Computed 8 metric(s) for RandomForest on Original
2025-05-08 18:46:22,233 - INFO - Evaluating RandomForest on Anonymous...
2025-05-08 18:46:22,238 - INFO - Predictions completed for RandomForest on Anonymous
2025-05-08 18:46:22,238 - INFO - Prediction distribution for RandomForest on Anonymous: {'Y': 114, 'N': 30}
2025-05-08 18:46:22,261 - INFO - Computed 8 metric(s) for RandomForest on Anonymous
2025-05-08 18:46:22,261 - INFO - Evaluating RandomForest on CTGAN_HYBRID...
2025-05-08 18:46:22,266 - INFO - Predictions completed for RandomForest on CTGAN_HYBRID
2025-05-08 18:46:22,266 - INFO - Prediction distribution for RandomForest on CTGAN_HYBRID: {'Y': 136, 'N': 8}
2025-05-08 18:46:22,283 - INFO - Computed 8 metric(s) for RandomForest on CTGAN_HYBRID
2025-05-08 18:46:22,283 - INFO - Evaluating RandomForest on GaussianCopula_HYBRID...
2025-05-08 18:46:22,292 - INFO - Predictions completed for RandomForest on GaussianCopula_HYBRID
2025-05-08 18:46:22,293 - INFO - Prediction distribution for RandomForest on GaussianCopula_HYBRID: {'Y': 90, 'N': 54}
2025-05-08 18:46:22,310 - INFO - Computed 8 metric(s) for RandomForest on GaussianCopula_HYBRID
2025-05-08 18:46:22,310 - INFO - Preparing evaluation for model 'SVM' across all datasets...
2025-05-08 18:46:22,310 - INFO - Evaluating SVM on Original...
2025-05-08 18:46:22,312 - INFO - Predictions completed for SVM on Original
2025-05-08 18:46:22,312 - INFO - Prediction distribution for SVM on Original: {'Y': 144}
2025-05-08 18:46:22,312 - WARNING -  [WARNING] :SVM on Original predicted only one class: {'Y'}
2025-05-08 18:46:22,314 - WARNING - [UndefinedMetricWarning] Precision is ill-defined and being set to 0.0 in labels with no predicted samples. Use `zero_division` parameter to control this behavior. (from /mnt/NVMETank/Projects/Students/Dele/A-STUDY-INTO-THE-QUALITY-AND-USABILITY-OF-PRIVACY-FRIENDLY-SYNTHETIC-DATA/.venv/lib/python3.12/site-packages/sklearn/metrics/_classification.py:1565)
2025-05-08 18:46:22,315 - WARNING - [UndefinedMetricWarning] Precision is ill-defined and being set to 0.0 in labels with no predicted samples. Use `zero_division` parameter to control this behavior. (from /mnt/NVMETank/Projects/Students/Dele/A-STUDY-INTO-THE-QUALITY-AND-USABILITY-OF-PRIVACY-FRIENDLY-SYNTHETIC-DATA/.venv/lib/python3.12/site-packages/sklearn/metrics/_classification.py:1565)
2025-05-08 18:46:22,316 - WARNING - [UndefinedMetricWarning] Precision is ill-defined and being set to 0.0 in labels with no predicted samples. Use `zero_division` parameter to control this behavior. (from /mnt/NVMETank/Projects/Students/Dele/A-STUDY-INTO-THE-QUALITY-AND-USABILITY-OF-PRIVACY-FRIENDLY-SYNTHETIC-DATA/.venv/lib/python3.12/site-packages/sklearn/metrics/_classification.py:1565)
2025-05-08 18:46:22,318 - INFO - Computed 8 metric(s) for SVM on Original
2025-05-08 18:46:22,318 - INFO - Evaluating SVM on Anonymous...
2025-05-08 18:46:22,320 - INFO - Predictions completed for SVM on Anonymous
2025-05-08 18:46:22,320 - INFO - Prediction distribution for SVM on Anonymous: {'Y': 144}
2025-05-08 18:46:22,320 - WARNING -  [WARNING] :SVM on Anonymous predicted only one class: {'Y'}
2025-05-08 18:46:22,322 - WARNING - [UndefinedMetricWarning] Precision is ill-defined and being set to 0.0 in labels with no predicted samples. Use `zero_division` parameter to control this behavior. (from /mnt/NVMETank/Projects/Students/Dele/A-STUDY-INTO-THE-QUALITY-AND-USABILITY-OF-PRIVACY-FRIENDLY-SYNTHETIC-DATA/.venv/lib/python3.12/site-packages/sklearn/metrics/_classification.py:1565)
2025-05-08 18:46:22,323 - WARNING - [UndefinedMetricWarning] Precision is ill-defined and being set to 0.0 in labels with no predicted samples. Use `zero_division` parameter to control this behavior. (from /mnt/NVMETank/Projects/Students/Dele/A-STUDY-INTO-THE-QUALITY-AND-USABILITY-OF-PRIVACY-FRIENDLY-SYNTHETIC-DATA/.venv/lib/python3.12/site-packages/sklearn/metrics/_classification.py:1565)
2025-05-08 18:46:22,326 - WARNING - [UndefinedMetricWarning] Precision is ill-defined and being set to 0.0 in labels with no predicted samples. Use `zero_division` parameter to control this behavior. (from /mnt/NVMETank/Projects/Students/Dele/A-STUDY-INTO-THE-QUALITY-AND-USABILITY-OF-PRIVACY-FRIENDLY-SYNTHETIC-DATA/.venv/lib/python3.12/site-packages/sklearn/metrics/_classification.py:1565)
2025-05-08 18:46:22,329 - INFO - Computed 8 metric(s) for SVM on Anonymous
2025-05-08 18:46:22,329 - INFO - Evaluating SVM on CTGAN_HYBRID...
2025-05-08 18:46:22,332 - INFO - Predictions completed for SVM on CTGAN_HYBRID
2025-05-08 18:46:22,332 - INFO - Prediction distribution for SVM on CTGAN_HYBRID: {'Y': 144}
2025-05-08 18:46:22,332 - WARNING -  [WARNING] :SVM on CTGAN_HYBRID predicted only one class: {'Y'}
2025-05-08 18:46:22,334 - WARNING - [UndefinedMetricWarning] Precision is ill-defined and being set to 0.0 in labels with no predicted samples. Use `zero_division` parameter to control this behavior. (from /mnt/NVMETank/Projects/Students/Dele/A-STUDY-INTO-THE-QUALITY-AND-USABILITY-OF-PRIVACY-FRIENDLY-SYNTHETIC-DATA/.venv/lib/python3.12/site-packages/sklearn/metrics/_classification.py:1565)
2025-05-08 18:46:22,336 - WARNING - [UndefinedMetricWarning] Precision is ill-defined and being set to 0.0 in labels with no predicted samples. Use `zero_division` parameter to control this behavior. (from /mnt/NVMETank/Projects/Students/Dele/A-STUDY-INTO-THE-QUALITY-AND-USABILITY-OF-PRIVACY-FRIENDLY-SYNTHETIC-DATA/.venv/lib/python3.12/site-packages/sklearn/metrics/_classification.py:1565)
2025-05-08 18:46:22,337 - WARNING - [UndefinedMetricWarning] Precision is ill-defined and being set to 0.0 in labels with no predicted samples. Use `zero_division` parameter to control this behavior. (from /mnt/NVMETank/Projects/Students/Dele/A-STUDY-INTO-THE-QUALITY-AND-USABILITY-OF-PRIVACY-FRIENDLY-SYNTHETIC-DATA/.venv/lib/python3.12/site-packages/sklearn/metrics/_classification.py:1565)
2025-05-08 18:46:22,339 - INFO - Computed 8 metric(s) for SVM on CTGAN_HYBRID
2025-05-08 18:46:22,339 - INFO - Evaluating SVM on GaussianCopula_HYBRID...
2025-05-08 18:46:22,341 - INFO - Predictions completed for SVM on GaussianCopula_HYBRID
2025-05-08 18:46:22,341 - INFO - Prediction distribution for SVM on GaussianCopula_HYBRID: {'Y': 144}
2025-05-08 18:46:22,341 - WARNING -  [WARNING] :SVM on GaussianCopula_HYBRID predicted only one class: {'Y'}
2025-05-08 18:46:22,343 - WARNING - [UndefinedMetricWarning] Precision is ill-defined and being set to 0.0 in labels with no predicted samples. Use `zero_division` parameter to control this behavior. (from /mnt/NVMETank/Projects/Students/Dele/A-STUDY-INTO-THE-QUALITY-AND-USABILITY-OF-PRIVACY-FRIENDLY-SYNTHETIC-DATA/.venv/lib/python3.12/site-packages/sklearn/metrics/_classification.py:1565)
2025-05-08 18:46:22,344 - WARNING - [UndefinedMetricWarning] Precision is ill-defined and being set to 0.0 in labels with no predicted samples. Use `zero_division` parameter to control this behavior. (from /mnt/NVMETank/Projects/Students/Dele/A-STUDY-INTO-THE-QUALITY-AND-USABILITY-OF-PRIVACY-FRIENDLY-SYNTHETIC-DATA/.venv/lib/python3.12/site-packages/sklearn/metrics/_classification.py:1565)
2025-05-08 18:46:22,345 - WARNING - [UndefinedMetricWarning] Precision is ill-defined and being set to 0.0 in labels with no predicted samples. Use `zero_division` parameter to control this behavior. (from /mnt/NVMETank/Projects/Students/Dele/A-STUDY-INTO-THE-QUALITY-AND-USABILITY-OF-PRIVACY-FRIENDLY-SYNTHETIC-DATA/.venv/lib/python3.12/site-packages/sklearn/metrics/_classification.py:1565)
2025-05-08 18:46:22,347 - INFO - Computed 8 metric(s) for SVM on GaussianCopula_HYBRID
2025-05-08 18:46:22,351 - INFO - Evaluation completed for all models.
2025-05-08 18:46:22,351 - INFO - Model evaluation completed in 0.30 seconds.
2025-05-08 18:46:22,353 - INFO - Evaluated models: ['DecisionTree', 'KNN', 'LogisticRegression', 'RandomForest', 'SVM']
2025-05-08 18:46:22,353 - INFO - Model Training and Evaluation completed.
2025-05-08 18:46:22,933 - INFO -  Visualizations saved.
2025-05-08 18:46:22,933 - INFO -  Benchmarking Completed. Results saved in output folder.
