2025-04-11 14:27:43,870 - INFO - Loaded config file: configs/generated_configs/loan/loan_anon_k5_l2_sl0.1.yaml
2025-04-11 14:27:43,870 - INFO -  Benchmarking started for dataset: loan
2025-04-11 14:27:43,870 - INFO - Configuration loaded: enable_anonymization = True, enable_synthesis = False
2025-04-11 14:27:43,870 - INFO - Running preprocessing...
2025-04-11 14:27:43,874 - INFO - Preprocessed files found. Skipping preprocessing.
2025-04-11 14:27:43,880 - INFO - Preprocessing completed. Rows before: 614, after: 336
2025-04-11 14:27:43,881 - INFO - enable_anonymization = None
2025-04-11 14:27:43,885 - INFO - Running Java Anonymization Program...........
2025-04-11 14:27:43,885 - INFO - Using JAR file at /mnt/NVMETank/Projects/Students/Dele/A-STUDY-INTO-THE-QUALITY-AND-USABILITY-OF-PRIVACY-FRIENDLY-SYNTHETIC-DATA/src/anonymization/anonymARXij/bin/anonymARXij.jar to anonymize the dataset.
2025-04-11 14:27:45,668 - INFO - Anonimized file saved to : /mnt/NVMETank/Projects/Students/Dele/A-STUDY-INTO-THE-QUALITY-AND-USABILITY-OF-PRIVACY-FRIENDLY-SYNTHETIC-DATA/datasets/anonymized/loan_k5_l2_sup10_anonymized.csv
2025-04-11 14:27:45,668 - INFO - Java anonymization completed successfully.
2025-04-11 14:27:45,668 - INFO - Anonymized data saved to: /mnt/NVMETank/Projects/Students/Dele/A-STUDY-INTO-THE-QUALITY-AND-USABILITY-OF-PRIVACY-FRIENDLY-SYNTHETIC-DATA/datasets/anonymized/loan_k5_l2_sup10_anonymized.csv
2025-04-11 14:27:45,681 - INFO - Loaded anonymized data: (336, 13)
2025-04-11 14:27:45,748 - INFO - Encoding applied to anonymized data. Encoded shape: (336, 12)
2025-04-11 14:27:45,750 - INFO - Encoded anonymized dataset saved to: /mnt/NVMETank/Projects/Students/Dele/A-STUDY-INTO-THE-QUALITY-AND-USABILITY-OF-PRIVACY-FRIENDLY-SYNTHETIC-DATA/datasets/anonymized/loan_k5_l2_sup10_anonymized_encoded.csv
2025-04-11 14:27:45,751 - INFO - Deleted anonymized dataset: /mnt/NVMETank/Projects/Students/Dele/A-STUDY-INTO-THE-QUALITY-AND-USABILITY-OF-PRIVACY-FRIENDLY-SYNTHETIC-DATA/datasets/anonymized/loan_k5_l2_sup10_anonymized.csv
2025-04-11 14:27:45,751 - INFO - enable_synthetic_generation = False
2025-04-11 14:27:45,751 - INFO - Synthetic Data Generation Skipped (Disabled in Configuration).
2025-04-11 14:27:45,751 - INFO - Synthetic data generated with 2 synthesizers.
2025-04-11 14:27:45,751 - INFO - Hybrid pipeline skipped (disabled in configuration).
2025-04-11 14:27:45,751 - INFO - Preparing datasets for machine learning...
2025-04-11 14:27:45,752 - INFO - Original Data - Training Size: 336, Testing Size: 144
2025-04-11 14:27:45,752 - INFO - Processing anonymized dataset...
2025-04-11 14:27:45,752 - INFO - Anonymized Data - Training Size: 336
2025-04-11 14:27:45,752 - INFO - Training models on all datasets...
2025-04-11 14:28:37,015 - INFO - Model Training Completed.
2025-04-11 14:28:37,015 - INFO - Evaluating models...
2025-04-11 14:28:37,417 - INFO - Model Training and Evaluation completed.
2025-04-11 14:28:38,918 - INFO -  Visualizations saved.
2025-04-11 14:28:38,918 - INFO -  Benchmarking Completed. Results saved in output folder.
