2025-05-08 18:29:46,785 - INFO - Loaded config file: configs/generated_configs/studentPerformance/studentPerformance_anon_k20_sl0p01_l2.yaml
2025-05-08 18:29:46,785 - INFO -  Benchmarking started for dataset: studentPerformance
2025-05-08 18:29:46,785 - INFO - Using dataset path: /mnt/NVMETank/Projects/Students/Dele/A-STUDY-INTO-THE-QUALITY-AND-USABILITY-OF-PRIVACY-FRIENDLY-SYNTHETIC-DATA/datasets/original/studentPerformance.csv
2025-05-08 18:29:46,785 - INFO - Target column: Target, separator: ';'
2025-05-08 18:29:46,785 - INFO - Configuration loaded: enable_anonymization = True, enable_synthesis = False, enable_hybrid = True, enable_utility = True, delete_after_evaluation = False
2025-05-08 18:29:46,785 - INFO - Running preprocessing...
2025-05-08 18:29:46,791 - INFO -  [PREPROCESSING] Preprocessed files found. Skipping preprocessing.
2025-05-08 18:29:46,812 - INFO - Preprocessing completed. Rows before: 4424, after: 3096
2025-05-08 18:29:46,812 - INFO - Preprocessed data saved to: outputs/batch/studentPerformance_batch_2025-05-08_17-32-48/studentPerformance_anon_k20_sl0p01_l2/preprocessing_report.txt
2025-05-08 18:29:46,813 - INFO - enable_anonymization = True
2025-05-08 18:29:46,813 - INFO - Starting Anonymization Pipeline with output path: /mnt/NVMETank/Projects/Students/Dele/A-STUDY-INTO-THE-QUALITY-AND-USABILITY-OF-PRIVACY-FRIENDLY-SYNTHETIC-DATA/datasets/anonymized/studentPerformance_k20_l2_sup01_anonymized.csv.......
2025-05-08 18:29:46,818 - INFO -  [ANONYMIZATION] Executing run_anonymization, config_path : configs/generated_configs/studentPerformance/studentPerformance_anon_k20_sl0p01_l2.yaml...........
2025-05-08 18:29:46,818 - INFO -  [ANONYMIZATION] Using JAR file at /mnt/NVMETank/Projects/Students/Dele/A-STUDY-INTO-THE-QUALITY-AND-USABILITY-OF-PRIVACY-FRIENDLY-SYNTHETIC-DATA/src/anonymization/anonymARXij/bin/anonymARXij.jar to anonymize the dataset.
2025-05-08 18:29:48,635 - INFO -  [ANONYMIZATION] Anonimized file saved to : /mnt/NVMETank/Projects/Students/Dele/A-STUDY-INTO-THE-QUALITY-AND-USABILITY-OF-PRIVACY-FRIENDLY-SYNTHETIC-DATA/datasets/anonymized/studentPerformance_k20_l2_sup01_anonymized.csv
2025-05-08 18:29:48,635 - INFO -  [ANONYMIZATION] Java anonymization completed successfully.
2025-05-08 18:29:48,635 - INFO -  [ANONYMIZATION] Java STDOUT:
📄 Java received config path: /mnt/NVMETank/Projects/Students/Dele/A-STUDY-INTO-THE-QUALITY-AND-USABILITY-OF-PRIVACY-FRIENDLY-SYNTHETIC-DATA/configs/generated_configs/studentPerformance/studentPerformance_anon_k20_sl0p01_l2.yaml
🔹 Loading config from: /mnt/NVMETank/Projects/Students/Dele/A-STUDY-INTO-THE-QUALITY-AND-USABILITY-OF-PRIVACY-FRIENDLY-SYNTHETIC-DATA/configs/generated_configs/studentPerformance/studentPerformance_anon_k20_sl0p01_l2.yaml
Loading config from: /mnt/NVMETank/Projects/Students/Dele/A-STUDY-INTO-THE-QUALITY-AND-USABILITY-OF-PRIVACY-FRIENDLY-SYNTHETIC-DATA/configs/generated_configs/studentPerformance/studentPerformance_anon_k20_sl0p01_l2.yaml
📂 Dataset Path (from args): /mnt/NVMETank/Projects/Students/Dele/A-STUDY-INTO-THE-QUALITY-AND-USABILITY-OF-PRIVACY-FRIENDLY-SYNTHETIC-DATA/datasets/train/studentPerformance_train_raw.csv
🔹 Dataset Separator: ;
🔹 Suppression Limit: 0.01

🔹 Configured Attributes:
  ✅ Quasi-Identifier: Age at enrollment
  ✅ Quasi-Identifier: Gender
  ✅ Quasi-Identifier: Nacionality
  ✅ Quasi-Identifier: Marital status
  ✅ Quasi-Identifier: Course
  ✅ Quasi-Identifier: Previous qualification
  ✅ Quasi-Identifier: Educational special needs
  ✅ Quasi-Identifier: International
  ✅ Sensitive Attribute: Scholarship_holder
  ✅ Insensitive Attribute: Debtor
  ✅ Insensitive Attribute: Tuition fees up to date
  ✅ Insensitive Attribute: Application mode
  ✅ Insensitive Attribute: Application order
  ✅ Insensitive Attribute: Admission grade
  ✅ Insensitive Attribute: Daytime/evening attendance
  ✅ Insensitive Attribute: Previous qualification (grade)
  ✅ Insensitive Attribute: Mother's qualification
  ✅ Insensitive Attribute: Father's qualification
  ✅ Insensitive Attribute: Mother's occupation
  ✅ Insensitive Attribute: Father's occupation
  ✅ Insensitive Attribute: Unemployment rate
  ✅ Insensitive Attribute: Inflation rate
  ✅ Insensitive Attribute: GDP
  ✅ Insensitive Attribute: Displaced
  ✅ Insensitive Attribute: Curricular units 1st sem (credited)
  ✅ Insensitive Attribute: Curricular units 1st sem (enrolled)
  ✅ Insensitive Attribute: Curricular units 1st sem (evaluations)
  ✅ Insensitive Attribute: Curricular units 1st sem (approved)
  ✅ Insensitive Attribute: Curricular units 1st sem (grade)
  ✅ Insensitive Attribute: Curricular units 1st sem (without evaluations)
  ✅ Insensitive Attribute: Curricular units 2nd sem (credited)
  ✅ Insensitive Attribute: Curricular units 2nd sem (enrolled)
  ✅ Insensitive Attribute: Curricular units 2nd sem (evaluations)
  ✅ Insensitive Attribute: Curricular units 2nd sem (approved)
  ✅ Insensitive Attribute: Curricular units 2nd sem (grade)
  ✅ Insensitive Attribute: Curricular units 2nd sem (without evaluations)
  ✅ Insensitive Attribute: Target

🔹 Defined Hierarchies:
  ✅ Age at enrollment -> /mnt/NVMETank/Projects/Students/Dele/A-STUDY-INTO-THE-QUALITY-AND-USABILITY-OF-PRIVACY-FRIENDLY-SYNTHETIC-DATA/src/anonymization/anonymARXij/src/hierarchies_studentPerformance/age_enrollment.csv
  ✅ Marital status -> /mnt/NVMETank/Projects/Students/Dele/A-STUDY-INTO-THE-QUALITY-AND-USABILITY-OF-PRIVACY-FRIENDLY-SYNTHETIC-DATA/src/anonymization/anonymARXij/src/hierarchies_studentPerformance/marital_status.csv
  ✅ Educational special needs -> /mnt/NVMETank/Projects/Students/Dele/A-STUDY-INTO-THE-QUALITY-AND-USABILITY-OF-PRIVACY-FRIENDLY-SYNTHETIC-DATA/src/anonymization/anonymARXij/src/hierarchies_studentPerformance/educational_special_needs.csv
  ✅ Gender -> /mnt/NVMETank/Projects/Students/Dele/A-STUDY-INTO-THE-QUALITY-AND-USABILITY-OF-PRIVACY-FRIENDLY-SYNTHETIC-DATA/src/anonymization/anonymARXij/src/hierarchies_studentPerformance/gender.csv
  ✅ Course -> /mnt/NVMETank/Projects/Students/Dele/A-STUDY-INTO-THE-QUALITY-AND-USABILITY-OF-PRIVACY-FRIENDLY-SYNTHETIC-DATA/src/anonymization/anonymARXij/src/hierarchies_studentPerformance/course.csv
  ✅ Nacionality -> /mnt/NVMETank/Projects/Students/Dele/A-STUDY-INTO-THE-QUALITY-AND-USABILITY-OF-PRIVACY-FRIENDLY-SYNTHETIC-DATA/src/anonymization/anonymARXij/src/hierarchies_studentPerformance/nationality.csv
  ✅ Previous qualification -> /mnt/NVMETank/Projects/Students/Dele/A-STUDY-INTO-THE-QUALITY-AND-USABILITY-OF-PRIVACY-FRIENDLY-SYNTHETIC-DATA/src/anonymization/anonymARXij/src/hierarchies_studentPerformance/previous_qualification.csv
  ✅ International -> /mnt/NVMETank/Projects/Students/Dele/A-STUDY-INTO-THE-QUALITY-AND-USABILITY-OF-PRIVACY-FRIENDLY-SYNTHETIC-DATA/src/anonymization/anonymARXij/src/hierarchies_studentPerformance/international.csv
Java is searching for hierarchy file at: /mnt/NVMETank/Projects/Students/Dele/A-STUDY-INTO-THE-QUALITY-AND-USABILITY-OF-PRIVACY-FRIENDLY-SYNTHETIC-DATA/src/anonymization/anonymARXij/src/hierarchies_studentPerformance/age_enrollment.csv
Java is searching for hierarchy file at: /mnt/NVMETank/Projects/Students/Dele/A-STUDY-INTO-THE-QUALITY-AND-USABILITY-OF-PRIVACY-FRIENDLY-SYNTHETIC-DATA/src/anonymization/anonymARXij/src/hierarchies_studentPerformance/marital_status.csv
Java is searching for hierarchy file at: /mnt/NVMETank/Projects/Students/Dele/A-STUDY-INTO-THE-QUALITY-AND-USABILITY-OF-PRIVACY-FRIENDLY-SYNTHETIC-DATA/src/anonymization/anonymARXij/src/hierarchies_studentPerformance/educational_special_needs.csv
Java is searching for hierarchy file at: /mnt/NVMETank/Projects/Students/Dele/A-STUDY-INTO-THE-QUALITY-AND-USABILITY-OF-PRIVACY-FRIENDLY-SYNTHETIC-DATA/src/anonymization/anonymARXij/src/hierarchies_studentPerformance/gender.csv
Java is searching for hierarchy file at: /mnt/NVMETank/Projects/Students/Dele/A-STUDY-INTO-THE-QUALITY-AND-USABILITY-OF-PRIVACY-FRIENDLY-SYNTHETIC-DATA/src/anonymization/anonymARXij/src/hierarchies_studentPerformance/course.csv
Java is searching for hierarchy file at: /mnt/NVMETank/Projects/Students/Dele/A-STUDY-INTO-THE-QUALITY-AND-USABILITY-OF-PRIVACY-FRIENDLY-SYNTHETIC-DATA/src/anonymization/anonymARXij/src/hierarchies_studentPerformance/nationality.csv
Java is searching for hierarchy file at: /mnt/NVMETank/Projects/Students/Dele/A-STUDY-INTO-THE-QUALITY-AND-USABILITY-OF-PRIVACY-FRIENDLY-SYNTHETIC-DATA/src/anonymization/anonymARXij/src/hierarchies_studentPerformance/previous_qualification.csv
Java is searching for hierarchy file at: /mnt/NVMETank/Projects/Students/Dele/A-STUDY-INTO-THE-QUALITY-AND-USABILITY-OF-PRIVACY-FRIENDLY-SYNTHETIC-DATA/src/anonymization/anonymARXij/src/hierarchies_studentPerformance/international.csv
✓ Applied Distinct L-Diversity on: Scholarship_holder (l=2)
🔹 Privacy Models Configured
📂 Anonymized Output Path (from args): /mnt/NVMETank/Projects/Students/Dele/A-STUDY-INTO-THE-QUALITY-AND-USABILITY-OF-PRIVACY-FRIENDLY-SYNTHETIC-DATA/datasets/anonymized/studentPerformance_k20_l2_sup01_anonymized.csv
📂 Anonymized Output Path: /mnt/NVMETank/Projects/Students/Dele/A-STUDY-INTO-THE-QUALITY-AND-USABILITY-OF-PRIVACY-FRIENDLY-SYNTHETIC-DATA/datasets/anonymized/studentPerformance_k20_l2_sup01_anonymized.csv
✅ Anonymization completed. Output saved to: /mnt/NVMETank/Projects/Students/Dele/A-STUDY-INTO-THE-QUALITY-AND-USABILITY-OF-PRIVACY-FRIENDLY-SYNTHETIC-DATA/datasets/anonymized/studentPerformance_k20_l2_sup01_anonymized.csv
Anonymized Data Quality Metrics:
 - Ambiguity: 0.9613749534481889
 - AECS: 0.8356433860067581
 - Discernibility: 0.5921207128622136
 - Granularity: 0.36437482602424376
 - MSE: 0.008815449380834561
 - Non-Uniform Entropy: 0.15427095564507476
 - Precision: 0.4128983634797554
 - Record-level SE: 0.2629232501484625
Equivalence Class Statistics:
 - Number of Classes: 6
 - Average Class Size: 511.3333333333333
Suppression Statistics:
 - Suppressed Records: 28
 - Suppression Percentage: 0.90%
2025-05-08 18:29:48,635 - INFO - Anonymized data saved to: /mnt/NVMETank/Projects/Students/Dele/A-STUDY-INTO-THE-QUALITY-AND-USABILITY-OF-PRIVACY-FRIENDLY-SYNTHETIC-DATA/datasets/anonymized/studentPerformance_k20_l2_sup01_anonymized.csv
2025-05-08 18:29:48,659 - INFO - Anonymous data report saved at: outputs/batch/studentPerformance_batch_2025-05-08_17-32-48/studentPerformance_anon_k20_sl0p01_l2/anonymous_data_report.txt
2025-05-08 18:29:48,659 - INFO -  [POSTPROCESSING] Postprocessing anonymized data: /mnt/NVMETank/Projects/Students/Dele/A-STUDY-INTO-THE-QUALITY-AND-USABILITY-OF-PRIVACY-FRIENDLY-SYNTHETIC-DATA/datasets/anonymized/studentPerformance_k20_l2_sup01_anonymized.csv
2025-05-08 18:29:48,668 - INFO -  [POSTPROCESSING] Loaded anonymized data: (3096, 37)
2025-05-08 18:29:48,680 - INFO -  [POSTPROCESSING] Loaded fallback maps from training data. Categorical cols: 1, Numeric cols: 36
2025-05-08 18:29:48,680 - INFO -  [POSTPROCESSING] Normalizing anonymized data using ARX artifact cleaning and fallback values.
2025-05-08 18:29:48,929 - INFO -  [POSTPROCESSING] Normalized anonymized data saved to: /mnt/NVMETank/Projects/Students/Dele/A-STUDY-INTO-THE-QUALITY-AND-USABILITY-OF-PRIVACY-FRIENDLY-SYNTHETIC-DATA/datasets/anonymized/studentPerformance_k20_l2_sup01_anonymized_processed.csv
2025-05-08 18:29:48,929 - INFO -  [POSTPROCESSING] No encoder present. Skipping encoding of anonymized data.Will use processed anonymous data directly
2025-05-08 18:29:48,929 - INFO - Postprocessing report saved at: outputs/batch/studentPerformance_batch_2025-05-08_17-32-48/studentPerformance_anon_k20_sl0p01_l2/postprocessing_report.txt
2025-05-08 18:29:48,929 - INFO - enable_synthetic_generation = False
2025-05-08 18:29:48,930 - INFO - Synthetic Data Generation Skipped (Disabled in Configuration).
2025-05-08 18:29:48,930 - INFO - Running Hybrid Pipeline...
2025-05-08 18:29:48,930 - INFO -  [HYBRID] Executing run_hybrid...
2025-05-08 18:29:48,930 - INFO -  [HYBRID] Looking for encoded anonymized data in /mnt/NVMETank/Projects/Students/Dele/A-STUDY-INTO-THE-QUALITY-AND-USABILITY-OF-PRIVACY-FRIENDLY-SYNTHETIC-DATA/datasets/anonymized/studentPerformance_k20_l2_sup01_anonymized_encoded.csv
2025-05-08 18:29:48,930 - INFO -  [HYBRID] Attempting post-processing of /mnt/NVMETank/Projects/Students/Dele/A-STUDY-INTO-THE-QUALITY-AND-USABILITY-OF-PRIVACY-FRIENDLY-SYNTHETIC-DATA/datasets/anonymized/studentPerformance_k20_l2_sup01_anonymized.csv …
2025-05-08 18:29:48,930 - INFO -  [POSTPROCESSING] Postprocessing anonymized data: /mnt/NVMETank/Projects/Students/Dele/A-STUDY-INTO-THE-QUALITY-AND-USABILITY-OF-PRIVACY-FRIENDLY-SYNTHETIC-DATA/datasets/anonymized/studentPerformance_k20_l2_sup01_anonymized.csv
2025-05-08 18:29:48,937 - INFO -  [POSTPROCESSING] Loaded anonymized data: (3096, 37)
2025-05-08 18:29:48,948 - INFO -  [POSTPROCESSING] Loaded fallback maps from training data. Categorical cols: 1, Numeric cols: 36
2025-05-08 18:29:48,948 - INFO -  [POSTPROCESSING] Normalizing anonymized data using ARX artifact cleaning and fallback values.
2025-05-08 18:29:49,194 - INFO -  [POSTPROCESSING] Normalized anonymized data saved to: /mnt/NVMETank/Projects/Students/Dele/A-STUDY-INTO-THE-QUALITY-AND-USABILITY-OF-PRIVACY-FRIENDLY-SYNTHETIC-DATA/datasets/anonymized/studentPerformance_k20_l2_sup01_anonymized_processed.csv
2025-05-08 18:29:49,194 - INFO -  [POSTPROCESSING] No encoder present. Skipping encoding of anonymized data.Will use processed anonymous data directly
2025-05-08 18:29:49,214 - INFO -  [HYBRID] Post-processing successful!
2025-05-08 18:29:49,214 - INFO -  [HYBRID] Encoded anon data saved to /mnt/NVMETank/Projects/Students/Dele/A-STUDY-INTO-THE-QUALITY-AND-USABILITY-OF-PRIVACY-FRIENDLY-SYNTHETIC-DATA/datasets/anonymized/studentPerformance_k20_l2_sup01_anonymized_encoded.csv
2025-05-08 18:29:49,214 - INFO -  [HYBRID] Starting synthetic generation for hybrid pipeline...
2025-05-08 18:29:49,214 - INFO - Executing run_synthetic.....
2025-05-08 18:29:49,214 - INFO - [SYNTHETIC PIPELINE] executing run_synthetic for studentPerformance_k20_l2_sup01...
2025-05-08 18:29:49,214 - INFO - [SYNTHETIC] Processing dataset: studentPerformance_k20_l2_sup01
2025-05-08 18:29:49,214 - INFO - [SYNTHETIC] Original dataset size: 3096 rows
2025-05-08 18:29:49,248 - INFO - Detected metadata:
2025-05-08 18:29:49,249 - INFO - {
    "METADATA_SPEC_VERSION": "SINGLE_TABLE_V1",
    "columns": {
        "Marital status": {
            "sdtype": "categorical"
        },
        "Application mode": {
            "sdtype": "categorical"
        },
        "Application order": {
            "sdtype": "categorical"
        },
        "Course": {
            "sdtype": "categorical"
        },
        "Daytime/evening attendance": {
            "sdtype": "categorical"
        },
        "Previous qualification": {
            "sdtype": "categorical"
        },
        "Previous qualification (grade)": {
            "sdtype": "categorical"
        },
        "Nacionality": {
            "sdtype": "categorical"
        },
        "Mother's qualification": {
            "sdtype": "categorical"
        },
        "Father's qualification": {
            "sdtype": "categorical"
        },
        "Mother's occupation": {
            "sdtype": "categorical"
        },
        "Father's occupation": {
            "sdtype": "categorical"
        },
        "Admission grade": {
            "sdtype": "categorical"
        },
        "Displaced": {
            "sdtype": "categorical"
        },
        "Educational special needs": {
            "sdtype": "categorical"
        },
        "Debtor": {
            "sdtype": "categorical"
        },
        "Tuition fees up to date": {
            "sdtype": "categorical"
        },
        "Gender": {
            "sdtype": "categorical"
        },
        "Scholarship_holder": {
            "sdtype": "categorical"
        },
        "Age at enrollment": {
            "sdtype": "categorical"
        },
        "International": {
            "sdtype": "categorical"
        },
        "Curricular units 1st sem (credited)": {
            "sdtype": "categorical"
        },
        "Curricular units 1st sem (enrolled)": {
            "sdtype": "categorical"
        },
        "Curricular units 1st sem (evaluations)": {
            "sdtype": "categorical"
        },
        "Curricular units 1st sem (approved)": {
            "sdtype": "categorical"
        },
        "Curricular units 1st sem (grade)": {
            "sdtype": "categorical"
        },
        "Curricular units 1st sem (without evaluations)": {
            "sdtype": "categorical"
        },
        "Curricular units 2nd sem (credited)": {
            "sdtype": "categorical"
        },
        "Curricular units 2nd sem (enrolled)": {
            "sdtype": "categorical"
        },
        "Curricular units 2nd sem (evaluations)": {
            "sdtype": "categorical"
        },
        "Curricular units 2nd sem (approved)": {
            "sdtype": "categorical"
        },
        "Curricular units 2nd sem (grade)": {
            "sdtype": "categorical"
        },
        "Curricular units 2nd sem (without evaluations)": {
            "sdtype": "categorical"
        },
        "Unemployment rate": {
            "sdtype": "categorical"
        },
        "Inflation rate": {
            "sdtype": "categorical"
        },
        "GDP": {
            "sdtype": "categorical"
        },
        "Target": {
            "sdtype": "categorical"
        }
    }
}
2025-05-08 18:29:49,249 - INFO - [SYNTHETIC] Preparing synthesizer: CTGAN
2025-05-08 18:29:49,249 - INFO - [SYNTHETIC] Params from config: {'epochs': 300}
2025-05-08 18:29:49,249 - INFO -  [SYNTHETIC] No pre-trained synthesizer found
2025-05-08 18:29:49,249 - INFO - [SYNTHETIC] Training new CTGAN synthesizer from scratch...
2025-05-08 18:29:49,249 - WARNING - [FutureWarning] The 'SingleTableMetadata' is deprecated. Please use the new 'Metadata' class for synthesizers. (from /mnt/NVMETank/Projects/Students/Dele/A-STUDY-INTO-THE-QUALITY-AND-USABILITY-OF-PRIVACY-FRIENDLY-SYNTHETIC-DATA/.venv/lib/python3.12/site-packages/sdv/single_table/base.py:119)
2025-05-08 18:29:49,249 - WARNING - [UserWarning] We strongly recommend saving the metadata using 'save_to_json' for replicability in future SDV versions. (from /mnt/NVMETank/Projects/Students/Dele/A-STUDY-INTO-THE-QUALITY-AND-USABILITY-OF-PRIVACY-FRIENDLY-SYNTHETIC-DATA/.venv/lib/python3.12/site-packages/sdv/single_table/base.py:104)
2025-05-08 18:29:49,254 - INFO - {'EVENT': 'Instance', 'TIMESTAMP': datetime.datetime(2025, 5, 8, 18, 29, 49, 254161), 'SYNTHESIZER CLASS NAME': 'CTGANSynthesizer', 'SYNTHESIZER ID': 'CTGANSynthesizer_1.18.0_3b83f73c9942444bbaa2b0978bd418f5'}
2025-05-08 18:29:49,254 - INFO - [SYNTHETIC] CTGAN initialized with epochs: 300
2025-05-08 18:29:49,254 - INFO - [SYNTHETIC] Training parameters for CTGAN: {}
2025-05-08 18:29:49,254 - INFO - [SYNTHETIC] fitting CTGAN 
2025-05-08 18:29:49,254 - INFO - {'EVENT': 'Fit', 'TIMESTAMP': datetime.datetime(2025, 5, 8, 18, 29, 49, 254428), 'SYNTHESIZER CLASS NAME': 'CTGANSynthesizer', 'SYNTHESIZER ID': 'CTGANSynthesizer_1.18.0_3b83f73c9942444bbaa2b0978bd418f5', 'TOTAL NUMBER OF TABLES': 1, 'TOTAL NUMBER OF ROWS': 3096, 'TOTAL NUMBER OF COLUMNS': 37}
2025-05-08 18:29:49,255 - INFO - Fitting table  metadata
2025-05-08 18:29:49,257 - INFO - Fitting formatters for table 
2025-05-08 18:29:49,258 - INFO - Fitting constraints for table 
2025-05-08 18:29:49,258 - INFO - Setting the configuration for the ``HyperTransformer`` for table 
2025-05-08 18:29:49,258 - INFO - Fitting HyperTransformer for table 
2025-05-08 18:29:49,269 - INFO - {'EVENT': 'Fit processed data', 'TIMESTAMP': datetime.datetime(2025, 5, 8, 18, 29, 49, 269402), 'SYNTHESIZER CLASS NAME': 'CTGANSynthesizer', 'SYNTHESIZER ID': 'CTGANSynthesizer_1.18.0_3b83f73c9942444bbaa2b0978bd418f5', 'TOTAL NUMBER OF TABLES': 1, 'TOTAL NUMBER OF ROWS': 3096, 'TOTAL NUMBER OF COLUMNS': 37}
2025-05-08 18:29:59,423 - ERROR - [HYBRID] run_synthetic failed: CUDA out of memory. Tried to allocate 20.00 MiB. GPU 0 has a total capacity of 9.66 GiB of which 12.31 MiB is free. Process 2027485 has 914.00 MiB memory in use. Process 2029138 has 914.00 MiB memory in use. Process 2029687 has 916.00 MiB memory in use. Process 2031443 has 914.00 MiB memory in use. Process 2032572 has 916.00 MiB memory in use. Process 2032935 has 914.00 MiB memory in use. Process 2034443 has 914.00 MiB memory in use. Process 2035672 has 914.00 MiB memory in use. Process 2038679 has 914.00 MiB memory in use. Process 2039515 has 292.00 MiB memory in use. Including non-PyTorch memory, this process has 398.00 MiB memory in use. Process 2039611 has 264.00 MiB memory in use. Of the allocated memory 130.34 MiB is allocated by PyTorch, and 7.66 MiB is reserved by PyTorch but unallocated. If reserved but unallocated memory is large try setting PYTORCH_CUDA_ALLOC_CONF=expandable_segments:True to avoid fragmentation.  See documentation for Memory Management  (https://pytorch.org/docs/stable/notes/cuda.html#environment-variables)
2025-05-08 18:29:59,426 - INFO - Hybrid pipeline completed successfully.
2025-05-08 18:29:59,426 - INFO - Hybrid pipeline duration: 10.50 seconds
2025-05-08 18:29:59,426 - INFO - Starting Utility...
2025-05-08 18:29:59,426 - INFO - [UTILITY] Preparing datasets for machine learning...
2025-05-08 18:29:59,427 - INFO - [UTILITY] Original Data - Training Size: 3096, Testing Size: 1328
2025-05-08 18:29:59,427 - INFO - [UTILITY] Target class distribution (Original): {'Graduate': 1546, 'Dropout': 994, 'Enrolled': 556}
2025-05-08 18:29:59,427 - INFO - [UTILITY] Processing anonymized dataset...
2025-05-08 18:29:59,429 - INFO - [UTILITY] Anonymized Data - Training Size: 3096
2025-05-08 18:29:59,430 - INFO - [UTILITY] Target class distribution (Anonymous): {'Graduate': 1546, 'Dropout': 994, 'Enrolled': 556}
2025-05-08 18:29:59,430 - INFO - [UTILITY] Training models on all datasets...
2025-05-08 18:29:59,430 - INFO - [UTILITY] Total datasets used for training: 2
2025-05-08 18:29:59,430 - INFO - [TRAINING] Training models from scratch...
2025-05-08 18:29:59,430 - INFO - [TRAINING] Starting training for dataset: Original — Rows: 3096, Features: 36
2025-05-08 18:29:59,430 - INFO - [TRAINING] Training DecisionTree on Original...
2025-05-08 18:29:59,458 - INFO - [TRAINING] DecisionTree trained successfully on Original in 0.03 sec
2025-05-08 18:29:59,458 - INFO - [TRAINING] Training KNN on Original...
2025-05-08 18:29:59,460 - INFO - [TRAINING] KNN trained successfully on Original in 0.00 sec
2025-05-08 18:29:59,460 - INFO - [TRAINING] Training LogisticRegression on Original...
2025-05-08 18:29:59,558 - INFO - [TRAINING] LogisticRegression trained successfully on Original in 0.10 sec
2025-05-08 18:29:59,559 - INFO - [TRAINING] Training RandomForest on Original...
2025-05-08 18:29:59,956 - INFO - [TRAINING] RandomForest trained successfully on Original in 0.40 sec
2025-05-08 18:29:59,956 - INFO - [TRAINING] Finished training 4 model(s) for dataset: Original
2025-05-08 18:29:59,956 - INFO - [TRAINING] Starting training for dataset: Anonymous — Rows: 3096, Features: 36
2025-05-08 18:29:59,956 - INFO - [TRAINING] Training DecisionTree on Anonymous...
2025-05-08 18:29:59,987 - INFO - [TRAINING] DecisionTree trained successfully on Anonymous in 0.03 sec
2025-05-08 18:29:59,987 - INFO - [TRAINING] Training KNN on Anonymous...
2025-05-08 18:29:59,996 - INFO - [TRAINING] KNN trained successfully on Anonymous in 0.01 sec
2025-05-08 18:29:59,996 - INFO - [TRAINING] Training LogisticRegression on Anonymous...
2025-05-08 18:30:00,033 - INFO - [TRAINING] LogisticRegression trained successfully on Anonymous in 0.04 sec
2025-05-08 18:30:00,034 - INFO - [TRAINING] Training RandomForest on Anonymous...
2025-05-08 18:30:00,429 - INFO - [TRAINING] RandomForest trained successfully on Anonymous in 0.40 sec
2025-05-08 18:30:00,429 - INFO - [TRAINING] Finished training 4 model(s) for dataset: Anonymous
2025-05-08 18:30:00,429 - INFO - [TRAINING] Total models trained across all datasets: 8
2025-05-08 18:30:00,429 - INFO - [UTILITY] Trained model names: ['Original', 'Anonymous']
2025-05-08 18:30:00,429 - INFO - [UTILITY] Model Training Completed.
2025-05-08 18:30:00,429 - INFO - Starting the Evaluating of models...
2025-05-08 18:30:00,429 - INFO - Preparing evaluation for model 'DecisionTree' across all datasets...
2025-05-08 18:30:00,430 - INFO - Evaluating DecisionTree on Original...
2025-05-08 18:30:00,431 - INFO - Predictions completed for DecisionTree on Original
2025-05-08 18:30:00,432 - INFO - Prediction distribution for DecisionTree on Original: {'Graduate': 623, 'Dropout': 408, 'Enrolled': 297}
2025-05-08 18:30:00,458 - INFO - Computed 8 metric(s) for DecisionTree on Original
2025-05-08 18:30:00,458 - INFO - Evaluating DecisionTree on Anonymous...
2025-05-08 18:30:00,460 - INFO - Predictions completed for DecisionTree on Anonymous
2025-05-08 18:30:00,460 - INFO - Prediction distribution for DecisionTree on Anonymous: {'Graduate': 671, 'Dropout': 378, 'Enrolled': 279}
2025-05-08 18:30:00,484 - INFO - Computed 8 metric(s) for DecisionTree on Anonymous
2025-05-08 18:30:00,485 - INFO - Preparing evaluation for model 'KNN' across all datasets...
2025-05-08 18:30:00,485 - INFO - Evaluating KNN on Original...
2025-05-08 18:30:00,659 - INFO - Predictions completed for KNN on Original
2025-05-08 18:30:00,660 - INFO - Prediction distribution for KNN on Original: {'Graduate': 717, 'Dropout': 397, 'Enrolled': 214}
2025-05-08 18:30:00,935 - INFO - Computed 8 metric(s) for KNN on Original
2025-05-08 18:30:00,936 - INFO - Evaluating KNN on Anonymous...
2025-05-08 18:30:00,971 - INFO - Predictions completed for KNN on Anonymous
2025-05-08 18:30:00,972 - INFO - Prediction distribution for KNN on Anonymous: {'Graduate': 743, 'Dropout': 404, 'Enrolled': 181}
2025-05-08 18:30:01,132 - INFO - Computed 8 metric(s) for KNN on Anonymous
2025-05-08 18:30:01,132 - INFO - Preparing evaluation for model 'LogisticRegression' across all datasets...
2025-05-08 18:30:01,132 - INFO - Evaluating LogisticRegression on Original...
2025-05-08 18:30:01,134 - INFO - Predictions completed for LogisticRegression on Original
2025-05-08 18:30:01,135 - INFO - Prediction distribution for LogisticRegression on Original: {'Graduate': 773, 'Dropout': 398, 'Enrolled': 157}
2025-05-08 18:30:01,156 - INFO - Computed 8 metric(s) for LogisticRegression on Original
2025-05-08 18:30:01,156 - INFO - Evaluating LogisticRegression on Anonymous...
2025-05-08 18:30:01,157 - INFO - Predictions completed for LogisticRegression on Anonymous
2025-05-08 18:30:01,158 - INFO - Prediction distribution for LogisticRegression on Anonymous: {'Graduate': 793, 'Dropout': 417, 'Enrolled': 118}
2025-05-08 18:30:01,179 - INFO - Computed 8 metric(s) for LogisticRegression on Anonymous
2025-05-08 18:30:01,179 - INFO - Preparing evaluation for model 'RandomForest' across all datasets...
2025-05-08 18:30:01,179 - INFO - Evaluating RandomForest on Original...
2025-05-08 18:30:01,196 - INFO - Predictions completed for RandomForest on Original
2025-05-08 18:30:01,196 - INFO - Prediction distribution for RandomForest on Original: {'Graduate': 769, 'Dropout': 402, 'Enrolled': 157}
2025-05-08 18:30:01,248 - INFO - Computed 8 metric(s) for RandomForest on Original
2025-05-08 18:30:01,248 - INFO - Evaluating RandomForest on Anonymous...
2025-05-08 18:30:01,266 - INFO - Predictions completed for RandomForest on Anonymous
2025-05-08 18:30:01,267 - INFO - Prediction distribution for RandomForest on Anonymous: {'Graduate': 786, 'Dropout': 398, 'Enrolled': 144}
2025-05-08 18:30:01,319 - INFO - Computed 8 metric(s) for RandomForest on Anonymous
2025-05-08 18:30:01,323 - INFO - Evaluation completed for all models.
2025-05-08 18:30:01,323 - INFO - Model evaluation completed in 0.89 seconds.
2025-05-08 18:30:01,325 - INFO - Evaluated models: ['DecisionTree', 'KNN', 'LogisticRegression', 'RandomForest']
2025-05-08 18:30:01,325 - INFO - Model Training and Evaluation completed.
2025-05-08 18:30:01,848 - INFO -  Visualizations saved.
2025-05-08 18:30:01,848 - INFO -  Benchmarking Completed. Results saved in output folder.
