2025-04-11 14:54:48,839 - INFO - Loaded config file: configs/generated_configs/studentPerformance/studentPerformance_synth_ep20.yaml
2025-04-11 14:54:48,839 - INFO -  Benchmarking started for dataset: studentPerformance
2025-04-11 14:54:48,839 - INFO - Configuration loaded: enable_anonymization = False, enable_synthesis = True
2025-04-11 14:54:48,839 - INFO - Running preprocessing...
2025-04-11 14:54:48,850 - INFO - Preprocessed files found. Skipping preprocessing.
2025-04-11 14:54:48,895 - INFO - Preprocessing completed. Rows before: 4424, after: 3539
2025-04-11 14:54:48,895 - INFO - enable_anonymization = None
2025-04-11 14:54:48,896 - INFO - Anonymization Skipped (Disabled in Configuration).
2025-04-11 14:54:48,896 - INFO - enable_synthetic_generation = True
2025-04-11 14:54:48,896 - INFO - Starting Synthetic Data Generation Pipeline...
2025-04-11 14:54:48,964 - INFO - Detected metadata:
2025-04-11 14:54:48,965 - INFO - {
    "columns": {
        "Marital status": {
            "sdtype": "categorical"
        },
        "Application mode": {
            "sdtype": "numerical"
        },
        "Application order": {
            "sdtype": "categorical"
        },
        "Course": {
            "sdtype": "numerical"
        },
        "Daytime/evening attendance": {
            "sdtype": "categorical"
        },
        "Previous qualification": {
            "sdtype": "numerical"
        },
        "Previous qualification (grade)": {
            "sdtype": "numerical"
        },
        "Nacionality": {
            "sdtype": "numerical"
        },
        "Mother's qualification": {
            "sdtype": "numerical"
        },
        "Father's qualification": {
            "sdtype": "numerical"
        },
        "Mother's occupation": {
            "sdtype": "numerical"
        },
        "Father's occupation": {
            "sdtype": "numerical"
        },
        "Admission grade": {
            "sdtype": "numerical"
        },
        "Displaced": {
            "sdtype": "categorical"
        },
        "Educational special needs": {
            "sdtype": "categorical"
        },
        "Debtor": {
            "sdtype": "categorical"
        },
        "Tuition fees up to date": {
            "sdtype": "categorical"
        },
        "Gender": {
            "sdtype": "categorical"
        },
        "Scholarship_holder": {
            "sdtype": "categorical"
        },
        "Age at enrollment": {
            "sdtype": "numerical"
        },
        "International": {
            "sdtype": "categorical"
        },
        "Curricular units 1st sem (credited)": {
            "sdtype": "numerical"
        },
        "Curricular units 1st sem (enrolled)": {
            "sdtype": "numerical"
        },
        "Curricular units 1st sem (evaluations)": {
            "sdtype": "numerical"
        },
        "Curricular units 1st sem (approved)": {
            "sdtype": "numerical"
        },
        "Curricular units 1st sem (grade)": {
            "sdtype": "numerical"
        },
        "Curricular units 1st sem (without evaluations)": {
            "sdtype": "numerical"
        },
        "Curricular units 2nd sem (credited)": {
            "sdtype": "numerical"
        },
        "Curricular units 2nd sem (enrolled)": {
            "sdtype": "numerical"
        },
        "Curricular units 2nd sem (evaluations)": {
            "sdtype": "numerical"
        },
        "Curricular units 2nd sem (approved)": {
            "sdtype": "numerical"
        },
        "Curricular units 2nd sem (grade)": {
            "sdtype": "numerical"
        },
        "Curricular units 2nd sem (without evaluations)": {
            "sdtype": "categorical"
        },
        "Unemployment rate": {
            "sdtype": "numerical"
        },
        "Inflation rate": {
            "sdtype": "numerical"
        },
        "GDP": {
            "sdtype": "numerical"
        },
        "Target": {
            "sdtype": "categorical"
        }
    },
    "METADATA_SPEC_VERSION": "SINGLE_TABLE_V1"
}
2025-04-11 14:54:48,986 - INFO - {'EVENT': 'Instance', 'TIMESTAMP': datetime.datetime(2025, 4, 11, 14, 54, 48, 986610), 'SYNTHESIZER CLASS NAME': 'CTGANSynthesizer', 'SYNTHESIZER ID': 'CTGANSynthesizer_1.18.0_f771e2d8f0fb4627b8a24a16dc0efb4a'}
2025-04-11 14:54:48,986 - INFO - {'EVENT': 'Fit', 'TIMESTAMP': datetime.datetime(2025, 4, 11, 14, 54, 48, 986719), 'SYNTHESIZER CLASS NAME': 'CTGANSynthesizer', 'SYNTHESIZER ID': 'CTGANSynthesizer_1.18.0_f771e2d8f0fb4627b8a24a16dc0efb4a', 'TOTAL NUMBER OF TABLES': 1, 'TOTAL NUMBER OF ROWS': 3539, 'TOTAL NUMBER OF COLUMNS': 37}
2025-04-11 14:54:49,103 - INFO - Fitting table  metadata
2025-04-11 14:54:49,104 - INFO - Fitting formatters for table 
2025-04-11 14:54:49,133 - INFO - No rounding scheme detected for column 'Curricular units 1st sem (grade)'. Data will not be rounded.
2025-04-11 14:54:49,135 - INFO - No rounding scheme detected for column 'Curricular units 2nd sem (grade)'. Data will not be rounded.
2025-04-11 14:54:49,145 - INFO - Fitting constraints for table 
2025-04-11 14:54:49,145 - INFO - Setting the configuration for the ``HyperTransformer`` for table 
2025-04-11 14:54:49,169 - INFO - Fitting HyperTransformer for table 
2025-04-11 14:54:49,305 - INFO - No rounding scheme detected for column 'Curricular units 1st sem (grade)'. Data will not be rounded.
2025-04-11 14:54:49,360 - INFO - No rounding scheme detected for column 'Curricular units 2nd sem (grade)'. Data will not be rounded.
2025-04-11 14:54:49,506 - INFO - {'EVENT': 'Fit processed data', 'TIMESTAMP': datetime.datetime(2025, 4, 11, 14, 54, 49, 506746), 'SYNTHESIZER CLASS NAME': 'CTGANSynthesizer', 'SYNTHESIZER ID': 'CTGANSynthesizer_1.18.0_f771e2d8f0fb4627b8a24a16dc0efb4a', 'TOTAL NUMBER OF TABLES': 1, 'TOTAL NUMBER OF ROWS': 3539, 'TOTAL NUMBER OF COLUMNS': 37}
2025-04-11 14:54:49,555 - INFO - Guidance: There are no missing values in column Application mode. Extra column not created.
2025-04-11 14:54:49,927 - INFO - Guidance: There are no missing values in column Course. Extra column not created.
2025-04-11 14:54:50,530 - INFO - Guidance: There are no missing values in column Previous qualification. Extra column not created.
2025-04-11 14:54:50,862 - INFO - Guidance: There are no missing values in column Previous qualification (grade). Extra column not created.
2025-04-11 14:54:51,775 - INFO - Guidance: There are no missing values in column Nacionality. Extra column not created.
2025-04-11 14:54:52,033 - INFO - Guidance: There are no missing values in column Mother's qualification. Extra column not created.
2025-04-11 14:54:52,483 - INFO - Guidance: There are no missing values in column Father's qualification. Extra column not created.
2025-04-11 14:54:53,084 - INFO - Guidance: There are no missing values in column Mother's occupation. Extra column not created.
2025-04-11 14:54:53,418 - INFO - Guidance: There are no missing values in column Father's occupation. Extra column not created.
2025-04-11 14:54:53,930 - INFO - Guidance: There are no missing values in column Admission grade. Extra column not created.
2025-04-11 14:54:55,188 - INFO - Guidance: There are no missing values in column Age at enrollment. Extra column not created.
2025-04-11 14:54:56,004 - INFO - Guidance: There are no missing values in column Curricular units 1st sem (credited). Extra column not created.
2025-04-11 14:54:56,593 - INFO - Guidance: There are no missing values in column Curricular units 1st sem (enrolled). Extra column not created.
2025-04-11 14:54:57,119 - INFO - Guidance: There are no missing values in column Curricular units 1st sem (evaluations). Extra column not created.
2025-04-11 14:54:57,697 - INFO - Guidance: There are no missing values in column Curricular units 1st sem (approved). Extra column not created.
2025-04-11 14:54:58,084 - INFO - Guidance: There are no missing values in column Curricular units 1st sem (grade). Extra column not created.
2025-04-11 14:54:58,764 - INFO - Guidance: There are no missing values in column Curricular units 1st sem (without evaluations). Extra column not created.
2025-04-11 14:54:59,064 - INFO - Guidance: There are no missing values in column Curricular units 2nd sem (credited). Extra column not created.
2025-04-11 14:54:59,397 - INFO - Guidance: There are no missing values in column Curricular units 2nd sem (enrolled). Extra column not created.
2025-04-11 14:54:59,779 - INFO - Guidance: There are no missing values in column Curricular units 2nd sem (evaluations). Extra column not created.
2025-04-11 14:55:00,389 - INFO - Guidance: There are no missing values in column Curricular units 2nd sem (approved). Extra column not created.
2025-04-11 14:55:00,704 - INFO - Guidance: There are no missing values in column Curricular units 2nd sem (grade). Extra column not created.
2025-04-11 14:55:01,798 - INFO - Guidance: There are no missing values in column Unemployment rate. Extra column not created.
2025-04-11 14:55:02,630 - INFO - Guidance: There are no missing values in column Inflation rate. Extra column not created.
2025-04-11 14:55:03,285 - INFO - Guidance: There are no missing values in column GDP. Extra column not created.
2025-04-11 14:57:21,038 - INFO - {'EVENT': 'Save', 'TIMESTAMP': datetime.datetime(2025, 4, 11, 14, 57, 21, 38928), 'SYNTHESIZER CLASS NAME': 'CTGANSynthesizer', 'SYNTHESIZER ID': 'CTGANSynthesizer_1.18.0_f771e2d8f0fb4627b8a24a16dc0efb4a'}
2025-04-11 14:57:21,118 - INFO - {'EVENT': 'Load', 'TIMESTAMP': datetime.datetime(2025, 4, 11, 14, 57, 21, 118201), 'SYNTHESIZER CLASS NAME': 'GaussianCopulaSynthesizer', 'SYNTHESIZER ID': 'GaussianCopulaSynthesizer_1.18.0_acab0468a1be4c6288582dab1e032559'}
2025-04-11 14:57:21,124 - INFO - {'EVENT': 'Instance', 'TIMESTAMP': datetime.datetime(2025, 4, 11, 14, 57, 21, 124369), 'SYNTHESIZER CLASS NAME': 'TVAESynthesizer', 'SYNTHESIZER ID': 'TVAESynthesizer_1.18.0_5fe40819005e4e27b4660c407688706a'}
2025-04-11 14:57:21,124 - INFO - {'EVENT': 'Fit', 'TIMESTAMP': datetime.datetime(2025, 4, 11, 14, 57, 21, 124841), 'SYNTHESIZER CLASS NAME': 'TVAESynthesizer', 'SYNTHESIZER ID': 'TVAESynthesizer_1.18.0_5fe40819005e4e27b4660c407688706a', 'TOTAL NUMBER OF TABLES': 1, 'TOTAL NUMBER OF ROWS': 3539, 'TOTAL NUMBER OF COLUMNS': 37}
2025-04-11 14:57:21,170 - INFO - Fitting table  metadata
2025-04-11 14:57:21,172 - INFO - Fitting formatters for table 
2025-04-11 14:57:21,179 - INFO - No rounding scheme detected for column 'Curricular units 1st sem (grade)'. Data will not be rounded.
2025-04-11 14:57:21,182 - INFO - No rounding scheme detected for column 'Curricular units 2nd sem (grade)'. Data will not be rounded.
2025-04-11 14:57:21,185 - INFO - Fitting constraints for table 
2025-04-11 14:57:21,185 - INFO - Setting the configuration for the ``HyperTransformer`` for table 
2025-04-11 14:57:21,197 - INFO - Fitting HyperTransformer for table 
2025-04-11 14:57:21,256 - INFO - No rounding scheme detected for column 'Curricular units 1st sem (grade)'. Data will not be rounded.
2025-04-11 14:57:21,278 - INFO - No rounding scheme detected for column 'Curricular units 2nd sem (grade)'. Data will not be rounded.
2025-04-11 14:57:21,340 - INFO - {'EVENT': 'Fit processed data', 'TIMESTAMP': datetime.datetime(2025, 4, 11, 14, 57, 21, 340892), 'SYNTHESIZER CLASS NAME': 'TVAESynthesizer', 'SYNTHESIZER ID': 'TVAESynthesizer_1.18.0_5fe40819005e4e27b4660c407688706a', 'TOTAL NUMBER OF TABLES': 1, 'TOTAL NUMBER OF ROWS': 3539, 'TOTAL NUMBER OF COLUMNS': 37}
2025-04-11 14:57:21,345 - INFO - Guidance: There are no missing values in column Application mode. Extra column not created.
2025-04-11 14:57:21,740 - INFO - Guidance: There are no missing values in column Course. Extra column not created.
2025-04-11 14:57:22,659 - INFO - Guidance: There are no missing values in column Previous qualification. Extra column not created.
2025-04-11 14:57:22,859 - INFO - Guidance: There are no missing values in column Previous qualification (grade). Extra column not created.
2025-04-11 14:57:23,239 - INFO - Guidance: There are no missing values in column Nacionality. Extra column not created.
2025-04-11 14:57:23,388 - INFO - Guidance: There are no missing values in column Mother's qualification. Extra column not created.
2025-04-11 14:57:23,529 - INFO - Guidance: There are no missing values in column Father's qualification. Extra column not created.
2025-04-11 14:57:23,647 - INFO - Guidance: There are no missing values in column Mother's occupation. Extra column not created.
2025-04-11 14:57:23,716 - INFO - Guidance: There are no missing values in column Father's occupation. Extra column not created.
2025-04-11 14:57:23,850 - INFO - Guidance: There are no missing values in column Admission grade. Extra column not created.
2025-04-11 14:57:24,019 - INFO - Guidance: There are no missing values in column Age at enrollment. Extra column not created.
2025-04-11 14:57:24,184 - INFO - Guidance: There are no missing values in column Curricular units 1st sem (credited). Extra column not created.
2025-04-11 14:57:24,365 - INFO - Guidance: There are no missing values in column Curricular units 1st sem (enrolled). Extra column not created.
2025-04-11 14:57:24,530 - INFO - Guidance: There are no missing values in column Curricular units 1st sem (evaluations). Extra column not created.
2025-04-11 14:57:24,694 - INFO - Guidance: There are no missing values in column Curricular units 1st sem (approved). Extra column not created.
2025-04-11 14:57:24,792 - INFO - Guidance: There are no missing values in column Curricular units 1st sem (grade). Extra column not created.
2025-04-11 14:57:24,952 - INFO - Guidance: There are no missing values in column Curricular units 1st sem (without evaluations). Extra column not created.
2025-04-11 14:57:25,007 - INFO - Guidance: There are no missing values in column Curricular units 2nd sem (credited). Extra column not created.
2025-04-11 14:57:25,112 - INFO - Guidance: There are no missing values in column Curricular units 2nd sem (enrolled). Extra column not created.
2025-04-11 14:57:25,215 - INFO - Guidance: There are no missing values in column Curricular units 2nd sem (evaluations). Extra column not created.
2025-04-11 14:57:25,378 - INFO - Guidance: There are no missing values in column Curricular units 2nd sem (approved). Extra column not created.
2025-04-11 14:57:25,427 - INFO - Guidance: There are no missing values in column Curricular units 2nd sem (grade). Extra column not created.
2025-04-11 14:57:25,604 - INFO - Guidance: There are no missing values in column Unemployment rate. Extra column not created.
2025-04-11 14:57:25,768 - INFO - Guidance: There are no missing values in column Inflation rate. Extra column not created.
2025-04-11 14:57:25,858 - INFO - Guidance: There are no missing values in column GDP. Extra column not created.
2025-04-11 14:58:02,350 - INFO - {'EVENT': 'Save', 'TIMESTAMP': datetime.datetime(2025, 4, 11, 14, 58, 2, 350155), 'SYNTHESIZER CLASS NAME': 'TVAESynthesizer', 'SYNTHESIZER ID': 'TVAESynthesizer_1.18.0_5fe40819005e4e27b4660c407688706a'}
2025-04-11 14:58:02,530 - INFO - {'EVENT': 'Sample', 'TIMESTAMP': datetime.datetime(2025, 4, 11, 14, 58, 2, 371322), 'SYNTHESIZER CLASS NAME': 'CTGANSynthesizer', 'SYNTHESIZER ID': 'CTGANSynthesizer_1.18.0_f771e2d8f0fb4627b8a24a16dc0efb4a', 'TOTAL NUMBER OF TABLES': 1, 'TOTAL NUMBER OF ROWS': 3539, 'TOTAL NUMBER OF COLUMNS': 37}
2025-04-11 14:58:02,717 - INFO - {'EVENT': 'Sample', 'TIMESTAMP': datetime.datetime(2025, 4, 11, 14, 58, 2, 530311), 'SYNTHESIZER CLASS NAME': 'GaussianCopulaSynthesizer', 'SYNTHESIZER ID': 'GaussianCopulaSynthesizer_1.18.0_acab0468a1be4c6288582dab1e032559', 'TOTAL NUMBER OF TABLES': 1, 'TOTAL NUMBER OF ROWS': 3539, 'TOTAL NUMBER OF COLUMNS': 37}
2025-04-11 14:58:02,844 - INFO - {'EVENT': 'Sample', 'TIMESTAMP': datetime.datetime(2025, 4, 11, 14, 58, 2, 717141), 'SYNTHESIZER CLASS NAME': 'TVAESynthesizer', 'SYNTHESIZER ID': 'TVAESynthesizer_1.18.0_5fe40819005e4e27b4660c407688706a', 'TOTAL NUMBER OF TABLES': 1, 'TOTAL NUMBER OF ROWS': 3539, 'TOTAL NUMBER OF COLUMNS': 37}
2025-04-11 14:58:02,845 - INFO - Synthetic Data Generation Completed.
2025-04-11 14:58:07,082 - INFO - Synthetic Data Evaluation Completed.
2025-04-11 14:58:07,092 - INFO - Synthetic Data Report Generated Successfully.
2025-04-11 14:58:07,248 - INFO - Synthetic data generated with 3 synthesizers.
2025-04-11 14:58:07,248 - INFO - Hybrid pipeline skipped (disabled in configuration).
2025-04-11 14:58:07,248 - INFO - Preparing datasets for machine learning...
2025-04-11 14:58:07,249 - INFO - Original Data - Training Size: 3539, Testing Size: 885
2025-04-11 14:58:07,249 - INFO - Processing synthetic dataset generated by CTGAN...
2025-04-11 14:58:07,249 - INFO - Synthetic Data (CTGAN) - Training Size: 3539
2025-04-11 14:58:07,249 - INFO - Processing synthetic dataset generated by GaussianCopula...
2025-04-11 14:58:07,250 - INFO - Synthetic Data (GaussianCopula) - Training Size: 3539
2025-04-11 14:58:07,250 - INFO - Processing synthetic dataset generated by TVAE...
2025-04-11 14:58:07,250 - INFO - Synthetic Data (TVAE) - Training Size: 3539
2025-04-11 14:58:07,251 - INFO - Training models on all datasets...
2025-04-11 14:58:15,685 - INFO - Model Training Completed.
2025-04-11 14:58:15,685 - INFO - Evaluating models...
2025-04-11 14:58:16,383 - INFO - Model Training and Evaluation completed.
2025-04-11 14:58:16,874 - INFO -  Visualizations saved.
2025-04-11 14:58:16,874 - INFO -  Benchmarking Completed. Results saved in output folder.
