2025-05-08 18:46:41,500 - INFO - Loaded config file: configs/generated_configs/loan/loan_anon_k8_sl0p05_l10.yaml
2025-05-08 18:46:41,501 - INFO -  Benchmarking started for dataset: loan
2025-05-08 18:46:41,501 - INFO - Using dataset path: /mnt/NVMETank/Projects/Students/Dele/A-STUDY-INTO-THE-QUALITY-AND-USABILITY-OF-PRIVACY-FRIENDLY-SYNTHETIC-DATA/datasets/original/loan.csv
2025-05-08 18:46:41,501 - INFO - Target column: Loan_Status, separator: ','
2025-05-08 18:46:41,501 - INFO - Configuration loaded: enable_anonymization = True, enable_synthesis = False, enable_hybrid = True, enable_utility = True, delete_after_evaluation = False
2025-05-08 18:46:41,501 - INFO - Running preprocessing...
2025-05-08 18:46:41,505 - INFO -  [PREPROCESSING] Preprocessed files found. Skipping preprocessing.
2025-05-08 18:46:41,513 - INFO - Preprocessing completed. Rows before: 614, after: 336
2025-05-08 18:46:41,513 - INFO - Preprocessed data saved to: outputs/batch/loan_batch_2025-05-08_18-38-44/loan_anon_k8_sl0p05_l10/preprocessing_report.txt
2025-05-08 18:46:41,513 - INFO - enable_anonymization = True
2025-05-08 18:46:41,513 - INFO - Starting Anonymization Pipeline with output path: /mnt/NVMETank/Projects/Students/Dele/A-STUDY-INTO-THE-QUALITY-AND-USABILITY-OF-PRIVACY-FRIENDLY-SYNTHETIC-DATA/datasets/anonymized/loan_k8_l10_sup05_anonymized.csv.......
2025-05-08 18:46:41,518 - INFO -  [ANONYMIZATION] Executing run_anonymization, config_path : configs/generated_configs/loan/loan_anon_k8_sl0p05_l10.yaml...........
2025-05-08 18:46:41,518 - INFO -  [ANONYMIZATION] Using JAR file at /mnt/NVMETank/Projects/Students/Dele/A-STUDY-INTO-THE-QUALITY-AND-USABILITY-OF-PRIVACY-FRIENDLY-SYNTHETIC-DATA/src/anonymization/anonymARXij/bin/anonymARXij.jar to anonymize the dataset.
2025-05-08 18:46:42,708 - INFO -  [ANONYMIZATION] Anonimized file saved to : /mnt/NVMETank/Projects/Students/Dele/A-STUDY-INTO-THE-QUALITY-AND-USABILITY-OF-PRIVACY-FRIENDLY-SYNTHETIC-DATA/datasets/anonymized/loan_k8_l10_sup05_anonymized.csv
2025-05-08 18:46:42,708 - INFO -  [ANONYMIZATION] Java anonymization completed successfully.
2025-05-08 18:46:42,709 - INFO -  [ANONYMIZATION] Java STDOUT:
📄 Java received config path: /mnt/NVMETank/Projects/Students/Dele/A-STUDY-INTO-THE-QUALITY-AND-USABILITY-OF-PRIVACY-FRIENDLY-SYNTHETIC-DATA/configs/generated_configs/loan/loan_anon_k8_sl0p05_l10.yaml
🔹 Loading config from: /mnt/NVMETank/Projects/Students/Dele/A-STUDY-INTO-THE-QUALITY-AND-USABILITY-OF-PRIVACY-FRIENDLY-SYNTHETIC-DATA/configs/generated_configs/loan/loan_anon_k8_sl0p05_l10.yaml
Loading config from: /mnt/NVMETank/Projects/Students/Dele/A-STUDY-INTO-THE-QUALITY-AND-USABILITY-OF-PRIVACY-FRIENDLY-SYNTHETIC-DATA/configs/generated_configs/loan/loan_anon_k8_sl0p05_l10.yaml
📂 Dataset Path (from args): /mnt/NVMETank/Projects/Students/Dele/A-STUDY-INTO-THE-QUALITY-AND-USABILITY-OF-PRIVACY-FRIENDLY-SYNTHETIC-DATA/datasets/train/loan_train_raw.csv
🔹 Dataset Separator: ,
🔹 Suppression Limit: 0.05

🔹 Configured Attributes:
  ✅ Quasi-Identifier: Gender
  ✅ Quasi-Identifier: Married
  ✅ Quasi-Identifier: Education
  ✅ Quasi-Identifier: Dependents
  ✅ Quasi-Identifier: Self_Employed
  ✅ Quasi-Identifier: Property_Area
  ✅ Quasi-Identifier: Credit_History
  ✅ Quasi-Identifier: Loan_Amount_Term
  ✅ Sensitive Attribute: LoanAmount
  ✅ Insensitive Attribute: Loan_Status
  ✅ Insensitive Attribute: ApplicantIncome
  ✅ Insensitive Attribute: CoapplicantIncome

🔹 Defined Hierarchies:
  ✅ Property_Area -> /mnt/NVMETank/Projects/Students/Dele/A-STUDY-INTO-THE-QUALITY-AND-USABILITY-OF-PRIVACY-FRIENDLY-SYNTHETIC-DATA/src/anonymization/anonymARXij/src/hierarchies_loan/property_area.csv
  ✅ Self_Employed -> /mnt/NVMETank/Projects/Students/Dele/A-STUDY-INTO-THE-QUALITY-AND-USABILITY-OF-PRIVACY-FRIENDLY-SYNTHETIC-DATA/src/anonymization/anonymARXij/src/hierarchies_loan/self_employed.csv
  ✅ Credit_History -> /mnt/NVMETank/Projects/Students/Dele/A-STUDY-INTO-THE-QUALITY-AND-USABILITY-OF-PRIVACY-FRIENDLY-SYNTHETIC-DATA/src/anonymization/anonymARXij/src/hierarchies_loan/credit_history.csv
  ✅ Dependents -> /mnt/NVMETank/Projects/Students/Dele/A-STUDY-INTO-THE-QUALITY-AND-USABILITY-OF-PRIVACY-FRIENDLY-SYNTHETIC-DATA/src/anonymization/anonymARXij/src/hierarchies_loan/dependents.csv
  ✅ Education -> /mnt/NVMETank/Projects/Students/Dele/A-STUDY-INTO-THE-QUALITY-AND-USABILITY-OF-PRIVACY-FRIENDLY-SYNTHETIC-DATA/src/anonymization/anonymARXij/src/hierarchies_loan/education.csv
  ✅ Loan_Amount_Term -> /mnt/NVMETank/Projects/Students/Dele/A-STUDY-INTO-THE-QUALITY-AND-USABILITY-OF-PRIVACY-FRIENDLY-SYNTHETIC-DATA/src/anonymization/anonymARXij/src/hierarchies_loan/loan_amount_terms.csv
  ✅ Married -> /mnt/NVMETank/Projects/Students/Dele/A-STUDY-INTO-THE-QUALITY-AND-USABILITY-OF-PRIVACY-FRIENDLY-SYNTHETIC-DATA/src/anonymization/anonymARXij/src/hierarchies_loan/married.csv
  ✅ Gender -> /mnt/NVMETank/Projects/Students/Dele/A-STUDY-INTO-THE-QUALITY-AND-USABILITY-OF-PRIVACY-FRIENDLY-SYNTHETIC-DATA/src/anonymization/anonymARXij/src/hierarchies_loan/gender.csv
Java is searching for hierarchy file at: /mnt/NVMETank/Projects/Students/Dele/A-STUDY-INTO-THE-QUALITY-AND-USABILITY-OF-PRIVACY-FRIENDLY-SYNTHETIC-DATA/src/anonymization/anonymARXij/src/hierarchies_loan/property_area.csv
Java is searching for hierarchy file at: /mnt/NVMETank/Projects/Students/Dele/A-STUDY-INTO-THE-QUALITY-AND-USABILITY-OF-PRIVACY-FRIENDLY-SYNTHETIC-DATA/src/anonymization/anonymARXij/src/hierarchies_loan/self_employed.csv
Java is searching for hierarchy file at: /mnt/NVMETank/Projects/Students/Dele/A-STUDY-INTO-THE-QUALITY-AND-USABILITY-OF-PRIVACY-FRIENDLY-SYNTHETIC-DATA/src/anonymization/anonymARXij/src/hierarchies_loan/credit_history.csv
Java is searching for hierarchy file at: /mnt/NVMETank/Projects/Students/Dele/A-STUDY-INTO-THE-QUALITY-AND-USABILITY-OF-PRIVACY-FRIENDLY-SYNTHETIC-DATA/src/anonymization/anonymARXij/src/hierarchies_loan/dependents.csv
Java is searching for hierarchy file at: /mnt/NVMETank/Projects/Students/Dele/A-STUDY-INTO-THE-QUALITY-AND-USABILITY-OF-PRIVACY-FRIENDLY-SYNTHETIC-DATA/src/anonymization/anonymARXij/src/hierarchies_loan/education.csv
Java is searching for hierarchy file at: /mnt/NVMETank/Projects/Students/Dele/A-STUDY-INTO-THE-QUALITY-AND-USABILITY-OF-PRIVACY-FRIENDLY-SYNTHETIC-DATA/src/anonymization/anonymARXij/src/hierarchies_loan/loan_amount_terms.csv
Java is searching for hierarchy file at: /mnt/NVMETank/Projects/Students/Dele/A-STUDY-INTO-THE-QUALITY-AND-USABILITY-OF-PRIVACY-FRIENDLY-SYNTHETIC-DATA/src/anonymization/anonymARXij/src/hierarchies_loan/married.csv
Java is searching for hierarchy file at: /mnt/NVMETank/Projects/Students/Dele/A-STUDY-INTO-THE-QUALITY-AND-USABILITY-OF-PRIVACY-FRIENDLY-SYNTHETIC-DATA/src/anonymization/anonymARXij/src/hierarchies_loan/gender.csv
✓ Applied Entropy L-Diversity on: LoanAmount (l=10)
🔹 Privacy Models Configured
📂 Anonymized Output Path (from args): /mnt/NVMETank/Projects/Students/Dele/A-STUDY-INTO-THE-QUALITY-AND-USABILITY-OF-PRIVACY-FRIENDLY-SYNTHETIC-DATA/datasets/anonymized/loan_k8_l10_sup05_anonymized.csv
📂 Anonymized Output Path: /mnt/NVMETank/Projects/Students/Dele/A-STUDY-INTO-THE-QUALITY-AND-USABILITY-OF-PRIVACY-FRIENDLY-SYNTHETIC-DATA/datasets/anonymized/loan_k8_l10_sup05_anonymized.csv
✅ Anonymization completed. Output saved to: /mnt/NVMETank/Projects/Students/Dele/A-STUDY-INTO-THE-QUALITY-AND-USABILITY-OF-PRIVACY-FRIENDLY-SYNTHETIC-DATA/datasets/anonymized/loan_k8_l10_sup05_anonymized.csv
Anonymized Data Quality Metrics:
 - Ambiguity: 0.9213189407994603
 - AECS: 0.8996136424193978
 - Discernibility: 0.8015739636416206
 - Granularity: 0.39422788042661894
 - MSE: 0.07517281105990781
 - Non-Uniform Entropy: 0.37217999159487636
 - Precision: 0.42057291666666663
 - Record-level SE: 0.1763408224248848
Equivalence Class Statistics:
 - Number of Classes: 9
 - Average Class Size: 35.888888888888886
Suppression Statistics:
 - Suppressed Records: 13
 - Suppression Percentage: 3.87%
2025-05-08 18:46:42,709 - INFO - Anonymized data saved to: /mnt/NVMETank/Projects/Students/Dele/A-STUDY-INTO-THE-QUALITY-AND-USABILITY-OF-PRIVACY-FRIENDLY-SYNTHETIC-DATA/datasets/anonymized/loan_k8_l10_sup05_anonymized.csv
2025-05-08 18:46:42,719 - INFO - Anonymous data report saved at: outputs/batch/loan_batch_2025-05-08_18-38-44/loan_anon_k8_sl0p05_l10/anonymous_data_report.txt
2025-05-08 18:46:42,719 - INFO -  [POSTPROCESSING] Postprocessing anonymized data: /mnt/NVMETank/Projects/Students/Dele/A-STUDY-INTO-THE-QUALITY-AND-USABILITY-OF-PRIVACY-FRIENDLY-SYNTHETIC-DATA/datasets/anonymized/loan_k8_l10_sup05_anonymized.csv
2025-05-08 18:46:42,720 - INFO -  [POSTPROCESSING] Loaded anonymized data: (336, 12)
2025-05-08 18:46:42,724 - INFO -  [POSTPROCESSING] Loaded fallback maps from training data. Categorical cols: 7, Numeric cols: 5
2025-05-08 18:46:42,724 - INFO -  [POSTPROCESSING] Normalizing anonymized data using ARX artifact cleaning and fallback values.
2025-05-08 18:46:42,738 - INFO -  [POSTPROCESSING] Normalized anonymized data saved to: /mnt/NVMETank/Projects/Students/Dele/A-STUDY-INTO-THE-QUALITY-AND-USABILITY-OF-PRIVACY-FRIENDLY-SYNTHETIC-DATA/datasets/anonymized/loan_k8_l10_sup05_anonymized_processed.csv
2025-05-08 18:46:42,745 - INFO -  [POSTPROCESSING] Binary Encoding applied to anonymized data. Encoded shape: (336, 19)
2025-05-08 18:46:42,746 - INFO -  [POSTPROCESSING] Encoded anonymized dataset saved to: /mnt/NVMETank/Projects/Students/Dele/A-STUDY-INTO-THE-QUALITY-AND-USABILITY-OF-PRIVACY-FRIENDLY-SYNTHETIC-DATA/datasets/anonymized/loan_k8_l10_sup05_anonymized_encoded.csv
2025-05-08 18:46:42,746 - INFO -  [POSTPROCESSING] Encoding map generated for anonymized data: 0 original categorical columns.
2025-05-08 18:46:42,746 - INFO - Postprocessing report saved at: outputs/batch/loan_batch_2025-05-08_18-38-44/loan_anon_k8_sl0p05_l10/postprocessing_report.txt
2025-05-08 18:46:42,746 - INFO - enable_synthetic_generation = False
2025-05-08 18:46:42,746 - INFO - Synthetic Data Generation Skipped (Disabled in Configuration).
2025-05-08 18:46:42,746 - INFO - Running Hybrid Pipeline...
2025-05-08 18:46:42,746 - INFO -  [HYBRID] Executing run_hybrid...
2025-05-08 18:46:42,746 - INFO -  [HYBRID] Looking for encoded anonymized data in /mnt/NVMETank/Projects/Students/Dele/A-STUDY-INTO-THE-QUALITY-AND-USABILITY-OF-PRIVACY-FRIENDLY-SYNTHETIC-DATA/datasets/anonymized/loan_k8_l10_sup05_anonymized_encoded.csv
2025-05-08 18:46:42,746 - INFO -  [HYBRID ] Loaded cached encoded anonymous data from /mnt/NVMETank/Projects/Students/Dele/A-STUDY-INTO-THE-QUALITY-AND-USABILITY-OF-PRIVACY-FRIENDLY-SYNTHETIC-DATA/datasets/anonymized/loan_k8_l10_sup05_anonymized_encoded.csv
2025-05-08 18:46:42,747 - INFO -  [HYBRID] Starting synthetic generation for hybrid pipeline...
2025-05-08 18:46:42,747 - INFO - Executing run_synthetic.....
2025-05-08 18:46:42,747 - INFO - [SYNTHETIC PIPELINE] executing run_synthetic for loan_k8_l10_sup05...
2025-05-08 18:46:42,747 - INFO - [SYNTHETIC] Processing dataset: loan_k8_l10_sup05
2025-05-08 18:46:42,747 - INFO - [SYNTHETIC] Original dataset size: 336 rows
2025-05-08 18:46:42,757 - INFO - Detected metadata:
2025-05-08 18:46:42,757 - INFO - {
    "columns": {
        "Gender_0": {
            "sdtype": "categorical"
        },
        "Gender_1": {
            "sdtype": "categorical"
        },
        "Married_0": {
            "sdtype": "categorical"
        },
        "Married_1": {
            "sdtype": "categorical"
        },
        "Dependents_0": {
            "sdtype": "categorical"
        },
        "Dependents_1": {
            "sdtype": "categorical"
        },
        "Dependents_2": {
            "sdtype": "categorical"
        },
        "Education_0": {
            "sdtype": "categorical"
        },
        "Education_1": {
            "sdtype": "categorical"
        },
        "Self_Employed_0": {
            "sdtype": "categorical"
        },
        "Self_Employed_1": {
            "sdtype": "categorical"
        },
        "ApplicantIncome": {
            "sdtype": "numerical"
        },
        "CoapplicantIncome": {
            "sdtype": "numerical"
        },
        "LoanAmount": {
            "sdtype": "numerical"
        },
        "Loan_Amount_Term": {
            "sdtype": "categorical"
        },
        "Credit_History": {
            "sdtype": "categorical"
        },
        "Property_Area_0": {
            "sdtype": "categorical"
        },
        "Property_Area_1": {
            "sdtype": "categorical"
        },
        "Loan_Status": {
            "sdtype": "categorical"
        }
    },
    "METADATA_SPEC_VERSION": "SINGLE_TABLE_V1"
}
2025-05-08 18:46:42,757 - INFO - [SYNTHETIC] Preparing synthesizer: CTGAN
2025-05-08 18:46:42,757 - INFO - [SYNTHETIC] Params from config: {'epochs': 300}
2025-05-08 18:46:42,757 - INFO -  [SYNTHETIC] No pre-trained synthesizer found
2025-05-08 18:46:42,757 - INFO - [SYNTHETIC] Training new CTGAN synthesizer from scratch...
2025-05-08 18:46:42,757 - WARNING - [FutureWarning] The 'SingleTableMetadata' is deprecated. Please use the new 'Metadata' class for synthesizers. (from /mnt/NVMETank/Projects/Students/Dele/A-STUDY-INTO-THE-QUALITY-AND-USABILITY-OF-PRIVACY-FRIENDLY-SYNTHETIC-DATA/.venv/lib/python3.12/site-packages/sdv/single_table/base.py:119)
2025-05-08 18:46:42,757 - WARNING - [UserWarning] We strongly recommend saving the metadata using 'save_to_json' for replicability in future SDV versions. (from /mnt/NVMETank/Projects/Students/Dele/A-STUDY-INTO-THE-QUALITY-AND-USABILITY-OF-PRIVACY-FRIENDLY-SYNTHETIC-DATA/.venv/lib/python3.12/site-packages/sdv/single_table/base.py:104)
2025-05-08 18:46:42,761 - INFO - {'EVENT': 'Instance', 'TIMESTAMP': datetime.datetime(2025, 5, 8, 18, 46, 42, 761928), 'SYNTHESIZER CLASS NAME': 'CTGANSynthesizer', 'SYNTHESIZER ID': 'CTGANSynthesizer_1.18.0_60f6fff8a5e34fa9a1a3c7d4cdde8181'}
2025-05-08 18:46:42,762 - INFO - [SYNTHETIC] CTGAN initialized with epochs: 300
2025-05-08 18:46:42,762 - INFO - [SYNTHETIC] Training parameters for CTGAN: {}
2025-05-08 18:46:42,762 - INFO - [SYNTHETIC] fitting CTGAN 
2025-05-08 18:46:42,762 - INFO - {'EVENT': 'Fit', 'TIMESTAMP': datetime.datetime(2025, 5, 8, 18, 46, 42, 762150), 'SYNTHESIZER CLASS NAME': 'CTGANSynthesizer', 'SYNTHESIZER ID': 'CTGANSynthesizer_1.18.0_60f6fff8a5e34fa9a1a3c7d4cdde8181', 'TOTAL NUMBER OF TABLES': 1, 'TOTAL NUMBER OF ROWS': 336, 'TOTAL NUMBER OF COLUMNS': 19}
2025-05-08 18:46:42,763 - INFO - Fitting table  metadata
2025-05-08 18:46:42,763 - INFO - Fitting formatters for table 
2025-05-08 18:46:42,765 - INFO - Fitting constraints for table 
2025-05-08 18:46:42,765 - INFO - Setting the configuration for the ``HyperTransformer`` for table 
2025-05-08 18:46:42,766 - INFO - Fitting HyperTransformer for table 
2025-05-08 18:46:42,780 - INFO - {'EVENT': 'Fit processed data', 'TIMESTAMP': datetime.datetime(2025, 5, 8, 18, 46, 42, 780836), 'SYNTHESIZER CLASS NAME': 'CTGANSynthesizer', 'SYNTHESIZER ID': 'CTGANSynthesizer_1.18.0_60f6fff8a5e34fa9a1a3c7d4cdde8181', 'TOTAL NUMBER OF TABLES': 1, 'TOTAL NUMBER OF ROWS': 336, 'TOTAL NUMBER OF COLUMNS': 19}
2025-05-08 18:46:42,811 - INFO - Guidance: There are no missing values in column ApplicantIncome. Extra column not created.
2025-05-08 18:46:42,956 - INFO - Guidance: There are no missing values in column CoapplicantIncome. Extra column not created.
2025-05-08 18:46:42,995 - INFO - Guidance: There are no missing values in column LoanAmount. Extra column not created.
2025-05-08 18:47:05,376 - INFO - [SYNTHETIC] Fitting complete for CTGAN. Duration: 22.61 seconds.
2025-05-08 18:47:05,376 - INFO - [SYNTHETIC] CONFIRMATION CTGAN actually trained with epochs = 300
2025-05-08 18:47:05,376 - INFO - {'EVENT': 'Save', 'TIMESTAMP': datetime.datetime(2025, 5, 8, 18, 47, 5, 376958), 'SYNTHESIZER CLASS NAME': 'CTGANSynthesizer', 'SYNTHESIZER ID': 'CTGANSynthesizer_1.18.0_60f6fff8a5e34fa9a1a3c7d4cdde8181'}
2025-05-08 18:47:05,418 - INFO - [SYNTHETIC] CTGAN trained and saved.
2025-05-08 18:47:05,418 - INFO - [SYNTHETIC] Preparing synthesizer: GaussianCopula
2025-05-08 18:47:05,418 - INFO - [SYNTHETIC] Params from config: {}
2025-05-08 18:47:05,418 - INFO -  [SYNTHETIC] No pre-trained synthesizer found
2025-05-08 18:47:05,418 - INFO - [SYNTHETIC] Training new GaussianCopula synthesizer from scratch...
2025-05-08 18:47:05,418 - WARNING - [FutureWarning] The 'SingleTableMetadata' is deprecated. Please use the new 'Metadata' class for synthesizers. (from /mnt/NVMETank/Projects/Students/Dele/A-STUDY-INTO-THE-QUALITY-AND-USABILITY-OF-PRIVACY-FRIENDLY-SYNTHETIC-DATA/.venv/lib/python3.12/site-packages/sdv/single_table/base.py:119)
2025-05-08 18:47:05,421 - INFO - {'EVENT': 'Instance', 'TIMESTAMP': datetime.datetime(2025, 5, 8, 18, 47, 5, 421269), 'SYNTHESIZER CLASS NAME': 'GaussianCopulaSynthesizer', 'SYNTHESIZER ID': 'GaussianCopulaSynthesizer_1.18.0_f4c257da35b541bfa7db16824936e04f'}
2025-05-08 18:47:05,421 - INFO - [SYNTHETIC] fitting GaussianCopula 
2025-05-08 18:47:05,421 - INFO - {'EVENT': 'Fit', 'TIMESTAMP': datetime.datetime(2025, 5, 8, 18, 47, 5, 421398), 'SYNTHESIZER CLASS NAME': 'GaussianCopulaSynthesizer', 'SYNTHESIZER ID': 'GaussianCopulaSynthesizer_1.18.0_f4c257da35b541bfa7db16824936e04f', 'TOTAL NUMBER OF TABLES': 1, 'TOTAL NUMBER OF ROWS': 336, 'TOTAL NUMBER OF COLUMNS': 19}
2025-05-08 18:47:05,422 - INFO - Fitting table  metadata
2025-05-08 18:47:05,422 - INFO - Fitting formatters for table 
2025-05-08 18:47:05,424 - INFO - Fitting constraints for table 
2025-05-08 18:47:05,424 - INFO - Setting the configuration for the ``HyperTransformer`` for table 
2025-05-08 18:47:05,432 - INFO - Fitting HyperTransformer for table 
2025-05-08 18:47:05,541 - INFO - {'EVENT': 'Fit processed data', 'TIMESTAMP': datetime.datetime(2025, 5, 8, 18, 47, 5, 541802), 'SYNTHESIZER CLASS NAME': 'GaussianCopulaSynthesizer', 'SYNTHESIZER ID': 'GaussianCopulaSynthesizer_1.18.0_f4c257da35b541bfa7db16824936e04f', 'TOTAL NUMBER OF TABLES': 1, 'TOTAL NUMBER OF ROWS': 336, 'TOTAL NUMBER OF COLUMNS': 19}
2025-05-08 18:47:05,542 - INFO - Fitting GaussianMultivariate(distribution="{'Gender_0': <class 'copulas.univariate.beta.BetaUnivariate'>, 'Gender_1': <class 'copulas.univariate.beta.BetaUnivariate'>, 'Married_0': <class 'copulas.univariate.beta.BetaUnivariate'>, 'Married_1': <class 'copulas.univariate.beta.BetaUnivariate'>, 'Dependents_0': <class 'copulas.univariate.beta.BetaUnivariate'>, 'Dependents_1': <class 'copulas.univariate.beta.BetaUnivariate'>, 'Dependents_2': <class 'copulas.univariate.beta.BetaUnivariate'>, 'Education_0': <class 'copulas.univariate.beta.BetaUnivariate'>, 'Education_1': <class 'copulas.univariate.beta.BetaUnivariate'>, 'Self_Employed_0': <class 'copulas.univariate.beta.BetaUnivariate'>, 'Self_Employed_1': <class 'copulas.univariate.beta.BetaUnivariate'>, 'ApplicantIncome': <class 'copulas.univariate.beta.BetaUnivariate'>, 'CoapplicantIncome': <class 'copulas.univariate.beta.BetaUnivariate'>, 'LoanAmount': <class 'copulas.univariate.beta.BetaUnivariate'>, 'Loan_Amount_Term': <class 'copulas.univariate.beta.BetaUnivariate'>, 'Credit_History': <class 'copulas.univariate.beta.BetaUnivariate'>, 'Property_Area_0': <class 'copulas.univariate.beta.BetaUnivariate'>, 'Property_Area_1': <class 'copulas.univariate.beta.BetaUnivariate'>, 'Loan_Status': <class 'copulas.univariate.beta.BetaUnivariate'>}")
2025-05-08 18:47:06,075 - INFO - [SYNTHETIC] Fitting complete for GaussianCopula. Duration: 0.65 seconds.
2025-05-08 18:47:06,076 - WARNING - [SYNTHETIC] WARNING Could not determine actual epochs used for GaussianCopula
2025-05-08 18:47:06,076 - INFO - {'EVENT': 'Save', 'TIMESTAMP': datetime.datetime(2025, 5, 8, 18, 47, 6, 76078), 'SYNTHESIZER CLASS NAME': 'GaussianCopulaSynthesizer', 'SYNTHESIZER ID': 'GaussianCopulaSynthesizer_1.18.0_f4c257da35b541bfa7db16824936e04f'}
2025-05-08 18:47:06,083 - INFO - [SYNTHETIC] GaussianCopula trained and saved.
2025-05-08 18:47:06,083 - INFO - [SYNTHETIC] Preparing synthesizer: TVAE
2025-05-08 18:47:06,083 - INFO - [SYNTHETIC] Params from config: {'epochs': 300}
2025-05-08 18:47:06,084 - INFO -  [SYNTHETIC] No pre-trained synthesizer found
2025-05-08 18:47:06,084 - INFO - [SYNTHETIC] Training new TVAE synthesizer from scratch...
2025-05-08 18:47:06,084 - WARNING - [FutureWarning] The 'SingleTableMetadata' is deprecated. Please use the new 'Metadata' class for synthesizers. (from /mnt/NVMETank/Projects/Students/Dele/A-STUDY-INTO-THE-QUALITY-AND-USABILITY-OF-PRIVACY-FRIENDLY-SYNTHETIC-DATA/.venv/lib/python3.12/site-packages/sdv/single_table/base.py:119)
2025-05-08 18:47:06,086 - INFO - {'EVENT': 'Instance', 'TIMESTAMP': datetime.datetime(2025, 5, 8, 18, 47, 6, 86285), 'SYNTHESIZER CLASS NAME': 'TVAESynthesizer', 'SYNTHESIZER ID': 'TVAESynthesizer_1.18.0_a6b88de319754ff0bfd9a9de56593f46'}
2025-05-08 18:47:06,086 - INFO - [SYNTHETIC] TVAE initialized with epochs: 300
2025-05-08 18:47:06,086 - INFO - [SYNTHETIC] Training parameters for TVAE: {}
2025-05-08 18:47:06,086 - INFO - [SYNTHETIC] fitting TVAE 
2025-05-08 18:47:06,086 - INFO - {'EVENT': 'Fit', 'TIMESTAMP': datetime.datetime(2025, 5, 8, 18, 47, 6, 86480), 'SYNTHESIZER CLASS NAME': 'TVAESynthesizer', 'SYNTHESIZER ID': 'TVAESynthesizer_1.18.0_a6b88de319754ff0bfd9a9de56593f46', 'TOTAL NUMBER OF TABLES': 1, 'TOTAL NUMBER OF ROWS': 336, 'TOTAL NUMBER OF COLUMNS': 19}
2025-05-08 18:47:06,087 - INFO - Fitting table  metadata
2025-05-08 18:47:06,087 - INFO - Fitting formatters for table 
2025-05-08 18:47:06,089 - INFO - Fitting constraints for table 
2025-05-08 18:47:06,089 - INFO - Setting the configuration for the ``HyperTransformer`` for table 
2025-05-08 18:47:06,090 - INFO - Fitting HyperTransformer for table 
2025-05-08 18:47:06,102 - INFO - {'EVENT': 'Fit processed data', 'TIMESTAMP': datetime.datetime(2025, 5, 8, 18, 47, 6, 102153), 'SYNTHESIZER CLASS NAME': 'TVAESynthesizer', 'SYNTHESIZER ID': 'TVAESynthesizer_1.18.0_a6b88de319754ff0bfd9a9de56593f46', 'TOTAL NUMBER OF TABLES': 1, 'TOTAL NUMBER OF ROWS': 336, 'TOTAL NUMBER OF COLUMNS': 19}
2025-05-08 18:47:06,116 - INFO - Guidance: There are no missing values in column ApplicantIncome. Extra column not created.
2025-05-08 18:47:06,189 - INFO - Guidance: There are no missing values in column CoapplicantIncome. Extra column not created.
2025-05-08 18:47:06,224 - INFO - Guidance: There are no missing values in column LoanAmount. Extra column not created.
2025-05-08 18:47:08,788 - INFO - [SYNTHETIC] Fitting complete for TVAE. Duration: 2.70 seconds.
2025-05-08 18:47:08,788 - INFO - [SYNTHETIC] CONFIRMATION TVAE actually trained with epochs = 300
2025-05-08 18:47:08,788 - INFO - {'EVENT': 'Save', 'TIMESTAMP': datetime.datetime(2025, 5, 8, 18, 47, 8, 788341), 'SYNTHESIZER CLASS NAME': 'TVAESynthesizer', 'SYNTHESIZER ID': 'TVAESynthesizer_1.18.0_a6b88de319754ff0bfd9a9de56593f46'}
2025-05-08 18:47:08,821 - INFO - [SYNTHETIC] TVAE trained and saved.
2025-05-08 18:47:08,821 - INFO - [SYNTHETIC] Using CTGAN to generate 336 rows...
2025-05-08 18:47:08,883 - INFO - {'EVENT': 'Sample', 'TIMESTAMP': datetime.datetime(2025, 5, 8, 18, 47, 8, 821389), 'SYNTHESIZER CLASS NAME': 'CTGANSynthesizer', 'SYNTHESIZER ID': 'CTGANSynthesizer_1.18.0_60f6fff8a5e34fa9a1a3c7d4cdde8181', 'TOTAL NUMBER OF TABLES': 1, 'TOTAL NUMBER OF ROWS': 336, 'TOTAL NUMBER OF COLUMNS': 19}
2025-05-08 18:47:08,883 - INFO - [SYNTHETIC] CTGAN completed: 336 rows generated.
2025-05-08 18:47:08,883 - INFO - [SYNTHETIC] Target class distribution for CTGAN: {'Y': 254, 'N': 82}
2025-05-08 18:47:08,883 - INFO - [SYNTHETIC] Using GaussianCopula to generate 336 rows...
2025-05-08 18:47:08,935 - INFO - {'EVENT': 'Sample', 'TIMESTAMP': datetime.datetime(2025, 5, 8, 18, 47, 8, 883869), 'SYNTHESIZER CLASS NAME': 'GaussianCopulaSynthesizer', 'SYNTHESIZER ID': 'GaussianCopulaSynthesizer_1.18.0_f4c257da35b541bfa7db16824936e04f', 'TOTAL NUMBER OF TABLES': 1, 'TOTAL NUMBER OF ROWS': 336, 'TOTAL NUMBER OF COLUMNS': 19}
2025-05-08 18:47:08,935 - INFO - [SYNTHETIC] GaussianCopula completed: 336 rows generated.
2025-05-08 18:47:08,935 - INFO - [SYNTHETIC] Target class distribution for GaussianCopula: {'Y': 230, 'N': 106}
2025-05-08 18:47:08,936 - INFO - [SYNTHETIC] Using TVAE to generate 336 rows...
2025-05-08 18:47:08,984 - INFO - {'EVENT': 'Sample', 'TIMESTAMP': datetime.datetime(2025, 5, 8, 18, 47, 8, 936096), 'SYNTHESIZER CLASS NAME': 'TVAESynthesizer', 'SYNTHESIZER ID': 'TVAESynthesizer_1.18.0_a6b88de319754ff0bfd9a9de56593f46', 'TOTAL NUMBER OF TABLES': 1, 'TOTAL NUMBER OF ROWS': 336, 'TOTAL NUMBER OF COLUMNS': 19}
2025-05-08 18:47:08,984 - INFO - [SYNTHETIC] TVAE completed: 336 rows generated.
2025-05-08 18:47:08,984 - INFO - [SYNTHETIC] Target class distribution for TVAE: {'Y': 333, 'N': 3}
2025-05-08 18:47:08,985 - INFO - [SYNTHETIC PIPELINE] Synthetic Data Generation Completed.
2025-05-08 18:47:08,985 - INFO - [SYNTHETIC PIPELINE] Synthesizers used: ['CTGAN', 'GaussianCopula', 'TVAE']
2025-05-08 18:47:08,985 - INFO - [SYNTHETIC PIPELINE] Evaluating synthetic dataset generated by CTGAN...
2025-05-08 18:47:08,985 - INFO - [SYNTHETIC EVAL] Real data columns     (19): ['Gender_0', 'Gender_1', 'Married_0', 'Married_1', 'Dependents_0', 'Dependents_1', 'Dependents_2', 'Education_0', 'Education_1', 'Self_Employed_0', 'Self_Employed_1', 'ApplicantIncome', 'CoapplicantIncome', 'LoanAmount', 'Loan_Amount_Term', 'Credit_History', 'Property_Area_0', 'Property_Area_1', 'Loan_Status']
2025-05-08 18:47:08,985 - INFO - [SYNTHETIC EVAL] Synthetic data columns (19): ['Gender_0', 'Gender_1', 'Married_0', 'Married_1', 'Dependents_0', 'Dependents_1', 'Dependents_2', 'Education_0', 'Education_1', 'Self_Employed_0', 'Self_Employed_1', 'ApplicantIncome', 'CoapplicantIncome', 'LoanAmount', 'Loan_Amount_Term', 'Credit_History', 'Property_Area_0', 'Property_Area_1', 'Loan_Status']
2025-05-08 18:47:08,986 - INFO - [SYNTHETIC EVAL] Metadata columns      (19): ['Gender_0', 'Gender_1', 'Married_0', 'Married_1', 'Dependents_0', 'Dependents_1', 'Dependents_2', 'Education_0', 'Education_1', 'Self_Employed_0', 'Self_Employed_1', 'ApplicantIncome', 'CoapplicantIncome', 'LoanAmount', 'Loan_Amount_Term', 'Credit_History', 'Property_Area_0', 'Property_Area_1', 'Loan_Status']
2025-05-08 18:47:08,986 - INFO - [SYNTHETIC EVAL] Shape — Real: (336, 19), Synthetic: (336, 19)
2025-05-08 18:47:08,986 - INFO - [SYNTHETIC EVAL] Metadata structure:
{
  "columns": {
    "Gender_0": {
      "sdtype": "categorical"
    },
    "Gender_1": {
      "sdtype": "categorical"
    },
    "Married_0": {
      "sdtype": "categorical"
    },
    "Married_1": {
      "sdtype": "categorical"
    },
    "Dependents_0": {
      "sdtype": "categorical"
    },
    "Dependents_1": {
      "sdtype": "categorical"
    },
    "Dependents_2": {
      "sdtype": "categorical"
    },
    "Education_0": {
      "sdtype": "categorical"
    },
    "Education_1": {
      "sdtype": "categorical"
    },
    "Self_Employed_0": {
      "sdtype": "categorical"
    },
    "Self_Employed_1": {
      "sdtype": "categorical"
    },
    "ApplicantIncome": {
      "sdtype": "numerical"
    },
    "CoapplicantIncome": {
      "sdtype": "numerical"
    },
    "LoanAmount": {
      "sdtype": "numerical"
    },
    "Loan_Amount_Term": {
      "sdtype": "categorical"
    },
    "Credit_History": {
      "sdtype": "categorical"
    },
    "Property_Area_0": {
      "sdtype": "categorical"
    },
    "Property_Area_1": {
      "sdtype": "categorical"
    },
    "Loan_Status": {
      "sdtype": "categorical"
    }
  },
  "METADATA_SPEC_VERSION": "SINGLE_TABLE_V1"
}
2025-05-08 18:47:09,381 - INFO - [SYNTHETIC PIPELINE] Evaluating synthetic dataset generated by GaussianCopula...
2025-05-08 18:47:09,381 - INFO - [SYNTHETIC EVAL] Real data columns     (19): ['Gender_0', 'Gender_1', 'Married_0', 'Married_1', 'Dependents_0', 'Dependents_1', 'Dependents_2', 'Education_0', 'Education_1', 'Self_Employed_0', 'Self_Employed_1', 'ApplicantIncome', 'CoapplicantIncome', 'LoanAmount', 'Loan_Amount_Term', 'Credit_History', 'Property_Area_0', 'Property_Area_1', 'Loan_Status']
2025-05-08 18:47:09,381 - INFO - [SYNTHETIC EVAL] Synthetic data columns (19): ['Gender_0', 'Gender_1', 'Married_0', 'Married_1', 'Dependents_0', 'Dependents_1', 'Dependents_2', 'Education_0', 'Education_1', 'Self_Employed_0', 'Self_Employed_1', 'ApplicantIncome', 'CoapplicantIncome', 'LoanAmount', 'Loan_Amount_Term', 'Credit_History', 'Property_Area_0', 'Property_Area_1', 'Loan_Status']
2025-05-08 18:47:09,381 - INFO - [SYNTHETIC EVAL] Metadata columns      (19): ['Gender_0', 'Gender_1', 'Married_0', 'Married_1', 'Dependents_0', 'Dependents_1', 'Dependents_2', 'Education_0', 'Education_1', 'Self_Employed_0', 'Self_Employed_1', 'ApplicantIncome', 'CoapplicantIncome', 'LoanAmount', 'Loan_Amount_Term', 'Credit_History', 'Property_Area_0', 'Property_Area_1', 'Loan_Status']
2025-05-08 18:47:09,381 - INFO - [SYNTHETIC EVAL] Shape — Real: (336, 19), Synthetic: (336, 19)
2025-05-08 18:47:09,382 - INFO - [SYNTHETIC EVAL] Metadata structure:
{
  "columns": {
    "Gender_0": {
      "sdtype": "categorical"
    },
    "Gender_1": {
      "sdtype": "categorical"
    },
    "Married_0": {
      "sdtype": "categorical"
    },
    "Married_1": {
      "sdtype": "categorical"
    },
    "Dependents_0": {
      "sdtype": "categorical"
    },
    "Dependents_1": {
      "sdtype": "categorical"
    },
    "Dependents_2": {
      "sdtype": "categorical"
    },
    "Education_0": {
      "sdtype": "categorical"
    },
    "Education_1": {
      "sdtype": "categorical"
    },
    "Self_Employed_0": {
      "sdtype": "categorical"
    },
    "Self_Employed_1": {
      "sdtype": "categorical"
    },
    "ApplicantIncome": {
      "sdtype": "numerical"
    },
    "CoapplicantIncome": {
      "sdtype": "numerical"
    },
    "LoanAmount": {
      "sdtype": "numerical"
    },
    "Loan_Amount_Term": {
      "sdtype": "categorical"
    },
    "Credit_History": {
      "sdtype": "categorical"
    },
    "Property_Area_0": {
      "sdtype": "categorical"
    },
    "Property_Area_1": {
      "sdtype": "categorical"
    },
    "Loan_Status": {
      "sdtype": "categorical"
    }
  },
  "METADATA_SPEC_VERSION": "SINGLE_TABLE_V1"
}
2025-05-08 18:47:09,730 - INFO - [SYNTHETIC PIPELINE] Evaluating synthetic dataset generated by TVAE...
2025-05-08 18:47:09,730 - INFO - [SYNTHETIC EVAL] Real data columns     (19): ['Gender_0', 'Gender_1', 'Married_0', 'Married_1', 'Dependents_0', 'Dependents_1', 'Dependents_2', 'Education_0', 'Education_1', 'Self_Employed_0', 'Self_Employed_1', 'ApplicantIncome', 'CoapplicantIncome', 'LoanAmount', 'Loan_Amount_Term', 'Credit_History', 'Property_Area_0', 'Property_Area_1', 'Loan_Status']
2025-05-08 18:47:09,730 - INFO - [SYNTHETIC EVAL] Synthetic data columns (19): ['Gender_0', 'Gender_1', 'Married_0', 'Married_1', 'Dependents_0', 'Dependents_1', 'Dependents_2', 'Education_0', 'Education_1', 'Self_Employed_0', 'Self_Employed_1', 'ApplicantIncome', 'CoapplicantIncome', 'LoanAmount', 'Loan_Amount_Term', 'Credit_History', 'Property_Area_0', 'Property_Area_1', 'Loan_Status']
2025-05-08 18:47:09,730 - INFO - [SYNTHETIC EVAL] Metadata columns      (19): ['Gender_0', 'Gender_1', 'Married_0', 'Married_1', 'Dependents_0', 'Dependents_1', 'Dependents_2', 'Education_0', 'Education_1', 'Self_Employed_0', 'Self_Employed_1', 'ApplicantIncome', 'CoapplicantIncome', 'LoanAmount', 'Loan_Amount_Term', 'Credit_History', 'Property_Area_0', 'Property_Area_1', 'Loan_Status']
2025-05-08 18:47:09,730 - INFO - [SYNTHETIC EVAL] Shape — Real: (336, 19), Synthetic: (336, 19)
2025-05-08 18:47:09,730 - INFO - [SYNTHETIC EVAL] Metadata structure:
{
  "columns": {
    "Gender_0": {
      "sdtype": "categorical"
    },
    "Gender_1": {
      "sdtype": "categorical"
    },
    "Married_0": {
      "sdtype": "categorical"
    },
    "Married_1": {
      "sdtype": "categorical"
    },
    "Dependents_0": {
      "sdtype": "categorical"
    },
    "Dependents_1": {
      "sdtype": "categorical"
    },
    "Dependents_2": {
      "sdtype": "categorical"
    },
    "Education_0": {
      "sdtype": "categorical"
    },
    "Education_1": {
      "sdtype": "categorical"
    },
    "Self_Employed_0": {
      "sdtype": "categorical"
    },
    "Self_Employed_1": {
      "sdtype": "categorical"
    },
    "ApplicantIncome": {
      "sdtype": "numerical"
    },
    "CoapplicantIncome": {
      "sdtype": "numerical"
    },
    "LoanAmount": {
      "sdtype": "numerical"
    },
    "Loan_Amount_Term": {
      "sdtype": "categorical"
    },
    "Credit_History": {
      "sdtype": "categorical"
    },
    "Property_Area_0": {
      "sdtype": "categorical"
    },
    "Property_Area_1": {
      "sdtype": "categorical"
    },
    "Loan_Status": {
      "sdtype": "categorical"
    }
  },
  "METADATA_SPEC_VERSION": "SINGLE_TABLE_V1"
}
2025-05-08 18:47:10,170 - INFO -  [SYNTHETIC PIPELINE]  Synthetic Data Evaluation Completed.
2025-05-08 18:47:10,177 - INFO -  [SYNTHETIC PIPELINE] Synthetic Data Report Generated Successfully.
2025-05-08 18:47:10,274 - INFO - [HYBRID] Generated hybrid dataset shape for CTGAN: (336, 19)
2025-05-08 18:47:10,274 - INFO - [HYBRID] Target distribution for CTGAN: {'Y': 254, 'N': 82}
2025-05-08 18:47:10,276 - INFO -  [HYBRID] Saved hybrid dataset to /mnt/NVMETank/Projects/Students/Dele/A-STUDY-INTO-THE-QUALITY-AND-USABILITY-OF-PRIVACY-FRIENDLY-SYNTHETIC-DATA/datasets/hybrid/loan_k8_l10_sup05_CTGAN_HYBRID.csv
2025-05-08 18:47:10,277 - INFO - [HYBRID] Generated hybrid dataset shape for GaussianCopula: (336, 19)
2025-05-08 18:47:10,277 - INFO - [HYBRID] Target distribution for GaussianCopula: {'Y': 230, 'N': 106}
2025-05-08 18:47:10,279 - INFO -  [HYBRID] Saved hybrid dataset to /mnt/NVMETank/Projects/Students/Dele/A-STUDY-INTO-THE-QUALITY-AND-USABILITY-OF-PRIVACY-FRIENDLY-SYNTHETIC-DATA/datasets/hybrid/loan_k8_l10_sup05_GaussianCopula_HYBRID.csv
2025-05-08 18:47:10,279 - INFO - [HYBRID] Generated hybrid dataset shape for TVAE: (336, 19)
2025-05-08 18:47:10,280 - INFO - [HYBRID] Target distribution for TVAE: {'Y': 333, 'N': 3}
2025-05-08 18:47:10,282 - INFO -  [HYBRID] Saved hybrid dataset to /mnt/NVMETank/Projects/Students/Dele/A-STUDY-INTO-THE-QUALITY-AND-USABILITY-OF-PRIVACY-FRIENDLY-SYNTHETIC-DATA/datasets/hybrid/loan_k8_l10_sup05_TVAE_HYBRID.csv
2025-05-08 18:47:10,282 - INFO -  [HYBRID] Hybrid pipeline complete — 3 dataset(s) ready.
2025-05-08 18:47:10,282 - INFO - [HYBRID] Total rows across all hybrid datasets: 1008
2025-05-08 18:47:10,282 - INFO - Hybrid pipeline completed successfully.
2025-05-08 18:47:10,282 - INFO - Hybrid pipeline duration: 27.54 seconds
2025-05-08 18:47:10,282 - INFO - Starting Utility...
2025-05-08 18:47:10,282 - INFO - [UTILITY] Preparing datasets for machine learning...
2025-05-08 18:47:10,283 - INFO - [UTILITY] Original Data - Training Size: 336, Testing Size: 144
2025-05-08 18:47:10,283 - INFO - [UTILITY] Target class distribution (Original): {'Y': 232, 'N': 104}
2025-05-08 18:47:10,284 - INFO - [UTILITY] Processing anonymized dataset...
2025-05-08 18:47:10,284 - INFO - [UTILITY] Anonymized Data - Training Size: 336
2025-05-08 18:47:10,284 - INFO - [UTILITY] Target class distribution (Anonymous): {'Y': 232, 'N': 104}
2025-05-08 18:47:10,284 - INFO - [UTILITY] Processing hybrid dataset generated by CTGAN...
2025-05-08 18:47:10,285 - INFO - [UTILITY] Hybrid Data (CTGAN_HYBRID) - Training Size: 336
2025-05-08 18:47:10,285 - INFO - [UTILITY] Target class distribution (CTGAN_HYBRID): {'Y': 254, 'N': 82}
2025-05-08 18:47:10,285 - INFO - [UTILITY] Processing hybrid dataset generated by GaussianCopula...
2025-05-08 18:47:10,286 - INFO - [UTILITY] Hybrid Data (GaussianCopula_HYBRID) - Training Size: 336
2025-05-08 18:47:10,286 - INFO - [UTILITY] Target class distribution (GaussianCopula_HYBRID): {'Y': 230, 'N': 106}
2025-05-08 18:47:10,286 - INFO - [UTILITY] Processing hybrid dataset generated by TVAE...
2025-05-08 18:47:10,286 - INFO - [UTILITY] Hybrid Data (TVAE_HYBRID) - Training Size: 336
2025-05-08 18:47:10,287 - INFO - [UTILITY] Target class distribution (TVAE_HYBRID): {'Y': 333, 'N': 3}
2025-05-08 18:47:10,287 - INFO - [UTILITY] Training models on all datasets...
2025-05-08 18:47:10,287 - INFO - [UTILITY] Total datasets used for training: 5
2025-05-08 18:47:10,287 - INFO - [TRAINING] Training models from scratch...
2025-05-08 18:47:10,287 - INFO - [TRAINING] Starting training for dataset: Original — Rows: 336, Features: 18
2025-05-08 18:47:10,287 - INFO - [TRAINING] Training DecisionTree on Original...
2025-05-08 18:47:10,290 - INFO - [TRAINING] DecisionTree trained successfully on Original in 0.00 sec
2025-05-08 18:47:10,290 - INFO - [TRAINING] Training KNN on Original...
2025-05-08 18:47:10,291 - INFO - [TRAINING] KNN trained successfully on Original in 0.00 sec
2025-05-08 18:47:10,292 - INFO - [TRAINING] Training LogisticRegression on Original...
2025-05-08 18:47:10,363 - INFO - [TRAINING] LogisticRegression trained successfully on Original in 0.07 sec
2025-05-08 18:47:10,363 - INFO - [TRAINING] Training RandomForest on Original...
2025-05-08 18:47:10,481 - INFO - [TRAINING] RandomForest trained successfully on Original in 0.12 sec
2025-05-08 18:47:10,481 - INFO - [TRAINING] Training SVM on Original...
2025-05-08 18:47:10,487 - INFO - [TRAINING] SVM trained successfully on Original in 0.01 sec
2025-05-08 18:47:10,487 - INFO - [TRAINING] Finished training 5 model(s) for dataset: Original
2025-05-08 18:47:10,487 - INFO - [TRAINING] Starting training for dataset: Anonymous — Rows: 336, Features: 18
2025-05-08 18:47:10,487 - INFO - [TRAINING] Training DecisionTree on Anonymous...
2025-05-08 18:47:10,489 - INFO - [TRAINING] DecisionTree trained successfully on Anonymous in 0.00 sec
2025-05-08 18:47:10,489 - INFO - [TRAINING] Training KNN on Anonymous...
2025-05-08 18:47:10,490 - INFO - [TRAINING] KNN trained successfully on Anonymous in 0.00 sec
2025-05-08 18:47:10,490 - INFO - [TRAINING] Training LogisticRegression on Anonymous...
2025-05-08 18:47:10,493 - INFO - [TRAINING] LogisticRegression trained successfully on Anonymous in 0.00 sec
2025-05-08 18:47:10,493 - INFO - [TRAINING] Training RandomForest on Anonymous...
2025-05-08 18:47:10,579 - INFO - [TRAINING] RandomForest trained successfully on Anonymous in 0.09 sec
2025-05-08 18:47:10,579 - INFO - [TRAINING] Training SVM on Anonymous...
2025-05-08 18:47:10,583 - INFO - [TRAINING] SVM trained successfully on Anonymous in 0.00 sec
2025-05-08 18:47:10,583 - INFO - [TRAINING] Finished training 5 model(s) for dataset: Anonymous
2025-05-08 18:47:10,583 - INFO - [TRAINING] Starting training for dataset: CTGAN_HYBRID — Rows: 336, Features: 18
2025-05-08 18:47:10,583 - INFO - [TRAINING] Training DecisionTree on CTGAN_HYBRID...
2025-05-08 18:47:10,585 - INFO - [TRAINING] DecisionTree trained successfully on CTGAN_HYBRID in 0.00 sec
2025-05-08 18:47:10,585 - INFO - [TRAINING] Training KNN on CTGAN_HYBRID...
2025-05-08 18:47:10,586 - INFO - [TRAINING] KNN trained successfully on CTGAN_HYBRID in 0.00 sec
2025-05-08 18:47:10,586 - INFO - [TRAINING] Training LogisticRegression on CTGAN_HYBRID...
2025-05-08 18:47:10,589 - INFO - [TRAINING] LogisticRegression trained successfully on CTGAN_HYBRID in 0.00 sec
2025-05-08 18:47:10,589 - INFO - [TRAINING] Training RandomForest on CTGAN_HYBRID...
2025-05-08 18:47:10,672 - INFO - [TRAINING] RandomForest trained successfully on CTGAN_HYBRID in 0.08 sec
2025-05-08 18:47:10,672 - INFO - [TRAINING] Training SVM on CTGAN_HYBRID...
2025-05-08 18:47:10,675 - INFO - [TRAINING] SVM trained successfully on CTGAN_HYBRID in 0.00 sec
2025-05-08 18:47:10,675 - INFO - [TRAINING] Finished training 5 model(s) for dataset: CTGAN_HYBRID
2025-05-08 18:47:10,675 - INFO - [TRAINING] Starting training for dataset: GaussianCopula_HYBRID — Rows: 336, Features: 18
2025-05-08 18:47:10,675 - INFO - [TRAINING] Training DecisionTree on GaussianCopula_HYBRID...
2025-05-08 18:47:10,678 - INFO - [TRAINING] DecisionTree trained successfully on GaussianCopula_HYBRID in 0.00 sec
2025-05-08 18:47:10,678 - INFO - [TRAINING] Training KNN on GaussianCopula_HYBRID...
2025-05-08 18:47:10,679 - INFO - [TRAINING] KNN trained successfully on GaussianCopula_HYBRID in 0.00 sec
2025-05-08 18:47:10,679 - INFO - [TRAINING] Training LogisticRegression on GaussianCopula_HYBRID...
2025-05-08 18:47:10,683 - INFO - [TRAINING] LogisticRegression trained successfully on GaussianCopula_HYBRID in 0.00 sec
2025-05-08 18:47:10,684 - INFO - [TRAINING] Training RandomForest on GaussianCopula_HYBRID...
2025-05-08 18:47:10,801 - INFO - [TRAINING] RandomForest trained successfully on GaussianCopula_HYBRID in 0.12 sec
2025-05-08 18:47:10,801 - INFO - [TRAINING] Training SVM on GaussianCopula_HYBRID...
2025-05-08 18:47:10,806 - INFO - [TRAINING] SVM trained successfully on GaussianCopula_HYBRID in 0.01 sec
2025-05-08 18:47:10,806 - INFO - [TRAINING] Finished training 5 model(s) for dataset: GaussianCopula_HYBRID
2025-05-08 18:47:10,806 - INFO - [TRAINING] Starting training for dataset: TVAE_HYBRID — Rows: 336, Features: 18
2025-05-08 18:47:10,806 - INFO - [TRAINING] Training DecisionTree on TVAE_HYBRID...
2025-05-08 18:47:10,808 - INFO - [TRAINING] DecisionTree trained successfully on TVAE_HYBRID in 0.00 sec
2025-05-08 18:47:10,808 - INFO - [TRAINING] Training KNN on TVAE_HYBRID...
2025-05-08 18:47:10,809 - INFO - [TRAINING] KNN trained successfully on TVAE_HYBRID in 0.00 sec
2025-05-08 18:47:10,809 - INFO - [TRAINING] Training LogisticRegression on TVAE_HYBRID...
2025-05-08 18:47:10,812 - INFO - [TRAINING] LogisticRegression trained successfully on TVAE_HYBRID in 0.00 sec
2025-05-08 18:47:10,813 - INFO - [TRAINING] Training RandomForest on TVAE_HYBRID...
2025-05-08 18:47:10,902 - INFO - [TRAINING] RandomForest trained successfully on TVAE_HYBRID in 0.09 sec
2025-05-08 18:47:10,902 - INFO - [TRAINING] Training SVM on TVAE_HYBRID...
2025-05-08 18:47:10,904 - INFO - [TRAINING] SVM trained successfully on TVAE_HYBRID in 0.00 sec
2025-05-08 18:47:10,904 - INFO - [TRAINING] Finished training 5 model(s) for dataset: TVAE_HYBRID
2025-05-08 18:47:10,904 - INFO - [TRAINING] Total models trained across all datasets: 25
2025-05-08 18:47:10,904 - INFO - [UTILITY] Trained model names: ['Original', 'Anonymous', 'CTGAN_HYBRID', 'GaussianCopula_HYBRID', 'TVAE_HYBRID']
2025-05-08 18:47:10,904 - INFO - [UTILITY] Model Training Completed.
2025-05-08 18:47:10,904 - INFO - Starting the Evaluating of models...
2025-05-08 18:47:10,904 - INFO - Preparing evaluation for model 'DecisionTree' across all datasets...
2025-05-08 18:47:10,904 - INFO - Evaluating DecisionTree on Original...
2025-05-08 18:47:10,905 - INFO - Predictions completed for DecisionTree on Original
2025-05-08 18:47:10,906 - INFO - Prediction distribution for DecisionTree on Original: {'Y': 94, 'N': 50}
2025-05-08 18:47:10,917 - INFO - Computed 8 metric(s) for DecisionTree on Original
2025-05-08 18:47:10,917 - INFO - Evaluating DecisionTree on Anonymous...
2025-05-08 18:47:10,918 - INFO - Predictions completed for DecisionTree on Anonymous
2025-05-08 18:47:10,918 - INFO - Prediction distribution for DecisionTree on Anonymous: {'Y': 85, 'N': 59}
2025-05-08 18:47:10,928 - INFO - Computed 8 metric(s) for DecisionTree on Anonymous
2025-05-08 18:47:10,928 - INFO - Evaluating DecisionTree on CTGAN_HYBRID...
2025-05-08 18:47:10,929 - INFO - Predictions completed for DecisionTree on CTGAN_HYBRID
2025-05-08 18:47:10,930 - INFO - Prediction distribution for DecisionTree on CTGAN_HYBRID: {'Y': 106, 'N': 38}
2025-05-08 18:47:10,938 - INFO - Computed 8 metric(s) for DecisionTree on CTGAN_HYBRID
2025-05-08 18:47:10,938 - INFO - Evaluating DecisionTree on GaussianCopula_HYBRID...
2025-05-08 18:47:10,939 - INFO - Predictions completed for DecisionTree on GaussianCopula_HYBRID
2025-05-08 18:47:10,939 - INFO - Prediction distribution for DecisionTree on GaussianCopula_HYBRID: {'Y': 91, 'N': 53}
2025-05-08 18:47:10,947 - INFO - Computed 8 metric(s) for DecisionTree on GaussianCopula_HYBRID
2025-05-08 18:47:10,947 - INFO - Evaluating DecisionTree on TVAE_HYBRID...
2025-05-08 18:47:10,948 - INFO - Predictions completed for DecisionTree on TVAE_HYBRID
2025-05-08 18:47:10,948 - INFO - Prediction distribution for DecisionTree on TVAE_HYBRID: {'Y': 141, 'N': 3}
2025-05-08 18:47:10,956 - INFO - Computed 8 metric(s) for DecisionTree on TVAE_HYBRID
2025-05-08 18:47:10,956 - INFO - Preparing evaluation for model 'KNN' across all datasets...
2025-05-08 18:47:10,956 - INFO - Evaluating KNN on Original...
2025-05-08 18:47:10,962 - INFO - Predictions completed for KNN on Original
2025-05-08 18:47:10,962 - INFO - Prediction distribution for KNN on Original: {'Y': 115, 'N': 29}
2025-05-08 18:47:10,973 - INFO - Computed 8 metric(s) for KNN on Original
2025-05-08 18:47:10,973 - INFO - Evaluating KNN on Anonymous...
2025-05-08 18:47:10,979 - INFO - Predictions completed for KNN on Anonymous
2025-05-08 18:47:10,979 - INFO - Prediction distribution for KNN on Anonymous: {'Y': 114, 'N': 30}
2025-05-08 18:47:10,990 - INFO - Computed 8 metric(s) for KNN on Anonymous
2025-05-08 18:47:10,990 - INFO - Evaluating KNN on CTGAN_HYBRID...
2025-05-08 18:47:10,996 - INFO - Predictions completed for KNN on CTGAN_HYBRID
2025-05-08 18:47:10,997 - INFO - Prediction distribution for KNN on CTGAN_HYBRID: {'Y': 139, 'N': 5}
2025-05-08 18:47:11,008 - INFO - Computed 8 metric(s) for KNN on CTGAN_HYBRID
2025-05-08 18:47:11,008 - INFO - Evaluating KNN on GaussianCopula_HYBRID...
2025-05-08 18:47:11,014 - INFO - Predictions completed for KNN on GaussianCopula_HYBRID
2025-05-08 18:47:11,014 - INFO - Prediction distribution for KNN on GaussianCopula_HYBRID: {'Y': 126, 'N': 18}
2025-05-08 18:47:11,026 - INFO - Computed 8 metric(s) for KNN on GaussianCopula_HYBRID
2025-05-08 18:47:11,026 - INFO - Evaluating KNN on TVAE_HYBRID...
2025-05-08 18:47:11,032 - INFO - Predictions completed for KNN on TVAE_HYBRID
2025-05-08 18:47:11,033 - INFO - Prediction distribution for KNN on TVAE_HYBRID: {'Y': 144}
2025-05-08 18:47:11,033 - WARNING -  [WARNING] :KNN on TVAE_HYBRID predicted only one class: {'Y'}
2025-05-08 18:47:11,034 - WARNING - [UndefinedMetricWarning] Precision is ill-defined and being set to 0.0 in labels with no predicted samples. Use `zero_division` parameter to control this behavior. (from /mnt/NVMETank/Projects/Students/Dele/A-STUDY-INTO-THE-QUALITY-AND-USABILITY-OF-PRIVACY-FRIENDLY-SYNTHETIC-DATA/.venv/lib/python3.12/site-packages/sklearn/metrics/_classification.py:1565)
2025-05-08 18:47:11,036 - WARNING - [UndefinedMetricWarning] Precision is ill-defined and being set to 0.0 in labels with no predicted samples. Use `zero_division` parameter to control this behavior. (from /mnt/NVMETank/Projects/Students/Dele/A-STUDY-INTO-THE-QUALITY-AND-USABILITY-OF-PRIVACY-FRIENDLY-SYNTHETIC-DATA/.venv/lib/python3.12/site-packages/sklearn/metrics/_classification.py:1565)
2025-05-08 18:47:11,037 - WARNING - [UndefinedMetricWarning] Precision is ill-defined and being set to 0.0 in labels with no predicted samples. Use `zero_division` parameter to control this behavior. (from /mnt/NVMETank/Projects/Students/Dele/A-STUDY-INTO-THE-QUALITY-AND-USABILITY-OF-PRIVACY-FRIENDLY-SYNTHETIC-DATA/.venv/lib/python3.12/site-packages/sklearn/metrics/_classification.py:1565)
2025-05-08 18:47:11,045 - INFO - Computed 8 metric(s) for KNN on TVAE_HYBRID
2025-05-08 18:47:11,045 - INFO - Preparing evaluation for model 'LogisticRegression' across all datasets...
2025-05-08 18:47:11,045 - INFO - Evaluating LogisticRegression on Original...
2025-05-08 18:47:11,046 - INFO - Predictions completed for LogisticRegression on Original
2025-05-08 18:47:11,046 - INFO - Prediction distribution for LogisticRegression on Original: {'Y': 115, 'N': 29}
2025-05-08 18:47:11,056 - INFO - Computed 8 metric(s) for LogisticRegression on Original
2025-05-08 18:47:11,056 - INFO - Evaluating LogisticRegression on Anonymous...
2025-05-08 18:47:11,057 - INFO - Predictions completed for LogisticRegression on Anonymous
2025-05-08 18:47:11,057 - INFO - Prediction distribution for LogisticRegression on Anonymous: {'Y': 78, 'N': 66}
2025-05-08 18:47:11,066 - INFO - Computed 8 metric(s) for LogisticRegression on Anonymous
2025-05-08 18:47:11,066 - INFO - Evaluating LogisticRegression on CTGAN_HYBRID...
2025-05-08 18:47:11,067 - INFO - Predictions completed for LogisticRegression on CTGAN_HYBRID
2025-05-08 18:47:11,068 - INFO - Prediction distribution for LogisticRegression on CTGAN_HYBRID: {'Y': 133, 'N': 11}
2025-05-08 18:47:11,077 - INFO - Computed 8 metric(s) for LogisticRegression on CTGAN_HYBRID
2025-05-08 18:47:11,077 - INFO - Evaluating LogisticRegression on GaussianCopula_HYBRID...
2025-05-08 18:47:11,078 - INFO - Predictions completed for LogisticRegression on GaussianCopula_HYBRID
2025-05-08 18:47:11,079 - INFO - Prediction distribution for LogisticRegression on GaussianCopula_HYBRID: {'Y': 125, 'N': 19}
2025-05-08 18:47:11,088 - INFO - Computed 8 metric(s) for LogisticRegression on GaussianCopula_HYBRID
2025-05-08 18:47:11,088 - INFO - Evaluating LogisticRegression on TVAE_HYBRID...
2025-05-08 18:47:11,089 - INFO - Predictions completed for LogisticRegression on TVAE_HYBRID
2025-05-08 18:47:11,089 - INFO - Prediction distribution for LogisticRegression on TVAE_HYBRID: {'Y': 144}
2025-05-08 18:47:11,089 - WARNING -  [WARNING] :LogisticRegression on TVAE_HYBRID predicted only one class: {'Y'}
2025-05-08 18:47:11,091 - WARNING - [UndefinedMetricWarning] Precision is ill-defined and being set to 0.0 in labels with no predicted samples. Use `zero_division` parameter to control this behavior. (from /mnt/NVMETank/Projects/Students/Dele/A-STUDY-INTO-THE-QUALITY-AND-USABILITY-OF-PRIVACY-FRIENDLY-SYNTHETIC-DATA/.venv/lib/python3.12/site-packages/sklearn/metrics/_classification.py:1565)
2025-05-08 18:47:11,092 - WARNING - [UndefinedMetricWarning] Precision is ill-defined and being set to 0.0 in labels with no predicted samples. Use `zero_division` parameter to control this behavior. (from /mnt/NVMETank/Projects/Students/Dele/A-STUDY-INTO-THE-QUALITY-AND-USABILITY-OF-PRIVACY-FRIENDLY-SYNTHETIC-DATA/.venv/lib/python3.12/site-packages/sklearn/metrics/_classification.py:1565)
2025-05-08 18:47:11,094 - WARNING - [UndefinedMetricWarning] Precision is ill-defined and being set to 0.0 in labels with no predicted samples. Use `zero_division` parameter to control this behavior. (from /mnt/NVMETank/Projects/Students/Dele/A-STUDY-INTO-THE-QUALITY-AND-USABILITY-OF-PRIVACY-FRIENDLY-SYNTHETIC-DATA/.venv/lib/python3.12/site-packages/sklearn/metrics/_classification.py:1565)
2025-05-08 18:47:11,098 - INFO - Computed 8 metric(s) for LogisticRegression on TVAE_HYBRID
2025-05-08 18:47:11,099 - INFO - Preparing evaluation for model 'RandomForest' across all datasets...
2025-05-08 18:47:11,099 - INFO - Evaluating RandomForest on Original...
2025-05-08 18:47:11,104 - INFO - Predictions completed for RandomForest on Original
2025-05-08 18:47:11,105 - INFO - Prediction distribution for RandomForest on Original: {'Y': 107, 'N': 37}
2025-05-08 18:47:11,123 - INFO - Computed 8 metric(s) for RandomForest on Original
2025-05-08 18:47:11,123 - INFO - Evaluating RandomForest on Anonymous...
2025-05-08 18:47:11,129 - INFO - Predictions completed for RandomForest on Anonymous
2025-05-08 18:47:11,129 - INFO - Prediction distribution for RandomForest on Anonymous: {'Y': 106, 'N': 38}
2025-05-08 18:47:11,150 - INFO - Computed 8 metric(s) for RandomForest on Anonymous
2025-05-08 18:47:11,150 - INFO - Evaluating RandomForest on CTGAN_HYBRID...
2025-05-08 18:47:11,157 - INFO - Predictions completed for RandomForest on CTGAN_HYBRID
2025-05-08 18:47:11,157 - INFO - Prediction distribution for RandomForest on CTGAN_HYBRID: {'Y': 135, 'N': 9}
2025-05-08 18:47:11,179 - INFO - Computed 8 metric(s) for RandomForest on CTGAN_HYBRID
2025-05-08 18:47:11,179 - INFO - Evaluating RandomForest on GaussianCopula_HYBRID...
2025-05-08 18:47:11,186 - INFO - Predictions completed for RandomForest on GaussianCopula_HYBRID
2025-05-08 18:47:11,186 - INFO - Prediction distribution for RandomForest on GaussianCopula_HYBRID: {'Y': 127, 'N': 17}
2025-05-08 18:47:11,207 - INFO - Computed 8 metric(s) for RandomForest on GaussianCopula_HYBRID
2025-05-08 18:47:11,207 - INFO - Evaluating RandomForest on TVAE_HYBRID...
2025-05-08 18:47:11,213 - INFO - Predictions completed for RandomForest on TVAE_HYBRID
2025-05-08 18:47:11,214 - INFO - Prediction distribution for RandomForest on TVAE_HYBRID: {'Y': 144}
2025-05-08 18:47:11,214 - WARNING -  [WARNING] :RandomForest on TVAE_HYBRID predicted only one class: {'Y'}
2025-05-08 18:47:11,216 - WARNING - [UndefinedMetricWarning] Precision is ill-defined and being set to 0.0 in labels with no predicted samples. Use `zero_division` parameter to control this behavior. (from /mnt/NVMETank/Projects/Students/Dele/A-STUDY-INTO-THE-QUALITY-AND-USABILITY-OF-PRIVACY-FRIENDLY-SYNTHETIC-DATA/.venv/lib/python3.12/site-packages/sklearn/metrics/_classification.py:1565)
2025-05-08 18:47:11,218 - WARNING - [UndefinedMetricWarning] Precision is ill-defined and being set to 0.0 in labels with no predicted samples. Use `zero_division` parameter to control this behavior. (from /mnt/NVMETank/Projects/Students/Dele/A-STUDY-INTO-THE-QUALITY-AND-USABILITY-OF-PRIVACY-FRIENDLY-SYNTHETIC-DATA/.venv/lib/python3.12/site-packages/sklearn/metrics/_classification.py:1565)
2025-05-08 18:47:11,219 - WARNING - [UndefinedMetricWarning] Precision is ill-defined and being set to 0.0 in labels with no predicted samples. Use `zero_division` parameter to control this behavior. (from /mnt/NVMETank/Projects/Students/Dele/A-STUDY-INTO-THE-QUALITY-AND-USABILITY-OF-PRIVACY-FRIENDLY-SYNTHETIC-DATA/.venv/lib/python3.12/site-packages/sklearn/metrics/_classification.py:1565)
2025-05-08 18:47:11,233 - INFO - Computed 8 metric(s) for RandomForest on TVAE_HYBRID
2025-05-08 18:47:11,233 - INFO - Preparing evaluation for model 'SVM' across all datasets...
2025-05-08 18:47:11,234 - INFO - Evaluating SVM on Original...
2025-05-08 18:47:11,236 - INFO - Predictions completed for SVM on Original
2025-05-08 18:47:11,236 - INFO - Prediction distribution for SVM on Original: {'Y': 144}
2025-05-08 18:47:11,237 - WARNING -  [WARNING] :SVM on Original predicted only one class: {'Y'}
2025-05-08 18:47:11,238 - WARNING - [UndefinedMetricWarning] Precision is ill-defined and being set to 0.0 in labels with no predicted samples. Use `zero_division` parameter to control this behavior. (from /mnt/NVMETank/Projects/Students/Dele/A-STUDY-INTO-THE-QUALITY-AND-USABILITY-OF-PRIVACY-FRIENDLY-SYNTHETIC-DATA/.venv/lib/python3.12/site-packages/sklearn/metrics/_classification.py:1565)
2025-05-08 18:47:11,240 - WARNING - [UndefinedMetricWarning] Precision is ill-defined and being set to 0.0 in labels with no predicted samples. Use `zero_division` parameter to control this behavior. (from /mnt/NVMETank/Projects/Students/Dele/A-STUDY-INTO-THE-QUALITY-AND-USABILITY-OF-PRIVACY-FRIENDLY-SYNTHETIC-DATA/.venv/lib/python3.12/site-packages/sklearn/metrics/_classification.py:1565)
2025-05-08 18:47:11,242 - WARNING - [UndefinedMetricWarning] Precision is ill-defined and being set to 0.0 in labels with no predicted samples. Use `zero_division` parameter to control this behavior. (from /mnt/NVMETank/Projects/Students/Dele/A-STUDY-INTO-THE-QUALITY-AND-USABILITY-OF-PRIVACY-FRIENDLY-SYNTHETIC-DATA/.venv/lib/python3.12/site-packages/sklearn/metrics/_classification.py:1565)
2025-05-08 18:47:11,244 - INFO - Computed 8 metric(s) for SVM on Original
2025-05-08 18:47:11,244 - INFO - Evaluating SVM on Anonymous...
2025-05-08 18:47:11,246 - INFO - Predictions completed for SVM on Anonymous
2025-05-08 18:47:11,247 - INFO - Prediction distribution for SVM on Anonymous: {'Y': 144}
2025-05-08 18:47:11,247 - WARNING -  [WARNING] :SVM on Anonymous predicted only one class: {'Y'}
2025-05-08 18:47:11,249 - WARNING - [UndefinedMetricWarning] Precision is ill-defined and being set to 0.0 in labels with no predicted samples. Use `zero_division` parameter to control this behavior. (from /mnt/NVMETank/Projects/Students/Dele/A-STUDY-INTO-THE-QUALITY-AND-USABILITY-OF-PRIVACY-FRIENDLY-SYNTHETIC-DATA/.venv/lib/python3.12/site-packages/sklearn/metrics/_classification.py:1565)
2025-05-08 18:47:11,250 - WARNING - [UndefinedMetricWarning] Precision is ill-defined and being set to 0.0 in labels with no predicted samples. Use `zero_division` parameter to control this behavior. (from /mnt/NVMETank/Projects/Students/Dele/A-STUDY-INTO-THE-QUALITY-AND-USABILITY-OF-PRIVACY-FRIENDLY-SYNTHETIC-DATA/.venv/lib/python3.12/site-packages/sklearn/metrics/_classification.py:1565)
2025-05-08 18:47:11,252 - WARNING - [UndefinedMetricWarning] Precision is ill-defined and being set to 0.0 in labels with no predicted samples. Use `zero_division` parameter to control this behavior. (from /mnt/NVMETank/Projects/Students/Dele/A-STUDY-INTO-THE-QUALITY-AND-USABILITY-OF-PRIVACY-FRIENDLY-SYNTHETIC-DATA/.venv/lib/python3.12/site-packages/sklearn/metrics/_classification.py:1565)
2025-05-08 18:47:11,254 - INFO - Computed 8 metric(s) for SVM on Anonymous
2025-05-08 18:47:11,254 - INFO - Evaluating SVM on CTGAN_HYBRID...
2025-05-08 18:47:11,256 - INFO - Predictions completed for SVM on CTGAN_HYBRID
2025-05-08 18:47:11,257 - INFO - Prediction distribution for SVM on CTGAN_HYBRID: {'Y': 144}
2025-05-08 18:47:11,257 - WARNING -  [WARNING] :SVM on CTGAN_HYBRID predicted only one class: {'Y'}
2025-05-08 18:47:11,259 - WARNING - [UndefinedMetricWarning] Precision is ill-defined and being set to 0.0 in labels with no predicted samples. Use `zero_division` parameter to control this behavior. (from /mnt/NVMETank/Projects/Students/Dele/A-STUDY-INTO-THE-QUALITY-AND-USABILITY-OF-PRIVACY-FRIENDLY-SYNTHETIC-DATA/.venv/lib/python3.12/site-packages/sklearn/metrics/_classification.py:1565)
2025-05-08 18:47:11,260 - WARNING - [UndefinedMetricWarning] Precision is ill-defined and being set to 0.0 in labels with no predicted samples. Use `zero_division` parameter to control this behavior. (from /mnt/NVMETank/Projects/Students/Dele/A-STUDY-INTO-THE-QUALITY-AND-USABILITY-OF-PRIVACY-FRIENDLY-SYNTHETIC-DATA/.venv/lib/python3.12/site-packages/sklearn/metrics/_classification.py:1565)
2025-05-08 18:47:11,262 - WARNING - [UndefinedMetricWarning] Precision is ill-defined and being set to 0.0 in labels with no predicted samples. Use `zero_division` parameter to control this behavior. (from /mnt/NVMETank/Projects/Students/Dele/A-STUDY-INTO-THE-QUALITY-AND-USABILITY-OF-PRIVACY-FRIENDLY-SYNTHETIC-DATA/.venv/lib/python3.12/site-packages/sklearn/metrics/_classification.py:1565)
2025-05-08 18:47:11,264 - INFO - Computed 8 metric(s) for SVM on CTGAN_HYBRID
2025-05-08 18:47:11,264 - INFO - Evaluating SVM on GaussianCopula_HYBRID...
2025-05-08 18:47:11,267 - INFO - Predictions completed for SVM on GaussianCopula_HYBRID
2025-05-08 18:47:11,267 - INFO - Prediction distribution for SVM on GaussianCopula_HYBRID: {'Y': 144}
2025-05-08 18:47:11,267 - WARNING -  [WARNING] :SVM on GaussianCopula_HYBRID predicted only one class: {'Y'}
2025-05-08 18:47:11,269 - WARNING - [UndefinedMetricWarning] Precision is ill-defined and being set to 0.0 in labels with no predicted samples. Use `zero_division` parameter to control this behavior. (from /mnt/NVMETank/Projects/Students/Dele/A-STUDY-INTO-THE-QUALITY-AND-USABILITY-OF-PRIVACY-FRIENDLY-SYNTHETIC-DATA/.venv/lib/python3.12/site-packages/sklearn/metrics/_classification.py:1565)
2025-05-08 18:47:11,271 - WARNING - [UndefinedMetricWarning] Precision is ill-defined and being set to 0.0 in labels with no predicted samples. Use `zero_division` parameter to control this behavior. (from /mnt/NVMETank/Projects/Students/Dele/A-STUDY-INTO-THE-QUALITY-AND-USABILITY-OF-PRIVACY-FRIENDLY-SYNTHETIC-DATA/.venv/lib/python3.12/site-packages/sklearn/metrics/_classification.py:1565)
2025-05-08 18:47:11,273 - WARNING - [UndefinedMetricWarning] Precision is ill-defined and being set to 0.0 in labels with no predicted samples. Use `zero_division` parameter to control this behavior. (from /mnt/NVMETank/Projects/Students/Dele/A-STUDY-INTO-THE-QUALITY-AND-USABILITY-OF-PRIVACY-FRIENDLY-SYNTHETIC-DATA/.venv/lib/python3.12/site-packages/sklearn/metrics/_classification.py:1565)
2025-05-08 18:47:11,275 - INFO - Computed 8 metric(s) for SVM on GaussianCopula_HYBRID
2025-05-08 18:47:11,279 - INFO - Evaluating SVM on TVAE_HYBRID...
2025-05-08 18:47:11,280 - INFO - Predictions completed for SVM on TVAE_HYBRID
2025-05-08 18:47:11,280 - INFO - Prediction distribution for SVM on TVAE_HYBRID: {'Y': 144}
2025-05-08 18:47:11,280 - WARNING -  [WARNING] :SVM on TVAE_HYBRID predicted only one class: {'Y'}
2025-05-08 18:47:11,282 - WARNING - [UndefinedMetricWarning] Precision is ill-defined and being set to 0.0 in labels with no predicted samples. Use `zero_division` parameter to control this behavior. (from /mnt/NVMETank/Projects/Students/Dele/A-STUDY-INTO-THE-QUALITY-AND-USABILITY-OF-PRIVACY-FRIENDLY-SYNTHETIC-DATA/.venv/lib/python3.12/site-packages/sklearn/metrics/_classification.py:1565)
2025-05-08 18:47:11,284 - WARNING - [UndefinedMetricWarning] Precision is ill-defined and being set to 0.0 in labels with no predicted samples. Use `zero_division` parameter to control this behavior. (from /mnt/NVMETank/Projects/Students/Dele/A-STUDY-INTO-THE-QUALITY-AND-USABILITY-OF-PRIVACY-FRIENDLY-SYNTHETIC-DATA/.venv/lib/python3.12/site-packages/sklearn/metrics/_classification.py:1565)
2025-05-08 18:47:11,286 - WARNING - [UndefinedMetricWarning] Precision is ill-defined and being set to 0.0 in labels with no predicted samples. Use `zero_division` parameter to control this behavior. (from /mnt/NVMETank/Projects/Students/Dele/A-STUDY-INTO-THE-QUALITY-AND-USABILITY-OF-PRIVACY-FRIENDLY-SYNTHETIC-DATA/.venv/lib/python3.12/site-packages/sklearn/metrics/_classification.py:1565)
2025-05-08 18:47:11,288 - INFO - Computed 8 metric(s) for SVM on TVAE_HYBRID
2025-05-08 18:47:11,293 - INFO - Evaluation completed for all models.
2025-05-08 18:47:11,294 - INFO - Model evaluation completed in 0.39 seconds.
2025-05-08 18:47:11,297 - INFO - Evaluated models: ['DecisionTree', 'KNN', 'LogisticRegression', 'RandomForest', 'SVM']
2025-05-08 18:47:11,297 - INFO - Model Training and Evaluation completed.
2025-05-08 18:47:11,903 - INFO -  Visualizations saved.
2025-05-08 18:47:11,903 - INFO -  Benchmarking Completed. Results saved in output folder.
