2025-05-08 18:44:10,759 - INFO - Loaded config file: configs/generated_configs/loan/loan_anon_k6_sl0p05_l15.yaml
2025-05-08 18:44:10,759 - INFO -  Benchmarking started for dataset: loan
2025-05-08 18:44:10,760 - INFO - Using dataset path: /mnt/NVMETank/Projects/Students/Dele/A-STUDY-INTO-THE-QUALITY-AND-USABILITY-OF-PRIVACY-FRIENDLY-SYNTHETIC-DATA/datasets/original/loan.csv
2025-05-08 18:44:10,760 - INFO - Target column: Loan_Status, separator: ','
2025-05-08 18:44:10,760 - INFO - Configuration loaded: enable_anonymization = True, enable_synthesis = False, enable_hybrid = True, enable_utility = True, delete_after_evaluation = False
2025-05-08 18:44:10,760 - INFO - Running preprocessing...
2025-05-08 18:44:10,764 - INFO -  [PREPROCESSING] Preprocessed files found. Skipping preprocessing.
2025-05-08 18:44:10,773 - INFO - Preprocessing completed. Rows before: 614, after: 336
2025-05-08 18:44:10,773 - INFO - Preprocessed data saved to: outputs/batch/loan_batch_2025-05-08_18-38-44/loan_anon_k6_sl0p05_l15/preprocessing_report.txt
2025-05-08 18:44:10,773 - INFO - enable_anonymization = True
2025-05-08 18:44:10,773 - INFO - Starting Anonymization Pipeline with output path: /mnt/NVMETank/Projects/Students/Dele/A-STUDY-INTO-THE-QUALITY-AND-USABILITY-OF-PRIVACY-FRIENDLY-SYNTHETIC-DATA/datasets/anonymized/loan_k6_l15_sup05_anonymized.csv.......
2025-05-08 18:44:10,778 - INFO -  [ANONYMIZATION] Executing run_anonymization, config_path : configs/generated_configs/loan/loan_anon_k6_sl0p05_l15.yaml...........
2025-05-08 18:44:10,778 - INFO -  [ANONYMIZATION] Using JAR file at /mnt/NVMETank/Projects/Students/Dele/A-STUDY-INTO-THE-QUALITY-AND-USABILITY-OF-PRIVACY-FRIENDLY-SYNTHETIC-DATA/src/anonymization/anonymARXij/bin/anonymARXij.jar to anonymize the dataset.
2025-05-08 18:44:12,075 - INFO -  [ANONYMIZATION] Anonimized file saved to : /mnt/NVMETank/Projects/Students/Dele/A-STUDY-INTO-THE-QUALITY-AND-USABILITY-OF-PRIVACY-FRIENDLY-SYNTHETIC-DATA/datasets/anonymized/loan_k6_l15_sup05_anonymized.csv
2025-05-08 18:44:12,075 - INFO -  [ANONYMIZATION] Java anonymization completed successfully.
2025-05-08 18:44:12,075 - INFO -  [ANONYMIZATION] Java STDOUT:
📄 Java received config path: /mnt/NVMETank/Projects/Students/Dele/A-STUDY-INTO-THE-QUALITY-AND-USABILITY-OF-PRIVACY-FRIENDLY-SYNTHETIC-DATA/configs/generated_configs/loan/loan_anon_k6_sl0p05_l15.yaml
🔹 Loading config from: /mnt/NVMETank/Projects/Students/Dele/A-STUDY-INTO-THE-QUALITY-AND-USABILITY-OF-PRIVACY-FRIENDLY-SYNTHETIC-DATA/configs/generated_configs/loan/loan_anon_k6_sl0p05_l15.yaml
Loading config from: /mnt/NVMETank/Projects/Students/Dele/A-STUDY-INTO-THE-QUALITY-AND-USABILITY-OF-PRIVACY-FRIENDLY-SYNTHETIC-DATA/configs/generated_configs/loan/loan_anon_k6_sl0p05_l15.yaml
📂 Dataset Path (from args): /mnt/NVMETank/Projects/Students/Dele/A-STUDY-INTO-THE-QUALITY-AND-USABILITY-OF-PRIVACY-FRIENDLY-SYNTHETIC-DATA/datasets/train/loan_train_raw.csv
🔹 Dataset Separator: ,
🔹 Suppression Limit: 0.05

🔹 Configured Attributes:
  ✅ Quasi-Identifier: Gender
  ✅ Quasi-Identifier: Married
  ✅ Quasi-Identifier: Education
  ✅ Quasi-Identifier: Dependents
  ✅ Quasi-Identifier: Self_Employed
  ✅ Quasi-Identifier: Property_Area
  ✅ Quasi-Identifier: Credit_History
  ✅ Quasi-Identifier: Loan_Amount_Term
  ✅ Sensitive Attribute: LoanAmount
  ✅ Insensitive Attribute: Loan_Status
  ✅ Insensitive Attribute: ApplicantIncome
  ✅ Insensitive Attribute: CoapplicantIncome

🔹 Defined Hierarchies:
  ✅ Property_Area -> /mnt/NVMETank/Projects/Students/Dele/A-STUDY-INTO-THE-QUALITY-AND-USABILITY-OF-PRIVACY-FRIENDLY-SYNTHETIC-DATA/src/anonymization/anonymARXij/src/hierarchies_loan/property_area.csv
  ✅ Self_Employed -> /mnt/NVMETank/Projects/Students/Dele/A-STUDY-INTO-THE-QUALITY-AND-USABILITY-OF-PRIVACY-FRIENDLY-SYNTHETIC-DATA/src/anonymization/anonymARXij/src/hierarchies_loan/self_employed.csv
  ✅ Credit_History -> /mnt/NVMETank/Projects/Students/Dele/A-STUDY-INTO-THE-QUALITY-AND-USABILITY-OF-PRIVACY-FRIENDLY-SYNTHETIC-DATA/src/anonymization/anonymARXij/src/hierarchies_loan/credit_history.csv
  ✅ Dependents -> /mnt/NVMETank/Projects/Students/Dele/A-STUDY-INTO-THE-QUALITY-AND-USABILITY-OF-PRIVACY-FRIENDLY-SYNTHETIC-DATA/src/anonymization/anonymARXij/src/hierarchies_loan/dependents.csv
  ✅ Education -> /mnt/NVMETank/Projects/Students/Dele/A-STUDY-INTO-THE-QUALITY-AND-USABILITY-OF-PRIVACY-FRIENDLY-SYNTHETIC-DATA/src/anonymization/anonymARXij/src/hierarchies_loan/education.csv
  ✅ Loan_Amount_Term -> /mnt/NVMETank/Projects/Students/Dele/A-STUDY-INTO-THE-QUALITY-AND-USABILITY-OF-PRIVACY-FRIENDLY-SYNTHETIC-DATA/src/anonymization/anonymARXij/src/hierarchies_loan/loan_amount_terms.csv
  ✅ Married -> /mnt/NVMETank/Projects/Students/Dele/A-STUDY-INTO-THE-QUALITY-AND-USABILITY-OF-PRIVACY-FRIENDLY-SYNTHETIC-DATA/src/anonymization/anonymARXij/src/hierarchies_loan/married.csv
  ✅ Gender -> /mnt/NVMETank/Projects/Students/Dele/A-STUDY-INTO-THE-QUALITY-AND-USABILITY-OF-PRIVACY-FRIENDLY-SYNTHETIC-DATA/src/anonymization/anonymARXij/src/hierarchies_loan/gender.csv
Java is searching for hierarchy file at: /mnt/NVMETank/Projects/Students/Dele/A-STUDY-INTO-THE-QUALITY-AND-USABILITY-OF-PRIVACY-FRIENDLY-SYNTHETIC-DATA/src/anonymization/anonymARXij/src/hierarchies_loan/property_area.csv
Java is searching for hierarchy file at: /mnt/NVMETank/Projects/Students/Dele/A-STUDY-INTO-THE-QUALITY-AND-USABILITY-OF-PRIVACY-FRIENDLY-SYNTHETIC-DATA/src/anonymization/anonymARXij/src/hierarchies_loan/self_employed.csv
Java is searching for hierarchy file at: /mnt/NVMETank/Projects/Students/Dele/A-STUDY-INTO-THE-QUALITY-AND-USABILITY-OF-PRIVACY-FRIENDLY-SYNTHETIC-DATA/src/anonymization/anonymARXij/src/hierarchies_loan/credit_history.csv
Java is searching for hierarchy file at: /mnt/NVMETank/Projects/Students/Dele/A-STUDY-INTO-THE-QUALITY-AND-USABILITY-OF-PRIVACY-FRIENDLY-SYNTHETIC-DATA/src/anonymization/anonymARXij/src/hierarchies_loan/dependents.csv
Java is searching for hierarchy file at: /mnt/NVMETank/Projects/Students/Dele/A-STUDY-INTO-THE-QUALITY-AND-USABILITY-OF-PRIVACY-FRIENDLY-SYNTHETIC-DATA/src/anonymization/anonymARXij/src/hierarchies_loan/education.csv
Java is searching for hierarchy file at: /mnt/NVMETank/Projects/Students/Dele/A-STUDY-INTO-THE-QUALITY-AND-USABILITY-OF-PRIVACY-FRIENDLY-SYNTHETIC-DATA/src/anonymization/anonymARXij/src/hierarchies_loan/loan_amount_terms.csv
Java is searching for hierarchy file at: /mnt/NVMETank/Projects/Students/Dele/A-STUDY-INTO-THE-QUALITY-AND-USABILITY-OF-PRIVACY-FRIENDLY-SYNTHETIC-DATA/src/anonymization/anonymARXij/src/hierarchies_loan/married.csv
Java is searching for hierarchy file at: /mnt/NVMETank/Projects/Students/Dele/A-STUDY-INTO-THE-QUALITY-AND-USABILITY-OF-PRIVACY-FRIENDLY-SYNTHETIC-DATA/src/anonymization/anonymARXij/src/hierarchies_loan/gender.csv
✓ Applied Entropy L-Diversity on: LoanAmount (l=15)
🔹 Privacy Models Configured
📂 Anonymized Output Path (from args): /mnt/NVMETank/Projects/Students/Dele/A-STUDY-INTO-THE-QUALITY-AND-USABILITY-OF-PRIVACY-FRIENDLY-SYNTHETIC-DATA/datasets/anonymized/loan_k6_l15_sup05_anonymized.csv
📂 Anonymized Output Path: /mnt/NVMETank/Projects/Students/Dele/A-STUDY-INTO-THE-QUALITY-AND-USABILITY-OF-PRIVACY-FRIENDLY-SYNTHETIC-DATA/datasets/anonymized/loan_k6_l15_sup05_anonymized.csv
✅ Anonymization completed. Output saved to: /mnt/NVMETank/Projects/Students/Dele/A-STUDY-INTO-THE-QUALITY-AND-USABILITY-OF-PRIVACY-FRIENDLY-SYNTHETIC-DATA/datasets/anonymized/loan_k6_l15_sup05_anonymized.csv
Anonymized Data Quality Metrics:
 - Ambiguity: 0.9238075395447435
 - AECS: 0.8872901678657075
 - Discernibility: 0.8366583541147132
 - Granularity: 0.41317410244855124
 - MSE: 0.14746543778801846
 - Non-Uniform Entropy: 0.3985923397111466
 - Precision: 0.3571428571428572
 - Record-level SE: 0.24685739543695506
Equivalence Class Statistics:
 - Number of Classes: 8
 - Average Class Size: 40.0
Suppression Statistics:
 - Suppressed Records: 16
 - Suppression Percentage: 4.76%
2025-05-08 18:44:12,075 - INFO - Anonymized data saved to: /mnt/NVMETank/Projects/Students/Dele/A-STUDY-INTO-THE-QUALITY-AND-USABILITY-OF-PRIVACY-FRIENDLY-SYNTHETIC-DATA/datasets/anonymized/loan_k6_l15_sup05_anonymized.csv
2025-05-08 18:44:12,083 - INFO - Anonymous data report saved at: outputs/batch/loan_batch_2025-05-08_18-38-44/loan_anon_k6_sl0p05_l15/anonymous_data_report.txt
2025-05-08 18:44:12,083 - INFO -  [POSTPROCESSING] Postprocessing anonymized data: /mnt/NVMETank/Projects/Students/Dele/A-STUDY-INTO-THE-QUALITY-AND-USABILITY-OF-PRIVACY-FRIENDLY-SYNTHETIC-DATA/datasets/anonymized/loan_k6_l15_sup05_anonymized.csv
2025-05-08 18:44:12,084 - INFO -  [POSTPROCESSING] Loaded anonymized data: (336, 12)
2025-05-08 18:44:12,087 - INFO -  [POSTPROCESSING] Loaded fallback maps from training data. Categorical cols: 7, Numeric cols: 5
2025-05-08 18:44:12,087 - INFO -  [POSTPROCESSING] Normalizing anonymized data using ARX artifact cleaning and fallback values.
2025-05-08 18:44:12,097 - INFO -  [POSTPROCESSING] Normalized anonymized data saved to: /mnt/NVMETank/Projects/Students/Dele/A-STUDY-INTO-THE-QUALITY-AND-USABILITY-OF-PRIVACY-FRIENDLY-SYNTHETIC-DATA/datasets/anonymized/loan_k6_l15_sup05_anonymized_processed.csv
2025-05-08 18:44:12,104 - INFO -  [POSTPROCESSING] Binary Encoding applied to anonymized data. Encoded shape: (336, 19)
2025-05-08 18:44:12,105 - INFO -  [POSTPROCESSING] Encoded anonymized dataset saved to: /mnt/NVMETank/Projects/Students/Dele/A-STUDY-INTO-THE-QUALITY-AND-USABILITY-OF-PRIVACY-FRIENDLY-SYNTHETIC-DATA/datasets/anonymized/loan_k6_l15_sup05_anonymized_encoded.csv
2025-05-08 18:44:12,106 - INFO -  [POSTPROCESSING] Encoding map generated for anonymized data: 0 original categorical columns.
2025-05-08 18:44:12,106 - INFO - Postprocessing report saved at: outputs/batch/loan_batch_2025-05-08_18-38-44/loan_anon_k6_sl0p05_l15/postprocessing_report.txt
2025-05-08 18:44:12,106 - INFO - enable_synthetic_generation = False
2025-05-08 18:44:12,106 - INFO - Synthetic Data Generation Skipped (Disabled in Configuration).
2025-05-08 18:44:12,106 - INFO - Running Hybrid Pipeline...
2025-05-08 18:44:12,106 - INFO -  [HYBRID] Executing run_hybrid...
2025-05-08 18:44:12,106 - INFO -  [HYBRID] Looking for encoded anonymized data in /mnt/NVMETank/Projects/Students/Dele/A-STUDY-INTO-THE-QUALITY-AND-USABILITY-OF-PRIVACY-FRIENDLY-SYNTHETIC-DATA/datasets/anonymized/loan_k6_l15_sup05_anonymized_encoded.csv
2025-05-08 18:44:12,106 - INFO -  [HYBRID ] Loaded cached encoded anonymous data from /mnt/NVMETank/Projects/Students/Dele/A-STUDY-INTO-THE-QUALITY-AND-USABILITY-OF-PRIVACY-FRIENDLY-SYNTHETIC-DATA/datasets/anonymized/loan_k6_l15_sup05_anonymized_encoded.csv
2025-05-08 18:44:12,107 - INFO -  [HYBRID] Starting synthetic generation for hybrid pipeline...
2025-05-08 18:44:12,107 - INFO - Executing run_synthetic.....
2025-05-08 18:44:12,107 - INFO - [SYNTHETIC PIPELINE] executing run_synthetic for loan_k6_l15_sup05...
2025-05-08 18:44:12,107 - INFO - [SYNTHETIC] Processing dataset: loan_k6_l15_sup05
2025-05-08 18:44:12,107 - INFO - [SYNTHETIC] Original dataset size: 336 rows
2025-05-08 18:44:12,117 - INFO - Detected metadata:
2025-05-08 18:44:12,117 - INFO - {
    "columns": {
        "Gender_0": {
            "sdtype": "categorical"
        },
        "Gender_1": {
            "sdtype": "categorical"
        },
        "Married_0": {
            "sdtype": "categorical"
        },
        "Married_1": {
            "sdtype": "categorical"
        },
        "Dependents_0": {
            "sdtype": "categorical"
        },
        "Dependents_1": {
            "sdtype": "categorical"
        },
        "Dependents_2": {
            "sdtype": "categorical"
        },
        "Education_0": {
            "sdtype": "categorical"
        },
        "Education_1": {
            "sdtype": "categorical"
        },
        "Self_Employed_0": {
            "sdtype": "categorical"
        },
        "Self_Employed_1": {
            "sdtype": "categorical"
        },
        "ApplicantIncome": {
            "sdtype": "numerical"
        },
        "CoapplicantIncome": {
            "sdtype": "numerical"
        },
        "LoanAmount": {
            "sdtype": "numerical"
        },
        "Loan_Amount_Term": {
            "sdtype": "categorical"
        },
        "Credit_History": {
            "sdtype": "categorical"
        },
        "Property_Area_0": {
            "sdtype": "categorical"
        },
        "Property_Area_1": {
            "sdtype": "categorical"
        },
        "Loan_Status": {
            "sdtype": "categorical"
        }
    },
    "METADATA_SPEC_VERSION": "SINGLE_TABLE_V1"
}
2025-05-08 18:44:12,117 - INFO - [SYNTHETIC] Preparing synthesizer: CTGAN
2025-05-08 18:44:12,117 - INFO - [SYNTHETIC] Params from config: {'epochs': 300}
2025-05-08 18:44:12,117 - INFO -  [SYNTHETIC] No pre-trained synthesizer found
2025-05-08 18:44:12,117 - INFO - [SYNTHETIC] Training new CTGAN synthesizer from scratch...
2025-05-08 18:44:12,117 - WARNING - [FutureWarning] The 'SingleTableMetadata' is deprecated. Please use the new 'Metadata' class for synthesizers. (from /mnt/NVMETank/Projects/Students/Dele/A-STUDY-INTO-THE-QUALITY-AND-USABILITY-OF-PRIVACY-FRIENDLY-SYNTHETIC-DATA/.venv/lib/python3.12/site-packages/sdv/single_table/base.py:119)
2025-05-08 18:44:12,117 - WARNING - [UserWarning] We strongly recommend saving the metadata using 'save_to_json' for replicability in future SDV versions. (from /mnt/NVMETank/Projects/Students/Dele/A-STUDY-INTO-THE-QUALITY-AND-USABILITY-OF-PRIVACY-FRIENDLY-SYNTHETIC-DATA/.venv/lib/python3.12/site-packages/sdv/single_table/base.py:104)
2025-05-08 18:44:12,121 - INFO - {'EVENT': 'Instance', 'TIMESTAMP': datetime.datetime(2025, 5, 8, 18, 44, 12, 121730), 'SYNTHESIZER CLASS NAME': 'CTGANSynthesizer', 'SYNTHESIZER ID': 'CTGANSynthesizer_1.18.0_98e200dddc6647c193bcee81d0d47bc2'}
2025-05-08 18:44:12,121 - INFO - [SYNTHETIC] CTGAN initialized with epochs: 300
2025-05-08 18:44:12,121 - INFO - [SYNTHETIC] Training parameters for CTGAN: {}
2025-05-08 18:44:12,121 - INFO - [SYNTHETIC] fitting CTGAN 
2025-05-08 18:44:12,121 - INFO - {'EVENT': 'Fit', 'TIMESTAMP': datetime.datetime(2025, 5, 8, 18, 44, 12, 121931), 'SYNTHESIZER CLASS NAME': 'CTGANSynthesizer', 'SYNTHESIZER ID': 'CTGANSynthesizer_1.18.0_98e200dddc6647c193bcee81d0d47bc2', 'TOTAL NUMBER OF TABLES': 1, 'TOTAL NUMBER OF ROWS': 336, 'TOTAL NUMBER OF COLUMNS': 19}
2025-05-08 18:44:12,123 - INFO - Fitting table  metadata
2025-05-08 18:44:12,123 - INFO - Fitting formatters for table 
2025-05-08 18:44:12,125 - INFO - Fitting constraints for table 
2025-05-08 18:44:12,125 - INFO - Setting the configuration for the ``HyperTransformer`` for table 
2025-05-08 18:44:12,126 - INFO - Fitting HyperTransformer for table 
2025-05-08 18:44:12,139 - INFO - {'EVENT': 'Fit processed data', 'TIMESTAMP': datetime.datetime(2025, 5, 8, 18, 44, 12, 139314), 'SYNTHESIZER CLASS NAME': 'CTGANSynthesizer', 'SYNTHESIZER ID': 'CTGANSynthesizer_1.18.0_98e200dddc6647c193bcee81d0d47bc2', 'TOTAL NUMBER OF TABLES': 1, 'TOTAL NUMBER OF ROWS': 336, 'TOTAL NUMBER OF COLUMNS': 19}
2025-05-08 18:44:12,171 - INFO - Guidance: There are no missing values in column ApplicantIncome. Extra column not created.
2025-05-08 18:44:12,272 - INFO - Guidance: There are no missing values in column CoapplicantIncome. Extra column not created.
2025-05-08 18:44:12,305 - INFO - Guidance: There are no missing values in column LoanAmount. Extra column not created.
2025-05-08 18:44:37,073 - INFO - [SYNTHETIC] Fitting complete for CTGAN. Duration: 24.95 seconds.
2025-05-08 18:44:37,074 - INFO - [SYNTHETIC] CONFIRMATION CTGAN actually trained with epochs = 300
2025-05-08 18:44:37,074 - INFO - {'EVENT': 'Save', 'TIMESTAMP': datetime.datetime(2025, 5, 8, 18, 44, 37, 74053), 'SYNTHESIZER CLASS NAME': 'CTGANSynthesizer', 'SYNTHESIZER ID': 'CTGANSynthesizer_1.18.0_98e200dddc6647c193bcee81d0d47bc2'}
2025-05-08 18:44:37,114 - INFO - [SYNTHETIC] CTGAN trained and saved.
2025-05-08 18:44:37,114 - INFO - [SYNTHETIC] Preparing synthesizer: GaussianCopula
2025-05-08 18:44:37,114 - INFO - [SYNTHETIC] Params from config: {}
2025-05-08 18:44:37,114 - INFO -  [SYNTHETIC] No pre-trained synthesizer found
2025-05-08 18:44:37,114 - INFO - [SYNTHETIC] Training new GaussianCopula synthesizer from scratch...
2025-05-08 18:44:37,114 - WARNING - [FutureWarning] The 'SingleTableMetadata' is deprecated. Please use the new 'Metadata' class for synthesizers. (from /mnt/NVMETank/Projects/Students/Dele/A-STUDY-INTO-THE-QUALITY-AND-USABILITY-OF-PRIVACY-FRIENDLY-SYNTHETIC-DATA/.venv/lib/python3.12/site-packages/sdv/single_table/base.py:119)
2025-05-08 18:44:37,116 - INFO - {'EVENT': 'Instance', 'TIMESTAMP': datetime.datetime(2025, 5, 8, 18, 44, 37, 116746), 'SYNTHESIZER CLASS NAME': 'GaussianCopulaSynthesizer', 'SYNTHESIZER ID': 'GaussianCopulaSynthesizer_1.18.0_25d1d78fa58442f39bc856af6c39835e'}
2025-05-08 18:44:37,116 - INFO - [SYNTHETIC] fitting GaussianCopula 
2025-05-08 18:44:37,116 - INFO - {'EVENT': 'Fit', 'TIMESTAMP': datetime.datetime(2025, 5, 8, 18, 44, 37, 116876), 'SYNTHESIZER CLASS NAME': 'GaussianCopulaSynthesizer', 'SYNTHESIZER ID': 'GaussianCopulaSynthesizer_1.18.0_25d1d78fa58442f39bc856af6c39835e', 'TOTAL NUMBER OF TABLES': 1, 'TOTAL NUMBER OF ROWS': 336, 'TOTAL NUMBER OF COLUMNS': 19}
2025-05-08 18:44:37,118 - INFO - Fitting table  metadata
2025-05-08 18:44:37,118 - INFO - Fitting formatters for table 
2025-05-08 18:44:37,120 - INFO - Fitting constraints for table 
2025-05-08 18:44:37,120 - INFO - Setting the configuration for the ``HyperTransformer`` for table 
2025-05-08 18:44:37,126 - INFO - Fitting HyperTransformer for table 
2025-05-08 18:44:37,236 - INFO - {'EVENT': 'Fit processed data', 'TIMESTAMP': datetime.datetime(2025, 5, 8, 18, 44, 37, 236486), 'SYNTHESIZER CLASS NAME': 'GaussianCopulaSynthesizer', 'SYNTHESIZER ID': 'GaussianCopulaSynthesizer_1.18.0_25d1d78fa58442f39bc856af6c39835e', 'TOTAL NUMBER OF TABLES': 1, 'TOTAL NUMBER OF ROWS': 336, 'TOTAL NUMBER OF COLUMNS': 19}
2025-05-08 18:44:37,236 - INFO - Fitting GaussianMultivariate(distribution="{'Gender_0': <class 'copulas.univariate.beta.BetaUnivariate'>, 'Gender_1': <class 'copulas.univariate.beta.BetaUnivariate'>, 'Married_0': <class 'copulas.univariate.beta.BetaUnivariate'>, 'Married_1': <class 'copulas.univariate.beta.BetaUnivariate'>, 'Dependents_0': <class 'copulas.univariate.beta.BetaUnivariate'>, 'Dependents_1': <class 'copulas.univariate.beta.BetaUnivariate'>, 'Dependents_2': <class 'copulas.univariate.beta.BetaUnivariate'>, 'Education_0': <class 'copulas.univariate.beta.BetaUnivariate'>, 'Education_1': <class 'copulas.univariate.beta.BetaUnivariate'>, 'Self_Employed_0': <class 'copulas.univariate.beta.BetaUnivariate'>, 'Self_Employed_1': <class 'copulas.univariate.beta.BetaUnivariate'>, 'ApplicantIncome': <class 'copulas.univariate.beta.BetaUnivariate'>, 'CoapplicantIncome': <class 'copulas.univariate.beta.BetaUnivariate'>, 'LoanAmount': <class 'copulas.univariate.beta.BetaUnivariate'>, 'Loan_Amount_Term': <class 'copulas.univariate.beta.BetaUnivariate'>, 'Credit_History': <class 'copulas.univariate.beta.BetaUnivariate'>, 'Property_Area_0': <class 'copulas.univariate.beta.BetaUnivariate'>, 'Property_Area_1': <class 'copulas.univariate.beta.BetaUnivariate'>, 'Loan_Status': <class 'copulas.univariate.beta.BetaUnivariate'>}")
2025-05-08 18:44:37,844 - INFO - [SYNTHETIC] Fitting complete for GaussianCopula. Duration: 0.73 seconds.
2025-05-08 18:44:37,844 - WARNING - [SYNTHETIC] WARNING Could not determine actual epochs used for GaussianCopula
2025-05-08 18:44:37,844 - INFO - {'EVENT': 'Save', 'TIMESTAMP': datetime.datetime(2025, 5, 8, 18, 44, 37, 844936), 'SYNTHESIZER CLASS NAME': 'GaussianCopulaSynthesizer', 'SYNTHESIZER ID': 'GaussianCopulaSynthesizer_1.18.0_25d1d78fa58442f39bc856af6c39835e'}
2025-05-08 18:44:37,852 - INFO - [SYNTHETIC] GaussianCopula trained and saved.
2025-05-08 18:44:37,852 - INFO - [SYNTHETIC] Preparing synthesizer: TVAE
2025-05-08 18:44:37,852 - INFO - [SYNTHETIC] Params from config: {'epochs': 300}
2025-05-08 18:44:37,852 - INFO -  [SYNTHETIC] No pre-trained synthesizer found
2025-05-08 18:44:37,853 - INFO - [SYNTHETIC] Training new TVAE synthesizer from scratch...
2025-05-08 18:44:37,853 - WARNING - [FutureWarning] The 'SingleTableMetadata' is deprecated. Please use the new 'Metadata' class for synthesizers. (from /mnt/NVMETank/Projects/Students/Dele/A-STUDY-INTO-THE-QUALITY-AND-USABILITY-OF-PRIVACY-FRIENDLY-SYNTHETIC-DATA/.venv/lib/python3.12/site-packages/sdv/single_table/base.py:119)
2025-05-08 18:44:37,855 - INFO - {'EVENT': 'Instance', 'TIMESTAMP': datetime.datetime(2025, 5, 8, 18, 44, 37, 855210), 'SYNTHESIZER CLASS NAME': 'TVAESynthesizer', 'SYNTHESIZER ID': 'TVAESynthesizer_1.18.0_05a75e544e9042e192cdd3f8ec714231'}
2025-05-08 18:44:37,855 - INFO - [SYNTHETIC] TVAE initialized with epochs: 300
2025-05-08 18:44:37,855 - INFO - [SYNTHETIC] Training parameters for TVAE: {}
2025-05-08 18:44:37,855 - INFO - [SYNTHETIC] fitting TVAE 
2025-05-08 18:44:37,855 - INFO - {'EVENT': 'Fit', 'TIMESTAMP': datetime.datetime(2025, 5, 8, 18, 44, 37, 855454), 'SYNTHESIZER CLASS NAME': 'TVAESynthesizer', 'SYNTHESIZER ID': 'TVAESynthesizer_1.18.0_05a75e544e9042e192cdd3f8ec714231', 'TOTAL NUMBER OF TABLES': 1, 'TOTAL NUMBER OF ROWS': 336, 'TOTAL NUMBER OF COLUMNS': 19}
2025-05-08 18:44:37,856 - INFO - Fitting table  metadata
2025-05-08 18:44:37,856 - INFO - Fitting formatters for table 
2025-05-08 18:44:37,858 - INFO - Fitting constraints for table 
2025-05-08 18:44:37,858 - INFO - Setting the configuration for the ``HyperTransformer`` for table 
2025-05-08 18:44:37,859 - INFO - Fitting HyperTransformer for table 
2025-05-08 18:44:37,871 - INFO - {'EVENT': 'Fit processed data', 'TIMESTAMP': datetime.datetime(2025, 5, 8, 18, 44, 37, 871407), 'SYNTHESIZER CLASS NAME': 'TVAESynthesizer', 'SYNTHESIZER ID': 'TVAESynthesizer_1.18.0_05a75e544e9042e192cdd3f8ec714231', 'TOTAL NUMBER OF TABLES': 1, 'TOTAL NUMBER OF ROWS': 336, 'TOTAL NUMBER OF COLUMNS': 19}
2025-05-08 18:44:37,884 - INFO - Guidance: There are no missing values in column ApplicantIncome. Extra column not created.
2025-05-08 18:44:37,959 - INFO - Guidance: There are no missing values in column CoapplicantIncome. Extra column not created.
2025-05-08 18:44:37,993 - INFO - Guidance: There are no missing values in column LoanAmount. Extra column not created.
2025-05-08 18:44:40,623 - INFO - [SYNTHETIC] Fitting complete for TVAE. Duration: 2.77 seconds.
2025-05-08 18:44:40,623 - INFO - [SYNTHETIC] CONFIRMATION TVAE actually trained with epochs = 300
2025-05-08 18:44:40,623 - INFO - {'EVENT': 'Save', 'TIMESTAMP': datetime.datetime(2025, 5, 8, 18, 44, 40, 623759), 'SYNTHESIZER CLASS NAME': 'TVAESynthesizer', 'SYNTHESIZER ID': 'TVAESynthesizer_1.18.0_05a75e544e9042e192cdd3f8ec714231'}
2025-05-08 18:44:40,653 - INFO - [SYNTHETIC] TVAE trained and saved.
2025-05-08 18:44:40,653 - INFO - [SYNTHETIC] Using CTGAN to generate 336 rows...
2025-05-08 18:44:40,720 - INFO - {'EVENT': 'Sample', 'TIMESTAMP': datetime.datetime(2025, 5, 8, 18, 44, 40, 653623), 'SYNTHESIZER CLASS NAME': 'CTGANSynthesizer', 'SYNTHESIZER ID': 'CTGANSynthesizer_1.18.0_98e200dddc6647c193bcee81d0d47bc2', 'TOTAL NUMBER OF TABLES': 1, 'TOTAL NUMBER OF ROWS': 336, 'TOTAL NUMBER OF COLUMNS': 19}
2025-05-08 18:44:40,720 - INFO - [SYNTHETIC] CTGAN completed: 336 rows generated.
2025-05-08 18:44:40,720 - INFO - [SYNTHETIC] Target class distribution for CTGAN: {'Y': 231, 'N': 105}
2025-05-08 18:44:40,720 - INFO - [SYNTHETIC] Using GaussianCopula to generate 336 rows...
2025-05-08 18:44:40,775 - INFO - {'EVENT': 'Sample', 'TIMESTAMP': datetime.datetime(2025, 5, 8, 18, 44, 40, 720814), 'SYNTHESIZER CLASS NAME': 'GaussianCopulaSynthesizer', 'SYNTHESIZER ID': 'GaussianCopulaSynthesizer_1.18.0_25d1d78fa58442f39bc856af6c39835e', 'TOTAL NUMBER OF TABLES': 1, 'TOTAL NUMBER OF ROWS': 336, 'TOTAL NUMBER OF COLUMNS': 19}
2025-05-08 18:44:40,776 - INFO - [SYNTHETIC] GaussianCopula completed: 336 rows generated.
2025-05-08 18:44:40,776 - INFO - [SYNTHETIC] Target class distribution for GaussianCopula: {'Y': 228, 'N': 108}
2025-05-08 18:44:40,776 - INFO - [SYNTHETIC] Using TVAE to generate 336 rows...
2025-05-08 18:44:40,814 - INFO - {'EVENT': 'Sample', 'TIMESTAMP': datetime.datetime(2025, 5, 8, 18, 44, 40, 776504), 'SYNTHESIZER CLASS NAME': 'TVAESynthesizer', 'SYNTHESIZER ID': 'TVAESynthesizer_1.18.0_05a75e544e9042e192cdd3f8ec714231', 'TOTAL NUMBER OF TABLES': 1, 'TOTAL NUMBER OF ROWS': 336, 'TOTAL NUMBER OF COLUMNS': 19}
2025-05-08 18:44:40,814 - INFO - [SYNTHETIC] TVAE completed: 336 rows generated.
2025-05-08 18:44:40,814 - INFO - [SYNTHETIC] Target class distribution for TVAE: {'Y': 336}
2025-05-08 18:44:40,815 - INFO - [SYNTHETIC PIPELINE] Synthetic Data Generation Completed.
2025-05-08 18:44:40,815 - INFO - [SYNTHETIC PIPELINE] Synthesizers used: ['CTGAN', 'GaussianCopula', 'TVAE']
2025-05-08 18:44:40,815 - INFO - [SYNTHETIC PIPELINE] Evaluating synthetic dataset generated by CTGAN...
2025-05-08 18:44:40,815 - INFO - [SYNTHETIC EVAL] Real data columns     (19): ['Gender_0', 'Gender_1', 'Married_0', 'Married_1', 'Dependents_0', 'Dependents_1', 'Dependents_2', 'Education_0', 'Education_1', 'Self_Employed_0', 'Self_Employed_1', 'ApplicantIncome', 'CoapplicantIncome', 'LoanAmount', 'Loan_Amount_Term', 'Credit_History', 'Property_Area_0', 'Property_Area_1', 'Loan_Status']
2025-05-08 18:44:40,815 - INFO - [SYNTHETIC EVAL] Synthetic data columns (19): ['Gender_0', 'Gender_1', 'Married_0', 'Married_1', 'Dependents_0', 'Dependents_1', 'Dependents_2', 'Education_0', 'Education_1', 'Self_Employed_0', 'Self_Employed_1', 'ApplicantIncome', 'CoapplicantIncome', 'LoanAmount', 'Loan_Amount_Term', 'Credit_History', 'Property_Area_0', 'Property_Area_1', 'Loan_Status']
2025-05-08 18:44:40,815 - INFO - [SYNTHETIC EVAL] Metadata columns      (19): ['Gender_0', 'Gender_1', 'Married_0', 'Married_1', 'Dependents_0', 'Dependents_1', 'Dependents_2', 'Education_0', 'Education_1', 'Self_Employed_0', 'Self_Employed_1', 'ApplicantIncome', 'CoapplicantIncome', 'LoanAmount', 'Loan_Amount_Term', 'Credit_History', 'Property_Area_0', 'Property_Area_1', 'Loan_Status']
2025-05-08 18:44:40,815 - INFO - [SYNTHETIC EVAL] Shape — Real: (336, 19), Synthetic: (336, 19)
2025-05-08 18:44:40,816 - INFO - [SYNTHETIC EVAL] Metadata structure:
{
  "columns": {
    "Gender_0": {
      "sdtype": "categorical"
    },
    "Gender_1": {
      "sdtype": "categorical"
    },
    "Married_0": {
      "sdtype": "categorical"
    },
    "Married_1": {
      "sdtype": "categorical"
    },
    "Dependents_0": {
      "sdtype": "categorical"
    },
    "Dependents_1": {
      "sdtype": "categorical"
    },
    "Dependents_2": {
      "sdtype": "categorical"
    },
    "Education_0": {
      "sdtype": "categorical"
    },
    "Education_1": {
      "sdtype": "categorical"
    },
    "Self_Employed_0": {
      "sdtype": "categorical"
    },
    "Self_Employed_1": {
      "sdtype": "categorical"
    },
    "ApplicantIncome": {
      "sdtype": "numerical"
    },
    "CoapplicantIncome": {
      "sdtype": "numerical"
    },
    "LoanAmount": {
      "sdtype": "numerical"
    },
    "Loan_Amount_Term": {
      "sdtype": "categorical"
    },
    "Credit_History": {
      "sdtype": "categorical"
    },
    "Property_Area_0": {
      "sdtype": "categorical"
    },
    "Property_Area_1": {
      "sdtype": "categorical"
    },
    "Loan_Status": {
      "sdtype": "categorical"
    }
  },
  "METADATA_SPEC_VERSION": "SINGLE_TABLE_V1"
}
2025-05-08 18:44:41,175 - INFO - [SYNTHETIC PIPELINE] Evaluating synthetic dataset generated by GaussianCopula...
2025-05-08 18:44:41,176 - INFO - [SYNTHETIC EVAL] Real data columns     (19): ['Gender_0', 'Gender_1', 'Married_0', 'Married_1', 'Dependents_0', 'Dependents_1', 'Dependents_2', 'Education_0', 'Education_1', 'Self_Employed_0', 'Self_Employed_1', 'ApplicantIncome', 'CoapplicantIncome', 'LoanAmount', 'Loan_Amount_Term', 'Credit_History', 'Property_Area_0', 'Property_Area_1', 'Loan_Status']
2025-05-08 18:44:41,176 - INFO - [SYNTHETIC EVAL] Synthetic data columns (19): ['Gender_0', 'Gender_1', 'Married_0', 'Married_1', 'Dependents_0', 'Dependents_1', 'Dependents_2', 'Education_0', 'Education_1', 'Self_Employed_0', 'Self_Employed_1', 'ApplicantIncome', 'CoapplicantIncome', 'LoanAmount', 'Loan_Amount_Term', 'Credit_History', 'Property_Area_0', 'Property_Area_1', 'Loan_Status']
2025-05-08 18:44:41,176 - INFO - [SYNTHETIC EVAL] Metadata columns      (19): ['Gender_0', 'Gender_1', 'Married_0', 'Married_1', 'Dependents_0', 'Dependents_1', 'Dependents_2', 'Education_0', 'Education_1', 'Self_Employed_0', 'Self_Employed_1', 'ApplicantIncome', 'CoapplicantIncome', 'LoanAmount', 'Loan_Amount_Term', 'Credit_History', 'Property_Area_0', 'Property_Area_1', 'Loan_Status']
2025-05-08 18:44:41,176 - INFO - [SYNTHETIC EVAL] Shape — Real: (336, 19), Synthetic: (336, 19)
2025-05-08 18:44:41,176 - INFO - [SYNTHETIC EVAL] Metadata structure:
{
  "columns": {
    "Gender_0": {
      "sdtype": "categorical"
    },
    "Gender_1": {
      "sdtype": "categorical"
    },
    "Married_0": {
      "sdtype": "categorical"
    },
    "Married_1": {
      "sdtype": "categorical"
    },
    "Dependents_0": {
      "sdtype": "categorical"
    },
    "Dependents_1": {
      "sdtype": "categorical"
    },
    "Dependents_2": {
      "sdtype": "categorical"
    },
    "Education_0": {
      "sdtype": "categorical"
    },
    "Education_1": {
      "sdtype": "categorical"
    },
    "Self_Employed_0": {
      "sdtype": "categorical"
    },
    "Self_Employed_1": {
      "sdtype": "categorical"
    },
    "ApplicantIncome": {
      "sdtype": "numerical"
    },
    "CoapplicantIncome": {
      "sdtype": "numerical"
    },
    "LoanAmount": {
      "sdtype": "numerical"
    },
    "Loan_Amount_Term": {
      "sdtype": "categorical"
    },
    "Credit_History": {
      "sdtype": "categorical"
    },
    "Property_Area_0": {
      "sdtype": "categorical"
    },
    "Property_Area_1": {
      "sdtype": "categorical"
    },
    "Loan_Status": {
      "sdtype": "categorical"
    }
  },
  "METADATA_SPEC_VERSION": "SINGLE_TABLE_V1"
}
2025-05-08 18:44:41,569 - INFO - [SYNTHETIC PIPELINE] Evaluating synthetic dataset generated by TVAE...
2025-05-08 18:44:41,569 - INFO - [SYNTHETIC EVAL] Real data columns     (19): ['Gender_0', 'Gender_1', 'Married_0', 'Married_1', 'Dependents_0', 'Dependents_1', 'Dependents_2', 'Education_0', 'Education_1', 'Self_Employed_0', 'Self_Employed_1', 'ApplicantIncome', 'CoapplicantIncome', 'LoanAmount', 'Loan_Amount_Term', 'Credit_History', 'Property_Area_0', 'Property_Area_1', 'Loan_Status']
2025-05-08 18:44:41,569 - INFO - [SYNTHETIC EVAL] Synthetic data columns (19): ['Gender_0', 'Gender_1', 'Married_0', 'Married_1', 'Dependents_0', 'Dependents_1', 'Dependents_2', 'Education_0', 'Education_1', 'Self_Employed_0', 'Self_Employed_1', 'ApplicantIncome', 'CoapplicantIncome', 'LoanAmount', 'Loan_Amount_Term', 'Credit_History', 'Property_Area_0', 'Property_Area_1', 'Loan_Status']
2025-05-08 18:44:41,569 - INFO - [SYNTHETIC EVAL] Metadata columns      (19): ['Gender_0', 'Gender_1', 'Married_0', 'Married_1', 'Dependents_0', 'Dependents_1', 'Dependents_2', 'Education_0', 'Education_1', 'Self_Employed_0', 'Self_Employed_1', 'ApplicantIncome', 'CoapplicantIncome', 'LoanAmount', 'Loan_Amount_Term', 'Credit_History', 'Property_Area_0', 'Property_Area_1', 'Loan_Status']
2025-05-08 18:44:41,569 - INFO - [SYNTHETIC EVAL] Shape — Real: (336, 19), Synthetic: (336, 19)
2025-05-08 18:44:41,570 - INFO - [SYNTHETIC EVAL] Metadata structure:
{
  "columns": {
    "Gender_0": {
      "sdtype": "categorical"
    },
    "Gender_1": {
      "sdtype": "categorical"
    },
    "Married_0": {
      "sdtype": "categorical"
    },
    "Married_1": {
      "sdtype": "categorical"
    },
    "Dependents_0": {
      "sdtype": "categorical"
    },
    "Dependents_1": {
      "sdtype": "categorical"
    },
    "Dependents_2": {
      "sdtype": "categorical"
    },
    "Education_0": {
      "sdtype": "categorical"
    },
    "Education_1": {
      "sdtype": "categorical"
    },
    "Self_Employed_0": {
      "sdtype": "categorical"
    },
    "Self_Employed_1": {
      "sdtype": "categorical"
    },
    "ApplicantIncome": {
      "sdtype": "numerical"
    },
    "CoapplicantIncome": {
      "sdtype": "numerical"
    },
    "LoanAmount": {
      "sdtype": "numerical"
    },
    "Loan_Amount_Term": {
      "sdtype": "categorical"
    },
    "Credit_History": {
      "sdtype": "categorical"
    },
    "Property_Area_0": {
      "sdtype": "categorical"
    },
    "Property_Area_1": {
      "sdtype": "categorical"
    },
    "Loan_Status": {
      "sdtype": "categorical"
    }
  },
  "METADATA_SPEC_VERSION": "SINGLE_TABLE_V1"
}
2025-05-08 18:44:41,971 - INFO -  [SYNTHETIC PIPELINE]  Synthetic Data Evaluation Completed.
2025-05-08 18:44:41,977 - INFO -  [SYNTHETIC PIPELINE] Synthetic Data Report Generated Successfully.
2025-05-08 18:44:42,073 - INFO - [HYBRID] Generated hybrid dataset shape for CTGAN: (336, 19)
2025-05-08 18:44:42,074 - INFO - [HYBRID] Target distribution for CTGAN: {'Y': 231, 'N': 105}
2025-05-08 18:44:42,076 - INFO -  [HYBRID] Saved hybrid dataset to /mnt/NVMETank/Projects/Students/Dele/A-STUDY-INTO-THE-QUALITY-AND-USABILITY-OF-PRIVACY-FRIENDLY-SYNTHETIC-DATA/datasets/hybrid/loan_k6_l15_sup05_CTGAN_HYBRID.csv
2025-05-08 18:44:42,076 - INFO - [HYBRID] Generated hybrid dataset shape for GaussianCopula: (336, 19)
2025-05-08 18:44:42,076 - INFO - [HYBRID] Target distribution for GaussianCopula: {'Y': 228, 'N': 108}
2025-05-08 18:44:42,077 - INFO -  [HYBRID] Saved hybrid dataset to /mnt/NVMETank/Projects/Students/Dele/A-STUDY-INTO-THE-QUALITY-AND-USABILITY-OF-PRIVACY-FRIENDLY-SYNTHETIC-DATA/datasets/hybrid/loan_k6_l15_sup05_GaussianCopula_HYBRID.csv
2025-05-08 18:44:42,078 - INFO - [HYBRID] Generated hybrid dataset shape for TVAE: (336, 19)
2025-05-08 18:44:42,078 - INFO - [HYBRID] Target distribution for TVAE: {'Y': 336}
2025-05-08 18:44:42,079 - INFO -  [HYBRID] Saved hybrid dataset to /mnt/NVMETank/Projects/Students/Dele/A-STUDY-INTO-THE-QUALITY-AND-USABILITY-OF-PRIVACY-FRIENDLY-SYNTHETIC-DATA/datasets/hybrid/loan_k6_l15_sup05_TVAE_HYBRID.csv
2025-05-08 18:44:42,079 - INFO -  [HYBRID] Hybrid pipeline complete — 3 dataset(s) ready.
2025-05-08 18:44:42,079 - INFO - [HYBRID] Total rows across all hybrid datasets: 1008
2025-05-08 18:44:42,079 - INFO - Hybrid pipeline completed successfully.
2025-05-08 18:44:42,080 - INFO - Hybrid pipeline duration: 29.97 seconds
2025-05-08 18:44:42,080 - INFO - Starting Utility...
2025-05-08 18:44:42,080 - INFO - [UTILITY] Preparing datasets for machine learning...
2025-05-08 18:44:42,080 - INFO - [UTILITY] Original Data - Training Size: 336, Testing Size: 144
2025-05-08 18:44:42,080 - INFO - [UTILITY] Target class distribution (Original): {'Y': 232, 'N': 104}
2025-05-08 18:44:42,080 - INFO - [UTILITY] Processing anonymized dataset...
2025-05-08 18:44:42,081 - INFO - [UTILITY] Anonymized Data - Training Size: 336
2025-05-08 18:44:42,081 - INFO - [UTILITY] Target class distribution (Anonymous): {'Y': 232, 'N': 104}
2025-05-08 18:44:42,081 - INFO - [UTILITY] Processing hybrid dataset generated by CTGAN...
2025-05-08 18:44:42,081 - INFO - [UTILITY] Hybrid Data (CTGAN_HYBRID) - Training Size: 336
2025-05-08 18:44:42,082 - INFO - [UTILITY] Target class distribution (CTGAN_HYBRID): {'Y': 231, 'N': 105}
2025-05-08 18:44:42,082 - INFO - [UTILITY] Processing hybrid dataset generated by GaussianCopula...
2025-05-08 18:44:42,082 - INFO - [UTILITY] Hybrid Data (GaussianCopula_HYBRID) - Training Size: 336
2025-05-08 18:44:42,082 - INFO - [UTILITY] Target class distribution (GaussianCopula_HYBRID): {'Y': 228, 'N': 108}
2025-05-08 18:44:42,082 - WARNING -  Skipping hybrid dataset 'TVAE_HYBRID' - only one class in target.
2025-05-08 18:44:42,082 - INFO - [UTILITY] Training models on all datasets...
2025-05-08 18:44:42,082 - INFO - [UTILITY] Total datasets used for training: 4
2025-05-08 18:44:42,082 - INFO - [TRAINING] Training models from scratch...
2025-05-08 18:44:42,082 - INFO - [TRAINING] Starting training for dataset: Original — Rows: 336, Features: 18
2025-05-08 18:44:42,083 - INFO - [TRAINING] Training DecisionTree on Original...
2025-05-08 18:44:42,085 - INFO - [TRAINING] DecisionTree trained successfully on Original in 0.00 sec
2025-05-08 18:44:42,085 - INFO - [TRAINING] Training KNN on Original...
2025-05-08 18:44:42,086 - INFO - [TRAINING] KNN trained successfully on Original in 0.00 sec
2025-05-08 18:44:42,086 - INFO - [TRAINING] Training LogisticRegression on Original...
2025-05-08 18:44:42,089 - INFO - [TRAINING] LogisticRegression trained successfully on Original in 0.00 sec
2025-05-08 18:44:42,089 - INFO - [TRAINING] Training RandomForest on Original...
2025-05-08 18:44:42,177 - INFO - [TRAINING] RandomForest trained successfully on Original in 0.09 sec
2025-05-08 18:44:42,177 - INFO - [TRAINING] Training SVM on Original...
2025-05-08 18:44:42,181 - INFO - [TRAINING] SVM trained successfully on Original in 0.00 sec
2025-05-08 18:44:42,181 - INFO - [TRAINING] Finished training 5 model(s) for dataset: Original
2025-05-08 18:44:42,181 - INFO - [TRAINING] Starting training for dataset: Anonymous — Rows: 336, Features: 18
2025-05-08 18:44:42,181 - INFO - [TRAINING] Training DecisionTree on Anonymous...
2025-05-08 18:44:42,183 - INFO - [TRAINING] DecisionTree trained successfully on Anonymous in 0.00 sec
2025-05-08 18:44:42,183 - INFO - [TRAINING] Training KNN on Anonymous...
2025-05-08 18:44:42,185 - INFO - [TRAINING] KNN trained successfully on Anonymous in 0.00 sec
2025-05-08 18:44:42,185 - INFO - [TRAINING] Training LogisticRegression on Anonymous...
2025-05-08 18:44:42,188 - INFO - [TRAINING] LogisticRegression trained successfully on Anonymous in 0.00 sec
2025-05-08 18:44:42,188 - INFO - [TRAINING] Training RandomForest on Anonymous...
2025-05-08 18:44:42,291 - INFO - [TRAINING] RandomForest trained successfully on Anonymous in 0.10 sec
2025-05-08 18:44:42,292 - INFO - [TRAINING] Training SVM on Anonymous...
2025-05-08 18:44:42,296 - INFO - [TRAINING] SVM trained successfully on Anonymous in 0.00 sec
2025-05-08 18:44:42,296 - INFO - [TRAINING] Finished training 5 model(s) for dataset: Anonymous
2025-05-08 18:44:42,296 - INFO - [TRAINING] Starting training for dataset: CTGAN_HYBRID — Rows: 336, Features: 18
2025-05-08 18:44:42,296 - INFO - [TRAINING] Training DecisionTree on CTGAN_HYBRID...
2025-05-08 18:44:42,298 - INFO - [TRAINING] DecisionTree trained successfully on CTGAN_HYBRID in 0.00 sec
2025-05-08 18:44:42,298 - INFO - [TRAINING] Training KNN on CTGAN_HYBRID...
2025-05-08 18:44:42,299 - INFO - [TRAINING] KNN trained successfully on CTGAN_HYBRID in 0.00 sec
2025-05-08 18:44:42,299 - INFO - [TRAINING] Training LogisticRegression on CTGAN_HYBRID...
2025-05-08 18:44:42,302 - INFO - [TRAINING] LogisticRegression trained successfully on CTGAN_HYBRID in 0.00 sec
2025-05-08 18:44:42,302 - INFO - [TRAINING] Training RandomForest on CTGAN_HYBRID...
2025-05-08 18:44:42,387 - INFO - [TRAINING] RandomForest trained successfully on CTGAN_HYBRID in 0.09 sec
2025-05-08 18:44:42,387 - INFO - [TRAINING] Training SVM on CTGAN_HYBRID...
2025-05-08 18:44:42,391 - INFO - [TRAINING] SVM trained successfully on CTGAN_HYBRID in 0.00 sec
2025-05-08 18:44:42,392 - INFO - [TRAINING] Finished training 5 model(s) for dataset: CTGAN_HYBRID
2025-05-08 18:44:42,392 - INFO - [TRAINING] Starting training for dataset: GaussianCopula_HYBRID — Rows: 336, Features: 18
2025-05-08 18:44:42,392 - INFO - [TRAINING] Training DecisionTree on GaussianCopula_HYBRID...
2025-05-08 18:44:42,394 - INFO - [TRAINING] DecisionTree trained successfully on GaussianCopula_HYBRID in 0.00 sec
2025-05-08 18:44:42,394 - INFO - [TRAINING] Training KNN on GaussianCopula_HYBRID...
2025-05-08 18:44:42,395 - INFO - [TRAINING] KNN trained successfully on GaussianCopula_HYBRID in 0.00 sec
2025-05-08 18:44:42,395 - INFO - [TRAINING] Training LogisticRegression on GaussianCopula_HYBRID...
2025-05-08 18:44:42,398 - INFO - [TRAINING] LogisticRegression trained successfully on GaussianCopula_HYBRID in 0.00 sec
2025-05-08 18:44:42,398 - INFO - [TRAINING] Training RandomForest on GaussianCopula_HYBRID...
2025-05-08 18:44:42,485 - INFO - [TRAINING] RandomForest trained successfully on GaussianCopula_HYBRID in 0.09 sec
2025-05-08 18:44:42,485 - INFO - [TRAINING] Training SVM on GaussianCopula_HYBRID...
2025-05-08 18:44:42,489 - INFO - [TRAINING] SVM trained successfully on GaussianCopula_HYBRID in 0.00 sec
2025-05-08 18:44:42,489 - INFO - [TRAINING] Finished training 5 model(s) for dataset: GaussianCopula_HYBRID
2025-05-08 18:44:42,489 - INFO - [TRAINING] Total models trained across all datasets: 20
2025-05-08 18:44:42,489 - INFO - [UTILITY] Trained model names: ['Original', 'Anonymous', 'CTGAN_HYBRID', 'GaussianCopula_HYBRID']
2025-05-08 18:44:42,489 - INFO - [UTILITY] Model Training Completed.
2025-05-08 18:44:42,489 - INFO - Starting the Evaluating of models...
2025-05-08 18:44:42,489 - INFO - Preparing evaluation for model 'DecisionTree' across all datasets...
2025-05-08 18:44:42,489 - INFO - Evaluating DecisionTree on Original...
2025-05-08 18:44:42,490 - INFO - Predictions completed for DecisionTree on Original
2025-05-08 18:44:42,491 - INFO - Prediction distribution for DecisionTree on Original: {'Y': 90, 'N': 54}
2025-05-08 18:44:42,500 - INFO - Computed 8 metric(s) for DecisionTree on Original
2025-05-08 18:44:42,500 - INFO - Evaluating DecisionTree on Anonymous...
2025-05-08 18:44:42,501 - INFO - Predictions completed for DecisionTree on Anonymous
2025-05-08 18:44:42,501 - INFO - Prediction distribution for DecisionTree on Anonymous: {'Y': 84, 'N': 60}
2025-05-08 18:44:42,509 - INFO - Computed 8 metric(s) for DecisionTree on Anonymous
2025-05-08 18:44:42,509 - INFO - Evaluating DecisionTree on CTGAN_HYBRID...
2025-05-08 18:44:42,510 - INFO - Predictions completed for DecisionTree on CTGAN_HYBRID
2025-05-08 18:44:42,510 - INFO - Prediction distribution for DecisionTree on CTGAN_HYBRID: {'Y': 109, 'N': 35}
2025-05-08 18:44:42,519 - INFO - Computed 8 metric(s) for DecisionTree on CTGAN_HYBRID
2025-05-08 18:44:42,519 - INFO - Evaluating DecisionTree on GaussianCopula_HYBRID...
2025-05-08 18:44:42,520 - INFO - Predictions completed for DecisionTree on GaussianCopula_HYBRID
2025-05-08 18:44:42,520 - INFO - Prediction distribution for DecisionTree on GaussianCopula_HYBRID: {'Y': 111, 'N': 33}
2025-05-08 18:44:42,528 - INFO - Computed 8 metric(s) for DecisionTree on GaussianCopula_HYBRID
2025-05-08 18:44:42,528 - INFO - Preparing evaluation for model 'KNN' across all datasets...
2025-05-08 18:44:42,528 - INFO - Evaluating KNN on Original...
2025-05-08 18:44:42,534 - INFO - Predictions completed for KNN on Original
2025-05-08 18:44:42,535 - INFO - Prediction distribution for KNN on Original: {'Y': 115, 'N': 29}
2025-05-08 18:44:42,546 - INFO - Computed 8 metric(s) for KNN on Original
2025-05-08 18:44:42,546 - INFO - Evaluating KNN on Anonymous...
2025-05-08 18:44:42,552 - INFO - Predictions completed for KNN on Anonymous
2025-05-08 18:44:42,553 - INFO - Prediction distribution for KNN on Anonymous: {'Y': 114, 'N': 30}
2025-05-08 18:44:42,565 - INFO - Computed 8 metric(s) for KNN on Anonymous
2025-05-08 18:44:42,565 - INFO - Evaluating KNN on CTGAN_HYBRID...
2025-05-08 18:44:42,571 - INFO - Predictions completed for KNN on CTGAN_HYBRID
2025-05-08 18:44:42,571 - INFO - Prediction distribution for KNN on CTGAN_HYBRID: {'Y': 124, 'N': 20}
2025-05-08 18:44:42,583 - INFO - Computed 8 metric(s) for KNN on CTGAN_HYBRID
2025-05-08 18:44:42,583 - INFO - Evaluating KNN on GaussianCopula_HYBRID...
2025-05-08 18:44:42,589 - INFO - Predictions completed for KNN on GaussianCopula_HYBRID
2025-05-08 18:44:42,590 - INFO - Prediction distribution for KNN on GaussianCopula_HYBRID: {'Y': 135, 'N': 9}
2025-05-08 18:44:42,601 - INFO - Computed 8 metric(s) for KNN on GaussianCopula_HYBRID
2025-05-08 18:44:42,602 - INFO - Preparing evaluation for model 'LogisticRegression' across all datasets...
2025-05-08 18:44:42,602 - INFO - Evaluating LogisticRegression on Original...
2025-05-08 18:44:42,603 - INFO - Predictions completed for LogisticRegression on Original
2025-05-08 18:44:42,603 - INFO - Prediction distribution for LogisticRegression on Original: {'Y': 115, 'N': 29}
2025-05-08 18:44:42,613 - INFO - Computed 8 metric(s) for LogisticRegression on Original
2025-05-08 18:44:42,613 - INFO - Evaluating LogisticRegression on Anonymous...
2025-05-08 18:44:42,614 - INFO - Predictions completed for LogisticRegression on Anonymous
2025-05-08 18:44:42,614 - INFO - Prediction distribution for LogisticRegression on Anonymous: {'N': 96, 'Y': 48}
2025-05-08 18:44:42,623 - INFO - Computed 8 metric(s) for LogisticRegression on Anonymous
2025-05-08 18:44:42,623 - INFO - Evaluating LogisticRegression on CTGAN_HYBRID...
2025-05-08 18:44:42,624 - INFO - Predictions completed for LogisticRegression on CTGAN_HYBRID
2025-05-08 18:44:42,625 - INFO - Prediction distribution for LogisticRegression on CTGAN_HYBRID: {'Y': 101, 'N': 43}
2025-05-08 18:44:42,634 - INFO - Computed 8 metric(s) for LogisticRegression on CTGAN_HYBRID
2025-05-08 18:44:42,634 - INFO - Evaluating LogisticRegression on GaussianCopula_HYBRID...
2025-05-08 18:44:42,635 - INFO - Predictions completed for LogisticRegression on GaussianCopula_HYBRID
2025-05-08 18:44:42,635 - INFO - Prediction distribution for LogisticRegression on GaussianCopula_HYBRID: {'Y': 142, 'N': 2}
2025-05-08 18:44:42,645 - INFO - Computed 8 metric(s) for LogisticRegression on GaussianCopula_HYBRID
2025-05-08 18:44:42,645 - INFO - Preparing evaluation for model 'RandomForest' across all datasets...
2025-05-08 18:44:42,645 - INFO - Evaluating RandomForest on Original...
2025-05-08 18:44:42,650 - INFO - Predictions completed for RandomForest on Original
2025-05-08 18:44:42,651 - INFO - Prediction distribution for RandomForest on Original: {'Y': 107, 'N': 37}
2025-05-08 18:44:42,668 - INFO - Computed 8 metric(s) for RandomForest on Original
2025-05-08 18:44:42,668 - INFO - Evaluating RandomForest on Anonymous...
2025-05-08 18:44:42,674 - INFO - Predictions completed for RandomForest on Anonymous
2025-05-08 18:44:42,674 - INFO - Prediction distribution for RandomForest on Anonymous: {'Y': 92, 'N': 52}
2025-05-08 18:44:42,692 - INFO - Computed 8 metric(s) for RandomForest on Anonymous
2025-05-08 18:44:42,692 - INFO - Evaluating RandomForest on CTGAN_HYBRID...
2025-05-08 18:44:42,697 - INFO - Predictions completed for RandomForest on CTGAN_HYBRID
2025-05-08 18:44:42,698 - INFO - Prediction distribution for RandomForest on CTGAN_HYBRID: {'Y': 138, 'N': 6}
2025-05-08 18:44:42,715 - INFO - Computed 8 metric(s) for RandomForest on CTGAN_HYBRID
2025-05-08 18:44:42,715 - INFO - Evaluating RandomForest on GaussianCopula_HYBRID...
2025-05-08 18:44:42,721 - INFO - Predictions completed for RandomForest on GaussianCopula_HYBRID
2025-05-08 18:44:42,721 - INFO - Prediction distribution for RandomForest on GaussianCopula_HYBRID: {'Y': 124, 'N': 20}
2025-05-08 18:44:42,739 - INFO - Computed 8 metric(s) for RandomForest on GaussianCopula_HYBRID
2025-05-08 18:44:42,739 - INFO - Preparing evaluation for model 'SVM' across all datasets...
2025-05-08 18:44:42,739 - INFO - Evaluating SVM on Original...
2025-05-08 18:44:42,742 - INFO - Predictions completed for SVM on Original
2025-05-08 18:44:42,742 - INFO - Prediction distribution for SVM on Original: {'Y': 144}
2025-05-08 18:44:42,742 - WARNING -  [WARNING] :SVM on Original predicted only one class: {'Y'}
2025-05-08 18:44:42,744 - WARNING - [UndefinedMetricWarning] Precision is ill-defined and being set to 0.0 in labels with no predicted samples. Use `zero_division` parameter to control this behavior. (from /mnt/NVMETank/Projects/Students/Dele/A-STUDY-INTO-THE-QUALITY-AND-USABILITY-OF-PRIVACY-FRIENDLY-SYNTHETIC-DATA/.venv/lib/python3.12/site-packages/sklearn/metrics/_classification.py:1565)
2025-05-08 18:44:42,745 - WARNING - [UndefinedMetricWarning] Precision is ill-defined and being set to 0.0 in labels with no predicted samples. Use `zero_division` parameter to control this behavior. (from /mnt/NVMETank/Projects/Students/Dele/A-STUDY-INTO-THE-QUALITY-AND-USABILITY-OF-PRIVACY-FRIENDLY-SYNTHETIC-DATA/.venv/lib/python3.12/site-packages/sklearn/metrics/_classification.py:1565)
2025-05-08 18:44:42,746 - WARNING - [UndefinedMetricWarning] Precision is ill-defined and being set to 0.0 in labels with no predicted samples. Use `zero_division` parameter to control this behavior. (from /mnt/NVMETank/Projects/Students/Dele/A-STUDY-INTO-THE-QUALITY-AND-USABILITY-OF-PRIVACY-FRIENDLY-SYNTHETIC-DATA/.venv/lib/python3.12/site-packages/sklearn/metrics/_classification.py:1565)
2025-05-08 18:44:42,748 - INFO - Computed 8 metric(s) for SVM on Original
2025-05-08 18:44:42,748 - INFO - Evaluating SVM on Anonymous...
2025-05-08 18:44:42,750 - INFO - Predictions completed for SVM on Anonymous
2025-05-08 18:44:42,750 - INFO - Prediction distribution for SVM on Anonymous: {'Y': 144}
2025-05-08 18:44:42,750 - WARNING -  [WARNING] :SVM on Anonymous predicted only one class: {'Y'}
2025-05-08 18:44:42,752 - WARNING - [UndefinedMetricWarning] Precision is ill-defined and being set to 0.0 in labels with no predicted samples. Use `zero_division` parameter to control this behavior. (from /mnt/NVMETank/Projects/Students/Dele/A-STUDY-INTO-THE-QUALITY-AND-USABILITY-OF-PRIVACY-FRIENDLY-SYNTHETIC-DATA/.venv/lib/python3.12/site-packages/sklearn/metrics/_classification.py:1565)
2025-05-08 18:44:42,753 - WARNING - [UndefinedMetricWarning] Precision is ill-defined and being set to 0.0 in labels with no predicted samples. Use `zero_division` parameter to control this behavior. (from /mnt/NVMETank/Projects/Students/Dele/A-STUDY-INTO-THE-QUALITY-AND-USABILITY-OF-PRIVACY-FRIENDLY-SYNTHETIC-DATA/.venv/lib/python3.12/site-packages/sklearn/metrics/_classification.py:1565)
2025-05-08 18:44:42,755 - WARNING - [UndefinedMetricWarning] Precision is ill-defined and being set to 0.0 in labels with no predicted samples. Use `zero_division` parameter to control this behavior. (from /mnt/NVMETank/Projects/Students/Dele/A-STUDY-INTO-THE-QUALITY-AND-USABILITY-OF-PRIVACY-FRIENDLY-SYNTHETIC-DATA/.venv/lib/python3.12/site-packages/sklearn/metrics/_classification.py:1565)
2025-05-08 18:44:42,757 - INFO - Computed 8 metric(s) for SVM on Anonymous
2025-05-08 18:44:42,757 - INFO - Evaluating SVM on CTGAN_HYBRID...
2025-05-08 18:44:42,759 - INFO - Predictions completed for SVM on CTGAN_HYBRID
2025-05-08 18:44:42,759 - INFO - Prediction distribution for SVM on CTGAN_HYBRID: {'Y': 143, 'N': 1}
2025-05-08 18:44:42,765 - INFO - Computed 8 metric(s) for SVM on CTGAN_HYBRID
2025-05-08 18:44:42,765 - INFO - Evaluating SVM on GaussianCopula_HYBRID...
2025-05-08 18:44:42,767 - INFO - Predictions completed for SVM on GaussianCopula_HYBRID
2025-05-08 18:44:42,768 - INFO - Prediction distribution for SVM on GaussianCopula_HYBRID: {'Y': 144}
2025-05-08 18:44:42,768 - WARNING -  [WARNING] :SVM on GaussianCopula_HYBRID predicted only one class: {'Y'}
2025-05-08 18:44:42,769 - WARNING - [UndefinedMetricWarning] Precision is ill-defined and being set to 0.0 in labels with no predicted samples. Use `zero_division` parameter to control this behavior. (from /mnt/NVMETank/Projects/Students/Dele/A-STUDY-INTO-THE-QUALITY-AND-USABILITY-OF-PRIVACY-FRIENDLY-SYNTHETIC-DATA/.venv/lib/python3.12/site-packages/sklearn/metrics/_classification.py:1565)
2025-05-08 18:44:42,770 - WARNING - [UndefinedMetricWarning] Precision is ill-defined and being set to 0.0 in labels with no predicted samples. Use `zero_division` parameter to control this behavior. (from /mnt/NVMETank/Projects/Students/Dele/A-STUDY-INTO-THE-QUALITY-AND-USABILITY-OF-PRIVACY-FRIENDLY-SYNTHETIC-DATA/.venv/lib/python3.12/site-packages/sklearn/metrics/_classification.py:1565)
2025-05-08 18:44:42,772 - WARNING - [UndefinedMetricWarning] Precision is ill-defined and being set to 0.0 in labels with no predicted samples. Use `zero_division` parameter to control this behavior. (from /mnt/NVMETank/Projects/Students/Dele/A-STUDY-INTO-THE-QUALITY-AND-USABILITY-OF-PRIVACY-FRIENDLY-SYNTHETIC-DATA/.venv/lib/python3.12/site-packages/sklearn/metrics/_classification.py:1565)
2025-05-08 18:44:42,773 - INFO - Computed 8 metric(s) for SVM on GaussianCopula_HYBRID
2025-05-08 18:44:42,777 - INFO - Evaluation completed for all models.
2025-05-08 18:44:42,777 - INFO - Model evaluation completed in 0.29 seconds.
2025-05-08 18:44:42,779 - INFO - Evaluated models: ['DecisionTree', 'KNN', 'LogisticRegression', 'RandomForest', 'SVM']
2025-05-08 18:44:42,779 - INFO - Model Training and Evaluation completed.
2025-05-08 18:44:43,366 - INFO -  Visualizations saved.
2025-05-08 18:44:43,367 - INFO -  Benchmarking Completed. Results saved in output folder.
