2025-04-12 04:35:16,281 - INFO - Loaded config file: configs/generated_configs/crimeData/crimeData_anon_k20_l5_sl0.05.yaml
2025-04-12 04:35:16,282 - INFO -  Benchmarking started for dataset: crimeData
2025-04-12 04:35:16,282 - INFO - Configuration loaded: enable_anonymization = True, enable_synthesis = False
2025-04-12 04:35:16,282 - INFO - Running preprocessing...
2025-04-12 04:35:16,286 - INFO - Preprocessed files found. Skipping preprocessing.
2025-04-12 04:35:18,655 - INFO - Preprocessing completed. Rows before: 974477, after: 260402
2025-04-12 04:35:18,655 - INFO - enable_anonymization = None
2025-04-12 04:35:18,660 - INFO - Running Java Anonymization Program...........
2025-04-12 04:35:18,660 - INFO - Using JAR file at /mnt/NVMETank/Projects/Students/Dele/A-STUDY-INTO-THE-QUALITY-AND-USABILITY-OF-PRIVACY-FRIENDLY-SYNTHETIC-DATA/src/anonymization/anonymARXij/bin/anonymARXij.jar to anonymize the dataset.
2025-04-12 04:35:25,373 - INFO - Anonimized file saved to : /mnt/NVMETank/Projects/Students/Dele/A-STUDY-INTO-THE-QUALITY-AND-USABILITY-OF-PRIVACY-FRIENDLY-SYNTHETIC-DATA/datasets/anonymized/crimeData_k20_l5_sup05_anonymized.csv
2025-04-12 04:35:25,373 - INFO - Java anonymization completed successfully.
2025-04-12 04:35:25,373 - INFO - Anonymized data saved to: /mnt/NVMETank/Projects/Students/Dele/A-STUDY-INTO-THE-QUALITY-AND-USABILITY-OF-PRIVACY-FRIENDLY-SYNTHETIC-DATA/datasets/anonymized/crimeData_k20_l5_sup05_anonymized.csv
2025-04-12 04:35:26,856 - INFO - Loaded anonymized data: (260402, 12)
2025-04-12 04:35:28,566 - INFO - Encoding applied to anonymized data. Encoded shape: (260402, 42)
2025-04-12 04:35:29,697 - INFO - Encoded anonymized dataset saved to: /mnt/NVMETank/Projects/Students/Dele/A-STUDY-INTO-THE-QUALITY-AND-USABILITY-OF-PRIVACY-FRIENDLY-SYNTHETIC-DATA/datasets/anonymized/crimeData_k20_l5_sup05_anonymized_encoded.csv
2025-04-12 04:35:29,702 - INFO - Deleted anonymized dataset: /mnt/NVMETank/Projects/Students/Dele/A-STUDY-INTO-THE-QUALITY-AND-USABILITY-OF-PRIVACY-FRIENDLY-SYNTHETIC-DATA/datasets/anonymized/crimeData_k20_l5_sup05_anonymized.csv
2025-04-12 04:35:29,702 - INFO - enable_synthetic_generation = False
2025-04-12 04:35:29,702 - INFO - Synthetic Data Generation Skipped (Disabled in Configuration).
2025-04-12 04:35:29,702 - INFO - Synthetic data generated with 2 synthesizers.
2025-04-12 04:35:29,702 - INFO - Hybrid pipeline skipped (disabled in configuration).
2025-04-12 04:35:29,702 - INFO - Preparing datasets for machine learning...
2025-04-12 04:35:29,733 - INFO - Original Data - Training Size: 260402, Testing Size: 116461
2025-04-12 04:35:29,733 - INFO - Processing anonymized dataset...
2025-04-12 04:35:29,753 - INFO - Anonymized Data - Training Size: 260402
2025-04-12 04:35:29,754 - INFO - Training models on all datasets...
2025-04-12 11:48:12,547 - INFO - Model Training Completed.
2025-04-12 11:48:12,547 - INFO - Evaluating models...
