2025-05-08 18:59:54,969 - INFO - Loaded config file: configs/generated_configs/loan/loan_anon_k13_sl0p5_l10.yaml
2025-05-08 18:59:54,969 - INFO -  Benchmarking started for dataset: loan
2025-05-08 18:59:54,969 - INFO - Using dataset path: /mnt/NVMETank/Projects/Students/Dele/A-STUDY-INTO-THE-QUALITY-AND-USABILITY-OF-PRIVACY-FRIENDLY-SYNTHETIC-DATA/datasets/original/loan.csv
2025-05-08 18:59:54,969 - INFO - Target column: Loan_Status, separator: ','
2025-05-08 18:59:54,969 - INFO - Configuration loaded: enable_anonymization = True, enable_synthesis = False, enable_hybrid = True, enable_utility = True, delete_after_evaluation = False
2025-05-08 18:59:54,969 - INFO - Running preprocessing...
2025-05-08 18:59:54,974 - INFO -  [PREPROCESSING] Preprocessed files found. Skipping preprocessing.
2025-05-08 18:59:54,982 - INFO - Preprocessing completed. Rows before: 614, after: 336
2025-05-08 18:59:54,982 - INFO - Preprocessed data saved to: outputs/batch/loan_batch_2025-05-08_18-38-44/loan_anon_k13_sl0p5_l10/preprocessing_report.txt
2025-05-08 18:59:54,982 - INFO - enable_anonymization = True
2025-05-08 18:59:54,982 - INFO - Starting Anonymization Pipeline with output path: /mnt/NVMETank/Projects/Students/Dele/A-STUDY-INTO-THE-QUALITY-AND-USABILITY-OF-PRIVACY-FRIENDLY-SYNTHETIC-DATA/datasets/anonymized/loan_k13_l10_sup50_anonymized.csv.......
2025-05-08 18:59:54,987 - INFO -  [ANONYMIZATION] Executing run_anonymization, config_path : configs/generated_configs/loan/loan_anon_k13_sl0p5_l10.yaml...........
2025-05-08 18:59:54,987 - INFO -  [ANONYMIZATION] Using JAR file at /mnt/NVMETank/Projects/Students/Dele/A-STUDY-INTO-THE-QUALITY-AND-USABILITY-OF-PRIVACY-FRIENDLY-SYNTHETIC-DATA/src/anonymization/anonymARXij/bin/anonymARXij.jar to anonymize the dataset.
2025-05-08 18:59:56,366 - INFO -  [ANONYMIZATION] Anonimized file saved to : /mnt/NVMETank/Projects/Students/Dele/A-STUDY-INTO-THE-QUALITY-AND-USABILITY-OF-PRIVACY-FRIENDLY-SYNTHETIC-DATA/datasets/anonymized/loan_k13_l10_sup50_anonymized.csv
2025-05-08 18:59:56,366 - INFO -  [ANONYMIZATION] Java anonymization completed successfully.
2025-05-08 18:59:56,366 - INFO -  [ANONYMIZATION] Java STDOUT:
📄 Java received config path: /mnt/NVMETank/Projects/Students/Dele/A-STUDY-INTO-THE-QUALITY-AND-USABILITY-OF-PRIVACY-FRIENDLY-SYNTHETIC-DATA/configs/generated_configs/loan/loan_anon_k13_sl0p5_l10.yaml
🔹 Loading config from: /mnt/NVMETank/Projects/Students/Dele/A-STUDY-INTO-THE-QUALITY-AND-USABILITY-OF-PRIVACY-FRIENDLY-SYNTHETIC-DATA/configs/generated_configs/loan/loan_anon_k13_sl0p5_l10.yaml
Loading config from: /mnt/NVMETank/Projects/Students/Dele/A-STUDY-INTO-THE-QUALITY-AND-USABILITY-OF-PRIVACY-FRIENDLY-SYNTHETIC-DATA/configs/generated_configs/loan/loan_anon_k13_sl0p5_l10.yaml
📂 Dataset Path (from args): /mnt/NVMETank/Projects/Students/Dele/A-STUDY-INTO-THE-QUALITY-AND-USABILITY-OF-PRIVACY-FRIENDLY-SYNTHETIC-DATA/datasets/train/loan_train_raw.csv
🔹 Dataset Separator: ,
🔹 Suppression Limit: 0.5

🔹 Configured Attributes:
  ✅ Quasi-Identifier: Gender
  ✅ Quasi-Identifier: Married
  ✅ Quasi-Identifier: Education
  ✅ Quasi-Identifier: Dependents
  ✅ Quasi-Identifier: Self_Employed
  ✅ Quasi-Identifier: Property_Area
  ✅ Quasi-Identifier: Credit_History
  ✅ Quasi-Identifier: Loan_Amount_Term
  ✅ Sensitive Attribute: LoanAmount
  ✅ Insensitive Attribute: Loan_Status
  ✅ Insensitive Attribute: ApplicantIncome
  ✅ Insensitive Attribute: CoapplicantIncome

🔹 Defined Hierarchies:
  ✅ Property_Area -> /mnt/NVMETank/Projects/Students/Dele/A-STUDY-INTO-THE-QUALITY-AND-USABILITY-OF-PRIVACY-FRIENDLY-SYNTHETIC-DATA/src/anonymization/anonymARXij/src/hierarchies_loan/property_area.csv
  ✅ Self_Employed -> /mnt/NVMETank/Projects/Students/Dele/A-STUDY-INTO-THE-QUALITY-AND-USABILITY-OF-PRIVACY-FRIENDLY-SYNTHETIC-DATA/src/anonymization/anonymARXij/src/hierarchies_loan/self_employed.csv
  ✅ Credit_History -> /mnt/NVMETank/Projects/Students/Dele/A-STUDY-INTO-THE-QUALITY-AND-USABILITY-OF-PRIVACY-FRIENDLY-SYNTHETIC-DATA/src/anonymization/anonymARXij/src/hierarchies_loan/credit_history.csv
  ✅ Dependents -> /mnt/NVMETank/Projects/Students/Dele/A-STUDY-INTO-THE-QUALITY-AND-USABILITY-OF-PRIVACY-FRIENDLY-SYNTHETIC-DATA/src/anonymization/anonymARXij/src/hierarchies_loan/dependents.csv
  ✅ Education -> /mnt/NVMETank/Projects/Students/Dele/A-STUDY-INTO-THE-QUALITY-AND-USABILITY-OF-PRIVACY-FRIENDLY-SYNTHETIC-DATA/src/anonymization/anonymARXij/src/hierarchies_loan/education.csv
  ✅ Loan_Amount_Term -> /mnt/NVMETank/Projects/Students/Dele/A-STUDY-INTO-THE-QUALITY-AND-USABILITY-OF-PRIVACY-FRIENDLY-SYNTHETIC-DATA/src/anonymization/anonymARXij/src/hierarchies_loan/loan_amount_terms.csv
  ✅ Married -> /mnt/NVMETank/Projects/Students/Dele/A-STUDY-INTO-THE-QUALITY-AND-USABILITY-OF-PRIVACY-FRIENDLY-SYNTHETIC-DATA/src/anonymization/anonymARXij/src/hierarchies_loan/married.csv
  ✅ Gender -> /mnt/NVMETank/Projects/Students/Dele/A-STUDY-INTO-THE-QUALITY-AND-USABILITY-OF-PRIVACY-FRIENDLY-SYNTHETIC-DATA/src/anonymization/anonymARXij/src/hierarchies_loan/gender.csv
Java is searching for hierarchy file at: /mnt/NVMETank/Projects/Students/Dele/A-STUDY-INTO-THE-QUALITY-AND-USABILITY-OF-PRIVACY-FRIENDLY-SYNTHETIC-DATA/src/anonymization/anonymARXij/src/hierarchies_loan/property_area.csv
Java is searching for hierarchy file at: /mnt/NVMETank/Projects/Students/Dele/A-STUDY-INTO-THE-QUALITY-AND-USABILITY-OF-PRIVACY-FRIENDLY-SYNTHETIC-DATA/src/anonymization/anonymARXij/src/hierarchies_loan/self_employed.csv
Java is searching for hierarchy file at: /mnt/NVMETank/Projects/Students/Dele/A-STUDY-INTO-THE-QUALITY-AND-USABILITY-OF-PRIVACY-FRIENDLY-SYNTHETIC-DATA/src/anonymization/anonymARXij/src/hierarchies_loan/credit_history.csv
Java is searching for hierarchy file at: /mnt/NVMETank/Projects/Students/Dele/A-STUDY-INTO-THE-QUALITY-AND-USABILITY-OF-PRIVACY-FRIENDLY-SYNTHETIC-DATA/src/anonymization/anonymARXij/src/hierarchies_loan/dependents.csv
Java is searching for hierarchy file at: /mnt/NVMETank/Projects/Students/Dele/A-STUDY-INTO-THE-QUALITY-AND-USABILITY-OF-PRIVACY-FRIENDLY-SYNTHETIC-DATA/src/anonymization/anonymARXij/src/hierarchies_loan/education.csv
Java is searching for hierarchy file at: /mnt/NVMETank/Projects/Students/Dele/A-STUDY-INTO-THE-QUALITY-AND-USABILITY-OF-PRIVACY-FRIENDLY-SYNTHETIC-DATA/src/anonymization/anonymARXij/src/hierarchies_loan/loan_amount_terms.csv
Java is searching for hierarchy file at: /mnt/NVMETank/Projects/Students/Dele/A-STUDY-INTO-THE-QUALITY-AND-USABILITY-OF-PRIVACY-FRIENDLY-SYNTHETIC-DATA/src/anonymization/anonymARXij/src/hierarchies_loan/married.csv
Java is searching for hierarchy file at: /mnt/NVMETank/Projects/Students/Dele/A-STUDY-INTO-THE-QUALITY-AND-USABILITY-OF-PRIVACY-FRIENDLY-SYNTHETIC-DATA/src/anonymization/anonymARXij/src/hierarchies_loan/gender.csv
✓ Applied Entropy L-Diversity on: LoanAmount (l=10)
🔹 Privacy Models Configured
📂 Anonymized Output Path (from args): /mnt/NVMETank/Projects/Students/Dele/A-STUDY-INTO-THE-QUALITY-AND-USABILITY-OF-PRIVACY-FRIENDLY-SYNTHETIC-DATA/datasets/anonymized/loan_k13_l10_sup50_anonymized.csv
📂 Anonymized Output Path: /mnt/NVMETank/Projects/Students/Dele/A-STUDY-INTO-THE-QUALITY-AND-USABILITY-OF-PRIVACY-FRIENDLY-SYNTHETIC-DATA/datasets/anonymized/loan_k13_l10_sup50_anonymized.csv
✅ Anonymization completed. Output saved to: /mnt/NVMETank/Projects/Students/Dele/A-STUDY-INTO-THE-QUALITY-AND-USABILITY-OF-PRIVACY-FRIENDLY-SYNTHETIC-DATA/datasets/anonymized/loan_k13_l10_sup50_anonymized.csv
Anonymized Data Quality Metrics:
 - Ambiguity: 0.7484894784360026
 - AECS: 0.8561151079136691
 - Discernibility: 0.5402978062091148
 - Granularity: 0.5063091482649844
 - MSE: 0.6411290322580645
 - Non-Uniform Entropy: 0.26068190370423083
 - Precision: 0.515625
 - Record-level SE: 0.49530226123914267
Equivalence Class Statistics:
 - Number of Classes: 5
 - Average Class Size: 50.4
Suppression Statistics:
 - Suppressed Records: 84
 - Suppression Percentage: 25.00%
2025-05-08 18:59:56,366 - INFO - Anonymized data saved to: /mnt/NVMETank/Projects/Students/Dele/A-STUDY-INTO-THE-QUALITY-AND-USABILITY-OF-PRIVACY-FRIENDLY-SYNTHETIC-DATA/datasets/anonymized/loan_k13_l10_sup50_anonymized.csv
2025-05-08 18:59:56,376 - INFO - Anonymous data report saved at: outputs/batch/loan_batch_2025-05-08_18-38-44/loan_anon_k13_sl0p5_l10/anonymous_data_report.txt
2025-05-08 18:59:56,376 - INFO -  [POSTPROCESSING] Postprocessing anonymized data: /mnt/NVMETank/Projects/Students/Dele/A-STUDY-INTO-THE-QUALITY-AND-USABILITY-OF-PRIVACY-FRIENDLY-SYNTHETIC-DATA/datasets/anonymized/loan_k13_l10_sup50_anonymized.csv
2025-05-08 18:59:56,377 - INFO -  [POSTPROCESSING] Loaded anonymized data: (336, 12)
2025-05-08 18:59:56,381 - INFO -  [POSTPROCESSING] Loaded fallback maps from training data. Categorical cols: 7, Numeric cols: 5
2025-05-08 18:59:56,381 - INFO -  [POSTPROCESSING] Normalizing anonymized data using ARX artifact cleaning and fallback values.
2025-05-08 18:59:56,395 - INFO -  [POSTPROCESSING] Normalized anonymized data saved to: /mnt/NVMETank/Projects/Students/Dele/A-STUDY-INTO-THE-QUALITY-AND-USABILITY-OF-PRIVACY-FRIENDLY-SYNTHETIC-DATA/datasets/anonymized/loan_k13_l10_sup50_anonymized_processed.csv
2025-05-08 18:59:56,402 - INFO -  [POSTPROCESSING] Binary Encoding applied to anonymized data. Encoded shape: (336, 19)
2025-05-08 18:59:56,403 - INFO -  [POSTPROCESSING] Encoded anonymized dataset saved to: /mnt/NVMETank/Projects/Students/Dele/A-STUDY-INTO-THE-QUALITY-AND-USABILITY-OF-PRIVACY-FRIENDLY-SYNTHETIC-DATA/datasets/anonymized/loan_k13_l10_sup50_anonymized_encoded.csv
2025-05-08 18:59:56,403 - INFO -  [POSTPROCESSING] Encoding map generated for anonymized data: 0 original categorical columns.
2025-05-08 18:59:56,403 - INFO - Postprocessing report saved at: outputs/batch/loan_batch_2025-05-08_18-38-44/loan_anon_k13_sl0p5_l10/postprocessing_report.txt
2025-05-08 18:59:56,403 - INFO - enable_synthetic_generation = False
2025-05-08 18:59:56,403 - INFO - Synthetic Data Generation Skipped (Disabled in Configuration).
2025-05-08 18:59:56,403 - INFO - Running Hybrid Pipeline...
2025-05-08 18:59:56,403 - INFO -  [HYBRID] Executing run_hybrid...
2025-05-08 18:59:56,403 - INFO -  [HYBRID] Looking for encoded anonymized data in /mnt/NVMETank/Projects/Students/Dele/A-STUDY-INTO-THE-QUALITY-AND-USABILITY-OF-PRIVACY-FRIENDLY-SYNTHETIC-DATA/datasets/anonymized/loan_k13_l10_sup50_anonymized_encoded.csv
2025-05-08 18:59:56,403 - INFO -  [HYBRID ] Loaded cached encoded anonymous data from /mnt/NVMETank/Projects/Students/Dele/A-STUDY-INTO-THE-QUALITY-AND-USABILITY-OF-PRIVACY-FRIENDLY-SYNTHETIC-DATA/datasets/anonymized/loan_k13_l10_sup50_anonymized_encoded.csv
2025-05-08 18:59:56,404 - INFO -  [HYBRID] Starting synthetic generation for hybrid pipeline...
2025-05-08 18:59:56,404 - INFO - Executing run_synthetic.....
2025-05-08 18:59:56,404 - INFO - [SYNTHETIC PIPELINE] executing run_synthetic for loan_k13_l10_sup50...
2025-05-08 18:59:56,404 - INFO - [SYNTHETIC] Processing dataset: loan_k13_l10_sup50
2025-05-08 18:59:56,404 - INFO - [SYNTHETIC] Original dataset size: 336 rows
2025-05-08 18:59:56,414 - INFO - Detected metadata:
2025-05-08 18:59:56,414 - INFO - {
    "columns": {
        "Gender_0": {
            "sdtype": "categorical"
        },
        "Gender_1": {
            "sdtype": "categorical"
        },
        "Married_0": {
            "sdtype": "categorical"
        },
        "Married_1": {
            "sdtype": "categorical"
        },
        "Dependents_0": {
            "sdtype": "categorical"
        },
        "Dependents_1": {
            "sdtype": "categorical"
        },
        "Dependents_2": {
            "sdtype": "categorical"
        },
        "Education_0": {
            "sdtype": "categorical"
        },
        "Education_1": {
            "sdtype": "categorical"
        },
        "Self_Employed_0": {
            "sdtype": "categorical"
        },
        "Self_Employed_1": {
            "sdtype": "categorical"
        },
        "ApplicantIncome": {
            "sdtype": "numerical"
        },
        "CoapplicantIncome": {
            "sdtype": "numerical"
        },
        "LoanAmount": {
            "sdtype": "numerical"
        },
        "Loan_Amount_Term": {
            "sdtype": "categorical"
        },
        "Credit_History": {
            "sdtype": "categorical"
        },
        "Property_Area_0": {
            "sdtype": "categorical"
        },
        "Property_Area_1": {
            "sdtype": "categorical"
        },
        "Loan_Status": {
            "sdtype": "categorical"
        }
    },
    "METADATA_SPEC_VERSION": "SINGLE_TABLE_V1"
}
2025-05-08 18:59:56,414 - INFO - [SYNTHETIC] Preparing synthesizer: CTGAN
2025-05-08 18:59:56,414 - INFO - [SYNTHETIC] Params from config: {'epochs': 300}
2025-05-08 18:59:56,414 - INFO -  [SYNTHETIC] No pre-trained synthesizer found
2025-05-08 18:59:56,414 - INFO - [SYNTHETIC] Training new CTGAN synthesizer from scratch...
2025-05-08 18:59:56,414 - WARNING - [FutureWarning] The 'SingleTableMetadata' is deprecated. Please use the new 'Metadata' class for synthesizers. (from /mnt/NVMETank/Projects/Students/Dele/A-STUDY-INTO-THE-QUALITY-AND-USABILITY-OF-PRIVACY-FRIENDLY-SYNTHETIC-DATA/.venv/lib/python3.12/site-packages/sdv/single_table/base.py:119)
2025-05-08 18:59:56,414 - WARNING - [UserWarning] We strongly recommend saving the metadata using 'save_to_json' for replicability in future SDV versions. (from /mnt/NVMETank/Projects/Students/Dele/A-STUDY-INTO-THE-QUALITY-AND-USABILITY-OF-PRIVACY-FRIENDLY-SYNTHETIC-DATA/.venv/lib/python3.12/site-packages/sdv/single_table/base.py:104)
2025-05-08 18:59:56,418 - INFO - {'EVENT': 'Instance', 'TIMESTAMP': datetime.datetime(2025, 5, 8, 18, 59, 56, 418695), 'SYNTHESIZER CLASS NAME': 'CTGANSynthesizer', 'SYNTHESIZER ID': 'CTGANSynthesizer_1.18.0_43d171cd24c542ba979d0dc7ebf89987'}
2025-05-08 18:59:56,418 - INFO - [SYNTHETIC] CTGAN initialized with epochs: 300
2025-05-08 18:59:56,418 - INFO - [SYNTHETIC] Training parameters for CTGAN: {}
2025-05-08 18:59:56,418 - INFO - [SYNTHETIC] fitting CTGAN 
2025-05-08 18:59:56,418 - INFO - {'EVENT': 'Fit', 'TIMESTAMP': datetime.datetime(2025, 5, 8, 18, 59, 56, 418894), 'SYNTHESIZER CLASS NAME': 'CTGANSynthesizer', 'SYNTHESIZER ID': 'CTGANSynthesizer_1.18.0_43d171cd24c542ba979d0dc7ebf89987', 'TOTAL NUMBER OF TABLES': 1, 'TOTAL NUMBER OF ROWS': 336, 'TOTAL NUMBER OF COLUMNS': 19}
2025-05-08 18:59:56,419 - INFO - Fitting table  metadata
2025-05-08 18:59:56,420 - INFO - Fitting formatters for table 
2025-05-08 18:59:56,421 - INFO - Fitting constraints for table 
2025-05-08 18:59:56,421 - INFO - Setting the configuration for the ``HyperTransformer`` for table 
2025-05-08 18:59:56,423 - INFO - Fitting HyperTransformer for table 
2025-05-08 18:59:56,436 - INFO - {'EVENT': 'Fit processed data', 'TIMESTAMP': datetime.datetime(2025, 5, 8, 18, 59, 56, 436779), 'SYNTHESIZER CLASS NAME': 'CTGANSynthesizer', 'SYNTHESIZER ID': 'CTGANSynthesizer_1.18.0_43d171cd24c542ba979d0dc7ebf89987', 'TOTAL NUMBER OF TABLES': 1, 'TOTAL NUMBER OF ROWS': 336, 'TOTAL NUMBER OF COLUMNS': 19}
2025-05-08 18:59:56,467 - INFO - Guidance: There are no missing values in column ApplicantIncome. Extra column not created.
2025-05-08 18:59:56,566 - INFO - Guidance: There are no missing values in column CoapplicantIncome. Extra column not created.
2025-05-08 18:59:56,599 - INFO - Guidance: There are no missing values in column LoanAmount. Extra column not created.
2025-05-08 19:00:18,970 - INFO - [SYNTHETIC] Fitting complete for CTGAN. Duration: 22.55 seconds.
2025-05-08 19:00:18,970 - INFO - [SYNTHETIC] CONFIRMATION CTGAN actually trained with epochs = 300
2025-05-08 19:00:18,970 - INFO - {'EVENT': 'Save', 'TIMESTAMP': datetime.datetime(2025, 5, 8, 19, 0, 18, 970743), 'SYNTHESIZER CLASS NAME': 'CTGANSynthesizer', 'SYNTHESIZER ID': 'CTGANSynthesizer_1.18.0_43d171cd24c542ba979d0dc7ebf89987'}
2025-05-08 19:00:18,997 - INFO - [SYNTHETIC] CTGAN trained and saved.
2025-05-08 19:00:18,997 - INFO - [SYNTHETIC] Preparing synthesizer: GaussianCopula
2025-05-08 19:00:18,997 - INFO - [SYNTHETIC] Params from config: {}
2025-05-08 19:00:18,997 - INFO -  [SYNTHETIC] No pre-trained synthesizer found
2025-05-08 19:00:18,997 - INFO - [SYNTHETIC] Training new GaussianCopula synthesizer from scratch...
2025-05-08 19:00:18,997 - WARNING - [FutureWarning] The 'SingleTableMetadata' is deprecated. Please use the new 'Metadata' class for synthesizers. (from /mnt/NVMETank/Projects/Students/Dele/A-STUDY-INTO-THE-QUALITY-AND-USABILITY-OF-PRIVACY-FRIENDLY-SYNTHETIC-DATA/.venv/lib/python3.12/site-packages/sdv/single_table/base.py:119)
2025-05-08 19:00:18,999 - INFO - {'EVENT': 'Instance', 'TIMESTAMP': datetime.datetime(2025, 5, 8, 19, 0, 18, 999893), 'SYNTHESIZER CLASS NAME': 'GaussianCopulaSynthesizer', 'SYNTHESIZER ID': 'GaussianCopulaSynthesizer_1.18.0_d107dc6a7c724adb9b7b80dc6b2af194'}
2025-05-08 19:00:18,999 - INFO - [SYNTHETIC] fitting GaussianCopula 
2025-05-08 19:00:19,000 - INFO - {'EVENT': 'Fit', 'TIMESTAMP': datetime.datetime(2025, 5, 8, 19, 0, 19, 26), 'SYNTHESIZER CLASS NAME': 'GaussianCopulaSynthesizer', 'SYNTHESIZER ID': 'GaussianCopulaSynthesizer_1.18.0_d107dc6a7c724adb9b7b80dc6b2af194', 'TOTAL NUMBER OF TABLES': 1, 'TOTAL NUMBER OF ROWS': 336, 'TOTAL NUMBER OF COLUMNS': 19}
2025-05-08 19:00:19,001 - INFO - Fitting table  metadata
2025-05-08 19:00:19,001 - INFO - Fitting formatters for table 
2025-05-08 19:00:19,003 - INFO - Fitting constraints for table 
2025-05-08 19:00:19,003 - INFO - Setting the configuration for the ``HyperTransformer`` for table 
2025-05-08 19:00:19,009 - INFO - Fitting HyperTransformer for table 
2025-05-08 19:00:19,106 - INFO - {'EVENT': 'Fit processed data', 'TIMESTAMP': datetime.datetime(2025, 5, 8, 19, 0, 19, 106266), 'SYNTHESIZER CLASS NAME': 'GaussianCopulaSynthesizer', 'SYNTHESIZER ID': 'GaussianCopulaSynthesizer_1.18.0_d107dc6a7c724adb9b7b80dc6b2af194', 'TOTAL NUMBER OF TABLES': 1, 'TOTAL NUMBER OF ROWS': 336, 'TOTAL NUMBER OF COLUMNS': 19}
2025-05-08 19:00:19,106 - INFO - Fitting GaussianMultivariate(distribution="{'Gender_0': <class 'copulas.univariate.beta.BetaUnivariate'>, 'Gender_1': <class 'copulas.univariate.beta.BetaUnivariate'>, 'Married_0': <class 'copulas.univariate.beta.BetaUnivariate'>, 'Married_1': <class 'copulas.univariate.beta.BetaUnivariate'>, 'Dependents_0': <class 'copulas.univariate.beta.BetaUnivariate'>, 'Dependents_1': <class 'copulas.univariate.beta.BetaUnivariate'>, 'Dependents_2': <class 'copulas.univariate.beta.BetaUnivariate'>, 'Education_0': <class 'copulas.univariate.beta.BetaUnivariate'>, 'Education_1': <class 'copulas.univariate.beta.BetaUnivariate'>, 'Self_Employed_0': <class 'copulas.univariate.beta.BetaUnivariate'>, 'Self_Employed_1': <class 'copulas.univariate.beta.BetaUnivariate'>, 'ApplicantIncome': <class 'copulas.univariate.beta.BetaUnivariate'>, 'CoapplicantIncome': <class 'copulas.univariate.beta.BetaUnivariate'>, 'LoanAmount': <class 'copulas.univariate.beta.BetaUnivariate'>, 'Loan_Amount_Term': <class 'copulas.univariate.beta.BetaUnivariate'>, 'Credit_History': <class 'copulas.univariate.beta.BetaUnivariate'>, 'Property_Area_0': <class 'copulas.univariate.beta.BetaUnivariate'>, 'Property_Area_1': <class 'copulas.univariate.beta.BetaUnivariate'>, 'Loan_Status': <class 'copulas.univariate.beta.BetaUnivariate'>}")
2025-05-08 19:00:19,659 - INFO - [SYNTHETIC] Fitting complete for GaussianCopula. Duration: 0.66 seconds.
2025-05-08 19:00:19,659 - WARNING - [SYNTHETIC] WARNING Could not determine actual epochs used for GaussianCopula
2025-05-08 19:00:19,659 - INFO - {'EVENT': 'Save', 'TIMESTAMP': datetime.datetime(2025, 5, 8, 19, 0, 19, 659836), 'SYNTHESIZER CLASS NAME': 'GaussianCopulaSynthesizer', 'SYNTHESIZER ID': 'GaussianCopulaSynthesizer_1.18.0_d107dc6a7c724adb9b7b80dc6b2af194'}
2025-05-08 19:00:19,672 - INFO - [SYNTHETIC] GaussianCopula trained and saved.
2025-05-08 19:00:19,673 - INFO - [SYNTHETIC] Preparing synthesizer: TVAE
2025-05-08 19:00:19,673 - INFO - [SYNTHETIC] Params from config: {'epochs': 300}
2025-05-08 19:00:19,673 - INFO -  [SYNTHETIC] No pre-trained synthesizer found
2025-05-08 19:00:19,673 - INFO - [SYNTHETIC] Training new TVAE synthesizer from scratch...
2025-05-08 19:00:19,673 - WARNING - [FutureWarning] The 'SingleTableMetadata' is deprecated. Please use the new 'Metadata' class for synthesizers. (from /mnt/NVMETank/Projects/Students/Dele/A-STUDY-INTO-THE-QUALITY-AND-USABILITY-OF-PRIVACY-FRIENDLY-SYNTHETIC-DATA/.venv/lib/python3.12/site-packages/sdv/single_table/base.py:119)
2025-05-08 19:00:19,676 - INFO - {'EVENT': 'Instance', 'TIMESTAMP': datetime.datetime(2025, 5, 8, 19, 0, 19, 676865), 'SYNTHESIZER CLASS NAME': 'TVAESynthesizer', 'SYNTHESIZER ID': 'TVAESynthesizer_1.18.0_08dc70268a134f179685ba26af2c6419'}
2025-05-08 19:00:19,676 - INFO - [SYNTHETIC] TVAE initialized with epochs: 300
2025-05-08 19:00:19,677 - INFO - [SYNTHETIC] Training parameters for TVAE: {}
2025-05-08 19:00:19,677 - INFO - [SYNTHETIC] fitting TVAE 
2025-05-08 19:00:19,677 - INFO - {'EVENT': 'Fit', 'TIMESTAMP': datetime.datetime(2025, 5, 8, 19, 0, 19, 677133), 'SYNTHESIZER CLASS NAME': 'TVAESynthesizer', 'SYNTHESIZER ID': 'TVAESynthesizer_1.18.0_08dc70268a134f179685ba26af2c6419', 'TOTAL NUMBER OF TABLES': 1, 'TOTAL NUMBER OF ROWS': 336, 'TOTAL NUMBER OF COLUMNS': 19}
2025-05-08 19:00:19,678 - INFO - Fitting table  metadata
2025-05-08 19:00:19,679 - INFO - Fitting formatters for table 
2025-05-08 19:00:19,681 - INFO - Fitting constraints for table 
2025-05-08 19:00:19,681 - INFO - Setting the configuration for the ``HyperTransformer`` for table 
2025-05-08 19:00:19,683 - INFO - Fitting HyperTransformer for table 
2025-05-08 19:00:19,698 - INFO - {'EVENT': 'Fit processed data', 'TIMESTAMP': datetime.datetime(2025, 5, 8, 19, 0, 19, 698574), 'SYNTHESIZER CLASS NAME': 'TVAESynthesizer', 'SYNTHESIZER ID': 'TVAESynthesizer_1.18.0_08dc70268a134f179685ba26af2c6419', 'TOTAL NUMBER OF TABLES': 1, 'TOTAL NUMBER OF ROWS': 336, 'TOTAL NUMBER OF COLUMNS': 19}
2025-05-08 19:00:19,712 - INFO - Guidance: There are no missing values in column ApplicantIncome. Extra column not created.
2025-05-08 19:00:19,785 - INFO - Guidance: There are no missing values in column CoapplicantIncome. Extra column not created.
2025-05-08 19:00:19,818 - INFO - Guidance: There are no missing values in column LoanAmount. Extra column not created.
2025-05-08 19:00:22,356 - INFO - [SYNTHETIC] Fitting complete for TVAE. Duration: 2.68 seconds.
2025-05-08 19:00:22,356 - INFO - [SYNTHETIC] CONFIRMATION TVAE actually trained with epochs = 300
2025-05-08 19:00:22,356 - INFO - {'EVENT': 'Save', 'TIMESTAMP': datetime.datetime(2025, 5, 8, 19, 0, 22, 356984), 'SYNTHESIZER CLASS NAME': 'TVAESynthesizer', 'SYNTHESIZER ID': 'TVAESynthesizer_1.18.0_08dc70268a134f179685ba26af2c6419'}
2025-05-08 19:00:22,381 - INFO - [SYNTHETIC] TVAE trained and saved.
2025-05-08 19:00:22,381 - INFO - [SYNTHETIC] Using CTGAN to generate 336 rows...
2025-05-08 19:00:22,435 - INFO - {'EVENT': 'Sample', 'TIMESTAMP': datetime.datetime(2025, 5, 8, 19, 0, 22, 381809), 'SYNTHESIZER CLASS NAME': 'CTGANSynthesizer', 'SYNTHESIZER ID': 'CTGANSynthesizer_1.18.0_43d171cd24c542ba979d0dc7ebf89987', 'TOTAL NUMBER OF TABLES': 1, 'TOTAL NUMBER OF ROWS': 336, 'TOTAL NUMBER OF COLUMNS': 19}
2025-05-08 19:00:22,435 - INFO - [SYNTHETIC] CTGAN completed: 336 rows generated.
2025-05-08 19:00:22,435 - INFO - [SYNTHETIC] Target class distribution for CTGAN: {'Y': 260, 'N': 76}
2025-05-08 19:00:22,435 - INFO - [SYNTHETIC] Using GaussianCopula to generate 336 rows...
2025-05-08 19:00:22,484 - INFO - {'EVENT': 'Sample', 'TIMESTAMP': datetime.datetime(2025, 5, 8, 19, 0, 22, 435480), 'SYNTHESIZER CLASS NAME': 'GaussianCopulaSynthesizer', 'SYNTHESIZER ID': 'GaussianCopulaSynthesizer_1.18.0_d107dc6a7c724adb9b7b80dc6b2af194', 'TOTAL NUMBER OF TABLES': 1, 'TOTAL NUMBER OF ROWS': 336, 'TOTAL NUMBER OF COLUMNS': 19}
2025-05-08 19:00:22,484 - INFO - [SYNTHETIC] GaussianCopula completed: 336 rows generated.
2025-05-08 19:00:22,485 - INFO - [SYNTHETIC] Target class distribution for GaussianCopula: {'Y': 206, 'N': 130}
2025-05-08 19:00:22,485 - INFO - [SYNTHETIC] Using TVAE to generate 336 rows...
2025-05-08 19:00:22,522 - INFO - {'EVENT': 'Sample', 'TIMESTAMP': datetime.datetime(2025, 5, 8, 19, 0, 22, 485343), 'SYNTHESIZER CLASS NAME': 'TVAESynthesizer', 'SYNTHESIZER ID': 'TVAESynthesizer_1.18.0_08dc70268a134f179685ba26af2c6419', 'TOTAL NUMBER OF TABLES': 1, 'TOTAL NUMBER OF ROWS': 336, 'TOTAL NUMBER OF COLUMNS': 19}
2025-05-08 19:00:22,522 - INFO - [SYNTHETIC] TVAE completed: 336 rows generated.
2025-05-08 19:00:22,522 - INFO - [SYNTHETIC] Target class distribution for TVAE: {'Y': 336}
2025-05-08 19:00:22,522 - INFO - [SYNTHETIC PIPELINE] Synthetic Data Generation Completed.
2025-05-08 19:00:22,522 - INFO - [SYNTHETIC PIPELINE] Synthesizers used: ['CTGAN', 'GaussianCopula', 'TVAE']
2025-05-08 19:00:22,522 - INFO - [SYNTHETIC PIPELINE] Evaluating synthetic dataset generated by CTGAN...
2025-05-08 19:00:22,523 - INFO - [SYNTHETIC EVAL] Real data columns     (19): ['Gender_0', 'Gender_1', 'Married_0', 'Married_1', 'Dependents_0', 'Dependents_1', 'Dependents_2', 'Education_0', 'Education_1', 'Self_Employed_0', 'Self_Employed_1', 'ApplicantIncome', 'CoapplicantIncome', 'LoanAmount', 'Loan_Amount_Term', 'Credit_History', 'Property_Area_0', 'Property_Area_1', 'Loan_Status']
2025-05-08 19:00:22,523 - INFO - [SYNTHETIC EVAL] Synthetic data columns (19): ['Gender_0', 'Gender_1', 'Married_0', 'Married_1', 'Dependents_0', 'Dependents_1', 'Dependents_2', 'Education_0', 'Education_1', 'Self_Employed_0', 'Self_Employed_1', 'ApplicantIncome', 'CoapplicantIncome', 'LoanAmount', 'Loan_Amount_Term', 'Credit_History', 'Property_Area_0', 'Property_Area_1', 'Loan_Status']
2025-05-08 19:00:22,523 - INFO - [SYNTHETIC EVAL] Metadata columns      (19): ['Gender_0', 'Gender_1', 'Married_0', 'Married_1', 'Dependents_0', 'Dependents_1', 'Dependents_2', 'Education_0', 'Education_1', 'Self_Employed_0', 'Self_Employed_1', 'ApplicantIncome', 'CoapplicantIncome', 'LoanAmount', 'Loan_Amount_Term', 'Credit_History', 'Property_Area_0', 'Property_Area_1', 'Loan_Status']
2025-05-08 19:00:22,523 - INFO - [SYNTHETIC EVAL] Shape — Real: (336, 19), Synthetic: (336, 19)
2025-05-08 19:00:22,523 - INFO - [SYNTHETIC EVAL] Metadata structure:
{
  "columns": {
    "Gender_0": {
      "sdtype": "categorical"
    },
    "Gender_1": {
      "sdtype": "categorical"
    },
    "Married_0": {
      "sdtype": "categorical"
    },
    "Married_1": {
      "sdtype": "categorical"
    },
    "Dependents_0": {
      "sdtype": "categorical"
    },
    "Dependents_1": {
      "sdtype": "categorical"
    },
    "Dependents_2": {
      "sdtype": "categorical"
    },
    "Education_0": {
      "sdtype": "categorical"
    },
    "Education_1": {
      "sdtype": "categorical"
    },
    "Self_Employed_0": {
      "sdtype": "categorical"
    },
    "Self_Employed_1": {
      "sdtype": "categorical"
    },
    "ApplicantIncome": {
      "sdtype": "numerical"
    },
    "CoapplicantIncome": {
      "sdtype": "numerical"
    },
    "LoanAmount": {
      "sdtype": "numerical"
    },
    "Loan_Amount_Term": {
      "sdtype": "categorical"
    },
    "Credit_History": {
      "sdtype": "categorical"
    },
    "Property_Area_0": {
      "sdtype": "categorical"
    },
    "Property_Area_1": {
      "sdtype": "categorical"
    },
    "Loan_Status": {
      "sdtype": "categorical"
    }
  },
  "METADATA_SPEC_VERSION": "SINGLE_TABLE_V1"
}
2025-05-08 19:00:22,850 - INFO - [SYNTHETIC PIPELINE] Evaluating synthetic dataset generated by GaussianCopula...
2025-05-08 19:00:22,850 - INFO - [SYNTHETIC EVAL] Real data columns     (19): ['Gender_0', 'Gender_1', 'Married_0', 'Married_1', 'Dependents_0', 'Dependents_1', 'Dependents_2', 'Education_0', 'Education_1', 'Self_Employed_0', 'Self_Employed_1', 'ApplicantIncome', 'CoapplicantIncome', 'LoanAmount', 'Loan_Amount_Term', 'Credit_History', 'Property_Area_0', 'Property_Area_1', 'Loan_Status']
2025-05-08 19:00:22,850 - INFO - [SYNTHETIC EVAL] Synthetic data columns (19): ['Gender_0', 'Gender_1', 'Married_0', 'Married_1', 'Dependents_0', 'Dependents_1', 'Dependents_2', 'Education_0', 'Education_1', 'Self_Employed_0', 'Self_Employed_1', 'ApplicantIncome', 'CoapplicantIncome', 'LoanAmount', 'Loan_Amount_Term', 'Credit_History', 'Property_Area_0', 'Property_Area_1', 'Loan_Status']
2025-05-08 19:00:22,850 - INFO - [SYNTHETIC EVAL] Metadata columns      (19): ['Gender_0', 'Gender_1', 'Married_0', 'Married_1', 'Dependents_0', 'Dependents_1', 'Dependents_2', 'Education_0', 'Education_1', 'Self_Employed_0', 'Self_Employed_1', 'ApplicantIncome', 'CoapplicantIncome', 'LoanAmount', 'Loan_Amount_Term', 'Credit_History', 'Property_Area_0', 'Property_Area_1', 'Loan_Status']
2025-05-08 19:00:22,850 - INFO - [SYNTHETIC EVAL] Shape — Real: (336, 19), Synthetic: (336, 19)
2025-05-08 19:00:22,850 - INFO - [SYNTHETIC EVAL] Metadata structure:
{
  "columns": {
    "Gender_0": {
      "sdtype": "categorical"
    },
    "Gender_1": {
      "sdtype": "categorical"
    },
    "Married_0": {
      "sdtype": "categorical"
    },
    "Married_1": {
      "sdtype": "categorical"
    },
    "Dependents_0": {
      "sdtype": "categorical"
    },
    "Dependents_1": {
      "sdtype": "categorical"
    },
    "Dependents_2": {
      "sdtype": "categorical"
    },
    "Education_0": {
      "sdtype": "categorical"
    },
    "Education_1": {
      "sdtype": "categorical"
    },
    "Self_Employed_0": {
      "sdtype": "categorical"
    },
    "Self_Employed_1": {
      "sdtype": "categorical"
    },
    "ApplicantIncome": {
      "sdtype": "numerical"
    },
    "CoapplicantIncome": {
      "sdtype": "numerical"
    },
    "LoanAmount": {
      "sdtype": "numerical"
    },
    "Loan_Amount_Term": {
      "sdtype": "categorical"
    },
    "Credit_History": {
      "sdtype": "categorical"
    },
    "Property_Area_0": {
      "sdtype": "categorical"
    },
    "Property_Area_1": {
      "sdtype": "categorical"
    },
    "Loan_Status": {
      "sdtype": "categorical"
    }
  },
  "METADATA_SPEC_VERSION": "SINGLE_TABLE_V1"
}
2025-05-08 19:00:23,190 - INFO - [SYNTHETIC PIPELINE] Evaluating synthetic dataset generated by TVAE...
2025-05-08 19:00:23,190 - INFO - [SYNTHETIC EVAL] Real data columns     (19): ['Gender_0', 'Gender_1', 'Married_0', 'Married_1', 'Dependents_0', 'Dependents_1', 'Dependents_2', 'Education_0', 'Education_1', 'Self_Employed_0', 'Self_Employed_1', 'ApplicantIncome', 'CoapplicantIncome', 'LoanAmount', 'Loan_Amount_Term', 'Credit_History', 'Property_Area_0', 'Property_Area_1', 'Loan_Status']
2025-05-08 19:00:23,190 - INFO - [SYNTHETIC EVAL] Synthetic data columns (19): ['Gender_0', 'Gender_1', 'Married_0', 'Married_1', 'Dependents_0', 'Dependents_1', 'Dependents_2', 'Education_0', 'Education_1', 'Self_Employed_0', 'Self_Employed_1', 'ApplicantIncome', 'CoapplicantIncome', 'LoanAmount', 'Loan_Amount_Term', 'Credit_History', 'Property_Area_0', 'Property_Area_1', 'Loan_Status']
2025-05-08 19:00:23,190 - INFO - [SYNTHETIC EVAL] Metadata columns      (19): ['Gender_0', 'Gender_1', 'Married_0', 'Married_1', 'Dependents_0', 'Dependents_1', 'Dependents_2', 'Education_0', 'Education_1', 'Self_Employed_0', 'Self_Employed_1', 'ApplicantIncome', 'CoapplicantIncome', 'LoanAmount', 'Loan_Amount_Term', 'Credit_History', 'Property_Area_0', 'Property_Area_1', 'Loan_Status']
2025-05-08 19:00:23,190 - INFO - [SYNTHETIC EVAL] Shape — Real: (336, 19), Synthetic: (336, 19)
2025-05-08 19:00:23,190 - INFO - [SYNTHETIC EVAL] Metadata structure:
{
  "columns": {
    "Gender_0": {
      "sdtype": "categorical"
    },
    "Gender_1": {
      "sdtype": "categorical"
    },
    "Married_0": {
      "sdtype": "categorical"
    },
    "Married_1": {
      "sdtype": "categorical"
    },
    "Dependents_0": {
      "sdtype": "categorical"
    },
    "Dependents_1": {
      "sdtype": "categorical"
    },
    "Dependents_2": {
      "sdtype": "categorical"
    },
    "Education_0": {
      "sdtype": "categorical"
    },
    "Education_1": {
      "sdtype": "categorical"
    },
    "Self_Employed_0": {
      "sdtype": "categorical"
    },
    "Self_Employed_1": {
      "sdtype": "categorical"
    },
    "ApplicantIncome": {
      "sdtype": "numerical"
    },
    "CoapplicantIncome": {
      "sdtype": "numerical"
    },
    "LoanAmount": {
      "sdtype": "numerical"
    },
    "Loan_Amount_Term": {
      "sdtype": "categorical"
    },
    "Credit_History": {
      "sdtype": "categorical"
    },
    "Property_Area_0": {
      "sdtype": "categorical"
    },
    "Property_Area_1": {
      "sdtype": "categorical"
    },
    "Loan_Status": {
      "sdtype": "categorical"
    }
  },
  "METADATA_SPEC_VERSION": "SINGLE_TABLE_V1"
}
2025-05-08 19:00:23,528 - INFO -  [SYNTHETIC PIPELINE]  Synthetic Data Evaluation Completed.
2025-05-08 19:00:23,534 - INFO -  [SYNTHETIC PIPELINE] Synthetic Data Report Generated Successfully.
2025-05-08 19:00:23,625 - INFO - [HYBRID] Generated hybrid dataset shape for CTGAN: (336, 19)
2025-05-08 19:00:23,625 - INFO - [HYBRID] Target distribution for CTGAN: {'Y': 260, 'N': 76}
2025-05-08 19:00:23,627 - INFO -  [HYBRID] Saved hybrid dataset to /mnt/NVMETank/Projects/Students/Dele/A-STUDY-INTO-THE-QUALITY-AND-USABILITY-OF-PRIVACY-FRIENDLY-SYNTHETIC-DATA/datasets/hybrid/loan_k13_l10_sup50_CTGAN_HYBRID.csv
2025-05-08 19:00:23,627 - INFO - [HYBRID] Generated hybrid dataset shape for GaussianCopula: (336, 19)
2025-05-08 19:00:23,627 - INFO - [HYBRID] Target distribution for GaussianCopula: {'Y': 206, 'N': 130}
2025-05-08 19:00:23,629 - INFO -  [HYBRID] Saved hybrid dataset to /mnt/NVMETank/Projects/Students/Dele/A-STUDY-INTO-THE-QUALITY-AND-USABILITY-OF-PRIVACY-FRIENDLY-SYNTHETIC-DATA/datasets/hybrid/loan_k13_l10_sup50_GaussianCopula_HYBRID.csv
2025-05-08 19:00:23,629 - INFO - [HYBRID] Generated hybrid dataset shape for TVAE: (336, 19)
2025-05-08 19:00:23,629 - INFO - [HYBRID] Target distribution for TVAE: {'Y': 336}
2025-05-08 19:00:23,630 - INFO -  [HYBRID] Saved hybrid dataset to /mnt/NVMETank/Projects/Students/Dele/A-STUDY-INTO-THE-QUALITY-AND-USABILITY-OF-PRIVACY-FRIENDLY-SYNTHETIC-DATA/datasets/hybrid/loan_k13_l10_sup50_TVAE_HYBRID.csv
2025-05-08 19:00:23,630 - INFO -  [HYBRID] Hybrid pipeline complete — 3 dataset(s) ready.
2025-05-08 19:00:23,630 - INFO - [HYBRID] Total rows across all hybrid datasets: 1008
2025-05-08 19:00:23,630 - INFO - Hybrid pipeline completed successfully.
2025-05-08 19:00:23,631 - INFO - Hybrid pipeline duration: 27.23 seconds
2025-05-08 19:00:23,631 - INFO - Starting Utility...
2025-05-08 19:00:23,631 - INFO - [UTILITY] Preparing datasets for machine learning...
2025-05-08 19:00:23,631 - INFO - [UTILITY] Original Data - Training Size: 336, Testing Size: 144
2025-05-08 19:00:23,631 - INFO - [UTILITY] Target class distribution (Original): {'Y': 232, 'N': 104}
2025-05-08 19:00:23,631 - INFO - [UTILITY] Processing anonymized dataset...
2025-05-08 19:00:23,632 - INFO - [UTILITY] Anonymized Data - Training Size: 336
2025-05-08 19:00:23,632 - INFO - [UTILITY] Target class distribution (Anonymous): {'Y': 232, 'N': 104}
2025-05-08 19:00:23,632 - INFO - [UTILITY] Processing hybrid dataset generated by CTGAN...
2025-05-08 19:00:23,632 - INFO - [UTILITY] Hybrid Data (CTGAN_HYBRID) - Training Size: 336
2025-05-08 19:00:23,632 - INFO - [UTILITY] Target class distribution (CTGAN_HYBRID): {'Y': 260, 'N': 76}
2025-05-08 19:00:23,633 - INFO - [UTILITY] Processing hybrid dataset generated by GaussianCopula...
2025-05-08 19:00:23,633 - INFO - [UTILITY] Hybrid Data (GaussianCopula_HYBRID) - Training Size: 336
2025-05-08 19:00:23,633 - INFO - [UTILITY] Target class distribution (GaussianCopula_HYBRID): {'Y': 206, 'N': 130}
2025-05-08 19:00:23,633 - WARNING -  Skipping hybrid dataset 'TVAE_HYBRID' - only one class in target.
2025-05-08 19:00:23,633 - INFO - [UTILITY] Training models on all datasets...
2025-05-08 19:00:23,633 - INFO - [UTILITY] Total datasets used for training: 4
2025-05-08 19:00:23,633 - INFO - [TRAINING] Training models from scratch...
2025-05-08 19:00:23,633 - INFO - [TRAINING] Starting training for dataset: Original — Rows: 336, Features: 18
2025-05-08 19:00:23,633 - INFO - [TRAINING] Training DecisionTree on Original...
2025-05-08 19:00:23,636 - INFO - [TRAINING] DecisionTree trained successfully on Original in 0.00 sec
2025-05-08 19:00:23,636 - INFO - [TRAINING] Training KNN on Original...
2025-05-08 19:00:23,637 - INFO - [TRAINING] KNN trained successfully on Original in 0.00 sec
2025-05-08 19:00:23,637 - INFO - [TRAINING] Training LogisticRegression on Original...
2025-05-08 19:00:23,640 - INFO - [TRAINING] LogisticRegression trained successfully on Original in 0.00 sec
2025-05-08 19:00:23,640 - INFO - [TRAINING] Training RandomForest on Original...
2025-05-08 19:00:23,739 - INFO - [TRAINING] RandomForest trained successfully on Original in 0.10 sec
2025-05-08 19:00:23,739 - INFO - [TRAINING] Training SVM on Original...
2025-05-08 19:00:23,743 - INFO - [TRAINING] SVM trained successfully on Original in 0.00 sec
2025-05-08 19:00:23,743 - INFO - [TRAINING] Finished training 5 model(s) for dataset: Original
2025-05-08 19:00:23,743 - INFO - [TRAINING] Starting training for dataset: Anonymous — Rows: 336, Features: 18
2025-05-08 19:00:23,743 - INFO - [TRAINING] Training DecisionTree on Anonymous...
2025-05-08 19:00:23,745 - INFO - [TRAINING] DecisionTree trained successfully on Anonymous in 0.00 sec
2025-05-08 19:00:23,745 - INFO - [TRAINING] Training KNN on Anonymous...
2025-05-08 19:00:23,746 - INFO - [TRAINING] KNN trained successfully on Anonymous in 0.00 sec
2025-05-08 19:00:23,746 - INFO - [TRAINING] Training LogisticRegression on Anonymous...
2025-05-08 19:00:23,749 - INFO - [TRAINING] LogisticRegression trained successfully on Anonymous in 0.00 sec
2025-05-08 19:00:23,749 - INFO - [TRAINING] Training RandomForest on Anonymous...
2025-05-08 19:00:23,832 - INFO - [TRAINING] RandomForest trained successfully on Anonymous in 0.08 sec
2025-05-08 19:00:23,832 - INFO - [TRAINING] Training SVM on Anonymous...
2025-05-08 19:00:23,836 - INFO - [TRAINING] SVM trained successfully on Anonymous in 0.00 sec
2025-05-08 19:00:23,836 - INFO - [TRAINING] Finished training 5 model(s) for dataset: Anonymous
2025-05-08 19:00:23,836 - INFO - [TRAINING] Starting training for dataset: CTGAN_HYBRID — Rows: 336, Features: 18
2025-05-08 19:00:23,836 - INFO - [TRAINING] Training DecisionTree on CTGAN_HYBRID...
2025-05-08 19:00:23,838 - INFO - [TRAINING] DecisionTree trained successfully on CTGAN_HYBRID in 0.00 sec
2025-05-08 19:00:23,838 - INFO - [TRAINING] Training KNN on CTGAN_HYBRID...
2025-05-08 19:00:23,839 - INFO - [TRAINING] KNN trained successfully on CTGAN_HYBRID in 0.00 sec
2025-05-08 19:00:23,839 - INFO - [TRAINING] Training LogisticRegression on CTGAN_HYBRID...
2025-05-08 19:00:23,841 - INFO - [TRAINING] LogisticRegression trained successfully on CTGAN_HYBRID in 0.00 sec
2025-05-08 19:00:23,841 - INFO - [TRAINING] Training RandomForest on CTGAN_HYBRID...
2025-05-08 19:00:23,924 - INFO - [TRAINING] RandomForest trained successfully on CTGAN_HYBRID in 0.08 sec
2025-05-08 19:00:23,924 - INFO - [TRAINING] Training SVM on CTGAN_HYBRID...
2025-05-08 19:00:23,927 - INFO - [TRAINING] SVM trained successfully on CTGAN_HYBRID in 0.00 sec
2025-05-08 19:00:23,927 - INFO - [TRAINING] Finished training 5 model(s) for dataset: CTGAN_HYBRID
2025-05-08 19:00:23,927 - INFO - [TRAINING] Starting training for dataset: GaussianCopula_HYBRID — Rows: 336, Features: 18
2025-05-08 19:00:23,927 - INFO - [TRAINING] Training DecisionTree on GaussianCopula_HYBRID...
2025-05-08 19:00:23,929 - INFO - [TRAINING] DecisionTree trained successfully on GaussianCopula_HYBRID in 0.00 sec
2025-05-08 19:00:23,929 - INFO - [TRAINING] Training KNN on GaussianCopula_HYBRID...
2025-05-08 19:00:23,930 - INFO - [TRAINING] KNN trained successfully on GaussianCopula_HYBRID in 0.00 sec
2025-05-08 19:00:23,930 - INFO - [TRAINING] Training LogisticRegression on GaussianCopula_HYBRID...
2025-05-08 19:00:23,933 - INFO - [TRAINING] LogisticRegression trained successfully on GaussianCopula_HYBRID in 0.00 sec
2025-05-08 19:00:23,933 - INFO - [TRAINING] Training RandomForest on GaussianCopula_HYBRID...
2025-05-08 19:00:24,018 - INFO - [TRAINING] RandomForest trained successfully on GaussianCopula_HYBRID in 0.09 sec
2025-05-08 19:00:24,018 - INFO - [TRAINING] Training SVM on GaussianCopula_HYBRID...
2025-05-08 19:00:24,022 - INFO - [TRAINING] SVM trained successfully on GaussianCopula_HYBRID in 0.00 sec
2025-05-08 19:00:24,022 - INFO - [TRAINING] Finished training 5 model(s) for dataset: GaussianCopula_HYBRID
2025-05-08 19:00:24,022 - INFO - [TRAINING] Total models trained across all datasets: 20
2025-05-08 19:00:24,023 - INFO - [UTILITY] Trained model names: ['Original', 'Anonymous', 'CTGAN_HYBRID', 'GaussianCopula_HYBRID']
2025-05-08 19:00:24,023 - INFO - [UTILITY] Model Training Completed.
2025-05-08 19:00:24,023 - INFO - Starting the Evaluating of models...
2025-05-08 19:00:24,023 - INFO - Preparing evaluation for model 'DecisionTree' across all datasets...
2025-05-08 19:00:24,023 - INFO - Evaluating DecisionTree on Original...
2025-05-08 19:00:24,024 - INFO - Predictions completed for DecisionTree on Original
2025-05-08 19:00:24,024 - INFO - Prediction distribution for DecisionTree on Original: {'Y': 88, 'N': 56}
2025-05-08 19:00:24,032 - INFO - Computed 8 metric(s) for DecisionTree on Original
2025-05-08 19:00:24,032 - INFO - Evaluating DecisionTree on Anonymous...
2025-05-08 19:00:24,033 - INFO - Predictions completed for DecisionTree on Anonymous
2025-05-08 19:00:24,033 - INFO - Prediction distribution for DecisionTree on Anonymous: {'Y': 76, 'N': 68}
2025-05-08 19:00:24,041 - INFO - Computed 8 metric(s) for DecisionTree on Anonymous
2025-05-08 19:00:24,041 - INFO - Evaluating DecisionTree on CTGAN_HYBRID...
2025-05-08 19:00:24,042 - INFO - Predictions completed for DecisionTree on CTGAN_HYBRID
2025-05-08 19:00:24,042 - INFO - Prediction distribution for DecisionTree on CTGAN_HYBRID: {'Y': 84, 'N': 60}
2025-05-08 19:00:24,050 - INFO - Computed 8 metric(s) for DecisionTree on CTGAN_HYBRID
2025-05-08 19:00:24,050 - INFO - Evaluating DecisionTree on GaussianCopula_HYBRID...
2025-05-08 19:00:24,051 - INFO - Predictions completed for DecisionTree on GaussianCopula_HYBRID
2025-05-08 19:00:24,051 - INFO - Prediction distribution for DecisionTree on GaussianCopula_HYBRID: {'N': 76, 'Y': 68}
2025-05-08 19:00:24,059 - INFO - Computed 8 metric(s) for DecisionTree on GaussianCopula_HYBRID
2025-05-08 19:00:24,059 - INFO - Preparing evaluation for model 'KNN' across all datasets...
2025-05-08 19:00:24,059 - INFO - Evaluating KNN on Original...
2025-05-08 19:00:24,065 - INFO - Predictions completed for KNN on Original
2025-05-08 19:00:24,065 - INFO - Prediction distribution for KNN on Original: {'Y': 115, 'N': 29}
2025-05-08 19:00:24,075 - INFO - Computed 8 metric(s) for KNN on Original
2025-05-08 19:00:24,075 - INFO - Evaluating KNN on Anonymous...
2025-05-08 19:00:24,081 - INFO - Predictions completed for KNN on Anonymous
2025-05-08 19:00:24,081 - INFO - Prediction distribution for KNN on Anonymous: {'Y': 114, 'N': 30}
2025-05-08 19:00:24,091 - INFO - Computed 8 metric(s) for KNN on Anonymous
2025-05-08 19:00:24,091 - INFO - Evaluating KNN on CTGAN_HYBRID...
2025-05-08 19:00:24,096 - INFO - Predictions completed for KNN on CTGAN_HYBRID
2025-05-08 19:00:24,097 - INFO - Prediction distribution for KNN on CTGAN_HYBRID: {'Y': 127, 'N': 17}
2025-05-08 19:00:24,107 - INFO - Computed 8 metric(s) for KNN on CTGAN_HYBRID
2025-05-08 19:00:24,107 - INFO - Evaluating KNN on GaussianCopula_HYBRID...
2025-05-08 19:00:24,112 - INFO - Predictions completed for KNN on GaussianCopula_HYBRID
2025-05-08 19:00:24,112 - INFO - Prediction distribution for KNN on GaussianCopula_HYBRID: {'Y': 107, 'N': 37}
2025-05-08 19:00:24,122 - INFO - Computed 8 metric(s) for KNN on GaussianCopula_HYBRID
2025-05-08 19:00:24,122 - INFO - Preparing evaluation for model 'LogisticRegression' across all datasets...
2025-05-08 19:00:24,123 - INFO - Evaluating LogisticRegression on Original...
2025-05-08 19:00:24,124 - INFO - Predictions completed for LogisticRegression on Original
2025-05-08 19:00:24,124 - INFO - Prediction distribution for LogisticRegression on Original: {'Y': 115, 'N': 29}
2025-05-08 19:00:24,132 - INFO - Computed 8 metric(s) for LogisticRegression on Original
2025-05-08 19:00:24,132 - INFO - Evaluating LogisticRegression on Anonymous...
2025-05-08 19:00:24,133 - INFO - Predictions completed for LogisticRegression on Anonymous
2025-05-08 19:00:24,133 - INFO - Prediction distribution for LogisticRegression on Anonymous: {'N': 88, 'Y': 56}
2025-05-08 19:00:24,142 - INFO - Computed 8 metric(s) for LogisticRegression on Anonymous
2025-05-08 19:00:24,142 - INFO - Evaluating LogisticRegression on CTGAN_HYBRID...
2025-05-08 19:00:24,143 - INFO - Predictions completed for LogisticRegression on CTGAN_HYBRID
2025-05-08 19:00:24,143 - INFO - Prediction distribution for LogisticRegression on CTGAN_HYBRID: {'Y': 144}
2025-05-08 19:00:24,143 - WARNING -  [WARNING] :LogisticRegression on CTGAN_HYBRID predicted only one class: {'Y'}
2025-05-08 19:00:24,145 - WARNING - [UndefinedMetricWarning] Precision is ill-defined and being set to 0.0 in labels with no predicted samples. Use `zero_division` parameter to control this behavior. (from /mnt/NVMETank/Projects/Students/Dele/A-STUDY-INTO-THE-QUALITY-AND-USABILITY-OF-PRIVACY-FRIENDLY-SYNTHETIC-DATA/.venv/lib/python3.12/site-packages/sklearn/metrics/_classification.py:1565)
2025-05-08 19:00:24,146 - WARNING - [UndefinedMetricWarning] Precision is ill-defined and being set to 0.0 in labels with no predicted samples. Use `zero_division` parameter to control this behavior. (from /mnt/NVMETank/Projects/Students/Dele/A-STUDY-INTO-THE-QUALITY-AND-USABILITY-OF-PRIVACY-FRIENDLY-SYNTHETIC-DATA/.venv/lib/python3.12/site-packages/sklearn/metrics/_classification.py:1565)
2025-05-08 19:00:24,147 - WARNING - [UndefinedMetricWarning] Precision is ill-defined and being set to 0.0 in labels with no predicted samples. Use `zero_division` parameter to control this behavior. (from /mnt/NVMETank/Projects/Students/Dele/A-STUDY-INTO-THE-QUALITY-AND-USABILITY-OF-PRIVACY-FRIENDLY-SYNTHETIC-DATA/.venv/lib/python3.12/site-packages/sklearn/metrics/_classification.py:1565)
2025-05-08 19:00:24,152 - INFO - Computed 8 metric(s) for LogisticRegression on CTGAN_HYBRID
2025-05-08 19:00:24,152 - INFO - Evaluating LogisticRegression on GaussianCopula_HYBRID...
2025-05-08 19:00:24,153 - INFO - Predictions completed for LogisticRegression on GaussianCopula_HYBRID
2025-05-08 19:00:24,153 - INFO - Prediction distribution for LogisticRegression on GaussianCopula_HYBRID: {'Y': 72, 'N': 72}
2025-05-08 19:00:24,161 - INFO - Computed 8 metric(s) for LogisticRegression on GaussianCopula_HYBRID
2025-05-08 19:00:24,161 - INFO - Preparing evaluation for model 'RandomForest' across all datasets...
2025-05-08 19:00:24,161 - INFO - Evaluating RandomForest on Original...
2025-05-08 19:00:24,167 - INFO - Predictions completed for RandomForest on Original
2025-05-08 19:00:24,167 - INFO - Prediction distribution for RandomForest on Original: {'Y': 104, 'N': 40}
2025-05-08 19:00:24,183 - INFO - Computed 8 metric(s) for RandomForest on Original
2025-05-08 19:00:24,183 - INFO - Evaluating RandomForest on Anonymous...
2025-05-08 19:00:24,188 - INFO - Predictions completed for RandomForest on Anonymous
2025-05-08 19:00:24,188 - INFO - Prediction distribution for RandomForest on Anonymous: {'Y': 78, 'N': 66}
2025-05-08 19:00:24,205 - INFO - Computed 8 metric(s) for RandomForest on Anonymous
2025-05-08 19:00:24,205 - INFO - Evaluating RandomForest on CTGAN_HYBRID...
2025-05-08 19:00:24,210 - INFO - Predictions completed for RandomForest on CTGAN_HYBRID
2025-05-08 19:00:24,210 - INFO - Prediction distribution for RandomForest on CTGAN_HYBRID: {'Y': 140, 'N': 4}
2025-05-08 19:00:24,225 - INFO - Computed 8 metric(s) for RandomForest on CTGAN_HYBRID
2025-05-08 19:00:24,226 - INFO - Evaluating RandomForest on GaussianCopula_HYBRID...
2025-05-08 19:00:24,231 - INFO - Predictions completed for RandomForest on GaussianCopula_HYBRID
2025-05-08 19:00:24,231 - INFO - Prediction distribution for RandomForest on GaussianCopula_HYBRID: {'Y': 89, 'N': 55}
2025-05-08 19:00:24,247 - INFO - Computed 8 metric(s) for RandomForest on GaussianCopula_HYBRID
2025-05-08 19:00:24,247 - INFO - Preparing evaluation for model 'SVM' across all datasets...
2025-05-08 19:00:24,247 - INFO - Evaluating SVM on Original...
2025-05-08 19:00:24,249 - INFO - Predictions completed for SVM on Original
2025-05-08 19:00:24,250 - INFO - Prediction distribution for SVM on Original: {'Y': 144}
2025-05-08 19:00:24,250 - WARNING -  [WARNING] :SVM on Original predicted only one class: {'Y'}
2025-05-08 19:00:24,251 - WARNING - [UndefinedMetricWarning] Precision is ill-defined and being set to 0.0 in labels with no predicted samples. Use `zero_division` parameter to control this behavior. (from /mnt/NVMETank/Projects/Students/Dele/A-STUDY-INTO-THE-QUALITY-AND-USABILITY-OF-PRIVACY-FRIENDLY-SYNTHETIC-DATA/.venv/lib/python3.12/site-packages/sklearn/metrics/_classification.py:1565)
2025-05-08 19:00:24,252 - WARNING - [UndefinedMetricWarning] Precision is ill-defined and being set to 0.0 in labels with no predicted samples. Use `zero_division` parameter to control this behavior. (from /mnt/NVMETank/Projects/Students/Dele/A-STUDY-INTO-THE-QUALITY-AND-USABILITY-OF-PRIVACY-FRIENDLY-SYNTHETIC-DATA/.venv/lib/python3.12/site-packages/sklearn/metrics/_classification.py:1565)
2025-05-08 19:00:24,254 - WARNING - [UndefinedMetricWarning] Precision is ill-defined and being set to 0.0 in labels with no predicted samples. Use `zero_division` parameter to control this behavior. (from /mnt/NVMETank/Projects/Students/Dele/A-STUDY-INTO-THE-QUALITY-AND-USABILITY-OF-PRIVACY-FRIENDLY-SYNTHETIC-DATA/.venv/lib/python3.12/site-packages/sklearn/metrics/_classification.py:1565)
2025-05-08 19:00:24,255 - INFO - Computed 8 metric(s) for SVM on Original
2025-05-08 19:00:24,255 - INFO - Evaluating SVM on Anonymous...
2025-05-08 19:00:24,257 - INFO - Predictions completed for SVM on Anonymous
2025-05-08 19:00:24,257 - INFO - Prediction distribution for SVM on Anonymous: {'Y': 144}
2025-05-08 19:00:24,257 - WARNING -  [WARNING] :SVM on Anonymous predicted only one class: {'Y'}
2025-05-08 19:00:24,259 - WARNING - [UndefinedMetricWarning] Precision is ill-defined and being set to 0.0 in labels with no predicted samples. Use `zero_division` parameter to control this behavior. (from /mnt/NVMETank/Projects/Students/Dele/A-STUDY-INTO-THE-QUALITY-AND-USABILITY-OF-PRIVACY-FRIENDLY-SYNTHETIC-DATA/.venv/lib/python3.12/site-packages/sklearn/metrics/_classification.py:1565)
2025-05-08 19:00:24,260 - WARNING - [UndefinedMetricWarning] Precision is ill-defined and being set to 0.0 in labels with no predicted samples. Use `zero_division` parameter to control this behavior. (from /mnt/NVMETank/Projects/Students/Dele/A-STUDY-INTO-THE-QUALITY-AND-USABILITY-OF-PRIVACY-FRIENDLY-SYNTHETIC-DATA/.venv/lib/python3.12/site-packages/sklearn/metrics/_classification.py:1565)
2025-05-08 19:00:24,261 - WARNING - [UndefinedMetricWarning] Precision is ill-defined and being set to 0.0 in labels with no predicted samples. Use `zero_division` parameter to control this behavior. (from /mnt/NVMETank/Projects/Students/Dele/A-STUDY-INTO-THE-QUALITY-AND-USABILITY-OF-PRIVACY-FRIENDLY-SYNTHETIC-DATA/.venv/lib/python3.12/site-packages/sklearn/metrics/_classification.py:1565)
2025-05-08 19:00:24,263 - INFO - Computed 8 metric(s) for SVM on Anonymous
2025-05-08 19:00:24,263 - INFO - Evaluating SVM on CTGAN_HYBRID...
2025-05-08 19:00:24,265 - INFO - Predictions completed for SVM on CTGAN_HYBRID
2025-05-08 19:00:24,265 - INFO - Prediction distribution for SVM on CTGAN_HYBRID: {'Y': 144}
2025-05-08 19:00:24,265 - WARNING -  [WARNING] :SVM on CTGAN_HYBRID predicted only one class: {'Y'}
2025-05-08 19:00:24,267 - WARNING - [UndefinedMetricWarning] Precision is ill-defined and being set to 0.0 in labels with no predicted samples. Use `zero_division` parameter to control this behavior. (from /mnt/NVMETank/Projects/Students/Dele/A-STUDY-INTO-THE-QUALITY-AND-USABILITY-OF-PRIVACY-FRIENDLY-SYNTHETIC-DATA/.venv/lib/python3.12/site-packages/sklearn/metrics/_classification.py:1565)
2025-05-08 19:00:24,268 - WARNING - [UndefinedMetricWarning] Precision is ill-defined and being set to 0.0 in labels with no predicted samples. Use `zero_division` parameter to control this behavior. (from /mnt/NVMETank/Projects/Students/Dele/A-STUDY-INTO-THE-QUALITY-AND-USABILITY-OF-PRIVACY-FRIENDLY-SYNTHETIC-DATA/.venv/lib/python3.12/site-packages/sklearn/metrics/_classification.py:1565)
2025-05-08 19:00:24,269 - WARNING - [UndefinedMetricWarning] Precision is ill-defined and being set to 0.0 in labels with no predicted samples. Use `zero_division` parameter to control this behavior. (from /mnt/NVMETank/Projects/Students/Dele/A-STUDY-INTO-THE-QUALITY-AND-USABILITY-OF-PRIVACY-FRIENDLY-SYNTHETIC-DATA/.venv/lib/python3.12/site-packages/sklearn/metrics/_classification.py:1565)
2025-05-08 19:00:24,271 - INFO - Computed 8 metric(s) for SVM on CTGAN_HYBRID
2025-05-08 19:00:24,271 - INFO - Evaluating SVM on GaussianCopula_HYBRID...
2025-05-08 19:00:24,273 - INFO - Predictions completed for SVM on GaussianCopula_HYBRID
2025-05-08 19:00:24,273 - INFO - Prediction distribution for SVM on GaussianCopula_HYBRID: {'Y': 142, 'N': 2}
2025-05-08 19:00:24,278 - INFO - Computed 8 metric(s) for SVM on GaussianCopula_HYBRID
2025-05-08 19:00:24,281 - INFO - Evaluation completed for all models.
2025-05-08 19:00:24,281 - INFO - Model evaluation completed in 0.26 seconds.
2025-05-08 19:00:24,283 - INFO - Evaluated models: ['DecisionTree', 'KNN', 'LogisticRegression', 'RandomForest', 'SVM']
2025-05-08 19:00:24,283 - INFO - Model Training and Evaluation completed.
2025-05-08 19:00:24,808 - INFO -  Visualizations saved.
2025-05-08 19:00:24,808 - INFO -  Benchmarking Completed. Results saved in output folder.
