2025-05-08 18:42:39,391 - INFO - Loaded config file: configs/generated_configs/loan/loan_anon_k30_sl0p5_l2.yaml
2025-05-08 18:42:39,391 - INFO -  Benchmarking started for dataset: loan
2025-05-08 18:42:39,391 - INFO - Using dataset path: /mnt/NVMETank/Projects/Students/Dele/A-STUDY-INTO-THE-QUALITY-AND-USABILITY-OF-PRIVACY-FRIENDLY-SYNTHETIC-DATA/datasets/original/loan.csv
2025-05-08 18:42:39,391 - INFO - Target column: Loan_Status, separator: ','
2025-05-08 18:42:39,391 - INFO - Configuration loaded: enable_anonymization = True, enable_synthesis = False, enable_hybrid = True, enable_utility = True, delete_after_evaluation = False
2025-05-08 18:42:39,391 - INFO - Running preprocessing...
2025-05-08 18:42:39,396 - INFO -  [PREPROCESSING] Preprocessed files found. Skipping preprocessing.
2025-05-08 18:42:39,403 - INFO - Preprocessing completed. Rows before: 614, after: 336
2025-05-08 18:42:39,403 - INFO - Preprocessed data saved to: outputs/batch/loan_batch_2025-05-08_18-38-44/loan_anon_k30_sl0p5_l2/preprocessing_report.txt
2025-05-08 18:42:39,404 - INFO - enable_anonymization = True
2025-05-08 18:42:39,404 - INFO - Starting Anonymization Pipeline with output path: /mnt/NVMETank/Projects/Students/Dele/A-STUDY-INTO-THE-QUALITY-AND-USABILITY-OF-PRIVACY-FRIENDLY-SYNTHETIC-DATA/datasets/anonymized/loan_k30_l2_sup50_anonymized.csv.......
2025-05-08 18:42:39,409 - INFO -  [ANONYMIZATION] Executing run_anonymization, config_path : configs/generated_configs/loan/loan_anon_k30_sl0p5_l2.yaml...........
2025-05-08 18:42:39,409 - INFO -  [ANONYMIZATION] Using JAR file at /mnt/NVMETank/Projects/Students/Dele/A-STUDY-INTO-THE-QUALITY-AND-USABILITY-OF-PRIVACY-FRIENDLY-SYNTHETIC-DATA/src/anonymization/anonymARXij/bin/anonymARXij.jar to anonymize the dataset.
2025-05-08 18:42:40,880 - INFO -  [ANONYMIZATION] Anonimized file saved to : /mnt/NVMETank/Projects/Students/Dele/A-STUDY-INTO-THE-QUALITY-AND-USABILITY-OF-PRIVACY-FRIENDLY-SYNTHETIC-DATA/datasets/anonymized/loan_k30_l2_sup50_anonymized.csv
2025-05-08 18:42:40,880 - INFO -  [ANONYMIZATION] Java anonymization completed successfully.
2025-05-08 18:42:40,880 - INFO -  [ANONYMIZATION] Java STDOUT:
📄 Java received config path: /mnt/NVMETank/Projects/Students/Dele/A-STUDY-INTO-THE-QUALITY-AND-USABILITY-OF-PRIVACY-FRIENDLY-SYNTHETIC-DATA/configs/generated_configs/loan/loan_anon_k30_sl0p5_l2.yaml
🔹 Loading config from: /mnt/NVMETank/Projects/Students/Dele/A-STUDY-INTO-THE-QUALITY-AND-USABILITY-OF-PRIVACY-FRIENDLY-SYNTHETIC-DATA/configs/generated_configs/loan/loan_anon_k30_sl0p5_l2.yaml
Loading config from: /mnt/NVMETank/Projects/Students/Dele/A-STUDY-INTO-THE-QUALITY-AND-USABILITY-OF-PRIVACY-FRIENDLY-SYNTHETIC-DATA/configs/generated_configs/loan/loan_anon_k30_sl0p5_l2.yaml
📂 Dataset Path (from args): /mnt/NVMETank/Projects/Students/Dele/A-STUDY-INTO-THE-QUALITY-AND-USABILITY-OF-PRIVACY-FRIENDLY-SYNTHETIC-DATA/datasets/train/loan_train_raw.csv
🔹 Dataset Separator: ,
🔹 Suppression Limit: 0.5

🔹 Configured Attributes:
  ✅ Quasi-Identifier: Gender
  ✅ Quasi-Identifier: Married
  ✅ Quasi-Identifier: Education
  ✅ Quasi-Identifier: Dependents
  ✅ Quasi-Identifier: Self_Employed
  ✅ Quasi-Identifier: Property_Area
  ✅ Quasi-Identifier: Credit_History
  ✅ Quasi-Identifier: Loan_Amount_Term
  ✅ Sensitive Attribute: LoanAmount
  ✅ Insensitive Attribute: Loan_Status
  ✅ Insensitive Attribute: ApplicantIncome
  ✅ Insensitive Attribute: CoapplicantIncome

🔹 Defined Hierarchies:
  ✅ Property_Area -> /mnt/NVMETank/Projects/Students/Dele/A-STUDY-INTO-THE-QUALITY-AND-USABILITY-OF-PRIVACY-FRIENDLY-SYNTHETIC-DATA/src/anonymization/anonymARXij/src/hierarchies_loan/property_area.csv
  ✅ Self_Employed -> /mnt/NVMETank/Projects/Students/Dele/A-STUDY-INTO-THE-QUALITY-AND-USABILITY-OF-PRIVACY-FRIENDLY-SYNTHETIC-DATA/src/anonymization/anonymARXij/src/hierarchies_loan/self_employed.csv
  ✅ Credit_History -> /mnt/NVMETank/Projects/Students/Dele/A-STUDY-INTO-THE-QUALITY-AND-USABILITY-OF-PRIVACY-FRIENDLY-SYNTHETIC-DATA/src/anonymization/anonymARXij/src/hierarchies_loan/credit_history.csv
  ✅ Dependents -> /mnt/NVMETank/Projects/Students/Dele/A-STUDY-INTO-THE-QUALITY-AND-USABILITY-OF-PRIVACY-FRIENDLY-SYNTHETIC-DATA/src/anonymization/anonymARXij/src/hierarchies_loan/dependents.csv
  ✅ Education -> /mnt/NVMETank/Projects/Students/Dele/A-STUDY-INTO-THE-QUALITY-AND-USABILITY-OF-PRIVACY-FRIENDLY-SYNTHETIC-DATA/src/anonymization/anonymARXij/src/hierarchies_loan/education.csv
  ✅ Loan_Amount_Term -> /mnt/NVMETank/Projects/Students/Dele/A-STUDY-INTO-THE-QUALITY-AND-USABILITY-OF-PRIVACY-FRIENDLY-SYNTHETIC-DATA/src/anonymization/anonymARXij/src/hierarchies_loan/loan_amount_terms.csv
  ✅ Married -> /mnt/NVMETank/Projects/Students/Dele/A-STUDY-INTO-THE-QUALITY-AND-USABILITY-OF-PRIVACY-FRIENDLY-SYNTHETIC-DATA/src/anonymization/anonymARXij/src/hierarchies_loan/married.csv
  ✅ Gender -> /mnt/NVMETank/Projects/Students/Dele/A-STUDY-INTO-THE-QUALITY-AND-USABILITY-OF-PRIVACY-FRIENDLY-SYNTHETIC-DATA/src/anonymization/anonymARXij/src/hierarchies_loan/gender.csv
Java is searching for hierarchy file at: /mnt/NVMETank/Projects/Students/Dele/A-STUDY-INTO-THE-QUALITY-AND-USABILITY-OF-PRIVACY-FRIENDLY-SYNTHETIC-DATA/src/anonymization/anonymARXij/src/hierarchies_loan/property_area.csv
Java is searching for hierarchy file at: /mnt/NVMETank/Projects/Students/Dele/A-STUDY-INTO-THE-QUALITY-AND-USABILITY-OF-PRIVACY-FRIENDLY-SYNTHETIC-DATA/src/anonymization/anonymARXij/src/hierarchies_loan/self_employed.csv
Java is searching for hierarchy file at: /mnt/NVMETank/Projects/Students/Dele/A-STUDY-INTO-THE-QUALITY-AND-USABILITY-OF-PRIVACY-FRIENDLY-SYNTHETIC-DATA/src/anonymization/anonymARXij/src/hierarchies_loan/credit_history.csv
Java is searching for hierarchy file at: /mnt/NVMETank/Projects/Students/Dele/A-STUDY-INTO-THE-QUALITY-AND-USABILITY-OF-PRIVACY-FRIENDLY-SYNTHETIC-DATA/src/anonymization/anonymARXij/src/hierarchies_loan/dependents.csv
Java is searching for hierarchy file at: /mnt/NVMETank/Projects/Students/Dele/A-STUDY-INTO-THE-QUALITY-AND-USABILITY-OF-PRIVACY-FRIENDLY-SYNTHETIC-DATA/src/anonymization/anonymARXij/src/hierarchies_loan/education.csv
Java is searching for hierarchy file at: /mnt/NVMETank/Projects/Students/Dele/A-STUDY-INTO-THE-QUALITY-AND-USABILITY-OF-PRIVACY-FRIENDLY-SYNTHETIC-DATA/src/anonymization/anonymARXij/src/hierarchies_loan/loan_amount_terms.csv
Java is searching for hierarchy file at: /mnt/NVMETank/Projects/Students/Dele/A-STUDY-INTO-THE-QUALITY-AND-USABILITY-OF-PRIVACY-FRIENDLY-SYNTHETIC-DATA/src/anonymization/anonymARXij/src/hierarchies_loan/married.csv
Java is searching for hierarchy file at: /mnt/NVMETank/Projects/Students/Dele/A-STUDY-INTO-THE-QUALITY-AND-USABILITY-OF-PRIVACY-FRIENDLY-SYNTHETIC-DATA/src/anonymization/anonymARXij/src/hierarchies_loan/gender.csv
✓ Applied Entropy L-Diversity on: LoanAmount (l=2)
🔹 Privacy Models Configured
📂 Anonymized Output Path (from args): /mnt/NVMETank/Projects/Students/Dele/A-STUDY-INTO-THE-QUALITY-AND-USABILITY-OF-PRIVACY-FRIENDLY-SYNTHETIC-DATA/datasets/anonymized/loan_k30_l2_sup50_anonymized.csv
📂 Anonymized Output Path: /mnt/NVMETank/Projects/Students/Dele/A-STUDY-INTO-THE-QUALITY-AND-USABILITY-OF-PRIVACY-FRIENDLY-SYNTHETIC-DATA/datasets/anonymized/loan_k30_l2_sup50_anonymized.csv
✅ Anonymization completed. Output saved to: /mnt/NVMETank/Projects/Students/Dele/A-STUDY-INTO-THE-QUALITY-AND-USABILITY-OF-PRIVACY-FRIENDLY-SYNTHETIC-DATA/datasets/anonymized/loan_k30_l2_sup50_anonymized.csv
Anonymized Data Quality Metrics:
 - Ambiguity: 0.7927137797267667
 - AECS: 0.8033573141486811
 - Discernibility: 0.5471646969532691
 - Granularity: 0.4085924590656451
 - MSE: 0.05222734254992323
 - Non-Uniform Entropy: 0.24698669761214376
 - Precision: 0.4553571428571428
 - Record-level SE: 0.25726926044543486
Equivalence Class Statistics:
 - Number of Classes: 4
 - Average Class Size: 68.0
Suppression Statistics:
 - Suppressed Records: 64
 - Suppression Percentage: 19.05%
2025-05-08 18:42:40,880 - INFO - Anonymized data saved to: /mnt/NVMETank/Projects/Students/Dele/A-STUDY-INTO-THE-QUALITY-AND-USABILITY-OF-PRIVACY-FRIENDLY-SYNTHETIC-DATA/datasets/anonymized/loan_k30_l2_sup50_anonymized.csv
2025-05-08 18:42:40,890 - INFO - Anonymous data report saved at: outputs/batch/loan_batch_2025-05-08_18-38-44/loan_anon_k30_sl0p5_l2/anonymous_data_report.txt
2025-05-08 18:42:40,890 - INFO -  [POSTPROCESSING] Postprocessing anonymized data: /mnt/NVMETank/Projects/Students/Dele/A-STUDY-INTO-THE-QUALITY-AND-USABILITY-OF-PRIVACY-FRIENDLY-SYNTHETIC-DATA/datasets/anonymized/loan_k30_l2_sup50_anonymized.csv
2025-05-08 18:42:40,891 - INFO -  [POSTPROCESSING] Loaded anonymized data: (336, 12)
2025-05-08 18:42:40,896 - INFO -  [POSTPROCESSING] Loaded fallback maps from training data. Categorical cols: 7, Numeric cols: 5
2025-05-08 18:42:40,896 - INFO -  [POSTPROCESSING] Normalizing anonymized data using ARX artifact cleaning and fallback values.
2025-05-08 18:42:40,910 - INFO -  [POSTPROCESSING] Normalized anonymized data saved to: /mnt/NVMETank/Projects/Students/Dele/A-STUDY-INTO-THE-QUALITY-AND-USABILITY-OF-PRIVACY-FRIENDLY-SYNTHETIC-DATA/datasets/anonymized/loan_k30_l2_sup50_anonymized_processed.csv
2025-05-08 18:42:40,916 - INFO -  [POSTPROCESSING] Binary Encoding applied to anonymized data. Encoded shape: (336, 19)
2025-05-08 18:42:40,918 - INFO -  [POSTPROCESSING] Encoded anonymized dataset saved to: /mnt/NVMETank/Projects/Students/Dele/A-STUDY-INTO-THE-QUALITY-AND-USABILITY-OF-PRIVACY-FRIENDLY-SYNTHETIC-DATA/datasets/anonymized/loan_k30_l2_sup50_anonymized_encoded.csv
2025-05-08 18:42:40,918 - INFO -  [POSTPROCESSING] Encoding map generated for anonymized data: 0 original categorical columns.
2025-05-08 18:42:40,918 - INFO - Postprocessing report saved at: outputs/batch/loan_batch_2025-05-08_18-38-44/loan_anon_k30_sl0p5_l2/postprocessing_report.txt
2025-05-08 18:42:40,918 - INFO - enable_synthetic_generation = False
2025-05-08 18:42:40,918 - INFO - Synthetic Data Generation Skipped (Disabled in Configuration).
2025-05-08 18:42:40,918 - INFO - Running Hybrid Pipeline...
2025-05-08 18:42:40,918 - INFO -  [HYBRID] Executing run_hybrid...
2025-05-08 18:42:40,918 - INFO -  [HYBRID] Looking for encoded anonymized data in /mnt/NVMETank/Projects/Students/Dele/A-STUDY-INTO-THE-QUALITY-AND-USABILITY-OF-PRIVACY-FRIENDLY-SYNTHETIC-DATA/datasets/anonymized/loan_k30_l2_sup50_anonymized_encoded.csv
2025-05-08 18:42:40,918 - INFO -  [HYBRID ] Loaded cached encoded anonymous data from /mnt/NVMETank/Projects/Students/Dele/A-STUDY-INTO-THE-QUALITY-AND-USABILITY-OF-PRIVACY-FRIENDLY-SYNTHETIC-DATA/datasets/anonymized/loan_k30_l2_sup50_anonymized_encoded.csv
2025-05-08 18:42:40,919 - INFO -  [HYBRID] Starting synthetic generation for hybrid pipeline...
2025-05-08 18:42:40,919 - INFO - Executing run_synthetic.....
2025-05-08 18:42:40,919 - INFO - [SYNTHETIC PIPELINE] executing run_synthetic for loan_k30_l2_sup50...
2025-05-08 18:42:40,919 - INFO - [SYNTHETIC] Processing dataset: loan_k30_l2_sup50
2025-05-08 18:42:40,919 - INFO - [SYNTHETIC] Original dataset size: 336 rows
2025-05-08 18:42:40,929 - INFO - Detected metadata:
2025-05-08 18:42:40,929 - INFO - {
    "columns": {
        "Gender_0": {
            "sdtype": "categorical"
        },
        "Gender_1": {
            "sdtype": "categorical"
        },
        "Married_0": {
            "sdtype": "categorical"
        },
        "Married_1": {
            "sdtype": "categorical"
        },
        "Dependents_0": {
            "sdtype": "categorical"
        },
        "Dependents_1": {
            "sdtype": "categorical"
        },
        "Dependents_2": {
            "sdtype": "categorical"
        },
        "Education_0": {
            "sdtype": "categorical"
        },
        "Education_1": {
            "sdtype": "categorical"
        },
        "Self_Employed_0": {
            "sdtype": "categorical"
        },
        "Self_Employed_1": {
            "sdtype": "categorical"
        },
        "ApplicantIncome": {
            "sdtype": "numerical"
        },
        "CoapplicantIncome": {
            "sdtype": "numerical"
        },
        "LoanAmount": {
            "sdtype": "numerical"
        },
        "Loan_Amount_Term": {
            "sdtype": "categorical"
        },
        "Credit_History": {
            "sdtype": "categorical"
        },
        "Property_Area_0": {
            "sdtype": "categorical"
        },
        "Property_Area_1": {
            "sdtype": "categorical"
        },
        "Loan_Status": {
            "sdtype": "categorical"
        }
    },
    "METADATA_SPEC_VERSION": "SINGLE_TABLE_V1"
}
2025-05-08 18:42:40,929 - INFO - [SYNTHETIC] Preparing synthesizer: CTGAN
2025-05-08 18:42:40,929 - INFO - [SYNTHETIC] Params from config: {'epochs': 300}
2025-05-08 18:42:40,929 - INFO -  [SYNTHETIC] No pre-trained synthesizer found
2025-05-08 18:42:40,929 - INFO - [SYNTHETIC] Training new CTGAN synthesizer from scratch...
2025-05-08 18:42:40,929 - WARNING - [FutureWarning] The 'SingleTableMetadata' is deprecated. Please use the new 'Metadata' class for synthesizers. (from /mnt/NVMETank/Projects/Students/Dele/A-STUDY-INTO-THE-QUALITY-AND-USABILITY-OF-PRIVACY-FRIENDLY-SYNTHETIC-DATA/.venv/lib/python3.12/site-packages/sdv/single_table/base.py:119)
2025-05-08 18:42:40,929 - WARNING - [UserWarning] We strongly recommend saving the metadata using 'save_to_json' for replicability in future SDV versions. (from /mnt/NVMETank/Projects/Students/Dele/A-STUDY-INTO-THE-QUALITY-AND-USABILITY-OF-PRIVACY-FRIENDLY-SYNTHETIC-DATA/.venv/lib/python3.12/site-packages/sdv/single_table/base.py:104)
2025-05-08 18:42:40,934 - INFO - {'EVENT': 'Instance', 'TIMESTAMP': datetime.datetime(2025, 5, 8, 18, 42, 40, 934004), 'SYNTHESIZER CLASS NAME': 'CTGANSynthesizer', 'SYNTHESIZER ID': 'CTGANSynthesizer_1.18.0_17b0e137b3cd4324afde3445c2ba7fd4'}
2025-05-08 18:42:40,934 - INFO - [SYNTHETIC] CTGAN initialized with epochs: 300
2025-05-08 18:42:40,934 - INFO - [SYNTHETIC] Training parameters for CTGAN: {}
2025-05-08 18:42:40,934 - INFO - [SYNTHETIC] fitting CTGAN 
2025-05-08 18:42:40,934 - INFO - {'EVENT': 'Fit', 'TIMESTAMP': datetime.datetime(2025, 5, 8, 18, 42, 40, 934216), 'SYNTHESIZER CLASS NAME': 'CTGANSynthesizer', 'SYNTHESIZER ID': 'CTGANSynthesizer_1.18.0_17b0e137b3cd4324afde3445c2ba7fd4', 'TOTAL NUMBER OF TABLES': 1, 'TOTAL NUMBER OF ROWS': 336, 'TOTAL NUMBER OF COLUMNS': 19}
2025-05-08 18:42:40,935 - INFO - Fitting table  metadata
2025-05-08 18:42:40,935 - INFO - Fitting formatters for table 
2025-05-08 18:42:40,937 - INFO - Fitting constraints for table 
2025-05-08 18:42:40,937 - INFO - Setting the configuration for the ``HyperTransformer`` for table 
2025-05-08 18:42:40,938 - INFO - Fitting HyperTransformer for table 
2025-05-08 18:42:40,951 - INFO - {'EVENT': 'Fit processed data', 'TIMESTAMP': datetime.datetime(2025, 5, 8, 18, 42, 40, 951458), 'SYNTHESIZER CLASS NAME': 'CTGANSynthesizer', 'SYNTHESIZER ID': 'CTGANSynthesizer_1.18.0_17b0e137b3cd4324afde3445c2ba7fd4', 'TOTAL NUMBER OF TABLES': 1, 'TOTAL NUMBER OF ROWS': 336, 'TOTAL NUMBER OF COLUMNS': 19}
2025-05-08 18:42:40,982 - INFO - Guidance: There are no missing values in column ApplicantIncome. Extra column not created.
2025-05-08 18:42:41,083 - INFO - Guidance: There are no missing values in column CoapplicantIncome. Extra column not created.
2025-05-08 18:42:41,117 - INFO - Guidance: There are no missing values in column LoanAmount. Extra column not created.
2025-05-08 18:43:02,982 - INFO - [SYNTHETIC] Fitting complete for CTGAN. Duration: 22.05 seconds.
2025-05-08 18:43:02,982 - INFO - [SYNTHETIC] CONFIRMATION CTGAN actually trained with epochs = 300
2025-05-08 18:43:02,982 - INFO - {'EVENT': 'Save', 'TIMESTAMP': datetime.datetime(2025, 5, 8, 18, 43, 2, 982368), 'SYNTHESIZER CLASS NAME': 'CTGANSynthesizer', 'SYNTHESIZER ID': 'CTGANSynthesizer_1.18.0_17b0e137b3cd4324afde3445c2ba7fd4'}
2025-05-08 18:43:03,012 - INFO - [SYNTHETIC] CTGAN trained and saved.
2025-05-08 18:43:03,012 - INFO - [SYNTHETIC] Preparing synthesizer: GaussianCopula
2025-05-08 18:43:03,012 - INFO - [SYNTHETIC] Params from config: {}
2025-05-08 18:43:03,012 - INFO -  [SYNTHETIC] No pre-trained synthesizer found
2025-05-08 18:43:03,012 - INFO - [SYNTHETIC] Training new GaussianCopula synthesizer from scratch...
2025-05-08 18:43:03,012 - WARNING - [FutureWarning] The 'SingleTableMetadata' is deprecated. Please use the new 'Metadata' class for synthesizers. (from /mnt/NVMETank/Projects/Students/Dele/A-STUDY-INTO-THE-QUALITY-AND-USABILITY-OF-PRIVACY-FRIENDLY-SYNTHETIC-DATA/.venv/lib/python3.12/site-packages/sdv/single_table/base.py:119)
2025-05-08 18:43:03,015 - INFO - {'EVENT': 'Instance', 'TIMESTAMP': datetime.datetime(2025, 5, 8, 18, 43, 3, 15129), 'SYNTHESIZER CLASS NAME': 'GaussianCopulaSynthesizer', 'SYNTHESIZER ID': 'GaussianCopulaSynthesizer_1.18.0_aa6a76353d514dcc96019ddeabbc394b'}
2025-05-08 18:43:03,015 - INFO - [SYNTHETIC] fitting GaussianCopula 
2025-05-08 18:43:03,015 - INFO - {'EVENT': 'Fit', 'TIMESTAMP': datetime.datetime(2025, 5, 8, 18, 43, 3, 15291), 'SYNTHESIZER CLASS NAME': 'GaussianCopulaSynthesizer', 'SYNTHESIZER ID': 'GaussianCopulaSynthesizer_1.18.0_aa6a76353d514dcc96019ddeabbc394b', 'TOTAL NUMBER OF TABLES': 1, 'TOTAL NUMBER OF ROWS': 336, 'TOTAL NUMBER OF COLUMNS': 19}
2025-05-08 18:43:03,016 - INFO - Fitting table  metadata
2025-05-08 18:43:03,016 - INFO - Fitting formatters for table 
2025-05-08 18:43:03,018 - INFO - Fitting constraints for table 
2025-05-08 18:43:03,018 - INFO - Setting the configuration for the ``HyperTransformer`` for table 
2025-05-08 18:43:03,024 - INFO - Fitting HyperTransformer for table 
2025-05-08 18:43:03,130 - INFO - {'EVENT': 'Fit processed data', 'TIMESTAMP': datetime.datetime(2025, 5, 8, 18, 43, 3, 129990), 'SYNTHESIZER CLASS NAME': 'GaussianCopulaSynthesizer', 'SYNTHESIZER ID': 'GaussianCopulaSynthesizer_1.18.0_aa6a76353d514dcc96019ddeabbc394b', 'TOTAL NUMBER OF TABLES': 1, 'TOTAL NUMBER OF ROWS': 336, 'TOTAL NUMBER OF COLUMNS': 19}
2025-05-08 18:43:03,130 - INFO - Fitting GaussianMultivariate(distribution="{'Gender_0': <class 'copulas.univariate.beta.BetaUnivariate'>, 'Gender_1': <class 'copulas.univariate.beta.BetaUnivariate'>, 'Married_0': <class 'copulas.univariate.beta.BetaUnivariate'>, 'Married_1': <class 'copulas.univariate.beta.BetaUnivariate'>, 'Dependents_0': <class 'copulas.univariate.beta.BetaUnivariate'>, 'Dependents_1': <class 'copulas.univariate.beta.BetaUnivariate'>, 'Dependents_2': <class 'copulas.univariate.beta.BetaUnivariate'>, 'Education_0': <class 'copulas.univariate.beta.BetaUnivariate'>, 'Education_1': <class 'copulas.univariate.beta.BetaUnivariate'>, 'Self_Employed_0': <class 'copulas.univariate.beta.BetaUnivariate'>, 'Self_Employed_1': <class 'copulas.univariate.beta.BetaUnivariate'>, 'ApplicantIncome': <class 'copulas.univariate.beta.BetaUnivariate'>, 'CoapplicantIncome': <class 'copulas.univariate.beta.BetaUnivariate'>, 'LoanAmount': <class 'copulas.univariate.beta.BetaUnivariate'>, 'Loan_Amount_Term': <class 'copulas.univariate.beta.BetaUnivariate'>, 'Credit_History': <class 'copulas.univariate.beta.BetaUnivariate'>, 'Property_Area_0': <class 'copulas.univariate.beta.BetaUnivariate'>, 'Property_Area_1': <class 'copulas.univariate.beta.BetaUnivariate'>, 'Loan_Status': <class 'copulas.univariate.beta.BetaUnivariate'>}")
2025-05-08 18:43:03,765 - INFO - [SYNTHETIC] Fitting complete for GaussianCopula. Duration: 0.75 seconds.
2025-05-08 18:43:03,765 - WARNING - [SYNTHETIC] WARNING Could not determine actual epochs used for GaussianCopula
2025-05-08 18:43:03,765 - INFO - {'EVENT': 'Save', 'TIMESTAMP': datetime.datetime(2025, 5, 8, 18, 43, 3, 765402), 'SYNTHESIZER CLASS NAME': 'GaussianCopulaSynthesizer', 'SYNTHESIZER ID': 'GaussianCopulaSynthesizer_1.18.0_aa6a76353d514dcc96019ddeabbc394b'}
2025-05-08 18:43:03,778 - INFO - [SYNTHETIC] GaussianCopula trained and saved.
2025-05-08 18:43:03,778 - INFO - [SYNTHETIC] Preparing synthesizer: TVAE
2025-05-08 18:43:03,778 - INFO - [SYNTHETIC] Params from config: {'epochs': 300}
2025-05-08 18:43:03,778 - INFO -  [SYNTHETIC] No pre-trained synthesizer found
2025-05-08 18:43:03,778 - INFO - [SYNTHETIC] Training new TVAE synthesizer from scratch...
2025-05-08 18:43:03,778 - WARNING - [FutureWarning] The 'SingleTableMetadata' is deprecated. Please use the new 'Metadata' class for synthesizers. (from /mnt/NVMETank/Projects/Students/Dele/A-STUDY-INTO-THE-QUALITY-AND-USABILITY-OF-PRIVACY-FRIENDLY-SYNTHETIC-DATA/.venv/lib/python3.12/site-packages/sdv/single_table/base.py:119)
2025-05-08 18:43:03,781 - INFO - {'EVENT': 'Instance', 'TIMESTAMP': datetime.datetime(2025, 5, 8, 18, 43, 3, 781081), 'SYNTHESIZER CLASS NAME': 'TVAESynthesizer', 'SYNTHESIZER ID': 'TVAESynthesizer_1.18.0_6bf7eed9e1904a91b58bb659ae99be8d'}
2025-05-08 18:43:03,781 - INFO - [SYNTHETIC] TVAE initialized with epochs: 300
2025-05-08 18:43:03,781 - INFO - [SYNTHETIC] Training parameters for TVAE: {}
2025-05-08 18:43:03,781 - INFO - [SYNTHETIC] fitting TVAE 
2025-05-08 18:43:03,781 - INFO - {'EVENT': 'Fit', 'TIMESTAMP': datetime.datetime(2025, 5, 8, 18, 43, 3, 781367), 'SYNTHESIZER CLASS NAME': 'TVAESynthesizer', 'SYNTHESIZER ID': 'TVAESynthesizer_1.18.0_6bf7eed9e1904a91b58bb659ae99be8d', 'TOTAL NUMBER OF TABLES': 1, 'TOTAL NUMBER OF ROWS': 336, 'TOTAL NUMBER OF COLUMNS': 19}
2025-05-08 18:43:03,783 - INFO - Fitting table  metadata
2025-05-08 18:43:03,783 - INFO - Fitting formatters for table 
2025-05-08 18:43:03,786 - INFO - Fitting constraints for table 
2025-05-08 18:43:03,786 - INFO - Setting the configuration for the ``HyperTransformer`` for table 
2025-05-08 18:43:03,788 - INFO - Fitting HyperTransformer for table 
2025-05-08 18:43:03,805 - INFO - {'EVENT': 'Fit processed data', 'TIMESTAMP': datetime.datetime(2025, 5, 8, 18, 43, 3, 805227), 'SYNTHESIZER CLASS NAME': 'TVAESynthesizer', 'SYNTHESIZER ID': 'TVAESynthesizer_1.18.0_6bf7eed9e1904a91b58bb659ae99be8d', 'TOTAL NUMBER OF TABLES': 1, 'TOTAL NUMBER OF ROWS': 336, 'TOTAL NUMBER OF COLUMNS': 19}
2025-05-08 18:43:03,826 - INFO - Guidance: There are no missing values in column ApplicantIncome. Extra column not created.
2025-05-08 18:43:03,926 - INFO - Guidance: There are no missing values in column CoapplicantIncome. Extra column not created.
2025-05-08 18:43:03,970 - INFO - Guidance: There are no missing values in column LoanAmount. Extra column not created.
2025-05-08 18:43:06,835 - INFO - [SYNTHETIC] Fitting complete for TVAE. Duration: 3.05 seconds.
2025-05-08 18:43:06,835 - INFO - [SYNTHETIC] CONFIRMATION TVAE actually trained with epochs = 300
2025-05-08 18:43:06,835 - INFO - {'EVENT': 'Save', 'TIMESTAMP': datetime.datetime(2025, 5, 8, 18, 43, 6, 835741), 'SYNTHESIZER CLASS NAME': 'TVAESynthesizer', 'SYNTHESIZER ID': 'TVAESynthesizer_1.18.0_6bf7eed9e1904a91b58bb659ae99be8d'}
2025-05-08 18:43:06,861 - INFO - [SYNTHETIC] TVAE trained and saved.
2025-05-08 18:43:06,861 - INFO - [SYNTHETIC] Using CTGAN to generate 336 rows...
2025-05-08 18:43:06,928 - INFO - {'EVENT': 'Sample', 'TIMESTAMP': datetime.datetime(2025, 5, 8, 18, 43, 6, 861903), 'SYNTHESIZER CLASS NAME': 'CTGANSynthesizer', 'SYNTHESIZER ID': 'CTGANSynthesizer_1.18.0_17b0e137b3cd4324afde3445c2ba7fd4', 'TOTAL NUMBER OF TABLES': 1, 'TOTAL NUMBER OF ROWS': 336, 'TOTAL NUMBER OF COLUMNS': 19}
2025-05-08 18:43:06,928 - INFO - [SYNTHETIC] CTGAN completed: 336 rows generated.
2025-05-08 18:43:06,928 - INFO - [SYNTHETIC] Target class distribution for CTGAN: {'Y': 201, 'N': 135}
2025-05-08 18:43:06,929 - INFO - [SYNTHETIC] Using GaussianCopula to generate 336 rows...
2025-05-08 18:43:06,981 - INFO - {'EVENT': 'Sample', 'TIMESTAMP': datetime.datetime(2025, 5, 8, 18, 43, 6, 929102), 'SYNTHESIZER CLASS NAME': 'GaussianCopulaSynthesizer', 'SYNTHESIZER ID': 'GaussianCopulaSynthesizer_1.18.0_aa6a76353d514dcc96019ddeabbc394b', 'TOTAL NUMBER OF TABLES': 1, 'TOTAL NUMBER OF ROWS': 336, 'TOTAL NUMBER OF COLUMNS': 19}
2025-05-08 18:43:06,981 - INFO - [SYNTHETIC] GaussianCopula completed: 336 rows generated.
2025-05-08 18:43:06,981 - INFO - [SYNTHETIC] Target class distribution for GaussianCopula: {'Y': 212, 'N': 124}
2025-05-08 18:43:06,981 - INFO - [SYNTHETIC] Using TVAE to generate 336 rows...
2025-05-08 18:43:07,021 - INFO - {'EVENT': 'Sample', 'TIMESTAMP': datetime.datetime(2025, 5, 8, 18, 43, 6, 981970), 'SYNTHESIZER CLASS NAME': 'TVAESynthesizer', 'SYNTHESIZER ID': 'TVAESynthesizer_1.18.0_6bf7eed9e1904a91b58bb659ae99be8d', 'TOTAL NUMBER OF TABLES': 1, 'TOTAL NUMBER OF ROWS': 336, 'TOTAL NUMBER OF COLUMNS': 19}
2025-05-08 18:43:07,021 - INFO - [SYNTHETIC] TVAE completed: 336 rows generated.
2025-05-08 18:43:07,022 - INFO - [SYNTHETIC] Target class distribution for TVAE: {'Y': 336}
2025-05-08 18:43:07,022 - INFO - [SYNTHETIC PIPELINE] Synthetic Data Generation Completed.
2025-05-08 18:43:07,022 - INFO - [SYNTHETIC PIPELINE] Synthesizers used: ['CTGAN', 'GaussianCopula', 'TVAE']
2025-05-08 18:43:07,022 - INFO - [SYNTHETIC PIPELINE] Evaluating synthetic dataset generated by CTGAN...
2025-05-08 18:43:07,022 - INFO - [SYNTHETIC EVAL] Real data columns     (19): ['Gender_0', 'Gender_1', 'Married_0', 'Married_1', 'Dependents_0', 'Dependents_1', 'Dependents_2', 'Education_0', 'Education_1', 'Self_Employed_0', 'Self_Employed_1', 'ApplicantIncome', 'CoapplicantIncome', 'LoanAmount', 'Loan_Amount_Term', 'Credit_History', 'Property_Area_0', 'Property_Area_1', 'Loan_Status']
2025-05-08 18:43:07,022 - INFO - [SYNTHETIC EVAL] Synthetic data columns (19): ['Gender_0', 'Gender_1', 'Married_0', 'Married_1', 'Dependents_0', 'Dependents_1', 'Dependents_2', 'Education_0', 'Education_1', 'Self_Employed_0', 'Self_Employed_1', 'ApplicantIncome', 'CoapplicantIncome', 'LoanAmount', 'Loan_Amount_Term', 'Credit_History', 'Property_Area_0', 'Property_Area_1', 'Loan_Status']
2025-05-08 18:43:07,022 - INFO - [SYNTHETIC EVAL] Metadata columns      (19): ['Gender_0', 'Gender_1', 'Married_0', 'Married_1', 'Dependents_0', 'Dependents_1', 'Dependents_2', 'Education_0', 'Education_1', 'Self_Employed_0', 'Self_Employed_1', 'ApplicantIncome', 'CoapplicantIncome', 'LoanAmount', 'Loan_Amount_Term', 'Credit_History', 'Property_Area_0', 'Property_Area_1', 'Loan_Status']
2025-05-08 18:43:07,022 - INFO - [SYNTHETIC EVAL] Shape — Real: (336, 19), Synthetic: (336, 19)
2025-05-08 18:43:07,023 - INFO - [SYNTHETIC EVAL] Metadata structure:
{
  "columns": {
    "Gender_0": {
      "sdtype": "categorical"
    },
    "Gender_1": {
      "sdtype": "categorical"
    },
    "Married_0": {
      "sdtype": "categorical"
    },
    "Married_1": {
      "sdtype": "categorical"
    },
    "Dependents_0": {
      "sdtype": "categorical"
    },
    "Dependents_1": {
      "sdtype": "categorical"
    },
    "Dependents_2": {
      "sdtype": "categorical"
    },
    "Education_0": {
      "sdtype": "categorical"
    },
    "Education_1": {
      "sdtype": "categorical"
    },
    "Self_Employed_0": {
      "sdtype": "categorical"
    },
    "Self_Employed_1": {
      "sdtype": "categorical"
    },
    "ApplicantIncome": {
      "sdtype": "numerical"
    },
    "CoapplicantIncome": {
      "sdtype": "numerical"
    },
    "LoanAmount": {
      "sdtype": "numerical"
    },
    "Loan_Amount_Term": {
      "sdtype": "categorical"
    },
    "Credit_History": {
      "sdtype": "categorical"
    },
    "Property_Area_0": {
      "sdtype": "categorical"
    },
    "Property_Area_1": {
      "sdtype": "categorical"
    },
    "Loan_Status": {
      "sdtype": "categorical"
    }
  },
  "METADATA_SPEC_VERSION": "SINGLE_TABLE_V1"
}
2025-05-08 18:43:07,410 - INFO - [SYNTHETIC PIPELINE] Evaluating synthetic dataset generated by GaussianCopula...
2025-05-08 18:43:07,410 - INFO - [SYNTHETIC EVAL] Real data columns     (19): ['Gender_0', 'Gender_1', 'Married_0', 'Married_1', 'Dependents_0', 'Dependents_1', 'Dependents_2', 'Education_0', 'Education_1', 'Self_Employed_0', 'Self_Employed_1', 'ApplicantIncome', 'CoapplicantIncome', 'LoanAmount', 'Loan_Amount_Term', 'Credit_History', 'Property_Area_0', 'Property_Area_1', 'Loan_Status']
2025-05-08 18:43:07,410 - INFO - [SYNTHETIC EVAL] Synthetic data columns (19): ['Gender_0', 'Gender_1', 'Married_0', 'Married_1', 'Dependents_0', 'Dependents_1', 'Dependents_2', 'Education_0', 'Education_1', 'Self_Employed_0', 'Self_Employed_1', 'ApplicantIncome', 'CoapplicantIncome', 'LoanAmount', 'Loan_Amount_Term', 'Credit_History', 'Property_Area_0', 'Property_Area_1', 'Loan_Status']
2025-05-08 18:43:07,410 - INFO - [SYNTHETIC EVAL] Metadata columns      (19): ['Gender_0', 'Gender_1', 'Married_0', 'Married_1', 'Dependents_0', 'Dependents_1', 'Dependents_2', 'Education_0', 'Education_1', 'Self_Employed_0', 'Self_Employed_1', 'ApplicantIncome', 'CoapplicantIncome', 'LoanAmount', 'Loan_Amount_Term', 'Credit_History', 'Property_Area_0', 'Property_Area_1', 'Loan_Status']
2025-05-08 18:43:07,410 - INFO - [SYNTHETIC EVAL] Shape — Real: (336, 19), Synthetic: (336, 19)
2025-05-08 18:43:07,410 - INFO - [SYNTHETIC EVAL] Metadata structure:
{
  "columns": {
    "Gender_0": {
      "sdtype": "categorical"
    },
    "Gender_1": {
      "sdtype": "categorical"
    },
    "Married_0": {
      "sdtype": "categorical"
    },
    "Married_1": {
      "sdtype": "categorical"
    },
    "Dependents_0": {
      "sdtype": "categorical"
    },
    "Dependents_1": {
      "sdtype": "categorical"
    },
    "Dependents_2": {
      "sdtype": "categorical"
    },
    "Education_0": {
      "sdtype": "categorical"
    },
    "Education_1": {
      "sdtype": "categorical"
    },
    "Self_Employed_0": {
      "sdtype": "categorical"
    },
    "Self_Employed_1": {
      "sdtype": "categorical"
    },
    "ApplicantIncome": {
      "sdtype": "numerical"
    },
    "CoapplicantIncome": {
      "sdtype": "numerical"
    },
    "LoanAmount": {
      "sdtype": "numerical"
    },
    "Loan_Amount_Term": {
      "sdtype": "categorical"
    },
    "Credit_History": {
      "sdtype": "categorical"
    },
    "Property_Area_0": {
      "sdtype": "categorical"
    },
    "Property_Area_1": {
      "sdtype": "categorical"
    },
    "Loan_Status": {
      "sdtype": "categorical"
    }
  },
  "METADATA_SPEC_VERSION": "SINGLE_TABLE_V1"
}
2025-05-08 18:43:07,834 - INFO - [SYNTHETIC PIPELINE] Evaluating synthetic dataset generated by TVAE...
2025-05-08 18:43:07,835 - INFO - [SYNTHETIC EVAL] Real data columns     (19): ['Gender_0', 'Gender_1', 'Married_0', 'Married_1', 'Dependents_0', 'Dependents_1', 'Dependents_2', 'Education_0', 'Education_1', 'Self_Employed_0', 'Self_Employed_1', 'ApplicantIncome', 'CoapplicantIncome', 'LoanAmount', 'Loan_Amount_Term', 'Credit_History', 'Property_Area_0', 'Property_Area_1', 'Loan_Status']
2025-05-08 18:43:07,835 - INFO - [SYNTHETIC EVAL] Synthetic data columns (19): ['Gender_0', 'Gender_1', 'Married_0', 'Married_1', 'Dependents_0', 'Dependents_1', 'Dependents_2', 'Education_0', 'Education_1', 'Self_Employed_0', 'Self_Employed_1', 'ApplicantIncome', 'CoapplicantIncome', 'LoanAmount', 'Loan_Amount_Term', 'Credit_History', 'Property_Area_0', 'Property_Area_1', 'Loan_Status']
2025-05-08 18:43:07,835 - INFO - [SYNTHETIC EVAL] Metadata columns      (19): ['Gender_0', 'Gender_1', 'Married_0', 'Married_1', 'Dependents_0', 'Dependents_1', 'Dependents_2', 'Education_0', 'Education_1', 'Self_Employed_0', 'Self_Employed_1', 'ApplicantIncome', 'CoapplicantIncome', 'LoanAmount', 'Loan_Amount_Term', 'Credit_History', 'Property_Area_0', 'Property_Area_1', 'Loan_Status']
2025-05-08 18:43:07,835 - INFO - [SYNTHETIC EVAL] Shape — Real: (336, 19), Synthetic: (336, 19)
2025-05-08 18:43:07,835 - INFO - [SYNTHETIC EVAL] Metadata structure:
{
  "columns": {
    "Gender_0": {
      "sdtype": "categorical"
    },
    "Gender_1": {
      "sdtype": "categorical"
    },
    "Married_0": {
      "sdtype": "categorical"
    },
    "Married_1": {
      "sdtype": "categorical"
    },
    "Dependents_0": {
      "sdtype": "categorical"
    },
    "Dependents_1": {
      "sdtype": "categorical"
    },
    "Dependents_2": {
      "sdtype": "categorical"
    },
    "Education_0": {
      "sdtype": "categorical"
    },
    "Education_1": {
      "sdtype": "categorical"
    },
    "Self_Employed_0": {
      "sdtype": "categorical"
    },
    "Self_Employed_1": {
      "sdtype": "categorical"
    },
    "ApplicantIncome": {
      "sdtype": "numerical"
    },
    "CoapplicantIncome": {
      "sdtype": "numerical"
    },
    "LoanAmount": {
      "sdtype": "numerical"
    },
    "Loan_Amount_Term": {
      "sdtype": "categorical"
    },
    "Credit_History": {
      "sdtype": "categorical"
    },
    "Property_Area_0": {
      "sdtype": "categorical"
    },
    "Property_Area_1": {
      "sdtype": "categorical"
    },
    "Loan_Status": {
      "sdtype": "categorical"
    }
  },
  "METADATA_SPEC_VERSION": "SINGLE_TABLE_V1"
}
2025-05-08 18:43:08,274 - INFO -  [SYNTHETIC PIPELINE]  Synthetic Data Evaluation Completed.
2025-05-08 18:43:08,282 - INFO -  [SYNTHETIC PIPELINE] Synthetic Data Report Generated Successfully.
2025-05-08 18:43:08,390 - INFO - [HYBRID] Generated hybrid dataset shape for CTGAN: (336, 19)
2025-05-08 18:43:08,390 - INFO - [HYBRID] Target distribution for CTGAN: {'Y': 201, 'N': 135}
2025-05-08 18:43:08,392 - INFO -  [HYBRID] Saved hybrid dataset to /mnt/NVMETank/Projects/Students/Dele/A-STUDY-INTO-THE-QUALITY-AND-USABILITY-OF-PRIVACY-FRIENDLY-SYNTHETIC-DATA/datasets/hybrid/loan_k30_l2_sup50_CTGAN_HYBRID.csv
2025-05-08 18:43:08,392 - INFO - [HYBRID] Generated hybrid dataset shape for GaussianCopula: (336, 19)
2025-05-08 18:43:08,392 - INFO - [HYBRID] Target distribution for GaussianCopula: {'Y': 212, 'N': 124}
2025-05-08 18:43:08,394 - INFO -  [HYBRID] Saved hybrid dataset to /mnt/NVMETank/Projects/Students/Dele/A-STUDY-INTO-THE-QUALITY-AND-USABILITY-OF-PRIVACY-FRIENDLY-SYNTHETIC-DATA/datasets/hybrid/loan_k30_l2_sup50_GaussianCopula_HYBRID.csv
2025-05-08 18:43:08,394 - INFO - [HYBRID] Generated hybrid dataset shape for TVAE: (336, 19)
2025-05-08 18:43:08,394 - INFO - [HYBRID] Target distribution for TVAE: {'Y': 336}
2025-05-08 18:43:08,396 - INFO -  [HYBRID] Saved hybrid dataset to /mnt/NVMETank/Projects/Students/Dele/A-STUDY-INTO-THE-QUALITY-AND-USABILITY-OF-PRIVACY-FRIENDLY-SYNTHETIC-DATA/datasets/hybrid/loan_k30_l2_sup50_TVAE_HYBRID.csv
2025-05-08 18:43:08,396 - INFO -  [HYBRID] Hybrid pipeline complete — 3 dataset(s) ready.
2025-05-08 18:43:08,396 - INFO - [HYBRID] Total rows across all hybrid datasets: 1008
2025-05-08 18:43:08,396 - INFO - Hybrid pipeline completed successfully.
2025-05-08 18:43:08,396 - INFO - Hybrid pipeline duration: 27.48 seconds
2025-05-08 18:43:08,396 - INFO - Starting Utility...
2025-05-08 18:43:08,396 - INFO - [UTILITY] Preparing datasets for machine learning...
2025-05-08 18:43:08,397 - INFO - [UTILITY] Original Data - Training Size: 336, Testing Size: 144
2025-05-08 18:43:08,397 - INFO - [UTILITY] Target class distribution (Original): {'Y': 232, 'N': 104}
2025-05-08 18:43:08,397 - INFO - [UTILITY] Processing anonymized dataset...
2025-05-08 18:43:08,397 - INFO - [UTILITY] Anonymized Data - Training Size: 336
2025-05-08 18:43:08,398 - INFO - [UTILITY] Target class distribution (Anonymous): {'Y': 232, 'N': 104}
2025-05-08 18:43:08,398 - INFO - [UTILITY] Processing hybrid dataset generated by CTGAN...
2025-05-08 18:43:08,398 - INFO - [UTILITY] Hybrid Data (CTGAN_HYBRID) - Training Size: 336
2025-05-08 18:43:08,399 - INFO - [UTILITY] Target class distribution (CTGAN_HYBRID): {'Y': 201, 'N': 135}
2025-05-08 18:43:08,399 - INFO - [UTILITY] Processing hybrid dataset generated by GaussianCopula...
2025-05-08 18:43:08,399 - INFO - [UTILITY] Hybrid Data (GaussianCopula_HYBRID) - Training Size: 336
2025-05-08 18:43:08,399 - INFO - [UTILITY] Target class distribution (GaussianCopula_HYBRID): {'Y': 212, 'N': 124}
2025-05-08 18:43:08,399 - WARNING -  Skipping hybrid dataset 'TVAE_HYBRID' - only one class in target.
2025-05-08 18:43:08,400 - INFO - [UTILITY] Training models on all datasets...
2025-05-08 18:43:08,400 - INFO - [UTILITY] Total datasets used for training: 4
2025-05-08 18:43:08,400 - INFO - [TRAINING] Training models from scratch...
2025-05-08 18:43:08,400 - INFO - [TRAINING] Starting training for dataset: Original — Rows: 336, Features: 18
2025-05-08 18:43:08,400 - INFO - [TRAINING] Training DecisionTree on Original...
2025-05-08 18:43:08,403 - INFO - [TRAINING] DecisionTree trained successfully on Original in 0.00 sec
2025-05-08 18:43:08,403 - INFO - [TRAINING] Training KNN on Original...
2025-05-08 18:43:08,404 - INFO - [TRAINING] KNN trained successfully on Original in 0.00 sec
2025-05-08 18:43:08,404 - INFO - [TRAINING] Training LogisticRegression on Original...
2025-05-08 18:43:08,478 - INFO - [TRAINING] LogisticRegression trained successfully on Original in 0.07 sec
2025-05-08 18:43:08,479 - INFO - [TRAINING] Training RandomForest on Original...
2025-05-08 18:43:08,586 - INFO - [TRAINING] RandomForest trained successfully on Original in 0.11 sec
2025-05-08 18:43:08,586 - INFO - [TRAINING] Training SVM on Original...
2025-05-08 18:43:08,590 - INFO - [TRAINING] SVM trained successfully on Original in 0.00 sec
2025-05-08 18:43:08,590 - INFO - [TRAINING] Finished training 5 model(s) for dataset: Original
2025-05-08 18:43:08,590 - INFO - [TRAINING] Starting training for dataset: Anonymous — Rows: 336, Features: 18
2025-05-08 18:43:08,590 - INFO - [TRAINING] Training DecisionTree on Anonymous...
2025-05-08 18:43:08,592 - INFO - [TRAINING] DecisionTree trained successfully on Anonymous in 0.00 sec
2025-05-08 18:43:08,592 - INFO - [TRAINING] Training KNN on Anonymous...
2025-05-08 18:43:08,593 - INFO - [TRAINING] KNN trained successfully on Anonymous in 0.00 sec
2025-05-08 18:43:08,594 - INFO - [TRAINING] Training LogisticRegression on Anonymous...
2025-05-08 18:43:08,597 - INFO - [TRAINING] LogisticRegression trained successfully on Anonymous in 0.00 sec
2025-05-08 18:43:08,597 - INFO - [TRAINING] Training RandomForest on Anonymous...
2025-05-08 18:43:08,705 - INFO - [TRAINING] RandomForest trained successfully on Anonymous in 0.11 sec
2025-05-08 18:43:08,705 - INFO - [TRAINING] Training SVM on Anonymous...
2025-05-08 18:43:08,709 - INFO - [TRAINING] SVM trained successfully on Anonymous in 0.00 sec
2025-05-08 18:43:08,709 - INFO - [TRAINING] Finished training 5 model(s) for dataset: Anonymous
2025-05-08 18:43:08,709 - INFO - [TRAINING] Starting training for dataset: CTGAN_HYBRID — Rows: 336, Features: 18
2025-05-08 18:43:08,710 - INFO - [TRAINING] Training DecisionTree on CTGAN_HYBRID...
2025-05-08 18:43:08,711 - INFO - [TRAINING] DecisionTree trained successfully on CTGAN_HYBRID in 0.00 sec
2025-05-08 18:43:08,711 - INFO - [TRAINING] Training KNN on CTGAN_HYBRID...
2025-05-08 18:43:08,712 - INFO - [TRAINING] KNN trained successfully on CTGAN_HYBRID in 0.00 sec
2025-05-08 18:43:08,713 - INFO - [TRAINING] Training LogisticRegression on CTGAN_HYBRID...
2025-05-08 18:43:08,718 - INFO - [TRAINING] LogisticRegression trained successfully on CTGAN_HYBRID in 0.01 sec
2025-05-08 18:43:08,718 - INFO - [TRAINING] Training RandomForest on CTGAN_HYBRID...
2025-05-08 18:43:08,827 - INFO - [TRAINING] RandomForest trained successfully on CTGAN_HYBRID in 0.11 sec
2025-05-08 18:43:08,827 - INFO - [TRAINING] Training SVM on CTGAN_HYBRID...
2025-05-08 18:43:08,841 - INFO - [TRAINING] SVM trained successfully on CTGAN_HYBRID in 0.01 sec
2025-05-08 18:43:08,841 - INFO - [TRAINING] Finished training 5 model(s) for dataset: CTGAN_HYBRID
2025-05-08 18:43:08,841 - INFO - [TRAINING] Starting training for dataset: GaussianCopula_HYBRID — Rows: 336, Features: 18
2025-05-08 18:43:08,842 - INFO - [TRAINING] Training DecisionTree on GaussianCopula_HYBRID...
2025-05-08 18:43:08,845 - INFO - [TRAINING] DecisionTree trained successfully on GaussianCopula_HYBRID in 0.00 sec
2025-05-08 18:43:08,845 - INFO - [TRAINING] Training KNN on GaussianCopula_HYBRID...
2025-05-08 18:43:08,846 - INFO - [TRAINING] KNN trained successfully on GaussianCopula_HYBRID in 0.00 sec
2025-05-08 18:43:08,846 - INFO - [TRAINING] Training LogisticRegression on GaussianCopula_HYBRID...
2025-05-08 18:43:08,849 - INFO - [TRAINING] LogisticRegression trained successfully on GaussianCopula_HYBRID in 0.00 sec
2025-05-08 18:43:08,849 - INFO - [TRAINING] Training RandomForest on GaussianCopula_HYBRID...
2025-05-08 18:43:08,944 - INFO - [TRAINING] RandomForest trained successfully on GaussianCopula_HYBRID in 0.09 sec
2025-05-08 18:43:08,944 - INFO - [TRAINING] Training SVM on GaussianCopula_HYBRID...
2025-05-08 18:43:08,948 - INFO - [TRAINING] SVM trained successfully on GaussianCopula_HYBRID in 0.00 sec
2025-05-08 18:43:08,948 - INFO - [TRAINING] Finished training 5 model(s) for dataset: GaussianCopula_HYBRID
2025-05-08 18:43:08,948 - INFO - [TRAINING] Total models trained across all datasets: 20
2025-05-08 18:43:08,948 - INFO - [UTILITY] Trained model names: ['Original', 'Anonymous', 'CTGAN_HYBRID', 'GaussianCopula_HYBRID']
2025-05-08 18:43:08,948 - INFO - [UTILITY] Model Training Completed.
2025-05-08 18:43:08,948 - INFO - Starting the Evaluating of models...
2025-05-08 18:43:08,948 - INFO - Preparing evaluation for model 'DecisionTree' across all datasets...
2025-05-08 18:43:08,948 - INFO - Evaluating DecisionTree on Original...
2025-05-08 18:43:08,949 - INFO - Predictions completed for DecisionTree on Original
2025-05-08 18:43:08,949 - INFO - Prediction distribution for DecisionTree on Original: {'Y': 92, 'N': 52}
2025-05-08 18:43:08,958 - INFO - Computed 8 metric(s) for DecisionTree on Original
2025-05-08 18:43:08,959 - INFO - Evaluating DecisionTree on Anonymous...
2025-05-08 18:43:08,960 - INFO - Predictions completed for DecisionTree on Anonymous
2025-05-08 18:43:08,960 - INFO - Prediction distribution for DecisionTree on Anonymous: {'N': 75, 'Y': 69}
2025-05-08 18:43:08,968 - INFO - Computed 8 metric(s) for DecisionTree on Anonymous
2025-05-08 18:43:08,968 - INFO - Evaluating DecisionTree on CTGAN_HYBRID...
2025-05-08 18:43:08,969 - INFO - Predictions completed for DecisionTree on CTGAN_HYBRID
2025-05-08 18:43:08,970 - INFO - Prediction distribution for DecisionTree on CTGAN_HYBRID: {'N': 76, 'Y': 68}
2025-05-08 18:43:08,978 - INFO - Computed 8 metric(s) for DecisionTree on CTGAN_HYBRID
2025-05-08 18:43:08,978 - INFO - Evaluating DecisionTree on GaussianCopula_HYBRID...
2025-05-08 18:43:08,979 - INFO - Predictions completed for DecisionTree on GaussianCopula_HYBRID
2025-05-08 18:43:08,979 - INFO - Prediction distribution for DecisionTree on GaussianCopula_HYBRID: {'Y': 82, 'N': 62}
2025-05-08 18:43:08,988 - INFO - Computed 8 metric(s) for DecisionTree on GaussianCopula_HYBRID
2025-05-08 18:43:08,988 - INFO - Preparing evaluation for model 'KNN' across all datasets...
2025-05-08 18:43:08,988 - INFO - Evaluating KNN on Original...
2025-05-08 18:43:08,994 - INFO - Predictions completed for KNN on Original
2025-05-08 18:43:08,995 - INFO - Prediction distribution for KNN on Original: {'Y': 115, 'N': 29}
2025-05-08 18:43:09,006 - INFO - Computed 8 metric(s) for KNN on Original
2025-05-08 18:43:09,006 - INFO - Evaluating KNN on Anonymous...
2025-05-08 18:43:09,012 - INFO - Predictions completed for KNN on Anonymous
2025-05-08 18:43:09,013 - INFO - Prediction distribution for KNN on Anonymous: {'Y': 114, 'N': 30}
2025-05-08 18:43:09,024 - INFO - Computed 8 metric(s) for KNN on Anonymous
2025-05-08 18:43:09,024 - INFO - Evaluating KNN on CTGAN_HYBRID...
2025-05-08 18:43:09,031 - INFO - Predictions completed for KNN on CTGAN_HYBRID
2025-05-08 18:43:09,031 - INFO - Prediction distribution for KNN on CTGAN_HYBRID: {'Y': 98, 'N': 46}
2025-05-08 18:43:09,042 - INFO - Computed 8 metric(s) for KNN on CTGAN_HYBRID
2025-05-08 18:43:09,042 - INFO - Evaluating KNN on GaussianCopula_HYBRID...
2025-05-08 18:43:09,048 - INFO - Predictions completed for KNN on GaussianCopula_HYBRID
2025-05-08 18:43:09,048 - INFO - Prediction distribution for KNN on GaussianCopula_HYBRID: {'Y': 104, 'N': 40}
2025-05-08 18:43:09,059 - INFO - Computed 8 metric(s) for KNN on GaussianCopula_HYBRID
2025-05-08 18:43:09,059 - INFO - Preparing evaluation for model 'LogisticRegression' across all datasets...
2025-05-08 18:43:09,060 - INFO - Evaluating LogisticRegression on Original...
2025-05-08 18:43:09,061 - INFO - Predictions completed for LogisticRegression on Original
2025-05-08 18:43:09,061 - INFO - Prediction distribution for LogisticRegression on Original: {'Y': 115, 'N': 29}
2025-05-08 18:43:09,070 - INFO - Computed 8 metric(s) for LogisticRegression on Original
2025-05-08 18:43:09,070 - INFO - Evaluating LogisticRegression on Anonymous...
2025-05-08 18:43:09,071 - INFO - Predictions completed for LogisticRegression on Anonymous
2025-05-08 18:43:09,071 - INFO - Prediction distribution for LogisticRegression on Anonymous: {'N': 95, 'Y': 49}
2025-05-08 18:43:09,080 - INFO - Computed 8 metric(s) for LogisticRegression on Anonymous
2025-05-08 18:43:09,080 - INFO - Evaluating LogisticRegression on CTGAN_HYBRID...
2025-05-08 18:43:09,081 - INFO - Predictions completed for LogisticRegression on CTGAN_HYBRID
2025-05-08 18:43:09,082 - INFO - Prediction distribution for LogisticRegression on CTGAN_HYBRID: {'N': 93, 'Y': 51}
2025-05-08 18:43:09,090 - INFO - Computed 8 metric(s) for LogisticRegression on CTGAN_HYBRID
2025-05-08 18:43:09,090 - INFO - Evaluating LogisticRegression on GaussianCopula_HYBRID...
2025-05-08 18:43:09,092 - INFO - Predictions completed for LogisticRegression on GaussianCopula_HYBRID
2025-05-08 18:43:09,092 - INFO - Prediction distribution for LogisticRegression on GaussianCopula_HYBRID: {'N': 88, 'Y': 56}
2025-05-08 18:43:09,101 - INFO - Computed 8 metric(s) for LogisticRegression on GaussianCopula_HYBRID
2025-05-08 18:43:09,101 - INFO - Preparing evaluation for model 'RandomForest' across all datasets...
2025-05-08 18:43:09,101 - INFO - Evaluating RandomForest on Original...
2025-05-08 18:43:09,107 - INFO - Predictions completed for RandomForest on Original
2025-05-08 18:43:09,107 - INFO - Prediction distribution for RandomForest on Original: {'Y': 108, 'N': 36}
2025-05-08 18:43:09,126 - INFO - Computed 8 metric(s) for RandomForest on Original
2025-05-08 18:43:09,126 - INFO - Evaluating RandomForest on Anonymous...
2025-05-08 18:43:09,132 - INFO - Predictions completed for RandomForest on Anonymous
2025-05-08 18:43:09,133 - INFO - Prediction distribution for RandomForest on Anonymous: {'N': 76, 'Y': 68}
2025-05-08 18:43:09,151 - INFO - Computed 8 metric(s) for RandomForest on Anonymous
2025-05-08 18:43:09,151 - INFO - Evaluating RandomForest on CTGAN_HYBRID...
2025-05-08 18:43:09,157 - INFO - Predictions completed for RandomForest on CTGAN_HYBRID
2025-05-08 18:43:09,157 - INFO - Prediction distribution for RandomForest on CTGAN_HYBRID: {'Y': 87, 'N': 57}
2025-05-08 18:43:09,176 - INFO - Computed 8 metric(s) for RandomForest on CTGAN_HYBRID
2025-05-08 18:43:09,176 - INFO - Evaluating RandomForest on GaussianCopula_HYBRID...
2025-05-08 18:43:09,182 - INFO - Predictions completed for RandomForest on GaussianCopula_HYBRID
2025-05-08 18:43:09,183 - INFO - Prediction distribution for RandomForest on GaussianCopula_HYBRID: {'Y': 107, 'N': 37}
2025-05-08 18:43:09,202 - INFO - Computed 8 metric(s) for RandomForest on GaussianCopula_HYBRID
2025-05-08 18:43:09,202 - INFO - Preparing evaluation for model 'SVM' across all datasets...
2025-05-08 18:43:09,202 - INFO - Evaluating SVM on Original...
2025-05-08 18:43:09,205 - INFO - Predictions completed for SVM on Original
2025-05-08 18:43:09,205 - INFO - Prediction distribution for SVM on Original: {'Y': 144}
2025-05-08 18:43:09,205 - WARNING -  [WARNING] :SVM on Original predicted only one class: {'Y'}
2025-05-08 18:43:09,207 - WARNING - [UndefinedMetricWarning] Precision is ill-defined and being set to 0.0 in labels with no predicted samples. Use `zero_division` parameter to control this behavior. (from /mnt/NVMETank/Projects/Students/Dele/A-STUDY-INTO-THE-QUALITY-AND-USABILITY-OF-PRIVACY-FRIENDLY-SYNTHETIC-DATA/.venv/lib/python3.12/site-packages/sklearn/metrics/_classification.py:1565)
2025-05-08 18:43:09,208 - WARNING - [UndefinedMetricWarning] Precision is ill-defined and being set to 0.0 in labels with no predicted samples. Use `zero_division` parameter to control this behavior. (from /mnt/NVMETank/Projects/Students/Dele/A-STUDY-INTO-THE-QUALITY-AND-USABILITY-OF-PRIVACY-FRIENDLY-SYNTHETIC-DATA/.venv/lib/python3.12/site-packages/sklearn/metrics/_classification.py:1565)
2025-05-08 18:43:09,210 - WARNING - [UndefinedMetricWarning] Precision is ill-defined and being set to 0.0 in labels with no predicted samples. Use `zero_division` parameter to control this behavior. (from /mnt/NVMETank/Projects/Students/Dele/A-STUDY-INTO-THE-QUALITY-AND-USABILITY-OF-PRIVACY-FRIENDLY-SYNTHETIC-DATA/.venv/lib/python3.12/site-packages/sklearn/metrics/_classification.py:1565)
2025-05-08 18:43:09,212 - INFO - Computed 8 metric(s) for SVM on Original
2025-05-08 18:43:09,212 - INFO - Evaluating SVM on Anonymous...
2025-05-08 18:43:09,214 - INFO - Predictions completed for SVM on Anonymous
2025-05-08 18:43:09,214 - INFO - Prediction distribution for SVM on Anonymous: {'Y': 144}
2025-05-08 18:43:09,214 - WARNING -  [WARNING] :SVM on Anonymous predicted only one class: {'Y'}
2025-05-08 18:43:09,216 - WARNING - [UndefinedMetricWarning] Precision is ill-defined and being set to 0.0 in labels with no predicted samples. Use `zero_division` parameter to control this behavior. (from /mnt/NVMETank/Projects/Students/Dele/A-STUDY-INTO-THE-QUALITY-AND-USABILITY-OF-PRIVACY-FRIENDLY-SYNTHETIC-DATA/.venv/lib/python3.12/site-packages/sklearn/metrics/_classification.py:1565)
2025-05-08 18:43:09,217 - WARNING - [UndefinedMetricWarning] Precision is ill-defined and being set to 0.0 in labels with no predicted samples. Use `zero_division` parameter to control this behavior. (from /mnt/NVMETank/Projects/Students/Dele/A-STUDY-INTO-THE-QUALITY-AND-USABILITY-OF-PRIVACY-FRIENDLY-SYNTHETIC-DATA/.venv/lib/python3.12/site-packages/sklearn/metrics/_classification.py:1565)
2025-05-08 18:43:09,219 - WARNING - [UndefinedMetricWarning] Precision is ill-defined and being set to 0.0 in labels with no predicted samples. Use `zero_division` parameter to control this behavior. (from /mnt/NVMETank/Projects/Students/Dele/A-STUDY-INTO-THE-QUALITY-AND-USABILITY-OF-PRIVACY-FRIENDLY-SYNTHETIC-DATA/.venv/lib/python3.12/site-packages/sklearn/metrics/_classification.py:1565)
2025-05-08 18:43:09,221 - INFO - Computed 8 metric(s) for SVM on Anonymous
2025-05-08 18:43:09,221 - INFO - Evaluating SVM on CTGAN_HYBRID...
2025-05-08 18:43:09,223 - INFO - Predictions completed for SVM on CTGAN_HYBRID
2025-05-08 18:43:09,224 - INFO - Prediction distribution for SVM on CTGAN_HYBRID: {'Y': 137, 'N': 7}
2025-05-08 18:43:09,230 - INFO - Computed 8 metric(s) for SVM on CTGAN_HYBRID
2025-05-08 18:43:09,230 - INFO - Evaluating SVM on GaussianCopula_HYBRID...
2025-05-08 18:43:09,232 - INFO - Predictions completed for SVM on GaussianCopula_HYBRID
2025-05-08 18:43:09,232 - INFO - Prediction distribution for SVM on GaussianCopula_HYBRID: {'Y': 144}
2025-05-08 18:43:09,232 - WARNING -  [WARNING] :SVM on GaussianCopula_HYBRID predicted only one class: {'Y'}
2025-05-08 18:43:09,234 - WARNING - [UndefinedMetricWarning] Precision is ill-defined and being set to 0.0 in labels with no predicted samples. Use `zero_division` parameter to control this behavior. (from /mnt/NVMETank/Projects/Students/Dele/A-STUDY-INTO-THE-QUALITY-AND-USABILITY-OF-PRIVACY-FRIENDLY-SYNTHETIC-DATA/.venv/lib/python3.12/site-packages/sklearn/metrics/_classification.py:1565)
2025-05-08 18:43:09,236 - WARNING - [UndefinedMetricWarning] Precision is ill-defined and being set to 0.0 in labels with no predicted samples. Use `zero_division` parameter to control this behavior. (from /mnt/NVMETank/Projects/Students/Dele/A-STUDY-INTO-THE-QUALITY-AND-USABILITY-OF-PRIVACY-FRIENDLY-SYNTHETIC-DATA/.venv/lib/python3.12/site-packages/sklearn/metrics/_classification.py:1565)
2025-05-08 18:43:09,237 - WARNING - [UndefinedMetricWarning] Precision is ill-defined and being set to 0.0 in labels with no predicted samples. Use `zero_division` parameter to control this behavior. (from /mnt/NVMETank/Projects/Students/Dele/A-STUDY-INTO-THE-QUALITY-AND-USABILITY-OF-PRIVACY-FRIENDLY-SYNTHETIC-DATA/.venv/lib/python3.12/site-packages/sklearn/metrics/_classification.py:1565)
2025-05-08 18:43:09,239 - INFO - Computed 8 metric(s) for SVM on GaussianCopula_HYBRID
2025-05-08 18:43:09,243 - INFO - Evaluation completed for all models.
2025-05-08 18:43:09,243 - INFO - Model evaluation completed in 0.29 seconds.
2025-05-08 18:43:09,245 - INFO - Evaluated models: ['DecisionTree', 'KNN', 'LogisticRegression', 'RandomForest', 'SVM']
2025-05-08 18:43:09,245 - INFO - Model Training and Evaluation completed.
2025-05-08 18:43:09,818 - INFO -  Visualizations saved.
2025-05-08 18:43:09,818 - INFO -  Benchmarking Completed. Results saved in output folder.
