2025-05-08 18:48:38,063 - INFO - Loaded config file: configs/generated_configs/loan/loan_anon_k11_sl0p1_l10.yaml
2025-05-08 18:48:38,063 - INFO -  Benchmarking started for dataset: loan
2025-05-08 18:48:38,063 - INFO - Using dataset path: /mnt/NVMETank/Projects/Students/Dele/A-STUDY-INTO-THE-QUALITY-AND-USABILITY-OF-PRIVACY-FRIENDLY-SYNTHETIC-DATA/datasets/original/loan.csv
2025-05-08 18:48:38,063 - INFO - Target column: Loan_Status, separator: ','
2025-05-08 18:48:38,063 - INFO - Configuration loaded: enable_anonymization = True, enable_synthesis = False, enable_hybrid = True, enable_utility = True, delete_after_evaluation = False
2025-05-08 18:48:38,063 - INFO - Running preprocessing...
2025-05-08 18:48:38,068 - INFO -  [PREPROCESSING] Preprocessed files found. Skipping preprocessing.
2025-05-08 18:48:38,076 - INFO - Preprocessing completed. Rows before: 614, after: 336
2025-05-08 18:48:38,076 - INFO - Preprocessed data saved to: outputs/batch/loan_batch_2025-05-08_18-38-44/loan_anon_k11_sl0p1_l10/preprocessing_report.txt
2025-05-08 18:48:38,076 - INFO - enable_anonymization = True
2025-05-08 18:48:38,076 - INFO - Starting Anonymization Pipeline with output path: /mnt/NVMETank/Projects/Students/Dele/A-STUDY-INTO-THE-QUALITY-AND-USABILITY-OF-PRIVACY-FRIENDLY-SYNTHETIC-DATA/datasets/anonymized/loan_k11_l10_sup10_anonymized.csv.......
2025-05-08 18:48:38,081 - INFO -  [ANONYMIZATION] Executing run_anonymization, config_path : configs/generated_configs/loan/loan_anon_k11_sl0p1_l10.yaml...........
2025-05-08 18:48:38,081 - INFO -  [ANONYMIZATION] Using JAR file at /mnt/NVMETank/Projects/Students/Dele/A-STUDY-INTO-THE-QUALITY-AND-USABILITY-OF-PRIVACY-FRIENDLY-SYNTHETIC-DATA/src/anonymization/anonymARXij/bin/anonymARXij.jar to anonymize the dataset.
2025-05-08 18:48:39,343 - INFO -  [ANONYMIZATION] Anonimized file saved to : /mnt/NVMETank/Projects/Students/Dele/A-STUDY-INTO-THE-QUALITY-AND-USABILITY-OF-PRIVACY-FRIENDLY-SYNTHETIC-DATA/datasets/anonymized/loan_k11_l10_sup10_anonymized.csv
2025-05-08 18:48:39,343 - INFO -  [ANONYMIZATION] Java anonymization completed successfully.
2025-05-08 18:48:39,343 - INFO -  [ANONYMIZATION] Java STDOUT:
📄 Java received config path: /mnt/NVMETank/Projects/Students/Dele/A-STUDY-INTO-THE-QUALITY-AND-USABILITY-OF-PRIVACY-FRIENDLY-SYNTHETIC-DATA/configs/generated_configs/loan/loan_anon_k11_sl0p1_l10.yaml
🔹 Loading config from: /mnt/NVMETank/Projects/Students/Dele/A-STUDY-INTO-THE-QUALITY-AND-USABILITY-OF-PRIVACY-FRIENDLY-SYNTHETIC-DATA/configs/generated_configs/loan/loan_anon_k11_sl0p1_l10.yaml
Loading config from: /mnt/NVMETank/Projects/Students/Dele/A-STUDY-INTO-THE-QUALITY-AND-USABILITY-OF-PRIVACY-FRIENDLY-SYNTHETIC-DATA/configs/generated_configs/loan/loan_anon_k11_sl0p1_l10.yaml
📂 Dataset Path (from args): /mnt/NVMETank/Projects/Students/Dele/A-STUDY-INTO-THE-QUALITY-AND-USABILITY-OF-PRIVACY-FRIENDLY-SYNTHETIC-DATA/datasets/train/loan_train_raw.csv
🔹 Dataset Separator: ,
🔹 Suppression Limit: 0.1

🔹 Configured Attributes:
  ✅ Quasi-Identifier: Gender
  ✅ Quasi-Identifier: Married
  ✅ Quasi-Identifier: Education
  ✅ Quasi-Identifier: Dependents
  ✅ Quasi-Identifier: Self_Employed
  ✅ Quasi-Identifier: Property_Area
  ✅ Quasi-Identifier: Credit_History
  ✅ Quasi-Identifier: Loan_Amount_Term
  ✅ Sensitive Attribute: LoanAmount
  ✅ Insensitive Attribute: Loan_Status
  ✅ Insensitive Attribute: ApplicantIncome
  ✅ Insensitive Attribute: CoapplicantIncome

🔹 Defined Hierarchies:
  ✅ Property_Area -> /mnt/NVMETank/Projects/Students/Dele/A-STUDY-INTO-THE-QUALITY-AND-USABILITY-OF-PRIVACY-FRIENDLY-SYNTHETIC-DATA/src/anonymization/anonymARXij/src/hierarchies_loan/property_area.csv
  ✅ Self_Employed -> /mnt/NVMETank/Projects/Students/Dele/A-STUDY-INTO-THE-QUALITY-AND-USABILITY-OF-PRIVACY-FRIENDLY-SYNTHETIC-DATA/src/anonymization/anonymARXij/src/hierarchies_loan/self_employed.csv
  ✅ Credit_History -> /mnt/NVMETank/Projects/Students/Dele/A-STUDY-INTO-THE-QUALITY-AND-USABILITY-OF-PRIVACY-FRIENDLY-SYNTHETIC-DATA/src/anonymization/anonymARXij/src/hierarchies_loan/credit_history.csv
  ✅ Dependents -> /mnt/NVMETank/Projects/Students/Dele/A-STUDY-INTO-THE-QUALITY-AND-USABILITY-OF-PRIVACY-FRIENDLY-SYNTHETIC-DATA/src/anonymization/anonymARXij/src/hierarchies_loan/dependents.csv
  ✅ Education -> /mnt/NVMETank/Projects/Students/Dele/A-STUDY-INTO-THE-QUALITY-AND-USABILITY-OF-PRIVACY-FRIENDLY-SYNTHETIC-DATA/src/anonymization/anonymARXij/src/hierarchies_loan/education.csv
  ✅ Loan_Amount_Term -> /mnt/NVMETank/Projects/Students/Dele/A-STUDY-INTO-THE-QUALITY-AND-USABILITY-OF-PRIVACY-FRIENDLY-SYNTHETIC-DATA/src/anonymization/anonymARXij/src/hierarchies_loan/loan_amount_terms.csv
  ✅ Married -> /mnt/NVMETank/Projects/Students/Dele/A-STUDY-INTO-THE-QUALITY-AND-USABILITY-OF-PRIVACY-FRIENDLY-SYNTHETIC-DATA/src/anonymization/anonymARXij/src/hierarchies_loan/married.csv
  ✅ Gender -> /mnt/NVMETank/Projects/Students/Dele/A-STUDY-INTO-THE-QUALITY-AND-USABILITY-OF-PRIVACY-FRIENDLY-SYNTHETIC-DATA/src/anonymization/anonymARXij/src/hierarchies_loan/gender.csv
Java is searching for hierarchy file at: /mnt/NVMETank/Projects/Students/Dele/A-STUDY-INTO-THE-QUALITY-AND-USABILITY-OF-PRIVACY-FRIENDLY-SYNTHETIC-DATA/src/anonymization/anonymARXij/src/hierarchies_loan/property_area.csv
Java is searching for hierarchy file at: /mnt/NVMETank/Projects/Students/Dele/A-STUDY-INTO-THE-QUALITY-AND-USABILITY-OF-PRIVACY-FRIENDLY-SYNTHETIC-DATA/src/anonymization/anonymARXij/src/hierarchies_loan/self_employed.csv
Java is searching for hierarchy file at: /mnt/NVMETank/Projects/Students/Dele/A-STUDY-INTO-THE-QUALITY-AND-USABILITY-OF-PRIVACY-FRIENDLY-SYNTHETIC-DATA/src/anonymization/anonymARXij/src/hierarchies_loan/credit_history.csv
Java is searching for hierarchy file at: /mnt/NVMETank/Projects/Students/Dele/A-STUDY-INTO-THE-QUALITY-AND-USABILITY-OF-PRIVACY-FRIENDLY-SYNTHETIC-DATA/src/anonymization/anonymARXij/src/hierarchies_loan/dependents.csv
Java is searching for hierarchy file at: /mnt/NVMETank/Projects/Students/Dele/A-STUDY-INTO-THE-QUALITY-AND-USABILITY-OF-PRIVACY-FRIENDLY-SYNTHETIC-DATA/src/anonymization/anonymARXij/src/hierarchies_loan/education.csv
Java is searching for hierarchy file at: /mnt/NVMETank/Projects/Students/Dele/A-STUDY-INTO-THE-QUALITY-AND-USABILITY-OF-PRIVACY-FRIENDLY-SYNTHETIC-DATA/src/anonymization/anonymARXij/src/hierarchies_loan/loan_amount_terms.csv
Java is searching for hierarchy file at: /mnt/NVMETank/Projects/Students/Dele/A-STUDY-INTO-THE-QUALITY-AND-USABILITY-OF-PRIVACY-FRIENDLY-SYNTHETIC-DATA/src/anonymization/anonymARXij/src/hierarchies_loan/married.csv
Java is searching for hierarchy file at: /mnt/NVMETank/Projects/Students/Dele/A-STUDY-INTO-THE-QUALITY-AND-USABILITY-OF-PRIVACY-FRIENDLY-SYNTHETIC-DATA/src/anonymization/anonymARXij/src/hierarchies_loan/gender.csv
✓ Applied Entropy L-Diversity on: LoanAmount (l=10)
🔹 Privacy Models Configured
📂 Anonymized Output Path (from args): /mnt/NVMETank/Projects/Students/Dele/A-STUDY-INTO-THE-QUALITY-AND-USABILITY-OF-PRIVACY-FRIENDLY-SYNTHETIC-DATA/datasets/anonymized/loan_k11_l10_sup10_anonymized.csv
📂 Anonymized Output Path: /mnt/NVMETank/Projects/Students/Dele/A-STUDY-INTO-THE-QUALITY-AND-USABILITY-OF-PRIVACY-FRIENDLY-SYNTHETIC-DATA/datasets/anonymized/loan_k11_l10_sup10_anonymized.csv
✅ Anonymization completed. Output saved to: /mnt/NVMETank/Projects/Students/Dele/A-STUDY-INTO-THE-QUALITY-AND-USABILITY-OF-PRIVACY-FRIENDLY-SYNTHETIC-DATA/datasets/anonymized/loan_k11_l10_sup10_anonymized.csv
Anonymized Data Quality Metrics:
 - Ambiguity: 0.9010629045006432
 - AECS: 0.9235339001526052
 - Discernibility: 0.8123260688857566
 - Granularity: 0.48999173802012996
 - MSE: 0.08587749615975426
 - Non-Uniform Entropy: 0.4235697854002125
 - Precision: 0.5139508928571429
 - Record-level SE: 0.2716500778373895
Equivalence Class Statistics:
 - Number of Classes: 11
 - Average Class Size: 27.90909090909091
Suppression Statistics:
 - Suppressed Records: 29
 - Suppression Percentage: 8.63%
2025-05-08 18:48:39,343 - INFO - Anonymized data saved to: /mnt/NVMETank/Projects/Students/Dele/A-STUDY-INTO-THE-QUALITY-AND-USABILITY-OF-PRIVACY-FRIENDLY-SYNTHETIC-DATA/datasets/anonymized/loan_k11_l10_sup10_anonymized.csv
2025-05-08 18:48:39,352 - INFO - Anonymous data report saved at: outputs/batch/loan_batch_2025-05-08_18-38-44/loan_anon_k11_sl0p1_l10/anonymous_data_report.txt
2025-05-08 18:48:39,352 - INFO -  [POSTPROCESSING] Postprocessing anonymized data: /mnt/NVMETank/Projects/Students/Dele/A-STUDY-INTO-THE-QUALITY-AND-USABILITY-OF-PRIVACY-FRIENDLY-SYNTHETIC-DATA/datasets/anonymized/loan_k11_l10_sup10_anonymized.csv
2025-05-08 18:48:39,353 - INFO -  [POSTPROCESSING] Loaded anonymized data: (336, 12)
2025-05-08 18:48:39,357 - INFO -  [POSTPROCESSING] Loaded fallback maps from training data. Categorical cols: 7, Numeric cols: 5
2025-05-08 18:48:39,358 - INFO -  [POSTPROCESSING] Normalizing anonymized data using ARX artifact cleaning and fallback values.
2025-05-08 18:48:39,368 - INFO -  [POSTPROCESSING] Normalized anonymized data saved to: /mnt/NVMETank/Projects/Students/Dele/A-STUDY-INTO-THE-QUALITY-AND-USABILITY-OF-PRIVACY-FRIENDLY-SYNTHETIC-DATA/datasets/anonymized/loan_k11_l10_sup10_anonymized_processed.csv
2025-05-08 18:48:39,375 - INFO -  [POSTPROCESSING] Binary Encoding applied to anonymized data. Encoded shape: (336, 19)
2025-05-08 18:48:39,377 - INFO -  [POSTPROCESSING] Encoded anonymized dataset saved to: /mnt/NVMETank/Projects/Students/Dele/A-STUDY-INTO-THE-QUALITY-AND-USABILITY-OF-PRIVACY-FRIENDLY-SYNTHETIC-DATA/datasets/anonymized/loan_k11_l10_sup10_anonymized_encoded.csv
2025-05-08 18:48:39,377 - INFO -  [POSTPROCESSING] Encoding map generated for anonymized data: 0 original categorical columns.
2025-05-08 18:48:39,377 - INFO - Postprocessing report saved at: outputs/batch/loan_batch_2025-05-08_18-38-44/loan_anon_k11_sl0p1_l10/postprocessing_report.txt
2025-05-08 18:48:39,377 - INFO - enable_synthetic_generation = False
2025-05-08 18:48:39,377 - INFO - Synthetic Data Generation Skipped (Disabled in Configuration).
2025-05-08 18:48:39,377 - INFO - Running Hybrid Pipeline...
2025-05-08 18:48:39,377 - INFO -  [HYBRID] Executing run_hybrid...
2025-05-08 18:48:39,377 - INFO -  [HYBRID] Looking for encoded anonymized data in /mnt/NVMETank/Projects/Students/Dele/A-STUDY-INTO-THE-QUALITY-AND-USABILITY-OF-PRIVACY-FRIENDLY-SYNTHETIC-DATA/datasets/anonymized/loan_k11_l10_sup10_anonymized_encoded.csv
2025-05-08 18:48:39,377 - INFO -  [HYBRID ] Loaded cached encoded anonymous data from /mnt/NVMETank/Projects/Students/Dele/A-STUDY-INTO-THE-QUALITY-AND-USABILITY-OF-PRIVACY-FRIENDLY-SYNTHETIC-DATA/datasets/anonymized/loan_k11_l10_sup10_anonymized_encoded.csv
2025-05-08 18:48:39,378 - INFO -  [HYBRID] Starting synthetic generation for hybrid pipeline...
2025-05-08 18:48:39,378 - INFO - Executing run_synthetic.....
2025-05-08 18:48:39,378 - INFO - [SYNTHETIC PIPELINE] executing run_synthetic for loan_k11_l10_sup10...
2025-05-08 18:48:39,379 - INFO - [SYNTHETIC] Processing dataset: loan_k11_l10_sup10
2025-05-08 18:48:39,379 - INFO - [SYNTHETIC] Original dataset size: 336 rows
2025-05-08 18:48:39,388 - INFO - Detected metadata:
2025-05-08 18:48:39,388 - INFO - {
    "METADATA_SPEC_VERSION": "SINGLE_TABLE_V1",
    "columns": {
        "Gender_0": {
            "sdtype": "categorical"
        },
        "Gender_1": {
            "sdtype": "categorical"
        },
        "Married_0": {
            "sdtype": "categorical"
        },
        "Married_1": {
            "sdtype": "categorical"
        },
        "Dependents_0": {
            "sdtype": "categorical"
        },
        "Dependents_1": {
            "sdtype": "categorical"
        },
        "Dependents_2": {
            "sdtype": "categorical"
        },
        "Education_0": {
            "sdtype": "categorical"
        },
        "Education_1": {
            "sdtype": "categorical"
        },
        "Self_Employed_0": {
            "sdtype": "categorical"
        },
        "Self_Employed_1": {
            "sdtype": "categorical"
        },
        "ApplicantIncome": {
            "sdtype": "numerical"
        },
        "CoapplicantIncome": {
            "sdtype": "numerical"
        },
        "LoanAmount": {
            "sdtype": "numerical"
        },
        "Loan_Amount_Term": {
            "sdtype": "categorical"
        },
        "Credit_History": {
            "sdtype": "categorical"
        },
        "Property_Area_0": {
            "sdtype": "categorical"
        },
        "Property_Area_1": {
            "sdtype": "categorical"
        },
        "Loan_Status": {
            "sdtype": "categorical"
        }
    }
}
2025-05-08 18:48:39,388 - INFO - [SYNTHETIC] Preparing synthesizer: CTGAN
2025-05-08 18:48:39,388 - INFO - [SYNTHETIC] Params from config: {'epochs': 300}
2025-05-08 18:48:39,388 - INFO -  [SYNTHETIC] No pre-trained synthesizer found
2025-05-08 18:48:39,388 - INFO - [SYNTHETIC] Training new CTGAN synthesizer from scratch...
2025-05-08 18:48:39,388 - WARNING - [FutureWarning] The 'SingleTableMetadata' is deprecated. Please use the new 'Metadata' class for synthesizers. (from /mnt/NVMETank/Projects/Students/Dele/A-STUDY-INTO-THE-QUALITY-AND-USABILITY-OF-PRIVACY-FRIENDLY-SYNTHETIC-DATA/.venv/lib/python3.12/site-packages/sdv/single_table/base.py:119)
2025-05-08 18:48:39,388 - WARNING - [UserWarning] We strongly recommend saving the metadata using 'save_to_json' for replicability in future SDV versions. (from /mnt/NVMETank/Projects/Students/Dele/A-STUDY-INTO-THE-QUALITY-AND-USABILITY-OF-PRIVACY-FRIENDLY-SYNTHETIC-DATA/.venv/lib/python3.12/site-packages/sdv/single_table/base.py:104)
2025-05-08 18:48:39,393 - INFO - {'EVENT': 'Instance', 'TIMESTAMP': datetime.datetime(2025, 5, 8, 18, 48, 39, 393047), 'SYNTHESIZER CLASS NAME': 'CTGANSynthesizer', 'SYNTHESIZER ID': 'CTGANSynthesizer_1.18.0_c07a3be2585348538a06b9d679f7ab66'}
2025-05-08 18:48:39,393 - INFO - [SYNTHETIC] CTGAN initialized with epochs: 300
2025-05-08 18:48:39,393 - INFO - [SYNTHETIC] Training parameters for CTGAN: {}
2025-05-08 18:48:39,393 - INFO - [SYNTHETIC] fitting CTGAN 
2025-05-08 18:48:39,393 - INFO - {'EVENT': 'Fit', 'TIMESTAMP': datetime.datetime(2025, 5, 8, 18, 48, 39, 393268), 'SYNTHESIZER CLASS NAME': 'CTGANSynthesizer', 'SYNTHESIZER ID': 'CTGANSynthesizer_1.18.0_c07a3be2585348538a06b9d679f7ab66', 'TOTAL NUMBER OF TABLES': 1, 'TOTAL NUMBER OF ROWS': 336, 'TOTAL NUMBER OF COLUMNS': 19}
2025-05-08 18:48:39,394 - INFO - Fitting table  metadata
2025-05-08 18:48:39,394 - INFO - Fitting formatters for table 
2025-05-08 18:48:39,396 - INFO - Fitting constraints for table 
2025-05-08 18:48:39,396 - INFO - Setting the configuration for the ``HyperTransformer`` for table 
2025-05-08 18:48:39,397 - INFO - Fitting HyperTransformer for table 
2025-05-08 18:48:39,410 - INFO - {'EVENT': 'Fit processed data', 'TIMESTAMP': datetime.datetime(2025, 5, 8, 18, 48, 39, 410739), 'SYNTHESIZER CLASS NAME': 'CTGANSynthesizer', 'SYNTHESIZER ID': 'CTGANSynthesizer_1.18.0_c07a3be2585348538a06b9d679f7ab66', 'TOTAL NUMBER OF TABLES': 1, 'TOTAL NUMBER OF ROWS': 336, 'TOTAL NUMBER OF COLUMNS': 19}
2025-05-08 18:48:39,449 - INFO - Guidance: There are no missing values in column ApplicantIncome. Extra column not created.
2025-05-08 18:48:39,599 - INFO - Guidance: There are no missing values in column CoapplicantIncome. Extra column not created.
2025-05-08 18:48:39,646 - INFO - Guidance: There are no missing values in column LoanAmount. Extra column not created.
2025-05-08 18:48:59,945 - INFO - [SYNTHETIC] Fitting complete for CTGAN. Duration: 20.55 seconds.
2025-05-08 18:48:59,945 - INFO - [SYNTHETIC] CONFIRMATION CTGAN actually trained with epochs = 300
2025-05-08 18:48:59,945 - INFO - {'EVENT': 'Save', 'TIMESTAMP': datetime.datetime(2025, 5, 8, 18, 48, 59, 945583), 'SYNTHESIZER CLASS NAME': 'CTGANSynthesizer', 'SYNTHESIZER ID': 'CTGANSynthesizer_1.18.0_c07a3be2585348538a06b9d679f7ab66'}
2025-05-08 18:48:59,988 - INFO - [SYNTHETIC] CTGAN trained and saved.
2025-05-08 18:48:59,988 - INFO - [SYNTHETIC] Preparing synthesizer: GaussianCopula
2025-05-08 18:48:59,988 - INFO - [SYNTHETIC] Params from config: {}
2025-05-08 18:48:59,988 - INFO -  [SYNTHETIC] No pre-trained synthesizer found
2025-05-08 18:48:59,988 - INFO - [SYNTHETIC] Training new GaussianCopula synthesizer from scratch...
2025-05-08 18:48:59,988 - WARNING - [FutureWarning] The 'SingleTableMetadata' is deprecated. Please use the new 'Metadata' class for synthesizers. (from /mnt/NVMETank/Projects/Students/Dele/A-STUDY-INTO-THE-QUALITY-AND-USABILITY-OF-PRIVACY-FRIENDLY-SYNTHETIC-DATA/.venv/lib/python3.12/site-packages/sdv/single_table/base.py:119)
2025-05-08 18:48:59,991 - INFO - {'EVENT': 'Instance', 'TIMESTAMP': datetime.datetime(2025, 5, 8, 18, 48, 59, 991034), 'SYNTHESIZER CLASS NAME': 'GaussianCopulaSynthesizer', 'SYNTHESIZER ID': 'GaussianCopulaSynthesizer_1.18.0_7bee5c6f474d4b8e8d2dd32caeec1106'}
2025-05-08 18:48:59,991 - INFO - [SYNTHETIC] fitting GaussianCopula 
2025-05-08 18:48:59,991 - INFO - {'EVENT': 'Fit', 'TIMESTAMP': datetime.datetime(2025, 5, 8, 18, 48, 59, 991180), 'SYNTHESIZER CLASS NAME': 'GaussianCopulaSynthesizer', 'SYNTHESIZER ID': 'GaussianCopulaSynthesizer_1.18.0_7bee5c6f474d4b8e8d2dd32caeec1106', 'TOTAL NUMBER OF TABLES': 1, 'TOTAL NUMBER OF ROWS': 336, 'TOTAL NUMBER OF COLUMNS': 19}
2025-05-08 18:48:59,992 - INFO - Fitting table  metadata
2025-05-08 18:48:59,992 - INFO - Fitting formatters for table 
2025-05-08 18:48:59,994 - INFO - Fitting constraints for table 
2025-05-08 18:48:59,994 - INFO - Setting the configuration for the ``HyperTransformer`` for table 
2025-05-08 18:49:00,000 - INFO - Fitting HyperTransformer for table 
2025-05-08 18:49:00,099 - INFO - {'EVENT': 'Fit processed data', 'TIMESTAMP': datetime.datetime(2025, 5, 8, 18, 49, 0, 99154), 'SYNTHESIZER CLASS NAME': 'GaussianCopulaSynthesizer', 'SYNTHESIZER ID': 'GaussianCopulaSynthesizer_1.18.0_7bee5c6f474d4b8e8d2dd32caeec1106', 'TOTAL NUMBER OF TABLES': 1, 'TOTAL NUMBER OF ROWS': 336, 'TOTAL NUMBER OF COLUMNS': 19}
2025-05-08 18:49:00,099 - INFO - Fitting GaussianMultivariate(distribution="{'Gender_0': <class 'copulas.univariate.beta.BetaUnivariate'>, 'Gender_1': <class 'copulas.univariate.beta.BetaUnivariate'>, 'Married_0': <class 'copulas.univariate.beta.BetaUnivariate'>, 'Married_1': <class 'copulas.univariate.beta.BetaUnivariate'>, 'Dependents_0': <class 'copulas.univariate.beta.BetaUnivariate'>, 'Dependents_1': <class 'copulas.univariate.beta.BetaUnivariate'>, 'Dependents_2': <class 'copulas.univariate.beta.BetaUnivariate'>, 'Education_0': <class 'copulas.univariate.beta.BetaUnivariate'>, 'Education_1': <class 'copulas.univariate.beta.BetaUnivariate'>, 'Self_Employed_0': <class 'copulas.univariate.beta.BetaUnivariate'>, 'Self_Employed_1': <class 'copulas.univariate.beta.BetaUnivariate'>, 'ApplicantIncome': <class 'copulas.univariate.beta.BetaUnivariate'>, 'CoapplicantIncome': <class 'copulas.univariate.beta.BetaUnivariate'>, 'LoanAmount': <class 'copulas.univariate.beta.BetaUnivariate'>, 'Loan_Amount_Term': <class 'copulas.univariate.beta.BetaUnivariate'>, 'Credit_History': <class 'copulas.univariate.beta.BetaUnivariate'>, 'Property_Area_0': <class 'copulas.univariate.beta.BetaUnivariate'>, 'Property_Area_1': <class 'copulas.univariate.beta.BetaUnivariate'>, 'Loan_Status': <class 'copulas.univariate.beta.BetaUnivariate'>}")
2025-05-08 18:49:00,760 - INFO - [SYNTHETIC] Fitting complete for GaussianCopula. Duration: 0.77 seconds.
2025-05-08 18:49:00,760 - WARNING - [SYNTHETIC] WARNING Could not determine actual epochs used for GaussianCopula
2025-05-08 18:49:00,760 - INFO - {'EVENT': 'Save', 'TIMESTAMP': datetime.datetime(2025, 5, 8, 18, 49, 0, 760786), 'SYNTHESIZER CLASS NAME': 'GaussianCopulaSynthesizer', 'SYNTHESIZER ID': 'GaussianCopulaSynthesizer_1.18.0_7bee5c6f474d4b8e8d2dd32caeec1106'}
2025-05-08 18:49:00,768 - INFO - [SYNTHETIC] GaussianCopula trained and saved.
2025-05-08 18:49:00,768 - INFO - [SYNTHETIC] Preparing synthesizer: TVAE
2025-05-08 18:49:00,768 - INFO - [SYNTHETIC] Params from config: {'epochs': 300}
2025-05-08 18:49:00,768 - INFO -  [SYNTHETIC] No pre-trained synthesizer found
2025-05-08 18:49:00,768 - INFO - [SYNTHETIC] Training new TVAE synthesizer from scratch...
2025-05-08 18:49:00,768 - WARNING - [FutureWarning] The 'SingleTableMetadata' is deprecated. Please use the new 'Metadata' class for synthesizers. (from /mnt/NVMETank/Projects/Students/Dele/A-STUDY-INTO-THE-QUALITY-AND-USABILITY-OF-PRIVACY-FRIENDLY-SYNTHETIC-DATA/.venv/lib/python3.12/site-packages/sdv/single_table/base.py:119)
2025-05-08 18:49:00,771 - INFO - {'EVENT': 'Instance', 'TIMESTAMP': datetime.datetime(2025, 5, 8, 18, 49, 0, 771100), 'SYNTHESIZER CLASS NAME': 'TVAESynthesizer', 'SYNTHESIZER ID': 'TVAESynthesizer_1.18.0_8b1ff00102bb44919559735eb06cf5c5'}
2025-05-08 18:49:00,771 - INFO - [SYNTHETIC] TVAE initialized with epochs: 300
2025-05-08 18:49:00,771 - INFO - [SYNTHETIC] Training parameters for TVAE: {}
2025-05-08 18:49:00,771 - INFO - [SYNTHETIC] fitting TVAE 
2025-05-08 18:49:00,771 - INFO - {'EVENT': 'Fit', 'TIMESTAMP': datetime.datetime(2025, 5, 8, 18, 49, 0, 771334), 'SYNTHESIZER CLASS NAME': 'TVAESynthesizer', 'SYNTHESIZER ID': 'TVAESynthesizer_1.18.0_8b1ff00102bb44919559735eb06cf5c5', 'TOTAL NUMBER OF TABLES': 1, 'TOTAL NUMBER OF ROWS': 336, 'TOTAL NUMBER OF COLUMNS': 19}
2025-05-08 18:49:00,772 - INFO - Fitting table  metadata
2025-05-08 18:49:00,772 - INFO - Fitting formatters for table 
2025-05-08 18:49:00,774 - INFO - Fitting constraints for table 
2025-05-08 18:49:00,774 - INFO - Setting the configuration for the ``HyperTransformer`` for table 
2025-05-08 18:49:00,775 - INFO - Fitting HyperTransformer for table 
2025-05-08 18:49:00,791 - INFO - {'EVENT': 'Fit processed data', 'TIMESTAMP': datetime.datetime(2025, 5, 8, 18, 49, 0, 791771), 'SYNTHESIZER CLASS NAME': 'TVAESynthesizer', 'SYNTHESIZER ID': 'TVAESynthesizer_1.18.0_8b1ff00102bb44919559735eb06cf5c5', 'TOTAL NUMBER OF TABLES': 1, 'TOTAL NUMBER OF ROWS': 336, 'TOTAL NUMBER OF COLUMNS': 19}
2025-05-08 18:49:00,805 - INFO - Guidance: There are no missing values in column ApplicantIncome. Extra column not created.
2025-05-08 18:49:00,889 - INFO - Guidance: There are no missing values in column CoapplicantIncome. Extra column not created.
2025-05-08 18:49:00,925 - INFO - Guidance: There are no missing values in column LoanAmount. Extra column not created.
2025-05-08 18:49:03,542 - INFO - [SYNTHETIC] Fitting complete for TVAE. Duration: 2.77 seconds.
2025-05-08 18:49:03,542 - INFO - [SYNTHETIC] CONFIRMATION TVAE actually trained with epochs = 300
2025-05-08 18:49:03,542 - INFO - {'EVENT': 'Save', 'TIMESTAMP': datetime.datetime(2025, 5, 8, 18, 49, 3, 542485), 'SYNTHESIZER CLASS NAME': 'TVAESynthesizer', 'SYNTHESIZER ID': 'TVAESynthesizer_1.18.0_8b1ff00102bb44919559735eb06cf5c5'}
2025-05-08 18:49:03,577 - INFO - [SYNTHETIC] TVAE trained and saved.
2025-05-08 18:49:03,577 - INFO - [SYNTHETIC] Using CTGAN to generate 336 rows...
2025-05-08 18:49:03,668 - INFO - {'EVENT': 'Sample', 'TIMESTAMP': datetime.datetime(2025, 5, 8, 18, 49, 3, 577563), 'SYNTHESIZER CLASS NAME': 'CTGANSynthesizer', 'SYNTHESIZER ID': 'CTGANSynthesizer_1.18.0_c07a3be2585348538a06b9d679f7ab66', 'TOTAL NUMBER OF TABLES': 1, 'TOTAL NUMBER OF ROWS': 336, 'TOTAL NUMBER OF COLUMNS': 19}
2025-05-08 18:49:03,668 - INFO - [SYNTHETIC] CTGAN completed: 336 rows generated.
2025-05-08 18:49:03,668 - INFO - [SYNTHETIC] Target class distribution for CTGAN: {'Y': 228, 'N': 108}
2025-05-08 18:49:03,668 - INFO - [SYNTHETIC] Using GaussianCopula to generate 336 rows...
2025-05-08 18:49:03,741 - INFO - {'EVENT': 'Sample', 'TIMESTAMP': datetime.datetime(2025, 5, 8, 18, 49, 3, 668969), 'SYNTHESIZER CLASS NAME': 'GaussianCopulaSynthesizer', 'SYNTHESIZER ID': 'GaussianCopulaSynthesizer_1.18.0_7bee5c6f474d4b8e8d2dd32caeec1106', 'TOTAL NUMBER OF TABLES': 1, 'TOTAL NUMBER OF ROWS': 336, 'TOTAL NUMBER OF COLUMNS': 19}
2025-05-08 18:49:03,741 - INFO - [SYNTHETIC] GaussianCopula completed: 336 rows generated.
2025-05-08 18:49:03,741 - INFO - [SYNTHETIC] Target class distribution for GaussianCopula: {'Y': 226, 'N': 110}
2025-05-08 18:49:03,741 - INFO - [SYNTHETIC] Using TVAE to generate 336 rows...
2025-05-08 18:49:03,789 - INFO - {'EVENT': 'Sample', 'TIMESTAMP': datetime.datetime(2025, 5, 8, 18, 49, 3, 741951), 'SYNTHESIZER CLASS NAME': 'TVAESynthesizer', 'SYNTHESIZER ID': 'TVAESynthesizer_1.18.0_8b1ff00102bb44919559735eb06cf5c5', 'TOTAL NUMBER OF TABLES': 1, 'TOTAL NUMBER OF ROWS': 336, 'TOTAL NUMBER OF COLUMNS': 19}
2025-05-08 18:49:03,790 - INFO - [SYNTHETIC] TVAE completed: 336 rows generated.
2025-05-08 18:49:03,790 - INFO - [SYNTHETIC] Target class distribution for TVAE: {'Y': 336}
2025-05-08 18:49:03,791 - INFO - [SYNTHETIC PIPELINE] Synthetic Data Generation Completed.
2025-05-08 18:49:03,791 - INFO - [SYNTHETIC PIPELINE] Synthesizers used: ['CTGAN', 'GaussianCopula', 'TVAE']
2025-05-08 18:49:03,791 - INFO - [SYNTHETIC PIPELINE] Evaluating synthetic dataset generated by CTGAN...
2025-05-08 18:49:03,791 - INFO - [SYNTHETIC EVAL] Real data columns     (19): ['Gender_0', 'Gender_1', 'Married_0', 'Married_1', 'Dependents_0', 'Dependents_1', 'Dependents_2', 'Education_0', 'Education_1', 'Self_Employed_0', 'Self_Employed_1', 'ApplicantIncome', 'CoapplicantIncome', 'LoanAmount', 'Loan_Amount_Term', 'Credit_History', 'Property_Area_0', 'Property_Area_1', 'Loan_Status']
2025-05-08 18:49:03,791 - INFO - [SYNTHETIC EVAL] Synthetic data columns (19): ['Gender_0', 'Gender_1', 'Married_0', 'Married_1', 'Dependents_0', 'Dependents_1', 'Dependents_2', 'Education_0', 'Education_1', 'Self_Employed_0', 'Self_Employed_1', 'ApplicantIncome', 'CoapplicantIncome', 'LoanAmount', 'Loan_Amount_Term', 'Credit_History', 'Property_Area_0', 'Property_Area_1', 'Loan_Status']
2025-05-08 18:49:03,791 - INFO - [SYNTHETIC EVAL] Metadata columns      (19): ['Gender_0', 'Gender_1', 'Married_0', 'Married_1', 'Dependents_0', 'Dependents_1', 'Dependents_2', 'Education_0', 'Education_1', 'Self_Employed_0', 'Self_Employed_1', 'ApplicantIncome', 'CoapplicantIncome', 'LoanAmount', 'Loan_Amount_Term', 'Credit_History', 'Property_Area_0', 'Property_Area_1', 'Loan_Status']
2025-05-08 18:49:03,791 - INFO - [SYNTHETIC EVAL] Shape — Real: (336, 19), Synthetic: (336, 19)
2025-05-08 18:49:03,791 - INFO - [SYNTHETIC EVAL] Metadata structure:
{
  "METADATA_SPEC_VERSION": "SINGLE_TABLE_V1",
  "columns": {
    "Gender_0": {
      "sdtype": "categorical"
    },
    "Gender_1": {
      "sdtype": "categorical"
    },
    "Married_0": {
      "sdtype": "categorical"
    },
    "Married_1": {
      "sdtype": "categorical"
    },
    "Dependents_0": {
      "sdtype": "categorical"
    },
    "Dependents_1": {
      "sdtype": "categorical"
    },
    "Dependents_2": {
      "sdtype": "categorical"
    },
    "Education_0": {
      "sdtype": "categorical"
    },
    "Education_1": {
      "sdtype": "categorical"
    },
    "Self_Employed_0": {
      "sdtype": "categorical"
    },
    "Self_Employed_1": {
      "sdtype": "categorical"
    },
    "ApplicantIncome": {
      "sdtype": "numerical"
    },
    "CoapplicantIncome": {
      "sdtype": "numerical"
    },
    "LoanAmount": {
      "sdtype": "numerical"
    },
    "Loan_Amount_Term": {
      "sdtype": "categorical"
    },
    "Credit_History": {
      "sdtype": "categorical"
    },
    "Property_Area_0": {
      "sdtype": "categorical"
    },
    "Property_Area_1": {
      "sdtype": "categorical"
    },
    "Loan_Status": {
      "sdtype": "categorical"
    }
  }
}
2025-05-08 18:49:04,151 - INFO - [SYNTHETIC PIPELINE] Evaluating synthetic dataset generated by GaussianCopula...
2025-05-08 18:49:04,151 - INFO - [SYNTHETIC EVAL] Real data columns     (19): ['Gender_0', 'Gender_1', 'Married_0', 'Married_1', 'Dependents_0', 'Dependents_1', 'Dependents_2', 'Education_0', 'Education_1', 'Self_Employed_0', 'Self_Employed_1', 'ApplicantIncome', 'CoapplicantIncome', 'LoanAmount', 'Loan_Amount_Term', 'Credit_History', 'Property_Area_0', 'Property_Area_1', 'Loan_Status']
2025-05-08 18:49:04,151 - INFO - [SYNTHETIC EVAL] Synthetic data columns (19): ['Gender_0', 'Gender_1', 'Married_0', 'Married_1', 'Dependents_0', 'Dependents_1', 'Dependents_2', 'Education_0', 'Education_1', 'Self_Employed_0', 'Self_Employed_1', 'ApplicantIncome', 'CoapplicantIncome', 'LoanAmount', 'Loan_Amount_Term', 'Credit_History', 'Property_Area_0', 'Property_Area_1', 'Loan_Status']
2025-05-08 18:49:04,151 - INFO - [SYNTHETIC EVAL] Metadata columns      (19): ['Gender_0', 'Gender_1', 'Married_0', 'Married_1', 'Dependents_0', 'Dependents_1', 'Dependents_2', 'Education_0', 'Education_1', 'Self_Employed_0', 'Self_Employed_1', 'ApplicantIncome', 'CoapplicantIncome', 'LoanAmount', 'Loan_Amount_Term', 'Credit_History', 'Property_Area_0', 'Property_Area_1', 'Loan_Status']
2025-05-08 18:49:04,151 - INFO - [SYNTHETIC EVAL] Shape — Real: (336, 19), Synthetic: (336, 19)
2025-05-08 18:49:04,151 - INFO - [SYNTHETIC EVAL] Metadata structure:
{
  "METADATA_SPEC_VERSION": "SINGLE_TABLE_V1",
  "columns": {
    "Gender_0": {
      "sdtype": "categorical"
    },
    "Gender_1": {
      "sdtype": "categorical"
    },
    "Married_0": {
      "sdtype": "categorical"
    },
    "Married_1": {
      "sdtype": "categorical"
    },
    "Dependents_0": {
      "sdtype": "categorical"
    },
    "Dependents_1": {
      "sdtype": "categorical"
    },
    "Dependents_2": {
      "sdtype": "categorical"
    },
    "Education_0": {
      "sdtype": "categorical"
    },
    "Education_1": {
      "sdtype": "categorical"
    },
    "Self_Employed_0": {
      "sdtype": "categorical"
    },
    "Self_Employed_1": {
      "sdtype": "categorical"
    },
    "ApplicantIncome": {
      "sdtype": "numerical"
    },
    "CoapplicantIncome": {
      "sdtype": "numerical"
    },
    "LoanAmount": {
      "sdtype": "numerical"
    },
    "Loan_Amount_Term": {
      "sdtype": "categorical"
    },
    "Credit_History": {
      "sdtype": "categorical"
    },
    "Property_Area_0": {
      "sdtype": "categorical"
    },
    "Property_Area_1": {
      "sdtype": "categorical"
    },
    "Loan_Status": {
      "sdtype": "categorical"
    }
  }
}
2025-05-08 18:49:04,485 - INFO - [SYNTHETIC PIPELINE] Evaluating synthetic dataset generated by TVAE...
2025-05-08 18:49:04,485 - INFO - [SYNTHETIC EVAL] Real data columns     (19): ['Gender_0', 'Gender_1', 'Married_0', 'Married_1', 'Dependents_0', 'Dependents_1', 'Dependents_2', 'Education_0', 'Education_1', 'Self_Employed_0', 'Self_Employed_1', 'ApplicantIncome', 'CoapplicantIncome', 'LoanAmount', 'Loan_Amount_Term', 'Credit_History', 'Property_Area_0', 'Property_Area_1', 'Loan_Status']
2025-05-08 18:49:04,485 - INFO - [SYNTHETIC EVAL] Synthetic data columns (19): ['Gender_0', 'Gender_1', 'Married_0', 'Married_1', 'Dependents_0', 'Dependents_1', 'Dependents_2', 'Education_0', 'Education_1', 'Self_Employed_0', 'Self_Employed_1', 'ApplicantIncome', 'CoapplicantIncome', 'LoanAmount', 'Loan_Amount_Term', 'Credit_History', 'Property_Area_0', 'Property_Area_1', 'Loan_Status']
2025-05-08 18:49:04,485 - INFO - [SYNTHETIC EVAL] Metadata columns      (19): ['Gender_0', 'Gender_1', 'Married_0', 'Married_1', 'Dependents_0', 'Dependents_1', 'Dependents_2', 'Education_0', 'Education_1', 'Self_Employed_0', 'Self_Employed_1', 'ApplicantIncome', 'CoapplicantIncome', 'LoanAmount', 'Loan_Amount_Term', 'Credit_History', 'Property_Area_0', 'Property_Area_1', 'Loan_Status']
2025-05-08 18:49:04,485 - INFO - [SYNTHETIC EVAL] Shape — Real: (336, 19), Synthetic: (336, 19)
2025-05-08 18:49:04,485 - INFO - [SYNTHETIC EVAL] Metadata structure:
{
  "METADATA_SPEC_VERSION": "SINGLE_TABLE_V1",
  "columns": {
    "Gender_0": {
      "sdtype": "categorical"
    },
    "Gender_1": {
      "sdtype": "categorical"
    },
    "Married_0": {
      "sdtype": "categorical"
    },
    "Married_1": {
      "sdtype": "categorical"
    },
    "Dependents_0": {
      "sdtype": "categorical"
    },
    "Dependents_1": {
      "sdtype": "categorical"
    },
    "Dependents_2": {
      "sdtype": "categorical"
    },
    "Education_0": {
      "sdtype": "categorical"
    },
    "Education_1": {
      "sdtype": "categorical"
    },
    "Self_Employed_0": {
      "sdtype": "categorical"
    },
    "Self_Employed_1": {
      "sdtype": "categorical"
    },
    "ApplicantIncome": {
      "sdtype": "numerical"
    },
    "CoapplicantIncome": {
      "sdtype": "numerical"
    },
    "LoanAmount": {
      "sdtype": "numerical"
    },
    "Loan_Amount_Term": {
      "sdtype": "categorical"
    },
    "Credit_History": {
      "sdtype": "categorical"
    },
    "Property_Area_0": {
      "sdtype": "categorical"
    },
    "Property_Area_1": {
      "sdtype": "categorical"
    },
    "Loan_Status": {
      "sdtype": "categorical"
    }
  }
}
2025-05-08 18:49:04,834 - INFO -  [SYNTHETIC PIPELINE]  Synthetic Data Evaluation Completed.
2025-05-08 18:49:04,840 - INFO -  [SYNTHETIC PIPELINE] Synthetic Data Report Generated Successfully.
2025-05-08 18:49:04,933 - INFO - [HYBRID] Generated hybrid dataset shape for CTGAN: (336, 19)
2025-05-08 18:49:04,934 - INFO - [HYBRID] Target distribution for CTGAN: {'Y': 228, 'N': 108}
2025-05-08 18:49:04,935 - INFO -  [HYBRID] Saved hybrid dataset to /mnt/NVMETank/Projects/Students/Dele/A-STUDY-INTO-THE-QUALITY-AND-USABILITY-OF-PRIVACY-FRIENDLY-SYNTHETIC-DATA/datasets/hybrid/loan_k11_l10_sup10_CTGAN_HYBRID.csv
2025-05-08 18:49:04,936 - INFO - [HYBRID] Generated hybrid dataset shape for GaussianCopula: (336, 19)
2025-05-08 18:49:04,936 - INFO - [HYBRID] Target distribution for GaussianCopula: {'Y': 226, 'N': 110}
2025-05-08 18:49:04,937 - INFO -  [HYBRID] Saved hybrid dataset to /mnt/NVMETank/Projects/Students/Dele/A-STUDY-INTO-THE-QUALITY-AND-USABILITY-OF-PRIVACY-FRIENDLY-SYNTHETIC-DATA/datasets/hybrid/loan_k11_l10_sup10_GaussianCopula_HYBRID.csv
2025-05-08 18:49:04,937 - INFO - [HYBRID] Generated hybrid dataset shape for TVAE: (336, 19)
2025-05-08 18:49:04,938 - INFO - [HYBRID] Target distribution for TVAE: {'Y': 336}
2025-05-08 18:49:04,939 - INFO -  [HYBRID] Saved hybrid dataset to /mnt/NVMETank/Projects/Students/Dele/A-STUDY-INTO-THE-QUALITY-AND-USABILITY-OF-PRIVACY-FRIENDLY-SYNTHETIC-DATA/datasets/hybrid/loan_k11_l10_sup10_TVAE_HYBRID.csv
2025-05-08 18:49:04,939 - INFO -  [HYBRID] Hybrid pipeline complete — 3 dataset(s) ready.
2025-05-08 18:49:04,939 - INFO - [HYBRID] Total rows across all hybrid datasets: 1008
2025-05-08 18:49:04,939 - INFO - Hybrid pipeline completed successfully.
2025-05-08 18:49:04,939 - INFO - Hybrid pipeline duration: 25.56 seconds
2025-05-08 18:49:04,939 - INFO - Starting Utility...
2025-05-08 18:49:04,939 - INFO - [UTILITY] Preparing datasets for machine learning...
2025-05-08 18:49:04,940 - INFO - [UTILITY] Original Data - Training Size: 336, Testing Size: 144
2025-05-08 18:49:04,940 - INFO - [UTILITY] Target class distribution (Original): {'Y': 232, 'N': 104}
2025-05-08 18:49:04,940 - INFO - [UTILITY] Processing anonymized dataset...
2025-05-08 18:49:04,941 - INFO - [UTILITY] Anonymized Data - Training Size: 336
2025-05-08 18:49:04,941 - INFO - [UTILITY] Target class distribution (Anonymous): {'Y': 232, 'N': 104}
2025-05-08 18:49:04,941 - INFO - [UTILITY] Processing hybrid dataset generated by CTGAN...
2025-05-08 18:49:04,941 - INFO - [UTILITY] Hybrid Data (CTGAN_HYBRID) - Training Size: 336
2025-05-08 18:49:04,941 - INFO - [UTILITY] Target class distribution (CTGAN_HYBRID): {'Y': 228, 'N': 108}
2025-05-08 18:49:04,942 - INFO - [UTILITY] Processing hybrid dataset generated by GaussianCopula...
2025-05-08 18:49:04,942 - INFO - [UTILITY] Hybrid Data (GaussianCopula_HYBRID) - Training Size: 336
2025-05-08 18:49:04,942 - INFO - [UTILITY] Target class distribution (GaussianCopula_HYBRID): {'Y': 226, 'N': 110}
2025-05-08 18:49:04,942 - WARNING -  Skipping hybrid dataset 'TVAE_HYBRID' - only one class in target.
2025-05-08 18:49:04,942 - INFO - [UTILITY] Training models on all datasets...
2025-05-08 18:49:04,942 - INFO - [UTILITY] Total datasets used for training: 4
2025-05-08 18:49:04,942 - INFO - [TRAINING] Training models from scratch...
2025-05-08 18:49:04,942 - INFO - [TRAINING] Starting training for dataset: Original — Rows: 336, Features: 18
2025-05-08 18:49:04,942 - INFO - [TRAINING] Training DecisionTree on Original...
2025-05-08 18:49:04,945 - INFO - [TRAINING] DecisionTree trained successfully on Original in 0.00 sec
2025-05-08 18:49:04,945 - INFO - [TRAINING] Training KNN on Original...
2025-05-08 18:49:04,946 - INFO - [TRAINING] KNN trained successfully on Original in 0.00 sec
2025-05-08 18:49:04,946 - INFO - [TRAINING] Training LogisticRegression on Original...
2025-05-08 18:49:04,950 - INFO - [TRAINING] LogisticRegression trained successfully on Original in 0.00 sec
2025-05-08 18:49:04,950 - INFO - [TRAINING] Training RandomForest on Original...
2025-05-08 18:49:05,055 - INFO - [TRAINING] RandomForest trained successfully on Original in 0.11 sec
2025-05-08 18:49:05,055 - INFO - [TRAINING] Training SVM on Original...
2025-05-08 18:49:05,059 - INFO - [TRAINING] SVM trained successfully on Original in 0.00 sec
2025-05-08 18:49:05,059 - INFO - [TRAINING] Finished training 5 model(s) for dataset: Original
2025-05-08 18:49:05,059 - INFO - [TRAINING] Starting training for dataset: Anonymous — Rows: 336, Features: 18
2025-05-08 18:49:05,059 - INFO - [TRAINING] Training DecisionTree on Anonymous...
2025-05-08 18:49:05,061 - INFO - [TRAINING] DecisionTree trained successfully on Anonymous in 0.00 sec
2025-05-08 18:49:05,061 - INFO - [TRAINING] Training KNN on Anonymous...
2025-05-08 18:49:05,062 - INFO - [TRAINING] KNN trained successfully on Anonymous in 0.00 sec
2025-05-08 18:49:05,062 - INFO - [TRAINING] Training LogisticRegression on Anonymous...
2025-05-08 18:49:05,066 - INFO - [TRAINING] LogisticRegression trained successfully on Anonymous in 0.00 sec
2025-05-08 18:49:05,066 - INFO - [TRAINING] Training RandomForest on Anonymous...
2025-05-08 18:49:05,172 - INFO - [TRAINING] RandomForest trained successfully on Anonymous in 0.11 sec
2025-05-08 18:49:05,172 - INFO - [TRAINING] Training SVM on Anonymous...
2025-05-08 18:49:05,176 - INFO - [TRAINING] SVM trained successfully on Anonymous in 0.00 sec
2025-05-08 18:49:05,176 - INFO - [TRAINING] Finished training 5 model(s) for dataset: Anonymous
2025-05-08 18:49:05,176 - INFO - [TRAINING] Starting training for dataset: CTGAN_HYBRID — Rows: 336, Features: 18
2025-05-08 18:49:05,176 - INFO - [TRAINING] Training DecisionTree on CTGAN_HYBRID...
2025-05-08 18:49:05,178 - INFO - [TRAINING] DecisionTree trained successfully on CTGAN_HYBRID in 0.00 sec
2025-05-08 18:49:05,178 - INFO - [TRAINING] Training KNN on CTGAN_HYBRID...
2025-05-08 18:49:05,179 - INFO - [TRAINING] KNN trained successfully on CTGAN_HYBRID in 0.00 sec
2025-05-08 18:49:05,179 - INFO - [TRAINING] Training LogisticRegression on CTGAN_HYBRID...
2025-05-08 18:49:05,182 - INFO - [TRAINING] LogisticRegression trained successfully on CTGAN_HYBRID in 0.00 sec
2025-05-08 18:49:05,182 - INFO - [TRAINING] Training RandomForest on CTGAN_HYBRID...
2025-05-08 18:49:05,267 - INFO - [TRAINING] RandomForest trained successfully on CTGAN_HYBRID in 0.09 sec
2025-05-08 18:49:05,267 - INFO - [TRAINING] Training SVM on CTGAN_HYBRID...
2025-05-08 18:49:05,271 - INFO - [TRAINING] SVM trained successfully on CTGAN_HYBRID in 0.00 sec
2025-05-08 18:49:05,271 - INFO - [TRAINING] Finished training 5 model(s) for dataset: CTGAN_HYBRID
2025-05-08 18:49:05,271 - INFO - [TRAINING] Starting training for dataset: GaussianCopula_HYBRID — Rows: 336, Features: 18
2025-05-08 18:49:05,271 - INFO - [TRAINING] Training DecisionTree on GaussianCopula_HYBRID...
2025-05-08 18:49:05,273 - INFO - [TRAINING] DecisionTree trained successfully on GaussianCopula_HYBRID in 0.00 sec
2025-05-08 18:49:05,273 - INFO - [TRAINING] Training KNN on GaussianCopula_HYBRID...
2025-05-08 18:49:05,274 - INFO - [TRAINING] KNN trained successfully on GaussianCopula_HYBRID in 0.00 sec
2025-05-08 18:49:05,274 - INFO - [TRAINING] Training LogisticRegression on GaussianCopula_HYBRID...
2025-05-08 18:49:05,277 - INFO - [TRAINING] LogisticRegression trained successfully on GaussianCopula_HYBRID in 0.00 sec
2025-05-08 18:49:05,277 - INFO - [TRAINING] Training RandomForest on GaussianCopula_HYBRID...
2025-05-08 18:49:05,383 - INFO - [TRAINING] RandomForest trained successfully on GaussianCopula_HYBRID in 0.11 sec
2025-05-08 18:49:05,384 - INFO - [TRAINING] Training SVM on GaussianCopula_HYBRID...
2025-05-08 18:49:05,388 - INFO - [TRAINING] SVM trained successfully on GaussianCopula_HYBRID in 0.00 sec
2025-05-08 18:49:05,388 - INFO - [TRAINING] Finished training 5 model(s) for dataset: GaussianCopula_HYBRID
2025-05-08 18:49:05,388 - INFO - [TRAINING] Total models trained across all datasets: 20
2025-05-08 18:49:05,388 - INFO - [UTILITY] Trained model names: ['Original', 'Anonymous', 'CTGAN_HYBRID', 'GaussianCopula_HYBRID']
2025-05-08 18:49:05,388 - INFO - [UTILITY] Model Training Completed.
2025-05-08 18:49:05,388 - INFO - Starting the Evaluating of models...
2025-05-08 18:49:05,388 - INFO - Preparing evaluation for model 'DecisionTree' across all datasets...
2025-05-08 18:49:05,388 - INFO - Evaluating DecisionTree on Original...
2025-05-08 18:49:05,389 - INFO - Predictions completed for DecisionTree on Original
2025-05-08 18:49:05,389 - INFO - Prediction distribution for DecisionTree on Original: {'Y': 88, 'N': 56}
2025-05-08 18:49:05,398 - INFO - Computed 8 metric(s) for DecisionTree on Original
2025-05-08 18:49:05,398 - INFO - Evaluating DecisionTree on Anonymous...
2025-05-08 18:49:05,399 - INFO - Predictions completed for DecisionTree on Anonymous
2025-05-08 18:49:05,399 - INFO - Prediction distribution for DecisionTree on Anonymous: {'Y': 78, 'N': 66}
2025-05-08 18:49:05,407 - INFO - Computed 8 metric(s) for DecisionTree on Anonymous
2025-05-08 18:49:05,407 - INFO - Evaluating DecisionTree on CTGAN_HYBRID...
2025-05-08 18:49:05,408 - INFO - Predictions completed for DecisionTree on CTGAN_HYBRID
2025-05-08 18:49:05,408 - INFO - Prediction distribution for DecisionTree on CTGAN_HYBRID: {'Y': 108, 'N': 36}
2025-05-08 18:49:05,416 - INFO - Computed 8 metric(s) for DecisionTree on CTGAN_HYBRID
2025-05-08 18:49:05,416 - INFO - Evaluating DecisionTree on GaussianCopula_HYBRID...
2025-05-08 18:49:05,417 - INFO - Predictions completed for DecisionTree on GaussianCopula_HYBRID
2025-05-08 18:49:05,418 - INFO - Prediction distribution for DecisionTree on GaussianCopula_HYBRID: {'Y': 102, 'N': 42}
2025-05-08 18:49:05,426 - INFO - Computed 8 metric(s) for DecisionTree on GaussianCopula_HYBRID
2025-05-08 18:49:05,426 - INFO - Preparing evaluation for model 'KNN' across all datasets...
2025-05-08 18:49:05,426 - INFO - Evaluating KNN on Original...
2025-05-08 18:49:05,432 - INFO - Predictions completed for KNN on Original
2025-05-08 18:49:05,432 - INFO - Prediction distribution for KNN on Original: {'Y': 115, 'N': 29}
2025-05-08 18:49:05,443 - INFO - Computed 8 metric(s) for KNN on Original
2025-05-08 18:49:05,443 - INFO - Evaluating KNN on Anonymous...
2025-05-08 18:49:05,448 - INFO - Predictions completed for KNN on Anonymous
2025-05-08 18:49:05,449 - INFO - Prediction distribution for KNN on Anonymous: {'Y': 114, 'N': 30}
2025-05-08 18:49:05,459 - INFO - Computed 8 metric(s) for KNN on Anonymous
2025-05-08 18:49:05,459 - INFO - Evaluating KNN on CTGAN_HYBRID...
2025-05-08 18:49:05,465 - INFO - Predictions completed for KNN on CTGAN_HYBRID
2025-05-08 18:49:05,465 - INFO - Prediction distribution for KNN on CTGAN_HYBRID: {'Y': 122, 'N': 22}
2025-05-08 18:49:05,476 - INFO - Computed 8 metric(s) for KNN on CTGAN_HYBRID
2025-05-08 18:49:05,476 - INFO - Evaluating KNN on GaussianCopula_HYBRID...
2025-05-08 18:49:05,481 - INFO - Predictions completed for KNN on GaussianCopula_HYBRID
2025-05-08 18:49:05,481 - INFO - Prediction distribution for KNN on GaussianCopula_HYBRID: {'Y': 106, 'N': 38}
2025-05-08 18:49:05,492 - INFO - Computed 8 metric(s) for KNN on GaussianCopula_HYBRID
2025-05-08 18:49:05,492 - INFO - Preparing evaluation for model 'LogisticRegression' across all datasets...
2025-05-08 18:49:05,492 - INFO - Evaluating LogisticRegression on Original...
2025-05-08 18:49:05,493 - INFO - Predictions completed for LogisticRegression on Original
2025-05-08 18:49:05,494 - INFO - Prediction distribution for LogisticRegression on Original: {'Y': 115, 'N': 29}
2025-05-08 18:49:05,502 - INFO - Computed 8 metric(s) for LogisticRegression on Original
2025-05-08 18:49:05,502 - INFO - Evaluating LogisticRegression on Anonymous...
2025-05-08 18:49:05,503 - INFO - Predictions completed for LogisticRegression on Anonymous
2025-05-08 18:49:05,503 - INFO - Prediction distribution for LogisticRegression on Anonymous: {'N': 79, 'Y': 65}
2025-05-08 18:49:05,512 - INFO - Computed 8 metric(s) for LogisticRegression on Anonymous
2025-05-08 18:49:05,512 - INFO - Evaluating LogisticRegression on CTGAN_HYBRID...
2025-05-08 18:49:05,513 - INFO - Predictions completed for LogisticRegression on CTGAN_HYBRID
2025-05-08 18:49:05,513 - INFO - Prediction distribution for LogisticRegression on CTGAN_HYBRID: {'Y': 131, 'N': 13}
2025-05-08 18:49:05,522 - INFO - Computed 8 metric(s) for LogisticRegression on CTGAN_HYBRID
2025-05-08 18:49:05,522 - INFO - Evaluating LogisticRegression on GaussianCopula_HYBRID...
2025-05-08 18:49:05,523 - INFO - Predictions completed for LogisticRegression on GaussianCopula_HYBRID
2025-05-08 18:49:05,523 - INFO - Prediction distribution for LogisticRegression on GaussianCopula_HYBRID: {'Y': 141, 'N': 3}
2025-05-08 18:49:05,532 - INFO - Computed 8 metric(s) for LogisticRegression on GaussianCopula_HYBRID
2025-05-08 18:49:05,532 - INFO - Preparing evaluation for model 'RandomForest' across all datasets...
2025-05-08 18:49:05,532 - INFO - Evaluating RandomForest on Original...
2025-05-08 18:49:05,537 - INFO - Predictions completed for RandomForest on Original
2025-05-08 18:49:05,537 - INFO - Prediction distribution for RandomForest on Original: {'Y': 104, 'N': 40}
2025-05-08 18:49:05,554 - INFO - Computed 8 metric(s) for RandomForest on Original
2025-05-08 18:49:05,554 - INFO - Evaluating RandomForest on Anonymous...
2025-05-08 18:49:05,560 - INFO - Predictions completed for RandomForest on Anonymous
2025-05-08 18:49:05,560 - INFO - Prediction distribution for RandomForest on Anonymous: {'Y': 107, 'N': 37}
2025-05-08 18:49:05,577 - INFO - Computed 8 metric(s) for RandomForest on Anonymous
2025-05-08 18:49:05,577 - INFO - Evaluating RandomForest on CTGAN_HYBRID...
2025-05-08 18:49:05,585 - INFO - Predictions completed for RandomForest on CTGAN_HYBRID
2025-05-08 18:49:05,585 - INFO - Prediction distribution for RandomForest on CTGAN_HYBRID: {'Y': 133, 'N': 11}
2025-05-08 18:49:05,605 - INFO - Computed 8 metric(s) for RandomForest on CTGAN_HYBRID
2025-05-08 18:49:05,605 - INFO - Evaluating RandomForest on GaussianCopula_HYBRID...
2025-05-08 18:49:05,610 - INFO - Predictions completed for RandomForest on GaussianCopula_HYBRID
2025-05-08 18:49:05,611 - INFO - Prediction distribution for RandomForest on GaussianCopula_HYBRID: {'Y': 117, 'N': 27}
2025-05-08 18:49:05,630 - INFO - Computed 8 metric(s) for RandomForest on GaussianCopula_HYBRID
2025-05-08 18:49:05,630 - INFO - Preparing evaluation for model 'SVM' across all datasets...
2025-05-08 18:49:05,630 - INFO - Evaluating SVM on Original...
2025-05-08 18:49:05,633 - INFO - Predictions completed for SVM on Original
2025-05-08 18:49:05,633 - INFO - Prediction distribution for SVM on Original: {'Y': 144}
2025-05-08 18:49:05,633 - WARNING -  [WARNING] :SVM on Original predicted only one class: {'Y'}
2025-05-08 18:49:05,635 - WARNING - [UndefinedMetricWarning] Precision is ill-defined and being set to 0.0 in labels with no predicted samples. Use `zero_division` parameter to control this behavior. (from /mnt/NVMETank/Projects/Students/Dele/A-STUDY-INTO-THE-QUALITY-AND-USABILITY-OF-PRIVACY-FRIENDLY-SYNTHETIC-DATA/.venv/lib/python3.12/site-packages/sklearn/metrics/_classification.py:1565)
2025-05-08 18:49:05,637 - WARNING - [UndefinedMetricWarning] Precision is ill-defined and being set to 0.0 in labels with no predicted samples. Use `zero_division` parameter to control this behavior. (from /mnt/NVMETank/Projects/Students/Dele/A-STUDY-INTO-THE-QUALITY-AND-USABILITY-OF-PRIVACY-FRIENDLY-SYNTHETIC-DATA/.venv/lib/python3.12/site-packages/sklearn/metrics/_classification.py:1565)
2025-05-08 18:49:05,639 - WARNING - [UndefinedMetricWarning] Precision is ill-defined and being set to 0.0 in labels with no predicted samples. Use `zero_division` parameter to control this behavior. (from /mnt/NVMETank/Projects/Students/Dele/A-STUDY-INTO-THE-QUALITY-AND-USABILITY-OF-PRIVACY-FRIENDLY-SYNTHETIC-DATA/.venv/lib/python3.12/site-packages/sklearn/metrics/_classification.py:1565)
2025-05-08 18:49:05,641 - INFO - Computed 8 metric(s) for SVM on Original
2025-05-08 18:49:05,641 - INFO - Evaluating SVM on Anonymous...
2025-05-08 18:49:05,644 - INFO - Predictions completed for SVM on Anonymous
2025-05-08 18:49:05,644 - INFO - Prediction distribution for SVM on Anonymous: {'Y': 144}
2025-05-08 18:49:05,644 - WARNING -  [WARNING] :SVM on Anonymous predicted only one class: {'Y'}
2025-05-08 18:49:05,646 - WARNING - [UndefinedMetricWarning] Precision is ill-defined and being set to 0.0 in labels with no predicted samples. Use `zero_division` parameter to control this behavior. (from /mnt/NVMETank/Projects/Students/Dele/A-STUDY-INTO-THE-QUALITY-AND-USABILITY-OF-PRIVACY-FRIENDLY-SYNTHETIC-DATA/.venv/lib/python3.12/site-packages/sklearn/metrics/_classification.py:1565)
2025-05-08 18:49:05,648 - WARNING - [UndefinedMetricWarning] Precision is ill-defined and being set to 0.0 in labels with no predicted samples. Use `zero_division` parameter to control this behavior. (from /mnt/NVMETank/Projects/Students/Dele/A-STUDY-INTO-THE-QUALITY-AND-USABILITY-OF-PRIVACY-FRIENDLY-SYNTHETIC-DATA/.venv/lib/python3.12/site-packages/sklearn/metrics/_classification.py:1565)
2025-05-08 18:49:05,650 - WARNING - [UndefinedMetricWarning] Precision is ill-defined and being set to 0.0 in labels with no predicted samples. Use `zero_division` parameter to control this behavior. (from /mnt/NVMETank/Projects/Students/Dele/A-STUDY-INTO-THE-QUALITY-AND-USABILITY-OF-PRIVACY-FRIENDLY-SYNTHETIC-DATA/.venv/lib/python3.12/site-packages/sklearn/metrics/_classification.py:1565)
2025-05-08 18:49:05,652 - INFO - Computed 8 metric(s) for SVM on Anonymous
2025-05-08 18:49:05,652 - INFO - Evaluating SVM on CTGAN_HYBRID...
2025-05-08 18:49:05,655 - INFO - Predictions completed for SVM on CTGAN_HYBRID
2025-05-08 18:49:05,655 - INFO - Prediction distribution for SVM on CTGAN_HYBRID: {'Y': 144}
2025-05-08 18:49:05,655 - WARNING -  [WARNING] :SVM on CTGAN_HYBRID predicted only one class: {'Y'}
2025-05-08 18:49:05,657 - WARNING - [UndefinedMetricWarning] Precision is ill-defined and being set to 0.0 in labels with no predicted samples. Use `zero_division` parameter to control this behavior. (from /mnt/NVMETank/Projects/Students/Dele/A-STUDY-INTO-THE-QUALITY-AND-USABILITY-OF-PRIVACY-FRIENDLY-SYNTHETIC-DATA/.venv/lib/python3.12/site-packages/sklearn/metrics/_classification.py:1565)
2025-05-08 18:49:05,659 - WARNING - [UndefinedMetricWarning] Precision is ill-defined and being set to 0.0 in labels with no predicted samples. Use `zero_division` parameter to control this behavior. (from /mnt/NVMETank/Projects/Students/Dele/A-STUDY-INTO-THE-QUALITY-AND-USABILITY-OF-PRIVACY-FRIENDLY-SYNTHETIC-DATA/.venv/lib/python3.12/site-packages/sklearn/metrics/_classification.py:1565)
2025-05-08 18:49:05,661 - WARNING - [UndefinedMetricWarning] Precision is ill-defined and being set to 0.0 in labels with no predicted samples. Use `zero_division` parameter to control this behavior. (from /mnt/NVMETank/Projects/Students/Dele/A-STUDY-INTO-THE-QUALITY-AND-USABILITY-OF-PRIVACY-FRIENDLY-SYNTHETIC-DATA/.venv/lib/python3.12/site-packages/sklearn/metrics/_classification.py:1565)
2025-05-08 18:49:05,663 - INFO - Computed 8 metric(s) for SVM on CTGAN_HYBRID
2025-05-08 18:49:05,663 - INFO - Evaluating SVM on GaussianCopula_HYBRID...
2025-05-08 18:49:05,666 - INFO - Predictions completed for SVM on GaussianCopula_HYBRID
2025-05-08 18:49:05,666 - INFO - Prediction distribution for SVM on GaussianCopula_HYBRID: {'Y': 144}
2025-05-08 18:49:05,666 - WARNING -  [WARNING] :SVM on GaussianCopula_HYBRID predicted only one class: {'Y'}
2025-05-08 18:49:05,668 - WARNING - [UndefinedMetricWarning] Precision is ill-defined and being set to 0.0 in labels with no predicted samples. Use `zero_division` parameter to control this behavior. (from /mnt/NVMETank/Projects/Students/Dele/A-STUDY-INTO-THE-QUALITY-AND-USABILITY-OF-PRIVACY-FRIENDLY-SYNTHETIC-DATA/.venv/lib/python3.12/site-packages/sklearn/metrics/_classification.py:1565)
2025-05-08 18:49:05,670 - WARNING - [UndefinedMetricWarning] Precision is ill-defined and being set to 0.0 in labels with no predicted samples. Use `zero_division` parameter to control this behavior. (from /mnt/NVMETank/Projects/Students/Dele/A-STUDY-INTO-THE-QUALITY-AND-USABILITY-OF-PRIVACY-FRIENDLY-SYNTHETIC-DATA/.venv/lib/python3.12/site-packages/sklearn/metrics/_classification.py:1565)
2025-05-08 18:49:05,672 - WARNING - [UndefinedMetricWarning] Precision is ill-defined and being set to 0.0 in labels with no predicted samples. Use `zero_division` parameter to control this behavior. (from /mnt/NVMETank/Projects/Students/Dele/A-STUDY-INTO-THE-QUALITY-AND-USABILITY-OF-PRIVACY-FRIENDLY-SYNTHETIC-DATA/.venv/lib/python3.12/site-packages/sklearn/metrics/_classification.py:1565)
2025-05-08 18:49:05,674 - INFO - Computed 8 metric(s) for SVM on GaussianCopula_HYBRID
2025-05-08 18:49:05,678 - INFO - Evaluation completed for all models.
2025-05-08 18:49:05,678 - INFO - Model evaluation completed in 0.29 seconds.
2025-05-08 18:49:05,681 - INFO - Evaluated models: ['DecisionTree', 'KNN', 'LogisticRegression', 'RandomForest', 'SVM']
2025-05-08 18:49:05,681 - INFO - Model Training and Evaluation completed.
2025-05-08 18:49:06,273 - INFO -  Visualizations saved.
2025-05-08 18:49:06,273 - INFO -  Benchmarking Completed. Results saved in output folder.
