2025-05-08 18:53:32,553 - INFO - Loaded config file: configs/generated_configs/loan/loan_anon_k17_sl0p2_l2.yaml
2025-05-08 18:53:32,553 - INFO -  Benchmarking started for dataset: loan
2025-05-08 18:53:32,553 - INFO - Using dataset path: /mnt/NVMETank/Projects/Students/Dele/A-STUDY-INTO-THE-QUALITY-AND-USABILITY-OF-PRIVACY-FRIENDLY-SYNTHETIC-DATA/datasets/original/loan.csv
2025-05-08 18:53:32,553 - INFO - Target column: Loan_Status, separator: ','
2025-05-08 18:53:32,553 - INFO - Configuration loaded: enable_anonymization = True, enable_synthesis = False, enable_hybrid = True, enable_utility = True, delete_after_evaluation = False
2025-05-08 18:53:32,553 - INFO - Running preprocessing...
2025-05-08 18:53:32,559 - INFO -  [PREPROCESSING] Preprocessed files found. Skipping preprocessing.
2025-05-08 18:53:32,567 - INFO - Preprocessing completed. Rows before: 614, after: 336
2025-05-08 18:53:32,567 - INFO - Preprocessed data saved to: outputs/batch/loan_batch_2025-05-08_18-38-44/loan_anon_k17_sl0p2_l2/preprocessing_report.txt
2025-05-08 18:53:32,567 - INFO - enable_anonymization = True
2025-05-08 18:53:32,568 - INFO - Starting Anonymization Pipeline with output path: /mnt/NVMETank/Projects/Students/Dele/A-STUDY-INTO-THE-QUALITY-AND-USABILITY-OF-PRIVACY-FRIENDLY-SYNTHETIC-DATA/datasets/anonymized/loan_k17_l2_sup20_anonymized.csv.......
2025-05-08 18:53:32,572 - INFO -  [ANONYMIZATION] Executing run_anonymization, config_path : configs/generated_configs/loan/loan_anon_k17_sl0p2_l2.yaml...........
2025-05-08 18:53:32,572 - INFO -  [ANONYMIZATION] Using JAR file at /mnt/NVMETank/Projects/Students/Dele/A-STUDY-INTO-THE-QUALITY-AND-USABILITY-OF-PRIVACY-FRIENDLY-SYNTHETIC-DATA/src/anonymization/anonymARXij/bin/anonymARXij.jar to anonymize the dataset.
2025-05-08 18:53:33,729 - INFO -  [ANONYMIZATION] Anonimized file saved to : /mnt/NVMETank/Projects/Students/Dele/A-STUDY-INTO-THE-QUALITY-AND-USABILITY-OF-PRIVACY-FRIENDLY-SYNTHETIC-DATA/datasets/anonymized/loan_k17_l2_sup20_anonymized.csv
2025-05-08 18:53:33,729 - INFO -  [ANONYMIZATION] Java anonymization completed successfully.
2025-05-08 18:53:33,729 - INFO -  [ANONYMIZATION] Java STDOUT:
📄 Java received config path: /mnt/NVMETank/Projects/Students/Dele/A-STUDY-INTO-THE-QUALITY-AND-USABILITY-OF-PRIVACY-FRIENDLY-SYNTHETIC-DATA/configs/generated_configs/loan/loan_anon_k17_sl0p2_l2.yaml
🔹 Loading config from: /mnt/NVMETank/Projects/Students/Dele/A-STUDY-INTO-THE-QUALITY-AND-USABILITY-OF-PRIVACY-FRIENDLY-SYNTHETIC-DATA/configs/generated_configs/loan/loan_anon_k17_sl0p2_l2.yaml
Loading config from: /mnt/NVMETank/Projects/Students/Dele/A-STUDY-INTO-THE-QUALITY-AND-USABILITY-OF-PRIVACY-FRIENDLY-SYNTHETIC-DATA/configs/generated_configs/loan/loan_anon_k17_sl0p2_l2.yaml
📂 Dataset Path (from args): /mnt/NVMETank/Projects/Students/Dele/A-STUDY-INTO-THE-QUALITY-AND-USABILITY-OF-PRIVACY-FRIENDLY-SYNTHETIC-DATA/datasets/train/loan_train_raw.csv
🔹 Dataset Separator: ,
🔹 Suppression Limit: 0.2

🔹 Configured Attributes:
  ✅ Quasi-Identifier: Gender
  ✅ Quasi-Identifier: Married
  ✅ Quasi-Identifier: Education
  ✅ Quasi-Identifier: Dependents
  ✅ Quasi-Identifier: Self_Employed
  ✅ Quasi-Identifier: Property_Area
  ✅ Quasi-Identifier: Credit_History
  ✅ Quasi-Identifier: Loan_Amount_Term
  ✅ Sensitive Attribute: LoanAmount
  ✅ Insensitive Attribute: Loan_Status
  ✅ Insensitive Attribute: ApplicantIncome
  ✅ Insensitive Attribute: CoapplicantIncome

🔹 Defined Hierarchies:
  ✅ Property_Area -> /mnt/NVMETank/Projects/Students/Dele/A-STUDY-INTO-THE-QUALITY-AND-USABILITY-OF-PRIVACY-FRIENDLY-SYNTHETIC-DATA/src/anonymization/anonymARXij/src/hierarchies_loan/property_area.csv
  ✅ Self_Employed -> /mnt/NVMETank/Projects/Students/Dele/A-STUDY-INTO-THE-QUALITY-AND-USABILITY-OF-PRIVACY-FRIENDLY-SYNTHETIC-DATA/src/anonymization/anonymARXij/src/hierarchies_loan/self_employed.csv
  ✅ Credit_History -> /mnt/NVMETank/Projects/Students/Dele/A-STUDY-INTO-THE-QUALITY-AND-USABILITY-OF-PRIVACY-FRIENDLY-SYNTHETIC-DATA/src/anonymization/anonymARXij/src/hierarchies_loan/credit_history.csv
  ✅ Dependents -> /mnt/NVMETank/Projects/Students/Dele/A-STUDY-INTO-THE-QUALITY-AND-USABILITY-OF-PRIVACY-FRIENDLY-SYNTHETIC-DATA/src/anonymization/anonymARXij/src/hierarchies_loan/dependents.csv
  ✅ Education -> /mnt/NVMETank/Projects/Students/Dele/A-STUDY-INTO-THE-QUALITY-AND-USABILITY-OF-PRIVACY-FRIENDLY-SYNTHETIC-DATA/src/anonymization/anonymARXij/src/hierarchies_loan/education.csv
  ✅ Loan_Amount_Term -> /mnt/NVMETank/Projects/Students/Dele/A-STUDY-INTO-THE-QUALITY-AND-USABILITY-OF-PRIVACY-FRIENDLY-SYNTHETIC-DATA/src/anonymization/anonymARXij/src/hierarchies_loan/loan_amount_terms.csv
  ✅ Married -> /mnt/NVMETank/Projects/Students/Dele/A-STUDY-INTO-THE-QUALITY-AND-USABILITY-OF-PRIVACY-FRIENDLY-SYNTHETIC-DATA/src/anonymization/anonymARXij/src/hierarchies_loan/married.csv
  ✅ Gender -> /mnt/NVMETank/Projects/Students/Dele/A-STUDY-INTO-THE-QUALITY-AND-USABILITY-OF-PRIVACY-FRIENDLY-SYNTHETIC-DATA/src/anonymization/anonymARXij/src/hierarchies_loan/gender.csv
Java is searching for hierarchy file at: /mnt/NVMETank/Projects/Students/Dele/A-STUDY-INTO-THE-QUALITY-AND-USABILITY-OF-PRIVACY-FRIENDLY-SYNTHETIC-DATA/src/anonymization/anonymARXij/src/hierarchies_loan/property_area.csv
Java is searching for hierarchy file at: /mnt/NVMETank/Projects/Students/Dele/A-STUDY-INTO-THE-QUALITY-AND-USABILITY-OF-PRIVACY-FRIENDLY-SYNTHETIC-DATA/src/anonymization/anonymARXij/src/hierarchies_loan/self_employed.csv
Java is searching for hierarchy file at: /mnt/NVMETank/Projects/Students/Dele/A-STUDY-INTO-THE-QUALITY-AND-USABILITY-OF-PRIVACY-FRIENDLY-SYNTHETIC-DATA/src/anonymization/anonymARXij/src/hierarchies_loan/credit_history.csv
Java is searching for hierarchy file at: /mnt/NVMETank/Projects/Students/Dele/A-STUDY-INTO-THE-QUALITY-AND-USABILITY-OF-PRIVACY-FRIENDLY-SYNTHETIC-DATA/src/anonymization/anonymARXij/src/hierarchies_loan/dependents.csv
Java is searching for hierarchy file at: /mnt/NVMETank/Projects/Students/Dele/A-STUDY-INTO-THE-QUALITY-AND-USABILITY-OF-PRIVACY-FRIENDLY-SYNTHETIC-DATA/src/anonymization/anonymARXij/src/hierarchies_loan/education.csv
Java is searching for hierarchy file at: /mnt/NVMETank/Projects/Students/Dele/A-STUDY-INTO-THE-QUALITY-AND-USABILITY-OF-PRIVACY-FRIENDLY-SYNTHETIC-DATA/src/anonymization/anonymARXij/src/hierarchies_loan/loan_amount_terms.csv
Java is searching for hierarchy file at: /mnt/NVMETank/Projects/Students/Dele/A-STUDY-INTO-THE-QUALITY-AND-USABILITY-OF-PRIVACY-FRIENDLY-SYNTHETIC-DATA/src/anonymization/anonymARXij/src/hierarchies_loan/married.csv
Java is searching for hierarchy file at: /mnt/NVMETank/Projects/Students/Dele/A-STUDY-INTO-THE-QUALITY-AND-USABILITY-OF-PRIVACY-FRIENDLY-SYNTHETIC-DATA/src/anonymization/anonymARXij/src/hierarchies_loan/gender.csv
✓ Applied Entropy L-Diversity on: LoanAmount (l=2)
🔹 Privacy Models Configured
📂 Anonymized Output Path (from args): /mnt/NVMETank/Projects/Students/Dele/A-STUDY-INTO-THE-QUALITY-AND-USABILITY-OF-PRIVACY-FRIENDLY-SYNTHETIC-DATA/datasets/anonymized/loan_k17_l2_sup20_anonymized.csv
📂 Anonymized Output Path: /mnt/NVMETank/Projects/Students/Dele/A-STUDY-INTO-THE-QUALITY-AND-USABILITY-OF-PRIVACY-FRIENDLY-SYNTHETIC-DATA/datasets/anonymized/loan_k17_l2_sup20_anonymized.csv
✅ Anonymization completed. Output saved to: /mnt/NVMETank/Projects/Students/Dele/A-STUDY-INTO-THE-QUALITY-AND-USABILITY-OF-PRIVACY-FRIENDLY-SYNTHETIC-DATA/datasets/anonymized/loan_k17_l2_sup20_anonymized.csv
Anonymized Data Quality Metrics:
 - Ambiguity: 0.845172779855744
 - AECS: 0.8333333333333334
 - Discernibility: 0.5988832267158192
 - Granularity: 0.4356316659155778
 - MSE: 0.05568356374807992
 - Non-Uniform Entropy: 0.2695229951623578
 - Precision: 0.4854910714285714
 - Record-level SE: 0.2744310958797733
Equivalence Class Statistics:
 - Number of Classes: 5
 - Average Class Size: 58.0
Suppression Statistics:
 - Suppressed Records: 46
 - Suppression Percentage: 13.69%
2025-05-08 18:53:33,729 - INFO - Anonymized data saved to: /mnt/NVMETank/Projects/Students/Dele/A-STUDY-INTO-THE-QUALITY-AND-USABILITY-OF-PRIVACY-FRIENDLY-SYNTHETIC-DATA/datasets/anonymized/loan_k17_l2_sup20_anonymized.csv
2025-05-08 18:53:33,738 - INFO - Anonymous data report saved at: outputs/batch/loan_batch_2025-05-08_18-38-44/loan_anon_k17_sl0p2_l2/anonymous_data_report.txt
2025-05-08 18:53:33,738 - INFO -  [POSTPROCESSING] Postprocessing anonymized data: /mnt/NVMETank/Projects/Students/Dele/A-STUDY-INTO-THE-QUALITY-AND-USABILITY-OF-PRIVACY-FRIENDLY-SYNTHETIC-DATA/datasets/anonymized/loan_k17_l2_sup20_anonymized.csv
2025-05-08 18:53:33,739 - INFO -  [POSTPROCESSING] Loaded anonymized data: (336, 12)
2025-05-08 18:53:33,744 - INFO -  [POSTPROCESSING] Loaded fallback maps from training data. Categorical cols: 7, Numeric cols: 5
2025-05-08 18:53:33,744 - INFO -  [POSTPROCESSING] Normalizing anonymized data using ARX artifact cleaning and fallback values.
2025-05-08 18:53:33,757 - INFO -  [POSTPROCESSING] Normalized anonymized data saved to: /mnt/NVMETank/Projects/Students/Dele/A-STUDY-INTO-THE-QUALITY-AND-USABILITY-OF-PRIVACY-FRIENDLY-SYNTHETIC-DATA/datasets/anonymized/loan_k17_l2_sup20_anonymized_processed.csv
2025-05-08 18:53:33,766 - INFO -  [POSTPROCESSING] Binary Encoding applied to anonymized data. Encoded shape: (336, 19)
2025-05-08 18:53:33,767 - INFO -  [POSTPROCESSING] Encoded anonymized dataset saved to: /mnt/NVMETank/Projects/Students/Dele/A-STUDY-INTO-THE-QUALITY-AND-USABILITY-OF-PRIVACY-FRIENDLY-SYNTHETIC-DATA/datasets/anonymized/loan_k17_l2_sup20_anonymized_encoded.csv
2025-05-08 18:53:33,767 - INFO -  [POSTPROCESSING] Encoding map generated for anonymized data: 0 original categorical columns.
2025-05-08 18:53:33,767 - INFO - Postprocessing report saved at: outputs/batch/loan_batch_2025-05-08_18-38-44/loan_anon_k17_sl0p2_l2/postprocessing_report.txt
2025-05-08 18:53:33,767 - INFO - enable_synthetic_generation = False
2025-05-08 18:53:33,767 - INFO - Synthetic Data Generation Skipped (Disabled in Configuration).
2025-05-08 18:53:33,767 - INFO - Running Hybrid Pipeline...
2025-05-08 18:53:33,767 - INFO -  [HYBRID] Executing run_hybrid...
2025-05-08 18:53:33,767 - INFO -  [HYBRID] Looking for encoded anonymized data in /mnt/NVMETank/Projects/Students/Dele/A-STUDY-INTO-THE-QUALITY-AND-USABILITY-OF-PRIVACY-FRIENDLY-SYNTHETIC-DATA/datasets/anonymized/loan_k17_l2_sup20_anonymized_encoded.csv
2025-05-08 18:53:33,768 - INFO -  [HYBRID ] Loaded cached encoded anonymous data from /mnt/NVMETank/Projects/Students/Dele/A-STUDY-INTO-THE-QUALITY-AND-USABILITY-OF-PRIVACY-FRIENDLY-SYNTHETIC-DATA/datasets/anonymized/loan_k17_l2_sup20_anonymized_encoded.csv
2025-05-08 18:53:33,769 - INFO -  [HYBRID] Starting synthetic generation for hybrid pipeline...
2025-05-08 18:53:33,769 - INFO - Executing run_synthetic.....
2025-05-08 18:53:33,769 - INFO - [SYNTHETIC PIPELINE] executing run_synthetic for loan_k17_l2_sup20...
2025-05-08 18:53:33,769 - INFO - [SYNTHETIC] Processing dataset: loan_k17_l2_sup20
2025-05-08 18:53:33,769 - INFO - [SYNTHETIC] Original dataset size: 336 rows
2025-05-08 18:53:33,779 - INFO - Detected metadata:
2025-05-08 18:53:33,779 - INFO - {
    "METADATA_SPEC_VERSION": "SINGLE_TABLE_V1",
    "columns": {
        "Gender_0": {
            "sdtype": "categorical"
        },
        "Gender_1": {
            "sdtype": "categorical"
        },
        "Married_0": {
            "sdtype": "categorical"
        },
        "Married_1": {
            "sdtype": "categorical"
        },
        "Dependents_0": {
            "sdtype": "categorical"
        },
        "Dependents_1": {
            "sdtype": "categorical"
        },
        "Dependents_2": {
            "sdtype": "categorical"
        },
        "Education_0": {
            "sdtype": "categorical"
        },
        "Education_1": {
            "sdtype": "categorical"
        },
        "Self_Employed_0": {
            "sdtype": "categorical"
        },
        "Self_Employed_1": {
            "sdtype": "categorical"
        },
        "ApplicantIncome": {
            "sdtype": "numerical"
        },
        "CoapplicantIncome": {
            "sdtype": "numerical"
        },
        "LoanAmount": {
            "sdtype": "numerical"
        },
        "Loan_Amount_Term": {
            "sdtype": "categorical"
        },
        "Credit_History": {
            "sdtype": "categorical"
        },
        "Property_Area_0": {
            "sdtype": "categorical"
        },
        "Property_Area_1": {
            "sdtype": "categorical"
        },
        "Loan_Status": {
            "sdtype": "categorical"
        }
    }
}
2025-05-08 18:53:33,779 - INFO - [SYNTHETIC] Preparing synthesizer: CTGAN
2025-05-08 18:53:33,779 - INFO - [SYNTHETIC] Params from config: {'epochs': 300}
2025-05-08 18:53:33,779 - INFO -  [SYNTHETIC] No pre-trained synthesizer found
2025-05-08 18:53:33,779 - INFO - [SYNTHETIC] Training new CTGAN synthesizer from scratch...
2025-05-08 18:53:33,779 - WARNING - [FutureWarning] The 'SingleTableMetadata' is deprecated. Please use the new 'Metadata' class for synthesizers. (from /mnt/NVMETank/Projects/Students/Dele/A-STUDY-INTO-THE-QUALITY-AND-USABILITY-OF-PRIVACY-FRIENDLY-SYNTHETIC-DATA/.venv/lib/python3.12/site-packages/sdv/single_table/base.py:119)
2025-05-08 18:53:33,779 - WARNING - [UserWarning] We strongly recommend saving the metadata using 'save_to_json' for replicability in future SDV versions. (from /mnt/NVMETank/Projects/Students/Dele/A-STUDY-INTO-THE-QUALITY-AND-USABILITY-OF-PRIVACY-FRIENDLY-SYNTHETIC-DATA/.venv/lib/python3.12/site-packages/sdv/single_table/base.py:104)
2025-05-08 18:53:33,784 - INFO - {'EVENT': 'Instance', 'TIMESTAMP': datetime.datetime(2025, 5, 8, 18, 53, 33, 784433), 'SYNTHESIZER CLASS NAME': 'CTGANSynthesizer', 'SYNTHESIZER ID': 'CTGANSynthesizer_1.18.0_ca673df8d6a14ded8207c63b98222fc5'}
2025-05-08 18:53:33,784 - INFO - [SYNTHETIC] CTGAN initialized with epochs: 300
2025-05-08 18:53:33,784 - INFO - [SYNTHETIC] Training parameters for CTGAN: {}
2025-05-08 18:53:33,784 - INFO - [SYNTHETIC] fitting CTGAN 
2025-05-08 18:53:33,784 - INFO - {'EVENT': 'Fit', 'TIMESTAMP': datetime.datetime(2025, 5, 8, 18, 53, 33, 784678), 'SYNTHESIZER CLASS NAME': 'CTGANSynthesizer', 'SYNTHESIZER ID': 'CTGANSynthesizer_1.18.0_ca673df8d6a14ded8207c63b98222fc5', 'TOTAL NUMBER OF TABLES': 1, 'TOTAL NUMBER OF ROWS': 336, 'TOTAL NUMBER OF COLUMNS': 19}
2025-05-08 18:53:33,785 - INFO - Fitting table  metadata
2025-05-08 18:53:33,786 - INFO - Fitting formatters for table 
2025-05-08 18:53:33,788 - INFO - Fitting constraints for table 
2025-05-08 18:53:33,788 - INFO - Setting the configuration for the ``HyperTransformer`` for table 
2025-05-08 18:53:33,789 - INFO - Fitting HyperTransformer for table 
2025-05-08 18:53:33,803 - INFO - {'EVENT': 'Fit processed data', 'TIMESTAMP': datetime.datetime(2025, 5, 8, 18, 53, 33, 803719), 'SYNTHESIZER CLASS NAME': 'CTGANSynthesizer', 'SYNTHESIZER ID': 'CTGANSynthesizer_1.18.0_ca673df8d6a14ded8207c63b98222fc5', 'TOTAL NUMBER OF TABLES': 1, 'TOTAL NUMBER OF ROWS': 336, 'TOTAL NUMBER OF COLUMNS': 19}
2025-05-08 18:53:33,836 - INFO - Guidance: There are no missing values in column ApplicantIncome. Extra column not created.
2025-05-08 18:53:33,954 - INFO - Guidance: There are no missing values in column CoapplicantIncome. Extra column not created.
2025-05-08 18:53:33,988 - INFO - Guidance: There are no missing values in column LoanAmount. Extra column not created.
2025-05-08 18:53:58,080 - INFO - [SYNTHETIC] Fitting complete for CTGAN. Duration: 24.30 seconds.
2025-05-08 18:53:58,080 - INFO - [SYNTHETIC] CONFIRMATION CTGAN actually trained with epochs = 300
2025-05-08 18:53:58,080 - INFO - {'EVENT': 'Save', 'TIMESTAMP': datetime.datetime(2025, 5, 8, 18, 53, 58, 80789), 'SYNTHESIZER CLASS NAME': 'CTGANSynthesizer', 'SYNTHESIZER ID': 'CTGANSynthesizer_1.18.0_ca673df8d6a14ded8207c63b98222fc5'}
2025-05-08 18:53:58,102 - INFO - [SYNTHETIC] CTGAN trained and saved.
2025-05-08 18:53:58,102 - INFO - [SYNTHETIC] Preparing synthesizer: GaussianCopula
2025-05-08 18:53:58,102 - INFO - [SYNTHETIC] Params from config: {}
2025-05-08 18:53:58,102 - INFO -  [SYNTHETIC] No pre-trained synthesizer found
2025-05-08 18:53:58,102 - INFO - [SYNTHETIC] Training new GaussianCopula synthesizer from scratch...
2025-05-08 18:53:58,102 - WARNING - [FutureWarning] The 'SingleTableMetadata' is deprecated. Please use the new 'Metadata' class for synthesizers. (from /mnt/NVMETank/Projects/Students/Dele/A-STUDY-INTO-THE-QUALITY-AND-USABILITY-OF-PRIVACY-FRIENDLY-SYNTHETIC-DATA/.venv/lib/python3.12/site-packages/sdv/single_table/base.py:119)
2025-05-08 18:53:58,105 - INFO - {'EVENT': 'Instance', 'TIMESTAMP': datetime.datetime(2025, 5, 8, 18, 53, 58, 105169), 'SYNTHESIZER CLASS NAME': 'GaussianCopulaSynthesizer', 'SYNTHESIZER ID': 'GaussianCopulaSynthesizer_1.18.0_eba24aba9ce148e9a935056af01cf61e'}
2025-05-08 18:53:58,105 - INFO - [SYNTHETIC] fitting GaussianCopula 
2025-05-08 18:53:58,105 - INFO - {'EVENT': 'Fit', 'TIMESTAMP': datetime.datetime(2025, 5, 8, 18, 53, 58, 105304), 'SYNTHESIZER CLASS NAME': 'GaussianCopulaSynthesizer', 'SYNTHESIZER ID': 'GaussianCopulaSynthesizer_1.18.0_eba24aba9ce148e9a935056af01cf61e', 'TOTAL NUMBER OF TABLES': 1, 'TOTAL NUMBER OF ROWS': 336, 'TOTAL NUMBER OF COLUMNS': 19}
2025-05-08 18:53:58,106 - INFO - Fitting table  metadata
2025-05-08 18:53:58,106 - INFO - Fitting formatters for table 
2025-05-08 18:53:58,108 - INFO - Fitting constraints for table 
2025-05-08 18:53:58,108 - INFO - Setting the configuration for the ``HyperTransformer`` for table 
2025-05-08 18:53:58,114 - INFO - Fitting HyperTransformer for table 
2025-05-08 18:53:58,215 - INFO - {'EVENT': 'Fit processed data', 'TIMESTAMP': datetime.datetime(2025, 5, 8, 18, 53, 58, 215544), 'SYNTHESIZER CLASS NAME': 'GaussianCopulaSynthesizer', 'SYNTHESIZER ID': 'GaussianCopulaSynthesizer_1.18.0_eba24aba9ce148e9a935056af01cf61e', 'TOTAL NUMBER OF TABLES': 1, 'TOTAL NUMBER OF ROWS': 336, 'TOTAL NUMBER OF COLUMNS': 19}
2025-05-08 18:53:58,215 - INFO - Fitting GaussianMultivariate(distribution="{'Gender_0': <class 'copulas.univariate.beta.BetaUnivariate'>, 'Gender_1': <class 'copulas.univariate.beta.BetaUnivariate'>, 'Married_0': <class 'copulas.univariate.beta.BetaUnivariate'>, 'Married_1': <class 'copulas.univariate.beta.BetaUnivariate'>, 'Dependents_0': <class 'copulas.univariate.beta.BetaUnivariate'>, 'Dependents_1': <class 'copulas.univariate.beta.BetaUnivariate'>, 'Dependents_2': <class 'copulas.univariate.beta.BetaUnivariate'>, 'Education_0': <class 'copulas.univariate.beta.BetaUnivariate'>, 'Education_1': <class 'copulas.univariate.beta.BetaUnivariate'>, 'Self_Employed_0': <class 'copulas.univariate.beta.BetaUnivariate'>, 'Self_Employed_1': <class 'copulas.univariate.beta.BetaUnivariate'>, 'ApplicantIncome': <class 'copulas.univariate.beta.BetaUnivariate'>, 'CoapplicantIncome': <class 'copulas.univariate.beta.BetaUnivariate'>, 'LoanAmount': <class 'copulas.univariate.beta.BetaUnivariate'>, 'Loan_Amount_Term': <class 'copulas.univariate.beta.BetaUnivariate'>, 'Credit_History': <class 'copulas.univariate.beta.BetaUnivariate'>, 'Property_Area_0': <class 'copulas.univariate.beta.BetaUnivariate'>, 'Property_Area_1': <class 'copulas.univariate.beta.BetaUnivariate'>, 'Loan_Status': <class 'copulas.univariate.beta.BetaUnivariate'>}")
2025-05-08 18:53:58,814 - INFO - [SYNTHETIC] Fitting complete for GaussianCopula. Duration: 0.71 seconds.
2025-05-08 18:53:58,814 - WARNING - [SYNTHETIC] WARNING Could not determine actual epochs used for GaussianCopula
2025-05-08 18:53:58,814 - INFO - {'EVENT': 'Save', 'TIMESTAMP': datetime.datetime(2025, 5, 8, 18, 53, 58, 814579), 'SYNTHESIZER CLASS NAME': 'GaussianCopulaSynthesizer', 'SYNTHESIZER ID': 'GaussianCopulaSynthesizer_1.18.0_eba24aba9ce148e9a935056af01cf61e'}
2025-05-08 18:53:58,822 - INFO - [SYNTHETIC] GaussianCopula trained and saved.
2025-05-08 18:53:58,822 - INFO - [SYNTHETIC] Preparing synthesizer: TVAE
2025-05-08 18:53:58,822 - INFO - [SYNTHETIC] Params from config: {'epochs': 300}
2025-05-08 18:53:58,822 - INFO -  [SYNTHETIC] No pre-trained synthesizer found
2025-05-08 18:53:58,822 - INFO - [SYNTHETIC] Training new TVAE synthesizer from scratch...
2025-05-08 18:53:58,822 - WARNING - [FutureWarning] The 'SingleTableMetadata' is deprecated. Please use the new 'Metadata' class for synthesizers. (from /mnt/NVMETank/Projects/Students/Dele/A-STUDY-INTO-THE-QUALITY-AND-USABILITY-OF-PRIVACY-FRIENDLY-SYNTHETIC-DATA/.venv/lib/python3.12/site-packages/sdv/single_table/base.py:119)
2025-05-08 18:53:58,825 - INFO - {'EVENT': 'Instance', 'TIMESTAMP': datetime.datetime(2025, 5, 8, 18, 53, 58, 825188), 'SYNTHESIZER CLASS NAME': 'TVAESynthesizer', 'SYNTHESIZER ID': 'TVAESynthesizer_1.18.0_c2d21bfbd5074b5da7ecb3c0ff151ea0'}
2025-05-08 18:53:58,825 - INFO - [SYNTHETIC] TVAE initialized with epochs: 300
2025-05-08 18:53:58,825 - INFO - [SYNTHETIC] Training parameters for TVAE: {}
2025-05-08 18:53:58,825 - INFO - [SYNTHETIC] fitting TVAE 
2025-05-08 18:53:58,825 - INFO - {'EVENT': 'Fit', 'TIMESTAMP': datetime.datetime(2025, 5, 8, 18, 53, 58, 825405), 'SYNTHESIZER CLASS NAME': 'TVAESynthesizer', 'SYNTHESIZER ID': 'TVAESynthesizer_1.18.0_c2d21bfbd5074b5da7ecb3c0ff151ea0', 'TOTAL NUMBER OF TABLES': 1, 'TOTAL NUMBER OF ROWS': 336, 'TOTAL NUMBER OF COLUMNS': 19}
2025-05-08 18:53:58,826 - INFO - Fitting table  metadata
2025-05-08 18:53:58,826 - INFO - Fitting formatters for table 
2025-05-08 18:53:58,828 - INFO - Fitting constraints for table 
2025-05-08 18:53:58,828 - INFO - Setting the configuration for the ``HyperTransformer`` for table 
2025-05-08 18:53:58,829 - INFO - Fitting HyperTransformer for table 
2025-05-08 18:53:58,841 - INFO - {'EVENT': 'Fit processed data', 'TIMESTAMP': datetime.datetime(2025, 5, 8, 18, 53, 58, 841947), 'SYNTHESIZER CLASS NAME': 'TVAESynthesizer', 'SYNTHESIZER ID': 'TVAESynthesizer_1.18.0_c2d21bfbd5074b5da7ecb3c0ff151ea0', 'TOTAL NUMBER OF TABLES': 1, 'TOTAL NUMBER OF ROWS': 336, 'TOTAL NUMBER OF COLUMNS': 19}
2025-05-08 18:53:58,859 - INFO - Guidance: There are no missing values in column ApplicantIncome. Extra column not created.
2025-05-08 18:53:59,001 - INFO - Guidance: There are no missing values in column CoapplicantIncome. Extra column not created.
2025-05-08 18:53:59,035 - INFO - Guidance: There are no missing values in column LoanAmount. Extra column not created.
2025-05-08 18:54:01,907 - INFO - [SYNTHETIC] Fitting complete for TVAE. Duration: 3.08 seconds.
2025-05-08 18:54:01,907 - INFO - [SYNTHETIC] CONFIRMATION TVAE actually trained with epochs = 300
2025-05-08 18:54:01,908 - INFO - {'EVENT': 'Save', 'TIMESTAMP': datetime.datetime(2025, 5, 8, 18, 54, 1, 908058), 'SYNTHESIZER CLASS NAME': 'TVAESynthesizer', 'SYNTHESIZER ID': 'TVAESynthesizer_1.18.0_c2d21bfbd5074b5da7ecb3c0ff151ea0'}
2025-05-08 18:54:01,936 - INFO - [SYNTHETIC] TVAE trained and saved.
2025-05-08 18:54:01,937 - INFO - [SYNTHETIC] Using CTGAN to generate 336 rows...
2025-05-08 18:54:02,012 - INFO - {'EVENT': 'Sample', 'TIMESTAMP': datetime.datetime(2025, 5, 8, 18, 54, 1, 937171), 'SYNTHESIZER CLASS NAME': 'CTGANSynthesizer', 'SYNTHESIZER ID': 'CTGANSynthesizer_1.18.0_ca673df8d6a14ded8207c63b98222fc5', 'TOTAL NUMBER OF TABLES': 1, 'TOTAL NUMBER OF ROWS': 336, 'TOTAL NUMBER OF COLUMNS': 19}
2025-05-08 18:54:02,012 - INFO - [SYNTHETIC] CTGAN completed: 336 rows generated.
2025-05-08 18:54:02,013 - INFO - [SYNTHETIC] Target class distribution for CTGAN: {'Y': 255, 'N': 81}
2025-05-08 18:54:02,013 - INFO - [SYNTHETIC] Using GaussianCopula to generate 336 rows...
2025-05-08 18:54:02,094 - INFO - {'EVENT': 'Sample', 'TIMESTAMP': datetime.datetime(2025, 5, 8, 18, 54, 2, 13229), 'SYNTHESIZER CLASS NAME': 'GaussianCopulaSynthesizer', 'SYNTHESIZER ID': 'GaussianCopulaSynthesizer_1.18.0_eba24aba9ce148e9a935056af01cf61e', 'TOTAL NUMBER OF TABLES': 1, 'TOTAL NUMBER OF ROWS': 336, 'TOTAL NUMBER OF COLUMNS': 19}
2025-05-08 18:54:02,094 - INFO - [SYNTHETIC] GaussianCopula completed: 336 rows generated.
2025-05-08 18:54:02,095 - INFO - [SYNTHETIC] Target class distribution for GaussianCopula: {'Y': 224, 'N': 112}
2025-05-08 18:54:02,095 - INFO - [SYNTHETIC] Using TVAE to generate 336 rows...
2025-05-08 18:54:02,155 - INFO - {'EVENT': 'Sample', 'TIMESTAMP': datetime.datetime(2025, 5, 8, 18, 54, 2, 95213), 'SYNTHESIZER CLASS NAME': 'TVAESynthesizer', 'SYNTHESIZER ID': 'TVAESynthesizer_1.18.0_c2d21bfbd5074b5da7ecb3c0ff151ea0', 'TOTAL NUMBER OF TABLES': 1, 'TOTAL NUMBER OF ROWS': 336, 'TOTAL NUMBER OF COLUMNS': 19}
2025-05-08 18:54:02,156 - INFO - [SYNTHETIC] TVAE completed: 336 rows generated.
2025-05-08 18:54:02,156 - INFO - [SYNTHETIC] Target class distribution for TVAE: {'Y': 336}
2025-05-08 18:54:02,157 - INFO - [SYNTHETIC PIPELINE] Synthetic Data Generation Completed.
2025-05-08 18:54:02,157 - INFO - [SYNTHETIC PIPELINE] Synthesizers used: ['CTGAN', 'GaussianCopula', 'TVAE']
2025-05-08 18:54:02,157 - INFO - [SYNTHETIC PIPELINE] Evaluating synthetic dataset generated by CTGAN...
2025-05-08 18:54:02,157 - INFO - [SYNTHETIC EVAL] Real data columns     (19): ['Gender_0', 'Gender_1', 'Married_0', 'Married_1', 'Dependents_0', 'Dependents_1', 'Dependents_2', 'Education_0', 'Education_1', 'Self_Employed_0', 'Self_Employed_1', 'ApplicantIncome', 'CoapplicantIncome', 'LoanAmount', 'Loan_Amount_Term', 'Credit_History', 'Property_Area_0', 'Property_Area_1', 'Loan_Status']
2025-05-08 18:54:02,157 - INFO - [SYNTHETIC EVAL] Synthetic data columns (19): ['Gender_0', 'Gender_1', 'Married_0', 'Married_1', 'Dependents_0', 'Dependents_1', 'Dependents_2', 'Education_0', 'Education_1', 'Self_Employed_0', 'Self_Employed_1', 'ApplicantIncome', 'CoapplicantIncome', 'LoanAmount', 'Loan_Amount_Term', 'Credit_History', 'Property_Area_0', 'Property_Area_1', 'Loan_Status']
2025-05-08 18:54:02,157 - INFO - [SYNTHETIC EVAL] Metadata columns      (19): ['Gender_0', 'Gender_1', 'Married_0', 'Married_1', 'Dependents_0', 'Dependents_1', 'Dependents_2', 'Education_0', 'Education_1', 'Self_Employed_0', 'Self_Employed_1', 'ApplicantIncome', 'CoapplicantIncome', 'LoanAmount', 'Loan_Amount_Term', 'Credit_History', 'Property_Area_0', 'Property_Area_1', 'Loan_Status']
2025-05-08 18:54:02,157 - INFO - [SYNTHETIC EVAL] Shape — Real: (336, 19), Synthetic: (336, 19)
2025-05-08 18:54:02,158 - INFO - [SYNTHETIC EVAL] Metadata structure:
{
  "METADATA_SPEC_VERSION": "SINGLE_TABLE_V1",
  "columns": {
    "Gender_0": {
      "sdtype": "categorical"
    },
    "Gender_1": {
      "sdtype": "categorical"
    },
    "Married_0": {
      "sdtype": "categorical"
    },
    "Married_1": {
      "sdtype": "categorical"
    },
    "Dependents_0": {
      "sdtype": "categorical"
    },
    "Dependents_1": {
      "sdtype": "categorical"
    },
    "Dependents_2": {
      "sdtype": "categorical"
    },
    "Education_0": {
      "sdtype": "categorical"
    },
    "Education_1": {
      "sdtype": "categorical"
    },
    "Self_Employed_0": {
      "sdtype": "categorical"
    },
    "Self_Employed_1": {
      "sdtype": "categorical"
    },
    "ApplicantIncome": {
      "sdtype": "numerical"
    },
    "CoapplicantIncome": {
      "sdtype": "numerical"
    },
    "LoanAmount": {
      "sdtype": "numerical"
    },
    "Loan_Amount_Term": {
      "sdtype": "categorical"
    },
    "Credit_History": {
      "sdtype": "categorical"
    },
    "Property_Area_0": {
      "sdtype": "categorical"
    },
    "Property_Area_1": {
      "sdtype": "categorical"
    },
    "Loan_Status": {
      "sdtype": "categorical"
    }
  }
}
2025-05-08 18:54:02,698 - INFO - [SYNTHETIC PIPELINE] Evaluating synthetic dataset generated by GaussianCopula...
2025-05-08 18:54:02,698 - INFO - [SYNTHETIC EVAL] Real data columns     (19): ['Gender_0', 'Gender_1', 'Married_0', 'Married_1', 'Dependents_0', 'Dependents_1', 'Dependents_2', 'Education_0', 'Education_1', 'Self_Employed_0', 'Self_Employed_1', 'ApplicantIncome', 'CoapplicantIncome', 'LoanAmount', 'Loan_Amount_Term', 'Credit_History', 'Property_Area_0', 'Property_Area_1', 'Loan_Status']
2025-05-08 18:54:02,698 - INFO - [SYNTHETIC EVAL] Synthetic data columns (19): ['Gender_0', 'Gender_1', 'Married_0', 'Married_1', 'Dependents_0', 'Dependents_1', 'Dependents_2', 'Education_0', 'Education_1', 'Self_Employed_0', 'Self_Employed_1', 'ApplicantIncome', 'CoapplicantIncome', 'LoanAmount', 'Loan_Amount_Term', 'Credit_History', 'Property_Area_0', 'Property_Area_1', 'Loan_Status']
2025-05-08 18:54:02,699 - INFO - [SYNTHETIC EVAL] Metadata columns      (19): ['Gender_0', 'Gender_1', 'Married_0', 'Married_1', 'Dependents_0', 'Dependents_1', 'Dependents_2', 'Education_0', 'Education_1', 'Self_Employed_0', 'Self_Employed_1', 'ApplicantIncome', 'CoapplicantIncome', 'LoanAmount', 'Loan_Amount_Term', 'Credit_History', 'Property_Area_0', 'Property_Area_1', 'Loan_Status']
2025-05-08 18:54:02,699 - INFO - [SYNTHETIC EVAL] Shape — Real: (336, 19), Synthetic: (336, 19)
2025-05-08 18:54:02,699 - INFO - [SYNTHETIC EVAL] Metadata structure:
{
  "METADATA_SPEC_VERSION": "SINGLE_TABLE_V1",
  "columns": {
    "Gender_0": {
      "sdtype": "categorical"
    },
    "Gender_1": {
      "sdtype": "categorical"
    },
    "Married_0": {
      "sdtype": "categorical"
    },
    "Married_1": {
      "sdtype": "categorical"
    },
    "Dependents_0": {
      "sdtype": "categorical"
    },
    "Dependents_1": {
      "sdtype": "categorical"
    },
    "Dependents_2": {
      "sdtype": "categorical"
    },
    "Education_0": {
      "sdtype": "categorical"
    },
    "Education_1": {
      "sdtype": "categorical"
    },
    "Self_Employed_0": {
      "sdtype": "categorical"
    },
    "Self_Employed_1": {
      "sdtype": "categorical"
    },
    "ApplicantIncome": {
      "sdtype": "numerical"
    },
    "CoapplicantIncome": {
      "sdtype": "numerical"
    },
    "LoanAmount": {
      "sdtype": "numerical"
    },
    "Loan_Amount_Term": {
      "sdtype": "categorical"
    },
    "Credit_History": {
      "sdtype": "categorical"
    },
    "Property_Area_0": {
      "sdtype": "categorical"
    },
    "Property_Area_1": {
      "sdtype": "categorical"
    },
    "Loan_Status": {
      "sdtype": "categorical"
    }
  }
}
2025-05-08 18:54:03,082 - INFO - [SYNTHETIC PIPELINE] Evaluating synthetic dataset generated by TVAE...
2025-05-08 18:54:03,082 - INFO - [SYNTHETIC EVAL] Real data columns     (19): ['Gender_0', 'Gender_1', 'Married_0', 'Married_1', 'Dependents_0', 'Dependents_1', 'Dependents_2', 'Education_0', 'Education_1', 'Self_Employed_0', 'Self_Employed_1', 'ApplicantIncome', 'CoapplicantIncome', 'LoanAmount', 'Loan_Amount_Term', 'Credit_History', 'Property_Area_0', 'Property_Area_1', 'Loan_Status']
2025-05-08 18:54:03,082 - INFO - [SYNTHETIC EVAL] Synthetic data columns (19): ['Gender_0', 'Gender_1', 'Married_0', 'Married_1', 'Dependents_0', 'Dependents_1', 'Dependents_2', 'Education_0', 'Education_1', 'Self_Employed_0', 'Self_Employed_1', 'ApplicantIncome', 'CoapplicantIncome', 'LoanAmount', 'Loan_Amount_Term', 'Credit_History', 'Property_Area_0', 'Property_Area_1', 'Loan_Status']
2025-05-08 18:54:03,082 - INFO - [SYNTHETIC EVAL] Metadata columns      (19): ['Gender_0', 'Gender_1', 'Married_0', 'Married_1', 'Dependents_0', 'Dependents_1', 'Dependents_2', 'Education_0', 'Education_1', 'Self_Employed_0', 'Self_Employed_1', 'ApplicantIncome', 'CoapplicantIncome', 'LoanAmount', 'Loan_Amount_Term', 'Credit_History', 'Property_Area_0', 'Property_Area_1', 'Loan_Status']
2025-05-08 18:54:03,082 - INFO - [SYNTHETIC EVAL] Shape — Real: (336, 19), Synthetic: (336, 19)
2025-05-08 18:54:03,082 - INFO - [SYNTHETIC EVAL] Metadata structure:
{
  "METADATA_SPEC_VERSION": "SINGLE_TABLE_V1",
  "columns": {
    "Gender_0": {
      "sdtype": "categorical"
    },
    "Gender_1": {
      "sdtype": "categorical"
    },
    "Married_0": {
      "sdtype": "categorical"
    },
    "Married_1": {
      "sdtype": "categorical"
    },
    "Dependents_0": {
      "sdtype": "categorical"
    },
    "Dependents_1": {
      "sdtype": "categorical"
    },
    "Dependents_2": {
      "sdtype": "categorical"
    },
    "Education_0": {
      "sdtype": "categorical"
    },
    "Education_1": {
      "sdtype": "categorical"
    },
    "Self_Employed_0": {
      "sdtype": "categorical"
    },
    "Self_Employed_1": {
      "sdtype": "categorical"
    },
    "ApplicantIncome": {
      "sdtype": "numerical"
    },
    "CoapplicantIncome": {
      "sdtype": "numerical"
    },
    "LoanAmount": {
      "sdtype": "numerical"
    },
    "Loan_Amount_Term": {
      "sdtype": "categorical"
    },
    "Credit_History": {
      "sdtype": "categorical"
    },
    "Property_Area_0": {
      "sdtype": "categorical"
    },
    "Property_Area_1": {
      "sdtype": "categorical"
    },
    "Loan_Status": {
      "sdtype": "categorical"
    }
  }
}
2025-05-08 18:54:03,569 - INFO -  [SYNTHETIC PIPELINE]  Synthetic Data Evaluation Completed.
2025-05-08 18:54:03,576 - INFO -  [SYNTHETIC PIPELINE] Synthetic Data Report Generated Successfully.
2025-05-08 18:54:03,692 - INFO - [HYBRID] Generated hybrid dataset shape for CTGAN: (336, 19)
2025-05-08 18:54:03,692 - INFO - [HYBRID] Target distribution for CTGAN: {'Y': 255, 'N': 81}
2025-05-08 18:54:03,695 - INFO -  [HYBRID] Saved hybrid dataset to /mnt/NVMETank/Projects/Students/Dele/A-STUDY-INTO-THE-QUALITY-AND-USABILITY-OF-PRIVACY-FRIENDLY-SYNTHETIC-DATA/datasets/hybrid/loan_k17_l2_sup20_CTGAN_HYBRID.csv
2025-05-08 18:54:03,695 - INFO - [HYBRID] Generated hybrid dataset shape for GaussianCopula: (336, 19)
2025-05-08 18:54:03,695 - INFO - [HYBRID] Target distribution for GaussianCopula: {'Y': 224, 'N': 112}
2025-05-08 18:54:03,698 - INFO -  [HYBRID] Saved hybrid dataset to /mnt/NVMETank/Projects/Students/Dele/A-STUDY-INTO-THE-QUALITY-AND-USABILITY-OF-PRIVACY-FRIENDLY-SYNTHETIC-DATA/datasets/hybrid/loan_k17_l2_sup20_GaussianCopula_HYBRID.csv
2025-05-08 18:54:03,698 - INFO - [HYBRID] Generated hybrid dataset shape for TVAE: (336, 19)
2025-05-08 18:54:03,698 - INFO - [HYBRID] Target distribution for TVAE: {'Y': 336}
2025-05-08 18:54:03,700 - INFO -  [HYBRID] Saved hybrid dataset to /mnt/NVMETank/Projects/Students/Dele/A-STUDY-INTO-THE-QUALITY-AND-USABILITY-OF-PRIVACY-FRIENDLY-SYNTHETIC-DATA/datasets/hybrid/loan_k17_l2_sup20_TVAE_HYBRID.csv
2025-05-08 18:54:03,701 - INFO -  [HYBRID] Hybrid pipeline complete — 3 dataset(s) ready.
2025-05-08 18:54:03,701 - INFO - [HYBRID] Total rows across all hybrid datasets: 1008
2025-05-08 18:54:03,701 - INFO - Hybrid pipeline completed successfully.
2025-05-08 18:54:03,701 - INFO - Hybrid pipeline duration: 29.93 seconds
2025-05-08 18:54:03,701 - INFO - Starting Utility...
2025-05-08 18:54:03,701 - INFO - [UTILITY] Preparing datasets for machine learning...
2025-05-08 18:54:03,702 - INFO - [UTILITY] Original Data - Training Size: 336, Testing Size: 144
2025-05-08 18:54:03,702 - INFO - [UTILITY] Target class distribution (Original): {'Y': 232, 'N': 104}
2025-05-08 18:54:03,702 - INFO - [UTILITY] Processing anonymized dataset...
2025-05-08 18:54:03,702 - INFO - [UTILITY] Anonymized Data - Training Size: 336
2025-05-08 18:54:03,703 - INFO - [UTILITY] Target class distribution (Anonymous): {'Y': 232, 'N': 104}
2025-05-08 18:54:03,703 - INFO - [UTILITY] Processing hybrid dataset generated by CTGAN...
2025-05-08 18:54:03,703 - INFO - [UTILITY] Hybrid Data (CTGAN_HYBRID) - Training Size: 336
2025-05-08 18:54:03,704 - INFO - [UTILITY] Target class distribution (CTGAN_HYBRID): {'Y': 255, 'N': 81}
2025-05-08 18:54:03,704 - INFO - [UTILITY] Processing hybrid dataset generated by GaussianCopula...
2025-05-08 18:54:03,704 - INFO - [UTILITY] Hybrid Data (GaussianCopula_HYBRID) - Training Size: 336
2025-05-08 18:54:03,704 - INFO - [UTILITY] Target class distribution (GaussianCopula_HYBRID): {'Y': 224, 'N': 112}
2025-05-08 18:54:03,705 - WARNING -  Skipping hybrid dataset 'TVAE_HYBRID' - only one class in target.
2025-05-08 18:54:03,705 - INFO - [UTILITY] Training models on all datasets...
2025-05-08 18:54:03,705 - INFO - [UTILITY] Total datasets used for training: 4
2025-05-08 18:54:03,705 - INFO - [TRAINING] Training models from scratch...
2025-05-08 18:54:03,705 - INFO - [TRAINING] Starting training for dataset: Original — Rows: 336, Features: 18
2025-05-08 18:54:03,705 - INFO - [TRAINING] Training DecisionTree on Original...
2025-05-08 18:54:03,708 - INFO - [TRAINING] DecisionTree trained successfully on Original in 0.00 sec
2025-05-08 18:54:03,708 - INFO - [TRAINING] Training KNN on Original...
2025-05-08 18:54:03,709 - INFO - [TRAINING] KNN trained successfully on Original in 0.00 sec
2025-05-08 18:54:03,709 - INFO - [TRAINING] Training LogisticRegression on Original...
2025-05-08 18:54:03,713 - INFO - [TRAINING] LogisticRegression trained successfully on Original in 0.00 sec
2025-05-08 18:54:03,714 - INFO - [TRAINING] Training RandomForest on Original...
2025-05-08 18:54:03,822 - INFO - [TRAINING] RandomForest trained successfully on Original in 0.11 sec
2025-05-08 18:54:03,822 - INFO - [TRAINING] Training SVM on Original...
2025-05-08 18:54:03,826 - INFO - [TRAINING] SVM trained successfully on Original in 0.00 sec
2025-05-08 18:54:03,826 - INFO - [TRAINING] Finished training 5 model(s) for dataset: Original
2025-05-08 18:54:03,826 - INFO - [TRAINING] Starting training for dataset: Anonymous — Rows: 336, Features: 18
2025-05-08 18:54:03,826 - INFO - [TRAINING] Training DecisionTree on Anonymous...
2025-05-08 18:54:03,829 - INFO - [TRAINING] DecisionTree trained successfully on Anonymous in 0.00 sec
2025-05-08 18:54:03,829 - INFO - [TRAINING] Training KNN on Anonymous...
2025-05-08 18:54:03,830 - INFO - [TRAINING] KNN trained successfully on Anonymous in 0.00 sec
2025-05-08 18:54:03,830 - INFO - [TRAINING] Training LogisticRegression on Anonymous...
2025-05-08 18:54:03,834 - INFO - [TRAINING] LogisticRegression trained successfully on Anonymous in 0.00 sec
2025-05-08 18:54:03,834 - INFO - [TRAINING] Training RandomForest on Anonymous...
2025-05-08 18:54:03,944 - INFO - [TRAINING] RandomForest trained successfully on Anonymous in 0.11 sec
2025-05-08 18:54:03,944 - INFO - [TRAINING] Training SVM on Anonymous...
2025-05-08 18:54:03,950 - INFO - [TRAINING] SVM trained successfully on Anonymous in 0.01 sec
2025-05-08 18:54:03,950 - INFO - [TRAINING] Finished training 5 model(s) for dataset: Anonymous
2025-05-08 18:54:03,950 - INFO - [TRAINING] Starting training for dataset: CTGAN_HYBRID — Rows: 336, Features: 18
2025-05-08 18:54:03,950 - INFO - [TRAINING] Training DecisionTree on CTGAN_HYBRID...
2025-05-08 18:54:03,953 - INFO - [TRAINING] DecisionTree trained successfully on CTGAN_HYBRID in 0.00 sec
2025-05-08 18:54:03,953 - INFO - [TRAINING] Training KNN on CTGAN_HYBRID...
2025-05-08 18:54:03,954 - INFO - [TRAINING] KNN trained successfully on CTGAN_HYBRID in 0.00 sec
2025-05-08 18:54:03,954 - INFO - [TRAINING] Training LogisticRegression on CTGAN_HYBRID...
2025-05-08 18:54:03,971 - INFO - [TRAINING] LogisticRegression trained successfully on CTGAN_HYBRID in 0.02 sec
2025-05-08 18:54:03,971 - INFO - [TRAINING] Training RandomForest on CTGAN_HYBRID...
2025-05-08 18:54:04,076 - INFO - [TRAINING] RandomForest trained successfully on CTGAN_HYBRID in 0.11 sec
2025-05-08 18:54:04,077 - INFO - [TRAINING] Training SVM on CTGAN_HYBRID...
2025-05-08 18:54:04,081 - INFO - [TRAINING] SVM trained successfully on CTGAN_HYBRID in 0.00 sec
2025-05-08 18:54:04,081 - INFO - [TRAINING] Finished training 5 model(s) for dataset: CTGAN_HYBRID
2025-05-08 18:54:04,081 - INFO - [TRAINING] Starting training for dataset: GaussianCopula_HYBRID — Rows: 336, Features: 18
2025-05-08 18:54:04,081 - INFO - [TRAINING] Training DecisionTree on GaussianCopula_HYBRID...
2025-05-08 18:54:04,083 - INFO - [TRAINING] DecisionTree trained successfully on GaussianCopula_HYBRID in 0.00 sec
2025-05-08 18:54:04,083 - INFO - [TRAINING] Training KNN on GaussianCopula_HYBRID...
2025-05-08 18:54:04,085 - INFO - [TRAINING] KNN trained successfully on GaussianCopula_HYBRID in 0.00 sec
2025-05-08 18:54:04,085 - INFO - [TRAINING] Training LogisticRegression on GaussianCopula_HYBRID...
2025-05-08 18:54:04,089 - INFO - [TRAINING] LogisticRegression trained successfully on GaussianCopula_HYBRID in 0.00 sec
2025-05-08 18:54:04,089 - INFO - [TRAINING] Training RandomForest on GaussianCopula_HYBRID...
2025-05-08 18:54:04,201 - INFO - [TRAINING] RandomForest trained successfully on GaussianCopula_HYBRID in 0.11 sec
2025-05-08 18:54:04,202 - INFO - [TRAINING] Training SVM on GaussianCopula_HYBRID...
2025-05-08 18:54:04,207 - INFO - [TRAINING] SVM trained successfully on GaussianCopula_HYBRID in 0.00 sec
2025-05-08 18:54:04,207 - INFO - [TRAINING] Finished training 5 model(s) for dataset: GaussianCopula_HYBRID
2025-05-08 18:54:04,207 - INFO - [TRAINING] Total models trained across all datasets: 20
2025-05-08 18:54:04,207 - INFO - [UTILITY] Trained model names: ['Original', 'Anonymous', 'CTGAN_HYBRID', 'GaussianCopula_HYBRID']
2025-05-08 18:54:04,207 - INFO - [UTILITY] Model Training Completed.
2025-05-08 18:54:04,207 - INFO - Starting the Evaluating of models...
2025-05-08 18:54:04,207 - INFO - Preparing evaluation for model 'DecisionTree' across all datasets...
2025-05-08 18:54:04,207 - INFO - Evaluating DecisionTree on Original...
2025-05-08 18:54:04,208 - INFO - Predictions completed for DecisionTree on Original
2025-05-08 18:54:04,209 - INFO - Prediction distribution for DecisionTree on Original: {'Y': 90, 'N': 54}
2025-05-08 18:54:04,219 - INFO - Computed 8 metric(s) for DecisionTree on Original
2025-05-08 18:54:04,219 - INFO - Evaluating DecisionTree on Anonymous...
2025-05-08 18:54:04,220 - INFO - Predictions completed for DecisionTree on Anonymous
2025-05-08 18:54:04,221 - INFO - Prediction distribution for DecisionTree on Anonymous: {'N': 75, 'Y': 69}
2025-05-08 18:54:04,230 - INFO - Computed 8 metric(s) for DecisionTree on Anonymous
2025-05-08 18:54:04,230 - INFO - Evaluating DecisionTree on CTGAN_HYBRID...
2025-05-08 18:54:04,231 - INFO - Predictions completed for DecisionTree on CTGAN_HYBRID
2025-05-08 18:54:04,231 - INFO - Prediction distribution for DecisionTree on CTGAN_HYBRID: {'Y': 111, 'N': 33}
2025-05-08 18:54:04,240 - INFO - Computed 8 metric(s) for DecisionTree on CTGAN_HYBRID
2025-05-08 18:54:04,240 - INFO - Evaluating DecisionTree on GaussianCopula_HYBRID...
2025-05-08 18:54:04,241 - INFO - Predictions completed for DecisionTree on GaussianCopula_HYBRID
2025-05-08 18:54:04,241 - INFO - Prediction distribution for DecisionTree on GaussianCopula_HYBRID: {'Y': 87, 'N': 57}
2025-05-08 18:54:04,250 - INFO - Computed 8 metric(s) for DecisionTree on GaussianCopula_HYBRID
2025-05-08 18:54:04,250 - INFO - Preparing evaluation for model 'KNN' across all datasets...
2025-05-08 18:54:04,250 - INFO - Evaluating KNN on Original...
2025-05-08 18:54:04,256 - INFO - Predictions completed for KNN on Original
2025-05-08 18:54:04,256 - INFO - Prediction distribution for KNN on Original: {'Y': 115, 'N': 29}
2025-05-08 18:54:04,269 - INFO - Computed 8 metric(s) for KNN on Original
2025-05-08 18:54:04,269 - INFO - Evaluating KNN on Anonymous...
2025-05-08 18:54:04,275 - INFO - Predictions completed for KNN on Anonymous
2025-05-08 18:54:04,275 - INFO - Prediction distribution for KNN on Anonymous: {'Y': 114, 'N': 30}
2025-05-08 18:54:04,287 - INFO - Computed 8 metric(s) for KNN on Anonymous
2025-05-08 18:54:04,287 - INFO - Evaluating KNN on CTGAN_HYBRID...
2025-05-08 18:54:04,293 - INFO - Predictions completed for KNN on CTGAN_HYBRID
2025-05-08 18:54:04,294 - INFO - Prediction distribution for KNN on CTGAN_HYBRID: {'Y': 123, 'N': 21}
2025-05-08 18:54:04,305 - INFO - Computed 8 metric(s) for KNN on CTGAN_HYBRID
2025-05-08 18:54:04,305 - INFO - Evaluating KNN on GaussianCopula_HYBRID...
2025-05-08 18:54:04,311 - INFO - Predictions completed for KNN on GaussianCopula_HYBRID
2025-05-08 18:54:04,311 - INFO - Prediction distribution for KNN on GaussianCopula_HYBRID: {'Y': 118, 'N': 26}
2025-05-08 18:54:04,322 - INFO - Computed 8 metric(s) for KNN on GaussianCopula_HYBRID
2025-05-08 18:54:04,322 - INFO - Preparing evaluation for model 'LogisticRegression' across all datasets...
2025-05-08 18:54:04,323 - INFO - Evaluating LogisticRegression on Original...
2025-05-08 18:54:04,324 - INFO - Predictions completed for LogisticRegression on Original
2025-05-08 18:54:04,324 - INFO - Prediction distribution for LogisticRegression on Original: {'Y': 115, 'N': 29}
2025-05-08 18:54:04,334 - INFO - Computed 8 metric(s) for LogisticRegression on Original
2025-05-08 18:54:04,334 - INFO - Evaluating LogisticRegression on Anonymous...
2025-05-08 18:54:04,335 - INFO - Predictions completed for LogisticRegression on Anonymous
2025-05-08 18:54:04,335 - INFO - Prediction distribution for LogisticRegression on Anonymous: {'N': 102, 'Y': 42}
2025-05-08 18:54:04,344 - INFO - Computed 8 metric(s) for LogisticRegression on Anonymous
2025-05-08 18:54:04,344 - INFO - Evaluating LogisticRegression on CTGAN_HYBRID...
2025-05-08 18:54:04,345 - INFO - Predictions completed for LogisticRegression on CTGAN_HYBRID
2025-05-08 18:54:04,346 - INFO - Prediction distribution for LogisticRegression on CTGAN_HYBRID: {'Y': 137, 'N': 7}
2025-05-08 18:54:04,354 - INFO - Computed 8 metric(s) for LogisticRegression on CTGAN_HYBRID
2025-05-08 18:54:04,354 - INFO - Evaluating LogisticRegression on GaussianCopula_HYBRID...
2025-05-08 18:54:04,356 - INFO - Predictions completed for LogisticRegression on GaussianCopula_HYBRID
2025-05-08 18:54:04,356 - INFO - Prediction distribution for LogisticRegression on GaussianCopula_HYBRID: {'Y': 94, 'N': 50}
2025-05-08 18:54:04,364 - INFO - Computed 8 metric(s) for LogisticRegression on GaussianCopula_HYBRID
2025-05-08 18:54:04,365 - INFO - Preparing evaluation for model 'RandomForest' across all datasets...
2025-05-08 18:54:04,365 - INFO - Evaluating RandomForest on Original...
2025-05-08 18:54:04,370 - INFO - Predictions completed for RandomForest on Original
2025-05-08 18:54:04,370 - INFO - Prediction distribution for RandomForest on Original: {'Y': 107, 'N': 37}
2025-05-08 18:54:04,387 - INFO - Computed 8 metric(s) for RandomForest on Original
2025-05-08 18:54:04,388 - INFO - Evaluating RandomForest on Anonymous...
2025-05-08 18:54:04,393 - INFO - Predictions completed for RandomForest on Anonymous
2025-05-08 18:54:04,393 - INFO - Prediction distribution for RandomForest on Anonymous: {'N': 82, 'Y': 62}
2025-05-08 18:54:04,411 - INFO - Computed 8 metric(s) for RandomForest on Anonymous
2025-05-08 18:54:04,411 - INFO - Evaluating RandomForest on CTGAN_HYBRID...
2025-05-08 18:54:04,417 - INFO - Predictions completed for RandomForest on CTGAN_HYBRID
2025-05-08 18:54:04,417 - INFO - Prediction distribution for RandomForest on CTGAN_HYBRID: {'Y': 131, 'N': 13}
2025-05-08 18:54:04,434 - INFO - Computed 8 metric(s) for RandomForest on CTGAN_HYBRID
2025-05-08 18:54:04,435 - INFO - Evaluating RandomForest on GaussianCopula_HYBRID...
2025-05-08 18:54:04,440 - INFO - Predictions completed for RandomForest on GaussianCopula_HYBRID
2025-05-08 18:54:04,441 - INFO - Prediction distribution for RandomForest on GaussianCopula_HYBRID: {'Y': 102, 'N': 42}
2025-05-08 18:54:04,458 - INFO - Computed 8 metric(s) for RandomForest on GaussianCopula_HYBRID
2025-05-08 18:54:04,458 - INFO - Preparing evaluation for model 'SVM' across all datasets...
2025-05-08 18:54:04,458 - INFO - Evaluating SVM on Original...
2025-05-08 18:54:04,460 - INFO - Predictions completed for SVM on Original
2025-05-08 18:54:04,460 - INFO - Prediction distribution for SVM on Original: {'Y': 144}
2025-05-08 18:54:04,461 - WARNING -  [WARNING] :SVM on Original predicted only one class: {'Y'}
2025-05-08 18:54:04,462 - WARNING - [UndefinedMetricWarning] Precision is ill-defined and being set to 0.0 in labels with no predicted samples. Use `zero_division` parameter to control this behavior. (from /mnt/NVMETank/Projects/Students/Dele/A-STUDY-INTO-THE-QUALITY-AND-USABILITY-OF-PRIVACY-FRIENDLY-SYNTHETIC-DATA/.venv/lib/python3.12/site-packages/sklearn/metrics/_classification.py:1565)
2025-05-08 18:54:04,463 - WARNING - [UndefinedMetricWarning] Precision is ill-defined and being set to 0.0 in labels with no predicted samples. Use `zero_division` parameter to control this behavior. (from /mnt/NVMETank/Projects/Students/Dele/A-STUDY-INTO-THE-QUALITY-AND-USABILITY-OF-PRIVACY-FRIENDLY-SYNTHETIC-DATA/.venv/lib/python3.12/site-packages/sklearn/metrics/_classification.py:1565)
2025-05-08 18:54:04,465 - WARNING - [UndefinedMetricWarning] Precision is ill-defined and being set to 0.0 in labels with no predicted samples. Use `zero_division` parameter to control this behavior. (from /mnt/NVMETank/Projects/Students/Dele/A-STUDY-INTO-THE-QUALITY-AND-USABILITY-OF-PRIVACY-FRIENDLY-SYNTHETIC-DATA/.venv/lib/python3.12/site-packages/sklearn/metrics/_classification.py:1565)
2025-05-08 18:54:04,466 - INFO - Computed 8 metric(s) for SVM on Original
2025-05-08 18:54:04,466 - INFO - Evaluating SVM on Anonymous...
2025-05-08 18:54:04,468 - INFO - Predictions completed for SVM on Anonymous
2025-05-08 18:54:04,469 - INFO - Prediction distribution for SVM on Anonymous: {'Y': 144}
2025-05-08 18:54:04,469 - WARNING -  [WARNING] :SVM on Anonymous predicted only one class: {'Y'}
2025-05-08 18:54:04,470 - WARNING - [UndefinedMetricWarning] Precision is ill-defined and being set to 0.0 in labels with no predicted samples. Use `zero_division` parameter to control this behavior. (from /mnt/NVMETank/Projects/Students/Dele/A-STUDY-INTO-THE-QUALITY-AND-USABILITY-OF-PRIVACY-FRIENDLY-SYNTHETIC-DATA/.venv/lib/python3.12/site-packages/sklearn/metrics/_classification.py:1565)
2025-05-08 18:54:04,472 - WARNING - [UndefinedMetricWarning] Precision is ill-defined and being set to 0.0 in labels with no predicted samples. Use `zero_division` parameter to control this behavior. (from /mnt/NVMETank/Projects/Students/Dele/A-STUDY-INTO-THE-QUALITY-AND-USABILITY-OF-PRIVACY-FRIENDLY-SYNTHETIC-DATA/.venv/lib/python3.12/site-packages/sklearn/metrics/_classification.py:1565)
2025-05-08 18:54:04,473 - WARNING - [UndefinedMetricWarning] Precision is ill-defined and being set to 0.0 in labels with no predicted samples. Use `zero_division` parameter to control this behavior. (from /mnt/NVMETank/Projects/Students/Dele/A-STUDY-INTO-THE-QUALITY-AND-USABILITY-OF-PRIVACY-FRIENDLY-SYNTHETIC-DATA/.venv/lib/python3.12/site-packages/sklearn/metrics/_classification.py:1565)
2025-05-08 18:54:04,475 - INFO - Computed 8 metric(s) for SVM on Anonymous
2025-05-08 18:54:04,475 - INFO - Evaluating SVM on CTGAN_HYBRID...
2025-05-08 18:54:04,476 - INFO - Predictions completed for SVM on CTGAN_HYBRID
2025-05-08 18:54:04,477 - INFO - Prediction distribution for SVM on CTGAN_HYBRID: {'Y': 144}
2025-05-08 18:54:04,477 - WARNING -  [WARNING] :SVM on CTGAN_HYBRID predicted only one class: {'Y'}
2025-05-08 18:54:04,478 - WARNING - [UndefinedMetricWarning] Precision is ill-defined and being set to 0.0 in labels with no predicted samples. Use `zero_division` parameter to control this behavior. (from /mnt/NVMETank/Projects/Students/Dele/A-STUDY-INTO-THE-QUALITY-AND-USABILITY-OF-PRIVACY-FRIENDLY-SYNTHETIC-DATA/.venv/lib/python3.12/site-packages/sklearn/metrics/_classification.py:1565)
2025-05-08 18:54:04,480 - WARNING - [UndefinedMetricWarning] Precision is ill-defined and being set to 0.0 in labels with no predicted samples. Use `zero_division` parameter to control this behavior. (from /mnt/NVMETank/Projects/Students/Dele/A-STUDY-INTO-THE-QUALITY-AND-USABILITY-OF-PRIVACY-FRIENDLY-SYNTHETIC-DATA/.venv/lib/python3.12/site-packages/sklearn/metrics/_classification.py:1565)
2025-05-08 18:54:04,481 - WARNING - [UndefinedMetricWarning] Precision is ill-defined and being set to 0.0 in labels with no predicted samples. Use `zero_division` parameter to control this behavior. (from /mnt/NVMETank/Projects/Students/Dele/A-STUDY-INTO-THE-QUALITY-AND-USABILITY-OF-PRIVACY-FRIENDLY-SYNTHETIC-DATA/.venv/lib/python3.12/site-packages/sklearn/metrics/_classification.py:1565)
2025-05-08 18:54:04,483 - INFO - Computed 8 metric(s) for SVM on CTGAN_HYBRID
2025-05-08 18:54:04,483 - INFO - Evaluating SVM on GaussianCopula_HYBRID...
2025-05-08 18:54:04,485 - INFO - Predictions completed for SVM on GaussianCopula_HYBRID
2025-05-08 18:54:04,485 - INFO - Prediction distribution for SVM on GaussianCopula_HYBRID: {'Y': 144}
2025-05-08 18:54:04,485 - WARNING -  [WARNING] :SVM on GaussianCopula_HYBRID predicted only one class: {'Y'}
2025-05-08 18:54:04,487 - WARNING - [UndefinedMetricWarning] Precision is ill-defined and being set to 0.0 in labels with no predicted samples. Use `zero_division` parameter to control this behavior. (from /mnt/NVMETank/Projects/Students/Dele/A-STUDY-INTO-THE-QUALITY-AND-USABILITY-OF-PRIVACY-FRIENDLY-SYNTHETIC-DATA/.venv/lib/python3.12/site-packages/sklearn/metrics/_classification.py:1565)
2025-05-08 18:54:04,488 - WARNING - [UndefinedMetricWarning] Precision is ill-defined and being set to 0.0 in labels with no predicted samples. Use `zero_division` parameter to control this behavior. (from /mnt/NVMETank/Projects/Students/Dele/A-STUDY-INTO-THE-QUALITY-AND-USABILITY-OF-PRIVACY-FRIENDLY-SYNTHETIC-DATA/.venv/lib/python3.12/site-packages/sklearn/metrics/_classification.py:1565)
2025-05-08 18:54:04,489 - WARNING - [UndefinedMetricWarning] Precision is ill-defined and being set to 0.0 in labels with no predicted samples. Use `zero_division` parameter to control this behavior. (from /mnt/NVMETank/Projects/Students/Dele/A-STUDY-INTO-THE-QUALITY-AND-USABILITY-OF-PRIVACY-FRIENDLY-SYNTHETIC-DATA/.venv/lib/python3.12/site-packages/sklearn/metrics/_classification.py:1565)
2025-05-08 18:54:04,491 - INFO - Computed 8 metric(s) for SVM on GaussianCopula_HYBRID
2025-05-08 18:54:04,494 - INFO - Evaluation completed for all models.
2025-05-08 18:54:04,494 - INFO - Model evaluation completed in 0.29 seconds.
2025-05-08 18:54:04,496 - INFO - Evaluated models: ['DecisionTree', 'KNN', 'LogisticRegression', 'RandomForest', 'SVM']
2025-05-08 18:54:04,496 - INFO - Model Training and Evaluation completed.
2025-05-08 18:54:05,063 - INFO -  Visualizations saved.
2025-05-08 18:54:05,063 - INFO -  Benchmarking Completed. Results saved in output folder.
