2025-04-23 01:11:01,719 - INFO - Loaded config file: configs/generated_configs/loan/loan_anon_k20_sl0p25_l2.yaml
2025-04-23 01:11:01,719 - INFO -  Benchmarking started for dataset: loan
2025-04-23 01:11:01,719 - INFO - Using dataset path: /mnt/NVMETank/Projects/Students/Dele/A-STUDY-INTO-THE-QUALITY-AND-USABILITY-OF-PRIVACY-FRIENDLY-SYNTHETIC-DATA/datasets/original/loan.csv
2025-04-23 01:11:01,719 - INFO - Target column: Loan_Status, separator: ','
2025-04-23 01:11:01,719 - INFO - Configuration loaded: enable_anonymization = True, enable_synthesis = False, enable_hybrid = True, enable_utility = True, delete_after_evaluation = True
2025-04-23 01:11:01,719 - INFO - Running preprocessing...
2025-04-23 01:11:01,723 - INFO -  [PREPROCESSING] Preprocessed files found. Skipping preprocessing.
2025-04-23 01:11:01,731 - INFO - Preprocessing completed. Rows before: 614, after: 336
2025-04-23 01:11:01,732 - INFO - Preprocessed data saved to: outputs/batch/loan_batch_2025-04-23_01-09-27/loan_anon_k20_sl0p25_l2/preprocessing_report.txt
2025-04-23 01:11:01,732 - INFO - enable_anonymization = True
2025-04-23 01:11:01,732 - INFO - Starting Anonymization Pipeline with output path: /mnt/NVMETank/Projects/Students/Dele/A-STUDY-INTO-THE-QUALITY-AND-USABILITY-OF-PRIVACY-FRIENDLY-SYNTHETIC-DATA/datasets/anonymized/loan_k20_l2_sup25_anonymized.csv.......
2025-04-23 01:11:01,736 - INFO -  [ANONYMIZATION] Executing run_anonymization, config_path : configs/generated_configs/loan/loan_anon_k20_sl0p25_l2.yaml...........
2025-04-23 01:11:01,736 - INFO -  [ANONYMIZATION] Using JAR file at /mnt/NVMETank/Projects/Students/Dele/A-STUDY-INTO-THE-QUALITY-AND-USABILITY-OF-PRIVACY-FRIENDLY-SYNTHETIC-DATA/src/anonymization/anonymARXij/bin/anonymARXij.jar to anonymize the dataset.
2025-04-23 01:11:02,958 - INFO -  [ANONYMIZATION] Anonimized file saved to : /mnt/NVMETank/Projects/Students/Dele/A-STUDY-INTO-THE-QUALITY-AND-USABILITY-OF-PRIVACY-FRIENDLY-SYNTHETIC-DATA/datasets/anonymized/loan_k20_l2_sup25_anonymized.csv
2025-04-23 01:11:02,958 - INFO -  [ANONYMIZATION] Java anonymization completed successfully.
2025-04-23 01:11:02,958 - INFO -  [ANONYMIZATION] Java STDOUT:
📄 Java received config path: /mnt/NVMETank/Projects/Students/Dele/A-STUDY-INTO-THE-QUALITY-AND-USABILITY-OF-PRIVACY-FRIENDLY-SYNTHETIC-DATA/configs/generated_configs/loan/loan_anon_k20_sl0p25_l2.yaml
🔹 Loading config from: /mnt/NVMETank/Projects/Students/Dele/A-STUDY-INTO-THE-QUALITY-AND-USABILITY-OF-PRIVACY-FRIENDLY-SYNTHETIC-DATA/configs/generated_configs/loan/loan_anon_k20_sl0p25_l2.yaml
Loading config from: /mnt/NVMETank/Projects/Students/Dele/A-STUDY-INTO-THE-QUALITY-AND-USABILITY-OF-PRIVACY-FRIENDLY-SYNTHETIC-DATA/configs/generated_configs/loan/loan_anon_k20_sl0p25_l2.yaml
📂 Dataset Path (from args): /mnt/NVMETank/Projects/Students/Dele/A-STUDY-INTO-THE-QUALITY-AND-USABILITY-OF-PRIVACY-FRIENDLY-SYNTHETIC-DATA/datasets/train/loan_train_raw.csv
🔹 Dataset Separator: ,
🔹 Suppression Limit: 0.25

🔹 Configured Attributes:
  ✅ Quasi-Identifier: Gender
  ✅ Quasi-Identifier: Married
  ✅ Quasi-Identifier: Education
  ✅ Sensitive Attribute: ApplicantIncome
  ✅ Insensitive Attribute: Loan_Amount_Term
  ✅ Insensitive Attribute: Dependents
  ✅ Insensitive Attribute: Loan_Status

🔹 Defined Hierarchies:
  ✅ Education -> /mnt/NVMETank/Projects/Students/Dele/A-STUDY-INTO-THE-QUALITY-AND-USABILITY-OF-PRIVACY-FRIENDLY-SYNTHETIC-DATA/src/anonymization/anonymARXij/src/hierarchies_loan/education.csv
  ✅ Married -> /mnt/NVMETank/Projects/Students/Dele/A-STUDY-INTO-THE-QUALITY-AND-USABILITY-OF-PRIVACY-FRIENDLY-SYNTHETIC-DATA/src/anonymization/anonymARXij/src/hierarchies_loan/married.csv
  ✅ Gender -> /mnt/NVMETank/Projects/Students/Dele/A-STUDY-INTO-THE-QUALITY-AND-USABILITY-OF-PRIVACY-FRIENDLY-SYNTHETIC-DATA/src/anonymization/anonymARXij/src/hierarchies_loan/gender.csv
Java is searching for hierarchy file at: /mnt/NVMETank/Projects/Students/Dele/A-STUDY-INTO-THE-QUALITY-AND-USABILITY-OF-PRIVACY-FRIENDLY-SYNTHETIC-DATA/src/anonymization/anonymARXij/src/hierarchies_loan/education.csv
Java is searching for hierarchy file at: /mnt/NVMETank/Projects/Students/Dele/A-STUDY-INTO-THE-QUALITY-AND-USABILITY-OF-PRIVACY-FRIENDLY-SYNTHETIC-DATA/src/anonymization/anonymARXij/src/hierarchies_loan/married.csv
Java is searching for hierarchy file at: /mnt/NVMETank/Projects/Students/Dele/A-STUDY-INTO-THE-QUALITY-AND-USABILITY-OF-PRIVACY-FRIENDLY-SYNTHETIC-DATA/src/anonymization/anonymARXij/src/hierarchies_loan/gender.csv
🔹 Privacy Models Configured
📂 Anonymized Output Path (from args): /mnt/NVMETank/Projects/Students/Dele/A-STUDY-INTO-THE-QUALITY-AND-USABILITY-OF-PRIVACY-FRIENDLY-SYNTHETIC-DATA/datasets/anonymized/loan_k20_l2_sup25_anonymized.csv
📂 Anonymized Output Path: /mnt/NVMETank/Projects/Students/Dele/A-STUDY-INTO-THE-QUALITY-AND-USABILITY-OF-PRIVACY-FRIENDLY-SYNTHETIC-DATA/datasets/anonymized/loan_k20_l2_sup25_anonymized.csv
✅ Anonymization completed. Output saved to: /mnt/NVMETank/Projects/Students/Dele/A-STUDY-INTO-THE-QUALITY-AND-USABILITY-OF-PRIVACY-FRIENDLY-SYNTHETIC-DATA/datasets/anonymized/loan_k20_l2_sup25_anonymized.csv
Anonymized Data Quality Metrics:
 - Ambiguity: 0.9841269841269842
 - AECS: 0.8571428571428572
 - Discernibility: 0.8703648988033683
 - Granularity: 0.888888888888889
 - MSE: 0.6666666666666667
 - Non-Uniform Entropy: 0.7034406566078406
 - Precision: 0.8333333333333334
 - Record-level SE: 0.38425120242217126
Equivalence Class Statistics:
 - Number of Classes: 4
 - Average Class Size: 84.0
Suppression Statistics:
 - Suppressed Records: 0
 - Suppression Percentage: 0.00%
2025-04-23 01:11:02,958 - INFO - Anonymized data saved to: /mnt/NVMETank/Projects/Students/Dele/A-STUDY-INTO-THE-QUALITY-AND-USABILITY-OF-PRIVACY-FRIENDLY-SYNTHETIC-DATA/datasets/anonymized/loan_k20_l2_sup25_anonymized.csv
2025-04-23 01:11:02,968 - INFO - Anonymous data report saved at: outputs/batch/loan_batch_2025-04-23_01-09-27/loan_anon_k20_sl0p25_l2/anonymous_data_report.txt
2025-04-23 01:11:02,968 - INFO -  [POSTPROCESSING] Postprocessing anonymized data: /mnt/NVMETank/Projects/Students/Dele/A-STUDY-INTO-THE-QUALITY-AND-USABILITY-OF-PRIVACY-FRIENDLY-SYNTHETIC-DATA/datasets/anonymized/loan_k20_l2_sup25_anonymized.csv
2025-04-23 01:11:02,970 - INFO -  [POSTPROCESSING] Loaded anonymized data: (336, 13)
2025-04-23 01:11:02,975 - INFO -  [POSTPROCESSING] Loaded fallback maps from training data. Categorical cols: 8, Numeric cols: 5
2025-04-23 01:11:02,975 - INFO -  [POSTPROCESSING] Normalizing anonymized data using ARX artifact cleaning and fallback values.
2025-04-23 01:11:02,986 - INFO -  [POSTPROCESSING] Normalized anonymized data saved to: /mnt/NVMETank/Projects/Students/Dele/A-STUDY-INTO-THE-QUALITY-AND-USABILITY-OF-PRIVACY-FRIENDLY-SYNTHETIC-DATA/datasets/anonymized/loan_k20_l2_sup25_anonymized_processed.csv
2025-04-23 01:11:02,995 - INFO -  [POSTPROCESSING] Binary Encoding applied to anonymized data. Encoded shape: (336, 28)
2025-04-23 01:11:02,998 - INFO -  [POSTPROCESSING] Encoded anonymized dataset saved to: /mnt/NVMETank/Projects/Students/Dele/A-STUDY-INTO-THE-QUALITY-AND-USABILITY-OF-PRIVACY-FRIENDLY-SYNTHETIC-DATA/datasets/anonymized/loan_k20_l2_sup25_anonymized_encoded.csv
2025-04-23 01:11:02,998 - INFO -  [POSTPROCESSING] Encoding map generated for anonymized data: 0 original categorical columns.
2025-04-23 01:11:02,998 - INFO - Postprocessing report saved at: outputs/batch/loan_batch_2025-04-23_01-09-27/loan_anon_k20_sl0p25_l2/postprocessing_report.txt
2025-04-23 01:11:02,998 - INFO - enable_synthetic_generation = False
2025-04-23 01:11:02,998 - INFO - Synthetic Data Generation Skipped (Disabled in Configuration).
2025-04-23 01:11:02,998 - INFO - Running Hybrid Pipeline...
2025-04-23 01:11:02,998 - INFO -  [HYBRID] Executing run_hybrid...
2025-04-23 01:11:02,998 - INFO -  [HYBRID] Looking for encoded anonymized data in /mnt/NVMETank/Projects/Students/Dele/A-STUDY-INTO-THE-QUALITY-AND-USABILITY-OF-PRIVACY-FRIENDLY-SYNTHETIC-DATA/datasets/anonymized/loan_k20_l2_sup25_anonymized_encoded.csv
2025-04-23 01:11:02,998 - INFO -  [HYBRID ] Loaded cached encoded anonymous data from /mnt/NVMETank/Projects/Students/Dele/A-STUDY-INTO-THE-QUALITY-AND-USABILITY-OF-PRIVACY-FRIENDLY-SYNTHETIC-DATA/datasets/anonymized/loan_k20_l2_sup25_anonymized_encoded.csv
2025-04-23 01:11:03,000 - INFO -  [HYBRID] Starting synthetic generation for hybrid pipeline...
2025-04-23 01:11:03,000 - INFO - Executing run_synthetic.....
2025-04-23 01:11:03,000 - INFO - [SYNTHETIC PIPELINE] executing run_synthetic for loan_k20_l2_sup25...
2025-04-23 01:11:03,000 - INFO - [SYNTHETIC] Processing dataset: loan_k20_l2_sup25
2025-04-23 01:11:03,000 - INFO - [SYNTHETIC] Original dataset size: 336 rows
2025-04-23 01:11:03,017 - INFO - Detected metadata:
2025-04-23 01:11:03,017 - INFO - {
    "columns": {
        "Loan_ID_0": {
            "sdtype": "categorical"
        },
        "Loan_ID_1": {
            "sdtype": "categorical"
        },
        "Loan_ID_2": {
            "sdtype": "categorical"
        },
        "Loan_ID_3": {
            "sdtype": "categorical"
        },
        "Loan_ID_4": {
            "sdtype": "categorical"
        },
        "Loan_ID_5": {
            "sdtype": "categorical"
        },
        "Loan_ID_6": {
            "sdtype": "categorical"
        },
        "Loan_ID_7": {
            "sdtype": "categorical"
        },
        "Loan_ID_8": {
            "sdtype": "categorical"
        },
        "Gender_0": {
            "sdtype": "categorical"
        },
        "Gender_1": {
            "sdtype": "categorical"
        },
        "Married_0": {
            "sdtype": "categorical"
        },
        "Married_1": {
            "sdtype": "categorical"
        },
        "Dependents_0": {
            "sdtype": "categorical"
        },
        "Dependents_1": {
            "sdtype": "categorical"
        },
        "Dependents_2": {
            "sdtype": "categorical"
        },
        "Education_0": {
            "sdtype": "categorical"
        },
        "Education_1": {
            "sdtype": "categorical"
        },
        "Self_Employed_0": {
            "sdtype": "categorical"
        },
        "Self_Employed_1": {
            "sdtype": "categorical"
        },
        "ApplicantIncome": {
            "sdtype": "numerical"
        },
        "CoapplicantIncome": {
            "sdtype": "numerical"
        },
        "LoanAmount": {
            "sdtype": "categorical"
        },
        "Loan_Amount_Term": {
            "sdtype": "categorical"
        },
        "Credit_History": {
            "sdtype": "categorical"
        },
        "Property_Area_0": {
            "sdtype": "categorical"
        },
        "Property_Area_1": {
            "sdtype": "categorical"
        },
        "Loan_Status": {
            "sdtype": "categorical"
        }
    },
    "METADATA_SPEC_VERSION": "SINGLE_TABLE_V1"
}
2025-04-23 01:11:03,017 - INFO - [SYNTHETIC] Preparing synthesizer: CTGAN
2025-04-23 01:11:03,018 - INFO - [SYNTHETIC] Params from config: {'epochs': 300}
2025-04-23 01:11:03,018 - INFO -  [SYNTHETIC] No pre-trained synthesizer found
2025-04-23 01:11:03,018 - INFO - [SYNTHETIC] Training new CTGAN synthesizer from scratch...
2025-04-23 01:11:03,018 - WARNING - [FutureWarning] The 'SingleTableMetadata' is deprecated. Please use the new 'Metadata' class for synthesizers. (from /mnt/NVMETank/Projects/Students/Dele/A-STUDY-INTO-THE-QUALITY-AND-USABILITY-OF-PRIVACY-FRIENDLY-SYNTHETIC-DATA/.venv/lib/python3.12/site-packages/sdv/single_table/base.py:119)
2025-04-23 01:11:03,018 - WARNING - [UserWarning] We strongly recommend saving the metadata using 'save_to_json' for replicability in future SDV versions. (from /mnt/NVMETank/Projects/Students/Dele/A-STUDY-INTO-THE-QUALITY-AND-USABILITY-OF-PRIVACY-FRIENDLY-SYNTHETIC-DATA/.venv/lib/python3.12/site-packages/sdv/single_table/base.py:104)
2025-04-23 01:11:03,023 - INFO - {'EVENT': 'Instance', 'TIMESTAMP': datetime.datetime(2025, 4, 23, 1, 11, 3, 23796), 'SYNTHESIZER CLASS NAME': 'CTGANSynthesizer', 'SYNTHESIZER ID': 'CTGANSynthesizer_1.18.0_7a9e6ffbdbb14f60b98fb09f12215ce4'}
2025-04-23 01:11:03,023 - INFO - [SYNTHETIC] CTGAN initialized with epochs: 300
2025-04-23 01:11:03,023 - INFO - [SYNTHETIC] Training parameters for CTGAN: {}
2025-04-23 01:11:03,024 - INFO - [SYNTHETIC] fitting CTGAN 
2025-04-23 01:11:03,024 - INFO - {'EVENT': 'Fit', 'TIMESTAMP': datetime.datetime(2025, 4, 23, 1, 11, 3, 24095), 'SYNTHESIZER CLASS NAME': 'CTGANSynthesizer', 'SYNTHESIZER ID': 'CTGANSynthesizer_1.18.0_7a9e6ffbdbb14f60b98fb09f12215ce4', 'TOTAL NUMBER OF TABLES': 1, 'TOTAL NUMBER OF ROWS': 336, 'TOTAL NUMBER OF COLUMNS': 28}
2025-04-23 01:11:03,025 - INFO - Fitting table  metadata
2025-04-23 01:11:03,025 - INFO - Fitting formatters for table 
2025-04-23 01:11:03,027 - INFO - Fitting constraints for table 
2025-04-23 01:11:03,027 - INFO - Setting the configuration for the ``HyperTransformer`` for table 
2025-04-23 01:11:03,028 - INFO - Fitting HyperTransformer for table 
2025-04-23 01:11:03,041 - INFO - {'EVENT': 'Fit processed data', 'TIMESTAMP': datetime.datetime(2025, 4, 23, 1, 11, 3, 41381), 'SYNTHESIZER CLASS NAME': 'CTGANSynthesizer', 'SYNTHESIZER ID': 'CTGANSynthesizer_1.18.0_7a9e6ffbdbb14f60b98fb09f12215ce4', 'TOTAL NUMBER OF TABLES': 1, 'TOTAL NUMBER OF ROWS': 336, 'TOTAL NUMBER OF COLUMNS': 28}
2025-04-23 01:11:03,098 - INFO - Guidance: There are no missing values in column ApplicantIncome. Extra column not created.
2025-04-23 01:11:03,215 - INFO - Guidance: There are no missing values in column CoapplicantIncome. Extra column not created.
2025-04-23 01:11:32,390 - INFO - [SYNTHETIC] Fitting complete for CTGAN. Duration: 29.37 seconds.
2025-04-23 01:11:32,391 - INFO - [SYNTHETIC] CONFIRMATION CTGAN actually trained with epochs = 300
2025-04-23 01:11:32,391 - INFO - {'EVENT': 'Save', 'TIMESTAMP': datetime.datetime(2025, 4, 23, 1, 11, 32, 391237), 'SYNTHESIZER CLASS NAME': 'CTGANSynthesizer', 'SYNTHESIZER ID': 'CTGANSynthesizer_1.18.0_7a9e6ffbdbb14f60b98fb09f12215ce4'}
2025-04-23 01:11:32,431 - INFO - [SYNTHETIC] CTGAN trained and saved.
2025-04-23 01:11:32,431 - INFO - [SYNTHETIC] Preparing synthesizer: GaussianCopula
2025-04-23 01:11:32,431 - INFO - [SYNTHETIC] Params from config: {}
2025-04-23 01:11:32,431 - INFO -  [SYNTHETIC] No pre-trained synthesizer found
2025-04-23 01:11:32,431 - INFO - [SYNTHETIC] Training new GaussianCopula synthesizer from scratch...
2025-04-23 01:11:32,432 - WARNING - [FutureWarning] The 'SingleTableMetadata' is deprecated. Please use the new 'Metadata' class for synthesizers. (from /mnt/NVMETank/Projects/Students/Dele/A-STUDY-INTO-THE-QUALITY-AND-USABILITY-OF-PRIVACY-FRIENDLY-SYNTHETIC-DATA/.venv/lib/python3.12/site-packages/sdv/single_table/base.py:119)
2025-04-23 01:11:32,434 - INFO - {'EVENT': 'Instance', 'TIMESTAMP': datetime.datetime(2025, 4, 23, 1, 11, 32, 434363), 'SYNTHESIZER CLASS NAME': 'GaussianCopulaSynthesizer', 'SYNTHESIZER ID': 'GaussianCopulaSynthesizer_1.18.0_fdc81f7935154b7da65152ff80ac2f5f'}
2025-04-23 01:11:32,434 - INFO - [SYNTHETIC] fitting GaussianCopula 
2025-04-23 01:11:32,434 - INFO - {'EVENT': 'Fit', 'TIMESTAMP': datetime.datetime(2025, 4, 23, 1, 11, 32, 434498), 'SYNTHESIZER CLASS NAME': 'GaussianCopulaSynthesizer', 'SYNTHESIZER ID': 'GaussianCopulaSynthesizer_1.18.0_fdc81f7935154b7da65152ff80ac2f5f', 'TOTAL NUMBER OF TABLES': 1, 'TOTAL NUMBER OF ROWS': 336, 'TOTAL NUMBER OF COLUMNS': 28}
2025-04-23 01:11:32,435 - INFO - Fitting table  metadata
2025-04-23 01:11:32,435 - INFO - Fitting formatters for table 
2025-04-23 01:11:32,437 - INFO - Fitting constraints for table 
2025-04-23 01:11:32,437 - INFO - Setting the configuration for the ``HyperTransformer`` for table 
2025-04-23 01:11:32,446 - INFO - Fitting HyperTransformer for table 
2025-04-23 01:11:32,628 - INFO - {'EVENT': 'Fit processed data', 'TIMESTAMP': datetime.datetime(2025, 4, 23, 1, 11, 32, 628020), 'SYNTHESIZER CLASS NAME': 'GaussianCopulaSynthesizer', 'SYNTHESIZER ID': 'GaussianCopulaSynthesizer_1.18.0_fdc81f7935154b7da65152ff80ac2f5f', 'TOTAL NUMBER OF TABLES': 1, 'TOTAL NUMBER OF ROWS': 336, 'TOTAL NUMBER OF COLUMNS': 28}
2025-04-23 01:11:32,628 - INFO - Fitting GaussianMultivariate(distribution="{'Loan_ID_0': <class 'copulas.univariate.beta.BetaUnivariate'>, 'Loan_ID_1': <class 'copulas.univariate.beta.BetaUnivariate'>, 'Loan_ID_2': <class 'copulas.univariate.beta.BetaUnivariate'>, 'Loan_ID_3': <class 'copulas.univariate.beta.BetaUnivariate'>, 'Loan_ID_4': <class 'copulas.univariate.beta.BetaUnivariate'>, 'Loan_ID_5': <class 'copulas.univariate.beta.BetaUnivariate'>, 'Loan_ID_6': <class 'copulas.univariate.beta.BetaUnivariate'>, 'Loan_ID_7': <class 'copulas.univariate.beta.BetaUnivariate'>, 'Loan_ID_8': <class 'copulas.univariate.beta.BetaUnivariate'>, 'Gender_0': <class 'copulas.univariate.beta.BetaUnivariate'>, 'Gender_1': <class 'copulas.univariate.beta.BetaUnivariate'>, 'Married_0': <class 'copulas.univariate.beta.BetaUnivariate'>, 'Married_1': <class 'copulas.univariate.beta.BetaUnivariate'>, 'Dependents_0': <class 'copulas.univariate.beta.BetaUnivariate'>, 'Dependents_1': <class 'copulas.univariate.beta.BetaUnivariate'>, 'Dependents_2': <class 'copulas.univariate.beta.BetaUnivariate'>, 'Education_0': <class 'copulas.univariate.beta.BetaUnivariate'>, 'Education_1': <class 'copulas.univariate.beta.BetaUnivariate'>, 'Self_Employed_0': <class 'copulas.univariate.beta.BetaUnivariate'>, 'Self_Employed_1': <class 'copulas.univariate.beta.BetaUnivariate'>, 'ApplicantIncome': <class 'copulas.univariate.beta.BetaUnivariate'>, 'CoapplicantIncome': <class 'copulas.univariate.beta.BetaUnivariate'>, 'LoanAmount': <class 'copulas.univariate.beta.BetaUnivariate'>, 'Loan_Amount_Term': <class 'copulas.univariate.beta.BetaUnivariate'>, 'Credit_History': <class 'copulas.univariate.beta.BetaUnivariate'>, 'Property_Area_0': <class 'copulas.univariate.beta.BetaUnivariate'>, 'Property_Area_1': <class 'copulas.univariate.beta.BetaUnivariate'>, 'Loan_Status': <class 'copulas.univariate.beta.BetaUnivariate'>}")
2025-04-23 01:11:33,472 - INFO - [SYNTHETIC] Fitting complete for GaussianCopula. Duration: 1.04 seconds.
2025-04-23 01:11:33,472 - WARNING - [SYNTHETIC] WARNING Could not determine actual epochs used for GaussianCopula
2025-04-23 01:11:33,472 - INFO - {'EVENT': 'Save', 'TIMESTAMP': datetime.datetime(2025, 4, 23, 1, 11, 33, 472742), 'SYNTHESIZER CLASS NAME': 'GaussianCopulaSynthesizer', 'SYNTHESIZER ID': 'GaussianCopulaSynthesizer_1.18.0_fdc81f7935154b7da65152ff80ac2f5f'}
2025-04-23 01:11:33,482 - INFO - [SYNTHETIC] GaussianCopula trained and saved.
2025-04-23 01:11:33,482 - INFO - [SYNTHETIC] Preparing synthesizer: TVAE
2025-04-23 01:11:33,482 - INFO - [SYNTHETIC] Params from config: {'epochs': 300}
2025-04-23 01:11:33,482 - INFO -  [SYNTHETIC] No pre-trained synthesizer found
2025-04-23 01:11:33,482 - INFO - [SYNTHETIC] Training new TVAE synthesizer from scratch...
2025-04-23 01:11:33,482 - WARNING - [FutureWarning] The 'SingleTableMetadata' is deprecated. Please use the new 'Metadata' class for synthesizers. (from /mnt/NVMETank/Projects/Students/Dele/A-STUDY-INTO-THE-QUALITY-AND-USABILITY-OF-PRIVACY-FRIENDLY-SYNTHETIC-DATA/.venv/lib/python3.12/site-packages/sdv/single_table/base.py:119)
2025-04-23 01:11:33,484 - INFO - {'EVENT': 'Instance', 'TIMESTAMP': datetime.datetime(2025, 4, 23, 1, 11, 33, 484540), 'SYNTHESIZER CLASS NAME': 'TVAESynthesizer', 'SYNTHESIZER ID': 'TVAESynthesizer_1.18.0_3dcb6be55c154d4abb7065023a674f6b'}
2025-04-23 01:11:33,484 - INFO - [SYNTHETIC] TVAE initialized with epochs: 300
2025-04-23 01:11:33,484 - INFO - [SYNTHETIC] Training parameters for TVAE: {}
2025-04-23 01:11:33,484 - INFO - [SYNTHETIC] fitting TVAE 
2025-04-23 01:11:33,484 - INFO - {'EVENT': 'Fit', 'TIMESTAMP': datetime.datetime(2025, 4, 23, 1, 11, 33, 484741), 'SYNTHESIZER CLASS NAME': 'TVAESynthesizer', 'SYNTHESIZER ID': 'TVAESynthesizer_1.18.0_3dcb6be55c154d4abb7065023a674f6b', 'TOTAL NUMBER OF TABLES': 1, 'TOTAL NUMBER OF ROWS': 336, 'TOTAL NUMBER OF COLUMNS': 28}
2025-04-23 01:11:33,485 - INFO - Fitting table  metadata
2025-04-23 01:11:33,486 - INFO - Fitting formatters for table 
2025-04-23 01:11:33,487 - INFO - Fitting constraints for table 
2025-04-23 01:11:33,487 - INFO - Setting the configuration for the ``HyperTransformer`` for table 
2025-04-23 01:11:33,488 - INFO - Fitting HyperTransformer for table 
2025-04-23 01:11:33,496 - INFO - {'EVENT': 'Fit processed data', 'TIMESTAMP': datetime.datetime(2025, 4, 23, 1, 11, 33, 496225), 'SYNTHESIZER CLASS NAME': 'TVAESynthesizer', 'SYNTHESIZER ID': 'TVAESynthesizer_1.18.0_3dcb6be55c154d4abb7065023a674f6b', 'TOTAL NUMBER OF TABLES': 1, 'TOTAL NUMBER OF ROWS': 336, 'TOTAL NUMBER OF COLUMNS': 28}
2025-04-23 01:11:33,518 - INFO - Guidance: There are no missing values in column ApplicantIncome. Extra column not created.
2025-04-23 01:11:33,592 - INFO - Guidance: There are no missing values in column CoapplicantIncome. Extra column not created.
2025-04-23 01:11:36,487 - INFO - [SYNTHETIC] Fitting complete for TVAE. Duration: 3.00 seconds.
2025-04-23 01:11:36,487 - INFO - [SYNTHETIC] CONFIRMATION TVAE actually trained with epochs = 300
2025-04-23 01:11:36,487 - INFO - {'EVENT': 'Save', 'TIMESTAMP': datetime.datetime(2025, 4, 23, 1, 11, 36, 487780), 'SYNTHESIZER CLASS NAME': 'TVAESynthesizer', 'SYNTHESIZER ID': 'TVAESynthesizer_1.18.0_3dcb6be55c154d4abb7065023a674f6b'}
2025-04-23 01:11:36,519 - INFO - [SYNTHETIC] TVAE trained and saved.
2025-04-23 01:11:36,519 - INFO - [SYNTHETIC] Using CTGAN to generate 336 rows...
2025-04-23 01:11:36,606 - INFO - {'EVENT': 'Sample', 'TIMESTAMP': datetime.datetime(2025, 4, 23, 1, 11, 36, 519761), 'SYNTHESIZER CLASS NAME': 'CTGANSynthesizer', 'SYNTHESIZER ID': 'CTGANSynthesizer_1.18.0_7a9e6ffbdbb14f60b98fb09f12215ce4', 'TOTAL NUMBER OF TABLES': 1, 'TOTAL NUMBER OF ROWS': 336, 'TOTAL NUMBER OF COLUMNS': 28}
2025-04-23 01:11:36,607 - INFO - [SYNTHETIC] CTGAN completed: 336 rows generated.
2025-04-23 01:11:36,607 - INFO - [SYNTHETIC] Target class distribution for CTGAN: {'Y': 182, 'N': 154}
2025-04-23 01:11:36,607 - INFO - [SYNTHETIC] Using GaussianCopula to generate 336 rows...
2025-04-23 01:11:36,688 - INFO - {'EVENT': 'Sample', 'TIMESTAMP': datetime.datetime(2025, 4, 23, 1, 11, 36, 607479), 'SYNTHESIZER CLASS NAME': 'GaussianCopulaSynthesizer', 'SYNTHESIZER ID': 'GaussianCopulaSynthesizer_1.18.0_fdc81f7935154b7da65152ff80ac2f5f', 'TOTAL NUMBER OF TABLES': 1, 'TOTAL NUMBER OF ROWS': 336, 'TOTAL NUMBER OF COLUMNS': 28}
2025-04-23 01:11:36,689 - INFO - [SYNTHETIC] GaussianCopula completed: 336 rows generated.
2025-04-23 01:11:36,689 - INFO - [SYNTHETIC] Target class distribution for GaussianCopula: {'Y': 218, 'N': 118}
2025-04-23 01:11:36,689 - INFO - [SYNTHETIC] Using TVAE to generate 336 rows...
2025-04-23 01:11:36,749 - INFO - {'EVENT': 'Sample', 'TIMESTAMP': datetime.datetime(2025, 4, 23, 1, 11, 36, 689427), 'SYNTHESIZER CLASS NAME': 'TVAESynthesizer', 'SYNTHESIZER ID': 'TVAESynthesizer_1.18.0_3dcb6be55c154d4abb7065023a674f6b', 'TOTAL NUMBER OF TABLES': 1, 'TOTAL NUMBER OF ROWS': 336, 'TOTAL NUMBER OF COLUMNS': 28}
2025-04-23 01:11:36,749 - INFO - [SYNTHETIC] TVAE completed: 336 rows generated.
2025-04-23 01:11:36,750 - INFO - [SYNTHETIC] Target class distribution for TVAE: {'Y': 330, 'N': 6}
2025-04-23 01:11:36,750 - INFO - [SYNTHETIC PIPELINE] Synthetic Data Generation Completed.
2025-04-23 01:11:36,751 - INFO - [SYNTHETIC PIPELINE] Synthesizers used: ['CTGAN', 'GaussianCopula', 'TVAE']
2025-04-23 01:11:36,751 - INFO - [SYNTHETIC PIPELINE] Evaluating synthetic dataset generated by CTGAN...
2025-04-23 01:11:36,751 - INFO - [SYNTHETIC EVAL] Real data columns     (28): ['Loan_ID_0', 'Loan_ID_1', 'Loan_ID_2', 'Loan_ID_3', 'Loan_ID_4', 'Loan_ID_5', 'Loan_ID_6', 'Loan_ID_7', 'Loan_ID_8', 'Gender_0', 'Gender_1', 'Married_0', 'Married_1', 'Dependents_0', 'Dependents_1', 'Dependents_2', 'Education_0', 'Education_1', 'Self_Employed_0', 'Self_Employed_1', 'ApplicantIncome', 'CoapplicantIncome', 'LoanAmount', 'Loan_Amount_Term', 'Credit_History', 'Property_Area_0', 'Property_Area_1', 'Loan_Status']
2025-04-23 01:11:36,751 - INFO - [SYNTHETIC EVAL] Synthetic data columns (28): ['Loan_ID_0', 'Loan_ID_1', 'Loan_ID_2', 'Loan_ID_3', 'Loan_ID_4', 'Loan_ID_5', 'Loan_ID_6', 'Loan_ID_7', 'Loan_ID_8', 'Gender_0', 'Gender_1', 'Married_0', 'Married_1', 'Dependents_0', 'Dependents_1', 'Dependents_2', 'Education_0', 'Education_1', 'Self_Employed_0', 'Self_Employed_1', 'ApplicantIncome', 'CoapplicantIncome', 'LoanAmount', 'Loan_Amount_Term', 'Credit_History', 'Property_Area_0', 'Property_Area_1', 'Loan_Status']
2025-04-23 01:11:36,752 - INFO - [SYNTHETIC EVAL] Metadata columns      (28): ['Loan_ID_0', 'Loan_ID_1', 'Loan_ID_2', 'Loan_ID_3', 'Loan_ID_4', 'Loan_ID_5', 'Loan_ID_6', 'Loan_ID_7', 'Loan_ID_8', 'Gender_0', 'Gender_1', 'Married_0', 'Married_1', 'Dependents_0', 'Dependents_1', 'Dependents_2', 'Education_0', 'Education_1', 'Self_Employed_0', 'Self_Employed_1', 'ApplicantIncome', 'CoapplicantIncome', 'LoanAmount', 'Loan_Amount_Term', 'Credit_History', 'Property_Area_0', 'Property_Area_1', 'Loan_Status']
2025-04-23 01:11:36,752 - INFO - [SYNTHETIC EVAL] Shape — Real: (336, 28), Synthetic: (336, 28)
2025-04-23 01:11:36,752 - INFO - [SYNTHETIC EVAL] Metadata structure:
{
  "columns": {
    "Loan_ID_0": {
      "sdtype": "categorical"
    },
    "Loan_ID_1": {
      "sdtype": "categorical"
    },
    "Loan_ID_2": {
      "sdtype": "categorical"
    },
    "Loan_ID_3": {
      "sdtype": "categorical"
    },
    "Loan_ID_4": {
      "sdtype": "categorical"
    },
    "Loan_ID_5": {
      "sdtype": "categorical"
    },
    "Loan_ID_6": {
      "sdtype": "categorical"
    },
    "Loan_ID_7": {
      "sdtype": "categorical"
    },
    "Loan_ID_8": {
      "sdtype": "categorical"
    },
    "Gender_0": {
      "sdtype": "categorical"
    },
    "Gender_1": {
      "sdtype": "categorical"
    },
    "Married_0": {
      "sdtype": "categorical"
    },
    "Married_1": {
      "sdtype": "categorical"
    },
    "Dependents_0": {
      "sdtype": "categorical"
    },
    "Dependents_1": {
      "sdtype": "categorical"
    },
    "Dependents_2": {
      "sdtype": "categorical"
    },
    "Education_0": {
      "sdtype": "categorical"
    },
    "Education_1": {
      "sdtype": "categorical"
    },
    "Self_Employed_0": {
      "sdtype": "categorical"
    },
    "Self_Employed_1": {
      "sdtype": "categorical"
    },
    "ApplicantIncome": {
      "sdtype": "numerical"
    },
    "CoapplicantIncome": {
      "sdtype": "numerical"
    },
    "LoanAmount": {
      "sdtype": "categorical"
    },
    "Loan_Amount_Term": {
      "sdtype": "categorical"
    },
    "Credit_History": {
      "sdtype": "categorical"
    },
    "Property_Area_0": {
      "sdtype": "categorical"
    },
    "Property_Area_1": {
      "sdtype": "categorical"
    },
    "Loan_Status": {
      "sdtype": "categorical"
    }
  },
  "METADATA_SPEC_VERSION": "SINGLE_TABLE_V1"
}
2025-04-23 01:11:37,450 - INFO - [SYNTHETIC PIPELINE] Evaluating synthetic dataset generated by GaussianCopula...
2025-04-23 01:11:37,450 - INFO - [SYNTHETIC EVAL] Real data columns     (28): ['Loan_ID_0', 'Loan_ID_1', 'Loan_ID_2', 'Loan_ID_3', 'Loan_ID_4', 'Loan_ID_5', 'Loan_ID_6', 'Loan_ID_7', 'Loan_ID_8', 'Gender_0', 'Gender_1', 'Married_0', 'Married_1', 'Dependents_0', 'Dependents_1', 'Dependents_2', 'Education_0', 'Education_1', 'Self_Employed_0', 'Self_Employed_1', 'ApplicantIncome', 'CoapplicantIncome', 'LoanAmount', 'Loan_Amount_Term', 'Credit_History', 'Property_Area_0', 'Property_Area_1', 'Loan_Status']
2025-04-23 01:11:37,450 - INFO - [SYNTHETIC EVAL] Synthetic data columns (28): ['Loan_ID_0', 'Loan_ID_1', 'Loan_ID_2', 'Loan_ID_3', 'Loan_ID_4', 'Loan_ID_5', 'Loan_ID_6', 'Loan_ID_7', 'Loan_ID_8', 'Gender_0', 'Gender_1', 'Married_0', 'Married_1', 'Dependents_0', 'Dependents_1', 'Dependents_2', 'Education_0', 'Education_1', 'Self_Employed_0', 'Self_Employed_1', 'ApplicantIncome', 'CoapplicantIncome', 'LoanAmount', 'Loan_Amount_Term', 'Credit_History', 'Property_Area_0', 'Property_Area_1', 'Loan_Status']
2025-04-23 01:11:37,450 - INFO - [SYNTHETIC EVAL] Metadata columns      (28): ['Loan_ID_0', 'Loan_ID_1', 'Loan_ID_2', 'Loan_ID_3', 'Loan_ID_4', 'Loan_ID_5', 'Loan_ID_6', 'Loan_ID_7', 'Loan_ID_8', 'Gender_0', 'Gender_1', 'Married_0', 'Married_1', 'Dependents_0', 'Dependents_1', 'Dependents_2', 'Education_0', 'Education_1', 'Self_Employed_0', 'Self_Employed_1', 'ApplicantIncome', 'CoapplicantIncome', 'LoanAmount', 'Loan_Amount_Term', 'Credit_History', 'Property_Area_0', 'Property_Area_1', 'Loan_Status']
2025-04-23 01:11:37,450 - INFO - [SYNTHETIC EVAL] Shape — Real: (336, 28), Synthetic: (336, 28)
2025-04-23 01:11:37,450 - INFO - [SYNTHETIC EVAL] Metadata structure:
{
  "columns": {
    "Loan_ID_0": {
      "sdtype": "categorical"
    },
    "Loan_ID_1": {
      "sdtype": "categorical"
    },
    "Loan_ID_2": {
      "sdtype": "categorical"
    },
    "Loan_ID_3": {
      "sdtype": "categorical"
    },
    "Loan_ID_4": {
      "sdtype": "categorical"
    },
    "Loan_ID_5": {
      "sdtype": "categorical"
    },
    "Loan_ID_6": {
      "sdtype": "categorical"
    },
    "Loan_ID_7": {
      "sdtype": "categorical"
    },
    "Loan_ID_8": {
      "sdtype": "categorical"
    },
    "Gender_0": {
      "sdtype": "categorical"
    },
    "Gender_1": {
      "sdtype": "categorical"
    },
    "Married_0": {
      "sdtype": "categorical"
    },
    "Married_1": {
      "sdtype": "categorical"
    },
    "Dependents_0": {
      "sdtype": "categorical"
    },
    "Dependents_1": {
      "sdtype": "categorical"
    },
    "Dependents_2": {
      "sdtype": "categorical"
    },
    "Education_0": {
      "sdtype": "categorical"
    },
    "Education_1": {
      "sdtype": "categorical"
    },
    "Self_Employed_0": {
      "sdtype": "categorical"
    },
    "Self_Employed_1": {
      "sdtype": "categorical"
    },
    "ApplicantIncome": {
      "sdtype": "numerical"
    },
    "CoapplicantIncome": {
      "sdtype": "numerical"
    },
    "LoanAmount": {
      "sdtype": "categorical"
    },
    "Loan_Amount_Term": {
      "sdtype": "categorical"
    },
    "Credit_History": {
      "sdtype": "categorical"
    },
    "Property_Area_0": {
      "sdtype": "categorical"
    },
    "Property_Area_1": {
      "sdtype": "categorical"
    },
    "Loan_Status": {
      "sdtype": "categorical"
    }
  },
  "METADATA_SPEC_VERSION": "SINGLE_TABLE_V1"
}
2025-04-23 01:11:38,152 - INFO - [SYNTHETIC PIPELINE] Evaluating synthetic dataset generated by TVAE...
2025-04-23 01:11:38,153 - INFO - [SYNTHETIC EVAL] Real data columns     (28): ['Loan_ID_0', 'Loan_ID_1', 'Loan_ID_2', 'Loan_ID_3', 'Loan_ID_4', 'Loan_ID_5', 'Loan_ID_6', 'Loan_ID_7', 'Loan_ID_8', 'Gender_0', 'Gender_1', 'Married_0', 'Married_1', 'Dependents_0', 'Dependents_1', 'Dependents_2', 'Education_0', 'Education_1', 'Self_Employed_0', 'Self_Employed_1', 'ApplicantIncome', 'CoapplicantIncome', 'LoanAmount', 'Loan_Amount_Term', 'Credit_History', 'Property_Area_0', 'Property_Area_1', 'Loan_Status']
2025-04-23 01:11:38,153 - INFO - [SYNTHETIC EVAL] Synthetic data columns (28): ['Loan_ID_0', 'Loan_ID_1', 'Loan_ID_2', 'Loan_ID_3', 'Loan_ID_4', 'Loan_ID_5', 'Loan_ID_6', 'Loan_ID_7', 'Loan_ID_8', 'Gender_0', 'Gender_1', 'Married_0', 'Married_1', 'Dependents_0', 'Dependents_1', 'Dependents_2', 'Education_0', 'Education_1', 'Self_Employed_0', 'Self_Employed_1', 'ApplicantIncome', 'CoapplicantIncome', 'LoanAmount', 'Loan_Amount_Term', 'Credit_History', 'Property_Area_0', 'Property_Area_1', 'Loan_Status']
2025-04-23 01:11:38,153 - INFO - [SYNTHETIC EVAL] Metadata columns      (28): ['Loan_ID_0', 'Loan_ID_1', 'Loan_ID_2', 'Loan_ID_3', 'Loan_ID_4', 'Loan_ID_5', 'Loan_ID_6', 'Loan_ID_7', 'Loan_ID_8', 'Gender_0', 'Gender_1', 'Married_0', 'Married_1', 'Dependents_0', 'Dependents_1', 'Dependents_2', 'Education_0', 'Education_1', 'Self_Employed_0', 'Self_Employed_1', 'ApplicantIncome', 'CoapplicantIncome', 'LoanAmount', 'Loan_Amount_Term', 'Credit_History', 'Property_Area_0', 'Property_Area_1', 'Loan_Status']
2025-04-23 01:11:38,153 - INFO - [SYNTHETIC EVAL] Shape — Real: (336, 28), Synthetic: (336, 28)
2025-04-23 01:11:38,153 - INFO - [SYNTHETIC EVAL] Metadata structure:
{
  "columns": {
    "Loan_ID_0": {
      "sdtype": "categorical"
    },
    "Loan_ID_1": {
      "sdtype": "categorical"
    },
    "Loan_ID_2": {
      "sdtype": "categorical"
    },
    "Loan_ID_3": {
      "sdtype": "categorical"
    },
    "Loan_ID_4": {
      "sdtype": "categorical"
    },
    "Loan_ID_5": {
      "sdtype": "categorical"
    },
    "Loan_ID_6": {
      "sdtype": "categorical"
    },
    "Loan_ID_7": {
      "sdtype": "categorical"
    },
    "Loan_ID_8": {
      "sdtype": "categorical"
    },
    "Gender_0": {
      "sdtype": "categorical"
    },
    "Gender_1": {
      "sdtype": "categorical"
    },
    "Married_0": {
      "sdtype": "categorical"
    },
    "Married_1": {
      "sdtype": "categorical"
    },
    "Dependents_0": {
      "sdtype": "categorical"
    },
    "Dependents_1": {
      "sdtype": "categorical"
    },
    "Dependents_2": {
      "sdtype": "categorical"
    },
    "Education_0": {
      "sdtype": "categorical"
    },
    "Education_1": {
      "sdtype": "categorical"
    },
    "Self_Employed_0": {
      "sdtype": "categorical"
    },
    "Self_Employed_1": {
      "sdtype": "categorical"
    },
    "ApplicantIncome": {
      "sdtype": "numerical"
    },
    "CoapplicantIncome": {
      "sdtype": "numerical"
    },
    "LoanAmount": {
      "sdtype": "categorical"
    },
    "Loan_Amount_Term": {
      "sdtype": "categorical"
    },
    "Credit_History": {
      "sdtype": "categorical"
    },
    "Property_Area_0": {
      "sdtype": "categorical"
    },
    "Property_Area_1": {
      "sdtype": "categorical"
    },
    "Loan_Status": {
      "sdtype": "categorical"
    }
  },
  "METADATA_SPEC_VERSION": "SINGLE_TABLE_V1"
}
2025-04-23 01:11:38,848 - INFO -  [SYNTHETIC PIPELINE]  Synthetic Data Evaluation Completed.
2025-04-23 01:11:38,856 - INFO -  [SYNTHETIC PIPELINE] Synthetic Data Report Generated Successfully.
2025-04-23 01:11:38,988 - INFO - [HYBRID] Generated hybrid dataset shape for CTGAN: (336, 28)
2025-04-23 01:11:38,989 - INFO - [HYBRID] Target distribution for CTGAN: {'Y': 182, 'N': 154}
2025-04-23 01:11:38,991 - INFO -  [HYBRID] Saved hybrid dataset to /mnt/NVMETank/Projects/Students/Dele/A-STUDY-INTO-THE-QUALITY-AND-USABILITY-OF-PRIVACY-FRIENDLY-SYNTHETIC-DATA/datasets/hybrid/loan_k20_l2_sup25_CTGAN_HYBRID.csv
2025-04-23 01:11:38,991 - INFO - [HYBRID] Generated hybrid dataset shape for GaussianCopula: (336, 28)
2025-04-23 01:11:38,991 - INFO - [HYBRID] Target distribution for GaussianCopula: {'Y': 218, 'N': 118}
2025-04-23 01:11:38,993 - INFO -  [HYBRID] Saved hybrid dataset to /mnt/NVMETank/Projects/Students/Dele/A-STUDY-INTO-THE-QUALITY-AND-USABILITY-OF-PRIVACY-FRIENDLY-SYNTHETIC-DATA/datasets/hybrid/loan_k20_l2_sup25_GaussianCopula_HYBRID.csv
2025-04-23 01:11:38,993 - INFO - [HYBRID] Generated hybrid dataset shape for TVAE: (336, 28)
2025-04-23 01:11:38,993 - INFO - [HYBRID] Target distribution for TVAE: {'Y': 330, 'N': 6}
2025-04-23 01:11:38,995 - INFO -  [HYBRID] Saved hybrid dataset to /mnt/NVMETank/Projects/Students/Dele/A-STUDY-INTO-THE-QUALITY-AND-USABILITY-OF-PRIVACY-FRIENDLY-SYNTHETIC-DATA/datasets/hybrid/loan_k20_l2_sup25_TVAE_HYBRID.csv
2025-04-23 01:11:38,995 - INFO -  [HYBRID] Hybrid pipeline complete — 3 dataset(s) ready.
2025-04-23 01:11:38,995 - INFO - [HYBRID] Total rows across all hybrid datasets: 1008
2025-04-23 01:11:38,995 - INFO - Hybrid pipeline completed successfully.
2025-04-23 01:11:38,995 - INFO - Hybrid pipeline duration: 36.00 seconds
2025-04-23 01:11:38,995 - INFO - Starting Utility...
2025-04-23 01:11:38,995 - INFO - [UTILITY] Preparing datasets for machine learning...
2025-04-23 01:11:38,996 - INFO - [UTILITY] Original Data - Training Size: 336, Testing Size: 144
2025-04-23 01:11:38,996 - INFO - [UTILITY] Target class distribution (Original): {'Y': 232, 'N': 104}
2025-04-23 01:11:38,996 - INFO - [UTILITY] Processing anonymized dataset...
2025-04-23 01:11:38,996 - INFO - [UTILITY] Anonymized Data - Training Size: 336
2025-04-23 01:11:38,996 - INFO - [UTILITY] Target class distribution (Anonymous): {'Y': 232, 'N': 104}
2025-04-23 01:11:38,996 - INFO - [UTILITY] Processing hybrid dataset generated by CTGAN...
2025-04-23 01:11:38,997 - INFO - [UTILITY] Hybrid Data (CTGAN_HYBRID) - Training Size: 336
2025-04-23 01:11:38,997 - INFO - [UTILITY] Target class distribution (CTGAN_HYBRID): {'Y': 182, 'N': 154}
2025-04-23 01:11:38,997 - INFO - [UTILITY] Processing hybrid dataset generated by GaussianCopula...
2025-04-23 01:11:38,998 - INFO - [UTILITY] Hybrid Data (GaussianCopula_HYBRID) - Training Size: 336
2025-04-23 01:11:38,998 - INFO - [UTILITY] Target class distribution (GaussianCopula_HYBRID): {'Y': 218, 'N': 118}
2025-04-23 01:11:38,998 - INFO - [UTILITY] Processing hybrid dataset generated by TVAE...
2025-04-23 01:11:38,998 - INFO - [UTILITY] Hybrid Data (TVAE_HYBRID) - Training Size: 336
2025-04-23 01:11:38,998 - INFO - [UTILITY] Target class distribution (TVAE_HYBRID): {'Y': 330, 'N': 6}
2025-04-23 01:11:38,999 - INFO - [UTILITY] Training models on all datasets...
2025-04-23 01:11:38,999 - INFO - [UTILITY] Total datasets used for training: 5
2025-04-23 01:11:38,999 - INFO - [TRAINING] Training models from scratch...
2025-04-23 01:11:38,999 - INFO - [TRAINING] Starting training for dataset: Original — Rows: 336, Features: 27
2025-04-23 01:11:38,999 - INFO - [TRAINING] Training DecisionTree on Original...
2025-04-23 01:11:39,001 - INFO - [TRAINING] DecisionTree trained successfully on Original in 0.00 sec
2025-04-23 01:11:39,001 - INFO - [TRAINING] Training KNN on Original...
2025-04-23 01:11:39,003 - INFO - [TRAINING] KNN trained successfully on Original in 0.00 sec
2025-04-23 01:11:39,003 - INFO - [TRAINING] Training LogisticRegression on Original...
2025-04-23 01:11:39,006 - INFO - [TRAINING] LogisticRegression trained successfully on Original in 0.00 sec
2025-04-23 01:11:39,007 - INFO - [TRAINING] Training RandomForest on Original...
2025-04-23 01:11:39,097 - INFO - [TRAINING] RandomForest trained successfully on Original in 0.09 sec
2025-04-23 01:11:39,097 - INFO - [TRAINING] Training SVM on Original...
2025-04-23 01:11:39,101 - INFO - [TRAINING] SVM trained successfully on Original in 0.00 sec
2025-04-23 01:11:39,101 - INFO - [TRAINING] Finished training 5 model(s) for dataset: Original
2025-04-23 01:11:39,101 - INFO - [TRAINING] Starting training for dataset: Anonymous — Rows: 336, Features: 27
2025-04-23 01:11:39,101 - INFO - [TRAINING] Training DecisionTree on Anonymous...
2025-04-23 01:11:39,103 - INFO - [TRAINING] DecisionTree trained successfully on Anonymous in 0.00 sec
2025-04-23 01:11:39,103 - INFO - [TRAINING] Training KNN on Anonymous...
2025-04-23 01:11:39,104 - INFO - [TRAINING] KNN trained successfully on Anonymous in 0.00 sec
2025-04-23 01:11:39,104 - INFO - [TRAINING] Training LogisticRegression on Anonymous...
2025-04-23 01:11:39,111 - INFO - [TRAINING] LogisticRegression trained successfully on Anonymous in 0.01 sec
2025-04-23 01:11:39,111 - INFO - [TRAINING] Training RandomForest on Anonymous...
2025-04-23 01:11:39,209 - INFO - [TRAINING] RandomForest trained successfully on Anonymous in 0.10 sec
2025-04-23 01:11:39,209 - INFO - [TRAINING] Training SVM on Anonymous...
2025-04-23 01:11:39,213 - INFO - [TRAINING] SVM trained successfully on Anonymous in 0.00 sec
2025-04-23 01:11:39,213 - INFO - [TRAINING] Finished training 5 model(s) for dataset: Anonymous
2025-04-23 01:11:39,213 - INFO - [TRAINING] Starting training for dataset: CTGAN_HYBRID — Rows: 336, Features: 27
2025-04-23 01:11:39,213 - INFO - [TRAINING] Training DecisionTree on CTGAN_HYBRID...
2025-04-23 01:11:39,214 - INFO - [TRAINING] DecisionTree trained successfully on CTGAN_HYBRID in 0.00 sec
2025-04-23 01:11:39,215 - INFO - [TRAINING] Training KNN on CTGAN_HYBRID...
2025-04-23 01:11:39,216 - INFO - [TRAINING] KNN trained successfully on CTGAN_HYBRID in 0.00 sec
2025-04-23 01:11:39,216 - INFO - [TRAINING] Training LogisticRegression on CTGAN_HYBRID...
2025-04-23 01:11:39,218 - INFO - [TRAINING] LogisticRegression trained successfully on CTGAN_HYBRID in 0.00 sec
2025-04-23 01:11:39,218 - INFO - [TRAINING] Training RandomForest on CTGAN_HYBRID...
2025-04-23 01:11:39,316 - INFO - [TRAINING] RandomForest trained successfully on CTGAN_HYBRID in 0.10 sec
2025-04-23 01:11:39,316 - INFO - [TRAINING] Training SVM on CTGAN_HYBRID...
2025-04-23 01:11:39,322 - INFO - [TRAINING] SVM trained successfully on CTGAN_HYBRID in 0.01 sec
2025-04-23 01:11:39,323 - INFO - [TRAINING] Finished training 5 model(s) for dataset: CTGAN_HYBRID
2025-04-23 01:11:39,323 - INFO - [TRAINING] Starting training for dataset: GaussianCopula_HYBRID — Rows: 336, Features: 27
2025-04-23 01:11:39,323 - INFO - [TRAINING] Training DecisionTree on GaussianCopula_HYBRID...
2025-04-23 01:11:39,325 - INFO - [TRAINING] DecisionTree trained successfully on GaussianCopula_HYBRID in 0.00 sec
2025-04-23 01:11:39,325 - INFO - [TRAINING] Training KNN on GaussianCopula_HYBRID...
2025-04-23 01:11:39,327 - INFO - [TRAINING] KNN trained successfully on GaussianCopula_HYBRID in 0.00 sec
2025-04-23 01:11:39,327 - INFO - [TRAINING] Training LogisticRegression on GaussianCopula_HYBRID...
2025-04-23 01:11:39,330 - INFO - [TRAINING] LogisticRegression trained successfully on GaussianCopula_HYBRID in 0.00 sec
2025-04-23 01:11:39,330 - INFO - [TRAINING] Training RandomForest on GaussianCopula_HYBRID...
2025-04-23 01:11:39,424 - INFO - [TRAINING] RandomForest trained successfully on GaussianCopula_HYBRID in 0.09 sec
2025-04-23 01:11:39,424 - INFO - [TRAINING] Training SVM on GaussianCopula_HYBRID...
2025-04-23 01:11:39,429 - INFO - [TRAINING] SVM trained successfully on GaussianCopula_HYBRID in 0.00 sec
2025-04-23 01:11:39,429 - INFO - [TRAINING] Finished training 5 model(s) for dataset: GaussianCopula_HYBRID
2025-04-23 01:11:39,429 - INFO - [TRAINING] Starting training for dataset: TVAE_HYBRID — Rows: 336, Features: 27
2025-04-23 01:11:39,429 - INFO - [TRAINING] Training DecisionTree on TVAE_HYBRID...
2025-04-23 01:11:39,430 - INFO - [TRAINING] DecisionTree trained successfully on TVAE_HYBRID in 0.00 sec
2025-04-23 01:11:39,430 - INFO - [TRAINING] Training KNN on TVAE_HYBRID...
2025-04-23 01:11:39,431 - INFO - [TRAINING] KNN trained successfully on TVAE_HYBRID in 0.00 sec
2025-04-23 01:11:39,431 - INFO - [TRAINING] Training LogisticRegression on TVAE_HYBRID...
2025-04-23 01:11:39,436 - INFO - [TRAINING] LogisticRegression trained successfully on TVAE_HYBRID in 0.01 sec
2025-04-23 01:11:39,436 - INFO - [TRAINING] Training RandomForest on TVAE_HYBRID...
2025-04-23 01:11:39,524 - INFO - [TRAINING] RandomForest trained successfully on TVAE_HYBRID in 0.09 sec
2025-04-23 01:11:39,524 - INFO - [TRAINING] Training SVM on TVAE_HYBRID...
2025-04-23 01:11:39,525 - INFO - [TRAINING] SVM trained successfully on TVAE_HYBRID in 0.00 sec
2025-04-23 01:11:39,525 - INFO - [TRAINING] Finished training 5 model(s) for dataset: TVAE_HYBRID
2025-04-23 01:11:39,525 - INFO - [TRAINING] Total models trained across all datasets: 25
2025-04-23 01:11:39,525 - INFO - [UTILITY] Trained model names: ['Original', 'Anonymous', 'CTGAN_HYBRID', 'GaussianCopula_HYBRID', 'TVAE_HYBRID']
2025-04-23 01:11:39,526 - INFO - [UTILITY] Model Training Completed.
2025-04-23 01:11:39,526 - INFO - Starting the Evaluating of models...
2025-04-23 01:11:39,526 - INFO - Preparing evaluation for model 'DecisionTree' across all datasets...
2025-04-23 01:11:39,526 - INFO - Evaluating DecisionTree on Original...
2025-04-23 01:11:39,527 - INFO - Predictions completed for DecisionTree on Original
2025-04-23 01:11:39,527 - INFO - Prediction distribution for DecisionTree on Original: {'Y': 99, 'N': 45}
2025-04-23 01:11:39,535 - INFO - Computed 8 metric(s) for DecisionTree on Original
2025-04-23 01:11:39,535 - INFO - Evaluating DecisionTree on Anonymous...
2025-04-23 01:11:39,537 - INFO - Predictions completed for DecisionTree on Anonymous
2025-04-23 01:11:39,537 - INFO - Prediction distribution for DecisionTree on Anonymous: {'Y': 101, 'N': 43}
2025-04-23 01:11:39,550 - INFO - Computed 8 metric(s) for DecisionTree on Anonymous
2025-04-23 01:11:39,550 - INFO - Evaluating DecisionTree on CTGAN_HYBRID...
2025-04-23 01:11:39,551 - INFO - Predictions completed for DecisionTree on CTGAN_HYBRID
2025-04-23 01:11:39,552 - INFO - Prediction distribution for DecisionTree on CTGAN_HYBRID: {'Y': 88, 'N': 56}
2025-04-23 01:11:39,560 - INFO - Computed 8 metric(s) for DecisionTree on CTGAN_HYBRID
2025-04-23 01:11:39,560 - INFO - Evaluating DecisionTree on GaussianCopula_HYBRID...
2025-04-23 01:11:39,561 - INFO - Predictions completed for DecisionTree on GaussianCopula_HYBRID
2025-04-23 01:11:39,561 - INFO - Prediction distribution for DecisionTree on GaussianCopula_HYBRID: {'Y': 81, 'N': 63}
2025-04-23 01:11:39,572 - INFO - Computed 8 metric(s) for DecisionTree on GaussianCopula_HYBRID
2025-04-23 01:11:39,572 - INFO - Evaluating DecisionTree on TVAE_HYBRID...
2025-04-23 01:11:39,573 - INFO - Predictions completed for DecisionTree on TVAE_HYBRID
2025-04-23 01:11:39,574 - INFO - Prediction distribution for DecisionTree on TVAE_HYBRID: {'Y': 142, 'N': 2}
2025-04-23 01:11:39,583 - INFO - Computed 8 metric(s) for DecisionTree on TVAE_HYBRID
2025-04-23 01:11:39,583 - INFO - Preparing evaluation for model 'KNN' across all datasets...
2025-04-23 01:11:39,583 - INFO - Evaluating KNN on Original...
2025-04-23 01:11:39,589 - INFO - Predictions completed for KNN on Original
2025-04-23 01:11:39,589 - INFO - Prediction distribution for KNN on Original: {'Y': 115, 'N': 29}
2025-04-23 01:11:39,604 - INFO - Computed 8 metric(s) for KNN on Original
2025-04-23 01:11:39,604 - INFO - Evaluating KNN on Anonymous...
2025-04-23 01:11:39,609 - INFO - Predictions completed for KNN on Anonymous
2025-04-23 01:11:39,610 - INFO - Prediction distribution for KNN on Anonymous: {'Y': 122, 'N': 22}
2025-04-23 01:11:39,620 - INFO - Computed 8 metric(s) for KNN on Anonymous
2025-04-23 01:11:39,620 - INFO - Evaluating KNN on CTGAN_HYBRID...
2025-04-23 01:11:39,626 - INFO - Predictions completed for KNN on CTGAN_HYBRID
2025-04-23 01:11:39,626 - INFO - Prediction distribution for KNN on CTGAN_HYBRID: {'Y': 88, 'N': 56}
2025-04-23 01:11:39,636 - INFO - Computed 8 metric(s) for KNN on CTGAN_HYBRID
2025-04-23 01:11:39,636 - INFO - Evaluating KNN on GaussianCopula_HYBRID...
2025-04-23 01:11:39,642 - INFO - Predictions completed for KNN on GaussianCopula_HYBRID
2025-04-23 01:11:39,642 - INFO - Prediction distribution for KNN on GaussianCopula_HYBRID: {'Y': 116, 'N': 28}
2025-04-23 01:11:39,657 - INFO - Computed 8 metric(s) for KNN on GaussianCopula_HYBRID
2025-04-23 01:11:39,657 - INFO - Evaluating KNN on TVAE_HYBRID...
2025-04-23 01:11:39,663 - INFO - Predictions completed for KNN on TVAE_HYBRID
2025-04-23 01:11:39,663 - INFO - Prediction distribution for KNN on TVAE_HYBRID: {'Y': 144}
2025-04-23 01:11:39,663 - WARNING -  [WARNING] :KNN on TVAE_HYBRID predicted only one class: {'Y'}
2025-04-23 01:11:39,665 - WARNING - [UndefinedMetricWarning] Precision is ill-defined and being set to 0.0 in labels with no predicted samples. Use `zero_division` parameter to control this behavior. (from /mnt/NVMETank/Projects/Students/Dele/A-STUDY-INTO-THE-QUALITY-AND-USABILITY-OF-PRIVACY-FRIENDLY-SYNTHETIC-DATA/.venv/lib/python3.12/site-packages/sklearn/metrics/_classification.py:1565)
2025-04-23 01:11:39,666 - WARNING - [UndefinedMetricWarning] Precision is ill-defined and being set to 0.0 in labels with no predicted samples. Use `zero_division` parameter to control this behavior. (from /mnt/NVMETank/Projects/Students/Dele/A-STUDY-INTO-THE-QUALITY-AND-USABILITY-OF-PRIVACY-FRIENDLY-SYNTHETIC-DATA/.venv/lib/python3.12/site-packages/sklearn/metrics/_classification.py:1565)
2025-04-23 01:11:39,668 - WARNING - [UndefinedMetricWarning] Precision is ill-defined and being set to 0.0 in labels with no predicted samples. Use `zero_division` parameter to control this behavior. (from /mnt/NVMETank/Projects/Students/Dele/A-STUDY-INTO-THE-QUALITY-AND-USABILITY-OF-PRIVACY-FRIENDLY-SYNTHETIC-DATA/.venv/lib/python3.12/site-packages/sklearn/metrics/_classification.py:1565)
2025-04-23 01:11:39,674 - INFO - Computed 8 metric(s) for KNN on TVAE_HYBRID
2025-04-23 01:11:39,674 - INFO - Preparing evaluation for model 'LogisticRegression' across all datasets...
2025-04-23 01:11:39,674 - INFO - Evaluating LogisticRegression on Original...
2025-04-23 01:11:39,676 - INFO - Predictions completed for LogisticRegression on Original
2025-04-23 01:11:39,676 - INFO - Prediction distribution for LogisticRegression on Original: {'Y': 118, 'N': 26}
2025-04-23 01:11:39,684 - INFO - Computed 8 metric(s) for LogisticRegression on Original
2025-04-23 01:11:39,684 - INFO - Evaluating LogisticRegression on Anonymous...
2025-04-23 01:11:39,686 - INFO - Predictions completed for LogisticRegression on Anonymous
2025-04-23 01:11:39,686 - INFO - Prediction distribution for LogisticRegression on Anonymous: {'Y': 141, 'N': 3}
2025-04-23 01:11:39,694 - INFO - Computed 8 metric(s) for LogisticRegression on Anonymous
2025-04-23 01:11:39,694 - INFO - Evaluating LogisticRegression on CTGAN_HYBRID...
2025-04-23 01:11:39,696 - INFO - Predictions completed for LogisticRegression on CTGAN_HYBRID
2025-04-23 01:11:39,696 - INFO - Prediction distribution for LogisticRegression on CTGAN_HYBRID: {'Y': 111, 'N': 33}
2025-04-23 01:11:39,709 - INFO - Computed 8 metric(s) for LogisticRegression on CTGAN_HYBRID
2025-04-23 01:11:39,709 - INFO - Evaluating LogisticRegression on GaussianCopula_HYBRID...
2025-04-23 01:11:39,710 - INFO - Predictions completed for LogisticRegression on GaussianCopula_HYBRID
2025-04-23 01:11:39,711 - INFO - Prediction distribution for LogisticRegression on GaussianCopula_HYBRID: {'Y': 137, 'N': 7}
2025-04-23 01:11:39,719 - INFO - Computed 8 metric(s) for LogisticRegression on GaussianCopula_HYBRID
2025-04-23 01:11:39,719 - INFO - Evaluating LogisticRegression on TVAE_HYBRID...
2025-04-23 01:11:39,720 - INFO - Predictions completed for LogisticRegression on TVAE_HYBRID
2025-04-23 01:11:39,720 - INFO - Prediction distribution for LogisticRegression on TVAE_HYBRID: {'Y': 144}
2025-04-23 01:11:39,721 - WARNING -  [WARNING] :LogisticRegression on TVAE_HYBRID predicted only one class: {'Y'}
2025-04-23 01:11:39,722 - WARNING - [UndefinedMetricWarning] Precision is ill-defined and being set to 0.0 in labels with no predicted samples. Use `zero_division` parameter to control this behavior. (from /mnt/NVMETank/Projects/Students/Dele/A-STUDY-INTO-THE-QUALITY-AND-USABILITY-OF-PRIVACY-FRIENDLY-SYNTHETIC-DATA/.venv/lib/python3.12/site-packages/sklearn/metrics/_classification.py:1565)
2025-04-23 01:11:39,723 - WARNING - [UndefinedMetricWarning] Precision is ill-defined and being set to 0.0 in labels with no predicted samples. Use `zero_division` parameter to control this behavior. (from /mnt/NVMETank/Projects/Students/Dele/A-STUDY-INTO-THE-QUALITY-AND-USABILITY-OF-PRIVACY-FRIENDLY-SYNTHETIC-DATA/.venv/lib/python3.12/site-packages/sklearn/metrics/_classification.py:1565)
2025-04-23 01:11:39,725 - WARNING - [UndefinedMetricWarning] Precision is ill-defined and being set to 0.0 in labels with no predicted samples. Use `zero_division` parameter to control this behavior. (from /mnt/NVMETank/Projects/Students/Dele/A-STUDY-INTO-THE-QUALITY-AND-USABILITY-OF-PRIVACY-FRIENDLY-SYNTHETIC-DATA/.venv/lib/python3.12/site-packages/sklearn/metrics/_classification.py:1565)
2025-04-23 01:11:39,730 - INFO - Computed 8 metric(s) for LogisticRegression on TVAE_HYBRID
2025-04-23 01:11:39,730 - INFO - Preparing evaluation for model 'RandomForest' across all datasets...
2025-04-23 01:11:39,730 - INFO - Evaluating RandomForest on Original...
2025-04-23 01:11:39,735 - INFO - Predictions completed for RandomForest on Original
2025-04-23 01:11:39,735 - INFO - Prediction distribution for RandomForest on Original: {'Y': 117, 'N': 27}
2025-04-23 01:11:39,752 - INFO - Computed 8 metric(s) for RandomForest on Original
2025-04-23 01:11:39,752 - INFO - Evaluating RandomForest on Anonymous...
2025-04-23 01:11:39,760 - INFO - Predictions completed for RandomForest on Anonymous
2025-04-23 01:11:39,761 - INFO - Prediction distribution for RandomForest on Anonymous: {'Y': 108, 'N': 36}
2025-04-23 01:11:39,781 - INFO - Computed 8 metric(s) for RandomForest on Anonymous
2025-04-23 01:11:39,781 - INFO - Evaluating RandomForest on CTGAN_HYBRID...
2025-04-23 01:11:39,786 - INFO - Predictions completed for RandomForest on CTGAN_HYBRID
2025-04-23 01:11:39,787 - INFO - Prediction distribution for RandomForest on CTGAN_HYBRID: {'Y': 102, 'N': 42}
2025-04-23 01:11:39,807 - INFO - Computed 8 metric(s) for RandomForest on CTGAN_HYBRID
2025-04-23 01:11:39,807 - INFO - Evaluating RandomForest on GaussianCopula_HYBRID...
2025-04-23 01:11:39,814 - INFO - Predictions completed for RandomForest on GaussianCopula_HYBRID
2025-04-23 01:11:39,814 - INFO - Prediction distribution for RandomForest on GaussianCopula_HYBRID: {'Y': 90, 'N': 54}
2025-04-23 01:11:39,831 - INFO - Computed 8 metric(s) for RandomForest on GaussianCopula_HYBRID
2025-04-23 01:11:39,831 - INFO - Evaluating RandomForest on TVAE_HYBRID...
2025-04-23 01:11:39,836 - INFO - Predictions completed for RandomForest on TVAE_HYBRID
2025-04-23 01:11:39,836 - INFO - Prediction distribution for RandomForest on TVAE_HYBRID: {'Y': 142, 'N': 2}
2025-04-23 01:11:39,857 - INFO - Computed 8 metric(s) for RandomForest on TVAE_HYBRID
2025-04-23 01:11:39,857 - INFO - Preparing evaluation for model 'SVM' across all datasets...
2025-04-23 01:11:39,857 - INFO - Evaluating SVM on Original...
2025-04-23 01:11:39,860 - INFO - Predictions completed for SVM on Original
2025-04-23 01:11:39,861 - INFO - Prediction distribution for SVM on Original: {'Y': 144}
2025-04-23 01:11:39,861 - WARNING -  [WARNING] :SVM on Original predicted only one class: {'Y'}
2025-04-23 01:11:39,863 - WARNING - [UndefinedMetricWarning] Precision is ill-defined and being set to 0.0 in labels with no predicted samples. Use `zero_division` parameter to control this behavior. (from /mnt/NVMETank/Projects/Students/Dele/A-STUDY-INTO-THE-QUALITY-AND-USABILITY-OF-PRIVACY-FRIENDLY-SYNTHETIC-DATA/.venv/lib/python3.12/site-packages/sklearn/metrics/_classification.py:1565)
2025-04-23 01:11:39,865 - WARNING - [UndefinedMetricWarning] Precision is ill-defined and being set to 0.0 in labels with no predicted samples. Use `zero_division` parameter to control this behavior. (from /mnt/NVMETank/Projects/Students/Dele/A-STUDY-INTO-THE-QUALITY-AND-USABILITY-OF-PRIVACY-FRIENDLY-SYNTHETIC-DATA/.venv/lib/python3.12/site-packages/sklearn/metrics/_classification.py:1565)
2025-04-23 01:11:39,866 - WARNING - [UndefinedMetricWarning] Precision is ill-defined and being set to 0.0 in labels with no predicted samples. Use `zero_division` parameter to control this behavior. (from /mnt/NVMETank/Projects/Students/Dele/A-STUDY-INTO-THE-QUALITY-AND-USABILITY-OF-PRIVACY-FRIENDLY-SYNTHETIC-DATA/.venv/lib/python3.12/site-packages/sklearn/metrics/_classification.py:1565)
2025-04-23 01:11:39,869 - INFO - Computed 8 metric(s) for SVM on Original
2025-04-23 01:11:39,869 - INFO - Evaluating SVM on Anonymous...
2025-04-23 01:11:39,872 - INFO - Predictions completed for SVM on Anonymous
2025-04-23 01:11:39,872 - INFO - Prediction distribution for SVM on Anonymous: {'Y': 144}
2025-04-23 01:11:39,872 - WARNING -  [WARNING] :SVM on Anonymous predicted only one class: {'Y'}
2025-04-23 01:11:39,875 - WARNING - [UndefinedMetricWarning] Precision is ill-defined and being set to 0.0 in labels with no predicted samples. Use `zero_division` parameter to control this behavior. (from /mnt/NVMETank/Projects/Students/Dele/A-STUDY-INTO-THE-QUALITY-AND-USABILITY-OF-PRIVACY-FRIENDLY-SYNTHETIC-DATA/.venv/lib/python3.12/site-packages/sklearn/metrics/_classification.py:1565)
2025-04-23 01:11:39,876 - WARNING - [UndefinedMetricWarning] Precision is ill-defined and being set to 0.0 in labels with no predicted samples. Use `zero_division` parameter to control this behavior. (from /mnt/NVMETank/Projects/Students/Dele/A-STUDY-INTO-THE-QUALITY-AND-USABILITY-OF-PRIVACY-FRIENDLY-SYNTHETIC-DATA/.venv/lib/python3.12/site-packages/sklearn/metrics/_classification.py:1565)
2025-04-23 01:11:39,878 - WARNING - [UndefinedMetricWarning] Precision is ill-defined and being set to 0.0 in labels with no predicted samples. Use `zero_division` parameter to control this behavior. (from /mnt/NVMETank/Projects/Students/Dele/A-STUDY-INTO-THE-QUALITY-AND-USABILITY-OF-PRIVACY-FRIENDLY-SYNTHETIC-DATA/.venv/lib/python3.12/site-packages/sklearn/metrics/_classification.py:1565)
2025-04-23 01:11:39,880 - INFO - Computed 8 metric(s) for SVM on Anonymous
2025-04-23 01:11:39,881 - INFO - Evaluating SVM on CTGAN_HYBRID...
2025-04-23 01:11:39,884 - INFO - Predictions completed for SVM on CTGAN_HYBRID
2025-04-23 01:11:39,885 - INFO - Prediction distribution for SVM on CTGAN_HYBRID: {'Y': 144}
2025-04-23 01:11:39,885 - WARNING -  [WARNING] :SVM on CTGAN_HYBRID predicted only one class: {'Y'}
2025-04-23 01:11:39,887 - WARNING - [UndefinedMetricWarning] Precision is ill-defined and being set to 0.0 in labels with no predicted samples. Use `zero_division` parameter to control this behavior. (from /mnt/NVMETank/Projects/Students/Dele/A-STUDY-INTO-THE-QUALITY-AND-USABILITY-OF-PRIVACY-FRIENDLY-SYNTHETIC-DATA/.venv/lib/python3.12/site-packages/sklearn/metrics/_classification.py:1565)
2025-04-23 01:11:39,889 - WARNING - [UndefinedMetricWarning] Precision is ill-defined and being set to 0.0 in labels with no predicted samples. Use `zero_division` parameter to control this behavior. (from /mnt/NVMETank/Projects/Students/Dele/A-STUDY-INTO-THE-QUALITY-AND-USABILITY-OF-PRIVACY-FRIENDLY-SYNTHETIC-DATA/.venv/lib/python3.12/site-packages/sklearn/metrics/_classification.py:1565)
2025-04-23 01:11:39,890 - WARNING - [UndefinedMetricWarning] Precision is ill-defined and being set to 0.0 in labels with no predicted samples. Use `zero_division` parameter to control this behavior. (from /mnt/NVMETank/Projects/Students/Dele/A-STUDY-INTO-THE-QUALITY-AND-USABILITY-OF-PRIVACY-FRIENDLY-SYNTHETIC-DATA/.venv/lib/python3.12/site-packages/sklearn/metrics/_classification.py:1565)
2025-04-23 01:11:39,893 - INFO - Computed 8 metric(s) for SVM on CTGAN_HYBRID
2025-04-23 01:11:39,893 - INFO - Evaluating SVM on GaussianCopula_HYBRID...
2025-04-23 01:11:39,896 - INFO - Predictions completed for SVM on GaussianCopula_HYBRID
2025-04-23 01:11:39,897 - INFO - Prediction distribution for SVM on GaussianCopula_HYBRID: {'Y': 144}
2025-04-23 01:11:39,897 - WARNING -  [WARNING] :SVM on GaussianCopula_HYBRID predicted only one class: {'Y'}
2025-04-23 01:11:39,899 - WARNING - [UndefinedMetricWarning] Precision is ill-defined and being set to 0.0 in labels with no predicted samples. Use `zero_division` parameter to control this behavior. (from /mnt/NVMETank/Projects/Students/Dele/A-STUDY-INTO-THE-QUALITY-AND-USABILITY-OF-PRIVACY-FRIENDLY-SYNTHETIC-DATA/.venv/lib/python3.12/site-packages/sklearn/metrics/_classification.py:1565)
2025-04-23 01:11:39,901 - WARNING - [UndefinedMetricWarning] Precision is ill-defined and being set to 0.0 in labels with no predicted samples. Use `zero_division` parameter to control this behavior. (from /mnt/NVMETank/Projects/Students/Dele/A-STUDY-INTO-THE-QUALITY-AND-USABILITY-OF-PRIVACY-FRIENDLY-SYNTHETIC-DATA/.venv/lib/python3.12/site-packages/sklearn/metrics/_classification.py:1565)
2025-04-23 01:11:39,903 - WARNING - [UndefinedMetricWarning] Precision is ill-defined and being set to 0.0 in labels with no predicted samples. Use `zero_division` parameter to control this behavior. (from /mnt/NVMETank/Projects/Students/Dele/A-STUDY-INTO-THE-QUALITY-AND-USABILITY-OF-PRIVACY-FRIENDLY-SYNTHETIC-DATA/.venv/lib/python3.12/site-packages/sklearn/metrics/_classification.py:1565)
2025-04-23 01:11:39,905 - INFO - Computed 8 metric(s) for SVM on GaussianCopula_HYBRID
2025-04-23 01:11:39,905 - INFO - Evaluating SVM on TVAE_HYBRID...
2025-04-23 01:11:39,906 - INFO - Predictions completed for SVM on TVAE_HYBRID
2025-04-23 01:11:39,907 - INFO - Prediction distribution for SVM on TVAE_HYBRID: {'Y': 144}
2025-04-23 01:11:39,907 - WARNING -  [WARNING] :SVM on TVAE_HYBRID predicted only one class: {'Y'}
2025-04-23 01:11:39,909 - WARNING - [UndefinedMetricWarning] Precision is ill-defined and being set to 0.0 in labels with no predicted samples. Use `zero_division` parameter to control this behavior. (from /mnt/NVMETank/Projects/Students/Dele/A-STUDY-INTO-THE-QUALITY-AND-USABILITY-OF-PRIVACY-FRIENDLY-SYNTHETIC-DATA/.venv/lib/python3.12/site-packages/sklearn/metrics/_classification.py:1565)
2025-04-23 01:11:39,911 - WARNING - [UndefinedMetricWarning] Precision is ill-defined and being set to 0.0 in labels with no predicted samples. Use `zero_division` parameter to control this behavior. (from /mnt/NVMETank/Projects/Students/Dele/A-STUDY-INTO-THE-QUALITY-AND-USABILITY-OF-PRIVACY-FRIENDLY-SYNTHETIC-DATA/.venv/lib/python3.12/site-packages/sklearn/metrics/_classification.py:1565)
2025-04-23 01:11:39,913 - WARNING - [UndefinedMetricWarning] Precision is ill-defined and being set to 0.0 in labels with no predicted samples. Use `zero_division` parameter to control this behavior. (from /mnt/NVMETank/Projects/Students/Dele/A-STUDY-INTO-THE-QUALITY-AND-USABILITY-OF-PRIVACY-FRIENDLY-SYNTHETIC-DATA/.venv/lib/python3.12/site-packages/sklearn/metrics/_classification.py:1565)
2025-04-23 01:11:39,915 - INFO - Computed 8 metric(s) for SVM on TVAE_HYBRID
2025-04-23 01:11:39,919 - INFO - Evaluation completed for all models.
2025-04-23 01:11:39,919 - INFO - Model evaluation completed in 0.39 seconds.
2025-04-23 01:11:39,921 - INFO - Evaluated models: ['DecisionTree', 'KNN', 'LogisticRegression', 'RandomForest', 'SVM']
2025-04-23 01:11:39,921 - INFO - Model Training and Evaluation completed.
2025-04-23 01:11:40,487 - INFO -  Visualizations saved.
2025-04-23 01:11:40,487 - INFO -  Benchmarking Completed. Results saved in output folder.
