2025-05-08 12:06:42,074 - INFO - Loaded config file: configs/generated_configs/censusIncome/censusIncome_anon_k2_sl1p0_l2.yaml
2025-05-08 12:06:42,074 - INFO -  Benchmarking started for dataset: censusIncome
2025-05-08 12:06:42,074 - INFO - Using dataset path: /mnt/NVMETank/Projects/Students/Dele/A-STUDY-INTO-THE-QUALITY-AND-USABILITY-OF-PRIVACY-FRIENDLY-SYNTHETIC-DATA/datasets/original/censusIncome.csv
2025-05-08 12:06:42,074 - INFO - Target column: income, separator: ','
2025-05-08 12:06:42,074 - INFO - Configuration loaded: enable_anonymization = True, enable_synthesis = False, enable_hybrid = False, enable_utility = True, delete_after_evaluation = False
2025-05-08 12:06:42,074 - INFO - Running preprocessing...
2025-05-08 12:06:42,079 - INFO -  [PREPROCESSING] Preprocessed files found. Skipping preprocessing.
2025-05-08 12:06:42,220 - INFO - Preprocessing completed. Rows before: 48842, after: 39073
2025-05-08 12:06:42,220 - INFO - Preprocessed data saved to: outputs/batch/censusIncome_batch_2025-05-08_10-04-54/censusIncome_anon_k2_sl1p0_l2/preprocessing_report.txt
2025-05-08 12:06:42,220 - INFO - enable_anonymization = True
2025-05-08 12:06:42,220 - INFO - Starting Anonymization Pipeline with output path: /mnt/NVMETank/Projects/Students/Dele/A-STUDY-INTO-THE-QUALITY-AND-USABILITY-OF-PRIVACY-FRIENDLY-SYNTHETIC-DATA/datasets/anonymized/censusIncome_k2_l2_sup100_anonymized.csv.......
2025-05-08 12:06:42,225 - INFO -  [ANONYMIZATION] Executing run_anonymization, config_path : configs/generated_configs/censusIncome/censusIncome_anon_k2_sl1p0_l2.yaml...........
2025-05-08 12:06:42,225 - INFO -  [ANONYMIZATION] Using JAR file at /mnt/NVMETank/Projects/Students/Dele/A-STUDY-INTO-THE-QUALITY-AND-USABILITY-OF-PRIVACY-FRIENDLY-SYNTHETIC-DATA/src/anonymization/anonymARXij/bin/anonymARXij.jar to anonymize the dataset.
2025-05-08 12:07:06,185 - INFO -  [ANONYMIZATION] Anonimized file saved to : /mnt/NVMETank/Projects/Students/Dele/A-STUDY-INTO-THE-QUALITY-AND-USABILITY-OF-PRIVACY-FRIENDLY-SYNTHETIC-DATA/datasets/anonymized/censusIncome_k2_l2_sup100_anonymized.csv
2025-05-08 12:07:06,185 - INFO -  [ANONYMIZATION] Java anonymization completed successfully.
2025-05-08 12:07:06,185 - INFO -  [ANONYMIZATION] Java STDOUT:
📄 Java received config path: /mnt/NVMETank/Projects/Students/Dele/A-STUDY-INTO-THE-QUALITY-AND-USABILITY-OF-PRIVACY-FRIENDLY-SYNTHETIC-DATA/configs/generated_configs/censusIncome/censusIncome_anon_k2_sl1p0_l2.yaml
🔹 Loading config from: /mnt/NVMETank/Projects/Students/Dele/A-STUDY-INTO-THE-QUALITY-AND-USABILITY-OF-PRIVACY-FRIENDLY-SYNTHETIC-DATA/configs/generated_configs/censusIncome/censusIncome_anon_k2_sl1p0_l2.yaml
Loading config from: /mnt/NVMETank/Projects/Students/Dele/A-STUDY-INTO-THE-QUALITY-AND-USABILITY-OF-PRIVACY-FRIENDLY-SYNTHETIC-DATA/configs/generated_configs/censusIncome/censusIncome_anon_k2_sl1p0_l2.yaml
📂 Dataset Path (from args): /mnt/NVMETank/Projects/Students/Dele/A-STUDY-INTO-THE-QUALITY-AND-USABILITY-OF-PRIVACY-FRIENDLY-SYNTHETIC-DATA/datasets/train/censusIncome_train_raw.csv
🔹 Dataset Separator: ,
🔹 Suppression Limit: 1.0

🔹 Configured Attributes:
  ✅ Quasi-Identifier: age
  ✅ Quasi-Identifier: education
  ✅ Quasi-Identifier: workclass
  ✅ Quasi-Identifier: marital-status
  ✅ Quasi-Identifier: occupation
  ✅ Quasi-Identifier: race
  ✅ Quasi-Identifier: sex
  ✅ Quasi-Identifier: native-country
  ✅ Sensitive Attribute: income
  ✅ Insensitive Attribute: fnlwgt
  ✅ Insensitive Attribute: hours-per-week
  ✅ Insensitive Attribute: capital-gain
  ✅ Insensitive Attribute: capital-loss
  ✅ Insensitive Attribute: relationship
  ✅ Insensitive Attribute: education-num

🔹 Defined Hierarchies:
  ✅ education -> /mnt/NVMETank/Projects/Students/Dele/A-STUDY-INTO-THE-QUALITY-AND-USABILITY-OF-PRIVACY-FRIENDLY-SYNTHETIC-DATA/src/anonymization/anonymARXij/src/hierarchies_censusIncome/education.csv
  ✅ occupation -> /mnt/NVMETank/Projects/Students/Dele/A-STUDY-INTO-THE-QUALITY-AND-USABILITY-OF-PRIVACY-FRIENDLY-SYNTHETIC-DATA/src/anonymization/anonymARXij/src/hierarchies_censusIncome/occupation.csv
  ✅ workclass -> /mnt/NVMETank/Projects/Students/Dele/A-STUDY-INTO-THE-QUALITY-AND-USABILITY-OF-PRIVACY-FRIENDLY-SYNTHETIC-DATA/src/anonymization/anonymARXij/src/hierarchies_censusIncome/workclass.csv
  ✅ native-country -> /mnt/NVMETank/Projects/Students/Dele/A-STUDY-INTO-THE-QUALITY-AND-USABILITY-OF-PRIVACY-FRIENDLY-SYNTHETIC-DATA/src/anonymization/anonymARXij/src/hierarchies_censusIncome/native-country.csv
  ✅ race -> /mnt/NVMETank/Projects/Students/Dele/A-STUDY-INTO-THE-QUALITY-AND-USABILITY-OF-PRIVACY-FRIENDLY-SYNTHETIC-DATA/src/anonymization/anonymARXij/src/hierarchies_censusIncome/race.csv
  ✅ sex -> /mnt/NVMETank/Projects/Students/Dele/A-STUDY-INTO-THE-QUALITY-AND-USABILITY-OF-PRIVACY-FRIENDLY-SYNTHETIC-DATA/src/anonymization/anonymARXij/src/hierarchies_censusIncome/sex.csv
  ✅ marital-status -> /mnt/NVMETank/Projects/Students/Dele/A-STUDY-INTO-THE-QUALITY-AND-USABILITY-OF-PRIVACY-FRIENDLY-SYNTHETIC-DATA/src/anonymization/anonymARXij/src/hierarchies_censusIncome/marital-status.csv
  ✅ age -> /mnt/NVMETank/Projects/Students/Dele/A-STUDY-INTO-THE-QUALITY-AND-USABILITY-OF-PRIVACY-FRIENDLY-SYNTHETIC-DATA/src/anonymization/anonymARXij/src/hierarchies_censusIncome/age.csv
Java is searching for hierarchy file at: /mnt/NVMETank/Projects/Students/Dele/A-STUDY-INTO-THE-QUALITY-AND-USABILITY-OF-PRIVACY-FRIENDLY-SYNTHETIC-DATA/src/anonymization/anonymARXij/src/hierarchies_censusIncome/education.csv
Java is searching for hierarchy file at: /mnt/NVMETank/Projects/Students/Dele/A-STUDY-INTO-THE-QUALITY-AND-USABILITY-OF-PRIVACY-FRIENDLY-SYNTHETIC-DATA/src/anonymization/anonymARXij/src/hierarchies_censusIncome/occupation.csv
Java is searching for hierarchy file at: /mnt/NVMETank/Projects/Students/Dele/A-STUDY-INTO-THE-QUALITY-AND-USABILITY-OF-PRIVACY-FRIENDLY-SYNTHETIC-DATA/src/anonymization/anonymARXij/src/hierarchies_censusIncome/workclass.csv
Java is searching for hierarchy file at: /mnt/NVMETank/Projects/Students/Dele/A-STUDY-INTO-THE-QUALITY-AND-USABILITY-OF-PRIVACY-FRIENDLY-SYNTHETIC-DATA/src/anonymization/anonymARXij/src/hierarchies_censusIncome/native-country.csv
Java is searching for hierarchy file at: /mnt/NVMETank/Projects/Students/Dele/A-STUDY-INTO-THE-QUALITY-AND-USABILITY-OF-PRIVACY-FRIENDLY-SYNTHETIC-DATA/src/anonymization/anonymARXij/src/hierarchies_censusIncome/race.csv
Java is searching for hierarchy file at: /mnt/NVMETank/Projects/Students/Dele/A-STUDY-INTO-THE-QUALITY-AND-USABILITY-OF-PRIVACY-FRIENDLY-SYNTHETIC-DATA/src/anonymization/anonymARXij/src/hierarchies_censusIncome/sex.csv
Java is searching for hierarchy file at: /mnt/NVMETank/Projects/Students/Dele/A-STUDY-INTO-THE-QUALITY-AND-USABILITY-OF-PRIVACY-FRIENDLY-SYNTHETIC-DATA/src/anonymization/anonymARXij/src/hierarchies_censusIncome/marital-status.csv
Java is searching for hierarchy file at: /mnt/NVMETank/Projects/Students/Dele/A-STUDY-INTO-THE-QUALITY-AND-USABILITY-OF-PRIVACY-FRIENDLY-SYNTHETIC-DATA/src/anonymization/anonymARXij/src/hierarchies_censusIncome/age.csv
✓ Applied Distinct L-Diversity on: income (l=2)
🔹 Privacy Models Configured
📂 Anonymized Output Path (from args): /mnt/NVMETank/Projects/Students/Dele/A-STUDY-INTO-THE-QUALITY-AND-USABILITY-OF-PRIVACY-FRIENDLY-SYNTHETIC-DATA/datasets/anonymized/censusIncome_k2_l2_sup100_anonymized.csv
📂 Anonymized Output Path: /mnt/NVMETank/Projects/Students/Dele/A-STUDY-INTO-THE-QUALITY-AND-USABILITY-OF-PRIVACY-FRIENDLY-SYNTHETIC-DATA/datasets/anonymized/censusIncome_k2_l2_sup100_anonymized.csv
✅ Anonymization completed. Output saved to: /mnt/NVMETank/Projects/Students/Dele/A-STUDY-INTO-THE-QUALITY-AND-USABILITY-OF-PRIVACY-FRIENDLY-SYNTHETIC-DATA/datasets/anonymized/censusIncome_k2_l2_sup100_anonymized.csv
Anonymized Data Quality Metrics:
 - Ambiguity: 0.9251609162565578
 - AECS: 0.9994338276698781
 - Discernibility: 0.9171162545714869
 - Granularity: 0.8002981107818916
 - MSE: 0.8229823223756636
 - Non-Uniform Entropy: 0.5085487264259045
 - Precision: 0.6728351419137683
 - Record-level SE: 0.7349337937274183
Equivalence Class Statistics:
 - Number of Classes: 1517
 - Average Class Size: 23.829268292682926
Suppression Statistics:
 - Suppressed Records: 2924
 - Suppression Percentage: 7.48%
2025-05-08 12:07:06,185 - INFO - Anonymized data saved to: /mnt/NVMETank/Projects/Students/Dele/A-STUDY-INTO-THE-QUALITY-AND-USABILITY-OF-PRIVACY-FRIENDLY-SYNTHETIC-DATA/datasets/anonymized/censusIncome_k2_l2_sup100_anonymized.csv
2025-05-08 12:07:06,319 - INFO - Anonymous data report saved at: outputs/batch/censusIncome_batch_2025-05-08_10-04-54/censusIncome_anon_k2_sl1p0_l2/anonymous_data_report.txt
2025-05-08 12:07:06,319 - INFO -  [POSTPROCESSING] Postprocessing anonymized data: /mnt/NVMETank/Projects/Students/Dele/A-STUDY-INTO-THE-QUALITY-AND-USABILITY-OF-PRIVACY-FRIENDLY-SYNTHETIC-DATA/datasets/anonymized/censusIncome_k2_l2_sup100_anonymized.csv
2025-05-08 12:07:06,354 - INFO -  [POSTPROCESSING] Loaded anonymized data: (39073, 15)
2025-05-08 12:07:06,435 - INFO -  [POSTPROCESSING] Loaded fallback maps from training data. Categorical cols: 9, Numeric cols: 6
2025-05-08 12:07:06,435 - INFO -  [POSTPROCESSING] Normalizing anonymized data using ARX artifact cleaning and fallback values.
2025-05-08 12:07:07,614 - INFO -  [POSTPROCESSING] Normalized anonymized data saved to: /mnt/NVMETank/Projects/Students/Dele/A-STUDY-INTO-THE-QUALITY-AND-USABILITY-OF-PRIVACY-FRIENDLY-SYNTHETIC-DATA/datasets/anonymized/censusIncome_k2_l2_sup100_anonymized_processed.csv
2025-05-08 12:07:07,717 - INFO -  [POSTPROCESSING] Binary Encoding applied to anonymized data. Encoded shape: (39073, 37)
2025-05-08 12:07:07,877 - INFO -  [POSTPROCESSING] Encoded anonymized dataset saved to: /mnt/NVMETank/Projects/Students/Dele/A-STUDY-INTO-THE-QUALITY-AND-USABILITY-OF-PRIVACY-FRIENDLY-SYNTHETIC-DATA/datasets/anonymized/censusIncome_k2_l2_sup100_anonymized_encoded.csv
2025-05-08 12:07:07,877 - INFO -  [POSTPROCESSING] Encoding map generated for anonymized data: 0 original categorical columns.
2025-05-08 12:07:07,881 - INFO - Postprocessing report saved at: outputs/batch/censusIncome_batch_2025-05-08_10-04-54/censusIncome_anon_k2_sl1p0_l2/postprocessing_report.txt
2025-05-08 12:07:07,881 - INFO - enable_synthetic_generation = False
2025-05-08 12:07:07,881 - INFO - Synthetic Data Generation Skipped (Disabled in Configuration).
2025-05-08 12:07:07,881 - INFO - Hybrid Pipeline skipped (disabled in configuration).
2025-05-08 12:07:07,881 - INFO - Starting Utility...
2025-05-08 12:07:07,881 - INFO - [UTILITY] Preparing datasets for machine learning...
2025-05-08 12:07:07,883 - INFO - [UTILITY] Original Data - Training Size: 39073, Testing Size: 9769
2025-05-08 12:07:07,885 - INFO - [UTILITY] Target class distribution (Original): {'<=50K': 19775, '<=50K.': 9948, '>50K': 6273, '>50K.': 3077}
2025-05-08 12:07:07,886 - INFO - [UTILITY] Processing anonymized dataset...
2025-05-08 12:07:07,888 - INFO - [UTILITY] Anonymized Data - Training Size: 39073
2025-05-08 12:07:07,890 - INFO - [UTILITY] Target class distribution (Anonymous): {'<=50K': 19775, '<=50K.': 9948, '>50K': 6273, '>50K.': 3077}
2025-05-08 12:07:07,890 - INFO - [UTILITY] Training models on all datasets...
2025-05-08 12:07:07,890 - INFO - [UTILITY] Total datasets used for training: 2
2025-05-08 12:07:07,890 - INFO - [TRAINING] Training models from scratch...
2025-05-08 12:07:07,890 - INFO - [TRAINING] Starting training for dataset: Original — Rows: 39073, Features: 36
2025-05-08 12:07:07,890 - INFO - [TRAINING] Training DecisionTree on Original...
2025-05-08 12:07:08,221 - INFO - [TRAINING] DecisionTree trained successfully on Original in 0.33 sec
2025-05-08 12:07:08,222 - INFO - [TRAINING] Training KNN on Original...
2025-05-08 12:07:08,249 - INFO - [TRAINING] KNN trained successfully on Original in 0.03 sec
2025-05-08 12:07:08,249 - INFO - [TRAINING] Training LogisticRegression on Original...
2025-05-08 12:07:09,060 - INFO - [TRAINING] LogisticRegression trained successfully on Original in 0.81 sec
2025-05-08 12:07:09,060 - INFO - [TRAINING] Training RandomForest on Original...
2025-05-08 12:07:13,381 - INFO - [TRAINING] RandomForest trained successfully on Original in 4.32 sec
2025-05-08 12:07:13,381 - INFO - [TRAINING] Training SVM on Original...
2025-05-08 12:07:49,322 - INFO - [TRAINING] SVM trained successfully on Original in 35.94 sec
2025-05-08 12:07:49,322 - INFO - [TRAINING] Finished training 5 model(s) for dataset: Original
2025-05-08 12:07:49,322 - INFO - [TRAINING] Starting training for dataset: Anonymous — Rows: 39073, Features: 36
2025-05-08 12:07:49,322 - INFO - [TRAINING] Training DecisionTree on Anonymous...
2025-05-08 12:07:49,630 - INFO - [TRAINING] DecisionTree trained successfully on Anonymous in 0.31 sec
2025-05-08 12:07:49,630 - INFO - [TRAINING] Training KNN on Anonymous...
2025-05-08 12:07:49,696 - INFO - [TRAINING] KNN trained successfully on Anonymous in 0.06 sec
2025-05-08 12:07:49,696 - INFO - [TRAINING] Training LogisticRegression on Anonymous...
2025-05-08 12:07:50,713 - INFO - [TRAINING] LogisticRegression trained successfully on Anonymous in 1.02 sec
2025-05-08 12:07:50,713 - INFO - [TRAINING] Training RandomForest on Anonymous...
2025-05-08 12:07:54,563 - INFO - [TRAINING] RandomForest trained successfully on Anonymous in 3.85 sec
2025-05-08 12:07:54,563 - INFO - [TRAINING] Training SVM on Anonymous...
2025-05-08 12:08:30,590 - INFO - [TRAINING] SVM trained successfully on Anonymous in 36.03 sec
2025-05-08 12:08:30,590 - INFO - [TRAINING] Finished training 5 model(s) for dataset: Anonymous
2025-05-08 12:08:30,590 - INFO - [TRAINING] Total models trained across all datasets: 10
2025-05-08 12:08:30,590 - INFO - [UTILITY] Trained model names: ['Original', 'Anonymous']
2025-05-08 12:08:30,590 - INFO - [UTILITY] Model Training Completed.
2025-05-08 12:08:30,590 - INFO - Starting the Evaluating of models...
2025-05-08 12:08:30,590 - INFO - Preparing evaluation for model 'DecisionTree' across all datasets...
2025-05-08 12:08:30,590 - INFO - Evaluating DecisionTree on Original...
2025-05-08 12:08:30,594 - INFO - Predictions completed for DecisionTree on Original
2025-05-08 12:08:30,595 - INFO - Prediction distribution for DecisionTree on Original: {'<=50K': 4716, '<=50K.': 2581, '>50K': 1616, '>50K.': 856}
2025-05-08 12:08:30,692 - INFO - Computed 8 metric(s) for DecisionTree on Original
2025-05-08 12:08:30,692 - INFO - Evaluating DecisionTree on Anonymous...
2025-05-08 12:08:30,696 - INFO - Predictions completed for DecisionTree on Anonymous
2025-05-08 12:08:30,696 - INFO - Prediction distribution for DecisionTree on Anonymous: {'<=50K': 4844, '<=50K.': 2635, '>50K': 1487, '>50K.': 803}
2025-05-08 12:08:30,793 - INFO - Computed 8 metric(s) for DecisionTree on Anonymous
2025-05-08 12:08:30,793 - INFO - Preparing evaluation for model 'KNN' across all datasets...
2025-05-08 12:08:30,793 - INFO - Evaluating KNN on Original...
2025-05-08 12:08:33,544 - INFO - Predictions completed for KNN on Original
2025-05-08 12:08:33,545 - INFO - Prediction distribution for KNN on Original: {'<=50K': 7038, '<=50K.': 1542, '>50K': 1005, '>50K.': 184}
2025-05-08 12:08:38,794 - INFO - Computed 8 metric(s) for KNN on Original
2025-05-08 12:08:38,794 - INFO - Evaluating KNN on Anonymous...
2025-05-08 12:08:41,519 - INFO - Predictions completed for KNN on Anonymous
2025-05-08 12:08:41,519 - INFO - Prediction distribution for KNN on Anonymous: {'<=50K': 7088, '<=50K.': 1605, '>50K': 905, '>50K.': 171}
2025-05-08 12:08:46,806 - INFO - Computed 8 metric(s) for KNN on Anonymous
2025-05-08 12:08:46,806 - INFO - Preparing evaluation for model 'LogisticRegression' across all datasets...
2025-05-08 12:08:46,806 - INFO - Evaluating LogisticRegression on Original...
2025-05-08 12:08:46,809 - INFO - Predictions completed for LogisticRegression on Original
2025-05-08 12:08:46,810 - INFO - Prediction distribution for LogisticRegression on Original: {'<=50K': 7883, '>50K': 1884, '>50K.': 2}
2025-05-08 12:08:46,832 - WARNING - [UndefinedMetricWarning] Precision is ill-defined and being set to 0.0 in labels with no predicted samples. Use `zero_division` parameter to control this behavior. (from /mnt/NVMETank/Projects/Students/Dele/A-STUDY-INTO-THE-QUALITY-AND-USABILITY-OF-PRIVACY-FRIENDLY-SYNTHETIC-DATA/.venv/lib/python3.12/site-packages/sklearn/metrics/_classification.py:1565)
2025-05-08 12:08:46,850 - WARNING - [UndefinedMetricWarning] Precision is ill-defined and being set to 0.0 in labels with no predicted samples. Use `zero_division` parameter to control this behavior. (from /mnt/NVMETank/Projects/Students/Dele/A-STUDY-INTO-THE-QUALITY-AND-USABILITY-OF-PRIVACY-FRIENDLY-SYNTHETIC-DATA/.venv/lib/python3.12/site-packages/sklearn/metrics/_classification.py:1565)
2025-05-08 12:08:46,867 - WARNING - [UndefinedMetricWarning] Precision is ill-defined and being set to 0.0 in labels with no predicted samples. Use `zero_division` parameter to control this behavior. (from /mnt/NVMETank/Projects/Students/Dele/A-STUDY-INTO-THE-QUALITY-AND-USABILITY-OF-PRIVACY-FRIENDLY-SYNTHETIC-DATA/.venv/lib/python3.12/site-packages/sklearn/metrics/_classification.py:1565)
2025-05-08 12:08:46,911 - INFO - Computed 8 metric(s) for LogisticRegression on Original
2025-05-08 12:08:46,911 - INFO - Evaluating LogisticRegression on Anonymous...
2025-05-08 12:08:46,914 - INFO - Predictions completed for LogisticRegression on Anonymous
2025-05-08 12:08:46,914 - INFO - Prediction distribution for LogisticRegression on Anonymous: {'<=50K': 8526, '>50K': 1166, '<=50K.': 54, '>50K.': 23}
2025-05-08 12:08:47,015 - INFO - Computed 8 metric(s) for LogisticRegression on Anonymous
2025-05-08 12:08:47,015 - INFO - Preparing evaluation for model 'RandomForest' across all datasets...
2025-05-08 12:08:47,015 - INFO - Evaluating RandomForest on Original...
2025-05-08 12:08:47,211 - INFO - Predictions completed for RandomForest on Original
2025-05-08 12:08:47,211 - INFO - Prediction distribution for RandomForest on Original: {'<=50K': 6677, '>50K': 1667, '<=50K.': 1084, '>50K.': 341}
2025-05-08 12:08:47,695 - INFO - Computed 8 metric(s) for RandomForest on Original
2025-05-08 12:08:47,695 - INFO - Evaluating RandomForest on Anonymous...
2025-05-08 12:08:47,879 - INFO - Predictions completed for RandomForest on Anonymous
2025-05-08 12:08:47,879 - INFO - Prediction distribution for RandomForest on Anonymous: {'<=50K': 6700, '>50K': 1456, '<=50K.': 1274, '>50K.': 339}
2025-05-08 12:08:48,355 - INFO - Computed 8 metric(s) for RandomForest on Anonymous
2025-05-08 12:08:48,356 - INFO - Preparing evaluation for model 'SVM' across all datasets...
2025-05-08 12:08:48,356 - INFO - Evaluating SVM on Original...
2025-05-08 12:09:00,458 - INFO - Predictions completed for SVM on Original
2025-05-08 12:09:00,459 - INFO - Prediction distribution for SVM on Original: {'<=50K': 9395, '>50K': 374}
2025-05-08 12:09:00,480 - WARNING - [UndefinedMetricWarning] Precision is ill-defined and being set to 0.0 in labels with no predicted samples. Use `zero_division` parameter to control this behavior. (from /mnt/NVMETank/Projects/Students/Dele/A-STUDY-INTO-THE-QUALITY-AND-USABILITY-OF-PRIVACY-FRIENDLY-SYNTHETIC-DATA/.venv/lib/python3.12/site-packages/sklearn/metrics/_classification.py:1565)
2025-05-08 12:09:00,498 - WARNING - [UndefinedMetricWarning] Precision is ill-defined and being set to 0.0 in labels with no predicted samples. Use `zero_division` parameter to control this behavior. (from /mnt/NVMETank/Projects/Students/Dele/A-STUDY-INTO-THE-QUALITY-AND-USABILITY-OF-PRIVACY-FRIENDLY-SYNTHETIC-DATA/.venv/lib/python3.12/site-packages/sklearn/metrics/_classification.py:1565)
2025-05-08 12:09:00,515 - WARNING - [UndefinedMetricWarning] Precision is ill-defined and being set to 0.0 in labels with no predicted samples. Use `zero_division` parameter to control this behavior. (from /mnt/NVMETank/Projects/Students/Dele/A-STUDY-INTO-THE-QUALITY-AND-USABILITY-OF-PRIVACY-FRIENDLY-SYNTHETIC-DATA/.venv/lib/python3.12/site-packages/sklearn/metrics/_classification.py:1565)
2025-05-08 12:09:00,529 - INFO - Computed 8 metric(s) for SVM on Original
2025-05-08 12:09:00,529 - INFO - Evaluating SVM on Anonymous...
2025-05-08 12:09:12,575 - INFO - Predictions completed for SVM on Anonymous
2025-05-08 12:09:12,576 - INFO - Prediction distribution for SVM on Anonymous: {'<=50K': 9395, '>50K': 374}
2025-05-08 12:09:12,598 - WARNING - [UndefinedMetricWarning] Precision is ill-defined and being set to 0.0 in labels with no predicted samples. Use `zero_division` parameter to control this behavior. (from /mnt/NVMETank/Projects/Students/Dele/A-STUDY-INTO-THE-QUALITY-AND-USABILITY-OF-PRIVACY-FRIENDLY-SYNTHETIC-DATA/.venv/lib/python3.12/site-packages/sklearn/metrics/_classification.py:1565)
2025-05-08 12:09:12,615 - WARNING - [UndefinedMetricWarning] Precision is ill-defined and being set to 0.0 in labels with no predicted samples. Use `zero_division` parameter to control this behavior. (from /mnt/NVMETank/Projects/Students/Dele/A-STUDY-INTO-THE-QUALITY-AND-USABILITY-OF-PRIVACY-FRIENDLY-SYNTHETIC-DATA/.venv/lib/python3.12/site-packages/sklearn/metrics/_classification.py:1565)
2025-05-08 12:09:12,632 - WARNING - [UndefinedMetricWarning] Precision is ill-defined and being set to 0.0 in labels with no predicted samples. Use `zero_division` parameter to control this behavior. (from /mnt/NVMETank/Projects/Students/Dele/A-STUDY-INTO-THE-QUALITY-AND-USABILITY-OF-PRIVACY-FRIENDLY-SYNTHETIC-DATA/.venv/lib/python3.12/site-packages/sklearn/metrics/_classification.py:1565)
2025-05-08 12:09:12,647 - INFO - Computed 8 metric(s) for SVM on Anonymous
2025-05-08 12:09:12,650 - INFO - Evaluation completed for all models.
2025-05-08 12:09:12,650 - INFO - Model evaluation completed in 42.06 seconds.
2025-05-08 12:09:12,651 - INFO - Evaluated models: ['DecisionTree', 'KNN', 'LogisticRegression', 'RandomForest', 'SVM']
2025-05-08 12:09:12,651 - INFO - Model Training and Evaluation completed.
2025-05-08 12:09:13,100 - INFO -  Visualizations saved.
2025-05-08 12:09:13,101 - INFO -  Benchmarking Completed. Results saved in output folder.
