2025-03-22 17:40:12,837 - INFO -  Benchmarking started for dataset: loan
2025-03-22 17:40:12,894 - INFO - Detected metadata:
2025-03-22 17:40:12,894 - INFO - {
    "METADATA_SPEC_VERSION": "SINGLE_TABLE_V1",
    "columns": {
        "Loan_ID_0": {
            "sdtype": "categorical"
        },
        "Loan_ID_1": {
            "sdtype": "categorical"
        },
        "Loan_ID_2": {
            "sdtype": "categorical"
        },
        "Loan_ID_3": {
            "sdtype": "categorical"
        },
        "Loan_ID_4": {
            "sdtype": "categorical"
        },
        "Loan_ID_5": {
            "sdtype": "categorical"
        },
        "Loan_ID_6": {
            "sdtype": "categorical"
        },
        "Loan_ID_7": {
            "sdtype": "categorical"
        },
        "Gender_0": {
            "sdtype": "categorical"
        },
        "Gender_1": {
            "sdtype": "categorical"
        },
        "Married_0": {
            "sdtype": "categorical"
        },
        "Married_1": {
            "sdtype": "categorical"
        },
        "Dependents_0": {
            "sdtype": "categorical"
        },
        "Dependents_1": {
            "sdtype": "categorical"
        },
        "Dependents_2": {
            "sdtype": "categorical"
        },
        "Education_0": {
            "sdtype": "categorical"
        },
        "Education_1": {
            "sdtype": "categorical"
        },
        "Self_Employed_0": {
            "sdtype": "categorical"
        },
        "Self_Employed_1": {
            "sdtype": "categorical"
        },
        "ApplicantIncome": {
            "sdtype": "numerical"
        },
        "CoapplicantIncome": {
            "sdtype": "numerical"
        },
        "LoanAmount": {
            "sdtype": "numerical"
        },
        "Loan_Amount_Term": {
            "sdtype": "categorical"
        },
        "Credit_History": {
            "sdtype": "categorical"
        },
        "Property_Area_0": {
            "sdtype": "categorical"
        },
        "Property_Area_1": {
            "sdtype": "categorical"
        },
        "Loan_Status": {
            "sdtype": "categorical"
        }
    }
}
2025-03-22 17:40:12,912 - INFO - {'EVENT': 'Instance', 'TIMESTAMP': datetime.datetime(2025, 3, 22, 17, 40, 12, 912396), 'SYNTHESIZER CLASS NAME': 'CTGANSynthesizer', 'SYNTHESIZER ID': 'CTGANSynthesizer_1.16.1_bc1e94e2eb7d4729be1ff7dec4bba2f7'}
2025-03-22 17:40:12,913 - INFO - {'EVENT': 'Fit', 'TIMESTAMP': datetime.datetime(2025, 3, 22, 17, 40, 12, 913811), 'SYNTHESIZER CLASS NAME': 'CTGANSynthesizer', 'SYNTHESIZER ID': 'CTGANSynthesizer_1.16.1_bc1e94e2eb7d4729be1ff7dec4bba2f7', 'TOTAL NUMBER OF TABLES': 1, 'TOTAL NUMBER OF ROWS': 240, 'TOTAL NUMBER OF COLUMNS': 27}
2025-03-22 17:40:12,917 - INFO - Fitting table  metadata
2025-03-22 17:40:12,919 - INFO - Fitting formatters for table 
2025-03-22 17:40:12,921 - INFO - Fitting constraints for table 
2025-03-22 17:40:12,921 - INFO - Setting the configuration for the ``HyperTransformer`` for table 
2025-03-22 17:40:12,926 - INFO - Fitting HyperTransformer for table 
2025-03-22 17:40:12,958 - INFO - {'EVENT': 'Fit processed data', 'TIMESTAMP': datetime.datetime(2025, 3, 22, 17, 40, 12, 958248), 'SYNTHESIZER CLASS NAME': 'CTGANSynthesizer', 'SYNTHESIZER ID': 'CTGANSynthesizer_1.16.1_bc1e94e2eb7d4729be1ff7dec4bba2f7', 'TOTAL NUMBER OF TABLES': 1, 'TOTAL NUMBER OF ROWS': 240, 'TOTAL NUMBER OF COLUMNS': 27}
2025-03-22 17:40:13,002 - INFO - Guidance: There are no missing values in column ApplicantIncome. Extra column not created.
2025-03-22 17:40:13,332 - INFO - Guidance: There are no missing values in column CoapplicantIncome. Extra column not created.
2025-03-22 17:40:13,440 - INFO - Guidance: There are no missing values in column LoanAmount. Extra column not created.
2025-03-22 17:41:21,156 - INFO - {'EVENT': 'Save', 'TIMESTAMP': datetime.datetime(2025, 3, 22, 17, 41, 21, 156449), 'SYNTHESIZER CLASS NAME': 'CTGANSynthesizer', 'SYNTHESIZER ID': 'CTGANSynthesizer_1.16.1_bc1e94e2eb7d4729be1ff7dec4bba2f7'}
2025-03-22 17:41:21,223 - INFO - {'EVENT': 'Instance', 'TIMESTAMP': datetime.datetime(2025, 3, 22, 17, 41, 21, 223477), 'SYNTHESIZER CLASS NAME': 'TVAESynthesizer', 'SYNTHESIZER ID': 'TVAESynthesizer_1.16.1_b62400bb632a4c9e844798dcba95bf0d'}
2025-03-22 17:41:21,224 - INFO - {'EVENT': 'Fit', 'TIMESTAMP': datetime.datetime(2025, 3, 22, 17, 41, 21, 224481), 'SYNTHESIZER CLASS NAME': 'TVAESynthesizer', 'SYNTHESIZER ID': 'TVAESynthesizer_1.16.1_b62400bb632a4c9e844798dcba95bf0d', 'TOTAL NUMBER OF TABLES': 1, 'TOTAL NUMBER OF ROWS': 240, 'TOTAL NUMBER OF COLUMNS': 27}
2025-03-22 17:41:21,229 - INFO - Fitting table  metadata
2025-03-22 17:41:21,232 - INFO - Fitting formatters for table 
2025-03-22 17:41:21,239 - INFO - Fitting constraints for table 
2025-03-22 17:41:21,240 - INFO - Setting the configuration for the ``HyperTransformer`` for table 
2025-03-22 17:41:21,246 - INFO - Fitting HyperTransformer for table 
2025-03-22 17:41:21,305 - INFO - {'EVENT': 'Fit processed data', 'TIMESTAMP': datetime.datetime(2025, 3, 22, 17, 41, 21, 305236), 'SYNTHESIZER CLASS NAME': 'TVAESynthesizer', 'SYNTHESIZER ID': 'TVAESynthesizer_1.16.1_b62400bb632a4c9e844798dcba95bf0d', 'TOTAL NUMBER OF TABLES': 1, 'TOTAL NUMBER OF ROWS': 240, 'TOTAL NUMBER OF COLUMNS': 27}
2025-03-22 17:41:21,389 - INFO - Guidance: There are no missing values in column ApplicantIncome. Extra column not created.
2025-03-22 17:41:21,553 - INFO - Guidance: There are no missing values in column CoapplicantIncome. Extra column not created.
2025-03-22 17:41:21,693 - INFO - Guidance: There are no missing values in column LoanAmount. Extra column not created.
2025-03-22 17:41:33,143 - INFO - {'EVENT': 'Save', 'TIMESTAMP': datetime.datetime(2025, 3, 22, 17, 41, 33, 143388), 'SYNTHESIZER CLASS NAME': 'TVAESynthesizer', 'SYNTHESIZER ID': 'TVAESynthesizer_1.16.1_b62400bb632a4c9e844798dcba95bf0d'}
2025-03-22 17:41:33,370 - INFO - {'EVENT': 'Sample', 'TIMESTAMP': datetime.datetime(2025, 3, 22, 17, 41, 33, 184685), 'SYNTHESIZER CLASS NAME': 'CTGANSynthesizer', 'SYNTHESIZER ID': 'CTGANSynthesizer_1.16.1_bc1e94e2eb7d4729be1ff7dec4bba2f7', 'TOTAL NUMBER OF TABLES': 1, 'TOTAL NUMBER OF ROWS': 240, 'TOTAL NUMBER OF COLUMNS': 27}
2025-03-22 17:41:33,602 - INFO - {'EVENT': 'Sample', 'TIMESTAMP': datetime.datetime(2025, 3, 22, 17, 41, 33, 390240), 'SYNTHESIZER CLASS NAME': 'TVAESynthesizer', 'SYNTHESIZER ID': 'TVAESynthesizer_1.16.1_b62400bb632a4c9e844798dcba95bf0d', 'TOTAL NUMBER OF TABLES': 1, 'TOTAL NUMBER OF ROWS': 240, 'TOTAL NUMBER OF COLUMNS': 27}
2025-03-22 17:41:48,770 - INFO - Model Training and Evaluation completed.
2025-03-22 17:41:50,090 - INFO -  Visualizations saved.
2025-03-22 17:41:50,091 - INFO -  Benchmarking Completed. Results saved in output folder.
