2025-02-27 13:02:16,203 - INFO -  Benchmarking started for dataset: bankMarketing
2025-02-27 13:02:16,444 - INFO - Detected metadata:
2025-02-27 13:02:16,445 - INFO - {
    "METADATA_SPEC_VERSION": "SINGLE_TABLE_V1",
    "columns": {
        "age": {
            "sdtype": "numerical"
        },
        "job_0": {
            "sdtype": "categorical"
        },
        "job_1": {
            "sdtype": "categorical"
        },
        "job_2": {
            "sdtype": "categorical"
        },
        "job_3": {
            "sdtype": "categorical"
        },
        "marital_0": {
            "sdtype": "categorical"
        },
        "marital_1": {
            "sdtype": "categorical"
        },
        "education_0": {
            "sdtype": "categorical"
        },
        "education_1": {
            "sdtype": "categorical"
        },
        "education_2": {
            "sdtype": "categorical"
        },
        "default_0": {
            "sdtype": "categorical"
        },
        "default_1": {
            "sdtype": "categorical"
        },
        "balance": {
            "sdtype": "numerical"
        },
        "housing_0": {
            "sdtype": "categorical"
        },
        "housing_1": {
            "sdtype": "categorical"
        },
        "loan_0": {
            "sdtype": "categorical"
        },
        "loan_1": {
            "sdtype": "categorical"
        },
        "contact_0": {
            "sdtype": "categorical"
        },
        "contact_1": {
            "sdtype": "categorical"
        },
        "day": {
            "sdtype": "numerical"
        },
        "month_0": {
            "sdtype": "categorical"
        },
        "month_1": {
            "sdtype": "categorical"
        },
        "month_2": {
            "sdtype": "categorical"
        },
        "month_3": {
            "sdtype": "categorical"
        },
        "duration": {
            "sdtype": "numerical"
        },
        "campaign": {
            "sdtype": "numerical"
        },
        "pdays": {
            "sdtype": "numerical"
        },
        "previous": {
            "sdtype": "numerical"
        },
        "poutcome_0": {
            "sdtype": "categorical"
        },
        "poutcome_1": {
            "sdtype": "categorical"
        },
        "poutcome_2": {
            "sdtype": "categorical"
        },
        "y": {
            "sdtype": "categorical"
        }
    }
}
2025-02-27 13:02:16,493 - INFO - {'EVENT': 'Load', 'TIMESTAMP': datetime.datetime(2025, 2, 27, 13, 2, 16, 493123), 'SYNTHESIZER CLASS NAME': 'CTGANSynthesizer', 'SYNTHESIZER ID': 'CTGANSynthesizer_1.16.1_9fce93c40fbe428590a3b14218f1a4b8'}
2025-02-27 13:02:16,533 - INFO - {'EVENT': 'Load', 'TIMESTAMP': datetime.datetime(2025, 2, 27, 13, 2, 16, 533037), 'SYNTHESIZER CLASS NAME': 'TVAESynthesizer', 'SYNTHESIZER ID': 'TVAESynthesizer_1.16.1_dc475df629b04ddbafd4c8d8dfbb06dd'}
2025-02-27 13:02:16,553 - INFO - {'EVENT': 'Load', 'TIMESTAMP': datetime.datetime(2025, 2, 27, 13, 2, 16, 553095), 'SYNTHESIZER CLASS NAME': 'GaussianCopulaSynthesizer', 'SYNTHESIZER ID': 'GaussianCopulaSynthesizer_1.16.1_5d67a50b50d14bd5b631dfbd70e001c1'}
2025-02-27 13:02:23,498 - INFO - {'EVENT': 'Sample', 'TIMESTAMP': datetime.datetime(2025, 2, 27, 13, 2, 16, 553531), 'SYNTHESIZER CLASS NAME': 'CTGANSynthesizer', 'SYNTHESIZER ID': 'CTGANSynthesizer_1.16.1_9fce93c40fbe428590a3b14218f1a4b8', 'TOTAL NUMBER OF TABLES': 1, 'TOTAL NUMBER OF ROWS': 45211, 'TOTAL NUMBER OF COLUMNS': 32}
2025-02-27 13:02:29,780 - INFO - {'EVENT': 'Sample', 'TIMESTAMP': datetime.datetime(2025, 2, 27, 13, 2, 23, 712779), 'SYNTHESIZER CLASS NAME': 'TVAESynthesizer', 'SYNTHESIZER ID': 'TVAESynthesizer_1.16.1_dc475df629b04ddbafd4c8d8dfbb06dd', 'TOTAL NUMBER OF TABLES': 1, 'TOTAL NUMBER OF ROWS': 45211, 'TOTAL NUMBER OF COLUMNS': 32}
2025-02-27 13:02:39,269 - INFO - {'EVENT': 'Sample', 'TIMESTAMP': datetime.datetime(2025, 2, 27, 13, 2, 29, 980952), 'SYNTHESIZER CLASS NAME': 'GaussianCopulaSynthesizer', 'SYNTHESIZER ID': 'GaussianCopulaSynthesizer_1.16.1_5d67a50b50d14bd5b631dfbd70e001c1', 'TOTAL NUMBER OF TABLES': 1, 'TOTAL NUMBER OF ROWS': 45211, 'TOTAL NUMBER OF COLUMNS': 32}
2025-02-27 13:03:43,772 - INFO -  Synthetic Data Generation and Evaluation completed.
2025-02-27 13:10:27,163 - INFO - Model Training and Evaluation completed.
2025-02-27 13:36:24,140 - INFO -  Visualizations saved.
2025-02-27 13:36:24,143 - INFO -  Benchmarking Completed. Results saved in output folder.
