2025-05-08 18:52:04,890 - INFO - Loaded config file: configs/generated_configs/loan/loan_anon_k15_sl0p05_l15.yaml
2025-05-08 18:52:04,890 - INFO -  Benchmarking started for dataset: loan
2025-05-08 18:52:04,890 - INFO - Using dataset path: /mnt/NVMETank/Projects/Students/Dele/A-STUDY-INTO-THE-QUALITY-AND-USABILITY-OF-PRIVACY-FRIENDLY-SYNTHETIC-DATA/datasets/original/loan.csv
2025-05-08 18:52:04,890 - INFO - Target column: Loan_Status, separator: ','
2025-05-08 18:52:04,890 - INFO - Configuration loaded: enable_anonymization = True, enable_synthesis = False, enable_hybrid = True, enable_utility = True, delete_after_evaluation = False
2025-05-08 18:52:04,890 - INFO - Running preprocessing...
2025-05-08 18:52:04,894 - INFO -  [PREPROCESSING] Preprocessed files found. Skipping preprocessing.
2025-05-08 18:52:04,905 - INFO - Preprocessing completed. Rows before: 614, after: 336
2025-05-08 18:52:04,905 - INFO - Preprocessed data saved to: outputs/batch/loan_batch_2025-05-08_18-38-44/loan_anon_k15_sl0p05_l15/preprocessing_report.txt
2025-05-08 18:52:04,905 - INFO - enable_anonymization = True
2025-05-08 18:52:04,905 - INFO - Starting Anonymization Pipeline with output path: /mnt/NVMETank/Projects/Students/Dele/A-STUDY-INTO-THE-QUALITY-AND-USABILITY-OF-PRIVACY-FRIENDLY-SYNTHETIC-DATA/datasets/anonymized/loan_k15_l15_sup05_anonymized.csv.......
2025-05-08 18:52:04,910 - INFO -  [ANONYMIZATION] Executing run_anonymization, config_path : configs/generated_configs/loan/loan_anon_k15_sl0p05_l15.yaml...........
2025-05-08 18:52:04,910 - INFO -  [ANONYMIZATION] Using JAR file at /mnt/NVMETank/Projects/Students/Dele/A-STUDY-INTO-THE-QUALITY-AND-USABILITY-OF-PRIVACY-FRIENDLY-SYNTHETIC-DATA/src/anonymization/anonymARXij/bin/anonymARXij.jar to anonymize the dataset.
2025-05-08 18:52:06,092 - INFO -  [ANONYMIZATION] Anonimized file saved to : /mnt/NVMETank/Projects/Students/Dele/A-STUDY-INTO-THE-QUALITY-AND-USABILITY-OF-PRIVACY-FRIENDLY-SYNTHETIC-DATA/datasets/anonymized/loan_k15_l15_sup05_anonymized.csv
2025-05-08 18:52:06,092 - INFO -  [ANONYMIZATION] Java anonymization completed successfully.
2025-05-08 18:52:06,092 - INFO -  [ANONYMIZATION] Java STDOUT:
📄 Java received config path: /mnt/NVMETank/Projects/Students/Dele/A-STUDY-INTO-THE-QUALITY-AND-USABILITY-OF-PRIVACY-FRIENDLY-SYNTHETIC-DATA/configs/generated_configs/loan/loan_anon_k15_sl0p05_l15.yaml
🔹 Loading config from: /mnt/NVMETank/Projects/Students/Dele/A-STUDY-INTO-THE-QUALITY-AND-USABILITY-OF-PRIVACY-FRIENDLY-SYNTHETIC-DATA/configs/generated_configs/loan/loan_anon_k15_sl0p05_l15.yaml
Loading config from: /mnt/NVMETank/Projects/Students/Dele/A-STUDY-INTO-THE-QUALITY-AND-USABILITY-OF-PRIVACY-FRIENDLY-SYNTHETIC-DATA/configs/generated_configs/loan/loan_anon_k15_sl0p05_l15.yaml
📂 Dataset Path (from args): /mnt/NVMETank/Projects/Students/Dele/A-STUDY-INTO-THE-QUALITY-AND-USABILITY-OF-PRIVACY-FRIENDLY-SYNTHETIC-DATA/datasets/train/loan_train_raw.csv
🔹 Dataset Separator: ,
🔹 Suppression Limit: 0.05

🔹 Configured Attributes:
  ✅ Quasi-Identifier: Gender
  ✅ Quasi-Identifier: Married
  ✅ Quasi-Identifier: Education
  ✅ Quasi-Identifier: Dependents
  ✅ Quasi-Identifier: Self_Employed
  ✅ Quasi-Identifier: Property_Area
  ✅ Quasi-Identifier: Credit_History
  ✅ Quasi-Identifier: Loan_Amount_Term
  ✅ Sensitive Attribute: LoanAmount
  ✅ Insensitive Attribute: Loan_Status
  ✅ Insensitive Attribute: ApplicantIncome
  ✅ Insensitive Attribute: CoapplicantIncome

🔹 Defined Hierarchies:
  ✅ Property_Area -> /mnt/NVMETank/Projects/Students/Dele/A-STUDY-INTO-THE-QUALITY-AND-USABILITY-OF-PRIVACY-FRIENDLY-SYNTHETIC-DATA/src/anonymization/anonymARXij/src/hierarchies_loan/property_area.csv
  ✅ Self_Employed -> /mnt/NVMETank/Projects/Students/Dele/A-STUDY-INTO-THE-QUALITY-AND-USABILITY-OF-PRIVACY-FRIENDLY-SYNTHETIC-DATA/src/anonymization/anonymARXij/src/hierarchies_loan/self_employed.csv
  ✅ Credit_History -> /mnt/NVMETank/Projects/Students/Dele/A-STUDY-INTO-THE-QUALITY-AND-USABILITY-OF-PRIVACY-FRIENDLY-SYNTHETIC-DATA/src/anonymization/anonymARXij/src/hierarchies_loan/credit_history.csv
  ✅ Dependents -> /mnt/NVMETank/Projects/Students/Dele/A-STUDY-INTO-THE-QUALITY-AND-USABILITY-OF-PRIVACY-FRIENDLY-SYNTHETIC-DATA/src/anonymization/anonymARXij/src/hierarchies_loan/dependents.csv
  ✅ Education -> /mnt/NVMETank/Projects/Students/Dele/A-STUDY-INTO-THE-QUALITY-AND-USABILITY-OF-PRIVACY-FRIENDLY-SYNTHETIC-DATA/src/anonymization/anonymARXij/src/hierarchies_loan/education.csv
  ✅ Loan_Amount_Term -> /mnt/NVMETank/Projects/Students/Dele/A-STUDY-INTO-THE-QUALITY-AND-USABILITY-OF-PRIVACY-FRIENDLY-SYNTHETIC-DATA/src/anonymization/anonymARXij/src/hierarchies_loan/loan_amount_terms.csv
  ✅ Married -> /mnt/NVMETank/Projects/Students/Dele/A-STUDY-INTO-THE-QUALITY-AND-USABILITY-OF-PRIVACY-FRIENDLY-SYNTHETIC-DATA/src/anonymization/anonymARXij/src/hierarchies_loan/married.csv
  ✅ Gender -> /mnt/NVMETank/Projects/Students/Dele/A-STUDY-INTO-THE-QUALITY-AND-USABILITY-OF-PRIVACY-FRIENDLY-SYNTHETIC-DATA/src/anonymization/anonymARXij/src/hierarchies_loan/gender.csv
Java is searching for hierarchy file at: /mnt/NVMETank/Projects/Students/Dele/A-STUDY-INTO-THE-QUALITY-AND-USABILITY-OF-PRIVACY-FRIENDLY-SYNTHETIC-DATA/src/anonymization/anonymARXij/src/hierarchies_loan/property_area.csv
Java is searching for hierarchy file at: /mnt/NVMETank/Projects/Students/Dele/A-STUDY-INTO-THE-QUALITY-AND-USABILITY-OF-PRIVACY-FRIENDLY-SYNTHETIC-DATA/src/anonymization/anonymARXij/src/hierarchies_loan/self_employed.csv
Java is searching for hierarchy file at: /mnt/NVMETank/Projects/Students/Dele/A-STUDY-INTO-THE-QUALITY-AND-USABILITY-OF-PRIVACY-FRIENDLY-SYNTHETIC-DATA/src/anonymization/anonymARXij/src/hierarchies_loan/credit_history.csv
Java is searching for hierarchy file at: /mnt/NVMETank/Projects/Students/Dele/A-STUDY-INTO-THE-QUALITY-AND-USABILITY-OF-PRIVACY-FRIENDLY-SYNTHETIC-DATA/src/anonymization/anonymARXij/src/hierarchies_loan/dependents.csv
Java is searching for hierarchy file at: /mnt/NVMETank/Projects/Students/Dele/A-STUDY-INTO-THE-QUALITY-AND-USABILITY-OF-PRIVACY-FRIENDLY-SYNTHETIC-DATA/src/anonymization/anonymARXij/src/hierarchies_loan/education.csv
Java is searching for hierarchy file at: /mnt/NVMETank/Projects/Students/Dele/A-STUDY-INTO-THE-QUALITY-AND-USABILITY-OF-PRIVACY-FRIENDLY-SYNTHETIC-DATA/src/anonymization/anonymARXij/src/hierarchies_loan/loan_amount_terms.csv
Java is searching for hierarchy file at: /mnt/NVMETank/Projects/Students/Dele/A-STUDY-INTO-THE-QUALITY-AND-USABILITY-OF-PRIVACY-FRIENDLY-SYNTHETIC-DATA/src/anonymization/anonymARXij/src/hierarchies_loan/married.csv
Java is searching for hierarchy file at: /mnt/NVMETank/Projects/Students/Dele/A-STUDY-INTO-THE-QUALITY-AND-USABILITY-OF-PRIVACY-FRIENDLY-SYNTHETIC-DATA/src/anonymization/anonymARXij/src/hierarchies_loan/gender.csv
✓ Applied Entropy L-Diversity on: LoanAmount (l=15)
🔹 Privacy Models Configured
📂 Anonymized Output Path (from args): /mnt/NVMETank/Projects/Students/Dele/A-STUDY-INTO-THE-QUALITY-AND-USABILITY-OF-PRIVACY-FRIENDLY-SYNTHETIC-DATA/datasets/anonymized/loan_k15_l15_sup05_anonymized.csv
📂 Anonymized Output Path: /mnt/NVMETank/Projects/Students/Dele/A-STUDY-INTO-THE-QUALITY-AND-USABILITY-OF-PRIVACY-FRIENDLY-SYNTHETIC-DATA/datasets/anonymized/loan_k15_l15_sup05_anonymized.csv
✅ Anonymization completed. Output saved to: /mnt/NVMETank/Projects/Students/Dele/A-STUDY-INTO-THE-QUALITY-AND-USABILITY-OF-PRIVACY-FRIENDLY-SYNTHETIC-DATA/datasets/anonymized/loan_k15_l15_sup05_anonymized.csv
Anonymized Data Quality Metrics:
 - Ambiguity: 0.9238075395447435
 - AECS: 0.8872901678657075
 - Discernibility: 0.8366583541147132
 - Granularity: 0.41317410244855124
 - MSE: 0.14746543778801846
 - Non-Uniform Entropy: 0.3985923397111466
 - Precision: 0.3571428571428572
 - Record-level SE: 0.24685739543695506
Equivalence Class Statistics:
 - Number of Classes: 8
 - Average Class Size: 40.0
Suppression Statistics:
 - Suppressed Records: 16
 - Suppression Percentage: 4.76%
2025-05-08 18:52:06,092 - INFO - Anonymized data saved to: /mnt/NVMETank/Projects/Students/Dele/A-STUDY-INTO-THE-QUALITY-AND-USABILITY-OF-PRIVACY-FRIENDLY-SYNTHETIC-DATA/datasets/anonymized/loan_k15_l15_sup05_anonymized.csv
2025-05-08 18:52:06,104 - INFO - Anonymous data report saved at: outputs/batch/loan_batch_2025-05-08_18-38-44/loan_anon_k15_sl0p05_l15/anonymous_data_report.txt
2025-05-08 18:52:06,104 - INFO -  [POSTPROCESSING] Postprocessing anonymized data: /mnt/NVMETank/Projects/Students/Dele/A-STUDY-INTO-THE-QUALITY-AND-USABILITY-OF-PRIVACY-FRIENDLY-SYNTHETIC-DATA/datasets/anonymized/loan_k15_l15_sup05_anonymized.csv
2025-05-08 18:52:06,106 - INFO -  [POSTPROCESSING] Loaded anonymized data: (336, 12)
2025-05-08 18:52:06,112 - INFO -  [POSTPROCESSING] Loaded fallback maps from training data. Categorical cols: 7, Numeric cols: 5
2025-05-08 18:52:06,112 - INFO -  [POSTPROCESSING] Normalizing anonymized data using ARX artifact cleaning and fallback values.
2025-05-08 18:52:06,134 - INFO -  [POSTPROCESSING] Normalized anonymized data saved to: /mnt/NVMETank/Projects/Students/Dele/A-STUDY-INTO-THE-QUALITY-AND-USABILITY-OF-PRIVACY-FRIENDLY-SYNTHETIC-DATA/datasets/anonymized/loan_k15_l15_sup05_anonymized_processed.csv
2025-05-08 18:52:06,145 - INFO -  [POSTPROCESSING] Binary Encoding applied to anonymized data. Encoded shape: (336, 19)
2025-05-08 18:52:06,148 - INFO -  [POSTPROCESSING] Encoded anonymized dataset saved to: /mnt/NVMETank/Projects/Students/Dele/A-STUDY-INTO-THE-QUALITY-AND-USABILITY-OF-PRIVACY-FRIENDLY-SYNTHETIC-DATA/datasets/anonymized/loan_k15_l15_sup05_anonymized_encoded.csv
2025-05-08 18:52:06,148 - INFO -  [POSTPROCESSING] Encoding map generated for anonymized data: 0 original categorical columns.
2025-05-08 18:52:06,149 - INFO - Postprocessing report saved at: outputs/batch/loan_batch_2025-05-08_18-38-44/loan_anon_k15_sl0p05_l15/postprocessing_report.txt
2025-05-08 18:52:06,149 - INFO - enable_synthetic_generation = False
2025-05-08 18:52:06,149 - INFO - Synthetic Data Generation Skipped (Disabled in Configuration).
2025-05-08 18:52:06,149 - INFO - Running Hybrid Pipeline...
2025-05-08 18:52:06,149 - INFO -  [HYBRID] Executing run_hybrid...
2025-05-08 18:52:06,149 - INFO -  [HYBRID] Looking for encoded anonymized data in /mnt/NVMETank/Projects/Students/Dele/A-STUDY-INTO-THE-QUALITY-AND-USABILITY-OF-PRIVACY-FRIENDLY-SYNTHETIC-DATA/datasets/anonymized/loan_k15_l15_sup05_anonymized_encoded.csv
2025-05-08 18:52:06,149 - INFO -  [HYBRID ] Loaded cached encoded anonymous data from /mnt/NVMETank/Projects/Students/Dele/A-STUDY-INTO-THE-QUALITY-AND-USABILITY-OF-PRIVACY-FRIENDLY-SYNTHETIC-DATA/datasets/anonymized/loan_k15_l15_sup05_anonymized_encoded.csv
2025-05-08 18:52:06,151 - INFO -  [HYBRID] Starting synthetic generation for hybrid pipeline...
2025-05-08 18:52:06,151 - INFO - Executing run_synthetic.....
2025-05-08 18:52:06,151 - INFO - [SYNTHETIC PIPELINE] executing run_synthetic for loan_k15_l15_sup05...
2025-05-08 18:52:06,152 - INFO - [SYNTHETIC] Processing dataset: loan_k15_l15_sup05
2025-05-08 18:52:06,152 - INFO - [SYNTHETIC] Original dataset size: 336 rows
2025-05-08 18:52:06,168 - INFO - Detected metadata:
2025-05-08 18:52:06,169 - INFO - {
    "columns": {
        "Gender_0": {
            "sdtype": "categorical"
        },
        "Gender_1": {
            "sdtype": "categorical"
        },
        "Married_0": {
            "sdtype": "categorical"
        },
        "Married_1": {
            "sdtype": "categorical"
        },
        "Dependents_0": {
            "sdtype": "categorical"
        },
        "Dependents_1": {
            "sdtype": "categorical"
        },
        "Dependents_2": {
            "sdtype": "categorical"
        },
        "Education_0": {
            "sdtype": "categorical"
        },
        "Education_1": {
            "sdtype": "categorical"
        },
        "Self_Employed_0": {
            "sdtype": "categorical"
        },
        "Self_Employed_1": {
            "sdtype": "categorical"
        },
        "ApplicantIncome": {
            "sdtype": "numerical"
        },
        "CoapplicantIncome": {
            "sdtype": "numerical"
        },
        "LoanAmount": {
            "sdtype": "numerical"
        },
        "Loan_Amount_Term": {
            "sdtype": "categorical"
        },
        "Credit_History": {
            "sdtype": "categorical"
        },
        "Property_Area_0": {
            "sdtype": "categorical"
        },
        "Property_Area_1": {
            "sdtype": "categorical"
        },
        "Loan_Status": {
            "sdtype": "categorical"
        }
    },
    "METADATA_SPEC_VERSION": "SINGLE_TABLE_V1"
}
2025-05-08 18:52:06,171 - INFO - [SYNTHETIC] Preparing synthesizer: CTGAN
2025-05-08 18:52:06,171 - INFO - [SYNTHETIC] Params from config: {'epochs': 300}
2025-05-08 18:52:06,171 - INFO -  [SYNTHETIC] No pre-trained synthesizer found
2025-05-08 18:52:06,171 - INFO - [SYNTHETIC] Training new CTGAN synthesizer from scratch...
2025-05-08 18:52:06,171 - WARNING - [FutureWarning] The 'SingleTableMetadata' is deprecated. Please use the new 'Metadata' class for synthesizers. (from /mnt/NVMETank/Projects/Students/Dele/A-STUDY-INTO-THE-QUALITY-AND-USABILITY-OF-PRIVACY-FRIENDLY-SYNTHETIC-DATA/.venv/lib/python3.12/site-packages/sdv/single_table/base.py:119)
2025-05-08 18:52:06,172 - WARNING - [UserWarning] We strongly recommend saving the metadata using 'save_to_json' for replicability in future SDV versions. (from /mnt/NVMETank/Projects/Students/Dele/A-STUDY-INTO-THE-QUALITY-AND-USABILITY-OF-PRIVACY-FRIENDLY-SYNTHETIC-DATA/.venv/lib/python3.12/site-packages/sdv/single_table/base.py:104)
2025-05-08 18:52:06,179 - INFO - {'EVENT': 'Instance', 'TIMESTAMP': datetime.datetime(2025, 5, 8, 18, 52, 6, 179852), 'SYNTHESIZER CLASS NAME': 'CTGANSynthesizer', 'SYNTHESIZER ID': 'CTGANSynthesizer_1.18.0_89dee388a3824f0db6245977a06ca5f2'}
2025-05-08 18:52:06,180 - INFO - [SYNTHETIC] CTGAN initialized with epochs: 300
2025-05-08 18:52:06,180 - INFO - [SYNTHETIC] Training parameters for CTGAN: {}
2025-05-08 18:52:06,180 - INFO - [SYNTHETIC] fitting CTGAN 
2025-05-08 18:52:06,180 - INFO - {'EVENT': 'Fit', 'TIMESTAMP': datetime.datetime(2025, 5, 8, 18, 52, 6, 180408), 'SYNTHESIZER CLASS NAME': 'CTGANSynthesizer', 'SYNTHESIZER ID': 'CTGANSynthesizer_1.18.0_89dee388a3824f0db6245977a06ca5f2', 'TOTAL NUMBER OF TABLES': 1, 'TOTAL NUMBER OF ROWS': 336, 'TOTAL NUMBER OF COLUMNS': 19}
2025-05-08 18:52:06,182 - INFO - Fitting table  metadata
2025-05-08 18:52:06,183 - INFO - Fitting formatters for table 
2025-05-08 18:52:06,185 - INFO - Fitting constraints for table 
2025-05-08 18:52:06,186 - INFO - Setting the configuration for the ``HyperTransformer`` for table 
2025-05-08 18:52:06,188 - INFO - Fitting HyperTransformer for table 
2025-05-08 18:52:06,210 - INFO - {'EVENT': 'Fit processed data', 'TIMESTAMP': datetime.datetime(2025, 5, 8, 18, 52, 6, 210610), 'SYNTHESIZER CLASS NAME': 'CTGANSynthesizer', 'SYNTHESIZER ID': 'CTGANSynthesizer_1.18.0_89dee388a3824f0db6245977a06ca5f2', 'TOTAL NUMBER OF TABLES': 1, 'TOTAL NUMBER OF ROWS': 336, 'TOTAL NUMBER OF COLUMNS': 19}
2025-05-08 18:52:06,249 - INFO - Guidance: There are no missing values in column ApplicantIncome. Extra column not created.
2025-05-08 18:52:06,358 - INFO - Guidance: There are no missing values in column CoapplicantIncome. Extra column not created.
2025-05-08 18:52:06,391 - INFO - Guidance: There are no missing values in column LoanAmount. Extra column not created.
2025-05-08 18:52:29,040 - INFO - [SYNTHETIC] Fitting complete for CTGAN. Duration: 22.86 seconds.
2025-05-08 18:52:29,040 - INFO - [SYNTHETIC] CONFIRMATION CTGAN actually trained with epochs = 300
2025-05-08 18:52:29,040 - INFO - {'EVENT': 'Save', 'TIMESTAMP': datetime.datetime(2025, 5, 8, 18, 52, 29, 40482), 'SYNTHESIZER CLASS NAME': 'CTGANSynthesizer', 'SYNTHESIZER ID': 'CTGANSynthesizer_1.18.0_89dee388a3824f0db6245977a06ca5f2'}
2025-05-08 18:52:29,076 - INFO - [SYNTHETIC] CTGAN trained and saved.
2025-05-08 18:52:29,076 - INFO - [SYNTHETIC] Preparing synthesizer: GaussianCopula
2025-05-08 18:52:29,076 - INFO - [SYNTHETIC] Params from config: {}
2025-05-08 18:52:29,076 - INFO -  [SYNTHETIC] No pre-trained synthesizer found
2025-05-08 18:52:29,076 - INFO - [SYNTHETIC] Training new GaussianCopula synthesizer from scratch...
2025-05-08 18:52:29,076 - WARNING - [FutureWarning] The 'SingleTableMetadata' is deprecated. Please use the new 'Metadata' class for synthesizers. (from /mnt/NVMETank/Projects/Students/Dele/A-STUDY-INTO-THE-QUALITY-AND-USABILITY-OF-PRIVACY-FRIENDLY-SYNTHETIC-DATA/.venv/lib/python3.12/site-packages/sdv/single_table/base.py:119)
2025-05-08 18:52:29,078 - INFO - {'EVENT': 'Instance', 'TIMESTAMP': datetime.datetime(2025, 5, 8, 18, 52, 29, 78965), 'SYNTHESIZER CLASS NAME': 'GaussianCopulaSynthesizer', 'SYNTHESIZER ID': 'GaussianCopulaSynthesizer_1.18.0_607e64c9145944ce94242e849c5b2a0f'}
2025-05-08 18:52:29,079 - INFO - [SYNTHETIC] fitting GaussianCopula 
2025-05-08 18:52:29,079 - INFO - {'EVENT': 'Fit', 'TIMESTAMP': datetime.datetime(2025, 5, 8, 18, 52, 29, 79127), 'SYNTHESIZER CLASS NAME': 'GaussianCopulaSynthesizer', 'SYNTHESIZER ID': 'GaussianCopulaSynthesizer_1.18.0_607e64c9145944ce94242e849c5b2a0f', 'TOTAL NUMBER OF TABLES': 1, 'TOTAL NUMBER OF ROWS': 336, 'TOTAL NUMBER OF COLUMNS': 19}
2025-05-08 18:52:29,080 - INFO - Fitting table  metadata
2025-05-08 18:52:29,080 - INFO - Fitting formatters for table 
2025-05-08 18:52:29,082 - INFO - Fitting constraints for table 
2025-05-08 18:52:29,082 - INFO - Setting the configuration for the ``HyperTransformer`` for table 
2025-05-08 18:52:29,088 - INFO - Fitting HyperTransformer for table 
2025-05-08 18:52:29,189 - INFO - {'EVENT': 'Fit processed data', 'TIMESTAMP': datetime.datetime(2025, 5, 8, 18, 52, 29, 189850), 'SYNTHESIZER CLASS NAME': 'GaussianCopulaSynthesizer', 'SYNTHESIZER ID': 'GaussianCopulaSynthesizer_1.18.0_607e64c9145944ce94242e849c5b2a0f', 'TOTAL NUMBER OF TABLES': 1, 'TOTAL NUMBER OF ROWS': 336, 'TOTAL NUMBER OF COLUMNS': 19}
2025-05-08 18:52:29,190 - INFO - Fitting GaussianMultivariate(distribution="{'Gender_0': <class 'copulas.univariate.beta.BetaUnivariate'>, 'Gender_1': <class 'copulas.univariate.beta.BetaUnivariate'>, 'Married_0': <class 'copulas.univariate.beta.BetaUnivariate'>, 'Married_1': <class 'copulas.univariate.beta.BetaUnivariate'>, 'Dependents_0': <class 'copulas.univariate.beta.BetaUnivariate'>, 'Dependents_1': <class 'copulas.univariate.beta.BetaUnivariate'>, 'Dependents_2': <class 'copulas.univariate.beta.BetaUnivariate'>, 'Education_0': <class 'copulas.univariate.beta.BetaUnivariate'>, 'Education_1': <class 'copulas.univariate.beta.BetaUnivariate'>, 'Self_Employed_0': <class 'copulas.univariate.beta.BetaUnivariate'>, 'Self_Employed_1': <class 'copulas.univariate.beta.BetaUnivariate'>, 'ApplicantIncome': <class 'copulas.univariate.beta.BetaUnivariate'>, 'CoapplicantIncome': <class 'copulas.univariate.beta.BetaUnivariate'>, 'LoanAmount': <class 'copulas.univariate.beta.BetaUnivariate'>, 'Loan_Amount_Term': <class 'copulas.univariate.beta.BetaUnivariate'>, 'Credit_History': <class 'copulas.univariate.beta.BetaUnivariate'>, 'Property_Area_0': <class 'copulas.univariate.beta.BetaUnivariate'>, 'Property_Area_1': <class 'copulas.univariate.beta.BetaUnivariate'>, 'Loan_Status': <class 'copulas.univariate.beta.BetaUnivariate'>}")
2025-05-08 18:52:29,950 - INFO - [SYNTHETIC] Fitting complete for GaussianCopula. Duration: 0.87 seconds.
2025-05-08 18:52:29,950 - WARNING - [SYNTHETIC] WARNING Could not determine actual epochs used for GaussianCopula
2025-05-08 18:52:29,950 - INFO - {'EVENT': 'Save', 'TIMESTAMP': datetime.datetime(2025, 5, 8, 18, 52, 29, 950545), 'SYNTHESIZER CLASS NAME': 'GaussianCopulaSynthesizer', 'SYNTHESIZER ID': 'GaussianCopulaSynthesizer_1.18.0_607e64c9145944ce94242e849c5b2a0f'}
2025-05-08 18:52:29,961 - INFO - [SYNTHETIC] GaussianCopula trained and saved.
2025-05-08 18:52:29,961 - INFO - [SYNTHETIC] Preparing synthesizer: TVAE
2025-05-08 18:52:29,961 - INFO - [SYNTHETIC] Params from config: {'epochs': 300}
2025-05-08 18:52:29,961 - INFO -  [SYNTHETIC] No pre-trained synthesizer found
2025-05-08 18:52:29,961 - INFO - [SYNTHETIC] Training new TVAE synthesizer from scratch...
2025-05-08 18:52:29,961 - WARNING - [FutureWarning] The 'SingleTableMetadata' is deprecated. Please use the new 'Metadata' class for synthesizers. (from /mnt/NVMETank/Projects/Students/Dele/A-STUDY-INTO-THE-QUALITY-AND-USABILITY-OF-PRIVACY-FRIENDLY-SYNTHETIC-DATA/.venv/lib/python3.12/site-packages/sdv/single_table/base.py:119)
2025-05-08 18:52:29,963 - INFO - {'EVENT': 'Instance', 'TIMESTAMP': datetime.datetime(2025, 5, 8, 18, 52, 29, 963925), 'SYNTHESIZER CLASS NAME': 'TVAESynthesizer', 'SYNTHESIZER ID': 'TVAESynthesizer_1.18.0_759df72f03e24cf58b4302eda38591cf'}
2025-05-08 18:52:29,964 - INFO - [SYNTHETIC] TVAE initialized with epochs: 300
2025-05-08 18:52:29,964 - INFO - [SYNTHETIC] Training parameters for TVAE: {}
2025-05-08 18:52:29,964 - INFO - [SYNTHETIC] fitting TVAE 
2025-05-08 18:52:29,964 - INFO - {'EVENT': 'Fit', 'TIMESTAMP': datetime.datetime(2025, 5, 8, 18, 52, 29, 964128), 'SYNTHESIZER CLASS NAME': 'TVAESynthesizer', 'SYNTHESIZER ID': 'TVAESynthesizer_1.18.0_759df72f03e24cf58b4302eda38591cf', 'TOTAL NUMBER OF TABLES': 1, 'TOTAL NUMBER OF ROWS': 336, 'TOTAL NUMBER OF COLUMNS': 19}
2025-05-08 18:52:29,965 - INFO - Fitting table  metadata
2025-05-08 18:52:29,965 - INFO - Fitting formatters for table 
2025-05-08 18:52:29,968 - INFO - Fitting constraints for table 
2025-05-08 18:52:29,968 - INFO - Setting the configuration for the ``HyperTransformer`` for table 
2025-05-08 18:52:29,970 - INFO - Fitting HyperTransformer for table 
2025-05-08 18:52:29,984 - INFO - {'EVENT': 'Fit processed data', 'TIMESTAMP': datetime.datetime(2025, 5, 8, 18, 52, 29, 984667), 'SYNTHESIZER CLASS NAME': 'TVAESynthesizer', 'SYNTHESIZER ID': 'TVAESynthesizer_1.18.0_759df72f03e24cf58b4302eda38591cf', 'TOTAL NUMBER OF TABLES': 1, 'TOTAL NUMBER OF ROWS': 336, 'TOTAL NUMBER OF COLUMNS': 19}
2025-05-08 18:52:30,002 - INFO - Guidance: There are no missing values in column ApplicantIncome. Extra column not created.
2025-05-08 18:52:30,094 - INFO - Guidance: There are no missing values in column CoapplicantIncome. Extra column not created.
2025-05-08 18:52:30,127 - INFO - Guidance: There are no missing values in column LoanAmount. Extra column not created.
2025-05-08 18:52:32,772 - INFO - [SYNTHETIC] Fitting complete for TVAE. Duration: 2.81 seconds.
2025-05-08 18:52:32,772 - INFO - [SYNTHETIC] CONFIRMATION TVAE actually trained with epochs = 300
2025-05-08 18:52:32,772 - INFO - {'EVENT': 'Save', 'TIMESTAMP': datetime.datetime(2025, 5, 8, 18, 52, 32, 772867), 'SYNTHESIZER CLASS NAME': 'TVAESynthesizer', 'SYNTHESIZER ID': 'TVAESynthesizer_1.18.0_759df72f03e24cf58b4302eda38591cf'}
2025-05-08 18:52:32,798 - INFO - [SYNTHETIC] TVAE trained and saved.
2025-05-08 18:52:32,798 - INFO - [SYNTHETIC] Using CTGAN to generate 336 rows...
2025-05-08 18:52:32,856 - INFO - {'EVENT': 'Sample', 'TIMESTAMP': datetime.datetime(2025, 5, 8, 18, 52, 32, 798706), 'SYNTHESIZER CLASS NAME': 'CTGANSynthesizer', 'SYNTHESIZER ID': 'CTGANSynthesizer_1.18.0_89dee388a3824f0db6245977a06ca5f2', 'TOTAL NUMBER OF TABLES': 1, 'TOTAL NUMBER OF ROWS': 336, 'TOTAL NUMBER OF COLUMNS': 19}
2025-05-08 18:52:32,856 - INFO - [SYNTHETIC] CTGAN completed: 336 rows generated.
2025-05-08 18:52:32,856 - INFO - [SYNTHETIC] Target class distribution for CTGAN: {'Y': 258, 'N': 78}
2025-05-08 18:52:32,857 - INFO - [SYNTHETIC] Using GaussianCopula to generate 336 rows...
2025-05-08 18:52:32,934 - INFO - {'EVENT': 'Sample', 'TIMESTAMP': datetime.datetime(2025, 5, 8, 18, 52, 32, 857115), 'SYNTHESIZER CLASS NAME': 'GaussianCopulaSynthesizer', 'SYNTHESIZER ID': 'GaussianCopulaSynthesizer_1.18.0_607e64c9145944ce94242e849c5b2a0f', 'TOTAL NUMBER OF TABLES': 1, 'TOTAL NUMBER OF ROWS': 336, 'TOTAL NUMBER OF COLUMNS': 19}
2025-05-08 18:52:32,935 - INFO - [SYNTHETIC] GaussianCopula completed: 336 rows generated.
2025-05-08 18:52:32,935 - INFO - [SYNTHETIC] Target class distribution for GaussianCopula: {'Y': 228, 'N': 108}
2025-05-08 18:52:32,935 - INFO - [SYNTHETIC] Using TVAE to generate 336 rows...
2025-05-08 18:52:32,979 - INFO - {'EVENT': 'Sample', 'TIMESTAMP': datetime.datetime(2025, 5, 8, 18, 52, 32, 935475), 'SYNTHESIZER CLASS NAME': 'TVAESynthesizer', 'SYNTHESIZER ID': 'TVAESynthesizer_1.18.0_759df72f03e24cf58b4302eda38591cf', 'TOTAL NUMBER OF TABLES': 1, 'TOTAL NUMBER OF ROWS': 336, 'TOTAL NUMBER OF COLUMNS': 19}
2025-05-08 18:52:32,979 - INFO - [SYNTHETIC] TVAE completed: 336 rows generated.
2025-05-08 18:52:32,979 - INFO - [SYNTHETIC] Target class distribution for TVAE: {'Y': 332, 'N': 4}
2025-05-08 18:52:32,980 - INFO - [SYNTHETIC PIPELINE] Synthetic Data Generation Completed.
2025-05-08 18:52:32,980 - INFO - [SYNTHETIC PIPELINE] Synthesizers used: ['CTGAN', 'GaussianCopula', 'TVAE']
2025-05-08 18:52:32,980 - INFO - [SYNTHETIC PIPELINE] Evaluating synthetic dataset generated by CTGAN...
2025-05-08 18:52:32,980 - INFO - [SYNTHETIC EVAL] Real data columns     (19): ['Gender_0', 'Gender_1', 'Married_0', 'Married_1', 'Dependents_0', 'Dependents_1', 'Dependents_2', 'Education_0', 'Education_1', 'Self_Employed_0', 'Self_Employed_1', 'ApplicantIncome', 'CoapplicantIncome', 'LoanAmount', 'Loan_Amount_Term', 'Credit_History', 'Property_Area_0', 'Property_Area_1', 'Loan_Status']
2025-05-08 18:52:32,980 - INFO - [SYNTHETIC EVAL] Synthetic data columns (19): ['Gender_0', 'Gender_1', 'Married_0', 'Married_1', 'Dependents_0', 'Dependents_1', 'Dependents_2', 'Education_0', 'Education_1', 'Self_Employed_0', 'Self_Employed_1', 'ApplicantIncome', 'CoapplicantIncome', 'LoanAmount', 'Loan_Amount_Term', 'Credit_History', 'Property_Area_0', 'Property_Area_1', 'Loan_Status']
2025-05-08 18:52:32,980 - INFO - [SYNTHETIC EVAL] Metadata columns      (19): ['Gender_0', 'Gender_1', 'Married_0', 'Married_1', 'Dependents_0', 'Dependents_1', 'Dependents_2', 'Education_0', 'Education_1', 'Self_Employed_0', 'Self_Employed_1', 'ApplicantIncome', 'CoapplicantIncome', 'LoanAmount', 'Loan_Amount_Term', 'Credit_History', 'Property_Area_0', 'Property_Area_1', 'Loan_Status']
2025-05-08 18:52:32,980 - INFO - [SYNTHETIC EVAL] Shape — Real: (336, 19), Synthetic: (336, 19)
2025-05-08 18:52:32,980 - INFO - [SYNTHETIC EVAL] Metadata structure:
{
  "columns": {
    "Gender_0": {
      "sdtype": "categorical"
    },
    "Gender_1": {
      "sdtype": "categorical"
    },
    "Married_0": {
      "sdtype": "categorical"
    },
    "Married_1": {
      "sdtype": "categorical"
    },
    "Dependents_0": {
      "sdtype": "categorical"
    },
    "Dependents_1": {
      "sdtype": "categorical"
    },
    "Dependents_2": {
      "sdtype": "categorical"
    },
    "Education_0": {
      "sdtype": "categorical"
    },
    "Education_1": {
      "sdtype": "categorical"
    },
    "Self_Employed_0": {
      "sdtype": "categorical"
    },
    "Self_Employed_1": {
      "sdtype": "categorical"
    },
    "ApplicantIncome": {
      "sdtype": "numerical"
    },
    "CoapplicantIncome": {
      "sdtype": "numerical"
    },
    "LoanAmount": {
      "sdtype": "numerical"
    },
    "Loan_Amount_Term": {
      "sdtype": "categorical"
    },
    "Credit_History": {
      "sdtype": "categorical"
    },
    "Property_Area_0": {
      "sdtype": "categorical"
    },
    "Property_Area_1": {
      "sdtype": "categorical"
    },
    "Loan_Status": {
      "sdtype": "categorical"
    }
  },
  "METADATA_SPEC_VERSION": "SINGLE_TABLE_V1"
}
2025-05-08 18:52:33,442 - INFO - [SYNTHETIC PIPELINE] Evaluating synthetic dataset generated by GaussianCopula...
2025-05-08 18:52:33,442 - INFO - [SYNTHETIC EVAL] Real data columns     (19): ['Gender_0', 'Gender_1', 'Married_0', 'Married_1', 'Dependents_0', 'Dependents_1', 'Dependents_2', 'Education_0', 'Education_1', 'Self_Employed_0', 'Self_Employed_1', 'ApplicantIncome', 'CoapplicantIncome', 'LoanAmount', 'Loan_Amount_Term', 'Credit_History', 'Property_Area_0', 'Property_Area_1', 'Loan_Status']
2025-05-08 18:52:33,442 - INFO - [SYNTHETIC EVAL] Synthetic data columns (19): ['Gender_0', 'Gender_1', 'Married_0', 'Married_1', 'Dependents_0', 'Dependents_1', 'Dependents_2', 'Education_0', 'Education_1', 'Self_Employed_0', 'Self_Employed_1', 'ApplicantIncome', 'CoapplicantIncome', 'LoanAmount', 'Loan_Amount_Term', 'Credit_History', 'Property_Area_0', 'Property_Area_1', 'Loan_Status']
2025-05-08 18:52:33,442 - INFO - [SYNTHETIC EVAL] Metadata columns      (19): ['Gender_0', 'Gender_1', 'Married_0', 'Married_1', 'Dependents_0', 'Dependents_1', 'Dependents_2', 'Education_0', 'Education_1', 'Self_Employed_0', 'Self_Employed_1', 'ApplicantIncome', 'CoapplicantIncome', 'LoanAmount', 'Loan_Amount_Term', 'Credit_History', 'Property_Area_0', 'Property_Area_1', 'Loan_Status']
2025-05-08 18:52:33,442 - INFO - [SYNTHETIC EVAL] Shape — Real: (336, 19), Synthetic: (336, 19)
2025-05-08 18:52:33,442 - INFO - [SYNTHETIC EVAL] Metadata structure:
{
  "columns": {
    "Gender_0": {
      "sdtype": "categorical"
    },
    "Gender_1": {
      "sdtype": "categorical"
    },
    "Married_0": {
      "sdtype": "categorical"
    },
    "Married_1": {
      "sdtype": "categorical"
    },
    "Dependents_0": {
      "sdtype": "categorical"
    },
    "Dependents_1": {
      "sdtype": "categorical"
    },
    "Dependents_2": {
      "sdtype": "categorical"
    },
    "Education_0": {
      "sdtype": "categorical"
    },
    "Education_1": {
      "sdtype": "categorical"
    },
    "Self_Employed_0": {
      "sdtype": "categorical"
    },
    "Self_Employed_1": {
      "sdtype": "categorical"
    },
    "ApplicantIncome": {
      "sdtype": "numerical"
    },
    "CoapplicantIncome": {
      "sdtype": "numerical"
    },
    "LoanAmount": {
      "sdtype": "numerical"
    },
    "Loan_Amount_Term": {
      "sdtype": "categorical"
    },
    "Credit_History": {
      "sdtype": "categorical"
    },
    "Property_Area_0": {
      "sdtype": "categorical"
    },
    "Property_Area_1": {
      "sdtype": "categorical"
    },
    "Loan_Status": {
      "sdtype": "categorical"
    }
  },
  "METADATA_SPEC_VERSION": "SINGLE_TABLE_V1"
}
2025-05-08 18:52:33,839 - INFO - [SYNTHETIC PIPELINE] Evaluating synthetic dataset generated by TVAE...
2025-05-08 18:52:33,839 - INFO - [SYNTHETIC EVAL] Real data columns     (19): ['Gender_0', 'Gender_1', 'Married_0', 'Married_1', 'Dependents_0', 'Dependents_1', 'Dependents_2', 'Education_0', 'Education_1', 'Self_Employed_0', 'Self_Employed_1', 'ApplicantIncome', 'CoapplicantIncome', 'LoanAmount', 'Loan_Amount_Term', 'Credit_History', 'Property_Area_0', 'Property_Area_1', 'Loan_Status']
2025-05-08 18:52:33,839 - INFO - [SYNTHETIC EVAL] Synthetic data columns (19): ['Gender_0', 'Gender_1', 'Married_0', 'Married_1', 'Dependents_0', 'Dependents_1', 'Dependents_2', 'Education_0', 'Education_1', 'Self_Employed_0', 'Self_Employed_1', 'ApplicantIncome', 'CoapplicantIncome', 'LoanAmount', 'Loan_Amount_Term', 'Credit_History', 'Property_Area_0', 'Property_Area_1', 'Loan_Status']
2025-05-08 18:52:33,839 - INFO - [SYNTHETIC EVAL] Metadata columns      (19): ['Gender_0', 'Gender_1', 'Married_0', 'Married_1', 'Dependents_0', 'Dependents_1', 'Dependents_2', 'Education_0', 'Education_1', 'Self_Employed_0', 'Self_Employed_1', 'ApplicantIncome', 'CoapplicantIncome', 'LoanAmount', 'Loan_Amount_Term', 'Credit_History', 'Property_Area_0', 'Property_Area_1', 'Loan_Status']
2025-05-08 18:52:33,839 - INFO - [SYNTHETIC EVAL] Shape — Real: (336, 19), Synthetic: (336, 19)
2025-05-08 18:52:33,840 - INFO - [SYNTHETIC EVAL] Metadata structure:
{
  "columns": {
    "Gender_0": {
      "sdtype": "categorical"
    },
    "Gender_1": {
      "sdtype": "categorical"
    },
    "Married_0": {
      "sdtype": "categorical"
    },
    "Married_1": {
      "sdtype": "categorical"
    },
    "Dependents_0": {
      "sdtype": "categorical"
    },
    "Dependents_1": {
      "sdtype": "categorical"
    },
    "Dependents_2": {
      "sdtype": "categorical"
    },
    "Education_0": {
      "sdtype": "categorical"
    },
    "Education_1": {
      "sdtype": "categorical"
    },
    "Self_Employed_0": {
      "sdtype": "categorical"
    },
    "Self_Employed_1": {
      "sdtype": "categorical"
    },
    "ApplicantIncome": {
      "sdtype": "numerical"
    },
    "CoapplicantIncome": {
      "sdtype": "numerical"
    },
    "LoanAmount": {
      "sdtype": "numerical"
    },
    "Loan_Amount_Term": {
      "sdtype": "categorical"
    },
    "Credit_History": {
      "sdtype": "categorical"
    },
    "Property_Area_0": {
      "sdtype": "categorical"
    },
    "Property_Area_1": {
      "sdtype": "categorical"
    },
    "Loan_Status": {
      "sdtype": "categorical"
    }
  },
  "METADATA_SPEC_VERSION": "SINGLE_TABLE_V1"
}
2025-05-08 18:52:34,214 - INFO -  [SYNTHETIC PIPELINE]  Synthetic Data Evaluation Completed.
2025-05-08 18:52:34,221 - INFO -  [SYNTHETIC PIPELINE] Synthetic Data Report Generated Successfully.
2025-05-08 18:52:34,319 - INFO - [HYBRID] Generated hybrid dataset shape for CTGAN: (336, 19)
2025-05-08 18:52:34,319 - INFO - [HYBRID] Target distribution for CTGAN: {'Y': 258, 'N': 78}
2025-05-08 18:52:34,321 - INFO -  [HYBRID] Saved hybrid dataset to /mnt/NVMETank/Projects/Students/Dele/A-STUDY-INTO-THE-QUALITY-AND-USABILITY-OF-PRIVACY-FRIENDLY-SYNTHETIC-DATA/datasets/hybrid/loan_k15_l15_sup05_CTGAN_HYBRID.csv
2025-05-08 18:52:34,321 - INFO - [HYBRID] Generated hybrid dataset shape for GaussianCopula: (336, 19)
2025-05-08 18:52:34,322 - INFO - [HYBRID] Target distribution for GaussianCopula: {'Y': 228, 'N': 108}
2025-05-08 18:52:34,323 - INFO -  [HYBRID] Saved hybrid dataset to /mnt/NVMETank/Projects/Students/Dele/A-STUDY-INTO-THE-QUALITY-AND-USABILITY-OF-PRIVACY-FRIENDLY-SYNTHETIC-DATA/datasets/hybrid/loan_k15_l15_sup05_GaussianCopula_HYBRID.csv
2025-05-08 18:52:34,323 - INFO - [HYBRID] Generated hybrid dataset shape for TVAE: (336, 19)
2025-05-08 18:52:34,324 - INFO - [HYBRID] Target distribution for TVAE: {'Y': 332, 'N': 4}
2025-05-08 18:52:34,325 - INFO -  [HYBRID] Saved hybrid dataset to /mnt/NVMETank/Projects/Students/Dele/A-STUDY-INTO-THE-QUALITY-AND-USABILITY-OF-PRIVACY-FRIENDLY-SYNTHETIC-DATA/datasets/hybrid/loan_k15_l15_sup05_TVAE_HYBRID.csv
2025-05-08 18:52:34,325 - INFO -  [HYBRID] Hybrid pipeline complete — 3 dataset(s) ready.
2025-05-08 18:52:34,325 - INFO - [HYBRID] Total rows across all hybrid datasets: 1008
2025-05-08 18:52:34,325 - INFO - Hybrid pipeline completed successfully.
2025-05-08 18:52:34,325 - INFO - Hybrid pipeline duration: 28.18 seconds
2025-05-08 18:52:34,325 - INFO - Starting Utility...
2025-05-08 18:52:34,326 - INFO - [UTILITY] Preparing datasets for machine learning...
2025-05-08 18:52:34,326 - INFO - [UTILITY] Original Data - Training Size: 336, Testing Size: 144
2025-05-08 18:52:34,326 - INFO - [UTILITY] Target class distribution (Original): {'Y': 232, 'N': 104}
2025-05-08 18:52:34,326 - INFO - [UTILITY] Processing anonymized dataset...
2025-05-08 18:52:34,327 - INFO - [UTILITY] Anonymized Data - Training Size: 336
2025-05-08 18:52:34,327 - INFO - [UTILITY] Target class distribution (Anonymous): {'Y': 232, 'N': 104}
2025-05-08 18:52:34,327 - INFO - [UTILITY] Processing hybrid dataset generated by CTGAN...
2025-05-08 18:52:34,327 - INFO - [UTILITY] Hybrid Data (CTGAN_HYBRID) - Training Size: 336
2025-05-08 18:52:34,328 - INFO - [UTILITY] Target class distribution (CTGAN_HYBRID): {'Y': 258, 'N': 78}
2025-05-08 18:52:34,328 - INFO - [UTILITY] Processing hybrid dataset generated by GaussianCopula...
2025-05-08 18:52:34,328 - INFO - [UTILITY] Hybrid Data (GaussianCopula_HYBRID) - Training Size: 336
2025-05-08 18:52:34,328 - INFO - [UTILITY] Target class distribution (GaussianCopula_HYBRID): {'Y': 228, 'N': 108}
2025-05-08 18:52:34,329 - INFO - [UTILITY] Processing hybrid dataset generated by TVAE...
2025-05-08 18:52:34,329 - INFO - [UTILITY] Hybrid Data (TVAE_HYBRID) - Training Size: 336
2025-05-08 18:52:34,329 - INFO - [UTILITY] Target class distribution (TVAE_HYBRID): {'Y': 332, 'N': 4}
2025-05-08 18:52:34,329 - INFO - [UTILITY] Training models on all datasets...
2025-05-08 18:52:34,329 - INFO - [UTILITY] Total datasets used for training: 5
2025-05-08 18:52:34,329 - INFO - [TRAINING] Training models from scratch...
2025-05-08 18:52:34,329 - INFO - [TRAINING] Starting training for dataset: Original — Rows: 336, Features: 18
2025-05-08 18:52:34,329 - INFO - [TRAINING] Training DecisionTree on Original...
2025-05-08 18:52:34,332 - INFO - [TRAINING] DecisionTree trained successfully on Original in 0.00 sec
2025-05-08 18:52:34,332 - INFO - [TRAINING] Training KNN on Original...
2025-05-08 18:52:34,333 - INFO - [TRAINING] KNN trained successfully on Original in 0.00 sec
2025-05-08 18:52:34,333 - INFO - [TRAINING] Training LogisticRegression on Original...
2025-05-08 18:52:34,337 - INFO - [TRAINING] LogisticRegression trained successfully on Original in 0.00 sec
2025-05-08 18:52:34,337 - INFO - [TRAINING] Training RandomForest on Original...
2025-05-08 18:52:34,444 - INFO - [TRAINING] RandomForest trained successfully on Original in 0.11 sec
2025-05-08 18:52:34,444 - INFO - [TRAINING] Training SVM on Original...
2025-05-08 18:52:34,448 - INFO - [TRAINING] SVM trained successfully on Original in 0.00 sec
2025-05-08 18:52:34,448 - INFO - [TRAINING] Finished training 5 model(s) for dataset: Original
2025-05-08 18:52:34,448 - INFO - [TRAINING] Starting training for dataset: Anonymous — Rows: 336, Features: 18
2025-05-08 18:52:34,448 - INFO - [TRAINING] Training DecisionTree on Anonymous...
2025-05-08 18:52:34,450 - INFO - [TRAINING] DecisionTree trained successfully on Anonymous in 0.00 sec
2025-05-08 18:52:34,450 - INFO - [TRAINING] Training KNN on Anonymous...
2025-05-08 18:52:34,451 - INFO - [TRAINING] KNN trained successfully on Anonymous in 0.00 sec
2025-05-08 18:52:34,451 - INFO - [TRAINING] Training LogisticRegression on Anonymous...
2025-05-08 18:52:34,455 - INFO - [TRAINING] LogisticRegression trained successfully on Anonymous in 0.00 sec
2025-05-08 18:52:34,455 - INFO - [TRAINING] Training RandomForest on Anonymous...
2025-05-08 18:52:34,542 - INFO - [TRAINING] RandomForest trained successfully on Anonymous in 0.09 sec
2025-05-08 18:52:34,542 - INFO - [TRAINING] Training SVM on Anonymous...
2025-05-08 18:52:34,547 - INFO - [TRAINING] SVM trained successfully on Anonymous in 0.00 sec
2025-05-08 18:52:34,547 - INFO - [TRAINING] Finished training 5 model(s) for dataset: Anonymous
2025-05-08 18:52:34,547 - INFO - [TRAINING] Starting training for dataset: CTGAN_HYBRID — Rows: 336, Features: 18
2025-05-08 18:52:34,547 - INFO - [TRAINING] Training DecisionTree on CTGAN_HYBRID...
2025-05-08 18:52:34,549 - INFO - [TRAINING] DecisionTree trained successfully on CTGAN_HYBRID in 0.00 sec
2025-05-08 18:52:34,549 - INFO - [TRAINING] Training KNN on CTGAN_HYBRID...
2025-05-08 18:52:34,550 - INFO - [TRAINING] KNN trained successfully on CTGAN_HYBRID in 0.00 sec
2025-05-08 18:52:34,550 - INFO - [TRAINING] Training LogisticRegression on CTGAN_HYBRID...
2025-05-08 18:52:34,553 - INFO - [TRAINING] LogisticRegression trained successfully on CTGAN_HYBRID in 0.00 sec
2025-05-08 18:52:34,553 - INFO - [TRAINING] Training RandomForest on CTGAN_HYBRID...
2025-05-08 18:52:34,637 - INFO - [TRAINING] RandomForest trained successfully on CTGAN_HYBRID in 0.08 sec
2025-05-08 18:52:34,637 - INFO - [TRAINING] Training SVM on CTGAN_HYBRID...
2025-05-08 18:52:34,641 - INFO - [TRAINING] SVM trained successfully on CTGAN_HYBRID in 0.00 sec
2025-05-08 18:52:34,642 - INFO - [TRAINING] Finished training 5 model(s) for dataset: CTGAN_HYBRID
2025-05-08 18:52:34,642 - INFO - [TRAINING] Starting training for dataset: GaussianCopula_HYBRID — Rows: 336, Features: 18
2025-05-08 18:52:34,642 - INFO - [TRAINING] Training DecisionTree on GaussianCopula_HYBRID...
2025-05-08 18:52:34,644 - INFO - [TRAINING] DecisionTree trained successfully on GaussianCopula_HYBRID in 0.00 sec
2025-05-08 18:52:34,644 - INFO - [TRAINING] Training KNN on GaussianCopula_HYBRID...
2025-05-08 18:52:34,645 - INFO - [TRAINING] KNN trained successfully on GaussianCopula_HYBRID in 0.00 sec
2025-05-08 18:52:34,645 - INFO - [TRAINING] Training LogisticRegression on GaussianCopula_HYBRID...
2025-05-08 18:52:34,648 - INFO - [TRAINING] LogisticRegression trained successfully on GaussianCopula_HYBRID in 0.00 sec
2025-05-08 18:52:34,648 - INFO - [TRAINING] Training RandomForest on GaussianCopula_HYBRID...
2025-05-08 18:52:34,735 - INFO - [TRAINING] RandomForest trained successfully on GaussianCopula_HYBRID in 0.09 sec
2025-05-08 18:52:34,735 - INFO - [TRAINING] Training SVM on GaussianCopula_HYBRID...
2025-05-08 18:52:34,739 - INFO - [TRAINING] SVM trained successfully on GaussianCopula_HYBRID in 0.00 sec
2025-05-08 18:52:34,739 - INFO - [TRAINING] Finished training 5 model(s) for dataset: GaussianCopula_HYBRID
2025-05-08 18:52:34,739 - INFO - [TRAINING] Starting training for dataset: TVAE_HYBRID — Rows: 336, Features: 18
2025-05-08 18:52:34,739 - INFO - [TRAINING] Training DecisionTree on TVAE_HYBRID...
2025-05-08 18:52:34,740 - INFO - [TRAINING] DecisionTree trained successfully on TVAE_HYBRID in 0.00 sec
2025-05-08 18:52:34,740 - INFO - [TRAINING] Training KNN on TVAE_HYBRID...
2025-05-08 18:52:34,741 - INFO - [TRAINING] KNN trained successfully on TVAE_HYBRID in 0.00 sec
2025-05-08 18:52:34,741 - INFO - [TRAINING] Training LogisticRegression on TVAE_HYBRID...
2025-05-08 18:52:34,744 - INFO - [TRAINING] LogisticRegression trained successfully on TVAE_HYBRID in 0.00 sec
2025-05-08 18:52:34,744 - INFO - [TRAINING] Training RandomForest on TVAE_HYBRID...
2025-05-08 18:52:34,838 - INFO - [TRAINING] RandomForest trained successfully on TVAE_HYBRID in 0.09 sec
2025-05-08 18:52:34,838 - INFO - [TRAINING] Training SVM on TVAE_HYBRID...
2025-05-08 18:52:34,840 - INFO - [TRAINING] SVM trained successfully on TVAE_HYBRID in 0.00 sec
2025-05-08 18:52:34,840 - INFO - [TRAINING] Finished training 5 model(s) for dataset: TVAE_HYBRID
2025-05-08 18:52:34,840 - INFO - [TRAINING] Total models trained across all datasets: 25
2025-05-08 18:52:34,840 - INFO - [UTILITY] Trained model names: ['Original', 'Anonymous', 'CTGAN_HYBRID', 'GaussianCopula_HYBRID', 'TVAE_HYBRID']
2025-05-08 18:52:34,840 - INFO - [UTILITY] Model Training Completed.
2025-05-08 18:52:34,840 - INFO - Starting the Evaluating of models...
2025-05-08 18:52:34,840 - INFO - Preparing evaluation for model 'DecisionTree' across all datasets...
2025-05-08 18:52:34,840 - INFO - Evaluating DecisionTree on Original...
2025-05-08 18:52:34,841 - INFO - Predictions completed for DecisionTree on Original
2025-05-08 18:52:34,842 - INFO - Prediction distribution for DecisionTree on Original: {'Y': 89, 'N': 55}
2025-05-08 18:52:34,850 - INFO - Computed 8 metric(s) for DecisionTree on Original
2025-05-08 18:52:34,850 - INFO - Evaluating DecisionTree on Anonymous...
2025-05-08 18:52:34,851 - INFO - Predictions completed for DecisionTree on Anonymous
2025-05-08 18:52:34,852 - INFO - Prediction distribution for DecisionTree on Anonymous: {'Y': 81, 'N': 63}
2025-05-08 18:52:34,860 - INFO - Computed 8 metric(s) for DecisionTree on Anonymous
2025-05-08 18:52:34,860 - INFO - Evaluating DecisionTree on CTGAN_HYBRID...
2025-05-08 18:52:34,861 - INFO - Predictions completed for DecisionTree on CTGAN_HYBRID
2025-05-08 18:52:34,861 - INFO - Prediction distribution for DecisionTree on CTGAN_HYBRID: {'Y': 111, 'N': 33}
2025-05-08 18:52:34,869 - INFO - Computed 8 metric(s) for DecisionTree on CTGAN_HYBRID
2025-05-08 18:52:34,869 - INFO - Evaluating DecisionTree on GaussianCopula_HYBRID...
2025-05-08 18:52:34,870 - INFO - Predictions completed for DecisionTree on GaussianCopula_HYBRID
2025-05-08 18:52:34,870 - INFO - Prediction distribution for DecisionTree on GaussianCopula_HYBRID: {'Y': 106, 'N': 38}
2025-05-08 18:52:34,878 - INFO - Computed 8 metric(s) for DecisionTree on GaussianCopula_HYBRID
2025-05-08 18:52:34,878 - INFO - Evaluating DecisionTree on TVAE_HYBRID...
2025-05-08 18:52:34,879 - INFO - Predictions completed for DecisionTree on TVAE_HYBRID
2025-05-08 18:52:34,880 - INFO - Prediction distribution for DecisionTree on TVAE_HYBRID: {'Y': 135, 'N': 9}
2025-05-08 18:52:34,888 - INFO - Computed 8 metric(s) for DecisionTree on TVAE_HYBRID
2025-05-08 18:52:34,888 - INFO - Preparing evaluation for model 'KNN' across all datasets...
2025-05-08 18:52:34,888 - INFO - Evaluating KNN on Original...
2025-05-08 18:52:34,895 - INFO - Predictions completed for KNN on Original
2025-05-08 18:52:34,896 - INFO - Prediction distribution for KNN on Original: {'Y': 115, 'N': 29}
2025-05-08 18:52:34,907 - INFO - Computed 8 metric(s) for KNN on Original
2025-05-08 18:52:34,907 - INFO - Evaluating KNN on Anonymous...
2025-05-08 18:52:34,912 - INFO - Predictions completed for KNN on Anonymous
2025-05-08 18:52:34,913 - INFO - Prediction distribution for KNN on Anonymous: {'Y': 114, 'N': 30}
2025-05-08 18:52:34,924 - INFO - Computed 8 metric(s) for KNN on Anonymous
2025-05-08 18:52:34,924 - INFO - Evaluating KNN on CTGAN_HYBRID...
2025-05-08 18:52:34,929 - INFO - Predictions completed for KNN on CTGAN_HYBRID
2025-05-08 18:52:34,930 - INFO - Prediction distribution for KNN on CTGAN_HYBRID: {'Y': 135, 'N': 9}
2025-05-08 18:52:34,941 - INFO - Computed 8 metric(s) for KNN on CTGAN_HYBRID
2025-05-08 18:52:34,941 - INFO - Evaluating KNN on GaussianCopula_HYBRID...
2025-05-08 18:52:34,946 - INFO - Predictions completed for KNN on GaussianCopula_HYBRID
2025-05-08 18:52:34,947 - INFO - Prediction distribution for KNN on GaussianCopula_HYBRID: {'Y': 135, 'N': 9}
2025-05-08 18:52:34,957 - INFO - Computed 8 metric(s) for KNN on GaussianCopula_HYBRID
2025-05-08 18:52:34,957 - INFO - Evaluating KNN on TVAE_HYBRID...
2025-05-08 18:52:34,963 - INFO - Predictions completed for KNN on TVAE_HYBRID
2025-05-08 18:52:34,963 - INFO - Prediction distribution for KNN on TVAE_HYBRID: {'Y': 144}
2025-05-08 18:52:34,964 - WARNING -  [WARNING] :KNN on TVAE_HYBRID predicted only one class: {'Y'}
2025-05-08 18:52:34,965 - WARNING - [UndefinedMetricWarning] Precision is ill-defined and being set to 0.0 in labels with no predicted samples. Use `zero_division` parameter to control this behavior. (from /mnt/NVMETank/Projects/Students/Dele/A-STUDY-INTO-THE-QUALITY-AND-USABILITY-OF-PRIVACY-FRIENDLY-SYNTHETIC-DATA/.venv/lib/python3.12/site-packages/sklearn/metrics/_classification.py:1565)
2025-05-08 18:52:34,967 - WARNING - [UndefinedMetricWarning] Precision is ill-defined and being set to 0.0 in labels with no predicted samples. Use `zero_division` parameter to control this behavior. (from /mnt/NVMETank/Projects/Students/Dele/A-STUDY-INTO-THE-QUALITY-AND-USABILITY-OF-PRIVACY-FRIENDLY-SYNTHETIC-DATA/.venv/lib/python3.12/site-packages/sklearn/metrics/_classification.py:1565)
2025-05-08 18:52:34,968 - WARNING - [UndefinedMetricWarning] Precision is ill-defined and being set to 0.0 in labels with no predicted samples. Use `zero_division` parameter to control this behavior. (from /mnt/NVMETank/Projects/Students/Dele/A-STUDY-INTO-THE-QUALITY-AND-USABILITY-OF-PRIVACY-FRIENDLY-SYNTHETIC-DATA/.venv/lib/python3.12/site-packages/sklearn/metrics/_classification.py:1565)
2025-05-08 18:52:34,975 - INFO - Computed 8 metric(s) for KNN on TVAE_HYBRID
2025-05-08 18:52:34,976 - INFO - Preparing evaluation for model 'LogisticRegression' across all datasets...
2025-05-08 18:52:34,976 - INFO - Evaluating LogisticRegression on Original...
2025-05-08 18:52:34,977 - INFO - Predictions completed for LogisticRegression on Original
2025-05-08 18:52:34,977 - INFO - Prediction distribution for LogisticRegression on Original: {'Y': 115, 'N': 29}
2025-05-08 18:52:34,986 - INFO - Computed 8 metric(s) for LogisticRegression on Original
2025-05-08 18:52:34,986 - INFO - Evaluating LogisticRegression on Anonymous...
2025-05-08 18:52:34,987 - INFO - Predictions completed for LogisticRegression on Anonymous
2025-05-08 18:52:34,988 - INFO - Prediction distribution for LogisticRegression on Anonymous: {'N': 96, 'Y': 48}
2025-05-08 18:52:34,997 - INFO - Computed 8 metric(s) for LogisticRegression on Anonymous
2025-05-08 18:52:34,997 - INFO - Evaluating LogisticRegression on CTGAN_HYBRID...
2025-05-08 18:52:34,998 - INFO - Predictions completed for LogisticRegression on CTGAN_HYBRID
2025-05-08 18:52:34,998 - INFO - Prediction distribution for LogisticRegression on CTGAN_HYBRID: {'Y': 143, 'N': 1}
2025-05-08 18:52:35,008 - INFO - Computed 8 metric(s) for LogisticRegression on CTGAN_HYBRID
2025-05-08 18:52:35,008 - INFO - Evaluating LogisticRegression on GaussianCopula_HYBRID...
2025-05-08 18:52:35,009 - INFO - Predictions completed for LogisticRegression on GaussianCopula_HYBRID
2025-05-08 18:52:35,009 - INFO - Prediction distribution for LogisticRegression on GaussianCopula_HYBRID: {'Y': 142, 'N': 2}
2025-05-08 18:52:35,018 - INFO - Computed 8 metric(s) for LogisticRegression on GaussianCopula_HYBRID
2025-05-08 18:52:35,018 - INFO - Evaluating LogisticRegression on TVAE_HYBRID...
2025-05-08 18:52:35,019 - INFO - Predictions completed for LogisticRegression on TVAE_HYBRID
2025-05-08 18:52:35,020 - INFO - Prediction distribution for LogisticRegression on TVAE_HYBRID: {'Y': 141, 'N': 3}
2025-05-08 18:52:35,028 - INFO - Computed 8 metric(s) for LogisticRegression on TVAE_HYBRID
2025-05-08 18:52:35,028 - INFO - Preparing evaluation for model 'RandomForest' across all datasets...
2025-05-08 18:52:35,028 - INFO - Evaluating RandomForest on Original...
2025-05-08 18:52:35,034 - INFO - Predictions completed for RandomForest on Original
2025-05-08 18:52:35,034 - INFO - Prediction distribution for RandomForest on Original: {'Y': 107, 'N': 37}
2025-05-08 18:52:35,052 - INFO - Computed 8 metric(s) for RandomForest on Original
2025-05-08 18:52:35,052 - INFO - Evaluating RandomForest on Anonymous...
2025-05-08 18:52:35,058 - INFO - Predictions completed for RandomForest on Anonymous
2025-05-08 18:52:35,058 - INFO - Prediction distribution for RandomForest on Anonymous: {'Y': 95, 'N': 49}
2025-05-08 18:52:35,076 - INFO - Computed 8 metric(s) for RandomForest on Anonymous
2025-05-08 18:52:35,076 - INFO - Evaluating RandomForest on CTGAN_HYBRID...
2025-05-08 18:52:35,081 - INFO - Predictions completed for RandomForest on CTGAN_HYBRID
2025-05-08 18:52:35,082 - INFO - Prediction distribution for RandomForest on CTGAN_HYBRID: {'Y': 143, 'N': 1}
2025-05-08 18:52:35,099 - INFO - Computed 8 metric(s) for RandomForest on CTGAN_HYBRID
2025-05-08 18:52:35,099 - INFO - Evaluating RandomForest on GaussianCopula_HYBRID...
2025-05-08 18:52:35,105 - INFO - Predictions completed for RandomForest on GaussianCopula_HYBRID
2025-05-08 18:52:35,105 - INFO - Prediction distribution for RandomForest on GaussianCopula_HYBRID: {'Y': 124, 'N': 20}
2025-05-08 18:52:35,123 - INFO - Computed 8 metric(s) for RandomForest on GaussianCopula_HYBRID
2025-05-08 18:52:35,123 - INFO - Evaluating RandomForest on TVAE_HYBRID...
2025-05-08 18:52:35,128 - INFO - Predictions completed for RandomForest on TVAE_HYBRID
2025-05-08 18:52:35,128 - INFO - Prediction distribution for RandomForest on TVAE_HYBRID: {'Y': 144}
2025-05-08 18:52:35,128 - WARNING -  [WARNING] :RandomForest on TVAE_HYBRID predicted only one class: {'Y'}
2025-05-08 18:52:35,130 - WARNING - [UndefinedMetricWarning] Precision is ill-defined and being set to 0.0 in labels with no predicted samples. Use `zero_division` parameter to control this behavior. (from /mnt/NVMETank/Projects/Students/Dele/A-STUDY-INTO-THE-QUALITY-AND-USABILITY-OF-PRIVACY-FRIENDLY-SYNTHETIC-DATA/.venv/lib/python3.12/site-packages/sklearn/metrics/_classification.py:1565)
2025-05-08 18:52:35,131 - WARNING - [UndefinedMetricWarning] Precision is ill-defined and being set to 0.0 in labels with no predicted samples. Use `zero_division` parameter to control this behavior. (from /mnt/NVMETank/Projects/Students/Dele/A-STUDY-INTO-THE-QUALITY-AND-USABILITY-OF-PRIVACY-FRIENDLY-SYNTHETIC-DATA/.venv/lib/python3.12/site-packages/sklearn/metrics/_classification.py:1565)
2025-05-08 18:52:35,133 - WARNING - [UndefinedMetricWarning] Precision is ill-defined and being set to 0.0 in labels with no predicted samples. Use `zero_division` parameter to control this behavior. (from /mnt/NVMETank/Projects/Students/Dele/A-STUDY-INTO-THE-QUALITY-AND-USABILITY-OF-PRIVACY-FRIENDLY-SYNTHETIC-DATA/.venv/lib/python3.12/site-packages/sklearn/metrics/_classification.py:1565)
2025-05-08 18:52:35,145 - INFO - Computed 8 metric(s) for RandomForest on TVAE_HYBRID
2025-05-08 18:52:35,146 - INFO - Preparing evaluation for model 'SVM' across all datasets...
2025-05-08 18:52:35,146 - INFO - Evaluating SVM on Original...
2025-05-08 18:52:35,148 - INFO - Predictions completed for SVM on Original
2025-05-08 18:52:35,148 - INFO - Prediction distribution for SVM on Original: {'Y': 144}
2025-05-08 18:52:35,148 - WARNING -  [WARNING] :SVM on Original predicted only one class: {'Y'}
2025-05-08 18:52:35,150 - WARNING - [UndefinedMetricWarning] Precision is ill-defined and being set to 0.0 in labels with no predicted samples. Use `zero_division` parameter to control this behavior. (from /mnt/NVMETank/Projects/Students/Dele/A-STUDY-INTO-THE-QUALITY-AND-USABILITY-OF-PRIVACY-FRIENDLY-SYNTHETIC-DATA/.venv/lib/python3.12/site-packages/sklearn/metrics/_classification.py:1565)
2025-05-08 18:52:35,151 - WARNING - [UndefinedMetricWarning] Precision is ill-defined and being set to 0.0 in labels with no predicted samples. Use `zero_division` parameter to control this behavior. (from /mnt/NVMETank/Projects/Students/Dele/A-STUDY-INTO-THE-QUALITY-AND-USABILITY-OF-PRIVACY-FRIENDLY-SYNTHETIC-DATA/.venv/lib/python3.12/site-packages/sklearn/metrics/_classification.py:1565)
2025-05-08 18:52:35,152 - WARNING - [UndefinedMetricWarning] Precision is ill-defined and being set to 0.0 in labels with no predicted samples. Use `zero_division` parameter to control this behavior. (from /mnt/NVMETank/Projects/Students/Dele/A-STUDY-INTO-THE-QUALITY-AND-USABILITY-OF-PRIVACY-FRIENDLY-SYNTHETIC-DATA/.venv/lib/python3.12/site-packages/sklearn/metrics/_classification.py:1565)
2025-05-08 18:52:35,154 - INFO - Computed 8 metric(s) for SVM on Original
2025-05-08 18:52:35,154 - INFO - Evaluating SVM on Anonymous...
2025-05-08 18:52:35,156 - INFO - Predictions completed for SVM on Anonymous
2025-05-08 18:52:35,156 - INFO - Prediction distribution for SVM on Anonymous: {'Y': 144}
2025-05-08 18:52:35,156 - WARNING -  [WARNING] :SVM on Anonymous predicted only one class: {'Y'}
2025-05-08 18:52:35,158 - WARNING - [UndefinedMetricWarning] Precision is ill-defined and being set to 0.0 in labels with no predicted samples. Use `zero_division` parameter to control this behavior. (from /mnt/NVMETank/Projects/Students/Dele/A-STUDY-INTO-THE-QUALITY-AND-USABILITY-OF-PRIVACY-FRIENDLY-SYNTHETIC-DATA/.venv/lib/python3.12/site-packages/sklearn/metrics/_classification.py:1565)
2025-05-08 18:52:35,159 - WARNING - [UndefinedMetricWarning] Precision is ill-defined and being set to 0.0 in labels with no predicted samples. Use `zero_division` parameter to control this behavior. (from /mnt/NVMETank/Projects/Students/Dele/A-STUDY-INTO-THE-QUALITY-AND-USABILITY-OF-PRIVACY-FRIENDLY-SYNTHETIC-DATA/.venv/lib/python3.12/site-packages/sklearn/metrics/_classification.py:1565)
2025-05-08 18:52:35,161 - WARNING - [UndefinedMetricWarning] Precision is ill-defined and being set to 0.0 in labels with no predicted samples. Use `zero_division` parameter to control this behavior. (from /mnt/NVMETank/Projects/Students/Dele/A-STUDY-INTO-THE-QUALITY-AND-USABILITY-OF-PRIVACY-FRIENDLY-SYNTHETIC-DATA/.venv/lib/python3.12/site-packages/sklearn/metrics/_classification.py:1565)
2025-05-08 18:52:35,162 - INFO - Computed 8 metric(s) for SVM on Anonymous
2025-05-08 18:52:35,162 - INFO - Evaluating SVM on CTGAN_HYBRID...
2025-05-08 18:52:35,164 - INFO - Predictions completed for SVM on CTGAN_HYBRID
2025-05-08 18:52:35,164 - INFO - Prediction distribution for SVM on CTGAN_HYBRID: {'Y': 144}
2025-05-08 18:52:35,164 - WARNING -  [WARNING] :SVM on CTGAN_HYBRID predicted only one class: {'Y'}
2025-05-08 18:52:35,166 - WARNING - [UndefinedMetricWarning] Precision is ill-defined and being set to 0.0 in labels with no predicted samples. Use `zero_division` parameter to control this behavior. (from /mnt/NVMETank/Projects/Students/Dele/A-STUDY-INTO-THE-QUALITY-AND-USABILITY-OF-PRIVACY-FRIENDLY-SYNTHETIC-DATA/.venv/lib/python3.12/site-packages/sklearn/metrics/_classification.py:1565)
2025-05-08 18:52:35,167 - WARNING - [UndefinedMetricWarning] Precision is ill-defined and being set to 0.0 in labels with no predicted samples. Use `zero_division` parameter to control this behavior. (from /mnt/NVMETank/Projects/Students/Dele/A-STUDY-INTO-THE-QUALITY-AND-USABILITY-OF-PRIVACY-FRIENDLY-SYNTHETIC-DATA/.venv/lib/python3.12/site-packages/sklearn/metrics/_classification.py:1565)
2025-05-08 18:52:35,168 - WARNING - [UndefinedMetricWarning] Precision is ill-defined and being set to 0.0 in labels with no predicted samples. Use `zero_division` parameter to control this behavior. (from /mnt/NVMETank/Projects/Students/Dele/A-STUDY-INTO-THE-QUALITY-AND-USABILITY-OF-PRIVACY-FRIENDLY-SYNTHETIC-DATA/.venv/lib/python3.12/site-packages/sklearn/metrics/_classification.py:1565)
2025-05-08 18:52:35,170 - INFO - Computed 8 metric(s) for SVM on CTGAN_HYBRID
2025-05-08 18:52:35,170 - INFO - Evaluating SVM on GaussianCopula_HYBRID...
2025-05-08 18:52:35,172 - INFO - Predictions completed for SVM on GaussianCopula_HYBRID
2025-05-08 18:52:35,173 - INFO - Prediction distribution for SVM on GaussianCopula_HYBRID: {'Y': 144}
2025-05-08 18:52:35,173 - WARNING -  [WARNING] :SVM on GaussianCopula_HYBRID predicted only one class: {'Y'}
2025-05-08 18:52:35,174 - WARNING - [UndefinedMetricWarning] Precision is ill-defined and being set to 0.0 in labels with no predicted samples. Use `zero_division` parameter to control this behavior. (from /mnt/NVMETank/Projects/Students/Dele/A-STUDY-INTO-THE-QUALITY-AND-USABILITY-OF-PRIVACY-FRIENDLY-SYNTHETIC-DATA/.venv/lib/python3.12/site-packages/sklearn/metrics/_classification.py:1565)
2025-05-08 18:52:35,175 - WARNING - [UndefinedMetricWarning] Precision is ill-defined and being set to 0.0 in labels with no predicted samples. Use `zero_division` parameter to control this behavior. (from /mnt/NVMETank/Projects/Students/Dele/A-STUDY-INTO-THE-QUALITY-AND-USABILITY-OF-PRIVACY-FRIENDLY-SYNTHETIC-DATA/.venv/lib/python3.12/site-packages/sklearn/metrics/_classification.py:1565)
2025-05-08 18:52:35,177 - WARNING - [UndefinedMetricWarning] Precision is ill-defined and being set to 0.0 in labels with no predicted samples. Use `zero_division` parameter to control this behavior. (from /mnt/NVMETank/Projects/Students/Dele/A-STUDY-INTO-THE-QUALITY-AND-USABILITY-OF-PRIVACY-FRIENDLY-SYNTHETIC-DATA/.venv/lib/python3.12/site-packages/sklearn/metrics/_classification.py:1565)
2025-05-08 18:52:35,178 - INFO - Computed 8 metric(s) for SVM on GaussianCopula_HYBRID
2025-05-08 18:52:35,178 - INFO - Evaluating SVM on TVAE_HYBRID...
2025-05-08 18:52:35,180 - INFO - Predictions completed for SVM on TVAE_HYBRID
2025-05-08 18:52:35,180 - INFO - Prediction distribution for SVM on TVAE_HYBRID: {'Y': 144}
2025-05-08 18:52:35,180 - WARNING -  [WARNING] :SVM on TVAE_HYBRID predicted only one class: {'Y'}
2025-05-08 18:52:35,181 - WARNING - [UndefinedMetricWarning] Precision is ill-defined and being set to 0.0 in labels with no predicted samples. Use `zero_division` parameter to control this behavior. (from /mnt/NVMETank/Projects/Students/Dele/A-STUDY-INTO-THE-QUALITY-AND-USABILITY-OF-PRIVACY-FRIENDLY-SYNTHETIC-DATA/.venv/lib/python3.12/site-packages/sklearn/metrics/_classification.py:1565)
2025-05-08 18:52:35,183 - WARNING - [UndefinedMetricWarning] Precision is ill-defined and being set to 0.0 in labels with no predicted samples. Use `zero_division` parameter to control this behavior. (from /mnt/NVMETank/Projects/Students/Dele/A-STUDY-INTO-THE-QUALITY-AND-USABILITY-OF-PRIVACY-FRIENDLY-SYNTHETIC-DATA/.venv/lib/python3.12/site-packages/sklearn/metrics/_classification.py:1565)
2025-05-08 18:52:35,184 - WARNING - [UndefinedMetricWarning] Precision is ill-defined and being set to 0.0 in labels with no predicted samples. Use `zero_division` parameter to control this behavior. (from /mnt/NVMETank/Projects/Students/Dele/A-STUDY-INTO-THE-QUALITY-AND-USABILITY-OF-PRIVACY-FRIENDLY-SYNTHETIC-DATA/.venv/lib/python3.12/site-packages/sklearn/metrics/_classification.py:1565)
2025-05-08 18:52:35,186 - INFO - Computed 8 metric(s) for SVM on TVAE_HYBRID
2025-05-08 18:52:35,189 - INFO - Evaluation completed for all models.
2025-05-08 18:52:35,189 - INFO - Model evaluation completed in 0.35 seconds.
2025-05-08 18:52:35,192 - INFO - Evaluated models: ['DecisionTree', 'KNN', 'LogisticRegression', 'RandomForest', 'SVM']
2025-05-08 18:52:35,192 - INFO - Model Training and Evaluation completed.
2025-05-08 18:52:35,789 - INFO -  Visualizations saved.
2025-05-08 18:52:35,789 - INFO -  Benchmarking Completed. Results saved in output folder.
