2025-05-08 18:43:15,450 - INFO - Loaded config file: configs/generated_configs/loan/loan_anon_k30_sl0p2_l5.yaml
2025-05-08 18:43:15,450 - INFO -  Benchmarking started for dataset: loan
2025-05-08 18:43:15,450 - INFO - Using dataset path: /mnt/NVMETank/Projects/Students/Dele/A-STUDY-INTO-THE-QUALITY-AND-USABILITY-OF-PRIVACY-FRIENDLY-SYNTHETIC-DATA/datasets/original/loan.csv
2025-05-08 18:43:15,450 - INFO - Target column: Loan_Status, separator: ','
2025-05-08 18:43:15,450 - INFO - Configuration loaded: enable_anonymization = True, enable_synthesis = False, enable_hybrid = True, enable_utility = True, delete_after_evaluation = False
2025-05-08 18:43:15,450 - INFO - Running preprocessing...
2025-05-08 18:43:15,455 - INFO -  [PREPROCESSING] Preprocessed files found. Skipping preprocessing.
2025-05-08 18:43:15,463 - INFO - Preprocessing completed. Rows before: 614, after: 336
2025-05-08 18:43:15,463 - INFO - Preprocessed data saved to: outputs/batch/loan_batch_2025-05-08_18-38-44/loan_anon_k30_sl0p2_l5/preprocessing_report.txt
2025-05-08 18:43:15,463 - INFO - enable_anonymization = True
2025-05-08 18:43:15,463 - INFO - Starting Anonymization Pipeline with output path: /mnt/NVMETank/Projects/Students/Dele/A-STUDY-INTO-THE-QUALITY-AND-USABILITY-OF-PRIVACY-FRIENDLY-SYNTHETIC-DATA/datasets/anonymized/loan_k30_l5_sup20_anonymized.csv.......
2025-05-08 18:43:15,468 - INFO -  [ANONYMIZATION] Executing run_anonymization, config_path : configs/generated_configs/loan/loan_anon_k30_sl0p2_l5.yaml...........
2025-05-08 18:43:15,468 - INFO -  [ANONYMIZATION] Using JAR file at /mnt/NVMETank/Projects/Students/Dele/A-STUDY-INTO-THE-QUALITY-AND-USABILITY-OF-PRIVACY-FRIENDLY-SYNTHETIC-DATA/src/anonymization/anonymARXij/bin/anonymARXij.jar to anonymize the dataset.
2025-05-08 18:43:16,854 - INFO -  [ANONYMIZATION] Anonimized file saved to : /mnt/NVMETank/Projects/Students/Dele/A-STUDY-INTO-THE-QUALITY-AND-USABILITY-OF-PRIVACY-FRIENDLY-SYNTHETIC-DATA/datasets/anonymized/loan_k30_l5_sup20_anonymized.csv
2025-05-08 18:43:16,854 - INFO -  [ANONYMIZATION] Java anonymization completed successfully.
2025-05-08 18:43:16,854 - INFO -  [ANONYMIZATION] Java STDOUT:
📄 Java received config path: /mnt/NVMETank/Projects/Students/Dele/A-STUDY-INTO-THE-QUALITY-AND-USABILITY-OF-PRIVACY-FRIENDLY-SYNTHETIC-DATA/configs/generated_configs/loan/loan_anon_k30_sl0p2_l5.yaml
🔹 Loading config from: /mnt/NVMETank/Projects/Students/Dele/A-STUDY-INTO-THE-QUALITY-AND-USABILITY-OF-PRIVACY-FRIENDLY-SYNTHETIC-DATA/configs/generated_configs/loan/loan_anon_k30_sl0p2_l5.yaml
Loading config from: /mnt/NVMETank/Projects/Students/Dele/A-STUDY-INTO-THE-QUALITY-AND-USABILITY-OF-PRIVACY-FRIENDLY-SYNTHETIC-DATA/configs/generated_configs/loan/loan_anon_k30_sl0p2_l5.yaml
📂 Dataset Path (from args): /mnt/NVMETank/Projects/Students/Dele/A-STUDY-INTO-THE-QUALITY-AND-USABILITY-OF-PRIVACY-FRIENDLY-SYNTHETIC-DATA/datasets/train/loan_train_raw.csv
🔹 Dataset Separator: ,
🔹 Suppression Limit: 0.2

🔹 Configured Attributes:
  ✅ Quasi-Identifier: Gender
  ✅ Quasi-Identifier: Married
  ✅ Quasi-Identifier: Education
  ✅ Quasi-Identifier: Dependents
  ✅ Quasi-Identifier: Self_Employed
  ✅ Quasi-Identifier: Property_Area
  ✅ Quasi-Identifier: Credit_History
  ✅ Quasi-Identifier: Loan_Amount_Term
  ✅ Sensitive Attribute: LoanAmount
  ✅ Insensitive Attribute: Loan_Status
  ✅ Insensitive Attribute: ApplicantIncome
  ✅ Insensitive Attribute: CoapplicantIncome

🔹 Defined Hierarchies:
  ✅ Property_Area -> /mnt/NVMETank/Projects/Students/Dele/A-STUDY-INTO-THE-QUALITY-AND-USABILITY-OF-PRIVACY-FRIENDLY-SYNTHETIC-DATA/src/anonymization/anonymARXij/src/hierarchies_loan/property_area.csv
  ✅ Self_Employed -> /mnt/NVMETank/Projects/Students/Dele/A-STUDY-INTO-THE-QUALITY-AND-USABILITY-OF-PRIVACY-FRIENDLY-SYNTHETIC-DATA/src/anonymization/anonymARXij/src/hierarchies_loan/self_employed.csv
  ✅ Credit_History -> /mnt/NVMETank/Projects/Students/Dele/A-STUDY-INTO-THE-QUALITY-AND-USABILITY-OF-PRIVACY-FRIENDLY-SYNTHETIC-DATA/src/anonymization/anonymARXij/src/hierarchies_loan/credit_history.csv
  ✅ Dependents -> /mnt/NVMETank/Projects/Students/Dele/A-STUDY-INTO-THE-QUALITY-AND-USABILITY-OF-PRIVACY-FRIENDLY-SYNTHETIC-DATA/src/anonymization/anonymARXij/src/hierarchies_loan/dependents.csv
  ✅ Education -> /mnt/NVMETank/Projects/Students/Dele/A-STUDY-INTO-THE-QUALITY-AND-USABILITY-OF-PRIVACY-FRIENDLY-SYNTHETIC-DATA/src/anonymization/anonymARXij/src/hierarchies_loan/education.csv
  ✅ Loan_Amount_Term -> /mnt/NVMETank/Projects/Students/Dele/A-STUDY-INTO-THE-QUALITY-AND-USABILITY-OF-PRIVACY-FRIENDLY-SYNTHETIC-DATA/src/anonymization/anonymARXij/src/hierarchies_loan/loan_amount_terms.csv
  ✅ Married -> /mnt/NVMETank/Projects/Students/Dele/A-STUDY-INTO-THE-QUALITY-AND-USABILITY-OF-PRIVACY-FRIENDLY-SYNTHETIC-DATA/src/anonymization/anonymARXij/src/hierarchies_loan/married.csv
  ✅ Gender -> /mnt/NVMETank/Projects/Students/Dele/A-STUDY-INTO-THE-QUALITY-AND-USABILITY-OF-PRIVACY-FRIENDLY-SYNTHETIC-DATA/src/anonymization/anonymARXij/src/hierarchies_loan/gender.csv
Java is searching for hierarchy file at: /mnt/NVMETank/Projects/Students/Dele/A-STUDY-INTO-THE-QUALITY-AND-USABILITY-OF-PRIVACY-FRIENDLY-SYNTHETIC-DATA/src/anonymization/anonymARXij/src/hierarchies_loan/property_area.csv
Java is searching for hierarchy file at: /mnt/NVMETank/Projects/Students/Dele/A-STUDY-INTO-THE-QUALITY-AND-USABILITY-OF-PRIVACY-FRIENDLY-SYNTHETIC-DATA/src/anonymization/anonymARXij/src/hierarchies_loan/self_employed.csv
Java is searching for hierarchy file at: /mnt/NVMETank/Projects/Students/Dele/A-STUDY-INTO-THE-QUALITY-AND-USABILITY-OF-PRIVACY-FRIENDLY-SYNTHETIC-DATA/src/anonymization/anonymARXij/src/hierarchies_loan/credit_history.csv
Java is searching for hierarchy file at: /mnt/NVMETank/Projects/Students/Dele/A-STUDY-INTO-THE-QUALITY-AND-USABILITY-OF-PRIVACY-FRIENDLY-SYNTHETIC-DATA/src/anonymization/anonymARXij/src/hierarchies_loan/dependents.csv
Java is searching for hierarchy file at: /mnt/NVMETank/Projects/Students/Dele/A-STUDY-INTO-THE-QUALITY-AND-USABILITY-OF-PRIVACY-FRIENDLY-SYNTHETIC-DATA/src/anonymization/anonymARXij/src/hierarchies_loan/education.csv
Java is searching for hierarchy file at: /mnt/NVMETank/Projects/Students/Dele/A-STUDY-INTO-THE-QUALITY-AND-USABILITY-OF-PRIVACY-FRIENDLY-SYNTHETIC-DATA/src/anonymization/anonymARXij/src/hierarchies_loan/loan_amount_terms.csv
Java is searching for hierarchy file at: /mnt/NVMETank/Projects/Students/Dele/A-STUDY-INTO-THE-QUALITY-AND-USABILITY-OF-PRIVACY-FRIENDLY-SYNTHETIC-DATA/src/anonymization/anonymARXij/src/hierarchies_loan/married.csv
Java is searching for hierarchy file at: /mnt/NVMETank/Projects/Students/Dele/A-STUDY-INTO-THE-QUALITY-AND-USABILITY-OF-PRIVACY-FRIENDLY-SYNTHETIC-DATA/src/anonymization/anonymARXij/src/hierarchies_loan/gender.csv
✓ Applied Entropy L-Diversity on: LoanAmount (l=5)
🔹 Privacy Models Configured
📂 Anonymized Output Path (from args): /mnt/NVMETank/Projects/Students/Dele/A-STUDY-INTO-THE-QUALITY-AND-USABILITY-OF-PRIVACY-FRIENDLY-SYNTHETIC-DATA/datasets/anonymized/loan_k30_l5_sup20_anonymized.csv
📂 Anonymized Output Path: /mnt/NVMETank/Projects/Students/Dele/A-STUDY-INTO-THE-QUALITY-AND-USABILITY-OF-PRIVACY-FRIENDLY-SYNTHETIC-DATA/datasets/anonymized/loan_k30_l5_sup20_anonymized.csv
✅ Anonymization completed. Output saved to: /mnt/NVMETank/Projects/Students/Dele/A-STUDY-INTO-THE-QUALITY-AND-USABILITY-OF-PRIVACY-FRIENDLY-SYNTHETIC-DATA/datasets/anonymized/loan_k30_l5_sup20_anonymized.csv
Anonymized Data Quality Metrics:
 - Ambiguity: 0.7927137797267667
 - AECS: 0.8033573141486811
 - Discernibility: 0.5471646969532691
 - Granularity: 0.4085924590656451
 - MSE: 0.05222734254992323
 - Non-Uniform Entropy: 0.24698669761214376
 - Precision: 0.4553571428571428
 - Record-level SE: 0.25726926044543486
Equivalence Class Statistics:
 - Number of Classes: 4
 - Average Class Size: 68.0
Suppression Statistics:
 - Suppressed Records: 64
 - Suppression Percentage: 19.05%
2025-05-08 18:43:16,855 - INFO - Anonymized data saved to: /mnt/NVMETank/Projects/Students/Dele/A-STUDY-INTO-THE-QUALITY-AND-USABILITY-OF-PRIVACY-FRIENDLY-SYNTHETIC-DATA/datasets/anonymized/loan_k30_l5_sup20_anonymized.csv
2025-05-08 18:43:16,863 - INFO - Anonymous data report saved at: outputs/batch/loan_batch_2025-05-08_18-38-44/loan_anon_k30_sl0p2_l5/anonymous_data_report.txt
2025-05-08 18:43:16,863 - INFO -  [POSTPROCESSING] Postprocessing anonymized data: /mnt/NVMETank/Projects/Students/Dele/A-STUDY-INTO-THE-QUALITY-AND-USABILITY-OF-PRIVACY-FRIENDLY-SYNTHETIC-DATA/datasets/anonymized/loan_k30_l5_sup20_anonymized.csv
2025-05-08 18:43:16,864 - INFO -  [POSTPROCESSING] Loaded anonymized data: (336, 12)
2025-05-08 18:43:16,868 - INFO -  [POSTPROCESSING] Loaded fallback maps from training data. Categorical cols: 7, Numeric cols: 5
2025-05-08 18:43:16,868 - INFO -  [POSTPROCESSING] Normalizing anonymized data using ARX artifact cleaning and fallback values.
2025-05-08 18:43:16,878 - INFO -  [POSTPROCESSING] Normalized anonymized data saved to: /mnt/NVMETank/Projects/Students/Dele/A-STUDY-INTO-THE-QUALITY-AND-USABILITY-OF-PRIVACY-FRIENDLY-SYNTHETIC-DATA/datasets/anonymized/loan_k30_l5_sup20_anonymized_processed.csv
2025-05-08 18:43:16,885 - INFO -  [POSTPROCESSING] Binary Encoding applied to anonymized data. Encoded shape: (336, 19)
2025-05-08 18:43:16,886 - INFO -  [POSTPROCESSING] Encoded anonymized dataset saved to: /mnt/NVMETank/Projects/Students/Dele/A-STUDY-INTO-THE-QUALITY-AND-USABILITY-OF-PRIVACY-FRIENDLY-SYNTHETIC-DATA/datasets/anonymized/loan_k30_l5_sup20_anonymized_encoded.csv
2025-05-08 18:43:16,886 - INFO -  [POSTPROCESSING] Encoding map generated for anonymized data: 0 original categorical columns.
2025-05-08 18:43:16,886 - INFO - Postprocessing report saved at: outputs/batch/loan_batch_2025-05-08_18-38-44/loan_anon_k30_sl0p2_l5/postprocessing_report.txt
2025-05-08 18:43:16,886 - INFO - enable_synthetic_generation = False
2025-05-08 18:43:16,886 - INFO - Synthetic Data Generation Skipped (Disabled in Configuration).
2025-05-08 18:43:16,886 - INFO - Running Hybrid Pipeline...
2025-05-08 18:43:16,887 - INFO -  [HYBRID] Executing run_hybrid...
2025-05-08 18:43:16,887 - INFO -  [HYBRID] Looking for encoded anonymized data in /mnt/NVMETank/Projects/Students/Dele/A-STUDY-INTO-THE-QUALITY-AND-USABILITY-OF-PRIVACY-FRIENDLY-SYNTHETIC-DATA/datasets/anonymized/loan_k30_l5_sup20_anonymized_encoded.csv
2025-05-08 18:43:16,887 - INFO -  [HYBRID ] Loaded cached encoded anonymous data from /mnt/NVMETank/Projects/Students/Dele/A-STUDY-INTO-THE-QUALITY-AND-USABILITY-OF-PRIVACY-FRIENDLY-SYNTHETIC-DATA/datasets/anonymized/loan_k30_l5_sup20_anonymized_encoded.csv
2025-05-08 18:43:16,888 - INFO -  [HYBRID] Starting synthetic generation for hybrid pipeline...
2025-05-08 18:43:16,888 - INFO - Executing run_synthetic.....
2025-05-08 18:43:16,888 - INFO - [SYNTHETIC PIPELINE] executing run_synthetic for loan_k30_l5_sup20...
2025-05-08 18:43:16,888 - INFO - [SYNTHETIC] Processing dataset: loan_k30_l5_sup20
2025-05-08 18:43:16,888 - INFO - [SYNTHETIC] Original dataset size: 336 rows
2025-05-08 18:43:16,897 - INFO - Detected metadata:
2025-05-08 18:43:16,897 - INFO - {
    "columns": {
        "Gender_0": {
            "sdtype": "categorical"
        },
        "Gender_1": {
            "sdtype": "categorical"
        },
        "Married_0": {
            "sdtype": "categorical"
        },
        "Married_1": {
            "sdtype": "categorical"
        },
        "Dependents_0": {
            "sdtype": "categorical"
        },
        "Dependents_1": {
            "sdtype": "categorical"
        },
        "Dependents_2": {
            "sdtype": "categorical"
        },
        "Education_0": {
            "sdtype": "categorical"
        },
        "Education_1": {
            "sdtype": "categorical"
        },
        "Self_Employed_0": {
            "sdtype": "categorical"
        },
        "Self_Employed_1": {
            "sdtype": "categorical"
        },
        "ApplicantIncome": {
            "sdtype": "numerical"
        },
        "CoapplicantIncome": {
            "sdtype": "numerical"
        },
        "LoanAmount": {
            "sdtype": "numerical"
        },
        "Loan_Amount_Term": {
            "sdtype": "categorical"
        },
        "Credit_History": {
            "sdtype": "categorical"
        },
        "Property_Area_0": {
            "sdtype": "categorical"
        },
        "Property_Area_1": {
            "sdtype": "categorical"
        },
        "Loan_Status": {
            "sdtype": "categorical"
        }
    },
    "METADATA_SPEC_VERSION": "SINGLE_TABLE_V1"
}
2025-05-08 18:43:16,897 - INFO - [SYNTHETIC] Preparing synthesizer: CTGAN
2025-05-08 18:43:16,897 - INFO - [SYNTHETIC] Params from config: {'epochs': 300}
2025-05-08 18:43:16,897 - INFO -  [SYNTHETIC] No pre-trained synthesizer found
2025-05-08 18:43:16,897 - INFO - [SYNTHETIC] Training new CTGAN synthesizer from scratch...
2025-05-08 18:43:16,897 - WARNING - [FutureWarning] The 'SingleTableMetadata' is deprecated. Please use the new 'Metadata' class for synthesizers. (from /mnt/NVMETank/Projects/Students/Dele/A-STUDY-INTO-THE-QUALITY-AND-USABILITY-OF-PRIVACY-FRIENDLY-SYNTHETIC-DATA/.venv/lib/python3.12/site-packages/sdv/single_table/base.py:119)
2025-05-08 18:43:16,898 - WARNING - [UserWarning] We strongly recommend saving the metadata using 'save_to_json' for replicability in future SDV versions. (from /mnt/NVMETank/Projects/Students/Dele/A-STUDY-INTO-THE-QUALITY-AND-USABILITY-OF-PRIVACY-FRIENDLY-SYNTHETIC-DATA/.venv/lib/python3.12/site-packages/sdv/single_table/base.py:104)
2025-05-08 18:43:16,902 - INFO - {'EVENT': 'Instance', 'TIMESTAMP': datetime.datetime(2025, 5, 8, 18, 43, 16, 902081), 'SYNTHESIZER CLASS NAME': 'CTGANSynthesizer', 'SYNTHESIZER ID': 'CTGANSynthesizer_1.18.0_58b17edb4b7d41fb88097e13e8cbd714'}
2025-05-08 18:43:16,902 - INFO - [SYNTHETIC] CTGAN initialized with epochs: 300
2025-05-08 18:43:16,902 - INFO - [SYNTHETIC] Training parameters for CTGAN: {}
2025-05-08 18:43:16,902 - INFO - [SYNTHETIC] fitting CTGAN 
2025-05-08 18:43:16,902 - INFO - {'EVENT': 'Fit', 'TIMESTAMP': datetime.datetime(2025, 5, 8, 18, 43, 16, 902283), 'SYNTHESIZER CLASS NAME': 'CTGANSynthesizer', 'SYNTHESIZER ID': 'CTGANSynthesizer_1.18.0_58b17edb4b7d41fb88097e13e8cbd714', 'TOTAL NUMBER OF TABLES': 1, 'TOTAL NUMBER OF ROWS': 336, 'TOTAL NUMBER OF COLUMNS': 19}
2025-05-08 18:43:16,903 - INFO - Fitting table  metadata
2025-05-08 18:43:16,904 - INFO - Fitting formatters for table 
2025-05-08 18:43:16,905 - INFO - Fitting constraints for table 
2025-05-08 18:43:16,905 - INFO - Setting the configuration for the ``HyperTransformer`` for table 
2025-05-08 18:43:16,907 - INFO - Fitting HyperTransformer for table 
2025-05-08 18:43:16,920 - INFO - {'EVENT': 'Fit processed data', 'TIMESTAMP': datetime.datetime(2025, 5, 8, 18, 43, 16, 920103), 'SYNTHESIZER CLASS NAME': 'CTGANSynthesizer', 'SYNTHESIZER ID': 'CTGANSynthesizer_1.18.0_58b17edb4b7d41fb88097e13e8cbd714', 'TOTAL NUMBER OF TABLES': 1, 'TOTAL NUMBER OF ROWS': 336, 'TOTAL NUMBER OF COLUMNS': 19}
2025-05-08 18:43:16,951 - INFO - Guidance: There are no missing values in column ApplicantIncome. Extra column not created.
2025-05-08 18:43:17,052 - INFO - Guidance: There are no missing values in column CoapplicantIncome. Extra column not created.
2025-05-08 18:43:17,086 - INFO - Guidance: There are no missing values in column LoanAmount. Extra column not created.
2025-05-08 18:43:39,559 - INFO - [SYNTHETIC] Fitting complete for CTGAN. Duration: 22.66 seconds.
2025-05-08 18:43:39,559 - INFO - [SYNTHETIC] CONFIRMATION CTGAN actually trained with epochs = 300
2025-05-08 18:43:39,559 - INFO - {'EVENT': 'Save', 'TIMESTAMP': datetime.datetime(2025, 5, 8, 18, 43, 39, 559283), 'SYNTHESIZER CLASS NAME': 'CTGANSynthesizer', 'SYNTHESIZER ID': 'CTGANSynthesizer_1.18.0_58b17edb4b7d41fb88097e13e8cbd714'}
2025-05-08 18:43:39,607 - INFO - [SYNTHETIC] CTGAN trained and saved.
2025-05-08 18:43:39,607 - INFO - [SYNTHETIC] Preparing synthesizer: GaussianCopula
2025-05-08 18:43:39,607 - INFO - [SYNTHETIC] Params from config: {}
2025-05-08 18:43:39,607 - INFO -  [SYNTHETIC] No pre-trained synthesizer found
2025-05-08 18:43:39,608 - INFO - [SYNTHETIC] Training new GaussianCopula synthesizer from scratch...
2025-05-08 18:43:39,608 - WARNING - [FutureWarning] The 'SingleTableMetadata' is deprecated. Please use the new 'Metadata' class for synthesizers. (from /mnt/NVMETank/Projects/Students/Dele/A-STUDY-INTO-THE-QUALITY-AND-USABILITY-OF-PRIVACY-FRIENDLY-SYNTHETIC-DATA/.venv/lib/python3.12/site-packages/sdv/single_table/base.py:119)
2025-05-08 18:43:39,611 - INFO - {'EVENT': 'Instance', 'TIMESTAMP': datetime.datetime(2025, 5, 8, 18, 43, 39, 611932), 'SYNTHESIZER CLASS NAME': 'GaussianCopulaSynthesizer', 'SYNTHESIZER ID': 'GaussianCopulaSynthesizer_1.18.0_c0811547a1e64ed0b9e0357f2c2ec38e'}
2025-05-08 18:43:39,612 - INFO - [SYNTHETIC] fitting GaussianCopula 
2025-05-08 18:43:39,612 - INFO - {'EVENT': 'Fit', 'TIMESTAMP': datetime.datetime(2025, 5, 8, 18, 43, 39, 612123), 'SYNTHESIZER CLASS NAME': 'GaussianCopulaSynthesizer', 'SYNTHESIZER ID': 'GaussianCopulaSynthesizer_1.18.0_c0811547a1e64ed0b9e0357f2c2ec38e', 'TOTAL NUMBER OF TABLES': 1, 'TOTAL NUMBER OF ROWS': 336, 'TOTAL NUMBER OF COLUMNS': 19}
2025-05-08 18:43:39,613 - INFO - Fitting table  metadata
2025-05-08 18:43:39,614 - INFO - Fitting formatters for table 
2025-05-08 18:43:39,616 - INFO - Fitting constraints for table 
2025-05-08 18:43:39,616 - INFO - Setting the configuration for the ``HyperTransformer`` for table 
2025-05-08 18:43:39,627 - INFO - Fitting HyperTransformer for table 
2025-05-08 18:43:39,737 - INFO - {'EVENT': 'Fit processed data', 'TIMESTAMP': datetime.datetime(2025, 5, 8, 18, 43, 39, 737682), 'SYNTHESIZER CLASS NAME': 'GaussianCopulaSynthesizer', 'SYNTHESIZER ID': 'GaussianCopulaSynthesizer_1.18.0_c0811547a1e64ed0b9e0357f2c2ec38e', 'TOTAL NUMBER OF TABLES': 1, 'TOTAL NUMBER OF ROWS': 336, 'TOTAL NUMBER OF COLUMNS': 19}
2025-05-08 18:43:39,738 - INFO - Fitting GaussianMultivariate(distribution="{'Gender_0': <class 'copulas.univariate.beta.BetaUnivariate'>, 'Gender_1': <class 'copulas.univariate.beta.BetaUnivariate'>, 'Married_0': <class 'copulas.univariate.beta.BetaUnivariate'>, 'Married_1': <class 'copulas.univariate.beta.BetaUnivariate'>, 'Dependents_0': <class 'copulas.univariate.beta.BetaUnivariate'>, 'Dependents_1': <class 'copulas.univariate.beta.BetaUnivariate'>, 'Dependents_2': <class 'copulas.univariate.beta.BetaUnivariate'>, 'Education_0': <class 'copulas.univariate.beta.BetaUnivariate'>, 'Education_1': <class 'copulas.univariate.beta.BetaUnivariate'>, 'Self_Employed_0': <class 'copulas.univariate.beta.BetaUnivariate'>, 'Self_Employed_1': <class 'copulas.univariate.beta.BetaUnivariate'>, 'ApplicantIncome': <class 'copulas.univariate.beta.BetaUnivariate'>, 'CoapplicantIncome': <class 'copulas.univariate.beta.BetaUnivariate'>, 'LoanAmount': <class 'copulas.univariate.beta.BetaUnivariate'>, 'Loan_Amount_Term': <class 'copulas.univariate.beta.BetaUnivariate'>, 'Credit_History': <class 'copulas.univariate.beta.BetaUnivariate'>, 'Property_Area_0': <class 'copulas.univariate.beta.BetaUnivariate'>, 'Property_Area_1': <class 'copulas.univariate.beta.BetaUnivariate'>, 'Loan_Status': <class 'copulas.univariate.beta.BetaUnivariate'>}")
2025-05-08 18:43:40,279 - INFO - [SYNTHETIC] Fitting complete for GaussianCopula. Duration: 0.67 seconds.
2025-05-08 18:43:40,279 - WARNING - [SYNTHETIC] WARNING Could not determine actual epochs used for GaussianCopula
2025-05-08 18:43:40,279 - INFO - {'EVENT': 'Save', 'TIMESTAMP': datetime.datetime(2025, 5, 8, 18, 43, 40, 279740), 'SYNTHESIZER CLASS NAME': 'GaussianCopulaSynthesizer', 'SYNTHESIZER ID': 'GaussianCopulaSynthesizer_1.18.0_c0811547a1e64ed0b9e0357f2c2ec38e'}
2025-05-08 18:43:40,294 - INFO - [SYNTHETIC] GaussianCopula trained and saved.
2025-05-08 18:43:40,294 - INFO - [SYNTHETIC] Preparing synthesizer: TVAE
2025-05-08 18:43:40,294 - INFO - [SYNTHETIC] Params from config: {'epochs': 300}
2025-05-08 18:43:40,294 - INFO -  [SYNTHETIC] No pre-trained synthesizer found
2025-05-08 18:43:40,294 - INFO - [SYNTHETIC] Training new TVAE synthesizer from scratch...
2025-05-08 18:43:40,295 - WARNING - [FutureWarning] The 'SingleTableMetadata' is deprecated. Please use the new 'Metadata' class for synthesizers. (from /mnt/NVMETank/Projects/Students/Dele/A-STUDY-INTO-THE-QUALITY-AND-USABILITY-OF-PRIVACY-FRIENDLY-SYNTHETIC-DATA/.venv/lib/python3.12/site-packages/sdv/single_table/base.py:119)
2025-05-08 18:43:40,298 - INFO - {'EVENT': 'Instance', 'TIMESTAMP': datetime.datetime(2025, 5, 8, 18, 43, 40, 298944), 'SYNTHESIZER CLASS NAME': 'TVAESynthesizer', 'SYNTHESIZER ID': 'TVAESynthesizer_1.18.0_23185b547ed94140bd864d819fc930d4'}
2025-05-08 18:43:40,299 - INFO - [SYNTHETIC] TVAE initialized with epochs: 300
2025-05-08 18:43:40,299 - INFO - [SYNTHETIC] Training parameters for TVAE: {}
2025-05-08 18:43:40,299 - INFO - [SYNTHETIC] fitting TVAE 
2025-05-08 18:43:40,299 - INFO - {'EVENT': 'Fit', 'TIMESTAMP': datetime.datetime(2025, 5, 8, 18, 43, 40, 299251), 'SYNTHESIZER CLASS NAME': 'TVAESynthesizer', 'SYNTHESIZER ID': 'TVAESynthesizer_1.18.0_23185b547ed94140bd864d819fc930d4', 'TOTAL NUMBER OF TABLES': 1, 'TOTAL NUMBER OF ROWS': 336, 'TOTAL NUMBER OF COLUMNS': 19}
2025-05-08 18:43:40,301 - INFO - Fitting table  metadata
2025-05-08 18:43:40,301 - INFO - Fitting formatters for table 
2025-05-08 18:43:40,304 - INFO - Fitting constraints for table 
2025-05-08 18:43:40,304 - INFO - Setting the configuration for the ``HyperTransformer`` for table 
2025-05-08 18:43:40,306 - INFO - Fitting HyperTransformer for table 
2025-05-08 18:43:40,327 - INFO - {'EVENT': 'Fit processed data', 'TIMESTAMP': datetime.datetime(2025, 5, 8, 18, 43, 40, 327847), 'SYNTHESIZER CLASS NAME': 'TVAESynthesizer', 'SYNTHESIZER ID': 'TVAESynthesizer_1.18.0_23185b547ed94140bd864d819fc930d4', 'TOTAL NUMBER OF TABLES': 1, 'TOTAL NUMBER OF ROWS': 336, 'TOTAL NUMBER OF COLUMNS': 19}
2025-05-08 18:43:40,352 - INFO - Guidance: There are no missing values in column ApplicantIncome. Extra column not created.
2025-05-08 18:43:40,461 - INFO - Guidance: There are no missing values in column CoapplicantIncome. Extra column not created.
2025-05-08 18:43:40,495 - INFO - Guidance: There are no missing values in column LoanAmount. Extra column not created.
2025-05-08 18:43:43,230 - INFO - [SYNTHETIC] Fitting complete for TVAE. Duration: 2.93 seconds.
2025-05-08 18:43:43,230 - INFO - [SYNTHETIC] CONFIRMATION TVAE actually trained with epochs = 300
2025-05-08 18:43:43,230 - INFO - {'EVENT': 'Save', 'TIMESTAMP': datetime.datetime(2025, 5, 8, 18, 43, 43, 230320), 'SYNTHESIZER CLASS NAME': 'TVAESynthesizer', 'SYNTHESIZER ID': 'TVAESynthesizer_1.18.0_23185b547ed94140bd864d819fc930d4'}
2025-05-08 18:43:43,257 - INFO - [SYNTHETIC] TVAE trained and saved.
2025-05-08 18:43:43,258 - INFO - [SYNTHETIC] Using CTGAN to generate 336 rows...
2025-05-08 18:43:43,322 - INFO - {'EVENT': 'Sample', 'TIMESTAMP': datetime.datetime(2025, 5, 8, 18, 43, 43, 258147), 'SYNTHESIZER CLASS NAME': 'CTGANSynthesizer', 'SYNTHESIZER ID': 'CTGANSynthesizer_1.18.0_58b17edb4b7d41fb88097e13e8cbd714', 'TOTAL NUMBER OF TABLES': 1, 'TOTAL NUMBER OF ROWS': 336, 'TOTAL NUMBER OF COLUMNS': 19}
2025-05-08 18:43:43,322 - INFO - [SYNTHETIC] CTGAN completed: 336 rows generated.
2025-05-08 18:43:43,323 - INFO - [SYNTHETIC] Target class distribution for CTGAN: {'Y': 249, 'N': 87}
2025-05-08 18:43:43,323 - INFO - [SYNTHETIC] Using GaussianCopula to generate 336 rows...
2025-05-08 18:43:43,375 - INFO - {'EVENT': 'Sample', 'TIMESTAMP': datetime.datetime(2025, 5, 8, 18, 43, 43, 323280), 'SYNTHESIZER CLASS NAME': 'GaussianCopulaSynthesizer', 'SYNTHESIZER ID': 'GaussianCopulaSynthesizer_1.18.0_c0811547a1e64ed0b9e0357f2c2ec38e', 'TOTAL NUMBER OF TABLES': 1, 'TOTAL NUMBER OF ROWS': 336, 'TOTAL NUMBER OF COLUMNS': 19}
2025-05-08 18:43:43,376 - INFO - [SYNTHETIC] GaussianCopula completed: 336 rows generated.
2025-05-08 18:43:43,376 - INFO - [SYNTHETIC] Target class distribution for GaussianCopula: {'Y': 212, 'N': 124}
2025-05-08 18:43:43,376 - INFO - [SYNTHETIC] Using TVAE to generate 336 rows...
2025-05-08 18:43:43,415 - INFO - {'EVENT': 'Sample', 'TIMESTAMP': datetime.datetime(2025, 5, 8, 18, 43, 43, 376478), 'SYNTHESIZER CLASS NAME': 'TVAESynthesizer', 'SYNTHESIZER ID': 'TVAESynthesizer_1.18.0_23185b547ed94140bd864d819fc930d4', 'TOTAL NUMBER OF TABLES': 1, 'TOTAL NUMBER OF ROWS': 336, 'TOTAL NUMBER OF COLUMNS': 19}
2025-05-08 18:43:43,415 - INFO - [SYNTHETIC] TVAE completed: 336 rows generated.
2025-05-08 18:43:43,416 - INFO - [SYNTHETIC] Target class distribution for TVAE: {'Y': 336}
2025-05-08 18:43:43,416 - INFO - [SYNTHETIC PIPELINE] Synthetic Data Generation Completed.
2025-05-08 18:43:43,416 - INFO - [SYNTHETIC PIPELINE] Synthesizers used: ['CTGAN', 'GaussianCopula', 'TVAE']
2025-05-08 18:43:43,416 - INFO - [SYNTHETIC PIPELINE] Evaluating synthetic dataset generated by CTGAN...
2025-05-08 18:43:43,416 - INFO - [SYNTHETIC EVAL] Real data columns     (19): ['Gender_0', 'Gender_1', 'Married_0', 'Married_1', 'Dependents_0', 'Dependents_1', 'Dependents_2', 'Education_0', 'Education_1', 'Self_Employed_0', 'Self_Employed_1', 'ApplicantIncome', 'CoapplicantIncome', 'LoanAmount', 'Loan_Amount_Term', 'Credit_History', 'Property_Area_0', 'Property_Area_1', 'Loan_Status']
2025-05-08 18:43:43,416 - INFO - [SYNTHETIC EVAL] Synthetic data columns (19): ['Gender_0', 'Gender_1', 'Married_0', 'Married_1', 'Dependents_0', 'Dependents_1', 'Dependents_2', 'Education_0', 'Education_1', 'Self_Employed_0', 'Self_Employed_1', 'ApplicantIncome', 'CoapplicantIncome', 'LoanAmount', 'Loan_Amount_Term', 'Credit_History', 'Property_Area_0', 'Property_Area_1', 'Loan_Status']
2025-05-08 18:43:43,417 - INFO - [SYNTHETIC EVAL] Metadata columns      (19): ['Gender_0', 'Gender_1', 'Married_0', 'Married_1', 'Dependents_0', 'Dependents_1', 'Dependents_2', 'Education_0', 'Education_1', 'Self_Employed_0', 'Self_Employed_1', 'ApplicantIncome', 'CoapplicantIncome', 'LoanAmount', 'Loan_Amount_Term', 'Credit_History', 'Property_Area_0', 'Property_Area_1', 'Loan_Status']
2025-05-08 18:43:43,417 - INFO - [SYNTHETIC EVAL] Shape — Real: (336, 19), Synthetic: (336, 19)
2025-05-08 18:43:43,417 - INFO - [SYNTHETIC EVAL] Metadata structure:
{
  "columns": {
    "Gender_0": {
      "sdtype": "categorical"
    },
    "Gender_1": {
      "sdtype": "categorical"
    },
    "Married_0": {
      "sdtype": "categorical"
    },
    "Married_1": {
      "sdtype": "categorical"
    },
    "Dependents_0": {
      "sdtype": "categorical"
    },
    "Dependents_1": {
      "sdtype": "categorical"
    },
    "Dependents_2": {
      "sdtype": "categorical"
    },
    "Education_0": {
      "sdtype": "categorical"
    },
    "Education_1": {
      "sdtype": "categorical"
    },
    "Self_Employed_0": {
      "sdtype": "categorical"
    },
    "Self_Employed_1": {
      "sdtype": "categorical"
    },
    "ApplicantIncome": {
      "sdtype": "numerical"
    },
    "CoapplicantIncome": {
      "sdtype": "numerical"
    },
    "LoanAmount": {
      "sdtype": "numerical"
    },
    "Loan_Amount_Term": {
      "sdtype": "categorical"
    },
    "Credit_History": {
      "sdtype": "categorical"
    },
    "Property_Area_0": {
      "sdtype": "categorical"
    },
    "Property_Area_1": {
      "sdtype": "categorical"
    },
    "Loan_Status": {
      "sdtype": "categorical"
    }
  },
  "METADATA_SPEC_VERSION": "SINGLE_TABLE_V1"
}
2025-05-08 18:43:43,761 - INFO - [SYNTHETIC PIPELINE] Evaluating synthetic dataset generated by GaussianCopula...
2025-05-08 18:43:43,761 - INFO - [SYNTHETIC EVAL] Real data columns     (19): ['Gender_0', 'Gender_1', 'Married_0', 'Married_1', 'Dependents_0', 'Dependents_1', 'Dependents_2', 'Education_0', 'Education_1', 'Self_Employed_0', 'Self_Employed_1', 'ApplicantIncome', 'CoapplicantIncome', 'LoanAmount', 'Loan_Amount_Term', 'Credit_History', 'Property_Area_0', 'Property_Area_1', 'Loan_Status']
2025-05-08 18:43:43,761 - INFO - [SYNTHETIC EVAL] Synthetic data columns (19): ['Gender_0', 'Gender_1', 'Married_0', 'Married_1', 'Dependents_0', 'Dependents_1', 'Dependents_2', 'Education_0', 'Education_1', 'Self_Employed_0', 'Self_Employed_1', 'ApplicantIncome', 'CoapplicantIncome', 'LoanAmount', 'Loan_Amount_Term', 'Credit_History', 'Property_Area_0', 'Property_Area_1', 'Loan_Status']
2025-05-08 18:43:43,761 - INFO - [SYNTHETIC EVAL] Metadata columns      (19): ['Gender_0', 'Gender_1', 'Married_0', 'Married_1', 'Dependents_0', 'Dependents_1', 'Dependents_2', 'Education_0', 'Education_1', 'Self_Employed_0', 'Self_Employed_1', 'ApplicantIncome', 'CoapplicantIncome', 'LoanAmount', 'Loan_Amount_Term', 'Credit_History', 'Property_Area_0', 'Property_Area_1', 'Loan_Status']
2025-05-08 18:43:43,761 - INFO - [SYNTHETIC EVAL] Shape — Real: (336, 19), Synthetic: (336, 19)
2025-05-08 18:43:43,761 - INFO - [SYNTHETIC EVAL] Metadata structure:
{
  "columns": {
    "Gender_0": {
      "sdtype": "categorical"
    },
    "Gender_1": {
      "sdtype": "categorical"
    },
    "Married_0": {
      "sdtype": "categorical"
    },
    "Married_1": {
      "sdtype": "categorical"
    },
    "Dependents_0": {
      "sdtype": "categorical"
    },
    "Dependents_1": {
      "sdtype": "categorical"
    },
    "Dependents_2": {
      "sdtype": "categorical"
    },
    "Education_0": {
      "sdtype": "categorical"
    },
    "Education_1": {
      "sdtype": "categorical"
    },
    "Self_Employed_0": {
      "sdtype": "categorical"
    },
    "Self_Employed_1": {
      "sdtype": "categorical"
    },
    "ApplicantIncome": {
      "sdtype": "numerical"
    },
    "CoapplicantIncome": {
      "sdtype": "numerical"
    },
    "LoanAmount": {
      "sdtype": "numerical"
    },
    "Loan_Amount_Term": {
      "sdtype": "categorical"
    },
    "Credit_History": {
      "sdtype": "categorical"
    },
    "Property_Area_0": {
      "sdtype": "categorical"
    },
    "Property_Area_1": {
      "sdtype": "categorical"
    },
    "Loan_Status": {
      "sdtype": "categorical"
    }
  },
  "METADATA_SPEC_VERSION": "SINGLE_TABLE_V1"
}
2025-05-08 18:43:44,108 - INFO - [SYNTHETIC PIPELINE] Evaluating synthetic dataset generated by TVAE...
2025-05-08 18:43:44,108 - INFO - [SYNTHETIC EVAL] Real data columns     (19): ['Gender_0', 'Gender_1', 'Married_0', 'Married_1', 'Dependents_0', 'Dependents_1', 'Dependents_2', 'Education_0', 'Education_1', 'Self_Employed_0', 'Self_Employed_1', 'ApplicantIncome', 'CoapplicantIncome', 'LoanAmount', 'Loan_Amount_Term', 'Credit_History', 'Property_Area_0', 'Property_Area_1', 'Loan_Status']
2025-05-08 18:43:44,108 - INFO - [SYNTHETIC EVAL] Synthetic data columns (19): ['Gender_0', 'Gender_1', 'Married_0', 'Married_1', 'Dependents_0', 'Dependents_1', 'Dependents_2', 'Education_0', 'Education_1', 'Self_Employed_0', 'Self_Employed_1', 'ApplicantIncome', 'CoapplicantIncome', 'LoanAmount', 'Loan_Amount_Term', 'Credit_History', 'Property_Area_0', 'Property_Area_1', 'Loan_Status']
2025-05-08 18:43:44,108 - INFO - [SYNTHETIC EVAL] Metadata columns      (19): ['Gender_0', 'Gender_1', 'Married_0', 'Married_1', 'Dependents_0', 'Dependents_1', 'Dependents_2', 'Education_0', 'Education_1', 'Self_Employed_0', 'Self_Employed_1', 'ApplicantIncome', 'CoapplicantIncome', 'LoanAmount', 'Loan_Amount_Term', 'Credit_History', 'Property_Area_0', 'Property_Area_1', 'Loan_Status']
2025-05-08 18:43:44,108 - INFO - [SYNTHETIC EVAL] Shape — Real: (336, 19), Synthetic: (336, 19)
2025-05-08 18:43:44,108 - INFO - [SYNTHETIC EVAL] Metadata structure:
{
  "columns": {
    "Gender_0": {
      "sdtype": "categorical"
    },
    "Gender_1": {
      "sdtype": "categorical"
    },
    "Married_0": {
      "sdtype": "categorical"
    },
    "Married_1": {
      "sdtype": "categorical"
    },
    "Dependents_0": {
      "sdtype": "categorical"
    },
    "Dependents_1": {
      "sdtype": "categorical"
    },
    "Dependents_2": {
      "sdtype": "categorical"
    },
    "Education_0": {
      "sdtype": "categorical"
    },
    "Education_1": {
      "sdtype": "categorical"
    },
    "Self_Employed_0": {
      "sdtype": "categorical"
    },
    "Self_Employed_1": {
      "sdtype": "categorical"
    },
    "ApplicantIncome": {
      "sdtype": "numerical"
    },
    "CoapplicantIncome": {
      "sdtype": "numerical"
    },
    "LoanAmount": {
      "sdtype": "numerical"
    },
    "Loan_Amount_Term": {
      "sdtype": "categorical"
    },
    "Credit_History": {
      "sdtype": "categorical"
    },
    "Property_Area_0": {
      "sdtype": "categorical"
    },
    "Property_Area_1": {
      "sdtype": "categorical"
    },
    "Loan_Status": {
      "sdtype": "categorical"
    }
  },
  "METADATA_SPEC_VERSION": "SINGLE_TABLE_V1"
}
2025-05-08 18:43:44,468 - INFO -  [SYNTHETIC PIPELINE]  Synthetic Data Evaluation Completed.
2025-05-08 18:43:44,474 - INFO -  [SYNTHETIC PIPELINE] Synthetic Data Report Generated Successfully.
2025-05-08 18:43:44,578 - INFO - [HYBRID] Generated hybrid dataset shape for CTGAN: (336, 19)
2025-05-08 18:43:44,579 - INFO - [HYBRID] Target distribution for CTGAN: {'Y': 249, 'N': 87}
2025-05-08 18:43:44,580 - INFO -  [HYBRID] Saved hybrid dataset to /mnt/NVMETank/Projects/Students/Dele/A-STUDY-INTO-THE-QUALITY-AND-USABILITY-OF-PRIVACY-FRIENDLY-SYNTHETIC-DATA/datasets/hybrid/loan_k30_l5_sup20_CTGAN_HYBRID.csv
2025-05-08 18:43:44,581 - INFO - [HYBRID] Generated hybrid dataset shape for GaussianCopula: (336, 19)
2025-05-08 18:43:44,581 - INFO - [HYBRID] Target distribution for GaussianCopula: {'Y': 212, 'N': 124}
2025-05-08 18:43:44,582 - INFO -  [HYBRID] Saved hybrid dataset to /mnt/NVMETank/Projects/Students/Dele/A-STUDY-INTO-THE-QUALITY-AND-USABILITY-OF-PRIVACY-FRIENDLY-SYNTHETIC-DATA/datasets/hybrid/loan_k30_l5_sup20_GaussianCopula_HYBRID.csv
2025-05-08 18:43:44,583 - INFO - [HYBRID] Generated hybrid dataset shape for TVAE: (336, 19)
2025-05-08 18:43:44,583 - INFO - [HYBRID] Target distribution for TVAE: {'Y': 336}
2025-05-08 18:43:44,584 - INFO -  [HYBRID] Saved hybrid dataset to /mnt/NVMETank/Projects/Students/Dele/A-STUDY-INTO-THE-QUALITY-AND-USABILITY-OF-PRIVACY-FRIENDLY-SYNTHETIC-DATA/datasets/hybrid/loan_k30_l5_sup20_TVAE_HYBRID.csv
2025-05-08 18:43:44,584 - INFO -  [HYBRID] Hybrid pipeline complete — 3 dataset(s) ready.
2025-05-08 18:43:44,584 - INFO - [HYBRID] Total rows across all hybrid datasets: 1008
2025-05-08 18:43:44,585 - INFO - Hybrid pipeline completed successfully.
2025-05-08 18:43:44,585 - INFO - Hybrid pipeline duration: 27.70 seconds
2025-05-08 18:43:44,585 - INFO - Starting Utility...
2025-05-08 18:43:44,585 - INFO - [UTILITY] Preparing datasets for machine learning...
2025-05-08 18:43:44,585 - INFO - [UTILITY] Original Data - Training Size: 336, Testing Size: 144
2025-05-08 18:43:44,585 - INFO - [UTILITY] Target class distribution (Original): {'Y': 232, 'N': 104}
2025-05-08 18:43:44,586 - INFO - [UTILITY] Processing anonymized dataset...
2025-05-08 18:43:44,586 - INFO - [UTILITY] Anonymized Data - Training Size: 336
2025-05-08 18:43:44,586 - INFO - [UTILITY] Target class distribution (Anonymous): {'Y': 232, 'N': 104}
2025-05-08 18:43:44,586 - INFO - [UTILITY] Processing hybrid dataset generated by CTGAN...
2025-05-08 18:43:44,586 - INFO - [UTILITY] Hybrid Data (CTGAN_HYBRID) - Training Size: 336
2025-05-08 18:43:44,587 - INFO - [UTILITY] Target class distribution (CTGAN_HYBRID): {'Y': 249, 'N': 87}
2025-05-08 18:43:44,587 - INFO - [UTILITY] Processing hybrid dataset generated by GaussianCopula...
2025-05-08 18:43:44,587 - INFO - [UTILITY] Hybrid Data (GaussianCopula_HYBRID) - Training Size: 336
2025-05-08 18:43:44,587 - INFO - [UTILITY] Target class distribution (GaussianCopula_HYBRID): {'Y': 212, 'N': 124}
2025-05-08 18:43:44,587 - WARNING -  Skipping hybrid dataset 'TVAE_HYBRID' - only one class in target.
2025-05-08 18:43:44,588 - INFO - [UTILITY] Training models on all datasets...
2025-05-08 18:43:44,588 - INFO - [UTILITY] Total datasets used for training: 4
2025-05-08 18:43:44,588 - INFO - [TRAINING] Training models from scratch...
2025-05-08 18:43:44,588 - INFO - [TRAINING] Starting training for dataset: Original — Rows: 336, Features: 18
2025-05-08 18:43:44,588 - INFO - [TRAINING] Training DecisionTree on Original...
2025-05-08 18:43:44,590 - INFO - [TRAINING] DecisionTree trained successfully on Original in 0.00 sec
2025-05-08 18:43:44,590 - INFO - [TRAINING] Training KNN on Original...
2025-05-08 18:43:44,591 - INFO - [TRAINING] KNN trained successfully on Original in 0.00 sec
2025-05-08 18:43:44,591 - INFO - [TRAINING] Training LogisticRegression on Original...
2025-05-08 18:43:44,598 - INFO - [TRAINING] LogisticRegression trained successfully on Original in 0.01 sec
2025-05-08 18:43:44,598 - INFO - [TRAINING] Training RandomForest on Original...
2025-05-08 18:43:44,702 - INFO - [TRAINING] RandomForest trained successfully on Original in 0.10 sec
2025-05-08 18:43:44,702 - INFO - [TRAINING] Training SVM on Original...
2025-05-08 18:43:44,706 - INFO - [TRAINING] SVM trained successfully on Original in 0.00 sec
2025-05-08 18:43:44,706 - INFO - [TRAINING] Finished training 5 model(s) for dataset: Original
2025-05-08 18:43:44,706 - INFO - [TRAINING] Starting training for dataset: Anonymous — Rows: 336, Features: 18
2025-05-08 18:43:44,706 - INFO - [TRAINING] Training DecisionTree on Anonymous...
2025-05-08 18:43:44,708 - INFO - [TRAINING] DecisionTree trained successfully on Anonymous in 0.00 sec
2025-05-08 18:43:44,708 - INFO - [TRAINING] Training KNN on Anonymous...
2025-05-08 18:43:44,709 - INFO - [TRAINING] KNN trained successfully on Anonymous in 0.00 sec
2025-05-08 18:43:44,709 - INFO - [TRAINING] Training LogisticRegression on Anonymous...
2025-05-08 18:43:44,713 - INFO - [TRAINING] LogisticRegression trained successfully on Anonymous in 0.00 sec
2025-05-08 18:43:44,713 - INFO - [TRAINING] Training RandomForest on Anonymous...
2025-05-08 18:43:44,799 - INFO - [TRAINING] RandomForest trained successfully on Anonymous in 0.09 sec
2025-05-08 18:43:44,799 - INFO - [TRAINING] Training SVM on Anonymous...
2025-05-08 18:43:44,803 - INFO - [TRAINING] SVM trained successfully on Anonymous in 0.00 sec
2025-05-08 18:43:44,803 - INFO - [TRAINING] Finished training 5 model(s) for dataset: Anonymous
2025-05-08 18:43:44,803 - INFO - [TRAINING] Starting training for dataset: CTGAN_HYBRID — Rows: 336, Features: 18
2025-05-08 18:43:44,803 - INFO - [TRAINING] Training DecisionTree on CTGAN_HYBRID...
2025-05-08 18:43:44,805 - INFO - [TRAINING] DecisionTree trained successfully on CTGAN_HYBRID in 0.00 sec
2025-05-08 18:43:44,806 - INFO - [TRAINING] Training KNN on CTGAN_HYBRID...
2025-05-08 18:43:44,807 - INFO - [TRAINING] KNN trained successfully on CTGAN_HYBRID in 0.00 sec
2025-05-08 18:43:44,807 - INFO - [TRAINING] Training LogisticRegression on CTGAN_HYBRID...
2025-05-08 18:43:44,817 - INFO - [TRAINING] LogisticRegression trained successfully on CTGAN_HYBRID in 0.01 sec
2025-05-08 18:43:44,817 - INFO - [TRAINING] Training RandomForest on CTGAN_HYBRID...
2025-05-08 18:43:44,938 - INFO - [TRAINING] RandomForest trained successfully on CTGAN_HYBRID in 0.12 sec
2025-05-08 18:43:44,938 - INFO - [TRAINING] Training SVM on CTGAN_HYBRID...
2025-05-08 18:43:44,942 - INFO - [TRAINING] SVM trained successfully on CTGAN_HYBRID in 0.00 sec
2025-05-08 18:43:44,942 - INFO - [TRAINING] Finished training 5 model(s) for dataset: CTGAN_HYBRID
2025-05-08 18:43:44,942 - INFO - [TRAINING] Starting training for dataset: GaussianCopula_HYBRID — Rows: 336, Features: 18
2025-05-08 18:43:44,942 - INFO - [TRAINING] Training DecisionTree on GaussianCopula_HYBRID...
2025-05-08 18:43:44,944 - INFO - [TRAINING] DecisionTree trained successfully on GaussianCopula_HYBRID in 0.00 sec
2025-05-08 18:43:44,944 - INFO - [TRAINING] Training KNN on GaussianCopula_HYBRID...
2025-05-08 18:43:44,945 - INFO - [TRAINING] KNN trained successfully on GaussianCopula_HYBRID in 0.00 sec
2025-05-08 18:43:44,945 - INFO - [TRAINING] Training LogisticRegression on GaussianCopula_HYBRID...
2025-05-08 18:43:44,948 - INFO - [TRAINING] LogisticRegression trained successfully on GaussianCopula_HYBRID in 0.00 sec
2025-05-08 18:43:44,948 - INFO - [TRAINING] Training RandomForest on GaussianCopula_HYBRID...
2025-05-08 18:43:45,056 - INFO - [TRAINING] RandomForest trained successfully on GaussianCopula_HYBRID in 0.11 sec
2025-05-08 18:43:45,056 - INFO - [TRAINING] Training SVM on GaussianCopula_HYBRID...
2025-05-08 18:43:45,060 - INFO - [TRAINING] SVM trained successfully on GaussianCopula_HYBRID in 0.00 sec
2025-05-08 18:43:45,060 - INFO - [TRAINING] Finished training 5 model(s) for dataset: GaussianCopula_HYBRID
2025-05-08 18:43:45,060 - INFO - [TRAINING] Total models trained across all datasets: 20
2025-05-08 18:43:45,061 - INFO - [UTILITY] Trained model names: ['Original', 'Anonymous', 'CTGAN_HYBRID', 'GaussianCopula_HYBRID']
2025-05-08 18:43:45,061 - INFO - [UTILITY] Model Training Completed.
2025-05-08 18:43:45,061 - INFO - Starting the Evaluating of models...
2025-05-08 18:43:45,061 - INFO - Preparing evaluation for model 'DecisionTree' across all datasets...
2025-05-08 18:43:45,061 - INFO - Evaluating DecisionTree on Original...
2025-05-08 18:43:45,062 - INFO - Predictions completed for DecisionTree on Original
2025-05-08 18:43:45,062 - INFO - Prediction distribution for DecisionTree on Original: {'Y': 91, 'N': 53}
2025-05-08 18:43:45,071 - INFO - Computed 8 metric(s) for DecisionTree on Original
2025-05-08 18:43:45,071 - INFO - Evaluating DecisionTree on Anonymous...
2025-05-08 18:43:45,072 - INFO - Predictions completed for DecisionTree on Anonymous
2025-05-08 18:43:45,073 - INFO - Prediction distribution for DecisionTree on Anonymous: {'N': 78, 'Y': 66}
2025-05-08 18:43:45,081 - INFO - Computed 8 metric(s) for DecisionTree on Anonymous
2025-05-08 18:43:45,081 - INFO - Evaluating DecisionTree on CTGAN_HYBRID...
2025-05-08 18:43:45,082 - INFO - Predictions completed for DecisionTree on CTGAN_HYBRID
2025-05-08 18:43:45,082 - INFO - Prediction distribution for DecisionTree on CTGAN_HYBRID: {'Y': 98, 'N': 46}
2025-05-08 18:43:45,091 - INFO - Computed 8 metric(s) for DecisionTree on CTGAN_HYBRID
2025-05-08 18:43:45,091 - INFO - Evaluating DecisionTree on GaussianCopula_HYBRID...
2025-05-08 18:43:45,092 - INFO - Predictions completed for DecisionTree on GaussianCopula_HYBRID
2025-05-08 18:43:45,092 - INFO - Prediction distribution for DecisionTree on GaussianCopula_HYBRID: {'Y': 81, 'N': 63}
2025-05-08 18:43:45,101 - INFO - Computed 8 metric(s) for DecisionTree on GaussianCopula_HYBRID
2025-05-08 18:43:45,101 - INFO - Preparing evaluation for model 'KNN' across all datasets...
2025-05-08 18:43:45,101 - INFO - Evaluating KNN on Original...
2025-05-08 18:43:45,125 - INFO - Predictions completed for KNN on Original
2025-05-08 18:43:45,126 - INFO - Prediction distribution for KNN on Original: {'Y': 115, 'N': 29}
2025-05-08 18:43:45,225 - INFO - Computed 8 metric(s) for KNN on Original
2025-05-08 18:43:45,225 - INFO - Evaluating KNN on Anonymous...
2025-05-08 18:43:45,231 - INFO - Predictions completed for KNN on Anonymous
2025-05-08 18:43:45,231 - INFO - Prediction distribution for KNN on Anonymous: {'Y': 114, 'N': 30}
2025-05-08 18:43:45,242 - INFO - Computed 8 metric(s) for KNN on Anonymous
2025-05-08 18:43:45,242 - INFO - Evaluating KNN on CTGAN_HYBRID...
2025-05-08 18:43:45,248 - INFO - Predictions completed for KNN on CTGAN_HYBRID
2025-05-08 18:43:45,248 - INFO - Prediction distribution for KNN on CTGAN_HYBRID: {'Y': 130, 'N': 14}
2025-05-08 18:43:45,259 - INFO - Computed 8 metric(s) for KNN on CTGAN_HYBRID
2025-05-08 18:43:45,259 - INFO - Evaluating KNN on GaussianCopula_HYBRID...
2025-05-08 18:43:45,264 - INFO - Predictions completed for KNN on GaussianCopula_HYBRID
2025-05-08 18:43:45,265 - INFO - Prediction distribution for KNN on GaussianCopula_HYBRID: {'Y': 104, 'N': 40}
2025-05-08 18:43:45,276 - INFO - Computed 8 metric(s) for KNN on GaussianCopula_HYBRID
2025-05-08 18:43:45,276 - INFO - Preparing evaluation for model 'LogisticRegression' across all datasets...
2025-05-08 18:43:45,276 - INFO - Evaluating LogisticRegression on Original...
2025-05-08 18:43:45,278 - INFO - Predictions completed for LogisticRegression on Original
2025-05-08 18:43:45,278 - INFO - Prediction distribution for LogisticRegression on Original: {'Y': 115, 'N': 29}
2025-05-08 18:43:45,291 - INFO - Computed 8 metric(s) for LogisticRegression on Original
2025-05-08 18:43:45,291 - INFO - Evaluating LogisticRegression on Anonymous...
2025-05-08 18:43:45,293 - INFO - Predictions completed for LogisticRegression on Anonymous
2025-05-08 18:43:45,293 - INFO - Prediction distribution for LogisticRegression on Anonymous: {'N': 95, 'Y': 49}
2025-05-08 18:43:45,306 - INFO - Computed 8 metric(s) for LogisticRegression on Anonymous
2025-05-08 18:43:45,306 - INFO - Evaluating LogisticRegression on CTGAN_HYBRID...
2025-05-08 18:43:45,307 - INFO - Predictions completed for LogisticRegression on CTGAN_HYBRID
2025-05-08 18:43:45,308 - INFO - Prediction distribution for LogisticRegression on CTGAN_HYBRID: {'Y': 131, 'N': 13}
2025-05-08 18:43:45,319 - INFO - Computed 8 metric(s) for LogisticRegression on CTGAN_HYBRID
2025-05-08 18:43:45,319 - INFO - Evaluating LogisticRegression on GaussianCopula_HYBRID...
2025-05-08 18:43:45,320 - INFO - Predictions completed for LogisticRegression on GaussianCopula_HYBRID
2025-05-08 18:43:45,320 - INFO - Prediction distribution for LogisticRegression on GaussianCopula_HYBRID: {'N': 88, 'Y': 56}
2025-05-08 18:43:45,331 - INFO - Computed 8 metric(s) for LogisticRegression on GaussianCopula_HYBRID
2025-05-08 18:43:45,332 - INFO - Preparing evaluation for model 'RandomForest' across all datasets...
2025-05-08 18:43:45,332 - INFO - Evaluating RandomForest on Original...
2025-05-08 18:43:45,338 - INFO - Predictions completed for RandomForest on Original
2025-05-08 18:43:45,338 - INFO - Prediction distribution for RandomForest on Original: {'Y': 107, 'N': 37}
2025-05-08 18:43:45,357 - INFO - Computed 8 metric(s) for RandomForest on Original
2025-05-08 18:43:45,357 - INFO - Evaluating RandomForest on Anonymous...
2025-05-08 18:43:45,364 - INFO - Predictions completed for RandomForest on Anonymous
2025-05-08 18:43:45,364 - INFO - Prediction distribution for RandomForest on Anonymous: {'N': 72, 'Y': 72}
2025-05-08 18:43:45,381 - INFO - Computed 8 metric(s) for RandomForest on Anonymous
2025-05-08 18:43:45,382 - INFO - Evaluating RandomForest on CTGAN_HYBRID...
2025-05-08 18:43:45,387 - INFO - Predictions completed for RandomForest on CTGAN_HYBRID
2025-05-08 18:43:45,387 - INFO - Prediction distribution for RandomForest on CTGAN_HYBRID: {'Y': 109, 'N': 35}
2025-05-08 18:43:45,410 - INFO - Computed 8 metric(s) for RandomForest on CTGAN_HYBRID
2025-05-08 18:43:45,410 - INFO - Evaluating RandomForest on GaussianCopula_HYBRID...
2025-05-08 18:43:45,415 - INFO - Predictions completed for RandomForest on GaussianCopula_HYBRID
2025-05-08 18:43:45,416 - INFO - Prediction distribution for RandomForest on GaussianCopula_HYBRID: {'Y': 106, 'N': 38}
2025-05-08 18:43:45,433 - INFO - Computed 8 metric(s) for RandomForest on GaussianCopula_HYBRID
2025-05-08 18:43:45,433 - INFO - Preparing evaluation for model 'SVM' across all datasets...
2025-05-08 18:43:45,433 - INFO - Evaluating SVM on Original...
2025-05-08 18:43:45,435 - INFO - Predictions completed for SVM on Original
2025-05-08 18:43:45,435 - INFO - Prediction distribution for SVM on Original: {'Y': 144}
2025-05-08 18:43:45,435 - WARNING -  [WARNING] :SVM on Original predicted only one class: {'Y'}
2025-05-08 18:43:45,437 - WARNING - [UndefinedMetricWarning] Precision is ill-defined and being set to 0.0 in labels with no predicted samples. Use `zero_division` parameter to control this behavior. (from /mnt/NVMETank/Projects/Students/Dele/A-STUDY-INTO-THE-QUALITY-AND-USABILITY-OF-PRIVACY-FRIENDLY-SYNTHETIC-DATA/.venv/lib/python3.12/site-packages/sklearn/metrics/_classification.py:1565)
2025-05-08 18:43:45,438 - WARNING - [UndefinedMetricWarning] Precision is ill-defined and being set to 0.0 in labels with no predicted samples. Use `zero_division` parameter to control this behavior. (from /mnt/NVMETank/Projects/Students/Dele/A-STUDY-INTO-THE-QUALITY-AND-USABILITY-OF-PRIVACY-FRIENDLY-SYNTHETIC-DATA/.venv/lib/python3.12/site-packages/sklearn/metrics/_classification.py:1565)
2025-05-08 18:43:45,440 - WARNING - [UndefinedMetricWarning] Precision is ill-defined and being set to 0.0 in labels with no predicted samples. Use `zero_division` parameter to control this behavior. (from /mnt/NVMETank/Projects/Students/Dele/A-STUDY-INTO-THE-QUALITY-AND-USABILITY-OF-PRIVACY-FRIENDLY-SYNTHETIC-DATA/.venv/lib/python3.12/site-packages/sklearn/metrics/_classification.py:1565)
2025-05-08 18:43:45,442 - INFO - Computed 8 metric(s) for SVM on Original
2025-05-08 18:43:45,442 - INFO - Evaluating SVM on Anonymous...
2025-05-08 18:43:45,446 - INFO - Predictions completed for SVM on Anonymous
2025-05-08 18:43:45,446 - INFO - Prediction distribution for SVM on Anonymous: {'Y': 144}
2025-05-08 18:43:45,446 - WARNING -  [WARNING] :SVM on Anonymous predicted only one class: {'Y'}
2025-05-08 18:43:45,448 - WARNING - [UndefinedMetricWarning] Precision is ill-defined and being set to 0.0 in labels with no predicted samples. Use `zero_division` parameter to control this behavior. (from /mnt/NVMETank/Projects/Students/Dele/A-STUDY-INTO-THE-QUALITY-AND-USABILITY-OF-PRIVACY-FRIENDLY-SYNTHETIC-DATA/.venv/lib/python3.12/site-packages/sklearn/metrics/_classification.py:1565)
2025-05-08 18:43:45,450 - WARNING - [UndefinedMetricWarning] Precision is ill-defined and being set to 0.0 in labels with no predicted samples. Use `zero_division` parameter to control this behavior. (from /mnt/NVMETank/Projects/Students/Dele/A-STUDY-INTO-THE-QUALITY-AND-USABILITY-OF-PRIVACY-FRIENDLY-SYNTHETIC-DATA/.venv/lib/python3.12/site-packages/sklearn/metrics/_classification.py:1565)
2025-05-08 18:43:45,451 - WARNING - [UndefinedMetricWarning] Precision is ill-defined and being set to 0.0 in labels with no predicted samples. Use `zero_division` parameter to control this behavior. (from /mnt/NVMETank/Projects/Students/Dele/A-STUDY-INTO-THE-QUALITY-AND-USABILITY-OF-PRIVACY-FRIENDLY-SYNTHETIC-DATA/.venv/lib/python3.12/site-packages/sklearn/metrics/_classification.py:1565)
2025-05-08 18:43:45,453 - INFO - Computed 8 metric(s) for SVM on Anonymous
2025-05-08 18:43:45,453 - INFO - Evaluating SVM on CTGAN_HYBRID...
2025-05-08 18:43:45,455 - INFO - Predictions completed for SVM on CTGAN_HYBRID
2025-05-08 18:43:45,455 - INFO - Prediction distribution for SVM on CTGAN_HYBRID: {'Y': 144}
2025-05-08 18:43:45,455 - WARNING -  [WARNING] :SVM on CTGAN_HYBRID predicted only one class: {'Y'}
2025-05-08 18:43:45,457 - WARNING - [UndefinedMetricWarning] Precision is ill-defined and being set to 0.0 in labels with no predicted samples. Use `zero_division` parameter to control this behavior. (from /mnt/NVMETank/Projects/Students/Dele/A-STUDY-INTO-THE-QUALITY-AND-USABILITY-OF-PRIVACY-FRIENDLY-SYNTHETIC-DATA/.venv/lib/python3.12/site-packages/sklearn/metrics/_classification.py:1565)
2025-05-08 18:43:45,458 - WARNING - [UndefinedMetricWarning] Precision is ill-defined and being set to 0.0 in labels with no predicted samples. Use `zero_division` parameter to control this behavior. (from /mnt/NVMETank/Projects/Students/Dele/A-STUDY-INTO-THE-QUALITY-AND-USABILITY-OF-PRIVACY-FRIENDLY-SYNTHETIC-DATA/.venv/lib/python3.12/site-packages/sklearn/metrics/_classification.py:1565)
2025-05-08 18:43:45,459 - WARNING - [UndefinedMetricWarning] Precision is ill-defined and being set to 0.0 in labels with no predicted samples. Use `zero_division` parameter to control this behavior. (from /mnt/NVMETank/Projects/Students/Dele/A-STUDY-INTO-THE-QUALITY-AND-USABILITY-OF-PRIVACY-FRIENDLY-SYNTHETIC-DATA/.venv/lib/python3.12/site-packages/sklearn/metrics/_classification.py:1565)
2025-05-08 18:43:45,461 - INFO - Computed 8 metric(s) for SVM on CTGAN_HYBRID
2025-05-08 18:43:45,461 - INFO - Evaluating SVM on GaussianCopula_HYBRID...
2025-05-08 18:43:45,463 - INFO - Predictions completed for SVM on GaussianCopula_HYBRID
2025-05-08 18:43:45,464 - INFO - Prediction distribution for SVM on GaussianCopula_HYBRID: {'Y': 144}
2025-05-08 18:43:45,464 - WARNING -  [WARNING] :SVM on GaussianCopula_HYBRID predicted only one class: {'Y'}
2025-05-08 18:43:45,465 - WARNING - [UndefinedMetricWarning] Precision is ill-defined and being set to 0.0 in labels with no predicted samples. Use `zero_division` parameter to control this behavior. (from /mnt/NVMETank/Projects/Students/Dele/A-STUDY-INTO-THE-QUALITY-AND-USABILITY-OF-PRIVACY-FRIENDLY-SYNTHETIC-DATA/.venv/lib/python3.12/site-packages/sklearn/metrics/_classification.py:1565)
2025-05-08 18:43:45,467 - WARNING - [UndefinedMetricWarning] Precision is ill-defined and being set to 0.0 in labels with no predicted samples. Use `zero_division` parameter to control this behavior. (from /mnt/NVMETank/Projects/Students/Dele/A-STUDY-INTO-THE-QUALITY-AND-USABILITY-OF-PRIVACY-FRIENDLY-SYNTHETIC-DATA/.venv/lib/python3.12/site-packages/sklearn/metrics/_classification.py:1565)
2025-05-08 18:43:45,468 - WARNING - [UndefinedMetricWarning] Precision is ill-defined and being set to 0.0 in labels with no predicted samples. Use `zero_division` parameter to control this behavior. (from /mnt/NVMETank/Projects/Students/Dele/A-STUDY-INTO-THE-QUALITY-AND-USABILITY-OF-PRIVACY-FRIENDLY-SYNTHETIC-DATA/.venv/lib/python3.12/site-packages/sklearn/metrics/_classification.py:1565)
2025-05-08 18:43:45,470 - INFO - Computed 8 metric(s) for SVM on GaussianCopula_HYBRID
2025-05-08 18:43:45,473 - INFO - Evaluation completed for all models.
2025-05-08 18:43:45,473 - INFO - Model evaluation completed in 0.41 seconds.
2025-05-08 18:43:45,475 - INFO - Evaluated models: ['DecisionTree', 'KNN', 'LogisticRegression', 'RandomForest', 'SVM']
2025-05-08 18:43:45,475 - INFO - Model Training and Evaluation completed.
2025-05-08 18:43:46,050 - INFO -  Visualizations saved.
2025-05-08 18:43:46,051 - INFO -  Benchmarking Completed. Results saved in output folder.
