2025-04-17 11:41:42,837 - INFO - Loaded config file: configs/benchmark_config.yaml
2025-04-17 11:41:42,837 - INFO -  Benchmarking started for dataset: loan
2025-04-17 11:41:42,838 - INFO - Configuration loaded: enable_anonymization = True, enable_synthesis = True, enable_hybrid = True, enable_utility = True
2025-04-17 11:41:42,838 - INFO - Running preprocessing...
2025-04-17 11:41:42,941 - INFO - Saved raw train set to: datasets/train/loan_train_raw.csv
2025-04-17 11:41:42,941 - INFO - Saved encoded train set to: datasets/cleaned/loan_cleaned.csv
2025-04-17 11:41:42,942 - INFO - Saved encoded test set to: datasets/test/loan_test_set.csv
2025-04-17 11:41:42,947 - INFO - Preprocessing completed. Rows before: 614, after: 384
2025-04-17 11:41:42,947 - INFO - enable_anonymization = True
2025-04-17 11:41:42,951 - INFO - Running Java Anonymization Program...........
2025-04-17 11:41:42,952 - INFO - Using JAR file at C:\Users\delea\OneDrive\Documents\Desktop\Master_Thesis\MasterThesisCode\src\anonymization\anonymARXij\bin\anonymARXij.jar to anonymize the dataset.
2025-04-17 11:41:44,359 - INFO - Anonimized file saved to : C:\Users\delea\OneDrive\Documents\Desktop\Master_Thesis\MasterThesisCode\datasets\anonymized\loan_k5_l2_sup10_anonymized.csv
2025-04-17 11:41:44,359 - INFO - Java anonymization completed successfully.
2025-04-17 11:41:44,360 - INFO - Anonymized data saved to: C:\Users\delea\OneDrive\Documents\Desktop\Master_Thesis\MasterThesisCode\datasets\anonymized\loan_k5_l2_sup10_anonymized.csv
2025-04-17 11:41:44,404 - INFO - Loaded anonymized data: (384, 13)
2025-04-17 11:41:44,440 - INFO - Encoding applied to anonymized data. Encoded shape: (384, 12)
2025-04-17 11:41:44,443 - INFO - Encoded anonymized dataset saved to: C:\Users\delea\OneDrive\Documents\Desktop\Master_Thesis\MasterThesisCode\datasets\anonymized\loan_k5_l2_sup10_anonymized_encoded.csv
2025-04-17 11:41:44,449 - INFO - Deleted anonymized dataset: C:\Users\delea\OneDrive\Documents\Desktop\Master_Thesis\MasterThesisCode\datasets\anonymized\loan_k5_l2_sup10_anonymized.csv
2025-04-17 11:41:44,449 - INFO - enable_synthetic_generation = True
2025-04-17 11:41:44,450 - INFO - Starting standard synthetic data generation pipeline...
2025-04-17 11:41:44,450 - INFO - Executing run_synthetic...
2025-04-17 11:41:44,466 - INFO - Detected metadata:
2025-04-17 11:41:44,467 - INFO - {
    "METADATA_SPEC_VERSION": "SINGLE_TABLE_V1",
    "columns": {
        "Loan_ID_0": {
            "sdtype": "categorical"
        },
        "Loan_ID_1": {
            "sdtype": "categorical"
        },
        "Loan_ID_2": {
            "sdtype": "categorical"
        },
        "Loan_ID_3": {
            "sdtype": "categorical"
        },
        "Loan_ID_4": {
            "sdtype": "categorical"
        },
        "Loan_ID_5": {
            "sdtype": "categorical"
        },
        "Loan_ID_6": {
            "sdtype": "categorical"
        },
        "Loan_ID_7": {
            "sdtype": "categorical"
        },
        "Loan_ID_8": {
            "sdtype": "categorical"
        },
        "Gender_0": {
            "sdtype": "categorical"
        },
        "Gender_1": {
            "sdtype": "categorical"
        },
        "Married_0": {
            "sdtype": "categorical"
        },
        "Married_1": {
            "sdtype": "categorical"
        },
        "Dependents_0": {
            "sdtype": "categorical"
        },
        "Dependents_1": {
            "sdtype": "categorical"
        },
        "Dependents_2": {
            "sdtype": "categorical"
        },
        "Education_0": {
            "sdtype": "categorical"
        },
        "Education_1": {
            "sdtype": "categorical"
        },
        "Self_Employed_0": {
            "sdtype": "categorical"
        },
        "Self_Employed_1": {
            "sdtype": "categorical"
        },
        "ApplicantIncome": {
            "sdtype": "numerical"
        },
        "CoapplicantIncome": {
            "sdtype": "numerical"
        },
        "LoanAmount": {
            "sdtype": "numerical"
        },
        "Loan_Amount_Term": {
            "sdtype": "categorical"
        },
        "Credit_History": {
            "sdtype": "categorical"
        },
        "Property_Area_0": {
            "sdtype": "categorical"
        },
        "Property_Area_1": {
            "sdtype": "categorical"
        },
        "Loan_Status": {
            "sdtype": "categorical"
        }
    }
}
2025-04-17 11:41:44,473 - INFO - {'EVENT': 'Instance', 'TIMESTAMP': datetime.datetime(2025, 4, 17, 11, 41, 44, 473762), 'SYNTHESIZER CLASS NAME': 'CTGANSynthesizer', 'SYNTHESIZER ID': 'CTGANSynthesizer_1.16.1_7643aaaa84944910b14eccbae0b240cd'}
2025-04-17 11:41:44,474 - INFO - {'EVENT': 'Fit', 'TIMESTAMP': datetime.datetime(2025, 4, 17, 11, 41, 44, 474761), 'SYNTHESIZER CLASS NAME': 'CTGANSynthesizer', 'SYNTHESIZER ID': 'CTGANSynthesizer_1.16.1_7643aaaa84944910b14eccbae0b240cd', 'TOTAL NUMBER OF TABLES': 1, 'TOTAL NUMBER OF ROWS': 384, 'TOTAL NUMBER OF COLUMNS': 28}
2025-04-17 11:41:44,477 - INFO - Fitting table  metadata
2025-04-17 11:41:44,478 - INFO - Fitting formatters for table 
2025-04-17 11:41:44,483 - INFO - Fitting constraints for table 
2025-04-17 11:41:44,484 - INFO - Setting the configuration for the ``HyperTransformer`` for table 
2025-04-17 11:41:44,485 - INFO - Fitting HyperTransformer for table 
2025-04-17 11:41:44,499 - INFO - {'EVENT': 'Fit processed data', 'TIMESTAMP': datetime.datetime(2025, 4, 17, 11, 41, 44, 499762), 'SYNTHESIZER CLASS NAME': 'CTGANSynthesizer', 'SYNTHESIZER ID': 'CTGANSynthesizer_1.16.1_7643aaaa84944910b14eccbae0b240cd', 'TOTAL NUMBER OF TABLES': 1, 'TOTAL NUMBER OF ROWS': 384, 'TOTAL NUMBER OF COLUMNS': 28}
2025-04-17 11:41:44,521 - INFO - Guidance: There are no missing values in column ApplicantIncome. Extra column not created.
2025-04-17 11:41:44,801 - INFO - Guidance: There are no missing values in column CoapplicantIncome. Extra column not created.
2025-04-17 11:41:44,848 - INFO - Guidance: There are no missing values in column LoanAmount. Extra column not created.
2025-04-17 11:42:12,406 - INFO - {'EVENT': 'Save', 'TIMESTAMP': datetime.datetime(2025, 4, 17, 11, 42, 12, 406439), 'SYNTHESIZER CLASS NAME': 'CTGANSynthesizer', 'SYNTHESIZER ID': 'CTGANSynthesizer_1.16.1_7643aaaa84944910b14eccbae0b240cd'}
2025-04-17 11:42:12,430 - INFO - {'EVENT': 'Instance', 'TIMESTAMP': datetime.datetime(2025, 4, 17, 11, 42, 12, 430433), 'SYNTHESIZER CLASS NAME': 'TVAESynthesizer', 'SYNTHESIZER ID': 'TVAESynthesizer_1.16.1_c66b1fd157744c018924f396bb373a80'}
2025-04-17 11:42:12,430 - INFO - {'EVENT': 'Fit', 'TIMESTAMP': datetime.datetime(2025, 4, 17, 11, 42, 12, 430433), 'SYNTHESIZER CLASS NAME': 'TVAESynthesizer', 'SYNTHESIZER ID': 'TVAESynthesizer_1.16.1_c66b1fd157744c018924f396bb373a80', 'TOTAL NUMBER OF TABLES': 1, 'TOTAL NUMBER OF ROWS': 384, 'TOTAL NUMBER OF COLUMNS': 28}
2025-04-17 11:42:12,431 - INFO - Fitting table  metadata
2025-04-17 11:42:12,432 - INFO - Fitting formatters for table 
2025-04-17 11:42:12,434 - INFO - Fitting constraints for table 
2025-04-17 11:42:12,434 - INFO - Setting the configuration for the ``HyperTransformer`` for table 
2025-04-17 11:42:12,436 - INFO - Fitting HyperTransformer for table 
2025-04-17 11:42:12,453 - INFO - {'EVENT': 'Fit processed data', 'TIMESTAMP': datetime.datetime(2025, 4, 17, 11, 42, 12, 453441), 'SYNTHESIZER CLASS NAME': 'TVAESynthesizer', 'SYNTHESIZER ID': 'TVAESynthesizer_1.16.1_c66b1fd157744c018924f396bb373a80', 'TOTAL NUMBER OF TABLES': 1, 'TOTAL NUMBER OF ROWS': 384, 'TOTAL NUMBER OF COLUMNS': 28}
2025-04-17 11:42:12,482 - INFO - Guidance: There are no missing values in column ApplicantIncome. Extra column not created.
2025-04-17 11:42:12,601 - INFO - Guidance: There are no missing values in column CoapplicantIncome. Extra column not created.
2025-04-17 11:42:12,661 - INFO - Guidance: There are no missing values in column LoanAmount. Extra column not created.
2025-04-17 11:42:19,379 - INFO - {'EVENT': 'Save', 'TIMESTAMP': datetime.datetime(2025, 4, 17, 11, 42, 19, 379684), 'SYNTHESIZER CLASS NAME': 'TVAESynthesizer', 'SYNTHESIZER ID': 'TVAESynthesizer_1.16.1_c66b1fd157744c018924f396bb373a80'}
2025-04-17 11:42:19,398 - INFO - {'EVENT': 'Instance', 'TIMESTAMP': datetime.datetime(2025, 4, 17, 11, 42, 19, 398465), 'SYNTHESIZER CLASS NAME': 'GaussianCopulaSynthesizer', 'SYNTHESIZER ID': 'GaussianCopulaSynthesizer_1.16.1_851ac131f7964bc3aaffa351dde24c58'}
2025-04-17 11:42:19,398 - INFO - {'EVENT': 'Fit', 'TIMESTAMP': datetime.datetime(2025, 4, 17, 11, 42, 19, 398465), 'SYNTHESIZER CLASS NAME': 'GaussianCopulaSynthesizer', 'SYNTHESIZER ID': 'GaussianCopulaSynthesizer_1.16.1_851ac131f7964bc3aaffa351dde24c58', 'TOTAL NUMBER OF TABLES': 1, 'TOTAL NUMBER OF ROWS': 384, 'TOTAL NUMBER OF COLUMNS': 28}
2025-04-17 11:42:19,400 - INFO - Fitting table  metadata
2025-04-17 11:42:19,401 - INFO - Fitting formatters for table 
2025-04-17 11:42:19,403 - INFO - Fitting constraints for table 
2025-04-17 11:42:19,403 - INFO - Setting the configuration for the ``HyperTransformer`` for table 
2025-04-17 11:42:19,412 - INFO - Fitting HyperTransformer for table 
2025-04-17 11:42:19,588 - INFO - {'EVENT': 'Fit processed data', 'TIMESTAMP': datetime.datetime(2025, 4, 17, 11, 42, 19, 588813), 'SYNTHESIZER CLASS NAME': 'GaussianCopulaSynthesizer', 'SYNTHESIZER ID': 'GaussianCopulaSynthesizer_1.16.1_851ac131f7964bc3aaffa351dde24c58', 'TOTAL NUMBER OF TABLES': 1, 'TOTAL NUMBER OF ROWS': 384, 'TOTAL NUMBER OF COLUMNS': 28}
2025-04-17 11:42:19,589 - INFO - Fitting GaussianMultivariate(distribution="{'Loan_ID_0': <class 'copulas.univariate.beta.BetaUnivariate'>, 'Loan_ID_1': <class 'copulas.univariate.beta.BetaUnivariate'>, 'Loan_ID_2': <class 'copulas.univariate.beta.BetaUnivariate'>, 'Loan_ID_3': <class 'copulas.univariate.beta.BetaUnivariate'>, 'Loan_ID_4': <class 'copulas.univariate.beta.BetaUnivariate'>, 'Loan_ID_5': <class 'copulas.univariate.beta.BetaUnivariate'>, 'Loan_ID_6': <class 'copulas.univariate.beta.BetaUnivariate'>, 'Loan_ID_7': <class 'copulas.univariate.beta.BetaUnivariate'>, 'Loan_ID_8': <class 'copulas.univariate.beta.BetaUnivariate'>, 'Gender_0': <class 'copulas.univariate.beta.BetaUnivariate'>, 'Gender_1': <class 'copulas.univariate.beta.BetaUnivariate'>, 'Married_0': <class 'copulas.univariate.beta.BetaUnivariate'>, 'Married_1': <class 'copulas.univariate.beta.BetaUnivariate'>, 'Dependents_0': <class 'copulas.univariate.beta.BetaUnivariate'>, 'Dependents_1': <class 'copulas.univariate.beta.BetaUnivariate'>, 'Dependents_2': <class 'copulas.univariate.beta.BetaUnivariate'>, 'Education_0': <class 'copulas.univariate.beta.BetaUnivariate'>, 'Education_1': <class 'copulas.univariate.beta.BetaUnivariate'>, 'Self_Employed_0': <class 'copulas.univariate.beta.BetaUnivariate'>, 'Self_Employed_1': <class 'copulas.univariate.beta.BetaUnivariate'>, 'ApplicantIncome': <class 'copulas.univariate.beta.BetaUnivariate'>, 'CoapplicantIncome': <class 'copulas.univariate.beta.BetaUnivariate'>, 'LoanAmount': <class 'copulas.univariate.beta.BetaUnivariate'>, 'Loan_Amount_Term': <class 'copulas.univariate.beta.BetaUnivariate'>, 'Credit_History': <class 'copulas.univariate.beta.BetaUnivariate'>, 'Property_Area_0': <class 'copulas.univariate.beta.BetaUnivariate'>, 'Property_Area_1': <class 'copulas.univariate.beta.BetaUnivariate'>, 'Loan_Status': <class 'copulas.univariate.beta.BetaUnivariate'>}")
2025-04-17 11:42:20,339 - INFO - {'EVENT': 'Save', 'TIMESTAMP': datetime.datetime(2025, 4, 17, 11, 42, 20, 339565), 'SYNTHESIZER CLASS NAME': 'GaussianCopulaSynthesizer', 'SYNTHESIZER ID': 'GaussianCopulaSynthesizer_1.16.1_851ac131f7964bc3aaffa351dde24c58'}
2025-04-17 11:42:20,447 - INFO - {'EVENT': 'Sample', 'TIMESTAMP': datetime.datetime(2025, 4, 17, 11, 42, 20, 353404), 'SYNTHESIZER CLASS NAME': 'CTGANSynthesizer', 'SYNTHESIZER ID': 'CTGANSynthesizer_1.16.1_7643aaaa84944910b14eccbae0b240cd', 'TOTAL NUMBER OF TABLES': 1, 'TOTAL NUMBER OF ROWS': 384, 'TOTAL NUMBER OF COLUMNS': 28}
2025-04-17 11:42:20,539 - INFO - {'EVENT': 'Sample', 'TIMESTAMP': datetime.datetime(2025, 4, 17, 11, 42, 20, 448970), 'SYNTHESIZER CLASS NAME': 'TVAESynthesizer', 'SYNTHESIZER ID': 'TVAESynthesizer_1.16.1_c66b1fd157744c018924f396bb373a80', 'TOTAL NUMBER OF TABLES': 1, 'TOTAL NUMBER OF ROWS': 384, 'TOTAL NUMBER OF COLUMNS': 28}
2025-04-17 11:42:20,671 - INFO - {'EVENT': 'Sample', 'TIMESTAMP': datetime.datetime(2025, 4, 17, 11, 42, 20, 540232), 'SYNTHESIZER CLASS NAME': 'GaussianCopulaSynthesizer', 'SYNTHESIZER ID': 'GaussianCopulaSynthesizer_1.16.1_851ac131f7964bc3aaffa351dde24c58', 'TOTAL NUMBER OF TABLES': 1, 'TOTAL NUMBER OF ROWS': 384, 'TOTAL NUMBER OF COLUMNS': 28}
2025-04-17 11:42:20,673 - INFO - Synthetic Data Generation Completed.
2025-04-17 11:42:28,026 - INFO - Synthetic Data Evaluation Completed.
2025-04-17 11:42:28,035 - INFO - Synthetic Data Report Generated Successfully.
2025-04-17 11:42:28,167 - INFO - Synthetic data generated with 3 synthesizer(s).
2025-04-17 11:42:28,167 - INFO - Running hybrid pipeline...
2025-04-17 11:42:28,167 - INFO - Executing run_hybrid …
2025-04-17 11:42:28,243 - INFO - [HYBRID] Synthesizing with CTGAN …
2025-04-17 11:42:28,245 - INFO - Executing run_synthetic...
2025-04-17 11:42:28,252 - INFO - Detected metadata:
2025-04-17 11:42:28,253 - INFO - {
    "METADATA_SPEC_VERSION": "SINGLE_TABLE_V1",
    "columns": {
        "Gender_0": {
            "sdtype": "categorical"
        },
        "Gender_1": {
            "sdtype": "categorical"
        },
        "Married_0": {
            "sdtype": "categorical"
        },
        "Married_1": {
            "sdtype": "categorical"
        },
        "Dependents_0": {
            "sdtype": "categorical"
        },
        "Dependents_1": {
            "sdtype": "categorical"
        },
        "Dependents_2": {
            "sdtype": "categorical"
        },
        "Education_0": {
            "sdtype": "categorical"
        },
        "Education_1": {
            "sdtype": "categorical"
        },
        "ApplicantIncome": {
            "sdtype": "numerical"
        },
        "Loan_Amount_Term": {
            "sdtype": "categorical"
        },
        "Loan_Status": {
            "sdtype": "categorical"
        }
    }
}
2025-04-17 11:42:28,257 - INFO - {'EVENT': 'Instance', 'TIMESTAMP': datetime.datetime(2025, 4, 17, 11, 42, 28, 257512), 'SYNTHESIZER CLASS NAME': 'CTGANSynthesizer', 'SYNTHESIZER ID': 'CTGANSynthesizer_1.16.1_28d0b505030b49c0bf8f76d664780c4e'}
2025-04-17 11:42:28,257 - INFO - {'EVENT': 'Fit', 'TIMESTAMP': datetime.datetime(2025, 4, 17, 11, 42, 28, 257512), 'SYNTHESIZER CLASS NAME': 'CTGANSynthesizer', 'SYNTHESIZER ID': 'CTGANSynthesizer_1.16.1_28d0b505030b49c0bf8f76d664780c4e', 'TOTAL NUMBER OF TABLES': 1, 'TOTAL NUMBER OF ROWS': 384, 'TOTAL NUMBER OF COLUMNS': 12}
2025-04-17 11:42:28,258 - INFO - Fitting table  metadata
2025-04-17 11:42:28,259 - INFO - Fitting formatters for table 
2025-04-17 11:42:28,261 - INFO - Fitting constraints for table 
2025-04-17 11:42:28,261 - INFO - Setting the configuration for the ``HyperTransformer`` for table 
2025-04-17 11:42:28,262 - INFO - Fitting HyperTransformer for table 
2025-04-17 11:42:28,268 - INFO - {'EVENT': 'Fit processed data', 'TIMESTAMP': datetime.datetime(2025, 4, 17, 11, 42, 28, 268537), 'SYNTHESIZER CLASS NAME': 'CTGANSynthesizer', 'SYNTHESIZER ID': 'CTGANSynthesizer_1.16.1_28d0b505030b49c0bf8f76d664780c4e', 'TOTAL NUMBER OF TABLES': 1, 'TOTAL NUMBER OF ROWS': 384, 'TOTAL NUMBER OF COLUMNS': 12}
2025-04-17 11:42:28,279 - INFO - Guidance: There are no missing values in column ApplicantIncome. Extra column not created.
2025-04-17 11:42:42,128 - INFO - {'EVENT': 'Save', 'TIMESTAMP': datetime.datetime(2025, 4, 17, 11, 42, 42, 128414), 'SYNTHESIZER CLASS NAME': 'CTGANSynthesizer', 'SYNTHESIZER ID': 'CTGANSynthesizer_1.16.1_28d0b505030b49c0bf8f76d664780c4e'}
2025-04-17 11:42:42,183 - INFO - {'EVENT': 'Sample', 'TIMESTAMP': datetime.datetime(2025, 4, 17, 11, 42, 42, 142259), 'SYNTHESIZER CLASS NAME': 'CTGANSynthesizer', 'SYNTHESIZER ID': 'CTGANSynthesizer_1.16.1_28d0b505030b49c0bf8f76d664780c4e', 'TOTAL NUMBER OF TABLES': 1, 'TOTAL NUMBER OF ROWS': 384, 'TOTAL NUMBER OF COLUMNS': 12}
2025-04-17 11:42:42,184 - INFO - Synthetic Data Generation Completed.
2025-04-17 11:42:42,601 - INFO - Synthetic Data Evaluation Completed.
2025-04-17 11:42:42,603 - INFO - Synthetic Data Report Generated Successfully.
2025-04-17 11:42:42,637 - ERROR - Hybrid pipeline failed: not enough values to unpack (expected 2, got 1)
2025-04-17 11:42:42,637 - INFO - Preparing datasets for machine learning...
2025-04-17 11:42:42,639 - INFO - Original Data - Training Size: 384, Testing Size: 96
2025-04-17 11:42:42,639 - INFO - Processing synthetic dataset generated by CTGAN...
2025-04-17 11:42:42,641 - INFO - Synthetic Data (CTGAN) - Training Size: 384
2025-04-17 11:42:42,641 - INFO - Processing synthetic dataset generated by TVAE...
2025-04-17 11:42:42,642 - INFO - Synthetic Data (TVAE) - Training Size: 384
2025-04-17 11:42:42,642 - INFO - Processing synthetic dataset generated by GaussianCopula...
2025-04-17 11:42:42,643 - INFO - Synthetic Data (GaussianCopula) - Training Size: 384
2025-04-17 11:42:42,643 - INFO - Processing anonymized dataset...
2025-04-17 11:42:42,644 - INFO - Anonymized Data - Training Size: 384
2025-04-17 11:42:42,644 - INFO - Training models on all datasets...
2025-04-17 11:42:47,187 - INFO - Model Training Completed.
2025-04-17 11:42:47,187 - INFO - Evaluating models...
