2025-04-08 19:31:51,661 - INFO - Loaded config file: configs/generated_configs/loan\loan_anon_k2_l5_sl0.01.yaml
2025-04-08 19:31:51,662 - INFO -  Benchmarking started for dataset: loan
2025-04-08 19:31:51,662 - INFO - Configuration loaded: enable_anonymization = True, enable_synthesis = False
2025-04-08 19:31:51,663 - INFO - Running preprocessing...
2025-04-08 19:31:51,669 - INFO - Preprocessed files found. Skipping preprocessing.
2025-04-08 19:31:51,684 - INFO - Preprocessing completed. Rows before: 614, after: 384
2025-04-08 19:31:51,685 - INFO - enable_anonymization = None
2025-04-08 19:31:53,073 - INFO - Running Java Anonymization Program...
2025-04-08 19:31:54,431 - INFO - Anonymized data saved to: C:\Users\delea\OneDrive\Documents\Desktop\Master_Thesis\MasterThesisCode\datasets\anonymized\loan_anonymized.csv
2025-04-08 19:31:54,461 - INFO - Loaded anonymized data: (384, 13)
2025-04-08 19:31:54,503 - INFO - Encoding applied to anonymized data. Encoded shape: (384, 12)
2025-04-08 19:31:54,507 - INFO - Encoded anonymized dataset saved to: datasets/anonymized/loan_anonymized_encoded.csv
2025-04-08 19:31:54,508 - INFO - enable_synthetic_generation = False
2025-04-08 19:31:54,509 - INFO - Synthetic Data Generation Skipped (Disabled in Configuration).
2025-04-08 19:31:54,509 - INFO - Synthetic data generated with 0 synthesizers.
2025-04-08 19:31:54,509 - INFO - Preparing datasets for machine learning...
2025-04-08 19:31:54,511 - INFO - Original Data - Training Size: 384, Testing Size: 96
2025-04-08 19:31:54,511 - INFO - Processing anonymized dataset...
2025-04-08 19:31:54,512 - INFO - Anonymized Data - Training Size: 384
2025-04-08 19:31:54,513 - INFO - Training models on all datasets...
2025-04-08 19:31:55,688 - INFO - Model Training Completed.
2025-04-08 19:31:55,688 - INFO - Evaluating models...
2025-04-08 19:31:55,923 - INFO - Model Training and Evaluation completed.
2025-04-08 19:31:56,471 - INFO -  Visualizations saved.
2025-04-08 19:31:56,472 - INFO -  Benchmarking Completed. Results saved in output folder.
