2025-05-08 19:00:07,340 - INFO - Loaded config file: configs/generated_configs/loan/loan_anon_k2_sl0p5_l10.yaml
2025-05-08 19:00:07,341 - INFO -  Benchmarking started for dataset: loan
2025-05-08 19:00:07,341 - INFO - Using dataset path: /mnt/NVMETank/Projects/Students/Dele/A-STUDY-INTO-THE-QUALITY-AND-USABILITY-OF-PRIVACY-FRIENDLY-SYNTHETIC-DATA/datasets/original/loan.csv
2025-05-08 19:00:07,341 - INFO - Target column: Loan_Status, separator: ','
2025-05-08 19:00:07,341 - INFO - Configuration loaded: enable_anonymization = True, enable_synthesis = False, enable_hybrid = True, enable_utility = True, delete_after_evaluation = False
2025-05-08 19:00:07,341 - INFO - Running preprocessing...
2025-05-08 19:00:07,345 - INFO -  [PREPROCESSING] Preprocessed files found. Skipping preprocessing.
2025-05-08 19:00:07,354 - INFO - Preprocessing completed. Rows before: 614, after: 336
2025-05-08 19:00:07,354 - INFO - Preprocessed data saved to: outputs/batch/loan_batch_2025-05-08_18-38-44/loan_anon_k2_sl0p5_l10/preprocessing_report.txt
2025-05-08 19:00:07,354 - INFO - enable_anonymization = True
2025-05-08 19:00:07,354 - INFO - Starting Anonymization Pipeline with output path: /mnt/NVMETank/Projects/Students/Dele/A-STUDY-INTO-THE-QUALITY-AND-USABILITY-OF-PRIVACY-FRIENDLY-SYNTHETIC-DATA/datasets/anonymized/loan_k2_l10_sup50_anonymized.csv.......
2025-05-08 19:00:07,358 - INFO -  [ANONYMIZATION] Executing run_anonymization, config_path : configs/generated_configs/loan/loan_anon_k2_sl0p5_l10.yaml...........
2025-05-08 19:00:07,359 - INFO -  [ANONYMIZATION] Using JAR file at /mnt/NVMETank/Projects/Students/Dele/A-STUDY-INTO-THE-QUALITY-AND-USABILITY-OF-PRIVACY-FRIENDLY-SYNTHETIC-DATA/src/anonymization/anonymARXij/bin/anonymARXij.jar to anonymize the dataset.
2025-05-08 19:00:08,689 - INFO -  [ANONYMIZATION] Anonimized file saved to : /mnt/NVMETank/Projects/Students/Dele/A-STUDY-INTO-THE-QUALITY-AND-USABILITY-OF-PRIVACY-FRIENDLY-SYNTHETIC-DATA/datasets/anonymized/loan_k2_l10_sup50_anonymized.csv
2025-05-08 19:00:08,689 - INFO -  [ANONYMIZATION] Java anonymization completed successfully.
2025-05-08 19:00:08,689 - INFO -  [ANONYMIZATION] Java STDOUT:
📄 Java received config path: /mnt/NVMETank/Projects/Students/Dele/A-STUDY-INTO-THE-QUALITY-AND-USABILITY-OF-PRIVACY-FRIENDLY-SYNTHETIC-DATA/configs/generated_configs/loan/loan_anon_k2_sl0p5_l10.yaml
🔹 Loading config from: /mnt/NVMETank/Projects/Students/Dele/A-STUDY-INTO-THE-QUALITY-AND-USABILITY-OF-PRIVACY-FRIENDLY-SYNTHETIC-DATA/configs/generated_configs/loan/loan_anon_k2_sl0p5_l10.yaml
Loading config from: /mnt/NVMETank/Projects/Students/Dele/A-STUDY-INTO-THE-QUALITY-AND-USABILITY-OF-PRIVACY-FRIENDLY-SYNTHETIC-DATA/configs/generated_configs/loan/loan_anon_k2_sl0p5_l10.yaml
📂 Dataset Path (from args): /mnt/NVMETank/Projects/Students/Dele/A-STUDY-INTO-THE-QUALITY-AND-USABILITY-OF-PRIVACY-FRIENDLY-SYNTHETIC-DATA/datasets/train/loan_train_raw.csv
🔹 Dataset Separator: ,
🔹 Suppression Limit: 0.5

🔹 Configured Attributes:
  ✅ Quasi-Identifier: Gender
  ✅ Quasi-Identifier: Married
  ✅ Quasi-Identifier: Education
  ✅ Quasi-Identifier: Dependents
  ✅ Quasi-Identifier: Self_Employed
  ✅ Quasi-Identifier: Property_Area
  ✅ Quasi-Identifier: Credit_History
  ✅ Quasi-Identifier: Loan_Amount_Term
  ✅ Sensitive Attribute: LoanAmount
  ✅ Insensitive Attribute: Loan_Status
  ✅ Insensitive Attribute: ApplicantIncome
  ✅ Insensitive Attribute: CoapplicantIncome

🔹 Defined Hierarchies:
  ✅ Property_Area -> /mnt/NVMETank/Projects/Students/Dele/A-STUDY-INTO-THE-QUALITY-AND-USABILITY-OF-PRIVACY-FRIENDLY-SYNTHETIC-DATA/src/anonymization/anonymARXij/src/hierarchies_loan/property_area.csv
  ✅ Self_Employed -> /mnt/NVMETank/Projects/Students/Dele/A-STUDY-INTO-THE-QUALITY-AND-USABILITY-OF-PRIVACY-FRIENDLY-SYNTHETIC-DATA/src/anonymization/anonymARXij/src/hierarchies_loan/self_employed.csv
  ✅ Credit_History -> /mnt/NVMETank/Projects/Students/Dele/A-STUDY-INTO-THE-QUALITY-AND-USABILITY-OF-PRIVACY-FRIENDLY-SYNTHETIC-DATA/src/anonymization/anonymARXij/src/hierarchies_loan/credit_history.csv
  ✅ Dependents -> /mnt/NVMETank/Projects/Students/Dele/A-STUDY-INTO-THE-QUALITY-AND-USABILITY-OF-PRIVACY-FRIENDLY-SYNTHETIC-DATA/src/anonymization/anonymARXij/src/hierarchies_loan/dependents.csv
  ✅ Education -> /mnt/NVMETank/Projects/Students/Dele/A-STUDY-INTO-THE-QUALITY-AND-USABILITY-OF-PRIVACY-FRIENDLY-SYNTHETIC-DATA/src/anonymization/anonymARXij/src/hierarchies_loan/education.csv
  ✅ Loan_Amount_Term -> /mnt/NVMETank/Projects/Students/Dele/A-STUDY-INTO-THE-QUALITY-AND-USABILITY-OF-PRIVACY-FRIENDLY-SYNTHETIC-DATA/src/anonymization/anonymARXij/src/hierarchies_loan/loan_amount_terms.csv
  ✅ Married -> /mnt/NVMETank/Projects/Students/Dele/A-STUDY-INTO-THE-QUALITY-AND-USABILITY-OF-PRIVACY-FRIENDLY-SYNTHETIC-DATA/src/anonymization/anonymARXij/src/hierarchies_loan/married.csv
  ✅ Gender -> /mnt/NVMETank/Projects/Students/Dele/A-STUDY-INTO-THE-QUALITY-AND-USABILITY-OF-PRIVACY-FRIENDLY-SYNTHETIC-DATA/src/anonymization/anonymARXij/src/hierarchies_loan/gender.csv
Java is searching for hierarchy file at: /mnt/NVMETank/Projects/Students/Dele/A-STUDY-INTO-THE-QUALITY-AND-USABILITY-OF-PRIVACY-FRIENDLY-SYNTHETIC-DATA/src/anonymization/anonymARXij/src/hierarchies_loan/property_area.csv
Java is searching for hierarchy file at: /mnt/NVMETank/Projects/Students/Dele/A-STUDY-INTO-THE-QUALITY-AND-USABILITY-OF-PRIVACY-FRIENDLY-SYNTHETIC-DATA/src/anonymization/anonymARXij/src/hierarchies_loan/self_employed.csv
Java is searching for hierarchy file at: /mnt/NVMETank/Projects/Students/Dele/A-STUDY-INTO-THE-QUALITY-AND-USABILITY-OF-PRIVACY-FRIENDLY-SYNTHETIC-DATA/src/anonymization/anonymARXij/src/hierarchies_loan/credit_history.csv
Java is searching for hierarchy file at: /mnt/NVMETank/Projects/Students/Dele/A-STUDY-INTO-THE-QUALITY-AND-USABILITY-OF-PRIVACY-FRIENDLY-SYNTHETIC-DATA/src/anonymization/anonymARXij/src/hierarchies_loan/dependents.csv
Java is searching for hierarchy file at: /mnt/NVMETank/Projects/Students/Dele/A-STUDY-INTO-THE-QUALITY-AND-USABILITY-OF-PRIVACY-FRIENDLY-SYNTHETIC-DATA/src/anonymization/anonymARXij/src/hierarchies_loan/education.csv
Java is searching for hierarchy file at: /mnt/NVMETank/Projects/Students/Dele/A-STUDY-INTO-THE-QUALITY-AND-USABILITY-OF-PRIVACY-FRIENDLY-SYNTHETIC-DATA/src/anonymization/anonymARXij/src/hierarchies_loan/loan_amount_terms.csv
Java is searching for hierarchy file at: /mnt/NVMETank/Projects/Students/Dele/A-STUDY-INTO-THE-QUALITY-AND-USABILITY-OF-PRIVACY-FRIENDLY-SYNTHETIC-DATA/src/anonymization/anonymARXij/src/hierarchies_loan/married.csv
Java is searching for hierarchy file at: /mnt/NVMETank/Projects/Students/Dele/A-STUDY-INTO-THE-QUALITY-AND-USABILITY-OF-PRIVACY-FRIENDLY-SYNTHETIC-DATA/src/anonymization/anonymARXij/src/hierarchies_loan/gender.csv
✓ Applied Entropy L-Diversity on: LoanAmount (l=10)
🔹 Privacy Models Configured
📂 Anonymized Output Path (from args): /mnt/NVMETank/Projects/Students/Dele/A-STUDY-INTO-THE-QUALITY-AND-USABILITY-OF-PRIVACY-FRIENDLY-SYNTHETIC-DATA/datasets/anonymized/loan_k2_l10_sup50_anonymized.csv
📂 Anonymized Output Path: /mnt/NVMETank/Projects/Students/Dele/A-STUDY-INTO-THE-QUALITY-AND-USABILITY-OF-PRIVACY-FRIENDLY-SYNTHETIC-DATA/datasets/anonymized/loan_k2_l10_sup50_anonymized.csv
✅ Anonymization completed. Output saved to: /mnt/NVMETank/Projects/Students/Dele/A-STUDY-INTO-THE-QUALITY-AND-USABILITY-OF-PRIVACY-FRIENDLY-SYNTHETIC-DATA/datasets/anonymized/loan_k2_l10_sup50_anonymized.csv
Anonymized Data Quality Metrics:
 - Ambiguity: 0.9010629045006432
 - AECS: 0.9235339001526052
 - Discernibility: 0.8123260688857566
 - Granularity: 0.48999173802012996
 - MSE: 0.08587749615975426
 - Non-Uniform Entropy: 0.4235697854002125
 - Precision: 0.5139508928571429
 - Record-level SE: 0.2716500778373895
Equivalence Class Statistics:
 - Number of Classes: 11
 - Average Class Size: 27.90909090909091
Suppression Statistics:
 - Suppressed Records: 29
 - Suppression Percentage: 8.63%
2025-05-08 19:00:08,689 - INFO - Anonymized data saved to: /mnt/NVMETank/Projects/Students/Dele/A-STUDY-INTO-THE-QUALITY-AND-USABILITY-OF-PRIVACY-FRIENDLY-SYNTHETIC-DATA/datasets/anonymized/loan_k2_l10_sup50_anonymized.csv
2025-05-08 19:00:08,698 - INFO - Anonymous data report saved at: outputs/batch/loan_batch_2025-05-08_18-38-44/loan_anon_k2_sl0p5_l10/anonymous_data_report.txt
2025-05-08 19:00:08,698 - INFO -  [POSTPROCESSING] Postprocessing anonymized data: /mnt/NVMETank/Projects/Students/Dele/A-STUDY-INTO-THE-QUALITY-AND-USABILITY-OF-PRIVACY-FRIENDLY-SYNTHETIC-DATA/datasets/anonymized/loan_k2_l10_sup50_anonymized.csv
2025-05-08 19:00:08,699 - INFO -  [POSTPROCESSING] Loaded anonymized data: (336, 12)
2025-05-08 19:00:08,703 - INFO -  [POSTPROCESSING] Loaded fallback maps from training data. Categorical cols: 7, Numeric cols: 5
2025-05-08 19:00:08,703 - INFO -  [POSTPROCESSING] Normalizing anonymized data using ARX artifact cleaning and fallback values.
2025-05-08 19:00:08,716 - INFO -  [POSTPROCESSING] Normalized anonymized data saved to: /mnt/NVMETank/Projects/Students/Dele/A-STUDY-INTO-THE-QUALITY-AND-USABILITY-OF-PRIVACY-FRIENDLY-SYNTHETIC-DATA/datasets/anonymized/loan_k2_l10_sup50_anonymized_processed.csv
2025-05-08 19:00:08,724 - INFO -  [POSTPROCESSING] Binary Encoding applied to anonymized data. Encoded shape: (336, 19)
2025-05-08 19:00:08,725 - INFO -  [POSTPROCESSING] Encoded anonymized dataset saved to: /mnt/NVMETank/Projects/Students/Dele/A-STUDY-INTO-THE-QUALITY-AND-USABILITY-OF-PRIVACY-FRIENDLY-SYNTHETIC-DATA/datasets/anonymized/loan_k2_l10_sup50_anonymized_encoded.csv
2025-05-08 19:00:08,725 - INFO -  [POSTPROCESSING] Encoding map generated for anonymized data: 0 original categorical columns.
2025-05-08 19:00:08,725 - INFO - Postprocessing report saved at: outputs/batch/loan_batch_2025-05-08_18-38-44/loan_anon_k2_sl0p5_l10/postprocessing_report.txt
2025-05-08 19:00:08,726 - INFO - enable_synthetic_generation = False
2025-05-08 19:00:08,726 - INFO - Synthetic Data Generation Skipped (Disabled in Configuration).
2025-05-08 19:00:08,726 - INFO - Running Hybrid Pipeline...
2025-05-08 19:00:08,726 - INFO -  [HYBRID] Executing run_hybrid...
2025-05-08 19:00:08,726 - INFO -  [HYBRID] Looking for encoded anonymized data in /mnt/NVMETank/Projects/Students/Dele/A-STUDY-INTO-THE-QUALITY-AND-USABILITY-OF-PRIVACY-FRIENDLY-SYNTHETIC-DATA/datasets/anonymized/loan_k2_l10_sup50_anonymized_encoded.csv
2025-05-08 19:00:08,726 - INFO -  [HYBRID ] Loaded cached encoded anonymous data from /mnt/NVMETank/Projects/Students/Dele/A-STUDY-INTO-THE-QUALITY-AND-USABILITY-OF-PRIVACY-FRIENDLY-SYNTHETIC-DATA/datasets/anonymized/loan_k2_l10_sup50_anonymized_encoded.csv
2025-05-08 19:00:08,727 - INFO -  [HYBRID] Starting synthetic generation for hybrid pipeline...
2025-05-08 19:00:08,727 - INFO - Executing run_synthetic.....
2025-05-08 19:00:08,727 - INFO - [SYNTHETIC PIPELINE] executing run_synthetic for loan_k2_l10_sup50...
2025-05-08 19:00:08,727 - INFO - [SYNTHETIC] Processing dataset: loan_k2_l10_sup50
2025-05-08 19:00:08,727 - INFO - [SYNTHETIC] Original dataset size: 336 rows
2025-05-08 19:00:08,736 - INFO - Detected metadata:
2025-05-08 19:00:08,737 - INFO - {
    "METADATA_SPEC_VERSION": "SINGLE_TABLE_V1",
    "columns": {
        "Gender_0": {
            "sdtype": "categorical"
        },
        "Gender_1": {
            "sdtype": "categorical"
        },
        "Married_0": {
            "sdtype": "categorical"
        },
        "Married_1": {
            "sdtype": "categorical"
        },
        "Dependents_0": {
            "sdtype": "categorical"
        },
        "Dependents_1": {
            "sdtype": "categorical"
        },
        "Dependents_2": {
            "sdtype": "categorical"
        },
        "Education_0": {
            "sdtype": "categorical"
        },
        "Education_1": {
            "sdtype": "categorical"
        },
        "Self_Employed_0": {
            "sdtype": "categorical"
        },
        "Self_Employed_1": {
            "sdtype": "categorical"
        },
        "ApplicantIncome": {
            "sdtype": "numerical"
        },
        "CoapplicantIncome": {
            "sdtype": "numerical"
        },
        "LoanAmount": {
            "sdtype": "numerical"
        },
        "Loan_Amount_Term": {
            "sdtype": "categorical"
        },
        "Credit_History": {
            "sdtype": "categorical"
        },
        "Property_Area_0": {
            "sdtype": "categorical"
        },
        "Property_Area_1": {
            "sdtype": "categorical"
        },
        "Loan_Status": {
            "sdtype": "categorical"
        }
    }
}
2025-05-08 19:00:08,737 - INFO - [SYNTHETIC] Preparing synthesizer: CTGAN
2025-05-08 19:00:08,737 - INFO - [SYNTHETIC] Params from config: {'epochs': 300}
2025-05-08 19:00:08,737 - INFO -  [SYNTHETIC] No pre-trained synthesizer found
2025-05-08 19:00:08,737 - INFO - [SYNTHETIC] Training new CTGAN synthesizer from scratch...
2025-05-08 19:00:08,737 - WARNING - [FutureWarning] The 'SingleTableMetadata' is deprecated. Please use the new 'Metadata' class for synthesizers. (from /mnt/NVMETank/Projects/Students/Dele/A-STUDY-INTO-THE-QUALITY-AND-USABILITY-OF-PRIVACY-FRIENDLY-SYNTHETIC-DATA/.venv/lib/python3.12/site-packages/sdv/single_table/base.py:119)
2025-05-08 19:00:08,737 - WARNING - [UserWarning] We strongly recommend saving the metadata using 'save_to_json' for replicability in future SDV versions. (from /mnt/NVMETank/Projects/Students/Dele/A-STUDY-INTO-THE-QUALITY-AND-USABILITY-OF-PRIVACY-FRIENDLY-SYNTHETIC-DATA/.venv/lib/python3.12/site-packages/sdv/single_table/base.py:104)
2025-05-08 19:00:08,741 - INFO - {'EVENT': 'Instance', 'TIMESTAMP': datetime.datetime(2025, 5, 8, 19, 0, 8, 741788), 'SYNTHESIZER CLASS NAME': 'CTGANSynthesizer', 'SYNTHESIZER ID': 'CTGANSynthesizer_1.18.0_16134b8630024d888c92874dd3328d03'}
2025-05-08 19:00:08,741 - INFO - [SYNTHETIC] CTGAN initialized with epochs: 300
2025-05-08 19:00:08,741 - INFO - [SYNTHETIC] Training parameters for CTGAN: {}
2025-05-08 19:00:08,741 - INFO - [SYNTHETIC] fitting CTGAN 
2025-05-08 19:00:08,741 - INFO - {'EVENT': 'Fit', 'TIMESTAMP': datetime.datetime(2025, 5, 8, 19, 0, 8, 741991), 'SYNTHESIZER CLASS NAME': 'CTGANSynthesizer', 'SYNTHESIZER ID': 'CTGANSynthesizer_1.18.0_16134b8630024d888c92874dd3328d03', 'TOTAL NUMBER OF TABLES': 1, 'TOTAL NUMBER OF ROWS': 336, 'TOTAL NUMBER OF COLUMNS': 19}
2025-05-08 19:00:08,743 - INFO - Fitting table  metadata
2025-05-08 19:00:08,744 - INFO - Fitting formatters for table 
2025-05-08 19:00:08,745 - INFO - Fitting constraints for table 
2025-05-08 19:00:08,745 - INFO - Setting the configuration for the ``HyperTransformer`` for table 
2025-05-08 19:00:08,746 - INFO - Fitting HyperTransformer for table 
2025-05-08 19:00:08,759 - INFO - {'EVENT': 'Fit processed data', 'TIMESTAMP': datetime.datetime(2025, 5, 8, 19, 0, 8, 759954), 'SYNTHESIZER CLASS NAME': 'CTGANSynthesizer', 'SYNTHESIZER ID': 'CTGANSynthesizer_1.18.0_16134b8630024d888c92874dd3328d03', 'TOTAL NUMBER OF TABLES': 1, 'TOTAL NUMBER OF ROWS': 336, 'TOTAL NUMBER OF COLUMNS': 19}
2025-05-08 19:00:08,791 - INFO - Guidance: There are no missing values in column ApplicantIncome. Extra column not created.
2025-05-08 19:00:08,892 - INFO - Guidance: There are no missing values in column CoapplicantIncome. Extra column not created.
2025-05-08 19:00:08,926 - INFO - Guidance: There are no missing values in column LoanAmount. Extra column not created.
2025-05-08 19:00:26,194 - INFO - [SYNTHETIC] Fitting complete for CTGAN. Duration: 17.45 seconds.
2025-05-08 19:00:26,194 - INFO - [SYNTHETIC] CONFIRMATION CTGAN actually trained with epochs = 300
2025-05-08 19:00:26,194 - INFO - {'EVENT': 'Save', 'TIMESTAMP': datetime.datetime(2025, 5, 8, 19, 0, 26, 194485), 'SYNTHESIZER CLASS NAME': 'CTGANSynthesizer', 'SYNTHESIZER ID': 'CTGANSynthesizer_1.18.0_16134b8630024d888c92874dd3328d03'}
2025-05-08 19:00:26,214 - INFO - [SYNTHETIC] CTGAN trained and saved.
2025-05-08 19:00:26,214 - INFO - [SYNTHETIC] Preparing synthesizer: GaussianCopula
2025-05-08 19:00:26,214 - INFO - [SYNTHETIC] Params from config: {}
2025-05-08 19:00:26,215 - INFO -  [SYNTHETIC] No pre-trained synthesizer found
2025-05-08 19:00:26,215 - INFO - [SYNTHETIC] Training new GaussianCopula synthesizer from scratch...
2025-05-08 19:00:26,215 - WARNING - [FutureWarning] The 'SingleTableMetadata' is deprecated. Please use the new 'Metadata' class for synthesizers. (from /mnt/NVMETank/Projects/Students/Dele/A-STUDY-INTO-THE-QUALITY-AND-USABILITY-OF-PRIVACY-FRIENDLY-SYNTHETIC-DATA/.venv/lib/python3.12/site-packages/sdv/single_table/base.py:119)
2025-05-08 19:00:26,217 - INFO - {'EVENT': 'Instance', 'TIMESTAMP': datetime.datetime(2025, 5, 8, 19, 0, 26, 217345), 'SYNTHESIZER CLASS NAME': 'GaussianCopulaSynthesizer', 'SYNTHESIZER ID': 'GaussianCopulaSynthesizer_1.18.0_0225c20fafcc401a96677988f0f523d7'}
2025-05-08 19:00:26,217 - INFO - [SYNTHETIC] fitting GaussianCopula 
2025-05-08 19:00:26,217 - INFO - {'EVENT': 'Fit', 'TIMESTAMP': datetime.datetime(2025, 5, 8, 19, 0, 26, 217466), 'SYNTHESIZER CLASS NAME': 'GaussianCopulaSynthesizer', 'SYNTHESIZER ID': 'GaussianCopulaSynthesizer_1.18.0_0225c20fafcc401a96677988f0f523d7', 'TOTAL NUMBER OF TABLES': 1, 'TOTAL NUMBER OF ROWS': 336, 'TOTAL NUMBER OF COLUMNS': 19}
2025-05-08 19:00:26,218 - INFO - Fitting table  metadata
2025-05-08 19:00:26,218 - INFO - Fitting formatters for table 
2025-05-08 19:00:26,220 - INFO - Fitting constraints for table 
2025-05-08 19:00:26,220 - INFO - Setting the configuration for the ``HyperTransformer`` for table 
2025-05-08 19:00:26,226 - INFO - Fitting HyperTransformer for table 
2025-05-08 19:00:26,320 - INFO - {'EVENT': 'Fit processed data', 'TIMESTAMP': datetime.datetime(2025, 5, 8, 19, 0, 26, 320387), 'SYNTHESIZER CLASS NAME': 'GaussianCopulaSynthesizer', 'SYNTHESIZER ID': 'GaussianCopulaSynthesizer_1.18.0_0225c20fafcc401a96677988f0f523d7', 'TOTAL NUMBER OF TABLES': 1, 'TOTAL NUMBER OF ROWS': 336, 'TOTAL NUMBER OF COLUMNS': 19}
2025-05-08 19:00:26,320 - INFO - Fitting GaussianMultivariate(distribution="{'Gender_0': <class 'copulas.univariate.beta.BetaUnivariate'>, 'Gender_1': <class 'copulas.univariate.beta.BetaUnivariate'>, 'Married_0': <class 'copulas.univariate.beta.BetaUnivariate'>, 'Married_1': <class 'copulas.univariate.beta.BetaUnivariate'>, 'Dependents_0': <class 'copulas.univariate.beta.BetaUnivariate'>, 'Dependents_1': <class 'copulas.univariate.beta.BetaUnivariate'>, 'Dependents_2': <class 'copulas.univariate.beta.BetaUnivariate'>, 'Education_0': <class 'copulas.univariate.beta.BetaUnivariate'>, 'Education_1': <class 'copulas.univariate.beta.BetaUnivariate'>, 'Self_Employed_0': <class 'copulas.univariate.beta.BetaUnivariate'>, 'Self_Employed_1': <class 'copulas.univariate.beta.BetaUnivariate'>, 'ApplicantIncome': <class 'copulas.univariate.beta.BetaUnivariate'>, 'CoapplicantIncome': <class 'copulas.univariate.beta.BetaUnivariate'>, 'LoanAmount': <class 'copulas.univariate.beta.BetaUnivariate'>, 'Loan_Amount_Term': <class 'copulas.univariate.beta.BetaUnivariate'>, 'Credit_History': <class 'copulas.univariate.beta.BetaUnivariate'>, 'Property_Area_0': <class 'copulas.univariate.beta.BetaUnivariate'>, 'Property_Area_1': <class 'copulas.univariate.beta.BetaUnivariate'>, 'Loan_Status': <class 'copulas.univariate.beta.BetaUnivariate'>}")
2025-05-08 19:00:26,820 - INFO - [SYNTHETIC] Fitting complete for GaussianCopula. Duration: 0.60 seconds.
2025-05-08 19:00:26,820 - WARNING - [SYNTHETIC] WARNING Could not determine actual epochs used for GaussianCopula
2025-05-08 19:00:26,820 - INFO - {'EVENT': 'Save', 'TIMESTAMP': datetime.datetime(2025, 5, 8, 19, 0, 26, 820249), 'SYNTHESIZER CLASS NAME': 'GaussianCopulaSynthesizer', 'SYNTHESIZER ID': 'GaussianCopulaSynthesizer_1.18.0_0225c20fafcc401a96677988f0f523d7'}
2025-05-08 19:00:26,827 - INFO - [SYNTHETIC] GaussianCopula trained and saved.
2025-05-08 19:00:26,827 - INFO - [SYNTHETIC] Preparing synthesizer: TVAE
2025-05-08 19:00:26,827 - INFO - [SYNTHETIC] Params from config: {'epochs': 300}
2025-05-08 19:00:26,827 - INFO -  [SYNTHETIC] No pre-trained synthesizer found
2025-05-08 19:00:26,827 - INFO - [SYNTHETIC] Training new TVAE synthesizer from scratch...
2025-05-08 19:00:26,827 - WARNING - [FutureWarning] The 'SingleTableMetadata' is deprecated. Please use the new 'Metadata' class for synthesizers. (from /mnt/NVMETank/Projects/Students/Dele/A-STUDY-INTO-THE-QUALITY-AND-USABILITY-OF-PRIVACY-FRIENDLY-SYNTHETIC-DATA/.venv/lib/python3.12/site-packages/sdv/single_table/base.py:119)
2025-05-08 19:00:26,830 - INFO - {'EVENT': 'Instance', 'TIMESTAMP': datetime.datetime(2025, 5, 8, 19, 0, 26, 830019), 'SYNTHESIZER CLASS NAME': 'TVAESynthesizer', 'SYNTHESIZER ID': 'TVAESynthesizer_1.18.0_59beb3b4e9c2431980bfc048b55fa793'}
2025-05-08 19:00:26,830 - INFO - [SYNTHETIC] TVAE initialized with epochs: 300
2025-05-08 19:00:26,830 - INFO - [SYNTHETIC] Training parameters for TVAE: {}
2025-05-08 19:00:26,830 - INFO - [SYNTHETIC] fitting TVAE 
2025-05-08 19:00:26,830 - INFO - {'EVENT': 'Fit', 'TIMESTAMP': datetime.datetime(2025, 5, 8, 19, 0, 26, 830212), 'SYNTHESIZER CLASS NAME': 'TVAESynthesizer', 'SYNTHESIZER ID': 'TVAESynthesizer_1.18.0_59beb3b4e9c2431980bfc048b55fa793', 'TOTAL NUMBER OF TABLES': 1, 'TOTAL NUMBER OF ROWS': 336, 'TOTAL NUMBER OF COLUMNS': 19}
2025-05-08 19:00:26,831 - INFO - Fitting table  metadata
2025-05-08 19:00:26,831 - INFO - Fitting formatters for table 
2025-05-08 19:00:26,833 - INFO - Fitting constraints for table 
2025-05-08 19:00:26,833 - INFO - Setting the configuration for the ``HyperTransformer`` for table 
2025-05-08 19:00:26,834 - INFO - Fitting HyperTransformer for table 
2025-05-08 19:00:26,845 - INFO - {'EVENT': 'Fit processed data', 'TIMESTAMP': datetime.datetime(2025, 5, 8, 19, 0, 26, 845374), 'SYNTHESIZER CLASS NAME': 'TVAESynthesizer', 'SYNTHESIZER ID': 'TVAESynthesizer_1.18.0_59beb3b4e9c2431980bfc048b55fa793', 'TOTAL NUMBER OF TABLES': 1, 'TOTAL NUMBER OF ROWS': 336, 'TOTAL NUMBER OF COLUMNS': 19}
2025-05-08 19:00:26,857 - INFO - Guidance: There are no missing values in column ApplicantIncome. Extra column not created.
2025-05-08 19:00:26,928 - INFO - Guidance: There are no missing values in column CoapplicantIncome. Extra column not created.
2025-05-08 19:00:26,960 - INFO - Guidance: There are no missing values in column LoanAmount. Extra column not created.
2025-05-08 19:00:29,048 - INFO - [SYNTHETIC] Fitting complete for TVAE. Duration: 2.22 seconds.
2025-05-08 19:00:29,048 - INFO - [SYNTHETIC] CONFIRMATION TVAE actually trained with epochs = 300
2025-05-08 19:00:29,048 - INFO - {'EVENT': 'Save', 'TIMESTAMP': datetime.datetime(2025, 5, 8, 19, 0, 29, 48811), 'SYNTHESIZER CLASS NAME': 'TVAESynthesizer', 'SYNTHESIZER ID': 'TVAESynthesizer_1.18.0_59beb3b4e9c2431980bfc048b55fa793'}
2025-05-08 19:00:29,062 - INFO - [SYNTHETIC] TVAE trained and saved.
2025-05-08 19:00:29,062 - INFO - [SYNTHETIC] Using CTGAN to generate 336 rows...
2025-05-08 19:00:29,103 - INFO - {'EVENT': 'Sample', 'TIMESTAMP': datetime.datetime(2025, 5, 8, 19, 0, 29, 62853), 'SYNTHESIZER CLASS NAME': 'CTGANSynthesizer', 'SYNTHESIZER ID': 'CTGANSynthesizer_1.18.0_16134b8630024d888c92874dd3328d03', 'TOTAL NUMBER OF TABLES': 1, 'TOTAL NUMBER OF ROWS': 336, 'TOTAL NUMBER OF COLUMNS': 19}
2025-05-08 19:00:29,103 - INFO - [SYNTHETIC] CTGAN completed: 336 rows generated.
2025-05-08 19:00:29,103 - INFO - [SYNTHETIC] Target class distribution for CTGAN: {'Y': 218, 'N': 118}
2025-05-08 19:00:29,103 - INFO - [SYNTHETIC] Using GaussianCopula to generate 336 rows...
2025-05-08 19:00:29,152 - INFO - {'EVENT': 'Sample', 'TIMESTAMP': datetime.datetime(2025, 5, 8, 19, 0, 29, 103490), 'SYNTHESIZER CLASS NAME': 'GaussianCopulaSynthesizer', 'SYNTHESIZER ID': 'GaussianCopulaSynthesizer_1.18.0_0225c20fafcc401a96677988f0f523d7', 'TOTAL NUMBER OF TABLES': 1, 'TOTAL NUMBER OF ROWS': 336, 'TOTAL NUMBER OF COLUMNS': 19}
2025-05-08 19:00:29,152 - INFO - [SYNTHETIC] GaussianCopula completed: 336 rows generated.
2025-05-08 19:00:29,153 - INFO - [SYNTHETIC] Target class distribution for GaussianCopula: {'Y': 226, 'N': 110}
2025-05-08 19:00:29,153 - INFO - [SYNTHETIC] Using TVAE to generate 336 rows...
2025-05-08 19:00:29,189 - INFO - {'EVENT': 'Sample', 'TIMESTAMP': datetime.datetime(2025, 5, 8, 19, 0, 29, 153152), 'SYNTHESIZER CLASS NAME': 'TVAESynthesizer', 'SYNTHESIZER ID': 'TVAESynthesizer_1.18.0_59beb3b4e9c2431980bfc048b55fa793', 'TOTAL NUMBER OF TABLES': 1, 'TOTAL NUMBER OF ROWS': 336, 'TOTAL NUMBER OF COLUMNS': 19}
2025-05-08 19:00:29,189 - INFO - [SYNTHETIC] TVAE completed: 336 rows generated.
2025-05-08 19:00:29,189 - INFO - [SYNTHETIC] Target class distribution for TVAE: {'Y': 336}
2025-05-08 19:00:29,190 - INFO - [SYNTHETIC PIPELINE] Synthetic Data Generation Completed.
2025-05-08 19:00:29,190 - INFO - [SYNTHETIC PIPELINE] Synthesizers used: ['CTGAN', 'GaussianCopula', 'TVAE']
2025-05-08 19:00:29,190 - INFO - [SYNTHETIC PIPELINE] Evaluating synthetic dataset generated by CTGAN...
2025-05-08 19:00:29,190 - INFO - [SYNTHETIC EVAL] Real data columns     (19): ['Gender_0', 'Gender_1', 'Married_0', 'Married_1', 'Dependents_0', 'Dependents_1', 'Dependents_2', 'Education_0', 'Education_1', 'Self_Employed_0', 'Self_Employed_1', 'ApplicantIncome', 'CoapplicantIncome', 'LoanAmount', 'Loan_Amount_Term', 'Credit_History', 'Property_Area_0', 'Property_Area_1', 'Loan_Status']
2025-05-08 19:00:29,190 - INFO - [SYNTHETIC EVAL] Synthetic data columns (19): ['Gender_0', 'Gender_1', 'Married_0', 'Married_1', 'Dependents_0', 'Dependents_1', 'Dependents_2', 'Education_0', 'Education_1', 'Self_Employed_0', 'Self_Employed_1', 'ApplicantIncome', 'CoapplicantIncome', 'LoanAmount', 'Loan_Amount_Term', 'Credit_History', 'Property_Area_0', 'Property_Area_1', 'Loan_Status']
2025-05-08 19:00:29,190 - INFO - [SYNTHETIC EVAL] Metadata columns      (19): ['Gender_0', 'Gender_1', 'Married_0', 'Married_1', 'Dependents_0', 'Dependents_1', 'Dependents_2', 'Education_0', 'Education_1', 'Self_Employed_0', 'Self_Employed_1', 'ApplicantIncome', 'CoapplicantIncome', 'LoanAmount', 'Loan_Amount_Term', 'Credit_History', 'Property_Area_0', 'Property_Area_1', 'Loan_Status']
2025-05-08 19:00:29,190 - INFO - [SYNTHETIC EVAL] Shape — Real: (336, 19), Synthetic: (336, 19)
2025-05-08 19:00:29,190 - INFO - [SYNTHETIC EVAL] Metadata structure:
{
  "METADATA_SPEC_VERSION": "SINGLE_TABLE_V1",
  "columns": {
    "Gender_0": {
      "sdtype": "categorical"
    },
    "Gender_1": {
      "sdtype": "categorical"
    },
    "Married_0": {
      "sdtype": "categorical"
    },
    "Married_1": {
      "sdtype": "categorical"
    },
    "Dependents_0": {
      "sdtype": "categorical"
    },
    "Dependents_1": {
      "sdtype": "categorical"
    },
    "Dependents_2": {
      "sdtype": "categorical"
    },
    "Education_0": {
      "sdtype": "categorical"
    },
    "Education_1": {
      "sdtype": "categorical"
    },
    "Self_Employed_0": {
      "sdtype": "categorical"
    },
    "Self_Employed_1": {
      "sdtype": "categorical"
    },
    "ApplicantIncome": {
      "sdtype": "numerical"
    },
    "CoapplicantIncome": {
      "sdtype": "numerical"
    },
    "LoanAmount": {
      "sdtype": "numerical"
    },
    "Loan_Amount_Term": {
      "sdtype": "categorical"
    },
    "Credit_History": {
      "sdtype": "categorical"
    },
    "Property_Area_0": {
      "sdtype": "categorical"
    },
    "Property_Area_1": {
      "sdtype": "categorical"
    },
    "Loan_Status": {
      "sdtype": "categorical"
    }
  }
}
2025-05-08 19:00:29,518 - INFO - [SYNTHETIC PIPELINE] Evaluating synthetic dataset generated by GaussianCopula...
2025-05-08 19:00:29,518 - INFO - [SYNTHETIC EVAL] Real data columns     (19): ['Gender_0', 'Gender_1', 'Married_0', 'Married_1', 'Dependents_0', 'Dependents_1', 'Dependents_2', 'Education_0', 'Education_1', 'Self_Employed_0', 'Self_Employed_1', 'ApplicantIncome', 'CoapplicantIncome', 'LoanAmount', 'Loan_Amount_Term', 'Credit_History', 'Property_Area_0', 'Property_Area_1', 'Loan_Status']
2025-05-08 19:00:29,518 - INFO - [SYNTHETIC EVAL] Synthetic data columns (19): ['Gender_0', 'Gender_1', 'Married_0', 'Married_1', 'Dependents_0', 'Dependents_1', 'Dependents_2', 'Education_0', 'Education_1', 'Self_Employed_0', 'Self_Employed_1', 'ApplicantIncome', 'CoapplicantIncome', 'LoanAmount', 'Loan_Amount_Term', 'Credit_History', 'Property_Area_0', 'Property_Area_1', 'Loan_Status']
2025-05-08 19:00:29,518 - INFO - [SYNTHETIC EVAL] Metadata columns      (19): ['Gender_0', 'Gender_1', 'Married_0', 'Married_1', 'Dependents_0', 'Dependents_1', 'Dependents_2', 'Education_0', 'Education_1', 'Self_Employed_0', 'Self_Employed_1', 'ApplicantIncome', 'CoapplicantIncome', 'LoanAmount', 'Loan_Amount_Term', 'Credit_History', 'Property_Area_0', 'Property_Area_1', 'Loan_Status']
2025-05-08 19:00:29,519 - INFO - [SYNTHETIC EVAL] Shape — Real: (336, 19), Synthetic: (336, 19)
2025-05-08 19:00:29,519 - INFO - [SYNTHETIC EVAL] Metadata structure:
{
  "METADATA_SPEC_VERSION": "SINGLE_TABLE_V1",
  "columns": {
    "Gender_0": {
      "sdtype": "categorical"
    },
    "Gender_1": {
      "sdtype": "categorical"
    },
    "Married_0": {
      "sdtype": "categorical"
    },
    "Married_1": {
      "sdtype": "categorical"
    },
    "Dependents_0": {
      "sdtype": "categorical"
    },
    "Dependents_1": {
      "sdtype": "categorical"
    },
    "Dependents_2": {
      "sdtype": "categorical"
    },
    "Education_0": {
      "sdtype": "categorical"
    },
    "Education_1": {
      "sdtype": "categorical"
    },
    "Self_Employed_0": {
      "sdtype": "categorical"
    },
    "Self_Employed_1": {
      "sdtype": "categorical"
    },
    "ApplicantIncome": {
      "sdtype": "numerical"
    },
    "CoapplicantIncome": {
      "sdtype": "numerical"
    },
    "LoanAmount": {
      "sdtype": "numerical"
    },
    "Loan_Amount_Term": {
      "sdtype": "categorical"
    },
    "Credit_History": {
      "sdtype": "categorical"
    },
    "Property_Area_0": {
      "sdtype": "categorical"
    },
    "Property_Area_1": {
      "sdtype": "categorical"
    },
    "Loan_Status": {
      "sdtype": "categorical"
    }
  }
}
2025-05-08 19:00:29,845 - INFO - [SYNTHETIC PIPELINE] Evaluating synthetic dataset generated by TVAE...
2025-05-08 19:00:29,846 - INFO - [SYNTHETIC EVAL] Real data columns     (19): ['Gender_0', 'Gender_1', 'Married_0', 'Married_1', 'Dependents_0', 'Dependents_1', 'Dependents_2', 'Education_0', 'Education_1', 'Self_Employed_0', 'Self_Employed_1', 'ApplicantIncome', 'CoapplicantIncome', 'LoanAmount', 'Loan_Amount_Term', 'Credit_History', 'Property_Area_0', 'Property_Area_1', 'Loan_Status']
2025-05-08 19:00:29,846 - INFO - [SYNTHETIC EVAL] Synthetic data columns (19): ['Gender_0', 'Gender_1', 'Married_0', 'Married_1', 'Dependents_0', 'Dependents_1', 'Dependents_2', 'Education_0', 'Education_1', 'Self_Employed_0', 'Self_Employed_1', 'ApplicantIncome', 'CoapplicantIncome', 'LoanAmount', 'Loan_Amount_Term', 'Credit_History', 'Property_Area_0', 'Property_Area_1', 'Loan_Status']
2025-05-08 19:00:29,846 - INFO - [SYNTHETIC EVAL] Metadata columns      (19): ['Gender_0', 'Gender_1', 'Married_0', 'Married_1', 'Dependents_0', 'Dependents_1', 'Dependents_2', 'Education_0', 'Education_1', 'Self_Employed_0', 'Self_Employed_1', 'ApplicantIncome', 'CoapplicantIncome', 'LoanAmount', 'Loan_Amount_Term', 'Credit_History', 'Property_Area_0', 'Property_Area_1', 'Loan_Status']
2025-05-08 19:00:29,846 - INFO - [SYNTHETIC EVAL] Shape — Real: (336, 19), Synthetic: (336, 19)
2025-05-08 19:00:29,846 - INFO - [SYNTHETIC EVAL] Metadata structure:
{
  "METADATA_SPEC_VERSION": "SINGLE_TABLE_V1",
  "columns": {
    "Gender_0": {
      "sdtype": "categorical"
    },
    "Gender_1": {
      "sdtype": "categorical"
    },
    "Married_0": {
      "sdtype": "categorical"
    },
    "Married_1": {
      "sdtype": "categorical"
    },
    "Dependents_0": {
      "sdtype": "categorical"
    },
    "Dependents_1": {
      "sdtype": "categorical"
    },
    "Dependents_2": {
      "sdtype": "categorical"
    },
    "Education_0": {
      "sdtype": "categorical"
    },
    "Education_1": {
      "sdtype": "categorical"
    },
    "Self_Employed_0": {
      "sdtype": "categorical"
    },
    "Self_Employed_1": {
      "sdtype": "categorical"
    },
    "ApplicantIncome": {
      "sdtype": "numerical"
    },
    "CoapplicantIncome": {
      "sdtype": "numerical"
    },
    "LoanAmount": {
      "sdtype": "numerical"
    },
    "Loan_Amount_Term": {
      "sdtype": "categorical"
    },
    "Credit_History": {
      "sdtype": "categorical"
    },
    "Property_Area_0": {
      "sdtype": "categorical"
    },
    "Property_Area_1": {
      "sdtype": "categorical"
    },
    "Loan_Status": {
      "sdtype": "categorical"
    }
  }
}
2025-05-08 19:00:30,199 - INFO -  [SYNTHETIC PIPELINE]  Synthetic Data Evaluation Completed.
2025-05-08 19:00:30,205 - INFO -  [SYNTHETIC PIPELINE] Synthetic Data Report Generated Successfully.
2025-05-08 19:00:30,296 - INFO - [HYBRID] Generated hybrid dataset shape for CTGAN: (336, 19)
2025-05-08 19:00:30,296 - INFO - [HYBRID] Target distribution for CTGAN: {'Y': 218, 'N': 118}
2025-05-08 19:00:30,297 - INFO -  [HYBRID] Saved hybrid dataset to /mnt/NVMETank/Projects/Students/Dele/A-STUDY-INTO-THE-QUALITY-AND-USABILITY-OF-PRIVACY-FRIENDLY-SYNTHETIC-DATA/datasets/hybrid/loan_k2_l10_sup50_CTGAN_HYBRID.csv
2025-05-08 19:00:30,298 - INFO - [HYBRID] Generated hybrid dataset shape for GaussianCopula: (336, 19)
2025-05-08 19:00:30,298 - INFO - [HYBRID] Target distribution for GaussianCopula: {'Y': 226, 'N': 110}
2025-05-08 19:00:30,299 - INFO -  [HYBRID] Saved hybrid dataset to /mnt/NVMETank/Projects/Students/Dele/A-STUDY-INTO-THE-QUALITY-AND-USABILITY-OF-PRIVACY-FRIENDLY-SYNTHETIC-DATA/datasets/hybrid/loan_k2_l10_sup50_GaussianCopula_HYBRID.csv
2025-05-08 19:00:30,299 - INFO - [HYBRID] Generated hybrid dataset shape for TVAE: (336, 19)
2025-05-08 19:00:30,300 - INFO - [HYBRID] Target distribution for TVAE: {'Y': 336}
2025-05-08 19:00:30,301 - INFO -  [HYBRID] Saved hybrid dataset to /mnt/NVMETank/Projects/Students/Dele/A-STUDY-INTO-THE-QUALITY-AND-USABILITY-OF-PRIVACY-FRIENDLY-SYNTHETIC-DATA/datasets/hybrid/loan_k2_l10_sup50_TVAE_HYBRID.csv
2025-05-08 19:00:30,301 - INFO -  [HYBRID] Hybrid pipeline complete — 3 dataset(s) ready.
2025-05-08 19:00:30,301 - INFO - [HYBRID] Total rows across all hybrid datasets: 1008
2025-05-08 19:00:30,301 - INFO - Hybrid pipeline completed successfully.
2025-05-08 19:00:30,301 - INFO - Hybrid pipeline duration: 21.58 seconds
2025-05-08 19:00:30,301 - INFO - Starting Utility...
2025-05-08 19:00:30,301 - INFO - [UTILITY] Preparing datasets for machine learning...
2025-05-08 19:00:30,302 - INFO - [UTILITY] Original Data - Training Size: 336, Testing Size: 144
2025-05-08 19:00:30,302 - INFO - [UTILITY] Target class distribution (Original): {'Y': 232, 'N': 104}
2025-05-08 19:00:30,302 - INFO - [UTILITY] Processing anonymized dataset...
2025-05-08 19:00:30,302 - INFO - [UTILITY] Anonymized Data - Training Size: 336
2025-05-08 19:00:30,303 - INFO - [UTILITY] Target class distribution (Anonymous): {'Y': 232, 'N': 104}
2025-05-08 19:00:30,303 - INFO - [UTILITY] Processing hybrid dataset generated by CTGAN...
2025-05-08 19:00:30,303 - INFO - [UTILITY] Hybrid Data (CTGAN_HYBRID) - Training Size: 336
2025-05-08 19:00:30,303 - INFO - [UTILITY] Target class distribution (CTGAN_HYBRID): {'Y': 218, 'N': 118}
2025-05-08 19:00:30,303 - INFO - [UTILITY] Processing hybrid dataset generated by GaussianCopula...
2025-05-08 19:00:30,304 - INFO - [UTILITY] Hybrid Data (GaussianCopula_HYBRID) - Training Size: 336
2025-05-08 19:00:30,304 - INFO - [UTILITY] Target class distribution (GaussianCopula_HYBRID): {'Y': 226, 'N': 110}
2025-05-08 19:00:30,304 - WARNING -  Skipping hybrid dataset 'TVAE_HYBRID' - only one class in target.
2025-05-08 19:00:30,304 - INFO - [UTILITY] Training models on all datasets...
2025-05-08 19:00:30,304 - INFO - [UTILITY] Total datasets used for training: 4
2025-05-08 19:00:30,304 - INFO - [TRAINING] Training models from scratch...
2025-05-08 19:00:30,304 - INFO - [TRAINING] Starting training for dataset: Original — Rows: 336, Features: 18
2025-05-08 19:00:30,304 - INFO - [TRAINING] Training DecisionTree on Original...
2025-05-08 19:00:30,306 - INFO - [TRAINING] DecisionTree trained successfully on Original in 0.00 sec
2025-05-08 19:00:30,306 - INFO - [TRAINING] Training KNN on Original...
2025-05-08 19:00:30,307 - INFO - [TRAINING] KNN trained successfully on Original in 0.00 sec
2025-05-08 19:00:30,307 - INFO - [TRAINING] Training LogisticRegression on Original...
2025-05-08 19:00:30,311 - INFO - [TRAINING] LogisticRegression trained successfully on Original in 0.00 sec
2025-05-08 19:00:30,311 - INFO - [TRAINING] Training RandomForest on Original...
2025-05-08 19:00:30,392 - INFO - [TRAINING] RandomForest trained successfully on Original in 0.08 sec
2025-05-08 19:00:30,392 - INFO - [TRAINING] Training SVM on Original...
2025-05-08 19:00:30,395 - INFO - [TRAINING] SVM trained successfully on Original in 0.00 sec
2025-05-08 19:00:30,395 - INFO - [TRAINING] Finished training 5 model(s) for dataset: Original
2025-05-08 19:00:30,395 - INFO - [TRAINING] Starting training for dataset: Anonymous — Rows: 336, Features: 18
2025-05-08 19:00:30,395 - INFO - [TRAINING] Training DecisionTree on Anonymous...
2025-05-08 19:00:30,397 - INFO - [TRAINING] DecisionTree trained successfully on Anonymous in 0.00 sec
2025-05-08 19:00:30,397 - INFO - [TRAINING] Training KNN on Anonymous...
2025-05-08 19:00:30,398 - INFO - [TRAINING] KNN trained successfully on Anonymous in 0.00 sec
2025-05-08 19:00:30,398 - INFO - [TRAINING] Training LogisticRegression on Anonymous...
2025-05-08 19:00:30,401 - INFO - [TRAINING] LogisticRegression trained successfully on Anonymous in 0.00 sec
2025-05-08 19:00:30,402 - INFO - [TRAINING] Training RandomForest on Anonymous...
2025-05-08 19:00:30,483 - INFO - [TRAINING] RandomForest trained successfully on Anonymous in 0.08 sec
2025-05-08 19:00:30,483 - INFO - [TRAINING] Training SVM on Anonymous...
2025-05-08 19:00:30,486 - INFO - [TRAINING] SVM trained successfully on Anonymous in 0.00 sec
2025-05-08 19:00:30,487 - INFO - [TRAINING] Finished training 5 model(s) for dataset: Anonymous
2025-05-08 19:00:30,487 - INFO - [TRAINING] Starting training for dataset: CTGAN_HYBRID — Rows: 336, Features: 18
2025-05-08 19:00:30,487 - INFO - [TRAINING] Training DecisionTree on CTGAN_HYBRID...
2025-05-08 19:00:30,488 - INFO - [TRAINING] DecisionTree trained successfully on CTGAN_HYBRID in 0.00 sec
2025-05-08 19:00:30,488 - INFO - [TRAINING] Training KNN on CTGAN_HYBRID...
2025-05-08 19:00:30,489 - INFO - [TRAINING] KNN trained successfully on CTGAN_HYBRID in 0.00 sec
2025-05-08 19:00:30,489 - INFO - [TRAINING] Training LogisticRegression on CTGAN_HYBRID...
2025-05-08 19:00:30,492 - INFO - [TRAINING] LogisticRegression trained successfully on CTGAN_HYBRID in 0.00 sec
2025-05-08 19:00:30,492 - INFO - [TRAINING] Training RandomForest on CTGAN_HYBRID...
2025-05-08 19:00:30,573 - INFO - [TRAINING] RandomForest trained successfully on CTGAN_HYBRID in 0.08 sec
2025-05-08 19:00:30,573 - INFO - [TRAINING] Training SVM on CTGAN_HYBRID...
2025-05-08 19:00:30,576 - INFO - [TRAINING] SVM trained successfully on CTGAN_HYBRID in 0.00 sec
2025-05-08 19:00:30,577 - INFO - [TRAINING] Finished training 5 model(s) for dataset: CTGAN_HYBRID
2025-05-08 19:00:30,577 - INFO - [TRAINING] Starting training for dataset: GaussianCopula_HYBRID — Rows: 336, Features: 18
2025-05-08 19:00:30,577 - INFO - [TRAINING] Training DecisionTree on GaussianCopula_HYBRID...
2025-05-08 19:00:30,578 - INFO - [TRAINING] DecisionTree trained successfully on GaussianCopula_HYBRID in 0.00 sec
2025-05-08 19:00:30,578 - INFO - [TRAINING] Training KNN on GaussianCopula_HYBRID...
2025-05-08 19:00:30,579 - INFO - [TRAINING] KNN trained successfully on GaussianCopula_HYBRID in 0.00 sec
2025-05-08 19:00:30,579 - INFO - [TRAINING] Training LogisticRegression on GaussianCopula_HYBRID...
2025-05-08 19:00:30,582 - INFO - [TRAINING] LogisticRegression trained successfully on GaussianCopula_HYBRID in 0.00 sec
2025-05-08 19:00:30,582 - INFO - [TRAINING] Training RandomForest on GaussianCopula_HYBRID...
2025-05-08 19:00:30,664 - INFO - [TRAINING] RandomForest trained successfully on GaussianCopula_HYBRID in 0.08 sec
2025-05-08 19:00:30,664 - INFO - [TRAINING] Training SVM on GaussianCopula_HYBRID...
2025-05-08 19:00:30,668 - INFO - [TRAINING] SVM trained successfully on GaussianCopula_HYBRID in 0.00 sec
2025-05-08 19:00:30,668 - INFO - [TRAINING] Finished training 5 model(s) for dataset: GaussianCopula_HYBRID
2025-05-08 19:00:30,668 - INFO - [TRAINING] Total models trained across all datasets: 20
2025-05-08 19:00:30,668 - INFO - [UTILITY] Trained model names: ['Original', 'Anonymous', 'CTGAN_HYBRID', 'GaussianCopula_HYBRID']
2025-05-08 19:00:30,668 - INFO - [UTILITY] Model Training Completed.
2025-05-08 19:00:30,669 - INFO - Starting the Evaluating of models...
2025-05-08 19:00:30,669 - INFO - Preparing evaluation for model 'DecisionTree' across all datasets...
2025-05-08 19:00:30,669 - INFO - Evaluating DecisionTree on Original...
2025-05-08 19:00:30,670 - INFO - Predictions completed for DecisionTree on Original
2025-05-08 19:00:30,670 - INFO - Prediction distribution for DecisionTree on Original: {'Y': 90, 'N': 54}
2025-05-08 19:00:30,678 - INFO - Computed 8 metric(s) for DecisionTree on Original
2025-05-08 19:00:30,678 - INFO - Evaluating DecisionTree on Anonymous...
2025-05-08 19:00:30,679 - INFO - Predictions completed for DecisionTree on Anonymous
2025-05-08 19:00:30,679 - INFO - Prediction distribution for DecisionTree on Anonymous: {'Y': 82, 'N': 62}
2025-05-08 19:00:30,687 - INFO - Computed 8 metric(s) for DecisionTree on Anonymous
2025-05-08 19:00:30,687 - INFO - Evaluating DecisionTree on CTGAN_HYBRID...
2025-05-08 19:00:30,688 - INFO - Predictions completed for DecisionTree on CTGAN_HYBRID
2025-05-08 19:00:30,688 - INFO - Prediction distribution for DecisionTree on CTGAN_HYBRID: {'Y': 100, 'N': 44}
2025-05-08 19:00:30,696 - INFO - Computed 8 metric(s) for DecisionTree on CTGAN_HYBRID
2025-05-08 19:00:30,696 - INFO - Evaluating DecisionTree on GaussianCopula_HYBRID...
2025-05-08 19:00:30,697 - INFO - Predictions completed for DecisionTree on GaussianCopula_HYBRID
2025-05-08 19:00:30,697 - INFO - Prediction distribution for DecisionTree on GaussianCopula_HYBRID: {'Y': 108, 'N': 36}
2025-05-08 19:00:30,705 - INFO - Computed 8 metric(s) for DecisionTree on GaussianCopula_HYBRID
2025-05-08 19:00:30,705 - INFO - Preparing evaluation for model 'KNN' across all datasets...
2025-05-08 19:00:30,705 - INFO - Evaluating KNN on Original...
2025-05-08 19:00:30,711 - INFO - Predictions completed for KNN on Original
2025-05-08 19:00:30,712 - INFO - Prediction distribution for KNN on Original: {'Y': 115, 'N': 29}
2025-05-08 19:00:30,722 - INFO - Computed 8 metric(s) for KNN on Original
2025-05-08 19:00:30,722 - INFO - Evaluating KNN on Anonymous...
2025-05-08 19:00:30,727 - INFO - Predictions completed for KNN on Anonymous
2025-05-08 19:00:30,727 - INFO - Prediction distribution for KNN on Anonymous: {'Y': 114, 'N': 30}
2025-05-08 19:00:30,738 - INFO - Computed 8 metric(s) for KNN on Anonymous
2025-05-08 19:00:30,738 - INFO - Evaluating KNN on CTGAN_HYBRID...
2025-05-08 19:00:30,743 - INFO - Predictions completed for KNN on CTGAN_HYBRID
2025-05-08 19:00:30,743 - INFO - Prediction distribution for KNN on CTGAN_HYBRID: {'Y': 125, 'N': 19}
2025-05-08 19:00:30,753 - INFO - Computed 8 metric(s) for KNN on CTGAN_HYBRID
2025-05-08 19:00:30,753 - INFO - Evaluating KNN on GaussianCopula_HYBRID...
2025-05-08 19:00:30,758 - INFO - Predictions completed for KNN on GaussianCopula_HYBRID
2025-05-08 19:00:30,758 - INFO - Prediction distribution for KNN on GaussianCopula_HYBRID: {'Y': 106, 'N': 38}
2025-05-08 19:00:30,768 - INFO - Computed 8 metric(s) for KNN on GaussianCopula_HYBRID
2025-05-08 19:00:30,769 - INFO - Preparing evaluation for model 'LogisticRegression' across all datasets...
2025-05-08 19:00:30,769 - INFO - Evaluating LogisticRegression on Original...
2025-05-08 19:00:30,770 - INFO - Predictions completed for LogisticRegression on Original
2025-05-08 19:00:30,770 - INFO - Prediction distribution for LogisticRegression on Original: {'Y': 115, 'N': 29}
2025-05-08 19:00:30,778 - INFO - Computed 8 metric(s) for LogisticRegression on Original
2025-05-08 19:00:30,778 - INFO - Evaluating LogisticRegression on Anonymous...
2025-05-08 19:00:30,779 - INFO - Predictions completed for LogisticRegression on Anonymous
2025-05-08 19:00:30,780 - INFO - Prediction distribution for LogisticRegression on Anonymous: {'N': 79, 'Y': 65}
2025-05-08 19:00:30,788 - INFO - Computed 8 metric(s) for LogisticRegression on Anonymous
2025-05-08 19:00:30,788 - INFO - Evaluating LogisticRegression on CTGAN_HYBRID...
2025-05-08 19:00:30,789 - INFO - Predictions completed for LogisticRegression on CTGAN_HYBRID
2025-05-08 19:00:30,789 - INFO - Prediction distribution for LogisticRegression on CTGAN_HYBRID: {'Y': 144}
2025-05-08 19:00:30,789 - WARNING -  [WARNING] :LogisticRegression on CTGAN_HYBRID predicted only one class: {'Y'}
2025-05-08 19:00:30,791 - WARNING - [UndefinedMetricWarning] Precision is ill-defined and being set to 0.0 in labels with no predicted samples. Use `zero_division` parameter to control this behavior. (from /mnt/NVMETank/Projects/Students/Dele/A-STUDY-INTO-THE-QUALITY-AND-USABILITY-OF-PRIVACY-FRIENDLY-SYNTHETIC-DATA/.venv/lib/python3.12/site-packages/sklearn/metrics/_classification.py:1565)
2025-05-08 19:00:30,792 - WARNING - [UndefinedMetricWarning] Precision is ill-defined and being set to 0.0 in labels with no predicted samples. Use `zero_division` parameter to control this behavior. (from /mnt/NVMETank/Projects/Students/Dele/A-STUDY-INTO-THE-QUALITY-AND-USABILITY-OF-PRIVACY-FRIENDLY-SYNTHETIC-DATA/.venv/lib/python3.12/site-packages/sklearn/metrics/_classification.py:1565)
2025-05-08 19:00:30,794 - WARNING - [UndefinedMetricWarning] Precision is ill-defined and being set to 0.0 in labels with no predicted samples. Use `zero_division` parameter to control this behavior. (from /mnt/NVMETank/Projects/Students/Dele/A-STUDY-INTO-THE-QUALITY-AND-USABILITY-OF-PRIVACY-FRIENDLY-SYNTHETIC-DATA/.venv/lib/python3.12/site-packages/sklearn/metrics/_classification.py:1565)
2025-05-08 19:00:30,798 - INFO - Computed 8 metric(s) for LogisticRegression on CTGAN_HYBRID
2025-05-08 19:00:30,798 - INFO - Evaluating LogisticRegression on GaussianCopula_HYBRID...
2025-05-08 19:00:30,800 - INFO - Predictions completed for LogisticRegression on GaussianCopula_HYBRID
2025-05-08 19:00:30,800 - INFO - Prediction distribution for LogisticRegression on GaussianCopula_HYBRID: {'Y': 141, 'N': 3}
2025-05-08 19:00:30,809 - INFO - Computed 8 metric(s) for LogisticRegression on GaussianCopula_HYBRID
2025-05-08 19:00:30,809 - INFO - Preparing evaluation for model 'RandomForest' across all datasets...
2025-05-08 19:00:30,809 - INFO - Evaluating RandomForest on Original...
2025-05-08 19:00:30,815 - INFO - Predictions completed for RandomForest on Original
2025-05-08 19:00:30,815 - INFO - Prediction distribution for RandomForest on Original: {'Y': 107, 'N': 37}
2025-05-08 19:00:30,832 - INFO - Computed 8 metric(s) for RandomForest on Original
2025-05-08 19:00:30,832 - INFO - Evaluating RandomForest on Anonymous...
2025-05-08 19:00:30,838 - INFO - Predictions completed for RandomForest on Anonymous
2025-05-08 19:00:30,838 - INFO - Prediction distribution for RandomForest on Anonymous: {'Y': 109, 'N': 35}
2025-05-08 19:00:30,855 - INFO - Computed 8 metric(s) for RandomForest on Anonymous
2025-05-08 19:00:30,856 - INFO - Evaluating RandomForest on CTGAN_HYBRID...
2025-05-08 19:00:30,861 - INFO - Predictions completed for RandomForest on CTGAN_HYBRID
2025-05-08 19:00:30,861 - INFO - Prediction distribution for RandomForest on CTGAN_HYBRID: {'Y': 129, 'N': 15}
2025-05-08 19:00:30,878 - INFO - Computed 8 metric(s) for RandomForest on CTGAN_HYBRID
2025-05-08 19:00:30,879 - INFO - Evaluating RandomForest on GaussianCopula_HYBRID...
2025-05-08 19:00:30,884 - INFO - Predictions completed for RandomForest on GaussianCopula_HYBRID
2025-05-08 19:00:30,884 - INFO - Prediction distribution for RandomForest on GaussianCopula_HYBRID: {'Y': 115, 'N': 29}
2025-05-08 19:00:30,902 - INFO - Computed 8 metric(s) for RandomForest on GaussianCopula_HYBRID
2025-05-08 19:00:30,902 - INFO - Preparing evaluation for model 'SVM' across all datasets...
2025-05-08 19:00:30,902 - INFO - Evaluating SVM on Original...
2025-05-08 19:00:30,904 - INFO - Predictions completed for SVM on Original
2025-05-08 19:00:30,904 - INFO - Prediction distribution for SVM on Original: {'Y': 144}
2025-05-08 19:00:30,904 - WARNING -  [WARNING] :SVM on Original predicted only one class: {'Y'}
2025-05-08 19:00:30,905 - WARNING - [UndefinedMetricWarning] Precision is ill-defined and being set to 0.0 in labels with no predicted samples. Use `zero_division` parameter to control this behavior. (from /mnt/NVMETank/Projects/Students/Dele/A-STUDY-INTO-THE-QUALITY-AND-USABILITY-OF-PRIVACY-FRIENDLY-SYNTHETIC-DATA/.venv/lib/python3.12/site-packages/sklearn/metrics/_classification.py:1565)
2025-05-08 19:00:30,907 - WARNING - [UndefinedMetricWarning] Precision is ill-defined and being set to 0.0 in labels with no predicted samples. Use `zero_division` parameter to control this behavior. (from /mnt/NVMETank/Projects/Students/Dele/A-STUDY-INTO-THE-QUALITY-AND-USABILITY-OF-PRIVACY-FRIENDLY-SYNTHETIC-DATA/.venv/lib/python3.12/site-packages/sklearn/metrics/_classification.py:1565)
2025-05-08 19:00:30,908 - WARNING - [UndefinedMetricWarning] Precision is ill-defined and being set to 0.0 in labels with no predicted samples. Use `zero_division` parameter to control this behavior. (from /mnt/NVMETank/Projects/Students/Dele/A-STUDY-INTO-THE-QUALITY-AND-USABILITY-OF-PRIVACY-FRIENDLY-SYNTHETIC-DATA/.venv/lib/python3.12/site-packages/sklearn/metrics/_classification.py:1565)
2025-05-08 19:00:30,909 - INFO - Computed 8 metric(s) for SVM on Original
2025-05-08 19:00:30,909 - INFO - Evaluating SVM on Anonymous...
2025-05-08 19:00:30,911 - INFO - Predictions completed for SVM on Anonymous
2025-05-08 19:00:30,912 - INFO - Prediction distribution for SVM on Anonymous: {'Y': 144}
2025-05-08 19:00:30,912 - WARNING -  [WARNING] :SVM on Anonymous predicted only one class: {'Y'}
2025-05-08 19:00:30,913 - WARNING - [UndefinedMetricWarning] Precision is ill-defined and being set to 0.0 in labels with no predicted samples. Use `zero_division` parameter to control this behavior. (from /mnt/NVMETank/Projects/Students/Dele/A-STUDY-INTO-THE-QUALITY-AND-USABILITY-OF-PRIVACY-FRIENDLY-SYNTHETIC-DATA/.venv/lib/python3.12/site-packages/sklearn/metrics/_classification.py:1565)
2025-05-08 19:00:30,914 - WARNING - [UndefinedMetricWarning] Precision is ill-defined and being set to 0.0 in labels with no predicted samples. Use `zero_division` parameter to control this behavior. (from /mnt/NVMETank/Projects/Students/Dele/A-STUDY-INTO-THE-QUALITY-AND-USABILITY-OF-PRIVACY-FRIENDLY-SYNTHETIC-DATA/.venv/lib/python3.12/site-packages/sklearn/metrics/_classification.py:1565)
2025-05-08 19:00:30,916 - WARNING - [UndefinedMetricWarning] Precision is ill-defined and being set to 0.0 in labels with no predicted samples. Use `zero_division` parameter to control this behavior. (from /mnt/NVMETank/Projects/Students/Dele/A-STUDY-INTO-THE-QUALITY-AND-USABILITY-OF-PRIVACY-FRIENDLY-SYNTHETIC-DATA/.venv/lib/python3.12/site-packages/sklearn/metrics/_classification.py:1565)
2025-05-08 19:00:30,917 - INFO - Computed 8 metric(s) for SVM on Anonymous
2025-05-08 19:00:30,917 - INFO - Evaluating SVM on CTGAN_HYBRID...
2025-05-08 19:00:30,919 - INFO - Predictions completed for SVM on CTGAN_HYBRID
2025-05-08 19:00:30,919 - INFO - Prediction distribution for SVM on CTGAN_HYBRID: {'Y': 144}
2025-05-08 19:00:30,919 - WARNING -  [WARNING] :SVM on CTGAN_HYBRID predicted only one class: {'Y'}
2025-05-08 19:00:30,921 - WARNING - [UndefinedMetricWarning] Precision is ill-defined and being set to 0.0 in labels with no predicted samples. Use `zero_division` parameter to control this behavior. (from /mnt/NVMETank/Projects/Students/Dele/A-STUDY-INTO-THE-QUALITY-AND-USABILITY-OF-PRIVACY-FRIENDLY-SYNTHETIC-DATA/.venv/lib/python3.12/site-packages/sklearn/metrics/_classification.py:1565)
2025-05-08 19:00:30,922 - WARNING - [UndefinedMetricWarning] Precision is ill-defined and being set to 0.0 in labels with no predicted samples. Use `zero_division` parameter to control this behavior. (from /mnt/NVMETank/Projects/Students/Dele/A-STUDY-INTO-THE-QUALITY-AND-USABILITY-OF-PRIVACY-FRIENDLY-SYNTHETIC-DATA/.venv/lib/python3.12/site-packages/sklearn/metrics/_classification.py:1565)
2025-05-08 19:00:30,923 - WARNING - [UndefinedMetricWarning] Precision is ill-defined and being set to 0.0 in labels with no predicted samples. Use `zero_division` parameter to control this behavior. (from /mnt/NVMETank/Projects/Students/Dele/A-STUDY-INTO-THE-QUALITY-AND-USABILITY-OF-PRIVACY-FRIENDLY-SYNTHETIC-DATA/.venv/lib/python3.12/site-packages/sklearn/metrics/_classification.py:1565)
2025-05-08 19:00:30,925 - INFO - Computed 8 metric(s) for SVM on CTGAN_HYBRID
2025-05-08 19:00:30,925 - INFO - Evaluating SVM on GaussianCopula_HYBRID...
2025-05-08 19:00:30,927 - INFO - Predictions completed for SVM on GaussianCopula_HYBRID
2025-05-08 19:00:30,927 - INFO - Prediction distribution for SVM on GaussianCopula_HYBRID: {'Y': 144}
2025-05-08 19:00:30,927 - WARNING -  [WARNING] :SVM on GaussianCopula_HYBRID predicted only one class: {'Y'}
2025-05-08 19:00:30,929 - WARNING - [UndefinedMetricWarning] Precision is ill-defined and being set to 0.0 in labels with no predicted samples. Use `zero_division` parameter to control this behavior. (from /mnt/NVMETank/Projects/Students/Dele/A-STUDY-INTO-THE-QUALITY-AND-USABILITY-OF-PRIVACY-FRIENDLY-SYNTHETIC-DATA/.venv/lib/python3.12/site-packages/sklearn/metrics/_classification.py:1565)
2025-05-08 19:00:30,930 - WARNING - [UndefinedMetricWarning] Precision is ill-defined and being set to 0.0 in labels with no predicted samples. Use `zero_division` parameter to control this behavior. (from /mnt/NVMETank/Projects/Students/Dele/A-STUDY-INTO-THE-QUALITY-AND-USABILITY-OF-PRIVACY-FRIENDLY-SYNTHETIC-DATA/.venv/lib/python3.12/site-packages/sklearn/metrics/_classification.py:1565)
2025-05-08 19:00:30,931 - WARNING - [UndefinedMetricWarning] Precision is ill-defined and being set to 0.0 in labels with no predicted samples. Use `zero_division` parameter to control this behavior. (from /mnt/NVMETank/Projects/Students/Dele/A-STUDY-INTO-THE-QUALITY-AND-USABILITY-OF-PRIVACY-FRIENDLY-SYNTHETIC-DATA/.venv/lib/python3.12/site-packages/sklearn/metrics/_classification.py:1565)
2025-05-08 19:00:30,933 - INFO - Computed 8 metric(s) for SVM on GaussianCopula_HYBRID
2025-05-08 19:00:30,936 - INFO - Evaluation completed for all models.
2025-05-08 19:00:30,936 - INFO - Model evaluation completed in 0.27 seconds.
2025-05-08 19:00:30,938 - INFO - Evaluated models: ['DecisionTree', 'KNN', 'LogisticRegression', 'RandomForest', 'SVM']
2025-05-08 19:00:30,938 - INFO - Model Training and Evaluation completed.
2025-05-08 19:00:31,454 - INFO -  Visualizations saved.
2025-05-08 19:00:31,455 - INFO -  Benchmarking Completed. Results saved in output folder.
