2025-03-19 10:52:55,097 - INFO -  Benchmarking started for dataset: bankMarketing
2025-03-19 10:53:07,313 - ERROR - Anonymization failed.
2025-03-19 10:53:07,482 - INFO - Detected metadata:
2025-03-19 10:53:07,483 - INFO - {
    "METADATA_SPEC_VERSION": "SINGLE_TABLE_V1",
    "columns": {
        "age": {
            "sdtype": "numerical"
        },
        "job_0": {
            "sdtype": "categorical"
        },
        "job_1": {
            "sdtype": "categorical"
        },
        "job_2": {
            "sdtype": "categorical"
        },
        "job_3": {
            "sdtype": "categorical"
        },
        "marital_0": {
            "sdtype": "categorical"
        },
        "marital_1": {
            "sdtype": "categorical"
        },
        "education_0": {
            "sdtype": "categorical"
        },
        "education_1": {
            "sdtype": "categorical"
        },
        "education_2": {
            "sdtype": "categorical"
        },
        "default_0": {
            "sdtype": "categorical"
        },
        "default_1": {
            "sdtype": "categorical"
        },
        "balance": {
            "sdtype": "numerical"
        },
        "housing_0": {
            "sdtype": "categorical"
        },
        "housing_1": {
            "sdtype": "categorical"
        },
        "loan_0": {
            "sdtype": "categorical"
        },
        "loan_1": {
            "sdtype": "categorical"
        },
        "contact_0": {
            "sdtype": "categorical"
        },
        "contact_1": {
            "sdtype": "categorical"
        },
        "day": {
            "sdtype": "numerical"
        },
        "month_0": {
            "sdtype": "categorical"
        },
        "month_1": {
            "sdtype": "categorical"
        },
        "month_2": {
            "sdtype": "categorical"
        },
        "month_3": {
            "sdtype": "categorical"
        },
        "duration": {
            "sdtype": "numerical"
        },
        "campaign": {
            "sdtype": "numerical"
        },
        "pdays": {
            "sdtype": "numerical"
        },
        "previous": {
            "sdtype": "numerical"
        },
        "poutcome_0": {
            "sdtype": "categorical"
        },
        "poutcome_1": {
            "sdtype": "categorical"
        },
        "poutcome_2": {
            "sdtype": "categorical"
        },
        "y": {
            "sdtype": "categorical"
        }
    }
}
2025-03-19 10:53:07,836 - INFO - {'EVENT': 'Load', 'TIMESTAMP': datetime.datetime(2025, 3, 19, 10, 53, 7, 836958), 'SYNTHESIZER CLASS NAME': 'CTGANSynthesizer', 'SYNTHESIZER ID': 'CTGANSynthesizer_1.16.1_a9c95866fdf442be83cc1e66acd6c65b'}
2025-03-19 10:53:12,898 - INFO - {'EVENT': 'Sample', 'TIMESTAMP': datetime.datetime(2025, 3, 19, 10, 53, 7, 836958), 'SYNTHESIZER CLASS NAME': 'CTGANSynthesizer', 'SYNTHESIZER ID': 'CTGANSynthesizer_1.16.1_a9c95866fdf442be83cc1e66acd6c65b', 'TOTAL NUMBER OF TABLES': 1, 'TOTAL NUMBER OF ROWS': 36168, 'TOTAL NUMBER OF COLUMNS': 32}
2025-03-19 10:55:07,315 - INFO - Model Training and Evaluation completed.
2025-03-19 10:58:02,636 - INFO -  Visualizations saved.
2025-03-19 10:58:02,636 - INFO -  Benchmarking Completed. Results saved in output folder.
