2025-04-13 14:17:45,901 - INFO - Loaded config file: configs/generated_configs/crimeData/crimeData_anon_k15_l4_sl0.01.yaml
2025-04-13 14:17:45,901 - INFO -  Benchmarking started for dataset: crimeData
2025-04-13 14:17:45,901 - INFO - Configuration loaded: enable_anonymization = True, enable_synthesis = False
2025-04-13 14:17:45,901 - INFO - Running preprocessing...
2025-04-13 14:17:45,906 - INFO - Preprocessed files found. Skipping preprocessing.
2025-04-13 14:17:48,197 - INFO - Preprocessing completed. Rows before: 974477, after: 260402
2025-04-13 14:17:48,197 - INFO - enable_anonymization = None
2025-04-13 14:17:48,202 - INFO - Running Java Anonymization Program...........
2025-04-13 14:17:48,202 - INFO - Using JAR file at /mnt/NVMETank/Projects/Students/Dele/A-STUDY-INTO-THE-QUALITY-AND-USABILITY-OF-PRIVACY-FRIENDLY-SYNTHETIC-DATA/src/anonymization/anonymARXij/bin/anonymARXij.jar to anonymize the dataset.
2025-04-13 14:17:54,549 - INFO - Anonimized file saved to : /mnt/NVMETank/Projects/Students/Dele/A-STUDY-INTO-THE-QUALITY-AND-USABILITY-OF-PRIVACY-FRIENDLY-SYNTHETIC-DATA/datasets/anonymized/crimeData_k15_l4_sup01_anonymized.csv
2025-04-13 14:17:54,549 - INFO - Java anonymization completed successfully.
2025-04-13 14:17:54,549 - INFO - Anonymized data saved to: /mnt/NVMETank/Projects/Students/Dele/A-STUDY-INTO-THE-QUALITY-AND-USABILITY-OF-PRIVACY-FRIENDLY-SYNTHETIC-DATA/datasets/anonymized/crimeData_k15_l4_sup01_anonymized.csv
2025-04-13 14:17:55,986 - INFO - Loaded anonymized data: (260402, 12)
2025-04-13 14:17:57,517 - INFO - Encoding applied to anonymized data. Encoded shape: (260402, 42)
2025-04-13 14:17:58,597 - INFO - Encoded anonymized dataset saved to: /mnt/NVMETank/Projects/Students/Dele/A-STUDY-INTO-THE-QUALITY-AND-USABILITY-OF-PRIVACY-FRIENDLY-SYNTHETIC-DATA/datasets/anonymized/crimeData_k15_l4_sup01_anonymized_encoded.csv
2025-04-13 14:17:58,603 - INFO - Deleted anonymized dataset: /mnt/NVMETank/Projects/Students/Dele/A-STUDY-INTO-THE-QUALITY-AND-USABILITY-OF-PRIVACY-FRIENDLY-SYNTHETIC-DATA/datasets/anonymized/crimeData_k15_l4_sup01_anonymized.csv
2025-04-13 14:17:58,603 - INFO - enable_synthetic_generation = False
2025-04-13 14:17:58,603 - INFO - Synthetic Data Generation Skipped (Disabled in Configuration).
2025-04-13 14:17:58,603 - INFO - Synthetic data generated with 2 synthesizers.
2025-04-13 14:17:58,603 - INFO - Hybrid pipeline skipped (disabled in configuration).
2025-04-13 14:17:58,603 - INFO - Preparing datasets for machine learning...
2025-04-13 14:17:58,630 - INFO - Original Data - Training Size: 260402, Testing Size: 116461
2025-04-13 14:17:58,630 - INFO - Processing anonymized dataset...
2025-04-13 14:17:58,649 - INFO - Anonymized Data - Training Size: 260402
2025-04-13 14:17:58,649 - INFO - Training models on all datasets...
2025-04-13 20:59:16,580 - INFO - Model Training Completed.
2025-04-13 20:59:16,580 - INFO - Evaluating models...
