2025-04-10 11:30:58,684 - INFO - Loaded config file: configs/generated_configs/loan/loan_anon_k3_l5_sl0.05.yaml
2025-04-10 11:30:58,684 - INFO -  Benchmarking started for dataset: loan
2025-04-10 11:30:58,684 - INFO - Configuration loaded: enable_anonymization = True, enable_synthesis = False
2025-04-10 11:30:58,684 - INFO - Running preprocessing...
2025-04-10 11:30:58,688 - INFO - Preprocessed files found. Skipping preprocessing.
2025-04-10 11:30:58,705 - INFO - Preprocessing completed. Rows before: 614, after: 384
2025-04-10 11:30:58,706 - INFO - enable_anonymization = None
2025-04-10 11:30:58,726 - INFO - Running Java Anonymization Program...........
2025-04-10 11:30:58,726 - INFO - Using JAR file at /home/deleayeni/A-STUDY-INTO-THE-QUALITY-AND-USABILITY-OF-PRIVACY-FRIENDLY-SYNTHETIC-DATA/src/anonymization/anonymARXij/bin/anonymARXij.jar to anonymize the dataset.
2025-04-10 11:31:00,751 - INFO - Java anonymization completed successfully.
2025-04-10 11:31:00,752 - INFO - Anonymized data saved to: /home/deleayeni/A-STUDY-INTO-THE-QUALITY-AND-USABILITY-OF-PRIVACY-FRIENDLY-SYNTHETIC-DATA/datasets/anonymized/loan_anonymized.csv
2025-04-10 11:31:00,769 - INFO - Loaded anonymized data: (384, 13)
2025-04-10 11:31:00,814 - INFO - Encoding applied to anonymized data. Encoded shape: (384, 12)
2025-04-10 11:31:00,816 - INFO - Encoded anonymized dataset saved to: datasets/anonymized/loan_anonymized_encoded.csv
2025-04-10 11:31:00,817 - INFO - enable_synthetic_generation = False
2025-04-10 11:31:00,817 - INFO - Synthetic Data Generation Skipped (Disabled in Configuration).
2025-04-10 11:31:00,817 - INFO - Synthetic data generated with 2 synthesizers.
2025-04-10 11:31:00,817 - INFO - Hybrid pipeline skipped (disabled in configuration).
2025-04-10 11:31:00,817 - INFO - Preparing datasets for machine learning...
2025-04-10 11:31:00,817 - INFO - Original Data - Training Size: 384, Testing Size: 96
2025-04-10 11:31:00,818 - INFO - Processing anonymized dataset...
2025-04-10 11:31:00,818 - INFO - Anonymized Data - Training Size: 384
2025-04-10 11:31:00,818 - INFO - Training models on all datasets...
2025-04-10 11:31:01,982 - INFO - Model Training Completed.
2025-04-10 11:31:01,982 - INFO - Evaluating models...
2025-04-10 11:31:02,569 - INFO - Model Training and Evaluation completed.
2025-04-10 11:31:02,976 - INFO -  Visualizations saved.
2025-04-10 11:31:02,976 - INFO -  Benchmarking Completed. Results saved in output folder.
