2025-05-08 10:34:44,361 - INFO - Loaded config file: configs/generated_configs/censusIncome/censusIncome_anon_k14_sl0p05_l1.yaml
2025-05-08 10:34:44,361 - INFO -  Benchmarking started for dataset: censusIncome
2025-05-08 10:34:44,362 - INFO - Using dataset path: /mnt/NVMETank/Projects/Students/Dele/A-STUDY-INTO-THE-QUALITY-AND-USABILITY-OF-PRIVACY-FRIENDLY-SYNTHETIC-DATA/datasets/original/censusIncome.csv
2025-05-08 10:34:44,362 - INFO - Target column: income, separator: ','
2025-05-08 10:34:44,362 - INFO - Configuration loaded: enable_anonymization = True, enable_synthesis = False, enable_hybrid = False, enable_utility = True, delete_after_evaluation = False
2025-05-08 10:34:44,362 - INFO - Running preprocessing...
2025-05-08 10:34:44,366 - INFO -  [PREPROCESSING] Preprocessed files found. Skipping preprocessing.
2025-05-08 10:34:44,503 - INFO - Preprocessing completed. Rows before: 48842, after: 39073
2025-05-08 10:34:44,503 - INFO - Preprocessed data saved to: outputs/batch/censusIncome_batch_2025-05-08_10-04-54/censusIncome_anon_k14_sl0p05_l1/preprocessing_report.txt
2025-05-08 10:34:44,503 - INFO - enable_anonymization = True
2025-05-08 10:34:44,503 - INFO - Starting Anonymization Pipeline with output path: /mnt/NVMETank/Projects/Students/Dele/A-STUDY-INTO-THE-QUALITY-AND-USABILITY-OF-PRIVACY-FRIENDLY-SYNTHETIC-DATA/datasets/anonymized/censusIncome_k14_l1_sup05_anonymized.csv.......
2025-05-08 10:34:44,508 - INFO -  [ANONYMIZATION] Executing run_anonymization, config_path : configs/generated_configs/censusIncome/censusIncome_anon_k14_sl0p05_l1.yaml...........
2025-05-08 10:34:44,508 - INFO -  [ANONYMIZATION] Using JAR file at /mnt/NVMETank/Projects/Students/Dele/A-STUDY-INTO-THE-QUALITY-AND-USABILITY-OF-PRIVACY-FRIENDLY-SYNTHETIC-DATA/src/anonymization/anonymARXij/bin/anonymARXij.jar to anonymize the dataset.
2025-05-08 10:34:50,409 - INFO -  [ANONYMIZATION] Anonimized file saved to : /mnt/NVMETank/Projects/Students/Dele/A-STUDY-INTO-THE-QUALITY-AND-USABILITY-OF-PRIVACY-FRIENDLY-SYNTHETIC-DATA/datasets/anonymized/censusIncome_k14_l1_sup05_anonymized.csv
2025-05-08 10:34:50,409 - INFO -  [ANONYMIZATION] Java anonymization completed successfully.
2025-05-08 10:34:50,409 - INFO -  [ANONYMIZATION] Java STDOUT:
📄 Java received config path: /mnt/NVMETank/Projects/Students/Dele/A-STUDY-INTO-THE-QUALITY-AND-USABILITY-OF-PRIVACY-FRIENDLY-SYNTHETIC-DATA/configs/generated_configs/censusIncome/censusIncome_anon_k14_sl0p05_l1.yaml
🔹 Loading config from: /mnt/NVMETank/Projects/Students/Dele/A-STUDY-INTO-THE-QUALITY-AND-USABILITY-OF-PRIVACY-FRIENDLY-SYNTHETIC-DATA/configs/generated_configs/censusIncome/censusIncome_anon_k14_sl0p05_l1.yaml
Loading config from: /mnt/NVMETank/Projects/Students/Dele/A-STUDY-INTO-THE-QUALITY-AND-USABILITY-OF-PRIVACY-FRIENDLY-SYNTHETIC-DATA/configs/generated_configs/censusIncome/censusIncome_anon_k14_sl0p05_l1.yaml
📂 Dataset Path (from args): /mnt/NVMETank/Projects/Students/Dele/A-STUDY-INTO-THE-QUALITY-AND-USABILITY-OF-PRIVACY-FRIENDLY-SYNTHETIC-DATA/datasets/train/censusIncome_train_raw.csv
🔹 Dataset Separator: ,
🔹 Suppression Limit: 0.05

🔹 Configured Attributes:
  ✅ Quasi-Identifier: age
  ✅ Quasi-Identifier: education
  ✅ Quasi-Identifier: workclass
  ✅ Quasi-Identifier: marital-status
  ✅ Quasi-Identifier: occupation
  ✅ Quasi-Identifier: race
  ✅ Quasi-Identifier: sex
  ✅ Quasi-Identifier: native-country
  ✅ Sensitive Attribute: income
  ✅ Insensitive Attribute: fnlwgt
  ✅ Insensitive Attribute: hours-per-week
  ✅ Insensitive Attribute: capital-gain
  ✅ Insensitive Attribute: capital-loss
  ✅ Insensitive Attribute: relationship
  ✅ Insensitive Attribute: education-num

🔹 Defined Hierarchies:
  ✅ education -> /mnt/NVMETank/Projects/Students/Dele/A-STUDY-INTO-THE-QUALITY-AND-USABILITY-OF-PRIVACY-FRIENDLY-SYNTHETIC-DATA/src/anonymization/anonymARXij/src/hierarchies_censusIncome/education.csv
  ✅ occupation -> /mnt/NVMETank/Projects/Students/Dele/A-STUDY-INTO-THE-QUALITY-AND-USABILITY-OF-PRIVACY-FRIENDLY-SYNTHETIC-DATA/src/anonymization/anonymARXij/src/hierarchies_censusIncome/occupation.csv
  ✅ workclass -> /mnt/NVMETank/Projects/Students/Dele/A-STUDY-INTO-THE-QUALITY-AND-USABILITY-OF-PRIVACY-FRIENDLY-SYNTHETIC-DATA/src/anonymization/anonymARXij/src/hierarchies_censusIncome/workclass.csv
  ✅ native-country -> /mnt/NVMETank/Projects/Students/Dele/A-STUDY-INTO-THE-QUALITY-AND-USABILITY-OF-PRIVACY-FRIENDLY-SYNTHETIC-DATA/src/anonymization/anonymARXij/src/hierarchies_censusIncome/native-country.csv
  ✅ race -> /mnt/NVMETank/Projects/Students/Dele/A-STUDY-INTO-THE-QUALITY-AND-USABILITY-OF-PRIVACY-FRIENDLY-SYNTHETIC-DATA/src/anonymization/anonymARXij/src/hierarchies_censusIncome/race.csv
  ✅ sex -> /mnt/NVMETank/Projects/Students/Dele/A-STUDY-INTO-THE-QUALITY-AND-USABILITY-OF-PRIVACY-FRIENDLY-SYNTHETIC-DATA/src/anonymization/anonymARXij/src/hierarchies_censusIncome/sex.csv
  ✅ marital-status -> /mnt/NVMETank/Projects/Students/Dele/A-STUDY-INTO-THE-QUALITY-AND-USABILITY-OF-PRIVACY-FRIENDLY-SYNTHETIC-DATA/src/anonymization/anonymARXij/src/hierarchies_censusIncome/marital-status.csv
  ✅ age -> /mnt/NVMETank/Projects/Students/Dele/A-STUDY-INTO-THE-QUALITY-AND-USABILITY-OF-PRIVACY-FRIENDLY-SYNTHETIC-DATA/src/anonymization/anonymARXij/src/hierarchies_censusIncome/age.csv
Java is searching for hierarchy file at: /mnt/NVMETank/Projects/Students/Dele/A-STUDY-INTO-THE-QUALITY-AND-USABILITY-OF-PRIVACY-FRIENDLY-SYNTHETIC-DATA/src/anonymization/anonymARXij/src/hierarchies_censusIncome/education.csv
Java is searching for hierarchy file at: /mnt/NVMETank/Projects/Students/Dele/A-STUDY-INTO-THE-QUALITY-AND-USABILITY-OF-PRIVACY-FRIENDLY-SYNTHETIC-DATA/src/anonymization/anonymARXij/src/hierarchies_censusIncome/occupation.csv
Java is searching for hierarchy file at: /mnt/NVMETank/Projects/Students/Dele/A-STUDY-INTO-THE-QUALITY-AND-USABILITY-OF-PRIVACY-FRIENDLY-SYNTHETIC-DATA/src/anonymization/anonymARXij/src/hierarchies_censusIncome/workclass.csv
Java is searching for hierarchy file at: /mnt/NVMETank/Projects/Students/Dele/A-STUDY-INTO-THE-QUALITY-AND-USABILITY-OF-PRIVACY-FRIENDLY-SYNTHETIC-DATA/src/anonymization/anonymARXij/src/hierarchies_censusIncome/native-country.csv
Java is searching for hierarchy file at: /mnt/NVMETank/Projects/Students/Dele/A-STUDY-INTO-THE-QUALITY-AND-USABILITY-OF-PRIVACY-FRIENDLY-SYNTHETIC-DATA/src/anonymization/anonymARXij/src/hierarchies_censusIncome/race.csv
Java is searching for hierarchy file at: /mnt/NVMETank/Projects/Students/Dele/A-STUDY-INTO-THE-QUALITY-AND-USABILITY-OF-PRIVACY-FRIENDLY-SYNTHETIC-DATA/src/anonymization/anonymARXij/src/hierarchies_censusIncome/sex.csv
Java is searching for hierarchy file at: /mnt/NVMETank/Projects/Students/Dele/A-STUDY-INTO-THE-QUALITY-AND-USABILITY-OF-PRIVACY-FRIENDLY-SYNTHETIC-DATA/src/anonymization/anonymARXij/src/hierarchies_censusIncome/marital-status.csv
Java is searching for hierarchy file at: /mnt/NVMETank/Projects/Students/Dele/A-STUDY-INTO-THE-QUALITY-AND-USABILITY-OF-PRIVACY-FRIENDLY-SYNTHETIC-DATA/src/anonymization/anonymARXij/src/hierarchies_censusIncome/age.csv
✓ Applied Distinct L-Diversity on: income (l=1)
🔹 Privacy Models Configured
📂 Anonymized Output Path (from args): /mnt/NVMETank/Projects/Students/Dele/A-STUDY-INTO-THE-QUALITY-AND-USABILITY-OF-PRIVACY-FRIENDLY-SYNTHETIC-DATA/datasets/anonymized/censusIncome_k14_l1_sup05_anonymized.csv
📂 Anonymized Output Path: /mnt/NVMETank/Projects/Students/Dele/A-STUDY-INTO-THE-QUALITY-AND-USABILITY-OF-PRIVACY-FRIENDLY-SYNTHETIC-DATA/datasets/anonymized/censusIncome_k14_l1_sup05_anonymized.csv
✅ Anonymization completed. Output saved to: /mnt/NVMETank/Projects/Students/Dele/A-STUDY-INTO-THE-QUALITY-AND-USABILITY-OF-PRIVACY-FRIENDLY-SYNTHETIC-DATA/datasets/anonymized/censusIncome_k14_l1_sup05_anonymized.csv
Anonymized Data Quality Metrics:
 - Ambiguity: 0.9506367191536499
 - AECS: 0.9962249357915459
 - Discernibility: 0.9267434179417007
 - Granularity: 0.6606858480905361
 - MSE: 0.4766506556798472
 - Non-Uniform Entropy: 0.37848924252776517
 - Precision: 0.4923970151109218
 - Record-level SE: 0.5127816540661494
Equivalence Class Statistics:
 - Number of Classes: 249
 - Average Class Size: 149.20481927710844
Suppression Statistics:
 - Suppressed Records: 1921
 - Suppression Percentage: 4.92%
2025-05-08 10:34:50,409 - INFO - Anonymized data saved to: /mnt/NVMETank/Projects/Students/Dele/A-STUDY-INTO-THE-QUALITY-AND-USABILITY-OF-PRIVACY-FRIENDLY-SYNTHETIC-DATA/datasets/anonymized/censusIncome_k14_l1_sup05_anonymized.csv
2025-05-08 10:34:50,545 - INFO - Anonymous data report saved at: outputs/batch/censusIncome_batch_2025-05-08_10-04-54/censusIncome_anon_k14_sl0p05_l1/anonymous_data_report.txt
2025-05-08 10:34:50,545 - INFO -  [POSTPROCESSING] Postprocessing anonymized data: /mnt/NVMETank/Projects/Students/Dele/A-STUDY-INTO-THE-QUALITY-AND-USABILITY-OF-PRIVACY-FRIENDLY-SYNTHETIC-DATA/datasets/anonymized/censusIncome_k14_l1_sup05_anonymized.csv
2025-05-08 10:34:50,584 - INFO -  [POSTPROCESSING] Loaded anonymized data: (39073, 15)
2025-05-08 10:34:50,674 - INFO -  [POSTPROCESSING] Loaded fallback maps from training data. Categorical cols: 9, Numeric cols: 6
2025-05-08 10:34:50,674 - INFO -  [POSTPROCESSING] Normalizing anonymized data using ARX artifact cleaning and fallback values.
2025-05-08 10:34:51,905 - INFO -  [POSTPROCESSING] Normalized anonymized data saved to: /mnt/NVMETank/Projects/Students/Dele/A-STUDY-INTO-THE-QUALITY-AND-USABILITY-OF-PRIVACY-FRIENDLY-SYNTHETIC-DATA/datasets/anonymized/censusIncome_k14_l1_sup05_anonymized_processed.csv
2025-05-08 10:34:52,015 - INFO -  [POSTPROCESSING] Binary Encoding applied to anonymized data. Encoded shape: (39073, 37)
2025-05-08 10:34:52,174 - INFO -  [POSTPROCESSING] Encoded anonymized dataset saved to: /mnt/NVMETank/Projects/Students/Dele/A-STUDY-INTO-THE-QUALITY-AND-USABILITY-OF-PRIVACY-FRIENDLY-SYNTHETIC-DATA/datasets/anonymized/censusIncome_k14_l1_sup05_anonymized_encoded.csv
2025-05-08 10:34:52,174 - INFO -  [POSTPROCESSING] Encoding map generated for anonymized data: 0 original categorical columns.
2025-05-08 10:34:52,178 - INFO - Postprocessing report saved at: outputs/batch/censusIncome_batch_2025-05-08_10-04-54/censusIncome_anon_k14_sl0p05_l1/postprocessing_report.txt
2025-05-08 10:34:52,178 - INFO - enable_synthetic_generation = False
2025-05-08 10:34:52,178 - INFO - Synthetic Data Generation Skipped (Disabled in Configuration).
2025-05-08 10:34:52,178 - INFO - Hybrid Pipeline skipped (disabled in configuration).
2025-05-08 10:34:52,178 - INFO - Starting Utility...
2025-05-08 10:34:52,178 - INFO - [UTILITY] Preparing datasets for machine learning...
2025-05-08 10:34:52,180 - INFO - [UTILITY] Original Data - Training Size: 39073, Testing Size: 9769
2025-05-08 10:34:52,182 - INFO - [UTILITY] Target class distribution (Original): {'<=50K': 19775, '<=50K.': 9948, '>50K': 6273, '>50K.': 3077}
2025-05-08 10:34:52,183 - INFO - [UTILITY] Processing anonymized dataset...
2025-05-08 10:34:52,186 - INFO - [UTILITY] Anonymized Data - Training Size: 39073
2025-05-08 10:34:52,187 - INFO - [UTILITY] Target class distribution (Anonymous): {'<=50K': 19775, '<=50K.': 9948, '>50K': 6273, '>50K.': 3077}
2025-05-08 10:34:52,187 - INFO - [UTILITY] Training models on all datasets...
2025-05-08 10:34:52,187 - INFO - [UTILITY] Total datasets used for training: 2
2025-05-08 10:34:52,187 - INFO - [TRAINING] Training models from scratch...
2025-05-08 10:34:52,187 - INFO - [TRAINING] Starting training for dataset: Original — Rows: 39073, Features: 36
2025-05-08 10:34:52,188 - INFO - [TRAINING] Training DecisionTree on Original...
2025-05-08 10:34:52,514 - INFO - [TRAINING] DecisionTree trained successfully on Original in 0.33 sec
2025-05-08 10:34:52,514 - INFO - [TRAINING] Training KNN on Original...
2025-05-08 10:34:52,541 - INFO - [TRAINING] KNN trained successfully on Original in 0.03 sec
2025-05-08 10:34:52,541 - INFO - [TRAINING] Training LogisticRegression on Original...
2025-05-08 10:34:53,344 - INFO - [TRAINING] LogisticRegression trained successfully on Original in 0.80 sec
2025-05-08 10:34:53,344 - INFO - [TRAINING] Training RandomForest on Original...
2025-05-08 10:34:57,448 - INFO - [TRAINING] RandomForest trained successfully on Original in 4.10 sec
2025-05-08 10:34:57,448 - INFO - [TRAINING] Training SVM on Original...
2025-05-08 10:36:10,226 - INFO - [TRAINING] SVM trained successfully on Original in 72.78 sec
2025-05-08 10:36:10,226 - INFO - [TRAINING] Finished training 5 model(s) for dataset: Original
2025-05-08 10:36:10,226 - INFO - [TRAINING] Starting training for dataset: Anonymous — Rows: 39073, Features: 36
2025-05-08 10:36:10,226 - INFO - [TRAINING] Training DecisionTree on Anonymous...
2025-05-08 10:36:10,740 - INFO - [TRAINING] DecisionTree trained successfully on Anonymous in 0.51 sec
2025-05-08 10:36:10,740 - INFO - [TRAINING] Training KNN on Anonymous...
2025-05-08 10:36:10,839 - INFO - [TRAINING] KNN trained successfully on Anonymous in 0.10 sec
2025-05-08 10:36:10,840 - INFO - [TRAINING] Training LogisticRegression on Anonymous...
2025-05-08 10:36:12,886 - INFO - [TRAINING] LogisticRegression trained successfully on Anonymous in 2.04 sec
2025-05-08 10:36:12,886 - INFO - [TRAINING] Training RandomForest on Anonymous...
2025-05-08 10:36:20,587 - INFO - [TRAINING] RandomForest trained successfully on Anonymous in 7.70 sec
2025-05-08 10:36:20,588 - INFO - [TRAINING] Training SVM on Anonymous...
2025-05-08 10:37:03,143 - INFO - [TRAINING] SVM trained successfully on Anonymous in 42.55 sec
2025-05-08 10:37:03,143 - INFO - [TRAINING] Finished training 5 model(s) for dataset: Anonymous
2025-05-08 10:37:03,143 - INFO - [TRAINING] Total models trained across all datasets: 10
2025-05-08 10:37:03,143 - INFO - [UTILITY] Trained model names: ['Original', 'Anonymous']
2025-05-08 10:37:03,143 - INFO - [UTILITY] Model Training Completed.
2025-05-08 10:37:03,143 - INFO - Starting the Evaluating of models...
2025-05-08 10:37:03,143 - INFO - Preparing evaluation for model 'DecisionTree' across all datasets...
2025-05-08 10:37:03,143 - INFO - Evaluating DecisionTree on Original...
2025-05-08 10:37:03,147 - INFO - Predictions completed for DecisionTree on Original
2025-05-08 10:37:03,148 - INFO - Prediction distribution for DecisionTree on Original: {'<=50K': 4737, '<=50K.': 2563, '>50K': 1624, '>50K.': 845}
2025-05-08 10:37:03,245 - INFO - Computed 8 metric(s) for DecisionTree on Original
2025-05-08 10:37:03,245 - INFO - Evaluating DecisionTree on Anonymous...
2025-05-08 10:37:03,248 - INFO - Predictions completed for DecisionTree on Anonymous
2025-05-08 10:37:03,249 - INFO - Prediction distribution for DecisionTree on Anonymous: {'<=50K': 4959, '<=50K.': 2645, '>50K': 1444, '>50K.': 721}
2025-05-08 10:37:03,341 - INFO - Computed 8 metric(s) for DecisionTree on Anonymous
2025-05-08 10:37:03,341 - INFO - Preparing evaluation for model 'KNN' across all datasets...
2025-05-08 10:37:03,341 - INFO - Evaluating KNN on Original...
2025-05-08 10:37:06,103 - INFO - Predictions completed for KNN on Original
2025-05-08 10:37:06,104 - INFO - Prediction distribution for KNN on Original: {'<=50K': 7038, '<=50K.': 1542, '>50K': 1005, '>50K.': 184}
2025-05-08 10:37:11,257 - INFO - Computed 8 metric(s) for KNN on Original
2025-05-08 10:37:11,257 - INFO - Evaluating KNN on Anonymous...
2025-05-08 10:37:13,980 - INFO - Predictions completed for KNN on Anonymous
2025-05-08 10:37:13,980 - INFO - Prediction distribution for KNN on Anonymous: {'<=50K': 7087, '<=50K.': 1573, '>50K': 932, '>50K.': 177}
2025-05-08 10:37:19,109 - INFO - Computed 8 metric(s) for KNN on Anonymous
2025-05-08 10:37:19,109 - INFO - Preparing evaluation for model 'LogisticRegression' across all datasets...
2025-05-08 10:37:19,109 - INFO - Evaluating LogisticRegression on Original...
2025-05-08 10:37:19,112 - INFO - Predictions completed for LogisticRegression on Original
2025-05-08 10:37:19,113 - INFO - Prediction distribution for LogisticRegression on Original: {'<=50K': 7883, '>50K': 1884, '>50K.': 2}
2025-05-08 10:37:19,134 - WARNING - [UndefinedMetricWarning] Precision is ill-defined and being set to 0.0 in labels with no predicted samples. Use `zero_division` parameter to control this behavior. (from /mnt/NVMETank/Projects/Students/Dele/A-STUDY-INTO-THE-QUALITY-AND-USABILITY-OF-PRIVACY-FRIENDLY-SYNTHETIC-DATA/.venv/lib/python3.12/site-packages/sklearn/metrics/_classification.py:1565)
2025-05-08 10:37:19,152 - WARNING - [UndefinedMetricWarning] Precision is ill-defined and being set to 0.0 in labels with no predicted samples. Use `zero_division` parameter to control this behavior. (from /mnt/NVMETank/Projects/Students/Dele/A-STUDY-INTO-THE-QUALITY-AND-USABILITY-OF-PRIVACY-FRIENDLY-SYNTHETIC-DATA/.venv/lib/python3.12/site-packages/sklearn/metrics/_classification.py:1565)
2025-05-08 10:37:19,169 - WARNING - [UndefinedMetricWarning] Precision is ill-defined and being set to 0.0 in labels with no predicted samples. Use `zero_division` parameter to control this behavior. (from /mnt/NVMETank/Projects/Students/Dele/A-STUDY-INTO-THE-QUALITY-AND-USABILITY-OF-PRIVACY-FRIENDLY-SYNTHETIC-DATA/.venv/lib/python3.12/site-packages/sklearn/metrics/_classification.py:1565)
2025-05-08 10:37:19,211 - INFO - Computed 8 metric(s) for LogisticRegression on Original
2025-05-08 10:37:19,211 - INFO - Evaluating LogisticRegression on Anonymous...
2025-05-08 10:37:19,213 - INFO - Predictions completed for LogisticRegression on Anonymous
2025-05-08 10:37:19,214 - INFO - Prediction distribution for LogisticRegression on Anonymous: {'<=50K': 8872, '>50K': 897}
2025-05-08 10:37:19,235 - WARNING - [UndefinedMetricWarning] Precision is ill-defined and being set to 0.0 in labels with no predicted samples. Use `zero_division` parameter to control this behavior. (from /mnt/NVMETank/Projects/Students/Dele/A-STUDY-INTO-THE-QUALITY-AND-USABILITY-OF-PRIVACY-FRIENDLY-SYNTHETIC-DATA/.venv/lib/python3.12/site-packages/sklearn/metrics/_classification.py:1565)
2025-05-08 10:37:19,253 - WARNING - [UndefinedMetricWarning] Precision is ill-defined and being set to 0.0 in labels with no predicted samples. Use `zero_division` parameter to control this behavior. (from /mnt/NVMETank/Projects/Students/Dele/A-STUDY-INTO-THE-QUALITY-AND-USABILITY-OF-PRIVACY-FRIENDLY-SYNTHETIC-DATA/.venv/lib/python3.12/site-packages/sklearn/metrics/_classification.py:1565)
2025-05-08 10:37:19,270 - WARNING - [UndefinedMetricWarning] Precision is ill-defined and being set to 0.0 in labels with no predicted samples. Use `zero_division` parameter to control this behavior. (from /mnt/NVMETank/Projects/Students/Dele/A-STUDY-INTO-THE-QUALITY-AND-USABILITY-OF-PRIVACY-FRIENDLY-SYNTHETIC-DATA/.venv/lib/python3.12/site-packages/sklearn/metrics/_classification.py:1565)
2025-05-08 10:37:19,312 - INFO - Computed 8 metric(s) for LogisticRegression on Anonymous
2025-05-08 10:37:19,312 - INFO - Preparing evaluation for model 'RandomForest' across all datasets...
2025-05-08 10:37:19,313 - INFO - Evaluating RandomForest on Original...
2025-05-08 10:37:19,507 - INFO - Predictions completed for RandomForest on Original
2025-05-08 10:37:19,508 - INFO - Prediction distribution for RandomForest on Original: {'<=50K': 6620, '>50K': 1680, '<=50K.': 1112, '>50K.': 357}
2025-05-08 10:37:19,983 - INFO - Computed 8 metric(s) for RandomForest on Original
2025-05-08 10:37:19,984 - INFO - Evaluating RandomForest on Anonymous...
2025-05-08 10:37:20,138 - INFO - Predictions completed for RandomForest on Anonymous
2025-05-08 10:37:20,139 - INFO - Prediction distribution for RandomForest on Anonymous: {'<=50K': 7184, '>50K': 1303, '<=50K.': 1068, '>50K.': 214}
2025-05-08 10:37:20,539 - INFO - Computed 8 metric(s) for RandomForest on Anonymous
2025-05-08 10:37:20,539 - INFO - Preparing evaluation for model 'SVM' across all datasets...
2025-05-08 10:37:20,539 - INFO - Evaluating SVM on Original...
2025-05-08 10:37:32,346 - INFO - Predictions completed for SVM on Original
2025-05-08 10:37:32,346 - INFO - Prediction distribution for SVM on Original: {'<=50K': 9395, '>50K': 374}
2025-05-08 10:37:32,368 - WARNING - [UndefinedMetricWarning] Precision is ill-defined and being set to 0.0 in labels with no predicted samples. Use `zero_division` parameter to control this behavior. (from /mnt/NVMETank/Projects/Students/Dele/A-STUDY-INTO-THE-QUALITY-AND-USABILITY-OF-PRIVACY-FRIENDLY-SYNTHETIC-DATA/.venv/lib/python3.12/site-packages/sklearn/metrics/_classification.py:1565)
2025-05-08 10:37:32,385 - WARNING - [UndefinedMetricWarning] Precision is ill-defined and being set to 0.0 in labels with no predicted samples. Use `zero_division` parameter to control this behavior. (from /mnt/NVMETank/Projects/Students/Dele/A-STUDY-INTO-THE-QUALITY-AND-USABILITY-OF-PRIVACY-FRIENDLY-SYNTHETIC-DATA/.venv/lib/python3.12/site-packages/sklearn/metrics/_classification.py:1565)
2025-05-08 10:37:32,402 - WARNING - [UndefinedMetricWarning] Precision is ill-defined and being set to 0.0 in labels with no predicted samples. Use `zero_division` parameter to control this behavior. (from /mnt/NVMETank/Projects/Students/Dele/A-STUDY-INTO-THE-QUALITY-AND-USABILITY-OF-PRIVACY-FRIENDLY-SYNTHETIC-DATA/.venv/lib/python3.12/site-packages/sklearn/metrics/_classification.py:1565)
2025-05-08 10:37:32,416 - INFO - Computed 8 metric(s) for SVM on Original
2025-05-08 10:37:32,417 - INFO - Evaluating SVM on Anonymous...
2025-05-08 10:37:44,239 - INFO - Predictions completed for SVM on Anonymous
2025-05-08 10:37:44,240 - INFO - Prediction distribution for SVM on Anonymous: {'<=50K': 9395, '>50K': 374}
2025-05-08 10:37:44,262 - WARNING - [UndefinedMetricWarning] Precision is ill-defined and being set to 0.0 in labels with no predicted samples. Use `zero_division` parameter to control this behavior. (from /mnt/NVMETank/Projects/Students/Dele/A-STUDY-INTO-THE-QUALITY-AND-USABILITY-OF-PRIVACY-FRIENDLY-SYNTHETIC-DATA/.venv/lib/python3.12/site-packages/sklearn/metrics/_classification.py:1565)
2025-05-08 10:37:44,278 - WARNING - [UndefinedMetricWarning] Precision is ill-defined and being set to 0.0 in labels with no predicted samples. Use `zero_division` parameter to control this behavior. (from /mnt/NVMETank/Projects/Students/Dele/A-STUDY-INTO-THE-QUALITY-AND-USABILITY-OF-PRIVACY-FRIENDLY-SYNTHETIC-DATA/.venv/lib/python3.12/site-packages/sklearn/metrics/_classification.py:1565)
2025-05-08 10:37:44,296 - WARNING - [UndefinedMetricWarning] Precision is ill-defined and being set to 0.0 in labels with no predicted samples. Use `zero_division` parameter to control this behavior. (from /mnt/NVMETank/Projects/Students/Dele/A-STUDY-INTO-THE-QUALITY-AND-USABILITY-OF-PRIVACY-FRIENDLY-SYNTHETIC-DATA/.venv/lib/python3.12/site-packages/sklearn/metrics/_classification.py:1565)
2025-05-08 10:37:44,310 - INFO - Computed 8 metric(s) for SVM on Anonymous
2025-05-08 10:37:44,313 - INFO - Evaluation completed for all models.
2025-05-08 10:37:44,313 - INFO - Model evaluation completed in 41.17 seconds.
2025-05-08 10:37:44,314 - INFO - Evaluated models: ['DecisionTree', 'KNN', 'LogisticRegression', 'RandomForest', 'SVM']
2025-05-08 10:37:44,314 - INFO - Model Training and Evaluation completed.
2025-05-08 10:37:44,787 - INFO -  Visualizations saved.
2025-05-08 10:37:44,787 - INFO -  Benchmarking Completed. Results saved in output folder.
