2025-05-08 18:53:40,351 - INFO - Loaded config file: configs/generated_configs/loan/loan_anon_k5_sl0p2_l15.yaml
2025-05-08 18:53:40,351 - INFO -  Benchmarking started for dataset: loan
2025-05-08 18:53:40,351 - INFO - Using dataset path: /mnt/NVMETank/Projects/Students/Dele/A-STUDY-INTO-THE-QUALITY-AND-USABILITY-OF-PRIVACY-FRIENDLY-SYNTHETIC-DATA/datasets/original/loan.csv
2025-05-08 18:53:40,351 - INFO - Target column: Loan_Status, separator: ','
2025-05-08 18:53:40,351 - INFO - Configuration loaded: enable_anonymization = True, enable_synthesis = False, enable_hybrid = True, enable_utility = True, delete_after_evaluation = False
2025-05-08 18:53:40,351 - INFO - Running preprocessing...
2025-05-08 18:53:40,356 - INFO -  [PREPROCESSING] Preprocessed files found. Skipping preprocessing.
2025-05-08 18:53:40,364 - INFO - Preprocessing completed. Rows before: 614, after: 336
2025-05-08 18:53:40,364 - INFO - Preprocessed data saved to: outputs/batch/loan_batch_2025-05-08_18-38-44/loan_anon_k5_sl0p2_l15/preprocessing_report.txt
2025-05-08 18:53:40,364 - INFO - enable_anonymization = True
2025-05-08 18:53:40,364 - INFO - Starting Anonymization Pipeline with output path: /mnt/NVMETank/Projects/Students/Dele/A-STUDY-INTO-THE-QUALITY-AND-USABILITY-OF-PRIVACY-FRIENDLY-SYNTHETIC-DATA/datasets/anonymized/loan_k5_l15_sup20_anonymized.csv.......
2025-05-08 18:53:40,369 - INFO -  [ANONYMIZATION] Executing run_anonymization, config_path : configs/generated_configs/loan/loan_anon_k5_sl0p2_l15.yaml...........
2025-05-08 18:53:40,369 - INFO -  [ANONYMIZATION] Using JAR file at /mnt/NVMETank/Projects/Students/Dele/A-STUDY-INTO-THE-QUALITY-AND-USABILITY-OF-PRIVACY-FRIENDLY-SYNTHETIC-DATA/src/anonymization/anonymARXij/bin/anonymARXij.jar to anonymize the dataset.
2025-05-08 18:53:41,593 - INFO -  [ANONYMIZATION] Anonimized file saved to : /mnt/NVMETank/Projects/Students/Dele/A-STUDY-INTO-THE-QUALITY-AND-USABILITY-OF-PRIVACY-FRIENDLY-SYNTHETIC-DATA/datasets/anonymized/loan_k5_l15_sup20_anonymized.csv
2025-05-08 18:53:41,593 - INFO -  [ANONYMIZATION] Java anonymization completed successfully.
2025-05-08 18:53:41,593 - INFO -  [ANONYMIZATION] Java STDOUT:
📄 Java received config path: /mnt/NVMETank/Projects/Students/Dele/A-STUDY-INTO-THE-QUALITY-AND-USABILITY-OF-PRIVACY-FRIENDLY-SYNTHETIC-DATA/configs/generated_configs/loan/loan_anon_k5_sl0p2_l15.yaml
🔹 Loading config from: /mnt/NVMETank/Projects/Students/Dele/A-STUDY-INTO-THE-QUALITY-AND-USABILITY-OF-PRIVACY-FRIENDLY-SYNTHETIC-DATA/configs/generated_configs/loan/loan_anon_k5_sl0p2_l15.yaml
Loading config from: /mnt/NVMETank/Projects/Students/Dele/A-STUDY-INTO-THE-QUALITY-AND-USABILITY-OF-PRIVACY-FRIENDLY-SYNTHETIC-DATA/configs/generated_configs/loan/loan_anon_k5_sl0p2_l15.yaml
📂 Dataset Path (from args): /mnt/NVMETank/Projects/Students/Dele/A-STUDY-INTO-THE-QUALITY-AND-USABILITY-OF-PRIVACY-FRIENDLY-SYNTHETIC-DATA/datasets/train/loan_train_raw.csv
🔹 Dataset Separator: ,
🔹 Suppression Limit: 0.2

🔹 Configured Attributes:
  ✅ Quasi-Identifier: Gender
  ✅ Quasi-Identifier: Married
  ✅ Quasi-Identifier: Education
  ✅ Quasi-Identifier: Dependents
  ✅ Quasi-Identifier: Self_Employed
  ✅ Quasi-Identifier: Property_Area
  ✅ Quasi-Identifier: Credit_History
  ✅ Quasi-Identifier: Loan_Amount_Term
  ✅ Sensitive Attribute: LoanAmount
  ✅ Insensitive Attribute: Loan_Status
  ✅ Insensitive Attribute: ApplicantIncome
  ✅ Insensitive Attribute: CoapplicantIncome

🔹 Defined Hierarchies:
  ✅ Property_Area -> /mnt/NVMETank/Projects/Students/Dele/A-STUDY-INTO-THE-QUALITY-AND-USABILITY-OF-PRIVACY-FRIENDLY-SYNTHETIC-DATA/src/anonymization/anonymARXij/src/hierarchies_loan/property_area.csv
  ✅ Self_Employed -> /mnt/NVMETank/Projects/Students/Dele/A-STUDY-INTO-THE-QUALITY-AND-USABILITY-OF-PRIVACY-FRIENDLY-SYNTHETIC-DATA/src/anonymization/anonymARXij/src/hierarchies_loan/self_employed.csv
  ✅ Credit_History -> /mnt/NVMETank/Projects/Students/Dele/A-STUDY-INTO-THE-QUALITY-AND-USABILITY-OF-PRIVACY-FRIENDLY-SYNTHETIC-DATA/src/anonymization/anonymARXij/src/hierarchies_loan/credit_history.csv
  ✅ Dependents -> /mnt/NVMETank/Projects/Students/Dele/A-STUDY-INTO-THE-QUALITY-AND-USABILITY-OF-PRIVACY-FRIENDLY-SYNTHETIC-DATA/src/anonymization/anonymARXij/src/hierarchies_loan/dependents.csv
  ✅ Education -> /mnt/NVMETank/Projects/Students/Dele/A-STUDY-INTO-THE-QUALITY-AND-USABILITY-OF-PRIVACY-FRIENDLY-SYNTHETIC-DATA/src/anonymization/anonymARXij/src/hierarchies_loan/education.csv
  ✅ Loan_Amount_Term -> /mnt/NVMETank/Projects/Students/Dele/A-STUDY-INTO-THE-QUALITY-AND-USABILITY-OF-PRIVACY-FRIENDLY-SYNTHETIC-DATA/src/anonymization/anonymARXij/src/hierarchies_loan/loan_amount_terms.csv
  ✅ Married -> /mnt/NVMETank/Projects/Students/Dele/A-STUDY-INTO-THE-QUALITY-AND-USABILITY-OF-PRIVACY-FRIENDLY-SYNTHETIC-DATA/src/anonymization/anonymARXij/src/hierarchies_loan/married.csv
  ✅ Gender -> /mnt/NVMETank/Projects/Students/Dele/A-STUDY-INTO-THE-QUALITY-AND-USABILITY-OF-PRIVACY-FRIENDLY-SYNTHETIC-DATA/src/anonymization/anonymARXij/src/hierarchies_loan/gender.csv
Java is searching for hierarchy file at: /mnt/NVMETank/Projects/Students/Dele/A-STUDY-INTO-THE-QUALITY-AND-USABILITY-OF-PRIVACY-FRIENDLY-SYNTHETIC-DATA/src/anonymization/anonymARXij/src/hierarchies_loan/property_area.csv
Java is searching for hierarchy file at: /mnt/NVMETank/Projects/Students/Dele/A-STUDY-INTO-THE-QUALITY-AND-USABILITY-OF-PRIVACY-FRIENDLY-SYNTHETIC-DATA/src/anonymization/anonymARXij/src/hierarchies_loan/self_employed.csv
Java is searching for hierarchy file at: /mnt/NVMETank/Projects/Students/Dele/A-STUDY-INTO-THE-QUALITY-AND-USABILITY-OF-PRIVACY-FRIENDLY-SYNTHETIC-DATA/src/anonymization/anonymARXij/src/hierarchies_loan/credit_history.csv
Java is searching for hierarchy file at: /mnt/NVMETank/Projects/Students/Dele/A-STUDY-INTO-THE-QUALITY-AND-USABILITY-OF-PRIVACY-FRIENDLY-SYNTHETIC-DATA/src/anonymization/anonymARXij/src/hierarchies_loan/dependents.csv
Java is searching for hierarchy file at: /mnt/NVMETank/Projects/Students/Dele/A-STUDY-INTO-THE-QUALITY-AND-USABILITY-OF-PRIVACY-FRIENDLY-SYNTHETIC-DATA/src/anonymization/anonymARXij/src/hierarchies_loan/education.csv
Java is searching for hierarchy file at: /mnt/NVMETank/Projects/Students/Dele/A-STUDY-INTO-THE-QUALITY-AND-USABILITY-OF-PRIVACY-FRIENDLY-SYNTHETIC-DATA/src/anonymization/anonymARXij/src/hierarchies_loan/loan_amount_terms.csv
Java is searching for hierarchy file at: /mnt/NVMETank/Projects/Students/Dele/A-STUDY-INTO-THE-QUALITY-AND-USABILITY-OF-PRIVACY-FRIENDLY-SYNTHETIC-DATA/src/anonymization/anonymARXij/src/hierarchies_loan/married.csv
Java is searching for hierarchy file at: /mnt/NVMETank/Projects/Students/Dele/A-STUDY-INTO-THE-QUALITY-AND-USABILITY-OF-PRIVACY-FRIENDLY-SYNTHETIC-DATA/src/anonymization/anonymARXij/src/hierarchies_loan/gender.csv
✓ Applied Entropy L-Diversity on: LoanAmount (l=15)
🔹 Privacy Models Configured
📂 Anonymized Output Path (from args): /mnt/NVMETank/Projects/Students/Dele/A-STUDY-INTO-THE-QUALITY-AND-USABILITY-OF-PRIVACY-FRIENDLY-SYNTHETIC-DATA/datasets/anonymized/loan_k5_l15_sup20_anonymized.csv
📂 Anonymized Output Path: /mnt/NVMETank/Projects/Students/Dele/A-STUDY-INTO-THE-QUALITY-AND-USABILITY-OF-PRIVACY-FRIENDLY-SYNTHETIC-DATA/datasets/anonymized/loan_k5_l15_sup20_anonymized.csv
✅ Anonymization completed. Output saved to: /mnt/NVMETank/Projects/Students/Dele/A-STUDY-INTO-THE-QUALITY-AND-USABILITY-OF-PRIVACY-FRIENDLY-SYNTHETIC-DATA/datasets/anonymized/loan_k5_l15_sup20_anonymized.csv
Anonymized Data Quality Metrics:
 - Ambiguity: 0.845172779855744
 - AECS: 0.8333333333333334
 - Discernibility: 0.5988832267158192
 - Granularity: 0.4356316659155778
 - MSE: 0.05568356374807992
 - Non-Uniform Entropy: 0.2695229951623578
 - Precision: 0.4854910714285714
 - Record-level SE: 0.2744310958797733
Equivalence Class Statistics:
 - Number of Classes: 5
 - Average Class Size: 58.0
Suppression Statistics:
 - Suppressed Records: 46
 - Suppression Percentage: 13.69%
2025-05-08 18:53:41,593 - INFO - Anonymized data saved to: /mnt/NVMETank/Projects/Students/Dele/A-STUDY-INTO-THE-QUALITY-AND-USABILITY-OF-PRIVACY-FRIENDLY-SYNTHETIC-DATA/datasets/anonymized/loan_k5_l15_sup20_anonymized.csv
2025-05-08 18:53:41,602 - INFO - Anonymous data report saved at: outputs/batch/loan_batch_2025-05-08_18-38-44/loan_anon_k5_sl0p2_l15/anonymous_data_report.txt
2025-05-08 18:53:41,602 - INFO -  [POSTPROCESSING] Postprocessing anonymized data: /mnt/NVMETank/Projects/Students/Dele/A-STUDY-INTO-THE-QUALITY-AND-USABILITY-OF-PRIVACY-FRIENDLY-SYNTHETIC-DATA/datasets/anonymized/loan_k5_l15_sup20_anonymized.csv
2025-05-08 18:53:41,603 - INFO -  [POSTPROCESSING] Loaded anonymized data: (336, 12)
2025-05-08 18:53:41,609 - INFO -  [POSTPROCESSING] Loaded fallback maps from training data. Categorical cols: 7, Numeric cols: 5
2025-05-08 18:53:41,609 - INFO -  [POSTPROCESSING] Normalizing anonymized data using ARX artifact cleaning and fallback values.
2025-05-08 18:53:41,624 - INFO -  [POSTPROCESSING] Normalized anonymized data saved to: /mnt/NVMETank/Projects/Students/Dele/A-STUDY-INTO-THE-QUALITY-AND-USABILITY-OF-PRIVACY-FRIENDLY-SYNTHETIC-DATA/datasets/anonymized/loan_k5_l15_sup20_anonymized_processed.csv
2025-05-08 18:53:41,631 - INFO -  [POSTPROCESSING] Binary Encoding applied to anonymized data. Encoded shape: (336, 19)
2025-05-08 18:53:41,632 - INFO -  [POSTPROCESSING] Encoded anonymized dataset saved to: /mnt/NVMETank/Projects/Students/Dele/A-STUDY-INTO-THE-QUALITY-AND-USABILITY-OF-PRIVACY-FRIENDLY-SYNTHETIC-DATA/datasets/anonymized/loan_k5_l15_sup20_anonymized_encoded.csv
2025-05-08 18:53:41,632 - INFO -  [POSTPROCESSING] Encoding map generated for anonymized data: 0 original categorical columns.
2025-05-08 18:53:41,632 - INFO - Postprocessing report saved at: outputs/batch/loan_batch_2025-05-08_18-38-44/loan_anon_k5_sl0p2_l15/postprocessing_report.txt
2025-05-08 18:53:41,633 - INFO - enable_synthetic_generation = False
2025-05-08 18:53:41,633 - INFO - Synthetic Data Generation Skipped (Disabled in Configuration).
2025-05-08 18:53:41,633 - INFO - Running Hybrid Pipeline...
2025-05-08 18:53:41,633 - INFO -  [HYBRID] Executing run_hybrid...
2025-05-08 18:53:41,633 - INFO -  [HYBRID] Looking for encoded anonymized data in /mnt/NVMETank/Projects/Students/Dele/A-STUDY-INTO-THE-QUALITY-AND-USABILITY-OF-PRIVACY-FRIENDLY-SYNTHETIC-DATA/datasets/anonymized/loan_k5_l15_sup20_anonymized_encoded.csv
2025-05-08 18:53:41,633 - INFO -  [HYBRID ] Loaded cached encoded anonymous data from /mnt/NVMETank/Projects/Students/Dele/A-STUDY-INTO-THE-QUALITY-AND-USABILITY-OF-PRIVACY-FRIENDLY-SYNTHETIC-DATA/datasets/anonymized/loan_k5_l15_sup20_anonymized_encoded.csv
2025-05-08 18:53:41,634 - INFO -  [HYBRID] Starting synthetic generation for hybrid pipeline...
2025-05-08 18:53:41,634 - INFO - Executing run_synthetic.....
2025-05-08 18:53:41,634 - INFO - [SYNTHETIC PIPELINE] executing run_synthetic for loan_k5_l15_sup20...
2025-05-08 18:53:41,634 - INFO - [SYNTHETIC] Processing dataset: loan_k5_l15_sup20
2025-05-08 18:53:41,634 - INFO - [SYNTHETIC] Original dataset size: 336 rows
2025-05-08 18:53:41,643 - INFO - Detected metadata:
2025-05-08 18:53:41,643 - INFO - {
    "METADATA_SPEC_VERSION": "SINGLE_TABLE_V1",
    "columns": {
        "Gender_0": {
            "sdtype": "categorical"
        },
        "Gender_1": {
            "sdtype": "categorical"
        },
        "Married_0": {
            "sdtype": "categorical"
        },
        "Married_1": {
            "sdtype": "categorical"
        },
        "Dependents_0": {
            "sdtype": "categorical"
        },
        "Dependents_1": {
            "sdtype": "categorical"
        },
        "Dependents_2": {
            "sdtype": "categorical"
        },
        "Education_0": {
            "sdtype": "categorical"
        },
        "Education_1": {
            "sdtype": "categorical"
        },
        "Self_Employed_0": {
            "sdtype": "categorical"
        },
        "Self_Employed_1": {
            "sdtype": "categorical"
        },
        "ApplicantIncome": {
            "sdtype": "numerical"
        },
        "CoapplicantIncome": {
            "sdtype": "numerical"
        },
        "LoanAmount": {
            "sdtype": "numerical"
        },
        "Loan_Amount_Term": {
            "sdtype": "categorical"
        },
        "Credit_History": {
            "sdtype": "categorical"
        },
        "Property_Area_0": {
            "sdtype": "categorical"
        },
        "Property_Area_1": {
            "sdtype": "categorical"
        },
        "Loan_Status": {
            "sdtype": "categorical"
        }
    }
}
2025-05-08 18:53:41,643 - INFO - [SYNTHETIC] Preparing synthesizer: CTGAN
2025-05-08 18:53:41,644 - INFO - [SYNTHETIC] Params from config: {'epochs': 300}
2025-05-08 18:53:41,644 - INFO -  [SYNTHETIC] No pre-trained synthesizer found
2025-05-08 18:53:41,644 - INFO - [SYNTHETIC] Training new CTGAN synthesizer from scratch...
2025-05-08 18:53:41,644 - WARNING - [FutureWarning] The 'SingleTableMetadata' is deprecated. Please use the new 'Metadata' class for synthesizers. (from /mnt/NVMETank/Projects/Students/Dele/A-STUDY-INTO-THE-QUALITY-AND-USABILITY-OF-PRIVACY-FRIENDLY-SYNTHETIC-DATA/.venv/lib/python3.12/site-packages/sdv/single_table/base.py:119)
2025-05-08 18:53:41,644 - WARNING - [UserWarning] We strongly recommend saving the metadata using 'save_to_json' for replicability in future SDV versions. (from /mnt/NVMETank/Projects/Students/Dele/A-STUDY-INTO-THE-QUALITY-AND-USABILITY-OF-PRIVACY-FRIENDLY-SYNTHETIC-DATA/.venv/lib/python3.12/site-packages/sdv/single_table/base.py:104)
2025-05-08 18:53:41,648 - INFO - {'EVENT': 'Instance', 'TIMESTAMP': datetime.datetime(2025, 5, 8, 18, 53, 41, 648570), 'SYNTHESIZER CLASS NAME': 'CTGANSynthesizer', 'SYNTHESIZER ID': 'CTGANSynthesizer_1.18.0_ae82d6be5f6345e7a47cde1dc0887003'}
2025-05-08 18:53:41,648 - INFO - [SYNTHETIC] CTGAN initialized with epochs: 300
2025-05-08 18:53:41,648 - INFO - [SYNTHETIC] Training parameters for CTGAN: {}
2025-05-08 18:53:41,648 - INFO - [SYNTHETIC] fitting CTGAN 
2025-05-08 18:53:41,648 - INFO - {'EVENT': 'Fit', 'TIMESTAMP': datetime.datetime(2025, 5, 8, 18, 53, 41, 648778), 'SYNTHESIZER CLASS NAME': 'CTGANSynthesizer', 'SYNTHESIZER ID': 'CTGANSynthesizer_1.18.0_ae82d6be5f6345e7a47cde1dc0887003', 'TOTAL NUMBER OF TABLES': 1, 'TOTAL NUMBER OF ROWS': 336, 'TOTAL NUMBER OF COLUMNS': 19}
2025-05-08 18:53:41,650 - INFO - Fitting table  metadata
2025-05-08 18:53:41,651 - INFO - Fitting formatters for table 
2025-05-08 18:53:41,654 - INFO - Fitting constraints for table 
2025-05-08 18:53:41,654 - INFO - Setting the configuration for the ``HyperTransformer`` for table 
2025-05-08 18:53:41,656 - INFO - Fitting HyperTransformer for table 
2025-05-08 18:53:41,670 - INFO - {'EVENT': 'Fit processed data', 'TIMESTAMP': datetime.datetime(2025, 5, 8, 18, 53, 41, 670235), 'SYNTHESIZER CLASS NAME': 'CTGANSynthesizer', 'SYNTHESIZER ID': 'CTGANSynthesizer_1.18.0_ae82d6be5f6345e7a47cde1dc0887003', 'TOTAL NUMBER OF TABLES': 1, 'TOTAL NUMBER OF ROWS': 336, 'TOTAL NUMBER OF COLUMNS': 19}
2025-05-08 18:53:41,702 - INFO - Guidance: There are no missing values in column ApplicantIncome. Extra column not created.
2025-05-08 18:53:41,817 - INFO - Guidance: There are no missing values in column CoapplicantIncome. Extra column not created.
2025-05-08 18:53:41,855 - INFO - Guidance: There are no missing values in column LoanAmount. Extra column not created.
2025-05-08 18:54:03,245 - INFO - [SYNTHETIC] Fitting complete for CTGAN. Duration: 21.60 seconds.
2025-05-08 18:54:03,245 - INFO - [SYNTHETIC] CONFIRMATION CTGAN actually trained with epochs = 300
2025-05-08 18:54:03,245 - INFO - {'EVENT': 'Save', 'TIMESTAMP': datetime.datetime(2025, 5, 8, 18, 54, 3, 245690), 'SYNTHESIZER CLASS NAME': 'CTGANSynthesizer', 'SYNTHESIZER ID': 'CTGANSynthesizer_1.18.0_ae82d6be5f6345e7a47cde1dc0887003'}
2025-05-08 18:54:03,281 - INFO - [SYNTHETIC] CTGAN trained and saved.
2025-05-08 18:54:03,281 - INFO - [SYNTHETIC] Preparing synthesizer: GaussianCopula
2025-05-08 18:54:03,281 - INFO - [SYNTHETIC] Params from config: {}
2025-05-08 18:54:03,281 - INFO -  [SYNTHETIC] No pre-trained synthesizer found
2025-05-08 18:54:03,281 - INFO - [SYNTHETIC] Training new GaussianCopula synthesizer from scratch...
2025-05-08 18:54:03,281 - WARNING - [FutureWarning] The 'SingleTableMetadata' is deprecated. Please use the new 'Metadata' class for synthesizers. (from /mnt/NVMETank/Projects/Students/Dele/A-STUDY-INTO-THE-QUALITY-AND-USABILITY-OF-PRIVACY-FRIENDLY-SYNTHETIC-DATA/.venv/lib/python3.12/site-packages/sdv/single_table/base.py:119)
2025-05-08 18:54:03,285 - INFO - {'EVENT': 'Instance', 'TIMESTAMP': datetime.datetime(2025, 5, 8, 18, 54, 3, 285917), 'SYNTHESIZER CLASS NAME': 'GaussianCopulaSynthesizer', 'SYNTHESIZER ID': 'GaussianCopulaSynthesizer_1.18.0_608e6f2fef0b4b5aa26f8a9860908fe9'}
2025-05-08 18:54:03,286 - INFO - [SYNTHETIC] fitting GaussianCopula 
2025-05-08 18:54:03,286 - INFO - {'EVENT': 'Fit', 'TIMESTAMP': datetime.datetime(2025, 5, 8, 18, 54, 3, 286127), 'SYNTHESIZER CLASS NAME': 'GaussianCopulaSynthesizer', 'SYNTHESIZER ID': 'GaussianCopulaSynthesizer_1.18.0_608e6f2fef0b4b5aa26f8a9860908fe9', 'TOTAL NUMBER OF TABLES': 1, 'TOTAL NUMBER OF ROWS': 336, 'TOTAL NUMBER OF COLUMNS': 19}
2025-05-08 18:54:03,288 - INFO - Fitting table  metadata
2025-05-08 18:54:03,288 - INFO - Fitting formatters for table 
2025-05-08 18:54:03,291 - INFO - Fitting constraints for table 
2025-05-08 18:54:03,291 - INFO - Setting the configuration for the ``HyperTransformer`` for table 
2025-05-08 18:54:03,302 - INFO - Fitting HyperTransformer for table 
2025-05-08 18:54:03,456 - INFO - {'EVENT': 'Fit processed data', 'TIMESTAMP': datetime.datetime(2025, 5, 8, 18, 54, 3, 456709), 'SYNTHESIZER CLASS NAME': 'GaussianCopulaSynthesizer', 'SYNTHESIZER ID': 'GaussianCopulaSynthesizer_1.18.0_608e6f2fef0b4b5aa26f8a9860908fe9', 'TOTAL NUMBER OF TABLES': 1, 'TOTAL NUMBER OF ROWS': 336, 'TOTAL NUMBER OF COLUMNS': 19}
2025-05-08 18:54:03,457 - INFO - Fitting GaussianMultivariate(distribution="{'Gender_0': <class 'copulas.univariate.beta.BetaUnivariate'>, 'Gender_1': <class 'copulas.univariate.beta.BetaUnivariate'>, 'Married_0': <class 'copulas.univariate.beta.BetaUnivariate'>, 'Married_1': <class 'copulas.univariate.beta.BetaUnivariate'>, 'Dependents_0': <class 'copulas.univariate.beta.BetaUnivariate'>, 'Dependents_1': <class 'copulas.univariate.beta.BetaUnivariate'>, 'Dependents_2': <class 'copulas.univariate.beta.BetaUnivariate'>, 'Education_0': <class 'copulas.univariate.beta.BetaUnivariate'>, 'Education_1': <class 'copulas.univariate.beta.BetaUnivariate'>, 'Self_Employed_0': <class 'copulas.univariate.beta.BetaUnivariate'>, 'Self_Employed_1': <class 'copulas.univariate.beta.BetaUnivariate'>, 'ApplicantIncome': <class 'copulas.univariate.beta.BetaUnivariate'>, 'CoapplicantIncome': <class 'copulas.univariate.beta.BetaUnivariate'>, 'LoanAmount': <class 'copulas.univariate.beta.BetaUnivariate'>, 'Loan_Amount_Term': <class 'copulas.univariate.beta.BetaUnivariate'>, 'Credit_History': <class 'copulas.univariate.beta.BetaUnivariate'>, 'Property_Area_0': <class 'copulas.univariate.beta.BetaUnivariate'>, 'Property_Area_1': <class 'copulas.univariate.beta.BetaUnivariate'>, 'Loan_Status': <class 'copulas.univariate.beta.BetaUnivariate'>}")
2025-05-08 18:54:04,143 - INFO - [SYNTHETIC] Fitting complete for GaussianCopula. Duration: 0.86 seconds.
2025-05-08 18:54:04,143 - WARNING - [SYNTHETIC] WARNING Could not determine actual epochs used for GaussianCopula
2025-05-08 18:54:04,143 - INFO - {'EVENT': 'Save', 'TIMESTAMP': datetime.datetime(2025, 5, 8, 18, 54, 4, 143610), 'SYNTHESIZER CLASS NAME': 'GaussianCopulaSynthesizer', 'SYNTHESIZER ID': 'GaussianCopulaSynthesizer_1.18.0_608e6f2fef0b4b5aa26f8a9860908fe9'}
2025-05-08 18:54:04,154 - INFO - [SYNTHETIC] GaussianCopula trained and saved.
2025-05-08 18:54:04,155 - INFO - [SYNTHETIC] Preparing synthesizer: TVAE
2025-05-08 18:54:04,155 - INFO - [SYNTHETIC] Params from config: {'epochs': 300}
2025-05-08 18:54:04,155 - INFO -  [SYNTHETIC] No pre-trained synthesizer found
2025-05-08 18:54:04,155 - INFO - [SYNTHETIC] Training new TVAE synthesizer from scratch...
2025-05-08 18:54:04,155 - WARNING - [FutureWarning] The 'SingleTableMetadata' is deprecated. Please use the new 'Metadata' class for synthesizers. (from /mnt/NVMETank/Projects/Students/Dele/A-STUDY-INTO-THE-QUALITY-AND-USABILITY-OF-PRIVACY-FRIENDLY-SYNTHETIC-DATA/.venv/lib/python3.12/site-packages/sdv/single_table/base.py:119)
2025-05-08 18:54:04,159 - INFO - {'EVENT': 'Instance', 'TIMESTAMP': datetime.datetime(2025, 5, 8, 18, 54, 4, 159391), 'SYNTHESIZER CLASS NAME': 'TVAESynthesizer', 'SYNTHESIZER ID': 'TVAESynthesizer_1.18.0_aeb1b910a0ee4c50864b256b266695f3'}
2025-05-08 18:54:04,159 - INFO - [SYNTHETIC] TVAE initialized with epochs: 300
2025-05-08 18:54:04,159 - INFO - [SYNTHETIC] Training parameters for TVAE: {}
2025-05-08 18:54:04,159 - INFO - [SYNTHETIC] fitting TVAE 
2025-05-08 18:54:04,159 - INFO - {'EVENT': 'Fit', 'TIMESTAMP': datetime.datetime(2025, 5, 8, 18, 54, 4, 159692), 'SYNTHESIZER CLASS NAME': 'TVAESynthesizer', 'SYNTHESIZER ID': 'TVAESynthesizer_1.18.0_aeb1b910a0ee4c50864b256b266695f3', 'TOTAL NUMBER OF TABLES': 1, 'TOTAL NUMBER OF ROWS': 336, 'TOTAL NUMBER OF COLUMNS': 19}
2025-05-08 18:54:04,161 - INFO - Fitting table  metadata
2025-05-08 18:54:04,162 - INFO - Fitting formatters for table 
2025-05-08 18:54:04,164 - INFO - Fitting constraints for table 
2025-05-08 18:54:04,165 - INFO - Setting the configuration for the ``HyperTransformer`` for table 
2025-05-08 18:54:04,167 - INFO - Fitting HyperTransformer for table 
2025-05-08 18:54:04,188 - INFO - {'EVENT': 'Fit processed data', 'TIMESTAMP': datetime.datetime(2025, 5, 8, 18, 54, 4, 188218), 'SYNTHESIZER CLASS NAME': 'TVAESynthesizer', 'SYNTHESIZER ID': 'TVAESynthesizer_1.18.0_aeb1b910a0ee4c50864b256b266695f3', 'TOTAL NUMBER OF TABLES': 1, 'TOTAL NUMBER OF ROWS': 336, 'TOTAL NUMBER OF COLUMNS': 19}
2025-05-08 18:54:04,212 - INFO - Guidance: There are no missing values in column ApplicantIncome. Extra column not created.
2025-05-08 18:54:04,289 - INFO - Guidance: There are no missing values in column CoapplicantIncome. Extra column not created.
2025-05-08 18:54:04,323 - INFO - Guidance: There are no missing values in column LoanAmount. Extra column not created.
2025-05-08 18:54:07,288 - INFO - [SYNTHETIC] Fitting complete for TVAE. Duration: 3.13 seconds.
2025-05-08 18:54:07,288 - INFO - [SYNTHETIC] CONFIRMATION TVAE actually trained with epochs = 300
2025-05-08 18:54:07,288 - INFO - {'EVENT': 'Save', 'TIMESTAMP': datetime.datetime(2025, 5, 8, 18, 54, 7, 288355), 'SYNTHESIZER CLASS NAME': 'TVAESynthesizer', 'SYNTHESIZER ID': 'TVAESynthesizer_1.18.0_aeb1b910a0ee4c50864b256b266695f3'}
2025-05-08 18:54:07,316 - INFO - [SYNTHETIC] TVAE trained and saved.
2025-05-08 18:54:07,316 - INFO - [SYNTHETIC] Using CTGAN to generate 336 rows...
2025-05-08 18:54:07,443 - INFO - {'EVENT': 'Sample', 'TIMESTAMP': datetime.datetime(2025, 5, 8, 18, 54, 7, 316373), 'SYNTHESIZER CLASS NAME': 'CTGANSynthesizer', 'SYNTHESIZER ID': 'CTGANSynthesizer_1.18.0_ae82d6be5f6345e7a47cde1dc0887003', 'TOTAL NUMBER OF TABLES': 1, 'TOTAL NUMBER OF ROWS': 336, 'TOTAL NUMBER OF COLUMNS': 19}
2025-05-08 18:54:07,443 - INFO - [SYNTHETIC] CTGAN completed: 336 rows generated.
2025-05-08 18:54:07,443 - INFO - [SYNTHETIC] Target class distribution for CTGAN: {'Y': 230, 'N': 106}
2025-05-08 18:54:07,443 - INFO - [SYNTHETIC] Using GaussianCopula to generate 336 rows...
2025-05-08 18:54:07,494 - INFO - {'EVENT': 'Sample', 'TIMESTAMP': datetime.datetime(2025, 5, 8, 18, 54, 7, 443856), 'SYNTHESIZER CLASS NAME': 'GaussianCopulaSynthesizer', 'SYNTHESIZER ID': 'GaussianCopulaSynthesizer_1.18.0_608e6f2fef0b4b5aa26f8a9860908fe9', 'TOTAL NUMBER OF TABLES': 1, 'TOTAL NUMBER OF ROWS': 336, 'TOTAL NUMBER OF COLUMNS': 19}
2025-05-08 18:54:07,494 - INFO - [SYNTHETIC] GaussianCopula completed: 336 rows generated.
2025-05-08 18:54:07,495 - INFO - [SYNTHETIC] Target class distribution for GaussianCopula: {'Y': 224, 'N': 112}
2025-05-08 18:54:07,495 - INFO - [SYNTHETIC] Using TVAE to generate 336 rows...
2025-05-08 18:54:07,536 - INFO - {'EVENT': 'Sample', 'TIMESTAMP': datetime.datetime(2025, 5, 8, 18, 54, 7, 495301), 'SYNTHESIZER CLASS NAME': 'TVAESynthesizer', 'SYNTHESIZER ID': 'TVAESynthesizer_1.18.0_aeb1b910a0ee4c50864b256b266695f3', 'TOTAL NUMBER OF TABLES': 1, 'TOTAL NUMBER OF ROWS': 336, 'TOTAL NUMBER OF COLUMNS': 19}
2025-05-08 18:54:07,536 - INFO - [SYNTHETIC] TVAE completed: 336 rows generated.
2025-05-08 18:54:07,536 - INFO - [SYNTHETIC] Target class distribution for TVAE: {'Y': 336}
2025-05-08 18:54:07,537 - INFO - [SYNTHETIC PIPELINE] Synthetic Data Generation Completed.
2025-05-08 18:54:07,537 - INFO - [SYNTHETIC PIPELINE] Synthesizers used: ['CTGAN', 'GaussianCopula', 'TVAE']
2025-05-08 18:54:07,537 - INFO - [SYNTHETIC PIPELINE] Evaluating synthetic dataset generated by CTGAN...
2025-05-08 18:54:07,537 - INFO - [SYNTHETIC EVAL] Real data columns     (19): ['Gender_0', 'Gender_1', 'Married_0', 'Married_1', 'Dependents_0', 'Dependents_1', 'Dependents_2', 'Education_0', 'Education_1', 'Self_Employed_0', 'Self_Employed_1', 'ApplicantIncome', 'CoapplicantIncome', 'LoanAmount', 'Loan_Amount_Term', 'Credit_History', 'Property_Area_0', 'Property_Area_1', 'Loan_Status']
2025-05-08 18:54:07,537 - INFO - [SYNTHETIC EVAL] Synthetic data columns (19): ['Gender_0', 'Gender_1', 'Married_0', 'Married_1', 'Dependents_0', 'Dependents_1', 'Dependents_2', 'Education_0', 'Education_1', 'Self_Employed_0', 'Self_Employed_1', 'ApplicantIncome', 'CoapplicantIncome', 'LoanAmount', 'Loan_Amount_Term', 'Credit_History', 'Property_Area_0', 'Property_Area_1', 'Loan_Status']
2025-05-08 18:54:07,537 - INFO - [SYNTHETIC EVAL] Metadata columns      (19): ['Gender_0', 'Gender_1', 'Married_0', 'Married_1', 'Dependents_0', 'Dependents_1', 'Dependents_2', 'Education_0', 'Education_1', 'Self_Employed_0', 'Self_Employed_1', 'ApplicantIncome', 'CoapplicantIncome', 'LoanAmount', 'Loan_Amount_Term', 'Credit_History', 'Property_Area_0', 'Property_Area_1', 'Loan_Status']
2025-05-08 18:54:07,537 - INFO - [SYNTHETIC EVAL] Shape — Real: (336, 19), Synthetic: (336, 19)
2025-05-08 18:54:07,538 - INFO - [SYNTHETIC EVAL] Metadata structure:
{
  "METADATA_SPEC_VERSION": "SINGLE_TABLE_V1",
  "columns": {
    "Gender_0": {
      "sdtype": "categorical"
    },
    "Gender_1": {
      "sdtype": "categorical"
    },
    "Married_0": {
      "sdtype": "categorical"
    },
    "Married_1": {
      "sdtype": "categorical"
    },
    "Dependents_0": {
      "sdtype": "categorical"
    },
    "Dependents_1": {
      "sdtype": "categorical"
    },
    "Dependents_2": {
      "sdtype": "categorical"
    },
    "Education_0": {
      "sdtype": "categorical"
    },
    "Education_1": {
      "sdtype": "categorical"
    },
    "Self_Employed_0": {
      "sdtype": "categorical"
    },
    "Self_Employed_1": {
      "sdtype": "categorical"
    },
    "ApplicantIncome": {
      "sdtype": "numerical"
    },
    "CoapplicantIncome": {
      "sdtype": "numerical"
    },
    "LoanAmount": {
      "sdtype": "numerical"
    },
    "Loan_Amount_Term": {
      "sdtype": "categorical"
    },
    "Credit_History": {
      "sdtype": "categorical"
    },
    "Property_Area_0": {
      "sdtype": "categorical"
    },
    "Property_Area_1": {
      "sdtype": "categorical"
    },
    "Loan_Status": {
      "sdtype": "categorical"
    }
  }
}
2025-05-08 18:54:07,891 - INFO - [SYNTHETIC PIPELINE] Evaluating synthetic dataset generated by GaussianCopula...
2025-05-08 18:54:07,892 - INFO - [SYNTHETIC EVAL] Real data columns     (19): ['Gender_0', 'Gender_1', 'Married_0', 'Married_1', 'Dependents_0', 'Dependents_1', 'Dependents_2', 'Education_0', 'Education_1', 'Self_Employed_0', 'Self_Employed_1', 'ApplicantIncome', 'CoapplicantIncome', 'LoanAmount', 'Loan_Amount_Term', 'Credit_History', 'Property_Area_0', 'Property_Area_1', 'Loan_Status']
2025-05-08 18:54:07,892 - INFO - [SYNTHETIC EVAL] Synthetic data columns (19): ['Gender_0', 'Gender_1', 'Married_0', 'Married_1', 'Dependents_0', 'Dependents_1', 'Dependents_2', 'Education_0', 'Education_1', 'Self_Employed_0', 'Self_Employed_1', 'ApplicantIncome', 'CoapplicantIncome', 'LoanAmount', 'Loan_Amount_Term', 'Credit_History', 'Property_Area_0', 'Property_Area_1', 'Loan_Status']
2025-05-08 18:54:07,892 - INFO - [SYNTHETIC EVAL] Metadata columns      (19): ['Gender_0', 'Gender_1', 'Married_0', 'Married_1', 'Dependents_0', 'Dependents_1', 'Dependents_2', 'Education_0', 'Education_1', 'Self_Employed_0', 'Self_Employed_1', 'ApplicantIncome', 'CoapplicantIncome', 'LoanAmount', 'Loan_Amount_Term', 'Credit_History', 'Property_Area_0', 'Property_Area_1', 'Loan_Status']
2025-05-08 18:54:07,892 - INFO - [SYNTHETIC EVAL] Shape — Real: (336, 19), Synthetic: (336, 19)
2025-05-08 18:54:07,892 - INFO - [SYNTHETIC EVAL] Metadata structure:
{
  "METADATA_SPEC_VERSION": "SINGLE_TABLE_V1",
  "columns": {
    "Gender_0": {
      "sdtype": "categorical"
    },
    "Gender_1": {
      "sdtype": "categorical"
    },
    "Married_0": {
      "sdtype": "categorical"
    },
    "Married_1": {
      "sdtype": "categorical"
    },
    "Dependents_0": {
      "sdtype": "categorical"
    },
    "Dependents_1": {
      "sdtype": "categorical"
    },
    "Dependents_2": {
      "sdtype": "categorical"
    },
    "Education_0": {
      "sdtype": "categorical"
    },
    "Education_1": {
      "sdtype": "categorical"
    },
    "Self_Employed_0": {
      "sdtype": "categorical"
    },
    "Self_Employed_1": {
      "sdtype": "categorical"
    },
    "ApplicantIncome": {
      "sdtype": "numerical"
    },
    "CoapplicantIncome": {
      "sdtype": "numerical"
    },
    "LoanAmount": {
      "sdtype": "numerical"
    },
    "Loan_Amount_Term": {
      "sdtype": "categorical"
    },
    "Credit_History": {
      "sdtype": "categorical"
    },
    "Property_Area_0": {
      "sdtype": "categorical"
    },
    "Property_Area_1": {
      "sdtype": "categorical"
    },
    "Loan_Status": {
      "sdtype": "categorical"
    }
  }
}
2025-05-08 18:54:08,243 - INFO - [SYNTHETIC PIPELINE] Evaluating synthetic dataset generated by TVAE...
2025-05-08 18:54:08,243 - INFO - [SYNTHETIC EVAL] Real data columns     (19): ['Gender_0', 'Gender_1', 'Married_0', 'Married_1', 'Dependents_0', 'Dependents_1', 'Dependents_2', 'Education_0', 'Education_1', 'Self_Employed_0', 'Self_Employed_1', 'ApplicantIncome', 'CoapplicantIncome', 'LoanAmount', 'Loan_Amount_Term', 'Credit_History', 'Property_Area_0', 'Property_Area_1', 'Loan_Status']
2025-05-08 18:54:08,243 - INFO - [SYNTHETIC EVAL] Synthetic data columns (19): ['Gender_0', 'Gender_1', 'Married_0', 'Married_1', 'Dependents_0', 'Dependents_1', 'Dependents_2', 'Education_0', 'Education_1', 'Self_Employed_0', 'Self_Employed_1', 'ApplicantIncome', 'CoapplicantIncome', 'LoanAmount', 'Loan_Amount_Term', 'Credit_History', 'Property_Area_0', 'Property_Area_1', 'Loan_Status']
2025-05-08 18:54:08,243 - INFO - [SYNTHETIC EVAL] Metadata columns      (19): ['Gender_0', 'Gender_1', 'Married_0', 'Married_1', 'Dependents_0', 'Dependents_1', 'Dependents_2', 'Education_0', 'Education_1', 'Self_Employed_0', 'Self_Employed_1', 'ApplicantIncome', 'CoapplicantIncome', 'LoanAmount', 'Loan_Amount_Term', 'Credit_History', 'Property_Area_0', 'Property_Area_1', 'Loan_Status']
2025-05-08 18:54:08,243 - INFO - [SYNTHETIC EVAL] Shape — Real: (336, 19), Synthetic: (336, 19)
2025-05-08 18:54:08,244 - INFO - [SYNTHETIC EVAL] Metadata structure:
{
  "METADATA_SPEC_VERSION": "SINGLE_TABLE_V1",
  "columns": {
    "Gender_0": {
      "sdtype": "categorical"
    },
    "Gender_1": {
      "sdtype": "categorical"
    },
    "Married_0": {
      "sdtype": "categorical"
    },
    "Married_1": {
      "sdtype": "categorical"
    },
    "Dependents_0": {
      "sdtype": "categorical"
    },
    "Dependents_1": {
      "sdtype": "categorical"
    },
    "Dependents_2": {
      "sdtype": "categorical"
    },
    "Education_0": {
      "sdtype": "categorical"
    },
    "Education_1": {
      "sdtype": "categorical"
    },
    "Self_Employed_0": {
      "sdtype": "categorical"
    },
    "Self_Employed_1": {
      "sdtype": "categorical"
    },
    "ApplicantIncome": {
      "sdtype": "numerical"
    },
    "CoapplicantIncome": {
      "sdtype": "numerical"
    },
    "LoanAmount": {
      "sdtype": "numerical"
    },
    "Loan_Amount_Term": {
      "sdtype": "categorical"
    },
    "Credit_History": {
      "sdtype": "categorical"
    },
    "Property_Area_0": {
      "sdtype": "categorical"
    },
    "Property_Area_1": {
      "sdtype": "categorical"
    },
    "Loan_Status": {
      "sdtype": "categorical"
    }
  }
}
2025-05-08 18:54:08,594 - INFO -  [SYNTHETIC PIPELINE]  Synthetic Data Evaluation Completed.
2025-05-08 18:54:08,601 - INFO -  [SYNTHETIC PIPELINE] Synthetic Data Report Generated Successfully.
2025-05-08 18:54:08,695 - INFO - [HYBRID] Generated hybrid dataset shape for CTGAN: (336, 19)
2025-05-08 18:54:08,696 - INFO - [HYBRID] Target distribution for CTGAN: {'Y': 230, 'N': 106}
2025-05-08 18:54:08,697 - INFO -  [HYBRID] Saved hybrid dataset to /mnt/NVMETank/Projects/Students/Dele/A-STUDY-INTO-THE-QUALITY-AND-USABILITY-OF-PRIVACY-FRIENDLY-SYNTHETIC-DATA/datasets/hybrid/loan_k5_l15_sup20_CTGAN_HYBRID.csv
2025-05-08 18:54:08,698 - INFO - [HYBRID] Generated hybrid dataset shape for GaussianCopula: (336, 19)
2025-05-08 18:54:08,698 - INFO - [HYBRID] Target distribution for GaussianCopula: {'Y': 224, 'N': 112}
2025-05-08 18:54:08,699 - INFO -  [HYBRID] Saved hybrid dataset to /mnt/NVMETank/Projects/Students/Dele/A-STUDY-INTO-THE-QUALITY-AND-USABILITY-OF-PRIVACY-FRIENDLY-SYNTHETIC-DATA/datasets/hybrid/loan_k5_l15_sup20_GaussianCopula_HYBRID.csv
2025-05-08 18:54:08,699 - INFO - [HYBRID] Generated hybrid dataset shape for TVAE: (336, 19)
2025-05-08 18:54:08,700 - INFO - [HYBRID] Target distribution for TVAE: {'Y': 336}
2025-05-08 18:54:08,701 - INFO -  [HYBRID] Saved hybrid dataset to /mnt/NVMETank/Projects/Students/Dele/A-STUDY-INTO-THE-QUALITY-AND-USABILITY-OF-PRIVACY-FRIENDLY-SYNTHETIC-DATA/datasets/hybrid/loan_k5_l15_sup20_TVAE_HYBRID.csv
2025-05-08 18:54:08,701 - INFO -  [HYBRID] Hybrid pipeline complete — 3 dataset(s) ready.
2025-05-08 18:54:08,701 - INFO - [HYBRID] Total rows across all hybrid datasets: 1008
2025-05-08 18:54:08,701 - INFO - Hybrid pipeline completed successfully.
2025-05-08 18:54:08,702 - INFO - Hybrid pipeline duration: 27.07 seconds
2025-05-08 18:54:08,702 - INFO - Starting Utility...
2025-05-08 18:54:08,702 - INFO - [UTILITY] Preparing datasets for machine learning...
2025-05-08 18:54:08,702 - INFO - [UTILITY] Original Data - Training Size: 336, Testing Size: 144
2025-05-08 18:54:08,702 - INFO - [UTILITY] Target class distribution (Original): {'Y': 232, 'N': 104}
2025-05-08 18:54:08,702 - INFO - [UTILITY] Processing anonymized dataset...
2025-05-08 18:54:08,703 - INFO - [UTILITY] Anonymized Data - Training Size: 336
2025-05-08 18:54:08,703 - INFO - [UTILITY] Target class distribution (Anonymous): {'Y': 232, 'N': 104}
2025-05-08 18:54:08,703 - INFO - [UTILITY] Processing hybrid dataset generated by CTGAN...
2025-05-08 18:54:08,703 - INFO - [UTILITY] Hybrid Data (CTGAN_HYBRID) - Training Size: 336
2025-05-08 18:54:08,704 - INFO - [UTILITY] Target class distribution (CTGAN_HYBRID): {'Y': 230, 'N': 106}
2025-05-08 18:54:08,704 - INFO - [UTILITY] Processing hybrid dataset generated by GaussianCopula...
2025-05-08 18:54:08,704 - INFO - [UTILITY] Hybrid Data (GaussianCopula_HYBRID) - Training Size: 336
2025-05-08 18:54:08,704 - INFO - [UTILITY] Target class distribution (GaussianCopula_HYBRID): {'Y': 224, 'N': 112}
2025-05-08 18:54:08,704 - WARNING -  Skipping hybrid dataset 'TVAE_HYBRID' - only one class in target.
2025-05-08 18:54:08,704 - INFO - [UTILITY] Training models on all datasets...
2025-05-08 18:54:08,705 - INFO - [UTILITY] Total datasets used for training: 4
2025-05-08 18:54:08,705 - INFO - [TRAINING] Training models from scratch...
2025-05-08 18:54:08,705 - INFO - [TRAINING] Starting training for dataset: Original — Rows: 336, Features: 18
2025-05-08 18:54:08,705 - INFO - [TRAINING] Training DecisionTree on Original...
2025-05-08 18:54:08,707 - INFO - [TRAINING] DecisionTree trained successfully on Original in 0.00 sec
2025-05-08 18:54:08,707 - INFO - [TRAINING] Training KNN on Original...
2025-05-08 18:54:08,708 - INFO - [TRAINING] KNN trained successfully on Original in 0.00 sec
2025-05-08 18:54:08,708 - INFO - [TRAINING] Training LogisticRegression on Original...
2025-05-08 18:54:08,712 - INFO - [TRAINING] LogisticRegression trained successfully on Original in 0.00 sec
2025-05-08 18:54:08,712 - INFO - [TRAINING] Training RandomForest on Original...
2025-05-08 18:54:08,819 - INFO - [TRAINING] RandomForest trained successfully on Original in 0.11 sec
2025-05-08 18:54:08,819 - INFO - [TRAINING] Training SVM on Original...
2025-05-08 18:54:08,823 - INFO - [TRAINING] SVM trained successfully on Original in 0.00 sec
2025-05-08 18:54:08,823 - INFO - [TRAINING] Finished training 5 model(s) for dataset: Original
2025-05-08 18:54:08,823 - INFO - [TRAINING] Starting training for dataset: Anonymous — Rows: 336, Features: 18
2025-05-08 18:54:08,823 - INFO - [TRAINING] Training DecisionTree on Anonymous...
2025-05-08 18:54:08,825 - INFO - [TRAINING] DecisionTree trained successfully on Anonymous in 0.00 sec
2025-05-08 18:54:08,825 - INFO - [TRAINING] Training KNN on Anonymous...
2025-05-08 18:54:08,826 - INFO - [TRAINING] KNN trained successfully on Anonymous in 0.00 sec
2025-05-08 18:54:08,826 - INFO - [TRAINING] Training LogisticRegression on Anonymous...
2025-05-08 18:54:08,830 - INFO - [TRAINING] LogisticRegression trained successfully on Anonymous in 0.00 sec
2025-05-08 18:54:08,830 - INFO - [TRAINING] Training RandomForest on Anonymous...
2025-05-08 18:54:08,936 - INFO - [TRAINING] RandomForest trained successfully on Anonymous in 0.11 sec
2025-05-08 18:54:08,936 - INFO - [TRAINING] Training SVM on Anonymous...
2025-05-08 18:54:08,940 - INFO - [TRAINING] SVM trained successfully on Anonymous in 0.00 sec
2025-05-08 18:54:08,940 - INFO - [TRAINING] Finished training 5 model(s) for dataset: Anonymous
2025-05-08 18:54:08,940 - INFO - [TRAINING] Starting training for dataset: CTGAN_HYBRID — Rows: 336, Features: 18
2025-05-08 18:54:08,940 - INFO - [TRAINING] Training DecisionTree on CTGAN_HYBRID...
2025-05-08 18:54:08,943 - INFO - [TRAINING] DecisionTree trained successfully on CTGAN_HYBRID in 0.00 sec
2025-05-08 18:54:08,943 - INFO - [TRAINING] Training KNN on CTGAN_HYBRID...
2025-05-08 18:54:08,944 - INFO - [TRAINING] KNN trained successfully on CTGAN_HYBRID in 0.00 sec
2025-05-08 18:54:08,944 - INFO - [TRAINING] Training LogisticRegression on CTGAN_HYBRID...
2025-05-08 18:54:08,946 - INFO - [TRAINING] LogisticRegression trained successfully on CTGAN_HYBRID in 0.00 sec
2025-05-08 18:54:08,946 - INFO - [TRAINING] Training RandomForest on CTGAN_HYBRID...
2025-05-08 18:54:09,050 - INFO - [TRAINING] RandomForest trained successfully on CTGAN_HYBRID in 0.10 sec
2025-05-08 18:54:09,050 - INFO - [TRAINING] Training SVM on CTGAN_HYBRID...
2025-05-08 18:54:09,054 - INFO - [TRAINING] SVM trained successfully on CTGAN_HYBRID in 0.00 sec
2025-05-08 18:54:09,054 - INFO - [TRAINING] Finished training 5 model(s) for dataset: CTGAN_HYBRID
2025-05-08 18:54:09,054 - INFO - [TRAINING] Starting training for dataset: GaussianCopula_HYBRID — Rows: 336, Features: 18
2025-05-08 18:54:09,054 - INFO - [TRAINING] Training DecisionTree on GaussianCopula_HYBRID...
2025-05-08 18:54:09,056 - INFO - [TRAINING] DecisionTree trained successfully on GaussianCopula_HYBRID in 0.00 sec
2025-05-08 18:54:09,056 - INFO - [TRAINING] Training KNN on GaussianCopula_HYBRID...
2025-05-08 18:54:09,057 - INFO - [TRAINING] KNN trained successfully on GaussianCopula_HYBRID in 0.00 sec
2025-05-08 18:54:09,057 - INFO - [TRAINING] Training LogisticRegression on GaussianCopula_HYBRID...
2025-05-08 18:54:09,060 - INFO - [TRAINING] LogisticRegression trained successfully on GaussianCopula_HYBRID in 0.00 sec
2025-05-08 18:54:09,060 - INFO - [TRAINING] Training RandomForest on GaussianCopula_HYBRID...
2025-05-08 18:54:09,157 - INFO - [TRAINING] RandomForest trained successfully on GaussianCopula_HYBRID in 0.10 sec
2025-05-08 18:54:09,157 - INFO - [TRAINING] Training SVM on GaussianCopula_HYBRID...
2025-05-08 18:54:09,163 - INFO - [TRAINING] SVM trained successfully on GaussianCopula_HYBRID in 0.01 sec
2025-05-08 18:54:09,164 - INFO - [TRAINING] Finished training 5 model(s) for dataset: GaussianCopula_HYBRID
2025-05-08 18:54:09,164 - INFO - [TRAINING] Total models trained across all datasets: 20
2025-05-08 18:54:09,164 - INFO - [UTILITY] Trained model names: ['Original', 'Anonymous', 'CTGAN_HYBRID', 'GaussianCopula_HYBRID']
2025-05-08 18:54:09,164 - INFO - [UTILITY] Model Training Completed.
2025-05-08 18:54:09,164 - INFO - Starting the Evaluating of models...
2025-05-08 18:54:09,164 - INFO - Preparing evaluation for model 'DecisionTree' across all datasets...
2025-05-08 18:54:09,164 - INFO - Evaluating DecisionTree on Original...
2025-05-08 18:54:09,166 - INFO - Predictions completed for DecisionTree on Original
2025-05-08 18:54:09,166 - INFO - Prediction distribution for DecisionTree on Original: {'Y': 91, 'N': 53}
2025-05-08 18:54:09,179 - INFO - Computed 8 metric(s) for DecisionTree on Original
2025-05-08 18:54:09,179 - INFO - Evaluating DecisionTree on Anonymous...
2025-05-08 18:54:09,181 - INFO - Predictions completed for DecisionTree on Anonymous
2025-05-08 18:54:09,181 - INFO - Prediction distribution for DecisionTree on Anonymous: {'N': 82, 'Y': 62}
2025-05-08 18:54:09,190 - INFO - Computed 8 metric(s) for DecisionTree on Anonymous
2025-05-08 18:54:09,190 - INFO - Evaluating DecisionTree on CTGAN_HYBRID...
2025-05-08 18:54:09,191 - INFO - Predictions completed for DecisionTree on CTGAN_HYBRID
2025-05-08 18:54:09,192 - INFO - Prediction distribution for DecisionTree on CTGAN_HYBRID: {'Y': 75, 'N': 69}
2025-05-08 18:54:09,200 - INFO - Computed 8 metric(s) for DecisionTree on CTGAN_HYBRID
2025-05-08 18:54:09,201 - INFO - Evaluating DecisionTree on GaussianCopula_HYBRID...
2025-05-08 18:54:09,202 - INFO - Predictions completed for DecisionTree on GaussianCopula_HYBRID
2025-05-08 18:54:09,202 - INFO - Prediction distribution for DecisionTree on GaussianCopula_HYBRID: {'Y': 85, 'N': 59}
2025-05-08 18:54:09,214 - INFO - Computed 8 metric(s) for DecisionTree on GaussianCopula_HYBRID
2025-05-08 18:54:09,214 - INFO - Preparing evaluation for model 'KNN' across all datasets...
2025-05-08 18:54:09,214 - INFO - Evaluating KNN on Original...
2025-05-08 18:54:09,222 - INFO - Predictions completed for KNN on Original
2025-05-08 18:54:09,222 - INFO - Prediction distribution for KNN on Original: {'Y': 115, 'N': 29}
2025-05-08 18:54:09,234 - INFO - Computed 8 metric(s) for KNN on Original
2025-05-08 18:54:09,234 - INFO - Evaluating KNN on Anonymous...
2025-05-08 18:54:09,240 - INFO - Predictions completed for KNN on Anonymous
2025-05-08 18:54:09,240 - INFO - Prediction distribution for KNN on Anonymous: {'Y': 114, 'N': 30}
2025-05-08 18:54:09,255 - INFO - Computed 8 metric(s) for KNN on Anonymous
2025-05-08 18:54:09,255 - INFO - Evaluating KNN on CTGAN_HYBRID...
2025-05-08 18:54:09,265 - INFO - Predictions completed for KNN on CTGAN_HYBRID
2025-05-08 18:54:09,266 - INFO - Prediction distribution for KNN on CTGAN_HYBRID: {'Y': 114, 'N': 30}
2025-05-08 18:54:09,279 - INFO - Computed 8 metric(s) for KNN on CTGAN_HYBRID
2025-05-08 18:54:09,279 - INFO - Evaluating KNN on GaussianCopula_HYBRID...
2025-05-08 18:54:09,288 - INFO - Predictions completed for KNN on GaussianCopula_HYBRID
2025-05-08 18:54:09,288 - INFO - Prediction distribution for KNN on GaussianCopula_HYBRID: {'Y': 118, 'N': 26}
2025-05-08 18:54:09,307 - INFO - Computed 8 metric(s) for KNN on GaussianCopula_HYBRID
2025-05-08 18:54:09,307 - INFO - Preparing evaluation for model 'LogisticRegression' across all datasets...
2025-05-08 18:54:09,307 - INFO - Evaluating LogisticRegression on Original...
2025-05-08 18:54:09,308 - INFO - Predictions completed for LogisticRegression on Original
2025-05-08 18:54:09,308 - INFO - Prediction distribution for LogisticRegression on Original: {'Y': 115, 'N': 29}
2025-05-08 18:54:09,318 - INFO - Computed 8 metric(s) for LogisticRegression on Original
2025-05-08 18:54:09,318 - INFO - Evaluating LogisticRegression on Anonymous...
2025-05-08 18:54:09,319 - INFO - Predictions completed for LogisticRegression on Anonymous
2025-05-08 18:54:09,320 - INFO - Prediction distribution for LogisticRegression on Anonymous: {'N': 102, 'Y': 42}
2025-05-08 18:54:09,329 - INFO - Computed 8 metric(s) for LogisticRegression on Anonymous
2025-05-08 18:54:09,329 - INFO - Evaluating LogisticRegression on CTGAN_HYBRID...
2025-05-08 18:54:09,331 - INFO - Predictions completed for LogisticRegression on CTGAN_HYBRID
2025-05-08 18:54:09,331 - INFO - Prediction distribution for LogisticRegression on CTGAN_HYBRID: {'Y': 142, 'N': 2}
2025-05-08 18:54:09,340 - INFO - Computed 8 metric(s) for LogisticRegression on CTGAN_HYBRID
2025-05-08 18:54:09,340 - INFO - Evaluating LogisticRegression on GaussianCopula_HYBRID...
2025-05-08 18:54:09,342 - INFO - Predictions completed for LogisticRegression on GaussianCopula_HYBRID
2025-05-08 18:54:09,342 - INFO - Prediction distribution for LogisticRegression on GaussianCopula_HYBRID: {'Y': 94, 'N': 50}
2025-05-08 18:54:09,352 - INFO - Computed 8 metric(s) for LogisticRegression on GaussianCopula_HYBRID
2025-05-08 18:54:09,352 - INFO - Preparing evaluation for model 'RandomForest' across all datasets...
2025-05-08 18:54:09,352 - INFO - Evaluating RandomForest on Original...
2025-05-08 18:54:09,359 - INFO - Predictions completed for RandomForest on Original
2025-05-08 18:54:09,359 - INFO - Prediction distribution for RandomForest on Original: {'Y': 108, 'N': 36}
2025-05-08 18:54:09,384 - INFO - Computed 8 metric(s) for RandomForest on Original
2025-05-08 18:54:09,384 - INFO - Evaluating RandomForest on Anonymous...
2025-05-08 18:54:09,393 - INFO - Predictions completed for RandomForest on Anonymous
2025-05-08 18:54:09,394 - INFO - Prediction distribution for RandomForest on Anonymous: {'N': 85, 'Y': 59}
2025-05-08 18:54:09,423 - INFO - Computed 8 metric(s) for RandomForest on Anonymous
2025-05-08 18:54:09,423 - INFO - Evaluating RandomForest on CTGAN_HYBRID...
2025-05-08 18:54:09,431 - INFO - Predictions completed for RandomForest on CTGAN_HYBRID
2025-05-08 18:54:09,432 - INFO - Prediction distribution for RandomForest on CTGAN_HYBRID: {'Y': 129, 'N': 15}
2025-05-08 18:54:09,459 - INFO - Computed 8 metric(s) for RandomForest on CTGAN_HYBRID
2025-05-08 18:54:09,459 - INFO - Evaluating RandomForest on GaussianCopula_HYBRID...
2025-05-08 18:54:09,467 - INFO - Predictions completed for RandomForest on GaussianCopula_HYBRID
2025-05-08 18:54:09,467 - INFO - Prediction distribution for RandomForest on GaussianCopula_HYBRID: {'Y': 102, 'N': 42}
2025-05-08 18:54:09,488 - INFO - Computed 8 metric(s) for RandomForest on GaussianCopula_HYBRID
2025-05-08 18:54:09,488 - INFO - Preparing evaluation for model 'SVM' across all datasets...
2025-05-08 18:54:09,488 - INFO - Evaluating SVM on Original...
2025-05-08 18:54:09,491 - INFO - Predictions completed for SVM on Original
2025-05-08 18:54:09,491 - INFO - Prediction distribution for SVM on Original: {'Y': 144}
2025-05-08 18:54:09,491 - WARNING -  [WARNING] :SVM on Original predicted only one class: {'Y'}
2025-05-08 18:54:09,493 - WARNING - [UndefinedMetricWarning] Precision is ill-defined and being set to 0.0 in labels with no predicted samples. Use `zero_division` parameter to control this behavior. (from /mnt/NVMETank/Projects/Students/Dele/A-STUDY-INTO-THE-QUALITY-AND-USABILITY-OF-PRIVACY-FRIENDLY-SYNTHETIC-DATA/.venv/lib/python3.12/site-packages/sklearn/metrics/_classification.py:1565)
2025-05-08 18:54:09,494 - WARNING - [UndefinedMetricWarning] Precision is ill-defined and being set to 0.0 in labels with no predicted samples. Use `zero_division` parameter to control this behavior. (from /mnt/NVMETank/Projects/Students/Dele/A-STUDY-INTO-THE-QUALITY-AND-USABILITY-OF-PRIVACY-FRIENDLY-SYNTHETIC-DATA/.venv/lib/python3.12/site-packages/sklearn/metrics/_classification.py:1565)
2025-05-08 18:54:09,496 - WARNING - [UndefinedMetricWarning] Precision is ill-defined and being set to 0.0 in labels with no predicted samples. Use `zero_division` parameter to control this behavior. (from /mnt/NVMETank/Projects/Students/Dele/A-STUDY-INTO-THE-QUALITY-AND-USABILITY-OF-PRIVACY-FRIENDLY-SYNTHETIC-DATA/.venv/lib/python3.12/site-packages/sklearn/metrics/_classification.py:1565)
2025-05-08 18:54:09,497 - INFO - Computed 8 metric(s) for SVM on Original
2025-05-08 18:54:09,497 - INFO - Evaluating SVM on Anonymous...
2025-05-08 18:54:09,500 - INFO - Predictions completed for SVM on Anonymous
2025-05-08 18:54:09,500 - INFO - Prediction distribution for SVM on Anonymous: {'Y': 144}
2025-05-08 18:54:09,500 - WARNING -  [WARNING] :SVM on Anonymous predicted only one class: {'Y'}
2025-05-08 18:54:09,502 - WARNING - [UndefinedMetricWarning] Precision is ill-defined and being set to 0.0 in labels with no predicted samples. Use `zero_division` parameter to control this behavior. (from /mnt/NVMETank/Projects/Students/Dele/A-STUDY-INTO-THE-QUALITY-AND-USABILITY-OF-PRIVACY-FRIENDLY-SYNTHETIC-DATA/.venv/lib/python3.12/site-packages/sklearn/metrics/_classification.py:1565)
2025-05-08 18:54:09,503 - WARNING - [UndefinedMetricWarning] Precision is ill-defined and being set to 0.0 in labels with no predicted samples. Use `zero_division` parameter to control this behavior. (from /mnt/NVMETank/Projects/Students/Dele/A-STUDY-INTO-THE-QUALITY-AND-USABILITY-OF-PRIVACY-FRIENDLY-SYNTHETIC-DATA/.venv/lib/python3.12/site-packages/sklearn/metrics/_classification.py:1565)
2025-05-08 18:54:09,505 - WARNING - [UndefinedMetricWarning] Precision is ill-defined and being set to 0.0 in labels with no predicted samples. Use `zero_division` parameter to control this behavior. (from /mnt/NVMETank/Projects/Students/Dele/A-STUDY-INTO-THE-QUALITY-AND-USABILITY-OF-PRIVACY-FRIENDLY-SYNTHETIC-DATA/.venv/lib/python3.12/site-packages/sklearn/metrics/_classification.py:1565)
2025-05-08 18:54:09,506 - INFO - Computed 8 metric(s) for SVM on Anonymous
2025-05-08 18:54:09,506 - INFO - Evaluating SVM on CTGAN_HYBRID...
2025-05-08 18:54:09,508 - INFO - Predictions completed for SVM on CTGAN_HYBRID
2025-05-08 18:54:09,509 - INFO - Prediction distribution for SVM on CTGAN_HYBRID: {'Y': 144}
2025-05-08 18:54:09,509 - WARNING -  [WARNING] :SVM on CTGAN_HYBRID predicted only one class: {'Y'}
2025-05-08 18:54:09,510 - WARNING - [UndefinedMetricWarning] Precision is ill-defined and being set to 0.0 in labels with no predicted samples. Use `zero_division` parameter to control this behavior. (from /mnt/NVMETank/Projects/Students/Dele/A-STUDY-INTO-THE-QUALITY-AND-USABILITY-OF-PRIVACY-FRIENDLY-SYNTHETIC-DATA/.venv/lib/python3.12/site-packages/sklearn/metrics/_classification.py:1565)
2025-05-08 18:54:09,512 - WARNING - [UndefinedMetricWarning] Precision is ill-defined and being set to 0.0 in labels with no predicted samples. Use `zero_division` parameter to control this behavior. (from /mnt/NVMETank/Projects/Students/Dele/A-STUDY-INTO-THE-QUALITY-AND-USABILITY-OF-PRIVACY-FRIENDLY-SYNTHETIC-DATA/.venv/lib/python3.12/site-packages/sklearn/metrics/_classification.py:1565)
2025-05-08 18:54:09,514 - WARNING - [UndefinedMetricWarning] Precision is ill-defined and being set to 0.0 in labels with no predicted samples. Use `zero_division` parameter to control this behavior. (from /mnt/NVMETank/Projects/Students/Dele/A-STUDY-INTO-THE-QUALITY-AND-USABILITY-OF-PRIVACY-FRIENDLY-SYNTHETIC-DATA/.venv/lib/python3.12/site-packages/sklearn/metrics/_classification.py:1565)
2025-05-08 18:54:09,516 - INFO - Computed 8 metric(s) for SVM on CTGAN_HYBRID
2025-05-08 18:54:09,516 - INFO - Evaluating SVM on GaussianCopula_HYBRID...
2025-05-08 18:54:09,519 - INFO - Predictions completed for SVM on GaussianCopula_HYBRID
2025-05-08 18:54:09,519 - INFO - Prediction distribution for SVM on GaussianCopula_HYBRID: {'Y': 144}
2025-05-08 18:54:09,519 - WARNING -  [WARNING] :SVM on GaussianCopula_HYBRID predicted only one class: {'Y'}
2025-05-08 18:54:09,522 - WARNING - [UndefinedMetricWarning] Precision is ill-defined and being set to 0.0 in labels with no predicted samples. Use `zero_division` parameter to control this behavior. (from /mnt/NVMETank/Projects/Students/Dele/A-STUDY-INTO-THE-QUALITY-AND-USABILITY-OF-PRIVACY-FRIENDLY-SYNTHETIC-DATA/.venv/lib/python3.12/site-packages/sklearn/metrics/_classification.py:1565)
2025-05-08 18:54:09,525 - WARNING - [UndefinedMetricWarning] Precision is ill-defined and being set to 0.0 in labels with no predicted samples. Use `zero_division` parameter to control this behavior. (from /mnt/NVMETank/Projects/Students/Dele/A-STUDY-INTO-THE-QUALITY-AND-USABILITY-OF-PRIVACY-FRIENDLY-SYNTHETIC-DATA/.venv/lib/python3.12/site-packages/sklearn/metrics/_classification.py:1565)
2025-05-08 18:54:09,526 - WARNING - [UndefinedMetricWarning] Precision is ill-defined and being set to 0.0 in labels with no predicted samples. Use `zero_division` parameter to control this behavior. (from /mnt/NVMETank/Projects/Students/Dele/A-STUDY-INTO-THE-QUALITY-AND-USABILITY-OF-PRIVACY-FRIENDLY-SYNTHETIC-DATA/.venv/lib/python3.12/site-packages/sklearn/metrics/_classification.py:1565)
2025-05-08 18:54:09,528 - INFO - Computed 8 metric(s) for SVM on GaussianCopula_HYBRID
2025-05-08 18:54:09,531 - INFO - Evaluation completed for all models.
2025-05-08 18:54:09,531 - INFO - Model evaluation completed in 0.37 seconds.
2025-05-08 18:54:09,533 - INFO - Evaluated models: ['DecisionTree', 'KNN', 'LogisticRegression', 'RandomForest', 'SVM']
2025-05-08 18:54:09,534 - INFO - Model Training and Evaluation completed.
2025-05-08 18:54:10,278 - INFO -  Visualizations saved.
2025-05-08 18:54:10,278 - INFO -  Benchmarking Completed. Results saved in output folder.
