2025-05-08 18:39:30,818 - INFO - Loaded config file: configs/generated_configs/loan/loan_anon_k4_sl0p5_l10.yaml
2025-05-08 18:39:30,818 - INFO -  Benchmarking started for dataset: loan
2025-05-08 18:39:30,818 - INFO - Using dataset path: /mnt/NVMETank/Projects/Students/Dele/A-STUDY-INTO-THE-QUALITY-AND-USABILITY-OF-PRIVACY-FRIENDLY-SYNTHETIC-DATA/datasets/original/loan.csv
2025-05-08 18:39:30,818 - INFO - Target column: Loan_Status, separator: ','
2025-05-08 18:39:30,818 - INFO - Configuration loaded: enable_anonymization = True, enable_synthesis = False, enable_hybrid = True, enable_utility = True, delete_after_evaluation = False
2025-05-08 18:39:30,818 - INFO - Running preprocessing...
2025-05-08 18:39:30,823 - INFO -  [PREPROCESSING] Preprocessed files found. Skipping preprocessing.
2025-05-08 18:39:30,831 - INFO - Preprocessing completed. Rows before: 614, after: 336
2025-05-08 18:39:30,831 - INFO - Preprocessed data saved to: outputs/batch/loan_batch_2025-05-08_18-38-44/loan_anon_k4_sl0p5_l10/preprocessing_report.txt
2025-05-08 18:39:30,831 - INFO - enable_anonymization = True
2025-05-08 18:39:30,831 - INFO - Starting Anonymization Pipeline with output path: /mnt/NVMETank/Projects/Students/Dele/A-STUDY-INTO-THE-QUALITY-AND-USABILITY-OF-PRIVACY-FRIENDLY-SYNTHETIC-DATA/datasets/anonymized/loan_k4_l10_sup50_anonymized.csv.......
2025-05-08 18:39:30,836 - INFO -  [ANONYMIZATION] Executing run_anonymization, config_path : configs/generated_configs/loan/loan_anon_k4_sl0p5_l10.yaml...........
2025-05-08 18:39:30,836 - INFO -  [ANONYMIZATION] Using JAR file at /mnt/NVMETank/Projects/Students/Dele/A-STUDY-INTO-THE-QUALITY-AND-USABILITY-OF-PRIVACY-FRIENDLY-SYNTHETIC-DATA/src/anonymization/anonymARXij/bin/anonymARXij.jar to anonymize the dataset.
2025-05-08 18:39:32,149 - INFO -  [ANONYMIZATION] Anonimized file saved to : /mnt/NVMETank/Projects/Students/Dele/A-STUDY-INTO-THE-QUALITY-AND-USABILITY-OF-PRIVACY-FRIENDLY-SYNTHETIC-DATA/datasets/anonymized/loan_k4_l10_sup50_anonymized.csv
2025-05-08 18:39:32,149 - INFO -  [ANONYMIZATION] Java anonymization completed successfully.
2025-05-08 18:39:32,149 - INFO -  [ANONYMIZATION] Java STDOUT:
📄 Java received config path: /mnt/NVMETank/Projects/Students/Dele/A-STUDY-INTO-THE-QUALITY-AND-USABILITY-OF-PRIVACY-FRIENDLY-SYNTHETIC-DATA/configs/generated_configs/loan/loan_anon_k4_sl0p5_l10.yaml
🔹 Loading config from: /mnt/NVMETank/Projects/Students/Dele/A-STUDY-INTO-THE-QUALITY-AND-USABILITY-OF-PRIVACY-FRIENDLY-SYNTHETIC-DATA/configs/generated_configs/loan/loan_anon_k4_sl0p5_l10.yaml
Loading config from: /mnt/NVMETank/Projects/Students/Dele/A-STUDY-INTO-THE-QUALITY-AND-USABILITY-OF-PRIVACY-FRIENDLY-SYNTHETIC-DATA/configs/generated_configs/loan/loan_anon_k4_sl0p5_l10.yaml
📂 Dataset Path (from args): /mnt/NVMETank/Projects/Students/Dele/A-STUDY-INTO-THE-QUALITY-AND-USABILITY-OF-PRIVACY-FRIENDLY-SYNTHETIC-DATA/datasets/train/loan_train_raw.csv
🔹 Dataset Separator: ,
🔹 Suppression Limit: 0.5

🔹 Configured Attributes:
  ✅ Quasi-Identifier: Gender
  ✅ Quasi-Identifier: Married
  ✅ Quasi-Identifier: Education
  ✅ Quasi-Identifier: Dependents
  ✅ Quasi-Identifier: Self_Employed
  ✅ Quasi-Identifier: Property_Area
  ✅ Quasi-Identifier: Credit_History
  ✅ Quasi-Identifier: Loan_Amount_Term
  ✅ Sensitive Attribute: LoanAmount
  ✅ Insensitive Attribute: Loan_Status
  ✅ Insensitive Attribute: ApplicantIncome
  ✅ Insensitive Attribute: CoapplicantIncome

🔹 Defined Hierarchies:
  ✅ Property_Area -> /mnt/NVMETank/Projects/Students/Dele/A-STUDY-INTO-THE-QUALITY-AND-USABILITY-OF-PRIVACY-FRIENDLY-SYNTHETIC-DATA/src/anonymization/anonymARXij/src/hierarchies_loan/property_area.csv
  ✅ Self_Employed -> /mnt/NVMETank/Projects/Students/Dele/A-STUDY-INTO-THE-QUALITY-AND-USABILITY-OF-PRIVACY-FRIENDLY-SYNTHETIC-DATA/src/anonymization/anonymARXij/src/hierarchies_loan/self_employed.csv
  ✅ Credit_History -> /mnt/NVMETank/Projects/Students/Dele/A-STUDY-INTO-THE-QUALITY-AND-USABILITY-OF-PRIVACY-FRIENDLY-SYNTHETIC-DATA/src/anonymization/anonymARXij/src/hierarchies_loan/credit_history.csv
  ✅ Dependents -> /mnt/NVMETank/Projects/Students/Dele/A-STUDY-INTO-THE-QUALITY-AND-USABILITY-OF-PRIVACY-FRIENDLY-SYNTHETIC-DATA/src/anonymization/anonymARXij/src/hierarchies_loan/dependents.csv
  ✅ Education -> /mnt/NVMETank/Projects/Students/Dele/A-STUDY-INTO-THE-QUALITY-AND-USABILITY-OF-PRIVACY-FRIENDLY-SYNTHETIC-DATA/src/anonymization/anonymARXij/src/hierarchies_loan/education.csv
  ✅ Loan_Amount_Term -> /mnt/NVMETank/Projects/Students/Dele/A-STUDY-INTO-THE-QUALITY-AND-USABILITY-OF-PRIVACY-FRIENDLY-SYNTHETIC-DATA/src/anonymization/anonymARXij/src/hierarchies_loan/loan_amount_terms.csv
  ✅ Married -> /mnt/NVMETank/Projects/Students/Dele/A-STUDY-INTO-THE-QUALITY-AND-USABILITY-OF-PRIVACY-FRIENDLY-SYNTHETIC-DATA/src/anonymization/anonymARXij/src/hierarchies_loan/married.csv
  ✅ Gender -> /mnt/NVMETank/Projects/Students/Dele/A-STUDY-INTO-THE-QUALITY-AND-USABILITY-OF-PRIVACY-FRIENDLY-SYNTHETIC-DATA/src/anonymization/anonymARXij/src/hierarchies_loan/gender.csv
Java is searching for hierarchy file at: /mnt/NVMETank/Projects/Students/Dele/A-STUDY-INTO-THE-QUALITY-AND-USABILITY-OF-PRIVACY-FRIENDLY-SYNTHETIC-DATA/src/anonymization/anonymARXij/src/hierarchies_loan/property_area.csv
Java is searching for hierarchy file at: /mnt/NVMETank/Projects/Students/Dele/A-STUDY-INTO-THE-QUALITY-AND-USABILITY-OF-PRIVACY-FRIENDLY-SYNTHETIC-DATA/src/anonymization/anonymARXij/src/hierarchies_loan/self_employed.csv
Java is searching for hierarchy file at: /mnt/NVMETank/Projects/Students/Dele/A-STUDY-INTO-THE-QUALITY-AND-USABILITY-OF-PRIVACY-FRIENDLY-SYNTHETIC-DATA/src/anonymization/anonymARXij/src/hierarchies_loan/credit_history.csv
Java is searching for hierarchy file at: /mnt/NVMETank/Projects/Students/Dele/A-STUDY-INTO-THE-QUALITY-AND-USABILITY-OF-PRIVACY-FRIENDLY-SYNTHETIC-DATA/src/anonymization/anonymARXij/src/hierarchies_loan/dependents.csv
Java is searching for hierarchy file at: /mnt/NVMETank/Projects/Students/Dele/A-STUDY-INTO-THE-QUALITY-AND-USABILITY-OF-PRIVACY-FRIENDLY-SYNTHETIC-DATA/src/anonymization/anonymARXij/src/hierarchies_loan/education.csv
Java is searching for hierarchy file at: /mnt/NVMETank/Projects/Students/Dele/A-STUDY-INTO-THE-QUALITY-AND-USABILITY-OF-PRIVACY-FRIENDLY-SYNTHETIC-DATA/src/anonymization/anonymARXij/src/hierarchies_loan/loan_amount_terms.csv
Java is searching for hierarchy file at: /mnt/NVMETank/Projects/Students/Dele/A-STUDY-INTO-THE-QUALITY-AND-USABILITY-OF-PRIVACY-FRIENDLY-SYNTHETIC-DATA/src/anonymization/anonymARXij/src/hierarchies_loan/married.csv
Java is searching for hierarchy file at: /mnt/NVMETank/Projects/Students/Dele/A-STUDY-INTO-THE-QUALITY-AND-USABILITY-OF-PRIVACY-FRIENDLY-SYNTHETIC-DATA/src/anonymization/anonymARXij/src/hierarchies_loan/gender.csv
✓ Applied Entropy L-Diversity on: LoanAmount (l=10)
🔹 Privacy Models Configured
📂 Anonymized Output Path (from args): /mnt/NVMETank/Projects/Students/Dele/A-STUDY-INTO-THE-QUALITY-AND-USABILITY-OF-PRIVACY-FRIENDLY-SYNTHETIC-DATA/datasets/anonymized/loan_k4_l10_sup50_anonymized.csv
📂 Anonymized Output Path: /mnt/NVMETank/Projects/Students/Dele/A-STUDY-INTO-THE-QUALITY-AND-USABILITY-OF-PRIVACY-FRIENDLY-SYNTHETIC-DATA/datasets/anonymized/loan_k4_l10_sup50_anonymized.csv
✅ Anonymization completed. Output saved to: /mnt/NVMETank/Projects/Students/Dele/A-STUDY-INTO-THE-QUALITY-AND-USABILITY-OF-PRIVACY-FRIENDLY-SYNTHETIC-DATA/datasets/anonymized/loan_k4_l10_sup50_anonymized.csv
Anonymized Data Quality Metrics:
 - Ambiguity: 0.9010629045006432
 - AECS: 0.9235339001526052
 - Discernibility: 0.8123260688857566
 - Granularity: 0.48999173802012996
 - MSE: 0.08587749615975426
 - Non-Uniform Entropy: 0.4235697854002125
 - Precision: 0.5139508928571429
 - Record-level SE: 0.2716500778373895
Equivalence Class Statistics:
 - Number of Classes: 11
 - Average Class Size: 27.90909090909091
Suppression Statistics:
 - Suppressed Records: 29
 - Suppression Percentage: 8.63%
2025-05-08 18:39:32,149 - INFO - Anonymized data saved to: /mnt/NVMETank/Projects/Students/Dele/A-STUDY-INTO-THE-QUALITY-AND-USABILITY-OF-PRIVACY-FRIENDLY-SYNTHETIC-DATA/datasets/anonymized/loan_k4_l10_sup50_anonymized.csv
2025-05-08 18:39:32,157 - INFO - Anonymous data report saved at: outputs/batch/loan_batch_2025-05-08_18-38-44/loan_anon_k4_sl0p5_l10/anonymous_data_report.txt
2025-05-08 18:39:32,157 - INFO -  [POSTPROCESSING] Postprocessing anonymized data: /mnt/NVMETank/Projects/Students/Dele/A-STUDY-INTO-THE-QUALITY-AND-USABILITY-OF-PRIVACY-FRIENDLY-SYNTHETIC-DATA/datasets/anonymized/loan_k4_l10_sup50_anonymized.csv
2025-05-08 18:39:32,158 - INFO -  [POSTPROCESSING] Loaded anonymized data: (336, 12)
2025-05-08 18:39:32,161 - INFO -  [POSTPROCESSING] Loaded fallback maps from training data. Categorical cols: 7, Numeric cols: 5
2025-05-08 18:39:32,161 - INFO -  [POSTPROCESSING] Normalizing anonymized data using ARX artifact cleaning and fallback values.
2025-05-08 18:39:32,173 - INFO -  [POSTPROCESSING] Normalized anonymized data saved to: /mnt/NVMETank/Projects/Students/Dele/A-STUDY-INTO-THE-QUALITY-AND-USABILITY-OF-PRIVACY-FRIENDLY-SYNTHETIC-DATA/datasets/anonymized/loan_k4_l10_sup50_anonymized_processed.csv
2025-05-08 18:39:32,182 - INFO -  [POSTPROCESSING] Binary Encoding applied to anonymized data. Encoded shape: (336, 19)
2025-05-08 18:39:32,183 - INFO -  [POSTPROCESSING] Encoded anonymized dataset saved to: /mnt/NVMETank/Projects/Students/Dele/A-STUDY-INTO-THE-QUALITY-AND-USABILITY-OF-PRIVACY-FRIENDLY-SYNTHETIC-DATA/datasets/anonymized/loan_k4_l10_sup50_anonymized_encoded.csv
2025-05-08 18:39:32,183 - INFO -  [POSTPROCESSING] Encoding map generated for anonymized data: 0 original categorical columns.
2025-05-08 18:39:32,183 - INFO - Postprocessing report saved at: outputs/batch/loan_batch_2025-05-08_18-38-44/loan_anon_k4_sl0p5_l10/postprocessing_report.txt
2025-05-08 18:39:32,184 - INFO - enable_synthetic_generation = False
2025-05-08 18:39:32,184 - INFO - Synthetic Data Generation Skipped (Disabled in Configuration).
2025-05-08 18:39:32,184 - INFO - Running Hybrid Pipeline...
2025-05-08 18:39:32,184 - INFO -  [HYBRID] Executing run_hybrid...
2025-05-08 18:39:32,184 - INFO -  [HYBRID] Looking for encoded anonymized data in /mnt/NVMETank/Projects/Students/Dele/A-STUDY-INTO-THE-QUALITY-AND-USABILITY-OF-PRIVACY-FRIENDLY-SYNTHETIC-DATA/datasets/anonymized/loan_k4_l10_sup50_anonymized_encoded.csv
2025-05-08 18:39:32,184 - INFO -  [HYBRID ] Loaded cached encoded anonymous data from /mnt/NVMETank/Projects/Students/Dele/A-STUDY-INTO-THE-QUALITY-AND-USABILITY-OF-PRIVACY-FRIENDLY-SYNTHETIC-DATA/datasets/anonymized/loan_k4_l10_sup50_anonymized_encoded.csv
2025-05-08 18:39:32,185 - INFO -  [HYBRID] Starting synthetic generation for hybrid pipeline...
2025-05-08 18:39:32,185 - INFO - Executing run_synthetic.....
2025-05-08 18:39:32,185 - INFO - [SYNTHETIC PIPELINE] executing run_synthetic for loan_k4_l10_sup50...
2025-05-08 18:39:32,185 - INFO - [SYNTHETIC] Processing dataset: loan_k4_l10_sup50
2025-05-08 18:39:32,185 - INFO - [SYNTHETIC] Original dataset size: 336 rows
2025-05-08 18:39:32,195 - INFO - Detected metadata:
2025-05-08 18:39:32,195 - INFO - {
    "columns": {
        "Gender_0": {
            "sdtype": "categorical"
        },
        "Gender_1": {
            "sdtype": "categorical"
        },
        "Married_0": {
            "sdtype": "categorical"
        },
        "Married_1": {
            "sdtype": "categorical"
        },
        "Dependents_0": {
            "sdtype": "categorical"
        },
        "Dependents_1": {
            "sdtype": "categorical"
        },
        "Dependents_2": {
            "sdtype": "categorical"
        },
        "Education_0": {
            "sdtype": "categorical"
        },
        "Education_1": {
            "sdtype": "categorical"
        },
        "Self_Employed_0": {
            "sdtype": "categorical"
        },
        "Self_Employed_1": {
            "sdtype": "categorical"
        },
        "ApplicantIncome": {
            "sdtype": "numerical"
        },
        "CoapplicantIncome": {
            "sdtype": "numerical"
        },
        "LoanAmount": {
            "sdtype": "numerical"
        },
        "Loan_Amount_Term": {
            "sdtype": "categorical"
        },
        "Credit_History": {
            "sdtype": "categorical"
        },
        "Property_Area_0": {
            "sdtype": "categorical"
        },
        "Property_Area_1": {
            "sdtype": "categorical"
        },
        "Loan_Status": {
            "sdtype": "categorical"
        }
    },
    "METADATA_SPEC_VERSION": "SINGLE_TABLE_V1"
}
2025-05-08 18:39:32,195 - INFO - [SYNTHETIC] Preparing synthesizer: CTGAN
2025-05-08 18:39:32,195 - INFO - [SYNTHETIC] Params from config: {'epochs': 300}
2025-05-08 18:39:32,195 - INFO -  [SYNTHETIC] No pre-trained synthesizer found
2025-05-08 18:39:32,195 - INFO - [SYNTHETIC] Training new CTGAN synthesizer from scratch...
2025-05-08 18:39:32,195 - WARNING - [FutureWarning] The 'SingleTableMetadata' is deprecated. Please use the new 'Metadata' class for synthesizers. (from /mnt/NVMETank/Projects/Students/Dele/A-STUDY-INTO-THE-QUALITY-AND-USABILITY-OF-PRIVACY-FRIENDLY-SYNTHETIC-DATA/.venv/lib/python3.12/site-packages/sdv/single_table/base.py:119)
2025-05-08 18:39:32,195 - WARNING - [UserWarning] We strongly recommend saving the metadata using 'save_to_json' for replicability in future SDV versions. (from /mnt/NVMETank/Projects/Students/Dele/A-STUDY-INTO-THE-QUALITY-AND-USABILITY-OF-PRIVACY-FRIENDLY-SYNTHETIC-DATA/.venv/lib/python3.12/site-packages/sdv/single_table/base.py:104)
2025-05-08 18:39:32,200 - INFO - {'EVENT': 'Instance', 'TIMESTAMP': datetime.datetime(2025, 5, 8, 18, 39, 32, 200083), 'SYNTHESIZER CLASS NAME': 'CTGANSynthesizer', 'SYNTHESIZER ID': 'CTGANSynthesizer_1.18.0_e237270de84e453ca20d0545affa0b3e'}
2025-05-08 18:39:32,200 - INFO - [SYNTHETIC] CTGAN initialized with epochs: 300
2025-05-08 18:39:32,200 - INFO - [SYNTHETIC] Training parameters for CTGAN: {}
2025-05-08 18:39:32,200 - INFO - [SYNTHETIC] fitting CTGAN 
2025-05-08 18:39:32,200 - INFO - {'EVENT': 'Fit', 'TIMESTAMP': datetime.datetime(2025, 5, 8, 18, 39, 32, 200307), 'SYNTHESIZER CLASS NAME': 'CTGANSynthesizer', 'SYNTHESIZER ID': 'CTGANSynthesizer_1.18.0_e237270de84e453ca20d0545affa0b3e', 'TOTAL NUMBER OF TABLES': 1, 'TOTAL NUMBER OF ROWS': 336, 'TOTAL NUMBER OF COLUMNS': 19}
2025-05-08 18:39:32,201 - INFO - Fitting table  metadata
2025-05-08 18:39:32,201 - INFO - Fitting formatters for table 
2025-05-08 18:39:32,203 - INFO - Fitting constraints for table 
2025-05-08 18:39:32,203 - INFO - Setting the configuration for the ``HyperTransformer`` for table 
2025-05-08 18:39:32,204 - INFO - Fitting HyperTransformer for table 
2025-05-08 18:39:32,217 - INFO - {'EVENT': 'Fit processed data', 'TIMESTAMP': datetime.datetime(2025, 5, 8, 18, 39, 32, 217937), 'SYNTHESIZER CLASS NAME': 'CTGANSynthesizer', 'SYNTHESIZER ID': 'CTGANSynthesizer_1.18.0_e237270de84e453ca20d0545affa0b3e', 'TOTAL NUMBER OF TABLES': 1, 'TOTAL NUMBER OF ROWS': 336, 'TOTAL NUMBER OF COLUMNS': 19}
2025-05-08 18:39:32,250 - INFO - Guidance: There are no missing values in column ApplicantIncome. Extra column not created.
2025-05-08 18:39:32,353 - INFO - Guidance: There are no missing values in column CoapplicantIncome. Extra column not created.
2025-05-08 18:39:32,387 - INFO - Guidance: There are no missing values in column LoanAmount. Extra column not created.
2025-05-08 18:39:56,091 - INFO - [SYNTHETIC] Fitting complete for CTGAN. Duration: 23.89 seconds.
2025-05-08 18:39:56,091 - INFO - [SYNTHETIC] CONFIRMATION CTGAN actually trained with epochs = 300
2025-05-08 18:39:56,091 - INFO - {'EVENT': 'Save', 'TIMESTAMP': datetime.datetime(2025, 5, 8, 18, 39, 56, 91416), 'SYNTHESIZER CLASS NAME': 'CTGANSynthesizer', 'SYNTHESIZER ID': 'CTGANSynthesizer_1.18.0_e237270de84e453ca20d0545affa0b3e'}
2025-05-08 18:39:56,138 - INFO - [SYNTHETIC] CTGAN trained and saved.
2025-05-08 18:39:56,138 - INFO - [SYNTHETIC] Preparing synthesizer: GaussianCopula
2025-05-08 18:39:56,138 - INFO - [SYNTHETIC] Params from config: {}
2025-05-08 18:39:56,138 - INFO -  [SYNTHETIC] No pre-trained synthesizer found
2025-05-08 18:39:56,138 - INFO - [SYNTHETIC] Training new GaussianCopula synthesizer from scratch...
2025-05-08 18:39:56,138 - WARNING - [FutureWarning] The 'SingleTableMetadata' is deprecated. Please use the new 'Metadata' class for synthesizers. (from /mnt/NVMETank/Projects/Students/Dele/A-STUDY-INTO-THE-QUALITY-AND-USABILITY-OF-PRIVACY-FRIENDLY-SYNTHETIC-DATA/.venv/lib/python3.12/site-packages/sdv/single_table/base.py:119)
2025-05-08 18:39:56,141 - INFO - {'EVENT': 'Instance', 'TIMESTAMP': datetime.datetime(2025, 5, 8, 18, 39, 56, 141193), 'SYNTHESIZER CLASS NAME': 'GaussianCopulaSynthesizer', 'SYNTHESIZER ID': 'GaussianCopulaSynthesizer_1.18.0_27466d4012ff4c9382eb46ad1273b68c'}
2025-05-08 18:39:56,141 - INFO - [SYNTHETIC] fitting GaussianCopula 
2025-05-08 18:39:56,141 - INFO - {'EVENT': 'Fit', 'TIMESTAMP': datetime.datetime(2025, 5, 8, 18, 39, 56, 141323), 'SYNTHESIZER CLASS NAME': 'GaussianCopulaSynthesizer', 'SYNTHESIZER ID': 'GaussianCopulaSynthesizer_1.18.0_27466d4012ff4c9382eb46ad1273b68c', 'TOTAL NUMBER OF TABLES': 1, 'TOTAL NUMBER OF ROWS': 336, 'TOTAL NUMBER OF COLUMNS': 19}
2025-05-08 18:39:56,142 - INFO - Fitting table  metadata
2025-05-08 18:39:56,142 - INFO - Fitting formatters for table 
2025-05-08 18:39:56,144 - INFO - Fitting constraints for table 
2025-05-08 18:39:56,144 - INFO - Setting the configuration for the ``HyperTransformer`` for table 
2025-05-08 18:39:56,153 - INFO - Fitting HyperTransformer for table 
2025-05-08 18:39:56,260 - INFO - {'EVENT': 'Fit processed data', 'TIMESTAMP': datetime.datetime(2025, 5, 8, 18, 39, 56, 260196), 'SYNTHESIZER CLASS NAME': 'GaussianCopulaSynthesizer', 'SYNTHESIZER ID': 'GaussianCopulaSynthesizer_1.18.0_27466d4012ff4c9382eb46ad1273b68c', 'TOTAL NUMBER OF TABLES': 1, 'TOTAL NUMBER OF ROWS': 336, 'TOTAL NUMBER OF COLUMNS': 19}
2025-05-08 18:39:56,260 - INFO - Fitting GaussianMultivariate(distribution="{'Gender_0': <class 'copulas.univariate.beta.BetaUnivariate'>, 'Gender_1': <class 'copulas.univariate.beta.BetaUnivariate'>, 'Married_0': <class 'copulas.univariate.beta.BetaUnivariate'>, 'Married_1': <class 'copulas.univariate.beta.BetaUnivariate'>, 'Dependents_0': <class 'copulas.univariate.beta.BetaUnivariate'>, 'Dependents_1': <class 'copulas.univariate.beta.BetaUnivariate'>, 'Dependents_2': <class 'copulas.univariate.beta.BetaUnivariate'>, 'Education_0': <class 'copulas.univariate.beta.BetaUnivariate'>, 'Education_1': <class 'copulas.univariate.beta.BetaUnivariate'>, 'Self_Employed_0': <class 'copulas.univariate.beta.BetaUnivariate'>, 'Self_Employed_1': <class 'copulas.univariate.beta.BetaUnivariate'>, 'ApplicantIncome': <class 'copulas.univariate.beta.BetaUnivariate'>, 'CoapplicantIncome': <class 'copulas.univariate.beta.BetaUnivariate'>, 'LoanAmount': <class 'copulas.univariate.beta.BetaUnivariate'>, 'Loan_Amount_Term': <class 'copulas.univariate.beta.BetaUnivariate'>, 'Credit_History': <class 'copulas.univariate.beta.BetaUnivariate'>, 'Property_Area_0': <class 'copulas.univariate.beta.BetaUnivariate'>, 'Property_Area_1': <class 'copulas.univariate.beta.BetaUnivariate'>, 'Loan_Status': <class 'copulas.univariate.beta.BetaUnivariate'>}")
2025-05-08 18:39:56,806 - INFO - [SYNTHETIC] Fitting complete for GaussianCopula. Duration: 0.67 seconds.
2025-05-08 18:39:56,807 - WARNING - [SYNTHETIC] WARNING Could not determine actual epochs used for GaussianCopula
2025-05-08 18:39:56,807 - INFO - {'EVENT': 'Save', 'TIMESTAMP': datetime.datetime(2025, 5, 8, 18, 39, 56, 807146), 'SYNTHESIZER CLASS NAME': 'GaussianCopulaSynthesizer', 'SYNTHESIZER ID': 'GaussianCopulaSynthesizer_1.18.0_27466d4012ff4c9382eb46ad1273b68c'}
2025-05-08 18:39:56,814 - INFO - [SYNTHETIC] GaussianCopula trained and saved.
2025-05-08 18:39:56,815 - INFO - [SYNTHETIC] Preparing synthesizer: TVAE
2025-05-08 18:39:56,815 - INFO - [SYNTHETIC] Params from config: {'epochs': 300}
2025-05-08 18:39:56,815 - INFO -  [SYNTHETIC] No pre-trained synthesizer found
2025-05-08 18:39:56,815 - INFO - [SYNTHETIC] Training new TVAE synthesizer from scratch...
2025-05-08 18:39:56,815 - WARNING - [FutureWarning] The 'SingleTableMetadata' is deprecated. Please use the new 'Metadata' class for synthesizers. (from /mnt/NVMETank/Projects/Students/Dele/A-STUDY-INTO-THE-QUALITY-AND-USABILITY-OF-PRIVACY-FRIENDLY-SYNTHETIC-DATA/.venv/lib/python3.12/site-packages/sdv/single_table/base.py:119)
2025-05-08 18:39:56,817 - INFO - {'EVENT': 'Instance', 'TIMESTAMP': datetime.datetime(2025, 5, 8, 18, 39, 56, 817385), 'SYNTHESIZER CLASS NAME': 'TVAESynthesizer', 'SYNTHESIZER ID': 'TVAESynthesizer_1.18.0_bf20b652617b48d5925a481a7832ea98'}
2025-05-08 18:39:56,817 - INFO - [SYNTHETIC] TVAE initialized with epochs: 300
2025-05-08 18:39:56,817 - INFO - [SYNTHETIC] Training parameters for TVAE: {}
2025-05-08 18:39:56,817 - INFO - [SYNTHETIC] fitting TVAE 
2025-05-08 18:39:56,817 - INFO - {'EVENT': 'Fit', 'TIMESTAMP': datetime.datetime(2025, 5, 8, 18, 39, 56, 817618), 'SYNTHESIZER CLASS NAME': 'TVAESynthesizer', 'SYNTHESIZER ID': 'TVAESynthesizer_1.18.0_bf20b652617b48d5925a481a7832ea98', 'TOTAL NUMBER OF TABLES': 1, 'TOTAL NUMBER OF ROWS': 336, 'TOTAL NUMBER OF COLUMNS': 19}
2025-05-08 18:39:56,818 - INFO - Fitting table  metadata
2025-05-08 18:39:56,819 - INFO - Fitting formatters for table 
2025-05-08 18:39:56,820 - INFO - Fitting constraints for table 
2025-05-08 18:39:56,820 - INFO - Setting the configuration for the ``HyperTransformer`` for table 
2025-05-08 18:39:56,821 - INFO - Fitting HyperTransformer for table 
2025-05-08 18:39:56,836 - INFO - {'EVENT': 'Fit processed data', 'TIMESTAMP': datetime.datetime(2025, 5, 8, 18, 39, 56, 836627), 'SYNTHESIZER CLASS NAME': 'TVAESynthesizer', 'SYNTHESIZER ID': 'TVAESynthesizer_1.18.0_bf20b652617b48d5925a481a7832ea98', 'TOTAL NUMBER OF TABLES': 1, 'TOTAL NUMBER OF ROWS': 336, 'TOTAL NUMBER OF COLUMNS': 19}
2025-05-08 18:39:56,849 - INFO - Guidance: There are no missing values in column ApplicantIncome. Extra column not created.
2025-05-08 18:39:56,934 - INFO - Guidance: There are no missing values in column CoapplicantIncome. Extra column not created.
2025-05-08 18:39:56,973 - INFO - Guidance: There are no missing values in column LoanAmount. Extra column not created.
2025-05-08 18:39:59,597 - INFO - [SYNTHETIC] Fitting complete for TVAE. Duration: 2.78 seconds.
2025-05-08 18:39:59,597 - INFO - [SYNTHETIC] CONFIRMATION TVAE actually trained with epochs = 300
2025-05-08 18:39:59,597 - INFO - {'EVENT': 'Save', 'TIMESTAMP': datetime.datetime(2025, 5, 8, 18, 39, 59, 597711), 'SYNTHESIZER CLASS NAME': 'TVAESynthesizer', 'SYNTHESIZER ID': 'TVAESynthesizer_1.18.0_bf20b652617b48d5925a481a7832ea98'}
2025-05-08 18:39:59,627 - INFO - [SYNTHETIC] TVAE trained and saved.
2025-05-08 18:39:59,627 - INFO - [SYNTHETIC] Using CTGAN to generate 336 rows...
2025-05-08 18:39:59,690 - INFO - {'EVENT': 'Sample', 'TIMESTAMP': datetime.datetime(2025, 5, 8, 18, 39, 59, 627491), 'SYNTHESIZER CLASS NAME': 'CTGANSynthesizer', 'SYNTHESIZER ID': 'CTGANSynthesizer_1.18.0_e237270de84e453ca20d0545affa0b3e', 'TOTAL NUMBER OF TABLES': 1, 'TOTAL NUMBER OF ROWS': 336, 'TOTAL NUMBER OF COLUMNS': 19}
2025-05-08 18:39:59,691 - INFO - [SYNTHETIC] CTGAN completed: 336 rows generated.
2025-05-08 18:39:59,691 - INFO - [SYNTHETIC] Target class distribution for CTGAN: {'Y': 204, 'N': 132}
2025-05-08 18:39:59,691 - INFO - [SYNTHETIC] Using GaussianCopula to generate 336 rows...
2025-05-08 18:39:59,750 - INFO - {'EVENT': 'Sample', 'TIMESTAMP': datetime.datetime(2025, 5, 8, 18, 39, 59, 691463), 'SYNTHESIZER CLASS NAME': 'GaussianCopulaSynthesizer', 'SYNTHESIZER ID': 'GaussianCopulaSynthesizer_1.18.0_27466d4012ff4c9382eb46ad1273b68c', 'TOTAL NUMBER OF TABLES': 1, 'TOTAL NUMBER OF ROWS': 336, 'TOTAL NUMBER OF COLUMNS': 19}
2025-05-08 18:39:59,751 - INFO - [SYNTHETIC] GaussianCopula completed: 336 rows generated.
2025-05-08 18:39:59,751 - INFO - [SYNTHETIC] Target class distribution for GaussianCopula: {'Y': 226, 'N': 110}
2025-05-08 18:39:59,751 - INFO - [SYNTHETIC] Using TVAE to generate 336 rows...
2025-05-08 18:39:59,793 - INFO - {'EVENT': 'Sample', 'TIMESTAMP': datetime.datetime(2025, 5, 8, 18, 39, 59, 751402), 'SYNTHESIZER CLASS NAME': 'TVAESynthesizer', 'SYNTHESIZER ID': 'TVAESynthesizer_1.18.0_bf20b652617b48d5925a481a7832ea98', 'TOTAL NUMBER OF TABLES': 1, 'TOTAL NUMBER OF ROWS': 336, 'TOTAL NUMBER OF COLUMNS': 19}
2025-05-08 18:39:59,793 - INFO - [SYNTHETIC] TVAE completed: 336 rows generated.
2025-05-08 18:39:59,794 - INFO - [SYNTHETIC] Target class distribution for TVAE: {'Y': 336}
2025-05-08 18:39:59,794 - INFO - [SYNTHETIC PIPELINE] Synthetic Data Generation Completed.
2025-05-08 18:39:59,794 - INFO - [SYNTHETIC PIPELINE] Synthesizers used: ['CTGAN', 'GaussianCopula', 'TVAE']
2025-05-08 18:39:59,794 - INFO - [SYNTHETIC PIPELINE] Evaluating synthetic dataset generated by CTGAN...
2025-05-08 18:39:59,794 - INFO - [SYNTHETIC EVAL] Real data columns     (19): ['Gender_0', 'Gender_1', 'Married_0', 'Married_1', 'Dependents_0', 'Dependents_1', 'Dependents_2', 'Education_0', 'Education_1', 'Self_Employed_0', 'Self_Employed_1', 'ApplicantIncome', 'CoapplicantIncome', 'LoanAmount', 'Loan_Amount_Term', 'Credit_History', 'Property_Area_0', 'Property_Area_1', 'Loan_Status']
2025-05-08 18:39:59,794 - INFO - [SYNTHETIC EVAL] Synthetic data columns (19): ['Gender_0', 'Gender_1', 'Married_0', 'Married_1', 'Dependents_0', 'Dependents_1', 'Dependents_2', 'Education_0', 'Education_1', 'Self_Employed_0', 'Self_Employed_1', 'ApplicantIncome', 'CoapplicantIncome', 'LoanAmount', 'Loan_Amount_Term', 'Credit_History', 'Property_Area_0', 'Property_Area_1', 'Loan_Status']
2025-05-08 18:39:59,794 - INFO - [SYNTHETIC EVAL] Metadata columns      (19): ['Gender_0', 'Gender_1', 'Married_0', 'Married_1', 'Dependents_0', 'Dependents_1', 'Dependents_2', 'Education_0', 'Education_1', 'Self_Employed_0', 'Self_Employed_1', 'ApplicantIncome', 'CoapplicantIncome', 'LoanAmount', 'Loan_Amount_Term', 'Credit_History', 'Property_Area_0', 'Property_Area_1', 'Loan_Status']
2025-05-08 18:39:59,795 - INFO - [SYNTHETIC EVAL] Shape — Real: (336, 19), Synthetic: (336, 19)
2025-05-08 18:39:59,795 - INFO - [SYNTHETIC EVAL] Metadata structure:
{
  "columns": {
    "Gender_0": {
      "sdtype": "categorical"
    },
    "Gender_1": {
      "sdtype": "categorical"
    },
    "Married_0": {
      "sdtype": "categorical"
    },
    "Married_1": {
      "sdtype": "categorical"
    },
    "Dependents_0": {
      "sdtype": "categorical"
    },
    "Dependents_1": {
      "sdtype": "categorical"
    },
    "Dependents_2": {
      "sdtype": "categorical"
    },
    "Education_0": {
      "sdtype": "categorical"
    },
    "Education_1": {
      "sdtype": "categorical"
    },
    "Self_Employed_0": {
      "sdtype": "categorical"
    },
    "Self_Employed_1": {
      "sdtype": "categorical"
    },
    "ApplicantIncome": {
      "sdtype": "numerical"
    },
    "CoapplicantIncome": {
      "sdtype": "numerical"
    },
    "LoanAmount": {
      "sdtype": "numerical"
    },
    "Loan_Amount_Term": {
      "sdtype": "categorical"
    },
    "Credit_History": {
      "sdtype": "categorical"
    },
    "Property_Area_0": {
      "sdtype": "categorical"
    },
    "Property_Area_1": {
      "sdtype": "categorical"
    },
    "Loan_Status": {
      "sdtype": "categorical"
    }
  },
  "METADATA_SPEC_VERSION": "SINGLE_TABLE_V1"
}
2025-05-08 18:40:00,160 - INFO - [SYNTHETIC PIPELINE] Evaluating synthetic dataset generated by GaussianCopula...
2025-05-08 18:40:00,160 - INFO - [SYNTHETIC EVAL] Real data columns     (19): ['Gender_0', 'Gender_1', 'Married_0', 'Married_1', 'Dependents_0', 'Dependents_1', 'Dependents_2', 'Education_0', 'Education_1', 'Self_Employed_0', 'Self_Employed_1', 'ApplicantIncome', 'CoapplicantIncome', 'LoanAmount', 'Loan_Amount_Term', 'Credit_History', 'Property_Area_0', 'Property_Area_1', 'Loan_Status']
2025-05-08 18:40:00,160 - INFO - [SYNTHETIC EVAL] Synthetic data columns (19): ['Gender_0', 'Gender_1', 'Married_0', 'Married_1', 'Dependents_0', 'Dependents_1', 'Dependents_2', 'Education_0', 'Education_1', 'Self_Employed_0', 'Self_Employed_1', 'ApplicantIncome', 'CoapplicantIncome', 'LoanAmount', 'Loan_Amount_Term', 'Credit_History', 'Property_Area_0', 'Property_Area_1', 'Loan_Status']
2025-05-08 18:40:00,161 - INFO - [SYNTHETIC EVAL] Metadata columns      (19): ['Gender_0', 'Gender_1', 'Married_0', 'Married_1', 'Dependents_0', 'Dependents_1', 'Dependents_2', 'Education_0', 'Education_1', 'Self_Employed_0', 'Self_Employed_1', 'ApplicantIncome', 'CoapplicantIncome', 'LoanAmount', 'Loan_Amount_Term', 'Credit_History', 'Property_Area_0', 'Property_Area_1', 'Loan_Status']
2025-05-08 18:40:00,161 - INFO - [SYNTHETIC EVAL] Shape — Real: (336, 19), Synthetic: (336, 19)
2025-05-08 18:40:00,161 - INFO - [SYNTHETIC EVAL] Metadata structure:
{
  "columns": {
    "Gender_0": {
      "sdtype": "categorical"
    },
    "Gender_1": {
      "sdtype": "categorical"
    },
    "Married_0": {
      "sdtype": "categorical"
    },
    "Married_1": {
      "sdtype": "categorical"
    },
    "Dependents_0": {
      "sdtype": "categorical"
    },
    "Dependents_1": {
      "sdtype": "categorical"
    },
    "Dependents_2": {
      "sdtype": "categorical"
    },
    "Education_0": {
      "sdtype": "categorical"
    },
    "Education_1": {
      "sdtype": "categorical"
    },
    "Self_Employed_0": {
      "sdtype": "categorical"
    },
    "Self_Employed_1": {
      "sdtype": "categorical"
    },
    "ApplicantIncome": {
      "sdtype": "numerical"
    },
    "CoapplicantIncome": {
      "sdtype": "numerical"
    },
    "LoanAmount": {
      "sdtype": "numerical"
    },
    "Loan_Amount_Term": {
      "sdtype": "categorical"
    },
    "Credit_History": {
      "sdtype": "categorical"
    },
    "Property_Area_0": {
      "sdtype": "categorical"
    },
    "Property_Area_1": {
      "sdtype": "categorical"
    },
    "Loan_Status": {
      "sdtype": "categorical"
    }
  },
  "METADATA_SPEC_VERSION": "SINGLE_TABLE_V1"
}
2025-05-08 18:40:00,512 - INFO - [SYNTHETIC PIPELINE] Evaluating synthetic dataset generated by TVAE...
2025-05-08 18:40:00,512 - INFO - [SYNTHETIC EVAL] Real data columns     (19): ['Gender_0', 'Gender_1', 'Married_0', 'Married_1', 'Dependents_0', 'Dependents_1', 'Dependents_2', 'Education_0', 'Education_1', 'Self_Employed_0', 'Self_Employed_1', 'ApplicantIncome', 'CoapplicantIncome', 'LoanAmount', 'Loan_Amount_Term', 'Credit_History', 'Property_Area_0', 'Property_Area_1', 'Loan_Status']
2025-05-08 18:40:00,512 - INFO - [SYNTHETIC EVAL] Synthetic data columns (19): ['Gender_0', 'Gender_1', 'Married_0', 'Married_1', 'Dependents_0', 'Dependents_1', 'Dependents_2', 'Education_0', 'Education_1', 'Self_Employed_0', 'Self_Employed_1', 'ApplicantIncome', 'CoapplicantIncome', 'LoanAmount', 'Loan_Amount_Term', 'Credit_History', 'Property_Area_0', 'Property_Area_1', 'Loan_Status']
2025-05-08 18:40:00,512 - INFO - [SYNTHETIC EVAL] Metadata columns      (19): ['Gender_0', 'Gender_1', 'Married_0', 'Married_1', 'Dependents_0', 'Dependents_1', 'Dependents_2', 'Education_0', 'Education_1', 'Self_Employed_0', 'Self_Employed_1', 'ApplicantIncome', 'CoapplicantIncome', 'LoanAmount', 'Loan_Amount_Term', 'Credit_History', 'Property_Area_0', 'Property_Area_1', 'Loan_Status']
2025-05-08 18:40:00,512 - INFO - [SYNTHETIC EVAL] Shape — Real: (336, 19), Synthetic: (336, 19)
2025-05-08 18:40:00,512 - INFO - [SYNTHETIC EVAL] Metadata structure:
{
  "columns": {
    "Gender_0": {
      "sdtype": "categorical"
    },
    "Gender_1": {
      "sdtype": "categorical"
    },
    "Married_0": {
      "sdtype": "categorical"
    },
    "Married_1": {
      "sdtype": "categorical"
    },
    "Dependents_0": {
      "sdtype": "categorical"
    },
    "Dependents_1": {
      "sdtype": "categorical"
    },
    "Dependents_2": {
      "sdtype": "categorical"
    },
    "Education_0": {
      "sdtype": "categorical"
    },
    "Education_1": {
      "sdtype": "categorical"
    },
    "Self_Employed_0": {
      "sdtype": "categorical"
    },
    "Self_Employed_1": {
      "sdtype": "categorical"
    },
    "ApplicantIncome": {
      "sdtype": "numerical"
    },
    "CoapplicantIncome": {
      "sdtype": "numerical"
    },
    "LoanAmount": {
      "sdtype": "numerical"
    },
    "Loan_Amount_Term": {
      "sdtype": "categorical"
    },
    "Credit_History": {
      "sdtype": "categorical"
    },
    "Property_Area_0": {
      "sdtype": "categorical"
    },
    "Property_Area_1": {
      "sdtype": "categorical"
    },
    "Loan_Status": {
      "sdtype": "categorical"
    }
  },
  "METADATA_SPEC_VERSION": "SINGLE_TABLE_V1"
}
2025-05-08 18:40:00,895 - INFO -  [SYNTHETIC PIPELINE]  Synthetic Data Evaluation Completed.
2025-05-08 18:40:00,902 - INFO -  [SYNTHETIC PIPELINE] Synthetic Data Report Generated Successfully.
2025-05-08 18:40:00,999 - INFO - [HYBRID] Generated hybrid dataset shape for CTGAN: (336, 19)
2025-05-08 18:40:01,000 - INFO - [HYBRID] Target distribution for CTGAN: {'Y': 204, 'N': 132}
2025-05-08 18:40:01,001 - INFO -  [HYBRID] Saved hybrid dataset to /mnt/NVMETank/Projects/Students/Dele/A-STUDY-INTO-THE-QUALITY-AND-USABILITY-OF-PRIVACY-FRIENDLY-SYNTHETIC-DATA/datasets/hybrid/loan_k4_l10_sup50_CTGAN_HYBRID.csv
2025-05-08 18:40:01,002 - INFO - [HYBRID] Generated hybrid dataset shape for GaussianCopula: (336, 19)
2025-05-08 18:40:01,002 - INFO - [HYBRID] Target distribution for GaussianCopula: {'Y': 226, 'N': 110}
2025-05-08 18:40:01,003 - INFO -  [HYBRID] Saved hybrid dataset to /mnt/NVMETank/Projects/Students/Dele/A-STUDY-INTO-THE-QUALITY-AND-USABILITY-OF-PRIVACY-FRIENDLY-SYNTHETIC-DATA/datasets/hybrid/loan_k4_l10_sup50_GaussianCopula_HYBRID.csv
2025-05-08 18:40:01,004 - INFO - [HYBRID] Generated hybrid dataset shape for TVAE: (336, 19)
2025-05-08 18:40:01,004 - INFO - [HYBRID] Target distribution for TVAE: {'Y': 336}
2025-05-08 18:40:01,005 - INFO -  [HYBRID] Saved hybrid dataset to /mnt/NVMETank/Projects/Students/Dele/A-STUDY-INTO-THE-QUALITY-AND-USABILITY-OF-PRIVACY-FRIENDLY-SYNTHETIC-DATA/datasets/hybrid/loan_k4_l10_sup50_TVAE_HYBRID.csv
2025-05-08 18:40:01,005 - INFO -  [HYBRID] Hybrid pipeline complete — 3 dataset(s) ready.
2025-05-08 18:40:01,006 - INFO - [HYBRID] Total rows across all hybrid datasets: 1008
2025-05-08 18:40:01,006 - INFO - Hybrid pipeline completed successfully.
2025-05-08 18:40:01,006 - INFO - Hybrid pipeline duration: 28.82 seconds
2025-05-08 18:40:01,006 - INFO - Starting Utility...
2025-05-08 18:40:01,006 - INFO - [UTILITY] Preparing datasets for machine learning...
2025-05-08 18:40:01,006 - INFO - [UTILITY] Original Data - Training Size: 336, Testing Size: 144
2025-05-08 18:40:01,006 - INFO - [UTILITY] Target class distribution (Original): {'Y': 232, 'N': 104}
2025-05-08 18:40:01,007 - INFO - [UTILITY] Processing anonymized dataset...
2025-05-08 18:40:01,007 - INFO - [UTILITY] Anonymized Data - Training Size: 336
2025-05-08 18:40:01,007 - INFO - [UTILITY] Target class distribution (Anonymous): {'Y': 232, 'N': 104}
2025-05-08 18:40:01,007 - INFO - [UTILITY] Processing hybrid dataset generated by CTGAN...
2025-05-08 18:40:01,008 - INFO - [UTILITY] Hybrid Data (CTGAN_HYBRID) - Training Size: 336
2025-05-08 18:40:01,008 - INFO - [UTILITY] Target class distribution (CTGAN_HYBRID): {'Y': 204, 'N': 132}
2025-05-08 18:40:01,008 - INFO - [UTILITY] Processing hybrid dataset generated by GaussianCopula...
2025-05-08 18:40:01,008 - INFO - [UTILITY] Hybrid Data (GaussianCopula_HYBRID) - Training Size: 336
2025-05-08 18:40:01,009 - INFO - [UTILITY] Target class distribution (GaussianCopula_HYBRID): {'Y': 226, 'N': 110}
2025-05-08 18:40:01,009 - WARNING -  Skipping hybrid dataset 'TVAE_HYBRID' - only one class in target.
2025-05-08 18:40:01,009 - INFO - [UTILITY] Training models on all datasets...
2025-05-08 18:40:01,009 - INFO - [UTILITY] Total datasets used for training: 4
2025-05-08 18:40:01,009 - INFO - [TRAINING] Training models from scratch...
2025-05-08 18:40:01,009 - INFO - [TRAINING] Starting training for dataset: Original — Rows: 336, Features: 18
2025-05-08 18:40:01,009 - INFO - [TRAINING] Training DecisionTree on Original...
2025-05-08 18:40:01,011 - INFO - [TRAINING] DecisionTree trained successfully on Original in 0.00 sec
2025-05-08 18:40:01,011 - INFO - [TRAINING] Training KNN on Original...
2025-05-08 18:40:01,012 - INFO - [TRAINING] KNN trained successfully on Original in 0.00 sec
2025-05-08 18:40:01,012 - INFO - [TRAINING] Training LogisticRegression on Original...
2025-05-08 18:40:01,016 - INFO - [TRAINING] LogisticRegression trained successfully on Original in 0.00 sec
2025-05-08 18:40:01,016 - INFO - [TRAINING] Training RandomForest on Original...
2025-05-08 18:40:01,123 - INFO - [TRAINING] RandomForest trained successfully on Original in 0.11 sec
2025-05-08 18:40:01,123 - INFO - [TRAINING] Training SVM on Original...
2025-05-08 18:40:01,127 - INFO - [TRAINING] SVM trained successfully on Original in 0.00 sec
2025-05-08 18:40:01,127 - INFO - [TRAINING] Finished training 5 model(s) for dataset: Original
2025-05-08 18:40:01,127 - INFO - [TRAINING] Starting training for dataset: Anonymous — Rows: 336, Features: 18
2025-05-08 18:40:01,127 - INFO - [TRAINING] Training DecisionTree on Anonymous...
2025-05-08 18:40:01,129 - INFO - [TRAINING] DecisionTree trained successfully on Anonymous in 0.00 sec
2025-05-08 18:40:01,129 - INFO - [TRAINING] Training KNN on Anonymous...
2025-05-08 18:40:01,130 - INFO - [TRAINING] KNN trained successfully on Anonymous in 0.00 sec
2025-05-08 18:40:01,130 - INFO - [TRAINING] Training LogisticRegression on Anonymous...
2025-05-08 18:40:01,134 - INFO - [TRAINING] LogisticRegression trained successfully on Anonymous in 0.00 sec
2025-05-08 18:40:01,134 - INFO - [TRAINING] Training RandomForest on Anonymous...
2025-05-08 18:40:01,251 - INFO - [TRAINING] RandomForest trained successfully on Anonymous in 0.12 sec
2025-05-08 18:40:01,251 - INFO - [TRAINING] Training SVM on Anonymous...
2025-05-08 18:40:01,257 - INFO - [TRAINING] SVM trained successfully on Anonymous in 0.01 sec
2025-05-08 18:40:01,257 - INFO - [TRAINING] Finished training 5 model(s) for dataset: Anonymous
2025-05-08 18:40:01,257 - INFO - [TRAINING] Starting training for dataset: CTGAN_HYBRID — Rows: 336, Features: 18
2025-05-08 18:40:01,257 - INFO - [TRAINING] Training DecisionTree on CTGAN_HYBRID...
2025-05-08 18:40:01,260 - INFO - [TRAINING] DecisionTree trained successfully on CTGAN_HYBRID in 0.00 sec
2025-05-08 18:40:01,260 - INFO - [TRAINING] Training KNN on CTGAN_HYBRID...
2025-05-08 18:40:01,261 - INFO - [TRAINING] KNN trained successfully on CTGAN_HYBRID in 0.00 sec
2025-05-08 18:40:01,262 - INFO - [TRAINING] Training LogisticRegression on CTGAN_HYBRID...
2025-05-08 18:40:01,264 - INFO - [TRAINING] LogisticRegression trained successfully on CTGAN_HYBRID in 0.00 sec
2025-05-08 18:40:01,264 - INFO - [TRAINING] Training RandomForest on CTGAN_HYBRID...
2025-05-08 18:40:01,357 - INFO - [TRAINING] RandomForest trained successfully on CTGAN_HYBRID in 0.09 sec
2025-05-08 18:40:01,357 - INFO - [TRAINING] Training SVM on CTGAN_HYBRID...
2025-05-08 18:40:01,362 - INFO - [TRAINING] SVM trained successfully on CTGAN_HYBRID in 0.00 sec
2025-05-08 18:40:01,362 - INFO - [TRAINING] Finished training 5 model(s) for dataset: CTGAN_HYBRID
2025-05-08 18:40:01,362 - INFO - [TRAINING] Starting training for dataset: GaussianCopula_HYBRID — Rows: 336, Features: 18
2025-05-08 18:40:01,362 - INFO - [TRAINING] Training DecisionTree on GaussianCopula_HYBRID...
2025-05-08 18:40:01,364 - INFO - [TRAINING] DecisionTree trained successfully on GaussianCopula_HYBRID in 0.00 sec
2025-05-08 18:40:01,364 - INFO - [TRAINING] Training KNN on GaussianCopula_HYBRID...
2025-05-08 18:40:01,365 - INFO - [TRAINING] KNN trained successfully on GaussianCopula_HYBRID in 0.00 sec
2025-05-08 18:40:01,365 - INFO - [TRAINING] Training LogisticRegression on GaussianCopula_HYBRID...
2025-05-08 18:40:01,368 - INFO - [TRAINING] LogisticRegression trained successfully on GaussianCopula_HYBRID in 0.00 sec
2025-05-08 18:40:01,368 - INFO - [TRAINING] Training RandomForest on GaussianCopula_HYBRID...
2025-05-08 18:40:01,458 - INFO - [TRAINING] RandomForest trained successfully on GaussianCopula_HYBRID in 0.09 sec
2025-05-08 18:40:01,458 - INFO - [TRAINING] Training SVM on GaussianCopula_HYBRID...
2025-05-08 18:40:01,462 - INFO - [TRAINING] SVM trained successfully on GaussianCopula_HYBRID in 0.00 sec
2025-05-08 18:40:01,462 - INFO - [TRAINING] Finished training 5 model(s) for dataset: GaussianCopula_HYBRID
2025-05-08 18:40:01,462 - INFO - [TRAINING] Total models trained across all datasets: 20
2025-05-08 18:40:01,462 - INFO - [UTILITY] Trained model names: ['Original', 'Anonymous', 'CTGAN_HYBRID', 'GaussianCopula_HYBRID']
2025-05-08 18:40:01,462 - INFO - [UTILITY] Model Training Completed.
2025-05-08 18:40:01,462 - INFO - Starting the Evaluating of models...
2025-05-08 18:40:01,462 - INFO - Preparing evaluation for model 'DecisionTree' across all datasets...
2025-05-08 18:40:01,462 - INFO - Evaluating DecisionTree on Original...
2025-05-08 18:40:01,463 - INFO - Predictions completed for DecisionTree on Original
2025-05-08 18:40:01,463 - INFO - Prediction distribution for DecisionTree on Original: {'Y': 94, 'N': 50}
2025-05-08 18:40:01,472 - INFO - Computed 8 metric(s) for DecisionTree on Original
2025-05-08 18:40:01,472 - INFO - Evaluating DecisionTree on Anonymous...
2025-05-08 18:40:01,473 - INFO - Predictions completed for DecisionTree on Anonymous
2025-05-08 18:40:01,474 - INFO - Prediction distribution for DecisionTree on Anonymous: {'Y': 83, 'N': 61}
2025-05-08 18:40:01,482 - INFO - Computed 8 metric(s) for DecisionTree on Anonymous
2025-05-08 18:40:01,482 - INFO - Evaluating DecisionTree on CTGAN_HYBRID...
2025-05-08 18:40:01,483 - INFO - Predictions completed for DecisionTree on CTGAN_HYBRID
2025-05-08 18:40:01,484 - INFO - Prediction distribution for DecisionTree on CTGAN_HYBRID: {'Y': 86, 'N': 58}
2025-05-08 18:40:01,492 - INFO - Computed 8 metric(s) for DecisionTree on CTGAN_HYBRID
2025-05-08 18:40:01,492 - INFO - Evaluating DecisionTree on GaussianCopula_HYBRID...
2025-05-08 18:40:01,493 - INFO - Predictions completed for DecisionTree on GaussianCopula_HYBRID
2025-05-08 18:40:01,493 - INFO - Prediction distribution for DecisionTree on GaussianCopula_HYBRID: {'Y': 107, 'N': 37}
2025-05-08 18:40:01,501 - INFO - Computed 8 metric(s) for DecisionTree on GaussianCopula_HYBRID
2025-05-08 18:40:01,501 - INFO - Preparing evaluation for model 'KNN' across all datasets...
2025-05-08 18:40:01,501 - INFO - Evaluating KNN on Original...
2025-05-08 18:40:01,508 - INFO - Predictions completed for KNN on Original
2025-05-08 18:40:01,508 - INFO - Prediction distribution for KNN on Original: {'Y': 115, 'N': 29}
2025-05-08 18:40:01,519 - INFO - Computed 8 metric(s) for KNN on Original
2025-05-08 18:40:01,519 - INFO - Evaluating KNN on Anonymous...
2025-05-08 18:40:01,525 - INFO - Predictions completed for KNN on Anonymous
2025-05-08 18:40:01,525 - INFO - Prediction distribution for KNN on Anonymous: {'Y': 114, 'N': 30}
2025-05-08 18:40:01,663 - INFO - Computed 8 metric(s) for KNN on Anonymous
2025-05-08 18:40:01,663 - INFO - Evaluating KNN on CTGAN_HYBRID...
2025-05-08 18:40:01,669 - INFO - Predictions completed for KNN on CTGAN_HYBRID
2025-05-08 18:40:01,669 - INFO - Prediction distribution for KNN on CTGAN_HYBRID: {'Y': 96, 'N': 48}
2025-05-08 18:40:01,680 - INFO - Computed 8 metric(s) for KNN on CTGAN_HYBRID
2025-05-08 18:40:01,680 - INFO - Evaluating KNN on GaussianCopula_HYBRID...
2025-05-08 18:40:01,686 - INFO - Predictions completed for KNN on GaussianCopula_HYBRID
2025-05-08 18:40:01,687 - INFO - Prediction distribution for KNN on GaussianCopula_HYBRID: {'Y': 106, 'N': 38}
2025-05-08 18:40:01,700 - INFO - Computed 8 metric(s) for KNN on GaussianCopula_HYBRID
2025-05-08 18:40:01,700 - INFO - Preparing evaluation for model 'LogisticRegression' across all datasets...
2025-05-08 18:40:01,700 - INFO - Evaluating LogisticRegression on Original...
2025-05-08 18:40:01,701 - INFO - Predictions completed for LogisticRegression on Original
2025-05-08 18:40:01,702 - INFO - Prediction distribution for LogisticRegression on Original: {'Y': 115, 'N': 29}
2025-05-08 18:40:01,716 - INFO - Computed 8 metric(s) for LogisticRegression on Original
2025-05-08 18:40:01,716 - INFO - Evaluating LogisticRegression on Anonymous...
2025-05-08 18:40:01,717 - INFO - Predictions completed for LogisticRegression on Anonymous
2025-05-08 18:40:01,718 - INFO - Prediction distribution for LogisticRegression on Anonymous: {'N': 79, 'Y': 65}
2025-05-08 18:40:01,730 - INFO - Computed 8 metric(s) for LogisticRegression on Anonymous
2025-05-08 18:40:01,730 - INFO - Evaluating LogisticRegression on CTGAN_HYBRID...
2025-05-08 18:40:01,732 - INFO - Predictions completed for LogisticRegression on CTGAN_HYBRID
2025-05-08 18:40:01,732 - INFO - Prediction distribution for LogisticRegression on CTGAN_HYBRID: {'Y': 138, 'N': 6}
2025-05-08 18:40:01,744 - INFO - Computed 8 metric(s) for LogisticRegression on CTGAN_HYBRID
2025-05-08 18:40:01,744 - INFO - Evaluating LogisticRegression on GaussianCopula_HYBRID...
2025-05-08 18:40:01,746 - INFO - Predictions completed for LogisticRegression on GaussianCopula_HYBRID
2025-05-08 18:40:01,746 - INFO - Prediction distribution for LogisticRegression on GaussianCopula_HYBRID: {'Y': 141, 'N': 3}
2025-05-08 18:40:01,757 - INFO - Computed 8 metric(s) for LogisticRegression on GaussianCopula_HYBRID
2025-05-08 18:40:01,757 - INFO - Preparing evaluation for model 'RandomForest' across all datasets...
2025-05-08 18:40:01,757 - INFO - Evaluating RandomForest on Original...
2025-05-08 18:40:01,764 - INFO - Predictions completed for RandomForest on Original
2025-05-08 18:40:01,764 - INFO - Prediction distribution for RandomForest on Original: {'Y': 108, 'N': 36}
2025-05-08 18:40:01,788 - INFO - Computed 8 metric(s) for RandomForest on Original
2025-05-08 18:40:01,788 - INFO - Evaluating RandomForest on Anonymous...
2025-05-08 18:40:01,796 - INFO - Predictions completed for RandomForest on Anonymous
2025-05-08 18:40:01,796 - INFO - Prediction distribution for RandomForest on Anonymous: {'Y': 101, 'N': 43}
2025-05-08 18:40:01,819 - INFO - Computed 8 metric(s) for RandomForest on Anonymous
2025-05-08 18:40:01,819 - INFO - Evaluating RandomForest on CTGAN_HYBRID...
2025-05-08 18:40:01,826 - INFO - Predictions completed for RandomForest on CTGAN_HYBRID
2025-05-08 18:40:01,827 - INFO - Prediction distribution for RandomForest on CTGAN_HYBRID: {'Y': 125, 'N': 19}
2025-05-08 18:40:01,851 - INFO - Computed 8 metric(s) for RandomForest on CTGAN_HYBRID
2025-05-08 18:40:01,851 - INFO - Evaluating RandomForest on GaussianCopula_HYBRID...
2025-05-08 18:40:01,859 - INFO - Predictions completed for RandomForest on GaussianCopula_HYBRID
2025-05-08 18:40:01,859 - INFO - Prediction distribution for RandomForest on GaussianCopula_HYBRID: {'Y': 115, 'N': 29}
2025-05-08 18:40:01,883 - INFO - Computed 8 metric(s) for RandomForest on GaussianCopula_HYBRID
2025-05-08 18:40:01,883 - INFO - Preparing evaluation for model 'SVM' across all datasets...
2025-05-08 18:40:01,883 - INFO - Evaluating SVM on Original...
2025-05-08 18:40:01,885 - INFO - Predictions completed for SVM on Original
2025-05-08 18:40:01,885 - INFO - Prediction distribution for SVM on Original: {'Y': 144}
2025-05-08 18:40:01,886 - WARNING -  [WARNING] :SVM on Original predicted only one class: {'Y'}
2025-05-08 18:40:01,887 - WARNING - [UndefinedMetricWarning] Precision is ill-defined and being set to 0.0 in labels with no predicted samples. Use `zero_division` parameter to control this behavior. (from /mnt/NVMETank/Projects/Students/Dele/A-STUDY-INTO-THE-QUALITY-AND-USABILITY-OF-PRIVACY-FRIENDLY-SYNTHETIC-DATA/.venv/lib/python3.12/site-packages/sklearn/metrics/_classification.py:1565)
2025-05-08 18:40:01,889 - WARNING - [UndefinedMetricWarning] Precision is ill-defined and being set to 0.0 in labels with no predicted samples. Use `zero_division` parameter to control this behavior. (from /mnt/NVMETank/Projects/Students/Dele/A-STUDY-INTO-THE-QUALITY-AND-USABILITY-OF-PRIVACY-FRIENDLY-SYNTHETIC-DATA/.venv/lib/python3.12/site-packages/sklearn/metrics/_classification.py:1565)
2025-05-08 18:40:01,890 - WARNING - [UndefinedMetricWarning] Precision is ill-defined and being set to 0.0 in labels with no predicted samples. Use `zero_division` parameter to control this behavior. (from /mnt/NVMETank/Projects/Students/Dele/A-STUDY-INTO-THE-QUALITY-AND-USABILITY-OF-PRIVACY-FRIENDLY-SYNTHETIC-DATA/.venv/lib/python3.12/site-packages/sklearn/metrics/_classification.py:1565)
2025-05-08 18:40:01,892 - INFO - Computed 8 metric(s) for SVM on Original
2025-05-08 18:40:01,892 - INFO - Evaluating SVM on Anonymous...
2025-05-08 18:40:01,894 - INFO - Predictions completed for SVM on Anonymous
2025-05-08 18:40:01,895 - INFO - Prediction distribution for SVM on Anonymous: {'Y': 144}
2025-05-08 18:40:01,895 - WARNING -  [WARNING] :SVM on Anonymous predicted only one class: {'Y'}
2025-05-08 18:40:01,897 - WARNING - [UndefinedMetricWarning] Precision is ill-defined and being set to 0.0 in labels with no predicted samples. Use `zero_division` parameter to control this behavior. (from /mnt/NVMETank/Projects/Students/Dele/A-STUDY-INTO-THE-QUALITY-AND-USABILITY-OF-PRIVACY-FRIENDLY-SYNTHETIC-DATA/.venv/lib/python3.12/site-packages/sklearn/metrics/_classification.py:1565)
2025-05-08 18:40:01,898 - WARNING - [UndefinedMetricWarning] Precision is ill-defined and being set to 0.0 in labels with no predicted samples. Use `zero_division` parameter to control this behavior. (from /mnt/NVMETank/Projects/Students/Dele/A-STUDY-INTO-THE-QUALITY-AND-USABILITY-OF-PRIVACY-FRIENDLY-SYNTHETIC-DATA/.venv/lib/python3.12/site-packages/sklearn/metrics/_classification.py:1565)
2025-05-08 18:40:01,899 - WARNING - [UndefinedMetricWarning] Precision is ill-defined and being set to 0.0 in labels with no predicted samples. Use `zero_division` parameter to control this behavior. (from /mnt/NVMETank/Projects/Students/Dele/A-STUDY-INTO-THE-QUALITY-AND-USABILITY-OF-PRIVACY-FRIENDLY-SYNTHETIC-DATA/.venv/lib/python3.12/site-packages/sklearn/metrics/_classification.py:1565)
2025-05-08 18:40:01,901 - INFO - Computed 8 metric(s) for SVM on Anonymous
2025-05-08 18:40:01,901 - INFO - Evaluating SVM on CTGAN_HYBRID...
2025-05-08 18:40:01,903 - INFO - Predictions completed for SVM on CTGAN_HYBRID
2025-05-08 18:40:01,904 - INFO - Prediction distribution for SVM on CTGAN_HYBRID: {'Y': 144}
2025-05-08 18:40:01,904 - WARNING -  [WARNING] :SVM on CTGAN_HYBRID predicted only one class: {'Y'}
2025-05-08 18:40:01,905 - WARNING - [UndefinedMetricWarning] Precision is ill-defined and being set to 0.0 in labels with no predicted samples. Use `zero_division` parameter to control this behavior. (from /mnt/NVMETank/Projects/Students/Dele/A-STUDY-INTO-THE-QUALITY-AND-USABILITY-OF-PRIVACY-FRIENDLY-SYNTHETIC-DATA/.venv/lib/python3.12/site-packages/sklearn/metrics/_classification.py:1565)
2025-05-08 18:40:01,906 - WARNING - [UndefinedMetricWarning] Precision is ill-defined and being set to 0.0 in labels with no predicted samples. Use `zero_division` parameter to control this behavior. (from /mnt/NVMETank/Projects/Students/Dele/A-STUDY-INTO-THE-QUALITY-AND-USABILITY-OF-PRIVACY-FRIENDLY-SYNTHETIC-DATA/.venv/lib/python3.12/site-packages/sklearn/metrics/_classification.py:1565)
2025-05-08 18:40:01,908 - WARNING - [UndefinedMetricWarning] Precision is ill-defined and being set to 0.0 in labels with no predicted samples. Use `zero_division` parameter to control this behavior. (from /mnt/NVMETank/Projects/Students/Dele/A-STUDY-INTO-THE-QUALITY-AND-USABILITY-OF-PRIVACY-FRIENDLY-SYNTHETIC-DATA/.venv/lib/python3.12/site-packages/sklearn/metrics/_classification.py:1565)
2025-05-08 18:40:01,909 - INFO - Computed 8 metric(s) for SVM on CTGAN_HYBRID
2025-05-08 18:40:01,909 - INFO - Evaluating SVM on GaussianCopula_HYBRID...
2025-05-08 18:40:01,911 - INFO - Predictions completed for SVM on GaussianCopula_HYBRID
2025-05-08 18:40:01,912 - INFO - Prediction distribution for SVM on GaussianCopula_HYBRID: {'Y': 144}
2025-05-08 18:40:01,912 - WARNING -  [WARNING] :SVM on GaussianCopula_HYBRID predicted only one class: {'Y'}
2025-05-08 18:40:01,913 - WARNING - [UndefinedMetricWarning] Precision is ill-defined and being set to 0.0 in labels with no predicted samples. Use `zero_division` parameter to control this behavior. (from /mnt/NVMETank/Projects/Students/Dele/A-STUDY-INTO-THE-QUALITY-AND-USABILITY-OF-PRIVACY-FRIENDLY-SYNTHETIC-DATA/.venv/lib/python3.12/site-packages/sklearn/metrics/_classification.py:1565)
2025-05-08 18:40:01,915 - WARNING - [UndefinedMetricWarning] Precision is ill-defined and being set to 0.0 in labels with no predicted samples. Use `zero_division` parameter to control this behavior. (from /mnt/NVMETank/Projects/Students/Dele/A-STUDY-INTO-THE-QUALITY-AND-USABILITY-OF-PRIVACY-FRIENDLY-SYNTHETIC-DATA/.venv/lib/python3.12/site-packages/sklearn/metrics/_classification.py:1565)
2025-05-08 18:40:01,916 - WARNING - [UndefinedMetricWarning] Precision is ill-defined and being set to 0.0 in labels with no predicted samples. Use `zero_division` parameter to control this behavior. (from /mnt/NVMETank/Projects/Students/Dele/A-STUDY-INTO-THE-QUALITY-AND-USABILITY-OF-PRIVACY-FRIENDLY-SYNTHETIC-DATA/.venv/lib/python3.12/site-packages/sklearn/metrics/_classification.py:1565)
2025-05-08 18:40:01,918 - INFO - Computed 8 metric(s) for SVM on GaussianCopula_HYBRID
2025-05-08 18:40:01,921 - INFO - Evaluation completed for all models.
2025-05-08 18:40:01,921 - INFO - Model evaluation completed in 0.46 seconds.
2025-05-08 18:40:01,923 - INFO - Evaluated models: ['DecisionTree', 'KNN', 'LogisticRegression', 'RandomForest', 'SVM']
2025-05-08 18:40:01,923 - INFO - Model Training and Evaluation completed.
2025-05-08 18:40:02,482 - INFO -  Visualizations saved.
2025-05-08 18:40:02,482 - INFO -  Benchmarking Completed. Results saved in output folder.
