2025-04-23 01:12:00,469 - INFO - Loaded config file: configs/generated_configs/loan/loan_synth_ep80_rows3x.yaml
2025-04-23 01:12:00,469 - INFO -  Benchmarking started for dataset: loan
2025-04-23 01:12:00,469 - INFO - Using dataset path: /mnt/NVMETank/Projects/Students/Dele/A-STUDY-INTO-THE-QUALITY-AND-USABILITY-OF-PRIVACY-FRIENDLY-SYNTHETIC-DATA/datasets/original/loan.csv
2025-04-23 01:12:00,469 - INFO - Target column: Loan_Status, separator: ','
2025-04-23 01:12:00,469 - INFO - Configuration loaded: enable_anonymization = False, enable_synthesis = True, enable_hybrid = False, enable_utility = True, delete_after_evaluation = True
2025-04-23 01:12:00,469 - INFO - Running preprocessing...
2025-04-23 01:12:00,473 - INFO -  [PREPROCESSING] Preprocessed files found. Skipping preprocessing.
2025-04-23 01:12:00,482 - INFO - Preprocessing completed. Rows before: 614, after: 336
2025-04-23 01:12:00,482 - INFO - Preprocessed data saved to: outputs/batch/loan_batch_2025-04-23_01-09-27/loan_synth_ep80_rows3x/preprocessing_report.txt
2025-04-23 01:12:00,482 - INFO - enable_anonymization = False
2025-04-23 01:12:00,483 - INFO - Anonymization Skipped (Disabled in Configuration).
2025-04-23 01:12:00,483 - INFO - enable_synthetic_generation = True
2025-04-23 01:12:00,483 - INFO - Starting standard Synthetic Data Generation pipeline...
2025-04-23 01:12:00,483 - INFO - Executing run_synthetic.....
2025-04-23 01:12:00,483 - INFO - [SYNTHETIC PIPELINE] executing run_synthetic for loan...
2025-04-23 01:12:00,483 - INFO - [SYNTHETIC] Processing dataset: loan
2025-04-23 01:12:00,483 - INFO - [SYNTHETIC] Original dataset size: 336 rows
2025-04-23 01:12:00,497 - INFO - Detected metadata:
2025-04-23 01:12:00,497 - INFO - {
    "METADATA_SPEC_VERSION": "SINGLE_TABLE_V1",
    "columns": {
        "Loan_ID_0": {
            "sdtype": "categorical"
        },
        "Loan_ID_1": {
            "sdtype": "categorical"
        },
        "Loan_ID_2": {
            "sdtype": "categorical"
        },
        "Loan_ID_3": {
            "sdtype": "categorical"
        },
        "Loan_ID_4": {
            "sdtype": "categorical"
        },
        "Loan_ID_5": {
            "sdtype": "categorical"
        },
        "Loan_ID_6": {
            "sdtype": "categorical"
        },
        "Loan_ID_7": {
            "sdtype": "categorical"
        },
        "Loan_ID_8": {
            "sdtype": "categorical"
        },
        "Gender_0": {
            "sdtype": "categorical"
        },
        "Gender_1": {
            "sdtype": "categorical"
        },
        "Married_0": {
            "sdtype": "categorical"
        },
        "Married_1": {
            "sdtype": "categorical"
        },
        "Dependents_0": {
            "sdtype": "categorical"
        },
        "Dependents_1": {
            "sdtype": "categorical"
        },
        "Dependents_2": {
            "sdtype": "categorical"
        },
        "Education_0": {
            "sdtype": "categorical"
        },
        "Education_1": {
            "sdtype": "categorical"
        },
        "Self_Employed_0": {
            "sdtype": "categorical"
        },
        "Self_Employed_1": {
            "sdtype": "categorical"
        },
        "ApplicantIncome": {
            "sdtype": "numerical"
        },
        "CoapplicantIncome": {
            "sdtype": "numerical"
        },
        "LoanAmount": {
            "sdtype": "numerical"
        },
        "Loan_Amount_Term": {
            "sdtype": "categorical"
        },
        "Credit_History": {
            "sdtype": "categorical"
        },
        "Property_Area_0": {
            "sdtype": "categorical"
        },
        "Property_Area_1": {
            "sdtype": "categorical"
        },
        "Loan_Status": {
            "sdtype": "categorical"
        }
    }
}
2025-04-23 01:12:00,498 - INFO - [SYNTHETIC] Preparing synthesizer: CTGAN
2025-04-23 01:12:00,498 - INFO - [SYNTHETIC] Params from config: {'epochs': 80}
2025-04-23 01:12:00,498 - INFO - [SYNTHETIC] Found existing CTGAN synthesizer: /mnt/NVMETank/Projects/Students/Dele/A-STUDY-INTO-THE-QUALITY-AND-USABILITY-OF-PRIVACY-FRIENDLY-SYNTHETIC-DATA/artifacts/synthesizers/loan_CTGAN_epochs80_synthesizer.pkl
2025-04-23 01:12:00,776 - INFO - {'EVENT': 'Load', 'TIMESTAMP': datetime.datetime(2025, 4, 23, 1, 12, 0, 776147), 'SYNTHESIZER CLASS NAME': 'CTGANSynthesizer', 'SYNTHESIZER ID': 'CTGANSynthesizer_1.18.0_1d4985f3155b4c14b259f3e7260891bc'}
2025-04-23 01:12:00,776 - INFO - [SYNTHETIC] Preparing synthesizer: TVAE
2025-04-23 01:12:00,776 - INFO - [SYNTHETIC] Params from config: {'epochs': 80}
2025-04-23 01:12:00,776 - INFO - [SYNTHETIC] Found existing TVAE synthesizer: /mnt/NVMETank/Projects/Students/Dele/A-STUDY-INTO-THE-QUALITY-AND-USABILITY-OF-PRIVACY-FRIENDLY-SYNTHETIC-DATA/artifacts/synthesizers/loan_TVAE_epochs80_synthesizer.pkl
2025-04-23 01:12:00,813 - INFO - {'EVENT': 'Load', 'TIMESTAMP': datetime.datetime(2025, 4, 23, 1, 12, 0, 813607), 'SYNTHESIZER CLASS NAME': 'TVAESynthesizer', 'SYNTHESIZER ID': 'TVAESynthesizer_1.18.0_a698d0872a4c44e89b59f0b622b054b1'}
2025-04-23 01:12:00,813 - INFO - [SYNTHETIC] Using CTGAN to generate 1008 rows...
2025-04-23 01:12:01,209 - INFO - {'EVENT': 'Sample', 'TIMESTAMP': datetime.datetime(2025, 4, 23, 1, 12, 0, 813832), 'SYNTHESIZER CLASS NAME': 'CTGANSynthesizer', 'SYNTHESIZER ID': 'CTGANSynthesizer_1.18.0_1d4985f3155b4c14b259f3e7260891bc', 'TOTAL NUMBER OF TABLES': 1, 'TOTAL NUMBER OF ROWS': 1008, 'TOTAL NUMBER OF COLUMNS': 28}
2025-04-23 01:12:01,209 - INFO - [SYNTHETIC] CTGAN completed: 1008 rows generated.
2025-04-23 01:12:01,210 - INFO - [SYNTHETIC] Target class distribution for CTGAN: {'Y': 730, 'N': 278}
2025-04-23 01:12:01,210 - INFO - [SYNTHETIC] Using TVAE to generate 1008 rows...
2025-04-23 01:12:01,271 - INFO - {'EVENT': 'Sample', 'TIMESTAMP': datetime.datetime(2025, 4, 23, 1, 12, 1, 210202), 'SYNTHESIZER CLASS NAME': 'TVAESynthesizer', 'SYNTHESIZER ID': 'TVAESynthesizer_1.18.0_a698d0872a4c44e89b59f0b622b054b1', 'TOTAL NUMBER OF TABLES': 1, 'TOTAL NUMBER OF ROWS': 1008, 'TOTAL NUMBER OF COLUMNS': 28}
2025-04-23 01:12:01,271 - INFO - [SYNTHETIC] TVAE completed: 1008 rows generated.
2025-04-23 01:12:01,271 - INFO - [SYNTHETIC] Target class distribution for TVAE: {'Y': 1008}
2025-04-23 01:12:01,272 - INFO - [SYNTHETIC PIPELINE] Synthetic Data Generation Completed.
2025-04-23 01:12:01,272 - INFO - [SYNTHETIC PIPELINE] Synthesizers used: ['CTGAN', 'TVAE']
2025-04-23 01:12:01,272 - INFO - [SYNTHETIC PIPELINE] Evaluating synthetic dataset generated by CTGAN...
2025-04-23 01:12:01,272 - INFO - [SYNTHETIC EVAL] Real data columns     (28): ['Loan_ID_0', 'Loan_ID_1', 'Loan_ID_2', 'Loan_ID_3', 'Loan_ID_4', 'Loan_ID_5', 'Loan_ID_6', 'Loan_ID_7', 'Loan_ID_8', 'Gender_0', 'Gender_1', 'Married_0', 'Married_1', 'Dependents_0', 'Dependents_1', 'Dependents_2', 'Education_0', 'Education_1', 'Self_Employed_0', 'Self_Employed_1', 'ApplicantIncome', 'CoapplicantIncome', 'LoanAmount', 'Loan_Amount_Term', 'Credit_History', 'Property_Area_0', 'Property_Area_1', 'Loan_Status']
2025-04-23 01:12:01,272 - INFO - [SYNTHETIC EVAL] Synthetic data columns (28): ['Loan_ID_0', 'Loan_ID_1', 'Loan_ID_2', 'Loan_ID_3', 'Loan_ID_4', 'Loan_ID_5', 'Loan_ID_6', 'Loan_ID_7', 'Loan_ID_8', 'Gender_0', 'Gender_1', 'Married_0', 'Married_1', 'Dependents_0', 'Dependents_1', 'Dependents_2', 'Education_0', 'Education_1', 'Self_Employed_0', 'Self_Employed_1', 'ApplicantIncome', 'CoapplicantIncome', 'LoanAmount', 'Loan_Amount_Term', 'Credit_History', 'Property_Area_0', 'Property_Area_1', 'Loan_Status']
2025-04-23 01:12:01,272 - INFO - [SYNTHETIC EVAL] Metadata columns      (28): ['Loan_ID_0', 'Loan_ID_1', 'Loan_ID_2', 'Loan_ID_3', 'Loan_ID_4', 'Loan_ID_5', 'Loan_ID_6', 'Loan_ID_7', 'Loan_ID_8', 'Gender_0', 'Gender_1', 'Married_0', 'Married_1', 'Dependents_0', 'Dependents_1', 'Dependents_2', 'Education_0', 'Education_1', 'Self_Employed_0', 'Self_Employed_1', 'ApplicantIncome', 'CoapplicantIncome', 'LoanAmount', 'Loan_Amount_Term', 'Credit_History', 'Property_Area_0', 'Property_Area_1', 'Loan_Status']
2025-04-23 01:12:01,272 - INFO - [SYNTHETIC EVAL] Shape — Real: (336, 28), Synthetic: (1008, 28)
2025-04-23 01:12:01,272 - INFO - [SYNTHETIC EVAL] Metadata structure:
{
  "METADATA_SPEC_VERSION": "SINGLE_TABLE_V1",
  "columns": {
    "Loan_ID_0": {
      "sdtype": "categorical"
    },
    "Loan_ID_1": {
      "sdtype": "categorical"
    },
    "Loan_ID_2": {
      "sdtype": "categorical"
    },
    "Loan_ID_3": {
      "sdtype": "categorical"
    },
    "Loan_ID_4": {
      "sdtype": "categorical"
    },
    "Loan_ID_5": {
      "sdtype": "categorical"
    },
    "Loan_ID_6": {
      "sdtype": "categorical"
    },
    "Loan_ID_7": {
      "sdtype": "categorical"
    },
    "Loan_ID_8": {
      "sdtype": "categorical"
    },
    "Gender_0": {
      "sdtype": "categorical"
    },
    "Gender_1": {
      "sdtype": "categorical"
    },
    "Married_0": {
      "sdtype": "categorical"
    },
    "Married_1": {
      "sdtype": "categorical"
    },
    "Dependents_0": {
      "sdtype": "categorical"
    },
    "Dependents_1": {
      "sdtype": "categorical"
    },
    "Dependents_2": {
      "sdtype": "categorical"
    },
    "Education_0": {
      "sdtype": "categorical"
    },
    "Education_1": {
      "sdtype": "categorical"
    },
    "Self_Employed_0": {
      "sdtype": "categorical"
    },
    "Self_Employed_1": {
      "sdtype": "categorical"
    },
    "ApplicantIncome": {
      "sdtype": "numerical"
    },
    "CoapplicantIncome": {
      "sdtype": "numerical"
    },
    "LoanAmount": {
      "sdtype": "numerical"
    },
    "Loan_Amount_Term": {
      "sdtype": "categorical"
    },
    "Credit_History": {
      "sdtype": "categorical"
    },
    "Property_Area_0": {
      "sdtype": "categorical"
    },
    "Property_Area_1": {
      "sdtype": "categorical"
    },
    "Loan_Status": {
      "sdtype": "categorical"
    }
  }
}
2025-04-23 01:12:02,026 - INFO - [SYNTHETIC PIPELINE] Evaluating synthetic dataset generated by TVAE...
2025-04-23 01:12:02,026 - INFO - [SYNTHETIC EVAL] Real data columns     (28): ['Loan_ID_0', 'Loan_ID_1', 'Loan_ID_2', 'Loan_ID_3', 'Loan_ID_4', 'Loan_ID_5', 'Loan_ID_6', 'Loan_ID_7', 'Loan_ID_8', 'Gender_0', 'Gender_1', 'Married_0', 'Married_1', 'Dependents_0', 'Dependents_1', 'Dependents_2', 'Education_0', 'Education_1', 'Self_Employed_0', 'Self_Employed_1', 'ApplicantIncome', 'CoapplicantIncome', 'LoanAmount', 'Loan_Amount_Term', 'Credit_History', 'Property_Area_0', 'Property_Area_1', 'Loan_Status']
2025-04-23 01:12:02,026 - INFO - [SYNTHETIC EVAL] Synthetic data columns (28): ['Loan_ID_0', 'Loan_ID_1', 'Loan_ID_2', 'Loan_ID_3', 'Loan_ID_4', 'Loan_ID_5', 'Loan_ID_6', 'Loan_ID_7', 'Loan_ID_8', 'Gender_0', 'Gender_1', 'Married_0', 'Married_1', 'Dependents_0', 'Dependents_1', 'Dependents_2', 'Education_0', 'Education_1', 'Self_Employed_0', 'Self_Employed_1', 'ApplicantIncome', 'CoapplicantIncome', 'LoanAmount', 'Loan_Amount_Term', 'Credit_History', 'Property_Area_0', 'Property_Area_1', 'Loan_Status']
2025-04-23 01:12:02,026 - INFO - [SYNTHETIC EVAL] Metadata columns      (28): ['Loan_ID_0', 'Loan_ID_1', 'Loan_ID_2', 'Loan_ID_3', 'Loan_ID_4', 'Loan_ID_5', 'Loan_ID_6', 'Loan_ID_7', 'Loan_ID_8', 'Gender_0', 'Gender_1', 'Married_0', 'Married_1', 'Dependents_0', 'Dependents_1', 'Dependents_2', 'Education_0', 'Education_1', 'Self_Employed_0', 'Self_Employed_1', 'ApplicantIncome', 'CoapplicantIncome', 'LoanAmount', 'Loan_Amount_Term', 'Credit_History', 'Property_Area_0', 'Property_Area_1', 'Loan_Status']
2025-04-23 01:12:02,026 - INFO - [SYNTHETIC EVAL] Shape — Real: (336, 28), Synthetic: (1008, 28)
2025-04-23 01:12:02,026 - INFO - [SYNTHETIC EVAL] Metadata structure:
{
  "METADATA_SPEC_VERSION": "SINGLE_TABLE_V1",
  "columns": {
    "Loan_ID_0": {
      "sdtype": "categorical"
    },
    "Loan_ID_1": {
      "sdtype": "categorical"
    },
    "Loan_ID_2": {
      "sdtype": "categorical"
    },
    "Loan_ID_3": {
      "sdtype": "categorical"
    },
    "Loan_ID_4": {
      "sdtype": "categorical"
    },
    "Loan_ID_5": {
      "sdtype": "categorical"
    },
    "Loan_ID_6": {
      "sdtype": "categorical"
    },
    "Loan_ID_7": {
      "sdtype": "categorical"
    },
    "Loan_ID_8": {
      "sdtype": "categorical"
    },
    "Gender_0": {
      "sdtype": "categorical"
    },
    "Gender_1": {
      "sdtype": "categorical"
    },
    "Married_0": {
      "sdtype": "categorical"
    },
    "Married_1": {
      "sdtype": "categorical"
    },
    "Dependents_0": {
      "sdtype": "categorical"
    },
    "Dependents_1": {
      "sdtype": "categorical"
    },
    "Dependents_2": {
      "sdtype": "categorical"
    },
    "Education_0": {
      "sdtype": "categorical"
    },
    "Education_1": {
      "sdtype": "categorical"
    },
    "Self_Employed_0": {
      "sdtype": "categorical"
    },
    "Self_Employed_1": {
      "sdtype": "categorical"
    },
    "ApplicantIncome": {
      "sdtype": "numerical"
    },
    "CoapplicantIncome": {
      "sdtype": "numerical"
    },
    "LoanAmount": {
      "sdtype": "numerical"
    },
    "Loan_Amount_Term": {
      "sdtype": "categorical"
    },
    "Credit_History": {
      "sdtype": "categorical"
    },
    "Property_Area_0": {
      "sdtype": "categorical"
    },
    "Property_Area_1": {
      "sdtype": "categorical"
    },
    "Loan_Status": {
      "sdtype": "categorical"
    }
  }
}
2025-04-23 01:12:02,877 - INFO -  [SYNTHETIC PIPELINE]  Synthetic Data Evaluation Completed.
2025-04-23 01:12:02,886 - INFO -  [SYNTHETIC PIPELINE] Synthetic Data Report Generated Successfully.
2025-04-23 01:12:03,002 - INFO - Synthetic data generated with 2 synthesizer(s).
2025-04-23 01:12:03,002 - INFO - Hybrid Pipeline skipped (disabled in configuration).
2025-04-23 01:12:03,002 - INFO - Starting Utility...
2025-04-23 01:12:03,002 - INFO - [UTILITY] Preparing datasets for machine learning...
2025-04-23 01:12:03,003 - INFO - [UTILITY] Original Data - Training Size: 336, Testing Size: 144
2025-04-23 01:12:03,003 - INFO - [UTILITY] Target class distribution (Original): {'Y': 232, 'N': 104}
2025-04-23 01:12:03,003 - INFO - [UTILITY] Processing synthetic dataset generated by CTGAN...
2025-04-23 01:12:03,003 - INFO - [UTILITY] Synthetic Data (CTGAN) - Training Size: 1008
2025-04-23 01:12:03,004 - INFO - [UTILITY] Target class distribution (CTGAN): {'Y': 730, 'N': 278}
2025-04-23 01:12:03,004 - WARNING -  Skipping synthetic dataset 'TVAE' - only one class in target.
2025-04-23 01:12:03,004 - INFO - [UTILITY] Training models on all datasets...
2025-04-23 01:12:03,004 - INFO - [UTILITY] Total datasets used for training: 2
2025-04-23 01:12:03,004 - INFO - [TRAINING] Training models from scratch...
2025-04-23 01:12:03,004 - INFO - [TRAINING] Starting training for dataset: Original — Rows: 336, Features: 27
2025-04-23 01:12:03,004 - INFO - [TRAINING] Training DecisionTree on Original...
2025-04-23 01:12:03,006 - INFO - [TRAINING] DecisionTree trained successfully on Original in 0.00 sec
2025-04-23 01:12:03,006 - INFO - [TRAINING] Training KNN on Original...
2025-04-23 01:12:03,007 - INFO - [TRAINING] KNN trained successfully on Original in 0.00 sec
2025-04-23 01:12:03,008 - INFO - [TRAINING] Training LogisticRegression on Original...
2025-04-23 01:12:03,011 - INFO - [TRAINING] LogisticRegression trained successfully on Original in 0.00 sec
2025-04-23 01:12:03,011 - INFO - [TRAINING] Training RandomForest on Original...
2025-04-23 01:12:03,097 - INFO - [TRAINING] RandomForest trained successfully on Original in 0.09 sec
2025-04-23 01:12:03,097 - INFO - [TRAINING] Training SVM on Original...
2025-04-23 01:12:03,101 - INFO - [TRAINING] SVM trained successfully on Original in 0.00 sec
2025-04-23 01:12:03,101 - INFO - [TRAINING] Finished training 5 model(s) for dataset: Original
2025-04-23 01:12:03,101 - INFO - [TRAINING] Starting training for dataset: CTGAN — Rows: 1008, Features: 27
2025-04-23 01:12:03,101 - INFO - [TRAINING] Training DecisionTree on CTGAN...
2025-04-23 01:12:03,106 - INFO - [TRAINING] DecisionTree trained successfully on CTGAN in 0.01 sec
2025-04-23 01:12:03,106 - INFO - [TRAINING] Training KNN on CTGAN...
2025-04-23 01:12:03,108 - INFO - [TRAINING] KNN trained successfully on CTGAN in 0.00 sec
2025-04-23 01:12:03,108 - INFO - [TRAINING] Training LogisticRegression on CTGAN...
2025-04-23 01:12:03,111 - INFO - [TRAINING] LogisticRegression trained successfully on CTGAN in 0.00 sec
2025-04-23 01:12:03,111 - INFO - [TRAINING] Training RandomForest on CTGAN...
2025-04-23 01:12:03,268 - INFO - [TRAINING] RandomForest trained successfully on CTGAN in 0.16 sec
2025-04-23 01:12:03,268 - INFO - [TRAINING] Training SVM on CTGAN...
2025-04-23 01:12:03,294 - INFO - [TRAINING] SVM trained successfully on CTGAN in 0.03 sec
2025-04-23 01:12:03,295 - INFO - [TRAINING] Finished training 5 model(s) for dataset: CTGAN
2025-04-23 01:12:03,295 - INFO - [TRAINING] Total models trained across all datasets: 10
2025-04-23 01:12:03,295 - INFO - [UTILITY] Trained model names: ['Original', 'CTGAN']
2025-04-23 01:12:03,295 - INFO - [UTILITY] Model Training Completed.
2025-04-23 01:12:03,295 - INFO - Starting the Evaluating of models...
2025-04-23 01:12:03,295 - INFO - Preparing evaluation for model 'DecisionTree' across all datasets...
2025-04-23 01:12:03,295 - INFO - Evaluating DecisionTree on Original...
2025-04-23 01:12:03,296 - INFO - Predictions completed for DecisionTree on Original
2025-04-23 01:12:03,296 - INFO - Prediction distribution for DecisionTree on Original: {'Y': 99, 'N': 45}
2025-04-23 01:12:03,305 - INFO - Computed 8 metric(s) for DecisionTree on Original
2025-04-23 01:12:03,305 - INFO - Evaluating DecisionTree on CTGAN...
2025-04-23 01:12:03,306 - INFO - Predictions completed for DecisionTree on CTGAN
2025-04-23 01:12:03,306 - INFO - Prediction distribution for DecisionTree on CTGAN: {'Y': 114, 'N': 30}
2025-04-23 01:12:03,315 - INFO - Computed 8 metric(s) for DecisionTree on CTGAN
2025-04-23 01:12:03,315 - INFO - Preparing evaluation for model 'KNN' across all datasets...
2025-04-23 01:12:03,315 - INFO - Evaluating KNN on Original...
2025-04-23 01:12:03,346 - INFO - Predictions completed for KNN on Original
2025-04-23 01:12:03,346 - INFO - Prediction distribution for KNN on Original: {'Y': 115, 'N': 29}
2025-04-23 01:12:03,357 - INFO - Computed 8 metric(s) for KNN on Original
2025-04-23 01:12:03,358 - INFO - Evaluating KNN on CTGAN...
2025-04-23 01:12:03,363 - INFO - Predictions completed for KNN on CTGAN
2025-04-23 01:12:03,364 - INFO - Prediction distribution for KNN on CTGAN: {'Y': 132, 'N': 12}
2025-04-23 01:12:03,456 - INFO - Computed 8 metric(s) for KNN on CTGAN
2025-04-23 01:12:03,456 - INFO - Preparing evaluation for model 'LogisticRegression' across all datasets...
2025-04-23 01:12:03,456 - INFO - Evaluating LogisticRegression on Original...
2025-04-23 01:12:03,457 - INFO - Predictions completed for LogisticRegression on Original
2025-04-23 01:12:03,458 - INFO - Prediction distribution for LogisticRegression on Original: {'Y': 118, 'N': 26}
2025-04-23 01:12:03,466 - INFO - Computed 8 metric(s) for LogisticRegression on Original
2025-04-23 01:12:03,466 - INFO - Evaluating LogisticRegression on CTGAN...
2025-04-23 01:12:03,467 - INFO - Predictions completed for LogisticRegression on CTGAN
2025-04-23 01:12:03,468 - INFO - Prediction distribution for LogisticRegression on CTGAN: {'Y': 144}
2025-04-23 01:12:03,468 - WARNING -  [WARNING] :LogisticRegression on CTGAN predicted only one class: {'Y'}
2025-04-23 01:12:03,469 - WARNING - [UndefinedMetricWarning] Precision is ill-defined and being set to 0.0 in labels with no predicted samples. Use `zero_division` parameter to control this behavior. (from /mnt/NVMETank/Projects/Students/Dele/A-STUDY-INTO-THE-QUALITY-AND-USABILITY-OF-PRIVACY-FRIENDLY-SYNTHETIC-DATA/.venv/lib/python3.12/site-packages/sklearn/metrics/_classification.py:1565)
2025-04-23 01:12:03,470 - WARNING - [UndefinedMetricWarning] Precision is ill-defined and being set to 0.0 in labels with no predicted samples. Use `zero_division` parameter to control this behavior. (from /mnt/NVMETank/Projects/Students/Dele/A-STUDY-INTO-THE-QUALITY-AND-USABILITY-OF-PRIVACY-FRIENDLY-SYNTHETIC-DATA/.venv/lib/python3.12/site-packages/sklearn/metrics/_classification.py:1565)
2025-04-23 01:12:03,472 - WARNING - [UndefinedMetricWarning] Precision is ill-defined and being set to 0.0 in labels with no predicted samples. Use `zero_division` parameter to control this behavior. (from /mnt/NVMETank/Projects/Students/Dele/A-STUDY-INTO-THE-QUALITY-AND-USABILITY-OF-PRIVACY-FRIENDLY-SYNTHETIC-DATA/.venv/lib/python3.12/site-packages/sklearn/metrics/_classification.py:1565)
2025-04-23 01:12:03,476 - INFO - Computed 8 metric(s) for LogisticRegression on CTGAN
2025-04-23 01:12:03,476 - INFO - Preparing evaluation for model 'RandomForest' across all datasets...
2025-04-23 01:12:03,476 - INFO - Evaluating RandomForest on Original...
2025-04-23 01:12:03,482 - INFO - Predictions completed for RandomForest on Original
2025-04-23 01:12:03,482 - INFO - Prediction distribution for RandomForest on Original: {'Y': 116, 'N': 28}
2025-04-23 01:12:03,499 - INFO - Computed 8 metric(s) for RandomForest on Original
2025-04-23 01:12:03,499 - INFO - Evaluating RandomForest on CTGAN...
2025-04-23 01:12:03,504 - INFO - Predictions completed for RandomForest on CTGAN
2025-04-23 01:12:03,505 - INFO - Prediction distribution for RandomForest on CTGAN: {'Y': 142, 'N': 2}
2025-04-23 01:12:03,522 - INFO - Computed 8 metric(s) for RandomForest on CTGAN
2025-04-23 01:12:03,522 - INFO - Preparing evaluation for model 'SVM' across all datasets...
2025-04-23 01:12:03,522 - INFO - Evaluating SVM on Original...
2025-04-23 01:12:03,524 - INFO - Predictions completed for SVM on Original
2025-04-23 01:12:03,524 - INFO - Prediction distribution for SVM on Original: {'Y': 144}
2025-04-23 01:12:03,525 - WARNING -  [WARNING] :SVM on Original predicted only one class: {'Y'}
2025-04-23 01:12:03,526 - WARNING - [UndefinedMetricWarning] Precision is ill-defined and being set to 0.0 in labels with no predicted samples. Use `zero_division` parameter to control this behavior. (from /mnt/NVMETank/Projects/Students/Dele/A-STUDY-INTO-THE-QUALITY-AND-USABILITY-OF-PRIVACY-FRIENDLY-SYNTHETIC-DATA/.venv/lib/python3.12/site-packages/sklearn/metrics/_classification.py:1565)
2025-04-23 01:12:03,527 - WARNING - [UndefinedMetricWarning] Precision is ill-defined and being set to 0.0 in labels with no predicted samples. Use `zero_division` parameter to control this behavior. (from /mnt/NVMETank/Projects/Students/Dele/A-STUDY-INTO-THE-QUALITY-AND-USABILITY-OF-PRIVACY-FRIENDLY-SYNTHETIC-DATA/.venv/lib/python3.12/site-packages/sklearn/metrics/_classification.py:1565)
2025-04-23 01:12:03,529 - WARNING - [UndefinedMetricWarning] Precision is ill-defined and being set to 0.0 in labels with no predicted samples. Use `zero_division` parameter to control this behavior. (from /mnt/NVMETank/Projects/Students/Dele/A-STUDY-INTO-THE-QUALITY-AND-USABILITY-OF-PRIVACY-FRIENDLY-SYNTHETIC-DATA/.venv/lib/python3.12/site-packages/sklearn/metrics/_classification.py:1565)
2025-04-23 01:12:03,530 - INFO - Computed 8 metric(s) for SVM on Original
2025-04-23 01:12:03,530 - INFO - Evaluating SVM on CTGAN...
2025-04-23 01:12:03,535 - INFO - Predictions completed for SVM on CTGAN
2025-04-23 01:12:03,535 - INFO - Prediction distribution for SVM on CTGAN: {'Y': 144}
2025-04-23 01:12:03,535 - WARNING -  [WARNING] :SVM on CTGAN predicted only one class: {'Y'}
2025-04-23 01:12:03,536 - WARNING - [UndefinedMetricWarning] Precision is ill-defined and being set to 0.0 in labels with no predicted samples. Use `zero_division` parameter to control this behavior. (from /mnt/NVMETank/Projects/Students/Dele/A-STUDY-INTO-THE-QUALITY-AND-USABILITY-OF-PRIVACY-FRIENDLY-SYNTHETIC-DATA/.venv/lib/python3.12/site-packages/sklearn/metrics/_classification.py:1565)
2025-04-23 01:12:03,538 - WARNING - [UndefinedMetricWarning] Precision is ill-defined and being set to 0.0 in labels with no predicted samples. Use `zero_division` parameter to control this behavior. (from /mnt/NVMETank/Projects/Students/Dele/A-STUDY-INTO-THE-QUALITY-AND-USABILITY-OF-PRIVACY-FRIENDLY-SYNTHETIC-DATA/.venv/lib/python3.12/site-packages/sklearn/metrics/_classification.py:1565)
2025-04-23 01:12:03,539 - WARNING - [UndefinedMetricWarning] Precision is ill-defined and being set to 0.0 in labels with no predicted samples. Use `zero_division` parameter to control this behavior. (from /mnt/NVMETank/Projects/Students/Dele/A-STUDY-INTO-THE-QUALITY-AND-USABILITY-OF-PRIVACY-FRIENDLY-SYNTHETIC-DATA/.venv/lib/python3.12/site-packages/sklearn/metrics/_classification.py:1565)
2025-04-23 01:12:03,541 - INFO - Computed 8 metric(s) for SVM on CTGAN
2025-04-23 01:12:03,543 - INFO - Evaluation completed for all models.
2025-04-23 01:12:03,543 - INFO - Model evaluation completed in 0.25 seconds.
2025-04-23 01:12:03,545 - INFO - Evaluated models: ['DecisionTree', 'KNN', 'LogisticRegression', 'RandomForest', 'SVM']
2025-04-23 01:12:03,545 - INFO - Model Training and Evaluation completed.
2025-04-23 01:12:04,035 - INFO -  Visualizations saved.
2025-04-23 01:12:04,035 - INFO -  Benchmarking Completed. Results saved in output folder.
