2025-05-08 18:55:21,813 - INFO - Loaded config file: configs/generated_configs/loan/loan_anon_k5_sl0p1_l5.yaml
2025-05-08 18:55:21,813 - INFO -  Benchmarking started for dataset: loan
2025-05-08 18:55:21,813 - INFO - Using dataset path: /mnt/NVMETank/Projects/Students/Dele/A-STUDY-INTO-THE-QUALITY-AND-USABILITY-OF-PRIVACY-FRIENDLY-SYNTHETIC-DATA/datasets/original/loan.csv
2025-05-08 18:55:21,813 - INFO - Target column: Loan_Status, separator: ','
2025-05-08 18:55:21,813 - INFO - Configuration loaded: enable_anonymization = True, enable_synthesis = False, enable_hybrid = True, enable_utility = True, delete_after_evaluation = False
2025-05-08 18:55:21,813 - INFO - Running preprocessing...
2025-05-08 18:55:21,820 - INFO -  [PREPROCESSING] Preprocessed files found. Skipping preprocessing.
2025-05-08 18:55:21,830 - INFO - Preprocessing completed. Rows before: 614, after: 336
2025-05-08 18:55:21,830 - INFO - Preprocessed data saved to: outputs/batch/loan_batch_2025-05-08_18-38-44/loan_anon_k5_sl0p1_l5/preprocessing_report.txt
2025-05-08 18:55:21,830 - INFO - enable_anonymization = True
2025-05-08 18:55:21,830 - INFO - Starting Anonymization Pipeline with output path: /mnt/NVMETank/Projects/Students/Dele/A-STUDY-INTO-THE-QUALITY-AND-USABILITY-OF-PRIVACY-FRIENDLY-SYNTHETIC-DATA/datasets/anonymized/loan_k5_l5_sup10_anonymized.csv.......
2025-05-08 18:55:21,837 - INFO -  [ANONYMIZATION] Executing run_anonymization, config_path : configs/generated_configs/loan/loan_anon_k5_sl0p1_l5.yaml...........
2025-05-08 18:55:21,837 - INFO -  [ANONYMIZATION] Using JAR file at /mnt/NVMETank/Projects/Students/Dele/A-STUDY-INTO-THE-QUALITY-AND-USABILITY-OF-PRIVACY-FRIENDLY-SYNTHETIC-DATA/src/anonymization/anonymARXij/bin/anonymARXij.jar to anonymize the dataset.
2025-05-08 18:55:23,147 - INFO -  [ANONYMIZATION] Anonimized file saved to : /mnt/NVMETank/Projects/Students/Dele/A-STUDY-INTO-THE-QUALITY-AND-USABILITY-OF-PRIVACY-FRIENDLY-SYNTHETIC-DATA/datasets/anonymized/loan_k5_l5_sup10_anonymized.csv
2025-05-08 18:55:23,147 - INFO -  [ANONYMIZATION] Java anonymization completed successfully.
2025-05-08 18:55:23,147 - INFO -  [ANONYMIZATION] Java STDOUT:
📄 Java received config path: /mnt/NVMETank/Projects/Students/Dele/A-STUDY-INTO-THE-QUALITY-AND-USABILITY-OF-PRIVACY-FRIENDLY-SYNTHETIC-DATA/configs/generated_configs/loan/loan_anon_k5_sl0p1_l5.yaml
🔹 Loading config from: /mnt/NVMETank/Projects/Students/Dele/A-STUDY-INTO-THE-QUALITY-AND-USABILITY-OF-PRIVACY-FRIENDLY-SYNTHETIC-DATA/configs/generated_configs/loan/loan_anon_k5_sl0p1_l5.yaml
Loading config from: /mnt/NVMETank/Projects/Students/Dele/A-STUDY-INTO-THE-QUALITY-AND-USABILITY-OF-PRIVACY-FRIENDLY-SYNTHETIC-DATA/configs/generated_configs/loan/loan_anon_k5_sl0p1_l5.yaml
📂 Dataset Path (from args): /mnt/NVMETank/Projects/Students/Dele/A-STUDY-INTO-THE-QUALITY-AND-USABILITY-OF-PRIVACY-FRIENDLY-SYNTHETIC-DATA/datasets/train/loan_train_raw.csv
🔹 Dataset Separator: ,
🔹 Suppression Limit: 0.1

🔹 Configured Attributes:
  ✅ Quasi-Identifier: Gender
  ✅ Quasi-Identifier: Married
  ✅ Quasi-Identifier: Education
  ✅ Quasi-Identifier: Dependents
  ✅ Quasi-Identifier: Self_Employed
  ✅ Quasi-Identifier: Property_Area
  ✅ Quasi-Identifier: Credit_History
  ✅ Quasi-Identifier: Loan_Amount_Term
  ✅ Sensitive Attribute: LoanAmount
  ✅ Insensitive Attribute: Loan_Status
  ✅ Insensitive Attribute: ApplicantIncome
  ✅ Insensitive Attribute: CoapplicantIncome

🔹 Defined Hierarchies:
  ✅ Property_Area -> /mnt/NVMETank/Projects/Students/Dele/A-STUDY-INTO-THE-QUALITY-AND-USABILITY-OF-PRIVACY-FRIENDLY-SYNTHETIC-DATA/src/anonymization/anonymARXij/src/hierarchies_loan/property_area.csv
  ✅ Self_Employed -> /mnt/NVMETank/Projects/Students/Dele/A-STUDY-INTO-THE-QUALITY-AND-USABILITY-OF-PRIVACY-FRIENDLY-SYNTHETIC-DATA/src/anonymization/anonymARXij/src/hierarchies_loan/self_employed.csv
  ✅ Credit_History -> /mnt/NVMETank/Projects/Students/Dele/A-STUDY-INTO-THE-QUALITY-AND-USABILITY-OF-PRIVACY-FRIENDLY-SYNTHETIC-DATA/src/anonymization/anonymARXij/src/hierarchies_loan/credit_history.csv
  ✅ Dependents -> /mnt/NVMETank/Projects/Students/Dele/A-STUDY-INTO-THE-QUALITY-AND-USABILITY-OF-PRIVACY-FRIENDLY-SYNTHETIC-DATA/src/anonymization/anonymARXij/src/hierarchies_loan/dependents.csv
  ✅ Education -> /mnt/NVMETank/Projects/Students/Dele/A-STUDY-INTO-THE-QUALITY-AND-USABILITY-OF-PRIVACY-FRIENDLY-SYNTHETIC-DATA/src/anonymization/anonymARXij/src/hierarchies_loan/education.csv
  ✅ Loan_Amount_Term -> /mnt/NVMETank/Projects/Students/Dele/A-STUDY-INTO-THE-QUALITY-AND-USABILITY-OF-PRIVACY-FRIENDLY-SYNTHETIC-DATA/src/anonymization/anonymARXij/src/hierarchies_loan/loan_amount_terms.csv
  ✅ Married -> /mnt/NVMETank/Projects/Students/Dele/A-STUDY-INTO-THE-QUALITY-AND-USABILITY-OF-PRIVACY-FRIENDLY-SYNTHETIC-DATA/src/anonymization/anonymARXij/src/hierarchies_loan/married.csv
  ✅ Gender -> /mnt/NVMETank/Projects/Students/Dele/A-STUDY-INTO-THE-QUALITY-AND-USABILITY-OF-PRIVACY-FRIENDLY-SYNTHETIC-DATA/src/anonymization/anonymARXij/src/hierarchies_loan/gender.csv
Java is searching for hierarchy file at: /mnt/NVMETank/Projects/Students/Dele/A-STUDY-INTO-THE-QUALITY-AND-USABILITY-OF-PRIVACY-FRIENDLY-SYNTHETIC-DATA/src/anonymization/anonymARXij/src/hierarchies_loan/property_area.csv
Java is searching for hierarchy file at: /mnt/NVMETank/Projects/Students/Dele/A-STUDY-INTO-THE-QUALITY-AND-USABILITY-OF-PRIVACY-FRIENDLY-SYNTHETIC-DATA/src/anonymization/anonymARXij/src/hierarchies_loan/self_employed.csv
Java is searching for hierarchy file at: /mnt/NVMETank/Projects/Students/Dele/A-STUDY-INTO-THE-QUALITY-AND-USABILITY-OF-PRIVACY-FRIENDLY-SYNTHETIC-DATA/src/anonymization/anonymARXij/src/hierarchies_loan/credit_history.csv
Java is searching for hierarchy file at: /mnt/NVMETank/Projects/Students/Dele/A-STUDY-INTO-THE-QUALITY-AND-USABILITY-OF-PRIVACY-FRIENDLY-SYNTHETIC-DATA/src/anonymization/anonymARXij/src/hierarchies_loan/dependents.csv
Java is searching for hierarchy file at: /mnt/NVMETank/Projects/Students/Dele/A-STUDY-INTO-THE-QUALITY-AND-USABILITY-OF-PRIVACY-FRIENDLY-SYNTHETIC-DATA/src/anonymization/anonymARXij/src/hierarchies_loan/education.csv
Java is searching for hierarchy file at: /mnt/NVMETank/Projects/Students/Dele/A-STUDY-INTO-THE-QUALITY-AND-USABILITY-OF-PRIVACY-FRIENDLY-SYNTHETIC-DATA/src/anonymization/anonymARXij/src/hierarchies_loan/loan_amount_terms.csv
Java is searching for hierarchy file at: /mnt/NVMETank/Projects/Students/Dele/A-STUDY-INTO-THE-QUALITY-AND-USABILITY-OF-PRIVACY-FRIENDLY-SYNTHETIC-DATA/src/anonymization/anonymARXij/src/hierarchies_loan/married.csv
Java is searching for hierarchy file at: /mnt/NVMETank/Projects/Students/Dele/A-STUDY-INTO-THE-QUALITY-AND-USABILITY-OF-PRIVACY-FRIENDLY-SYNTHETIC-DATA/src/anonymization/anonymARXij/src/hierarchies_loan/gender.csv
✓ Applied Entropy L-Diversity on: LoanAmount (l=5)
🔹 Privacy Models Configured
📂 Anonymized Output Path (from args): /mnt/NVMETank/Projects/Students/Dele/A-STUDY-INTO-THE-QUALITY-AND-USABILITY-OF-PRIVACY-FRIENDLY-SYNTHETIC-DATA/datasets/anonymized/loan_k5_l5_sup10_anonymized.csv
📂 Anonymized Output Path: /mnt/NVMETank/Projects/Students/Dele/A-STUDY-INTO-THE-QUALITY-AND-USABILITY-OF-PRIVACY-FRIENDLY-SYNTHETIC-DATA/datasets/anonymized/loan_k5_l5_sup10_anonymized.csv
✅ Anonymization completed. Output saved to: /mnt/NVMETank/Projects/Students/Dele/A-STUDY-INTO-THE-QUALITY-AND-USABILITY-OF-PRIVACY-FRIENDLY-SYNTHETIC-DATA/datasets/anonymized/loan_k5_l5_sup10_anonymized.csv
Anonymized Data Quality Metrics:
 - Ambiguity: 0.9147832686793725
 - AECS: 0.9227163723566602
 - Discernibility: 0.6952184755502548
 - Granularity: 0.5685368784737868
 - MSE: 0.6984927035330262
 - Non-Uniform Entropy: 0.3480275596018527
 - Precision: 0.5574156746031749
 - Record-level SE: 0.5664320482941356
Equivalence Class Statistics:
 - Number of Classes: 11
 - Average Class Size: 28.181818181818183
Suppression Statistics:
 - Suppressed Records: 26
 - Suppression Percentage: 7.74%
2025-05-08 18:55:23,147 - INFO - Anonymized data saved to: /mnt/NVMETank/Projects/Students/Dele/A-STUDY-INTO-THE-QUALITY-AND-USABILITY-OF-PRIVACY-FRIENDLY-SYNTHETIC-DATA/datasets/anonymized/loan_k5_l5_sup10_anonymized.csv
2025-05-08 18:55:23,155 - INFO - Anonymous data report saved at: outputs/batch/loan_batch_2025-05-08_18-38-44/loan_anon_k5_sl0p1_l5/anonymous_data_report.txt
2025-05-08 18:55:23,155 - INFO -  [POSTPROCESSING] Postprocessing anonymized data: /mnt/NVMETank/Projects/Students/Dele/A-STUDY-INTO-THE-QUALITY-AND-USABILITY-OF-PRIVACY-FRIENDLY-SYNTHETIC-DATA/datasets/anonymized/loan_k5_l5_sup10_anonymized.csv
2025-05-08 18:55:23,156 - INFO -  [POSTPROCESSING] Loaded anonymized data: (336, 12)
2025-05-08 18:55:23,159 - INFO -  [POSTPROCESSING] Loaded fallback maps from training data. Categorical cols: 7, Numeric cols: 5
2025-05-08 18:55:23,159 - INFO -  [POSTPROCESSING] Normalizing anonymized data using ARX artifact cleaning and fallback values.
2025-05-08 18:55:23,170 - INFO -  [POSTPROCESSING] Normalized anonymized data saved to: /mnt/NVMETank/Projects/Students/Dele/A-STUDY-INTO-THE-QUALITY-AND-USABILITY-OF-PRIVACY-FRIENDLY-SYNTHETIC-DATA/datasets/anonymized/loan_k5_l5_sup10_anonymized_processed.csv
2025-05-08 18:55:23,178 - INFO -  [POSTPROCESSING] Binary Encoding applied to anonymized data. Encoded shape: (336, 19)
2025-05-08 18:55:23,179 - INFO -  [POSTPROCESSING] Encoded anonymized dataset saved to: /mnt/NVMETank/Projects/Students/Dele/A-STUDY-INTO-THE-QUALITY-AND-USABILITY-OF-PRIVACY-FRIENDLY-SYNTHETIC-DATA/datasets/anonymized/loan_k5_l5_sup10_anonymized_encoded.csv
2025-05-08 18:55:23,179 - INFO -  [POSTPROCESSING] Encoding map generated for anonymized data: 0 original categorical columns.
2025-05-08 18:55:23,179 - INFO - Postprocessing report saved at: outputs/batch/loan_batch_2025-05-08_18-38-44/loan_anon_k5_sl0p1_l5/postprocessing_report.txt
2025-05-08 18:55:23,180 - INFO - enable_synthetic_generation = False
2025-05-08 18:55:23,180 - INFO - Synthetic Data Generation Skipped (Disabled in Configuration).
2025-05-08 18:55:23,180 - INFO - Running Hybrid Pipeline...
2025-05-08 18:55:23,180 - INFO -  [HYBRID] Executing run_hybrid...
2025-05-08 18:55:23,180 - INFO -  [HYBRID] Looking for encoded anonymized data in /mnt/NVMETank/Projects/Students/Dele/A-STUDY-INTO-THE-QUALITY-AND-USABILITY-OF-PRIVACY-FRIENDLY-SYNTHETIC-DATA/datasets/anonymized/loan_k5_l5_sup10_anonymized_encoded.csv
2025-05-08 18:55:23,180 - INFO -  [HYBRID ] Loaded cached encoded anonymous data from /mnt/NVMETank/Projects/Students/Dele/A-STUDY-INTO-THE-QUALITY-AND-USABILITY-OF-PRIVACY-FRIENDLY-SYNTHETIC-DATA/datasets/anonymized/loan_k5_l5_sup10_anonymized_encoded.csv
2025-05-08 18:55:23,181 - INFO -  [HYBRID] Starting synthetic generation for hybrid pipeline...
2025-05-08 18:55:23,181 - INFO - Executing run_synthetic.....
2025-05-08 18:55:23,181 - INFO - [SYNTHETIC PIPELINE] executing run_synthetic for loan_k5_l5_sup10...
2025-05-08 18:55:23,181 - INFO - [SYNTHETIC] Processing dataset: loan_k5_l5_sup10
2025-05-08 18:55:23,181 - INFO - [SYNTHETIC] Original dataset size: 336 rows
2025-05-08 18:55:23,193 - INFO - Detected metadata:
2025-05-08 18:55:23,193 - INFO - {
    "METADATA_SPEC_VERSION": "SINGLE_TABLE_V1",
    "columns": {
        "Gender_0": {
            "sdtype": "categorical"
        },
        "Gender_1": {
            "sdtype": "categorical"
        },
        "Married_0": {
            "sdtype": "categorical"
        },
        "Married_1": {
            "sdtype": "categorical"
        },
        "Dependents_0": {
            "sdtype": "categorical"
        },
        "Dependents_1": {
            "sdtype": "categorical"
        },
        "Dependents_2": {
            "sdtype": "categorical"
        },
        "Education_0": {
            "sdtype": "categorical"
        },
        "Education_1": {
            "sdtype": "categorical"
        },
        "Self_Employed_0": {
            "sdtype": "categorical"
        },
        "Self_Employed_1": {
            "sdtype": "categorical"
        },
        "ApplicantIncome": {
            "sdtype": "numerical"
        },
        "CoapplicantIncome": {
            "sdtype": "numerical"
        },
        "LoanAmount": {
            "sdtype": "numerical"
        },
        "Loan_Amount_Term": {
            "sdtype": "categorical"
        },
        "Credit_History": {
            "sdtype": "categorical"
        },
        "Property_Area_0": {
            "sdtype": "categorical"
        },
        "Property_Area_1": {
            "sdtype": "categorical"
        },
        "Loan_Status": {
            "sdtype": "categorical"
        }
    }
}
2025-05-08 18:55:23,193 - INFO - [SYNTHETIC] Preparing synthesizer: CTGAN
2025-05-08 18:55:23,193 - INFO - [SYNTHETIC] Params from config: {'epochs': 300}
2025-05-08 18:55:23,193 - INFO -  [SYNTHETIC] No pre-trained synthesizer found
2025-05-08 18:55:23,193 - INFO - [SYNTHETIC] Training new CTGAN synthesizer from scratch...
2025-05-08 18:55:23,193 - WARNING - [FutureWarning] The 'SingleTableMetadata' is deprecated. Please use the new 'Metadata' class for synthesizers. (from /mnt/NVMETank/Projects/Students/Dele/A-STUDY-INTO-THE-QUALITY-AND-USABILITY-OF-PRIVACY-FRIENDLY-SYNTHETIC-DATA/.venv/lib/python3.12/site-packages/sdv/single_table/base.py:119)
2025-05-08 18:55:23,193 - WARNING - [UserWarning] We strongly recommend saving the metadata using 'save_to_json' for replicability in future SDV versions. (from /mnt/NVMETank/Projects/Students/Dele/A-STUDY-INTO-THE-QUALITY-AND-USABILITY-OF-PRIVACY-FRIENDLY-SYNTHETIC-DATA/.venv/lib/python3.12/site-packages/sdv/single_table/base.py:104)
2025-05-08 18:55:23,198 - INFO - {'EVENT': 'Instance', 'TIMESTAMP': datetime.datetime(2025, 5, 8, 18, 55, 23, 198071), 'SYNTHESIZER CLASS NAME': 'CTGANSynthesizer', 'SYNTHESIZER ID': 'CTGANSynthesizer_1.18.0_99bb09fe65354aa89cc775c0ac942d32'}
2025-05-08 18:55:23,198 - INFO - [SYNTHETIC] CTGAN initialized with epochs: 300
2025-05-08 18:55:23,198 - INFO - [SYNTHETIC] Training parameters for CTGAN: {}
2025-05-08 18:55:23,198 - INFO - [SYNTHETIC] fitting CTGAN 
2025-05-08 18:55:23,198 - INFO - {'EVENT': 'Fit', 'TIMESTAMP': datetime.datetime(2025, 5, 8, 18, 55, 23, 198278), 'SYNTHESIZER CLASS NAME': 'CTGANSynthesizer', 'SYNTHESIZER ID': 'CTGANSynthesizer_1.18.0_99bb09fe65354aa89cc775c0ac942d32', 'TOTAL NUMBER OF TABLES': 1, 'TOTAL NUMBER OF ROWS': 336, 'TOTAL NUMBER OF COLUMNS': 19}
2025-05-08 18:55:23,199 - INFO - Fitting table  metadata
2025-05-08 18:55:23,199 - INFO - Fitting formatters for table 
2025-05-08 18:55:23,201 - INFO - Fitting constraints for table 
2025-05-08 18:55:23,201 - INFO - Setting the configuration for the ``HyperTransformer`` for table 
2025-05-08 18:55:23,202 - INFO - Fitting HyperTransformer for table 
2025-05-08 18:55:23,215 - INFO - {'EVENT': 'Fit processed data', 'TIMESTAMP': datetime.datetime(2025, 5, 8, 18, 55, 23, 215668), 'SYNTHESIZER CLASS NAME': 'CTGANSynthesizer', 'SYNTHESIZER ID': 'CTGANSynthesizer_1.18.0_99bb09fe65354aa89cc775c0ac942d32', 'TOTAL NUMBER OF TABLES': 1, 'TOTAL NUMBER OF ROWS': 336, 'TOTAL NUMBER OF COLUMNS': 19}
2025-05-08 18:55:23,252 - INFO - Guidance: There are no missing values in column ApplicantIncome. Extra column not created.
2025-05-08 18:55:23,401 - INFO - Guidance: There are no missing values in column CoapplicantIncome. Extra column not created.
2025-05-08 18:55:23,439 - INFO - Guidance: There are no missing values in column LoanAmount. Extra column not created.
2025-05-08 18:55:42,711 - INFO - [SYNTHETIC] Fitting complete for CTGAN. Duration: 19.51 seconds.
2025-05-08 18:55:42,711 - INFO - [SYNTHETIC] CONFIRMATION CTGAN actually trained with epochs = 300
2025-05-08 18:55:42,711 - INFO - {'EVENT': 'Save', 'TIMESTAMP': datetime.datetime(2025, 5, 8, 18, 55, 42, 711820), 'SYNTHESIZER CLASS NAME': 'CTGANSynthesizer', 'SYNTHESIZER ID': 'CTGANSynthesizer_1.18.0_99bb09fe65354aa89cc775c0ac942d32'}
2025-05-08 18:55:42,744 - INFO - [SYNTHETIC] CTGAN trained and saved.
2025-05-08 18:55:42,744 - INFO - [SYNTHETIC] Preparing synthesizer: GaussianCopula
2025-05-08 18:55:42,744 - INFO - [SYNTHETIC] Params from config: {}
2025-05-08 18:55:42,744 - INFO -  [SYNTHETIC] No pre-trained synthesizer found
2025-05-08 18:55:42,744 - INFO - [SYNTHETIC] Training new GaussianCopula synthesizer from scratch...
2025-05-08 18:55:42,744 - WARNING - [FutureWarning] The 'SingleTableMetadata' is deprecated. Please use the new 'Metadata' class for synthesizers. (from /mnt/NVMETank/Projects/Students/Dele/A-STUDY-INTO-THE-QUALITY-AND-USABILITY-OF-PRIVACY-FRIENDLY-SYNTHETIC-DATA/.venv/lib/python3.12/site-packages/sdv/single_table/base.py:119)
2025-05-08 18:55:42,746 - INFO - {'EVENT': 'Instance', 'TIMESTAMP': datetime.datetime(2025, 5, 8, 18, 55, 42, 746793), 'SYNTHESIZER CLASS NAME': 'GaussianCopulaSynthesizer', 'SYNTHESIZER ID': 'GaussianCopulaSynthesizer_1.18.0_aa047763db3b4659bd85c8b4e631ad65'}
2025-05-08 18:55:42,746 - INFO - [SYNTHETIC] fitting GaussianCopula 
2025-05-08 18:55:42,746 - INFO - {'EVENT': 'Fit', 'TIMESTAMP': datetime.datetime(2025, 5, 8, 18, 55, 42, 746932), 'SYNTHESIZER CLASS NAME': 'GaussianCopulaSynthesizer', 'SYNTHESIZER ID': 'GaussianCopulaSynthesizer_1.18.0_aa047763db3b4659bd85c8b4e631ad65', 'TOTAL NUMBER OF TABLES': 1, 'TOTAL NUMBER OF ROWS': 336, 'TOTAL NUMBER OF COLUMNS': 19}
2025-05-08 18:55:42,748 - INFO - Fitting table  metadata
2025-05-08 18:55:42,748 - INFO - Fitting formatters for table 
2025-05-08 18:55:42,751 - INFO - Fitting constraints for table 
2025-05-08 18:55:42,751 - INFO - Setting the configuration for the ``HyperTransformer`` for table 
2025-05-08 18:55:42,760 - INFO - Fitting HyperTransformer for table 
2025-05-08 18:55:42,886 - INFO - {'EVENT': 'Fit processed data', 'TIMESTAMP': datetime.datetime(2025, 5, 8, 18, 55, 42, 886940), 'SYNTHESIZER CLASS NAME': 'GaussianCopulaSynthesizer', 'SYNTHESIZER ID': 'GaussianCopulaSynthesizer_1.18.0_aa047763db3b4659bd85c8b4e631ad65', 'TOTAL NUMBER OF TABLES': 1, 'TOTAL NUMBER OF ROWS': 336, 'TOTAL NUMBER OF COLUMNS': 19}
2025-05-08 18:55:42,887 - INFO - Fitting GaussianMultivariate(distribution="{'Gender_0': <class 'copulas.univariate.beta.BetaUnivariate'>, 'Gender_1': <class 'copulas.univariate.beta.BetaUnivariate'>, 'Married_0': <class 'copulas.univariate.beta.BetaUnivariate'>, 'Married_1': <class 'copulas.univariate.beta.BetaUnivariate'>, 'Dependents_0': <class 'copulas.univariate.beta.BetaUnivariate'>, 'Dependents_1': <class 'copulas.univariate.beta.BetaUnivariate'>, 'Dependents_2': <class 'copulas.univariate.beta.BetaUnivariate'>, 'Education_0': <class 'copulas.univariate.beta.BetaUnivariate'>, 'Education_1': <class 'copulas.univariate.beta.BetaUnivariate'>, 'Self_Employed_0': <class 'copulas.univariate.beta.BetaUnivariate'>, 'Self_Employed_1': <class 'copulas.univariate.beta.BetaUnivariate'>, 'ApplicantIncome': <class 'copulas.univariate.beta.BetaUnivariate'>, 'CoapplicantIncome': <class 'copulas.univariate.beta.BetaUnivariate'>, 'LoanAmount': <class 'copulas.univariate.beta.BetaUnivariate'>, 'Loan_Amount_Term': <class 'copulas.univariate.beta.BetaUnivariate'>, 'Credit_History': <class 'copulas.univariate.beta.BetaUnivariate'>, 'Property_Area_0': <class 'copulas.univariate.beta.BetaUnivariate'>, 'Property_Area_1': <class 'copulas.univariate.beta.BetaUnivariate'>, 'Loan_Status': <class 'copulas.univariate.beta.BetaUnivariate'>}")
2025-05-08 18:55:43,610 - INFO - [SYNTHETIC] Fitting complete for GaussianCopula. Duration: 0.86 seconds.
2025-05-08 18:55:43,610 - WARNING - [SYNTHETIC] WARNING Could not determine actual epochs used for GaussianCopula
2025-05-08 18:55:43,610 - INFO - {'EVENT': 'Save', 'TIMESTAMP': datetime.datetime(2025, 5, 8, 18, 55, 43, 610509), 'SYNTHESIZER CLASS NAME': 'GaussianCopulaSynthesizer', 'SYNTHESIZER ID': 'GaussianCopulaSynthesizer_1.18.0_aa047763db3b4659bd85c8b4e631ad65'}
2025-05-08 18:55:43,618 - INFO - [SYNTHETIC] GaussianCopula trained and saved.
2025-05-08 18:55:43,618 - INFO - [SYNTHETIC] Preparing synthesizer: TVAE
2025-05-08 18:55:43,618 - INFO - [SYNTHETIC] Params from config: {'epochs': 300}
2025-05-08 18:55:43,618 - INFO -  [SYNTHETIC] No pre-trained synthesizer found
2025-05-08 18:55:43,618 - INFO - [SYNTHETIC] Training new TVAE synthesizer from scratch...
2025-05-08 18:55:43,618 - WARNING - [FutureWarning] The 'SingleTableMetadata' is deprecated. Please use the new 'Metadata' class for synthesizers. (from /mnt/NVMETank/Projects/Students/Dele/A-STUDY-INTO-THE-QUALITY-AND-USABILITY-OF-PRIVACY-FRIENDLY-SYNTHETIC-DATA/.venv/lib/python3.12/site-packages/sdv/single_table/base.py:119)
2025-05-08 18:55:43,620 - INFO - {'EVENT': 'Instance', 'TIMESTAMP': datetime.datetime(2025, 5, 8, 18, 55, 43, 620896), 'SYNTHESIZER CLASS NAME': 'TVAESynthesizer', 'SYNTHESIZER ID': 'TVAESynthesizer_1.18.0_32a221fa04be43638ad1e78873364390'}
2025-05-08 18:55:43,620 - INFO - [SYNTHETIC] TVAE initialized with epochs: 300
2025-05-08 18:55:43,621 - INFO - [SYNTHETIC] Training parameters for TVAE: {}
2025-05-08 18:55:43,621 - INFO - [SYNTHETIC] fitting TVAE 
2025-05-08 18:55:43,621 - INFO - {'EVENT': 'Fit', 'TIMESTAMP': datetime.datetime(2025, 5, 8, 18, 55, 43, 621121), 'SYNTHESIZER CLASS NAME': 'TVAESynthesizer', 'SYNTHESIZER ID': 'TVAESynthesizer_1.18.0_32a221fa04be43638ad1e78873364390', 'TOTAL NUMBER OF TABLES': 1, 'TOTAL NUMBER OF ROWS': 336, 'TOTAL NUMBER OF COLUMNS': 19}
2025-05-08 18:55:43,622 - INFO - Fitting table  metadata
2025-05-08 18:55:43,622 - INFO - Fitting formatters for table 
2025-05-08 18:55:43,624 - INFO - Fitting constraints for table 
2025-05-08 18:55:43,624 - INFO - Setting the configuration for the ``HyperTransformer`` for table 
2025-05-08 18:55:43,625 - INFO - Fitting HyperTransformer for table 
2025-05-08 18:55:43,637 - INFO - {'EVENT': 'Fit processed data', 'TIMESTAMP': datetime.datetime(2025, 5, 8, 18, 55, 43, 637495), 'SYNTHESIZER CLASS NAME': 'TVAESynthesizer', 'SYNTHESIZER ID': 'TVAESynthesizer_1.18.0_32a221fa04be43638ad1e78873364390', 'TOTAL NUMBER OF TABLES': 1, 'TOTAL NUMBER OF ROWS': 336, 'TOTAL NUMBER OF COLUMNS': 19}
2025-05-08 18:55:43,650 - INFO - Guidance: There are no missing values in column ApplicantIncome. Extra column not created.
2025-05-08 18:55:43,724 - INFO - Guidance: There are no missing values in column CoapplicantIncome. Extra column not created.
2025-05-08 18:55:43,758 - INFO - Guidance: There are no missing values in column LoanAmount. Extra column not created.
2025-05-08 18:55:46,595 - INFO - [SYNTHETIC] Fitting complete for TVAE. Duration: 2.97 seconds.
2025-05-08 18:55:46,595 - INFO - [SYNTHETIC] CONFIRMATION TVAE actually trained with epochs = 300
2025-05-08 18:55:46,595 - INFO - {'EVENT': 'Save', 'TIMESTAMP': datetime.datetime(2025, 5, 8, 18, 55, 46, 595562), 'SYNTHESIZER CLASS NAME': 'TVAESynthesizer', 'SYNTHESIZER ID': 'TVAESynthesizer_1.18.0_32a221fa04be43638ad1e78873364390'}
2025-05-08 18:55:46,628 - INFO - [SYNTHETIC] TVAE trained and saved.
2025-05-08 18:55:46,628 - INFO - [SYNTHETIC] Using CTGAN to generate 336 rows...
2025-05-08 18:55:46,692 - INFO - {'EVENT': 'Sample', 'TIMESTAMP': datetime.datetime(2025, 5, 8, 18, 55, 46, 628462), 'SYNTHESIZER CLASS NAME': 'CTGANSynthesizer', 'SYNTHESIZER ID': 'CTGANSynthesizer_1.18.0_99bb09fe65354aa89cc775c0ac942d32', 'TOTAL NUMBER OF TABLES': 1, 'TOTAL NUMBER OF ROWS': 336, 'TOTAL NUMBER OF COLUMNS': 19}
2025-05-08 18:55:46,692 - INFO - [SYNTHETIC] CTGAN completed: 336 rows generated.
2025-05-08 18:55:46,692 - INFO - [SYNTHETIC] Target class distribution for CTGAN: {'Y': 219, 'N': 117}
2025-05-08 18:55:46,692 - INFO - [SYNTHETIC] Using GaussianCopula to generate 336 rows...
2025-05-08 18:55:46,744 - INFO - {'EVENT': 'Sample', 'TIMESTAMP': datetime.datetime(2025, 5, 8, 18, 55, 46, 692601), 'SYNTHESIZER CLASS NAME': 'GaussianCopulaSynthesizer', 'SYNTHESIZER ID': 'GaussianCopulaSynthesizer_1.18.0_aa047763db3b4659bd85c8b4e631ad65', 'TOTAL NUMBER OF TABLES': 1, 'TOTAL NUMBER OF ROWS': 336, 'TOTAL NUMBER OF COLUMNS': 19}
2025-05-08 18:55:46,744 - INFO - [SYNTHETIC] GaussianCopula completed: 336 rows generated.
2025-05-08 18:55:46,745 - INFO - [SYNTHETIC] Target class distribution for GaussianCopula: {'Y': 223, 'N': 113}
2025-05-08 18:55:46,745 - INFO - [SYNTHETIC] Using TVAE to generate 336 rows...
2025-05-08 18:55:46,783 - INFO - {'EVENT': 'Sample', 'TIMESTAMP': datetime.datetime(2025, 5, 8, 18, 55, 46, 745251), 'SYNTHESIZER CLASS NAME': 'TVAESynthesizer', 'SYNTHESIZER ID': 'TVAESynthesizer_1.18.0_32a221fa04be43638ad1e78873364390', 'TOTAL NUMBER OF TABLES': 1, 'TOTAL NUMBER OF ROWS': 336, 'TOTAL NUMBER OF COLUMNS': 19}
2025-05-08 18:55:46,784 - INFO - [SYNTHETIC] TVAE completed: 336 rows generated.
2025-05-08 18:55:46,784 - INFO - [SYNTHETIC] Target class distribution for TVAE: {'Y': 334, 'N': 2}
2025-05-08 18:55:46,784 - INFO - [SYNTHETIC PIPELINE] Synthetic Data Generation Completed.
2025-05-08 18:55:46,784 - INFO - [SYNTHETIC PIPELINE] Synthesizers used: ['CTGAN', 'GaussianCopula', 'TVAE']
2025-05-08 18:55:46,784 - INFO - [SYNTHETIC PIPELINE] Evaluating synthetic dataset generated by CTGAN...
2025-05-08 18:55:46,785 - INFO - [SYNTHETIC EVAL] Real data columns     (19): ['Gender_0', 'Gender_1', 'Married_0', 'Married_1', 'Dependents_0', 'Dependents_1', 'Dependents_2', 'Education_0', 'Education_1', 'Self_Employed_0', 'Self_Employed_1', 'ApplicantIncome', 'CoapplicantIncome', 'LoanAmount', 'Loan_Amount_Term', 'Credit_History', 'Property_Area_0', 'Property_Area_1', 'Loan_Status']
2025-05-08 18:55:46,785 - INFO - [SYNTHETIC EVAL] Synthetic data columns (19): ['Gender_0', 'Gender_1', 'Married_0', 'Married_1', 'Dependents_0', 'Dependents_1', 'Dependents_2', 'Education_0', 'Education_1', 'Self_Employed_0', 'Self_Employed_1', 'ApplicantIncome', 'CoapplicantIncome', 'LoanAmount', 'Loan_Amount_Term', 'Credit_History', 'Property_Area_0', 'Property_Area_1', 'Loan_Status']
2025-05-08 18:55:46,785 - INFO - [SYNTHETIC EVAL] Metadata columns      (19): ['Gender_0', 'Gender_1', 'Married_0', 'Married_1', 'Dependents_0', 'Dependents_1', 'Dependents_2', 'Education_0', 'Education_1', 'Self_Employed_0', 'Self_Employed_1', 'ApplicantIncome', 'CoapplicantIncome', 'LoanAmount', 'Loan_Amount_Term', 'Credit_History', 'Property_Area_0', 'Property_Area_1', 'Loan_Status']
2025-05-08 18:55:46,785 - INFO - [SYNTHETIC EVAL] Shape — Real: (336, 19), Synthetic: (336, 19)
2025-05-08 18:55:46,785 - INFO - [SYNTHETIC EVAL] Metadata structure:
{
  "METADATA_SPEC_VERSION": "SINGLE_TABLE_V1",
  "columns": {
    "Gender_0": {
      "sdtype": "categorical"
    },
    "Gender_1": {
      "sdtype": "categorical"
    },
    "Married_0": {
      "sdtype": "categorical"
    },
    "Married_1": {
      "sdtype": "categorical"
    },
    "Dependents_0": {
      "sdtype": "categorical"
    },
    "Dependents_1": {
      "sdtype": "categorical"
    },
    "Dependents_2": {
      "sdtype": "categorical"
    },
    "Education_0": {
      "sdtype": "categorical"
    },
    "Education_1": {
      "sdtype": "categorical"
    },
    "Self_Employed_0": {
      "sdtype": "categorical"
    },
    "Self_Employed_1": {
      "sdtype": "categorical"
    },
    "ApplicantIncome": {
      "sdtype": "numerical"
    },
    "CoapplicantIncome": {
      "sdtype": "numerical"
    },
    "LoanAmount": {
      "sdtype": "numerical"
    },
    "Loan_Amount_Term": {
      "sdtype": "categorical"
    },
    "Credit_History": {
      "sdtype": "categorical"
    },
    "Property_Area_0": {
      "sdtype": "categorical"
    },
    "Property_Area_1": {
      "sdtype": "categorical"
    },
    "Loan_Status": {
      "sdtype": "categorical"
    }
  }
}
2025-05-08 18:55:47,133 - INFO - [SYNTHETIC PIPELINE] Evaluating synthetic dataset generated by GaussianCopula...
2025-05-08 18:55:47,133 - INFO - [SYNTHETIC EVAL] Real data columns     (19): ['Gender_0', 'Gender_1', 'Married_0', 'Married_1', 'Dependents_0', 'Dependents_1', 'Dependents_2', 'Education_0', 'Education_1', 'Self_Employed_0', 'Self_Employed_1', 'ApplicantIncome', 'CoapplicantIncome', 'LoanAmount', 'Loan_Amount_Term', 'Credit_History', 'Property_Area_0', 'Property_Area_1', 'Loan_Status']
2025-05-08 18:55:47,133 - INFO - [SYNTHETIC EVAL] Synthetic data columns (19): ['Gender_0', 'Gender_1', 'Married_0', 'Married_1', 'Dependents_0', 'Dependents_1', 'Dependents_2', 'Education_0', 'Education_1', 'Self_Employed_0', 'Self_Employed_1', 'ApplicantIncome', 'CoapplicantIncome', 'LoanAmount', 'Loan_Amount_Term', 'Credit_History', 'Property_Area_0', 'Property_Area_1', 'Loan_Status']
2025-05-08 18:55:47,133 - INFO - [SYNTHETIC EVAL] Metadata columns      (19): ['Gender_0', 'Gender_1', 'Married_0', 'Married_1', 'Dependents_0', 'Dependents_1', 'Dependents_2', 'Education_0', 'Education_1', 'Self_Employed_0', 'Self_Employed_1', 'ApplicantIncome', 'CoapplicantIncome', 'LoanAmount', 'Loan_Amount_Term', 'Credit_History', 'Property_Area_0', 'Property_Area_1', 'Loan_Status']
2025-05-08 18:55:47,133 - INFO - [SYNTHETIC EVAL] Shape — Real: (336, 19), Synthetic: (336, 19)
2025-05-08 18:55:47,133 - INFO - [SYNTHETIC EVAL] Metadata structure:
{
  "METADATA_SPEC_VERSION": "SINGLE_TABLE_V1",
  "columns": {
    "Gender_0": {
      "sdtype": "categorical"
    },
    "Gender_1": {
      "sdtype": "categorical"
    },
    "Married_0": {
      "sdtype": "categorical"
    },
    "Married_1": {
      "sdtype": "categorical"
    },
    "Dependents_0": {
      "sdtype": "categorical"
    },
    "Dependents_1": {
      "sdtype": "categorical"
    },
    "Dependents_2": {
      "sdtype": "categorical"
    },
    "Education_0": {
      "sdtype": "categorical"
    },
    "Education_1": {
      "sdtype": "categorical"
    },
    "Self_Employed_0": {
      "sdtype": "categorical"
    },
    "Self_Employed_1": {
      "sdtype": "categorical"
    },
    "ApplicantIncome": {
      "sdtype": "numerical"
    },
    "CoapplicantIncome": {
      "sdtype": "numerical"
    },
    "LoanAmount": {
      "sdtype": "numerical"
    },
    "Loan_Amount_Term": {
      "sdtype": "categorical"
    },
    "Credit_History": {
      "sdtype": "categorical"
    },
    "Property_Area_0": {
      "sdtype": "categorical"
    },
    "Property_Area_1": {
      "sdtype": "categorical"
    },
    "Loan_Status": {
      "sdtype": "categorical"
    }
  }
}
2025-05-08 18:55:47,469 - INFO - [SYNTHETIC PIPELINE] Evaluating synthetic dataset generated by TVAE...
2025-05-08 18:55:47,469 - INFO - [SYNTHETIC EVAL] Real data columns     (19): ['Gender_0', 'Gender_1', 'Married_0', 'Married_1', 'Dependents_0', 'Dependents_1', 'Dependents_2', 'Education_0', 'Education_1', 'Self_Employed_0', 'Self_Employed_1', 'ApplicantIncome', 'CoapplicantIncome', 'LoanAmount', 'Loan_Amount_Term', 'Credit_History', 'Property_Area_0', 'Property_Area_1', 'Loan_Status']
2025-05-08 18:55:47,470 - INFO - [SYNTHETIC EVAL] Synthetic data columns (19): ['Gender_0', 'Gender_1', 'Married_0', 'Married_1', 'Dependents_0', 'Dependents_1', 'Dependents_2', 'Education_0', 'Education_1', 'Self_Employed_0', 'Self_Employed_1', 'ApplicantIncome', 'CoapplicantIncome', 'LoanAmount', 'Loan_Amount_Term', 'Credit_History', 'Property_Area_0', 'Property_Area_1', 'Loan_Status']
2025-05-08 18:55:47,470 - INFO - [SYNTHETIC EVAL] Metadata columns      (19): ['Gender_0', 'Gender_1', 'Married_0', 'Married_1', 'Dependents_0', 'Dependents_1', 'Dependents_2', 'Education_0', 'Education_1', 'Self_Employed_0', 'Self_Employed_1', 'ApplicantIncome', 'CoapplicantIncome', 'LoanAmount', 'Loan_Amount_Term', 'Credit_History', 'Property_Area_0', 'Property_Area_1', 'Loan_Status']
2025-05-08 18:55:47,470 - INFO - [SYNTHETIC EVAL] Shape — Real: (336, 19), Synthetic: (336, 19)
2025-05-08 18:55:47,470 - INFO - [SYNTHETIC EVAL] Metadata structure:
{
  "METADATA_SPEC_VERSION": "SINGLE_TABLE_V1",
  "columns": {
    "Gender_0": {
      "sdtype": "categorical"
    },
    "Gender_1": {
      "sdtype": "categorical"
    },
    "Married_0": {
      "sdtype": "categorical"
    },
    "Married_1": {
      "sdtype": "categorical"
    },
    "Dependents_0": {
      "sdtype": "categorical"
    },
    "Dependents_1": {
      "sdtype": "categorical"
    },
    "Dependents_2": {
      "sdtype": "categorical"
    },
    "Education_0": {
      "sdtype": "categorical"
    },
    "Education_1": {
      "sdtype": "categorical"
    },
    "Self_Employed_0": {
      "sdtype": "categorical"
    },
    "Self_Employed_1": {
      "sdtype": "categorical"
    },
    "ApplicantIncome": {
      "sdtype": "numerical"
    },
    "CoapplicantIncome": {
      "sdtype": "numerical"
    },
    "LoanAmount": {
      "sdtype": "numerical"
    },
    "Loan_Amount_Term": {
      "sdtype": "categorical"
    },
    "Credit_History": {
      "sdtype": "categorical"
    },
    "Property_Area_0": {
      "sdtype": "categorical"
    },
    "Property_Area_1": {
      "sdtype": "categorical"
    },
    "Loan_Status": {
      "sdtype": "categorical"
    }
  }
}
2025-05-08 18:55:47,907 - INFO -  [SYNTHETIC PIPELINE]  Synthetic Data Evaluation Completed.
2025-05-08 18:55:47,916 - INFO -  [SYNTHETIC PIPELINE] Synthetic Data Report Generated Successfully.
2025-05-08 18:55:48,018 - INFO - [HYBRID] Generated hybrid dataset shape for CTGAN: (336, 19)
2025-05-08 18:55:48,019 - INFO - [HYBRID] Target distribution for CTGAN: {'Y': 219, 'N': 117}
2025-05-08 18:55:48,021 - INFO -  [HYBRID] Saved hybrid dataset to /mnt/NVMETank/Projects/Students/Dele/A-STUDY-INTO-THE-QUALITY-AND-USABILITY-OF-PRIVACY-FRIENDLY-SYNTHETIC-DATA/datasets/hybrid/loan_k5_l5_sup10_CTGAN_HYBRID.csv
2025-05-08 18:55:48,021 - INFO - [HYBRID] Generated hybrid dataset shape for GaussianCopula: (336, 19)
2025-05-08 18:55:48,021 - INFO - [HYBRID] Target distribution for GaussianCopula: {'Y': 223, 'N': 113}
2025-05-08 18:55:48,023 - INFO -  [HYBRID] Saved hybrid dataset to /mnt/NVMETank/Projects/Students/Dele/A-STUDY-INTO-THE-QUALITY-AND-USABILITY-OF-PRIVACY-FRIENDLY-SYNTHETIC-DATA/datasets/hybrid/loan_k5_l5_sup10_GaussianCopula_HYBRID.csv
2025-05-08 18:55:48,023 - INFO - [HYBRID] Generated hybrid dataset shape for TVAE: (336, 19)
2025-05-08 18:55:48,023 - INFO - [HYBRID] Target distribution for TVAE: {'Y': 334, 'N': 2}
2025-05-08 18:55:48,024 - INFO -  [HYBRID] Saved hybrid dataset to /mnt/NVMETank/Projects/Students/Dele/A-STUDY-INTO-THE-QUALITY-AND-USABILITY-OF-PRIVACY-FRIENDLY-SYNTHETIC-DATA/datasets/hybrid/loan_k5_l5_sup10_TVAE_HYBRID.csv
2025-05-08 18:55:48,025 - INFO -  [HYBRID] Hybrid pipeline complete — 3 dataset(s) ready.
2025-05-08 18:55:48,025 - INFO - [HYBRID] Total rows across all hybrid datasets: 1008
2025-05-08 18:55:48,025 - INFO - Hybrid pipeline completed successfully.
2025-05-08 18:55:48,025 - INFO - Hybrid pipeline duration: 24.85 seconds
2025-05-08 18:55:48,025 - INFO - Starting Utility...
2025-05-08 18:55:48,025 - INFO - [UTILITY] Preparing datasets for machine learning...
2025-05-08 18:55:48,025 - INFO - [UTILITY] Original Data - Training Size: 336, Testing Size: 144
2025-05-08 18:55:48,025 - INFO - [UTILITY] Target class distribution (Original): {'Y': 232, 'N': 104}
2025-05-08 18:55:48,026 - INFO - [UTILITY] Processing anonymized dataset...
2025-05-08 18:55:48,026 - INFO - [UTILITY] Anonymized Data - Training Size: 336
2025-05-08 18:55:48,026 - INFO - [UTILITY] Target class distribution (Anonymous): {'Y': 232, 'N': 104}
2025-05-08 18:55:48,026 - INFO - [UTILITY] Processing hybrid dataset generated by CTGAN...
2025-05-08 18:55:48,027 - INFO - [UTILITY] Hybrid Data (CTGAN_HYBRID) - Training Size: 336
2025-05-08 18:55:48,027 - INFO - [UTILITY] Target class distribution (CTGAN_HYBRID): {'Y': 219, 'N': 117}
2025-05-08 18:55:48,027 - INFO - [UTILITY] Processing hybrid dataset generated by GaussianCopula...
2025-05-08 18:55:48,027 - INFO - [UTILITY] Hybrid Data (GaussianCopula_HYBRID) - Training Size: 336
2025-05-08 18:55:48,027 - INFO - [UTILITY] Target class distribution (GaussianCopula_HYBRID): {'Y': 223, 'N': 113}
2025-05-08 18:55:48,028 - INFO - [UTILITY] Processing hybrid dataset generated by TVAE...
2025-05-08 18:55:48,028 - INFO - [UTILITY] Hybrid Data (TVAE_HYBRID) - Training Size: 336
2025-05-08 18:55:48,028 - INFO - [UTILITY] Target class distribution (TVAE_HYBRID): {'Y': 334, 'N': 2}
2025-05-08 18:55:48,028 - INFO - [UTILITY] Training models on all datasets...
2025-05-08 18:55:48,028 - INFO - [UTILITY] Total datasets used for training: 5
2025-05-08 18:55:48,028 - INFO - [TRAINING] Training models from scratch...
2025-05-08 18:55:48,028 - INFO - [TRAINING] Starting training for dataset: Original — Rows: 336, Features: 18
2025-05-08 18:55:48,028 - INFO - [TRAINING] Training DecisionTree on Original...
2025-05-08 18:55:48,031 - INFO - [TRAINING] DecisionTree trained successfully on Original in 0.00 sec
2025-05-08 18:55:48,031 - INFO - [TRAINING] Training KNN on Original...
2025-05-08 18:55:48,032 - INFO - [TRAINING] KNN trained successfully on Original in 0.00 sec
2025-05-08 18:55:48,032 - INFO - [TRAINING] Training LogisticRegression on Original...
2025-05-08 18:55:48,036 - INFO - [TRAINING] LogisticRegression trained successfully on Original in 0.00 sec
2025-05-08 18:55:48,036 - INFO - [TRAINING] Training RandomForest on Original...
2025-05-08 18:55:48,126 - INFO - [TRAINING] RandomForest trained successfully on Original in 0.09 sec
2025-05-08 18:55:48,127 - INFO - [TRAINING] Training SVM on Original...
2025-05-08 18:55:48,131 - INFO - [TRAINING] SVM trained successfully on Original in 0.00 sec
2025-05-08 18:55:48,131 - INFO - [TRAINING] Finished training 5 model(s) for dataset: Original
2025-05-08 18:55:48,131 - INFO - [TRAINING] Starting training for dataset: Anonymous — Rows: 336, Features: 18
2025-05-08 18:55:48,131 - INFO - [TRAINING] Training DecisionTree on Anonymous...
2025-05-08 18:55:48,133 - INFO - [TRAINING] DecisionTree trained successfully on Anonymous in 0.00 sec
2025-05-08 18:55:48,133 - INFO - [TRAINING] Training KNN on Anonymous...
2025-05-08 18:55:48,134 - INFO - [TRAINING] KNN trained successfully on Anonymous in 0.00 sec
2025-05-08 18:55:48,134 - INFO - [TRAINING] Training LogisticRegression on Anonymous...
2025-05-08 18:55:48,138 - INFO - [TRAINING] LogisticRegression trained successfully on Anonymous in 0.00 sec
2025-05-08 18:55:48,138 - INFO - [TRAINING] Training RandomForest on Anonymous...
2025-05-08 18:55:48,240 - INFO - [TRAINING] RandomForest trained successfully on Anonymous in 0.10 sec
2025-05-08 18:55:48,240 - INFO - [TRAINING] Training SVM on Anonymous...
2025-05-08 18:55:48,247 - INFO - [TRAINING] SVM trained successfully on Anonymous in 0.01 sec
2025-05-08 18:55:48,247 - INFO - [TRAINING] Finished training 5 model(s) for dataset: Anonymous
2025-05-08 18:55:48,247 - INFO - [TRAINING] Starting training for dataset: CTGAN_HYBRID — Rows: 336, Features: 18
2025-05-08 18:55:48,247 - INFO - [TRAINING] Training DecisionTree on CTGAN_HYBRID...
2025-05-08 18:55:48,250 - INFO - [TRAINING] DecisionTree trained successfully on CTGAN_HYBRID in 0.00 sec
2025-05-08 18:55:48,250 - INFO - [TRAINING] Training KNN on CTGAN_HYBRID...
2025-05-08 18:55:48,251 - INFO - [TRAINING] KNN trained successfully on CTGAN_HYBRID in 0.00 sec
2025-05-08 18:55:48,252 - INFO - [TRAINING] Training LogisticRegression on CTGAN_HYBRID...
2025-05-08 18:55:48,261 - INFO - [TRAINING] LogisticRegression trained successfully on CTGAN_HYBRID in 0.01 sec
2025-05-08 18:55:48,261 - INFO - [TRAINING] Training RandomForest on CTGAN_HYBRID...
2025-05-08 18:55:48,352 - INFO - [TRAINING] RandomForest trained successfully on CTGAN_HYBRID in 0.09 sec
2025-05-08 18:55:48,353 - INFO - [TRAINING] Training SVM on CTGAN_HYBRID...
2025-05-08 18:55:48,356 - INFO - [TRAINING] SVM trained successfully on CTGAN_HYBRID in 0.00 sec
2025-05-08 18:55:48,356 - INFO - [TRAINING] Finished training 5 model(s) for dataset: CTGAN_HYBRID
2025-05-08 18:55:48,356 - INFO - [TRAINING] Starting training for dataset: GaussianCopula_HYBRID — Rows: 336, Features: 18
2025-05-08 18:55:48,356 - INFO - [TRAINING] Training DecisionTree on GaussianCopula_HYBRID...
2025-05-08 18:55:48,359 - INFO - [TRAINING] DecisionTree trained successfully on GaussianCopula_HYBRID in 0.00 sec
2025-05-08 18:55:48,359 - INFO - [TRAINING] Training KNN on GaussianCopula_HYBRID...
2025-05-08 18:55:48,360 - INFO - [TRAINING] KNN trained successfully on GaussianCopula_HYBRID in 0.00 sec
2025-05-08 18:55:48,360 - INFO - [TRAINING] Training LogisticRegression on GaussianCopula_HYBRID...
2025-05-08 18:55:48,363 - INFO - [TRAINING] LogisticRegression trained successfully on GaussianCopula_HYBRID in 0.00 sec
2025-05-08 18:55:48,363 - INFO - [TRAINING] Training RandomForest on GaussianCopula_HYBRID...
2025-05-08 18:55:48,465 - INFO - [TRAINING] RandomForest trained successfully on GaussianCopula_HYBRID in 0.10 sec
2025-05-08 18:55:48,465 - INFO - [TRAINING] Training SVM on GaussianCopula_HYBRID...
2025-05-08 18:55:48,471 - INFO - [TRAINING] SVM trained successfully on GaussianCopula_HYBRID in 0.01 sec
2025-05-08 18:55:48,471 - INFO - [TRAINING] Finished training 5 model(s) for dataset: GaussianCopula_HYBRID
2025-05-08 18:55:48,471 - INFO - [TRAINING] Starting training for dataset: TVAE_HYBRID — Rows: 336, Features: 18
2025-05-08 18:55:48,471 - INFO - [TRAINING] Training DecisionTree on TVAE_HYBRID...
2025-05-08 18:55:48,473 - INFO - [TRAINING] DecisionTree trained successfully on TVAE_HYBRID in 0.00 sec
2025-05-08 18:55:48,473 - INFO - [TRAINING] Training KNN on TVAE_HYBRID...
2025-05-08 18:55:48,474 - INFO - [TRAINING] KNN trained successfully on TVAE_HYBRID in 0.00 sec
2025-05-08 18:55:48,474 - INFO - [TRAINING] Training LogisticRegression on TVAE_HYBRID...
2025-05-08 18:55:48,479 - INFO - [TRAINING] LogisticRegression trained successfully on TVAE_HYBRID in 0.00 sec
2025-05-08 18:55:48,479 - INFO - [TRAINING] Training RandomForest on TVAE_HYBRID...
2025-05-08 18:55:48,563 - INFO - [TRAINING] RandomForest trained successfully on TVAE_HYBRID in 0.08 sec
2025-05-08 18:55:48,563 - INFO - [TRAINING] Training SVM on TVAE_HYBRID...
2025-05-08 18:55:48,564 - INFO - [TRAINING] SVM trained successfully on TVAE_HYBRID in 0.00 sec
2025-05-08 18:55:48,564 - INFO - [TRAINING] Finished training 5 model(s) for dataset: TVAE_HYBRID
2025-05-08 18:55:48,564 - INFO - [TRAINING] Total models trained across all datasets: 25
2025-05-08 18:55:48,564 - INFO - [UTILITY] Trained model names: ['Original', 'Anonymous', 'CTGAN_HYBRID', 'GaussianCopula_HYBRID', 'TVAE_HYBRID']
2025-05-08 18:55:48,564 - INFO - [UTILITY] Model Training Completed.
2025-05-08 18:55:48,564 - INFO - Starting the Evaluating of models...
2025-05-08 18:55:48,564 - INFO - Preparing evaluation for model 'DecisionTree' across all datasets...
2025-05-08 18:55:48,564 - INFO - Evaluating DecisionTree on Original...
2025-05-08 18:55:48,566 - INFO - Predictions completed for DecisionTree on Original
2025-05-08 18:55:48,566 - INFO - Prediction distribution for DecisionTree on Original: {'Y': 92, 'N': 52}
2025-05-08 18:55:48,575 - INFO - Computed 8 metric(s) for DecisionTree on Original
2025-05-08 18:55:48,575 - INFO - Evaluating DecisionTree on Anonymous...
2025-05-08 18:55:48,577 - INFO - Predictions completed for DecisionTree on Anonymous
2025-05-08 18:55:48,577 - INFO - Prediction distribution for DecisionTree on Anonymous: {'N': 84, 'Y': 60}
2025-05-08 18:55:48,586 - INFO - Computed 8 metric(s) for DecisionTree on Anonymous
2025-05-08 18:55:48,586 - INFO - Evaluating DecisionTree on CTGAN_HYBRID...
2025-05-08 18:55:48,587 - INFO - Predictions completed for DecisionTree on CTGAN_HYBRID
2025-05-08 18:55:48,587 - INFO - Prediction distribution for DecisionTree on CTGAN_HYBRID: {'Y': 86, 'N': 58}
2025-05-08 18:55:48,596 - INFO - Computed 8 metric(s) for DecisionTree on CTGAN_HYBRID
2025-05-08 18:55:48,596 - INFO - Evaluating DecisionTree on GaussianCopula_HYBRID...
2025-05-08 18:55:48,597 - INFO - Predictions completed for DecisionTree on GaussianCopula_HYBRID
2025-05-08 18:55:48,598 - INFO - Prediction distribution for DecisionTree on GaussianCopula_HYBRID: {'Y': 100, 'N': 44}
2025-05-08 18:55:48,607 - INFO - Computed 8 metric(s) for DecisionTree on GaussianCopula_HYBRID
2025-05-08 18:55:48,607 - INFO - Evaluating DecisionTree on TVAE_HYBRID...
2025-05-08 18:55:48,608 - INFO - Predictions completed for DecisionTree on TVAE_HYBRID
2025-05-08 18:55:48,608 - INFO - Prediction distribution for DecisionTree on TVAE_HYBRID: {'Y': 144}
2025-05-08 18:55:48,608 - WARNING -  [WARNING] :DecisionTree on TVAE_HYBRID predicted only one class: {'Y'}
2025-05-08 18:55:48,610 - WARNING - [UndefinedMetricWarning] Precision is ill-defined and being set to 0.0 in labels with no predicted samples. Use `zero_division` parameter to control this behavior. (from /mnt/NVMETank/Projects/Students/Dele/A-STUDY-INTO-THE-QUALITY-AND-USABILITY-OF-PRIVACY-FRIENDLY-SYNTHETIC-DATA/.venv/lib/python3.12/site-packages/sklearn/metrics/_classification.py:1565)
2025-05-08 18:55:48,612 - WARNING - [UndefinedMetricWarning] Precision is ill-defined and being set to 0.0 in labels with no predicted samples. Use `zero_division` parameter to control this behavior. (from /mnt/NVMETank/Projects/Students/Dele/A-STUDY-INTO-THE-QUALITY-AND-USABILITY-OF-PRIVACY-FRIENDLY-SYNTHETIC-DATA/.venv/lib/python3.12/site-packages/sklearn/metrics/_classification.py:1565)
2025-05-08 18:55:48,614 - WARNING - [UndefinedMetricWarning] Precision is ill-defined and being set to 0.0 in labels with no predicted samples. Use `zero_division` parameter to control this behavior. (from /mnt/NVMETank/Projects/Students/Dele/A-STUDY-INTO-THE-QUALITY-AND-USABILITY-OF-PRIVACY-FRIENDLY-SYNTHETIC-DATA/.venv/lib/python3.12/site-packages/sklearn/metrics/_classification.py:1565)
2025-05-08 18:55:48,620 - INFO - Computed 8 metric(s) for DecisionTree on TVAE_HYBRID
2025-05-08 18:55:48,620 - INFO - Preparing evaluation for model 'KNN' across all datasets...
2025-05-08 18:55:48,620 - INFO - Evaluating KNN on Original...
2025-05-08 18:55:48,684 - INFO - Predictions completed for KNN on Original
2025-05-08 18:55:48,684 - INFO - Prediction distribution for KNN on Original: {'Y': 115, 'N': 29}
2025-05-08 18:55:48,797 - INFO - Computed 8 metric(s) for KNN on Original
2025-05-08 18:55:48,797 - INFO - Evaluating KNN on Anonymous...
2025-05-08 18:55:48,855 - INFO - Predictions completed for KNN on Anonymous
2025-05-08 18:55:48,856 - INFO - Prediction distribution for KNN on Anonymous: {'Y': 113, 'N': 31}
2025-05-08 18:55:48,877 - INFO - Computed 8 metric(s) for KNN on Anonymous
2025-05-08 18:55:48,877 - INFO - Evaluating KNN on CTGAN_HYBRID...
2025-05-08 18:55:48,883 - INFO - Predictions completed for KNN on CTGAN_HYBRID
2025-05-08 18:55:48,883 - INFO - Prediction distribution for KNN on CTGAN_HYBRID: {'Y': 119, 'N': 25}
2025-05-08 18:55:48,894 - INFO - Computed 8 metric(s) for KNN on CTGAN_HYBRID
2025-05-08 18:55:48,895 - INFO - Evaluating KNN on GaussianCopula_HYBRID...
2025-05-08 18:55:48,900 - INFO - Predictions completed for KNN on GaussianCopula_HYBRID
2025-05-08 18:55:48,900 - INFO - Prediction distribution for KNN on GaussianCopula_HYBRID: {'Y': 126, 'N': 18}
2025-05-08 18:55:48,912 - INFO - Computed 8 metric(s) for KNN on GaussianCopula_HYBRID
2025-05-08 18:55:48,912 - INFO - Evaluating KNN on TVAE_HYBRID...
2025-05-08 18:55:48,917 - INFO - Predictions completed for KNN on TVAE_HYBRID
2025-05-08 18:55:48,918 - INFO - Prediction distribution for KNN on TVAE_HYBRID: {'Y': 144}
2025-05-08 18:55:48,918 - WARNING -  [WARNING] :KNN on TVAE_HYBRID predicted only one class: {'Y'}
2025-05-08 18:55:48,919 - WARNING - [UndefinedMetricWarning] Precision is ill-defined and being set to 0.0 in labels with no predicted samples. Use `zero_division` parameter to control this behavior. (from /mnt/NVMETank/Projects/Students/Dele/A-STUDY-INTO-THE-QUALITY-AND-USABILITY-OF-PRIVACY-FRIENDLY-SYNTHETIC-DATA/.venv/lib/python3.12/site-packages/sklearn/metrics/_classification.py:1565)
2025-05-08 18:55:48,921 - WARNING - [UndefinedMetricWarning] Precision is ill-defined and being set to 0.0 in labels with no predicted samples. Use `zero_division` parameter to control this behavior. (from /mnt/NVMETank/Projects/Students/Dele/A-STUDY-INTO-THE-QUALITY-AND-USABILITY-OF-PRIVACY-FRIENDLY-SYNTHETIC-DATA/.venv/lib/python3.12/site-packages/sklearn/metrics/_classification.py:1565)
2025-05-08 18:55:48,922 - WARNING - [UndefinedMetricWarning] Precision is ill-defined and being set to 0.0 in labels with no predicted samples. Use `zero_division` parameter to control this behavior. (from /mnt/NVMETank/Projects/Students/Dele/A-STUDY-INTO-THE-QUALITY-AND-USABILITY-OF-PRIVACY-FRIENDLY-SYNTHETIC-DATA/.venv/lib/python3.12/site-packages/sklearn/metrics/_classification.py:1565)
2025-05-08 18:55:48,929 - INFO - Computed 8 metric(s) for KNN on TVAE_HYBRID
2025-05-08 18:55:48,929 - INFO - Preparing evaluation for model 'LogisticRegression' across all datasets...
2025-05-08 18:55:48,929 - INFO - Evaluating LogisticRegression on Original...
2025-05-08 18:55:48,931 - INFO - Predictions completed for LogisticRegression on Original
2025-05-08 18:55:48,931 - INFO - Prediction distribution for LogisticRegression on Original: {'Y': 115, 'N': 29}
2025-05-08 18:55:48,940 - INFO - Computed 8 metric(s) for LogisticRegression on Original
2025-05-08 18:55:48,940 - INFO - Evaluating LogisticRegression on Anonymous...
2025-05-08 18:55:48,941 - INFO - Predictions completed for LogisticRegression on Anonymous
2025-05-08 18:55:48,941 - INFO - Prediction distribution for LogisticRegression on Anonymous: {'N': 100, 'Y': 44}
2025-05-08 18:55:48,950 - INFO - Computed 8 metric(s) for LogisticRegression on Anonymous
2025-05-08 18:55:48,950 - INFO - Evaluating LogisticRegression on CTGAN_HYBRID...
2025-05-08 18:55:48,951 - INFO - Predictions completed for LogisticRegression on CTGAN_HYBRID
2025-05-08 18:55:48,951 - INFO - Prediction distribution for LogisticRegression on CTGAN_HYBRID: {'Y': 138, 'N': 6}
2025-05-08 18:55:48,960 - INFO - Computed 8 metric(s) for LogisticRegression on CTGAN_HYBRID
2025-05-08 18:55:48,960 - INFO - Evaluating LogisticRegression on GaussianCopula_HYBRID...
2025-05-08 18:55:48,961 - INFO - Predictions completed for LogisticRegression on GaussianCopula_HYBRID
2025-05-08 18:55:48,962 - INFO - Prediction distribution for LogisticRegression on GaussianCopula_HYBRID: {'Y': 131, 'N': 13}
2025-05-08 18:55:48,971 - INFO - Computed 8 metric(s) for LogisticRegression on GaussianCopula_HYBRID
2025-05-08 18:55:48,971 - INFO - Evaluating LogisticRegression on TVAE_HYBRID...
2025-05-08 18:55:48,972 - INFO - Predictions completed for LogisticRegression on TVAE_HYBRID
2025-05-08 18:55:48,972 - INFO - Prediction distribution for LogisticRegression on TVAE_HYBRID: {'Y': 143, 'N': 1}
2025-05-08 18:55:48,981 - INFO - Computed 8 metric(s) for LogisticRegression on TVAE_HYBRID
2025-05-08 18:55:48,981 - INFO - Preparing evaluation for model 'RandomForest' across all datasets...
2025-05-08 18:55:48,981 - INFO - Evaluating RandomForest on Original...
2025-05-08 18:55:48,987 - INFO - Predictions completed for RandomForest on Original
2025-05-08 18:55:48,987 - INFO - Prediction distribution for RandomForest on Original: {'Y': 107, 'N': 37}
2025-05-08 18:55:49,005 - INFO - Computed 8 metric(s) for RandomForest on Original
2025-05-08 18:55:49,005 - INFO - Evaluating RandomForest on Anonymous...
2025-05-08 18:55:49,011 - INFO - Predictions completed for RandomForest on Anonymous
2025-05-08 18:55:49,011 - INFO - Prediction distribution for RandomForest on Anonymous: {'N': 79, 'Y': 65}
2025-05-08 18:55:49,029 - INFO - Computed 8 metric(s) for RandomForest on Anonymous
2025-05-08 18:55:49,029 - INFO - Evaluating RandomForest on CTGAN_HYBRID...
2025-05-08 18:55:49,034 - INFO - Predictions completed for RandomForest on CTGAN_HYBRID
2025-05-08 18:55:49,035 - INFO - Prediction distribution for RandomForest on CTGAN_HYBRID: {'Y': 122, 'N': 22}
2025-05-08 18:55:49,052 - INFO - Computed 8 metric(s) for RandomForest on CTGAN_HYBRID
2025-05-08 18:55:49,052 - INFO - Evaluating RandomForest on GaussianCopula_HYBRID...
2025-05-08 18:55:49,058 - INFO - Predictions completed for RandomForest on GaussianCopula_HYBRID
2025-05-08 18:55:49,058 - INFO - Prediction distribution for RandomForest on GaussianCopula_HYBRID: {'Y': 106, 'N': 38}
2025-05-08 18:55:49,077 - INFO - Computed 8 metric(s) for RandomForest on GaussianCopula_HYBRID
2025-05-08 18:55:49,077 - INFO - Evaluating RandomForest on TVAE_HYBRID...
2025-05-08 18:55:49,082 - INFO - Predictions completed for RandomForest on TVAE_HYBRID
2025-05-08 18:55:49,082 - INFO - Prediction distribution for RandomForest on TVAE_HYBRID: {'Y': 144}
2025-05-08 18:55:49,082 - WARNING -  [WARNING] :RandomForest on TVAE_HYBRID predicted only one class: {'Y'}
2025-05-08 18:55:49,084 - WARNING - [UndefinedMetricWarning] Precision is ill-defined and being set to 0.0 in labels with no predicted samples. Use `zero_division` parameter to control this behavior. (from /mnt/NVMETank/Projects/Students/Dele/A-STUDY-INTO-THE-QUALITY-AND-USABILITY-OF-PRIVACY-FRIENDLY-SYNTHETIC-DATA/.venv/lib/python3.12/site-packages/sklearn/metrics/_classification.py:1565)
2025-05-08 18:55:49,085 - WARNING - [UndefinedMetricWarning] Precision is ill-defined and being set to 0.0 in labels with no predicted samples. Use `zero_division` parameter to control this behavior. (from /mnt/NVMETank/Projects/Students/Dele/A-STUDY-INTO-THE-QUALITY-AND-USABILITY-OF-PRIVACY-FRIENDLY-SYNTHETIC-DATA/.venv/lib/python3.12/site-packages/sklearn/metrics/_classification.py:1565)
2025-05-08 18:55:49,087 - WARNING - [UndefinedMetricWarning] Precision is ill-defined and being set to 0.0 in labels with no predicted samples. Use `zero_division` parameter to control this behavior. (from /mnt/NVMETank/Projects/Students/Dele/A-STUDY-INTO-THE-QUALITY-AND-USABILITY-OF-PRIVACY-FRIENDLY-SYNTHETIC-DATA/.venv/lib/python3.12/site-packages/sklearn/metrics/_classification.py:1565)
2025-05-08 18:55:49,099 - INFO - Computed 8 metric(s) for RandomForest on TVAE_HYBRID
2025-05-08 18:55:49,099 - INFO - Preparing evaluation for model 'SVM' across all datasets...
2025-05-08 18:55:49,099 - INFO - Evaluating SVM on Original...
2025-05-08 18:55:49,101 - INFO - Predictions completed for SVM on Original
2025-05-08 18:55:49,101 - INFO - Prediction distribution for SVM on Original: {'Y': 144}
2025-05-08 18:55:49,101 - WARNING -  [WARNING] :SVM on Original predicted only one class: {'Y'}
2025-05-08 18:55:49,103 - WARNING - [UndefinedMetricWarning] Precision is ill-defined and being set to 0.0 in labels with no predicted samples. Use `zero_division` parameter to control this behavior. (from /mnt/NVMETank/Projects/Students/Dele/A-STUDY-INTO-THE-QUALITY-AND-USABILITY-OF-PRIVACY-FRIENDLY-SYNTHETIC-DATA/.venv/lib/python3.12/site-packages/sklearn/metrics/_classification.py:1565)
2025-05-08 18:55:49,104 - WARNING - [UndefinedMetricWarning] Precision is ill-defined and being set to 0.0 in labels with no predicted samples. Use `zero_division` parameter to control this behavior. (from /mnt/NVMETank/Projects/Students/Dele/A-STUDY-INTO-THE-QUALITY-AND-USABILITY-OF-PRIVACY-FRIENDLY-SYNTHETIC-DATA/.venv/lib/python3.12/site-packages/sklearn/metrics/_classification.py:1565)
2025-05-08 18:55:49,105 - WARNING - [UndefinedMetricWarning] Precision is ill-defined and being set to 0.0 in labels with no predicted samples. Use `zero_division` parameter to control this behavior. (from /mnt/NVMETank/Projects/Students/Dele/A-STUDY-INTO-THE-QUALITY-AND-USABILITY-OF-PRIVACY-FRIENDLY-SYNTHETIC-DATA/.venv/lib/python3.12/site-packages/sklearn/metrics/_classification.py:1565)
2025-05-08 18:55:49,107 - INFO - Computed 8 metric(s) for SVM on Original
2025-05-08 18:55:49,107 - INFO - Evaluating SVM on Anonymous...
2025-05-08 18:55:49,109 - INFO - Predictions completed for SVM on Anonymous
2025-05-08 18:55:49,109 - INFO - Prediction distribution for SVM on Anonymous: {'Y': 144}
2025-05-08 18:55:49,109 - WARNING -  [WARNING] :SVM on Anonymous predicted only one class: {'Y'}
2025-05-08 18:55:49,111 - WARNING - [UndefinedMetricWarning] Precision is ill-defined and being set to 0.0 in labels with no predicted samples. Use `zero_division` parameter to control this behavior. (from /mnt/NVMETank/Projects/Students/Dele/A-STUDY-INTO-THE-QUALITY-AND-USABILITY-OF-PRIVACY-FRIENDLY-SYNTHETIC-DATA/.venv/lib/python3.12/site-packages/sklearn/metrics/_classification.py:1565)
2025-05-08 18:55:49,112 - WARNING - [UndefinedMetricWarning] Precision is ill-defined and being set to 0.0 in labels with no predicted samples. Use `zero_division` parameter to control this behavior. (from /mnt/NVMETank/Projects/Students/Dele/A-STUDY-INTO-THE-QUALITY-AND-USABILITY-OF-PRIVACY-FRIENDLY-SYNTHETIC-DATA/.venv/lib/python3.12/site-packages/sklearn/metrics/_classification.py:1565)
2025-05-08 18:55:49,113 - WARNING - [UndefinedMetricWarning] Precision is ill-defined and being set to 0.0 in labels with no predicted samples. Use `zero_division` parameter to control this behavior. (from /mnt/NVMETank/Projects/Students/Dele/A-STUDY-INTO-THE-QUALITY-AND-USABILITY-OF-PRIVACY-FRIENDLY-SYNTHETIC-DATA/.venv/lib/python3.12/site-packages/sklearn/metrics/_classification.py:1565)
2025-05-08 18:55:49,115 - INFO - Computed 8 metric(s) for SVM on Anonymous
2025-05-08 18:55:49,115 - INFO - Evaluating SVM on CTGAN_HYBRID...
2025-05-08 18:55:49,117 - INFO - Predictions completed for SVM on CTGAN_HYBRID
2025-05-08 18:55:49,117 - INFO - Prediction distribution for SVM on CTGAN_HYBRID: {'Y': 140, 'N': 4}
2025-05-08 18:55:49,123 - INFO - Computed 8 metric(s) for SVM on CTGAN_HYBRID
2025-05-08 18:55:49,123 - INFO - Evaluating SVM on GaussianCopula_HYBRID...
2025-05-08 18:55:49,125 - INFO - Predictions completed for SVM on GaussianCopula_HYBRID
2025-05-08 18:55:49,125 - INFO - Prediction distribution for SVM on GaussianCopula_HYBRID: {'Y': 144}
2025-05-08 18:55:49,125 - WARNING -  [WARNING] :SVM on GaussianCopula_HYBRID predicted only one class: {'Y'}
2025-05-08 18:55:49,127 - WARNING - [UndefinedMetricWarning] Precision is ill-defined and being set to 0.0 in labels with no predicted samples. Use `zero_division` parameter to control this behavior. (from /mnt/NVMETank/Projects/Students/Dele/A-STUDY-INTO-THE-QUALITY-AND-USABILITY-OF-PRIVACY-FRIENDLY-SYNTHETIC-DATA/.venv/lib/python3.12/site-packages/sklearn/metrics/_classification.py:1565)
2025-05-08 18:55:49,128 - WARNING - [UndefinedMetricWarning] Precision is ill-defined and being set to 0.0 in labels with no predicted samples. Use `zero_division` parameter to control this behavior. (from /mnt/NVMETank/Projects/Students/Dele/A-STUDY-INTO-THE-QUALITY-AND-USABILITY-OF-PRIVACY-FRIENDLY-SYNTHETIC-DATA/.venv/lib/python3.12/site-packages/sklearn/metrics/_classification.py:1565)
2025-05-08 18:55:49,130 - WARNING - [UndefinedMetricWarning] Precision is ill-defined and being set to 0.0 in labels with no predicted samples. Use `zero_division` parameter to control this behavior. (from /mnt/NVMETank/Projects/Students/Dele/A-STUDY-INTO-THE-QUALITY-AND-USABILITY-OF-PRIVACY-FRIENDLY-SYNTHETIC-DATA/.venv/lib/python3.12/site-packages/sklearn/metrics/_classification.py:1565)
2025-05-08 18:55:49,131 - INFO - Computed 8 metric(s) for SVM on GaussianCopula_HYBRID
2025-05-08 18:55:49,131 - INFO - Evaluating SVM on TVAE_HYBRID...
2025-05-08 18:55:49,132 - INFO - Predictions completed for SVM on TVAE_HYBRID
2025-05-08 18:55:49,133 - INFO - Prediction distribution for SVM on TVAE_HYBRID: {'Y': 144}
2025-05-08 18:55:49,133 - WARNING -  [WARNING] :SVM on TVAE_HYBRID predicted only one class: {'Y'}
2025-05-08 18:55:49,134 - WARNING - [UndefinedMetricWarning] Precision is ill-defined and being set to 0.0 in labels with no predicted samples. Use `zero_division` parameter to control this behavior. (from /mnt/NVMETank/Projects/Students/Dele/A-STUDY-INTO-THE-QUALITY-AND-USABILITY-OF-PRIVACY-FRIENDLY-SYNTHETIC-DATA/.venv/lib/python3.12/site-packages/sklearn/metrics/_classification.py:1565)
2025-05-08 18:55:49,135 - WARNING - [UndefinedMetricWarning] Precision is ill-defined and being set to 0.0 in labels with no predicted samples. Use `zero_division` parameter to control this behavior. (from /mnt/NVMETank/Projects/Students/Dele/A-STUDY-INTO-THE-QUALITY-AND-USABILITY-OF-PRIVACY-FRIENDLY-SYNTHETIC-DATA/.venv/lib/python3.12/site-packages/sklearn/metrics/_classification.py:1565)
2025-05-08 18:55:49,137 - WARNING - [UndefinedMetricWarning] Precision is ill-defined and being set to 0.0 in labels with no predicted samples. Use `zero_division` parameter to control this behavior. (from /mnt/NVMETank/Projects/Students/Dele/A-STUDY-INTO-THE-QUALITY-AND-USABILITY-OF-PRIVACY-FRIENDLY-SYNTHETIC-DATA/.venv/lib/python3.12/site-packages/sklearn/metrics/_classification.py:1565)
2025-05-08 18:55:49,138 - INFO - Computed 8 metric(s) for SVM on TVAE_HYBRID
2025-05-08 18:55:49,142 - INFO - Evaluation completed for all models.
2025-05-08 18:55:49,142 - INFO - Model evaluation completed in 0.58 seconds.
2025-05-08 18:55:49,144 - INFO - Evaluated models: ['DecisionTree', 'KNN', 'LogisticRegression', 'RandomForest', 'SVM']
2025-05-08 18:55:49,145 - INFO - Model Training and Evaluation completed.
2025-05-08 18:55:49,756 - INFO -  Visualizations saved.
2025-05-08 18:55:49,756 - INFO -  Benchmarking Completed. Results saved in output folder.
