2025-04-13 17:44:09,765 - INFO - Loaded config file: configs/generated_configs/crimeData/crimeData_synth_ep20.yaml
2025-04-13 17:44:09,766 - INFO -  Benchmarking started for dataset: crimeData
2025-04-13 17:44:09,766 - INFO - Configuration loaded: enable_anonymization = False, enable_synthesis = True
2025-04-13 17:44:09,766 - INFO - Running preprocessing...
2025-04-13 17:44:09,770 - INFO - Preprocessed files found. Skipping preprocessing.
2025-04-13 17:44:12,092 - INFO - Preprocessing completed. Rows before: 974477, after: 260402
2025-04-13 17:44:12,092 - INFO - enable_anonymization = None
2025-04-13 17:44:12,092 - INFO - Anonymization Skipped (Disabled in Configuration).
2025-04-13 17:44:12,092 - INFO - enable_synthetic_generation = True
2025-04-13 17:44:12,092 - INFO - Starting Synthetic Data Generation Pipeline...
2025-04-13 17:44:12,334 - INFO - Detected metadata:
2025-04-13 17:44:12,334 - INFO - {
    "METADATA_SPEC_VERSION": "SINGLE_TABLE_V1",
    "primary_key": "DR_NO",
    "columns": {
        "DR_NO": {
            "sdtype": "id"
        },
        "Date_occured_0": {
            "sdtype": "categorical"
        },
        "Date_occured_1": {
            "sdtype": "categorical"
        },
        "Date_occured_2": {
            "sdtype": "categorical"
        },
        "Date_occured_3": {
            "sdtype": "categorical"
        },
        "Date_occured_4": {
            "sdtype": "categorical"
        },
        "Date_occured_5": {
            "sdtype": "categorical"
        },
        "Date_occured_6": {
            "sdtype": "categorical"
        },
        "Date_occured_7": {
            "sdtype": "categorical"
        },
        "Date_occured_8": {
            "sdtype": "categorical"
        },
        "Date_occured_9": {
            "sdtype": "categorical"
        },
        "Date_occured_10": {
            "sdtype": "categorical"
        },
        "Time_occured": {
            "sdtype": "numerical"
        },
        "Crime_Code_0": {
            "sdtype": "categorical"
        },
        "Crime_Code_1": {
            "sdtype": "categorical"
        },
        "Crime_Code_2": {
            "sdtype": "categorical"
        },
        "Crime_Code_3": {
            "sdtype": "categorical"
        },
        "Crime_Code_4": {
            "sdtype": "categorical"
        },
        "Crime_Code_5": {
            "sdtype": "categorical"
        },
        "Crime_Code_6": {
            "sdtype": "categorical"
        },
        "Victim_age": {
            "sdtype": "numerical"
        },
        "Victim_sex_1": {
            "sdtype": "categorical"
        },
        "Victim_sex_2": {
            "sdtype": "categorical"
        },
        "Victim_descent_0": {
            "sdtype": "categorical"
        },
        "Victim_descent_1": {
            "sdtype": "categorical"
        },
        "Victim_descent_2": {
            "sdtype": "categorical"
        },
        "Victim_descent_3": {
            "sdtype": "categorical"
        },
        "Victim_descent_4": {
            "sdtype": "categorical"
        },
        "Premis_0": {
            "sdtype": "categorical"
        },
        "Premis_1": {
            "sdtype": "categorical"
        },
        "Premis_2": {
            "sdtype": "categorical"
        },
        "Premis_3": {
            "sdtype": "categorical"
        },
        "Premis_4": {
            "sdtype": "categorical"
        },
        "Premis_5": {
            "sdtype": "categorical"
        },
        "Premis_6": {
            "sdtype": "categorical"
        },
        "Premis_7": {
            "sdtype": "categorical"
        },
        "Premis_8": {
            "sdtype": "categorical"
        },
        "Weapon_0": {
            "sdtype": "categorical"
        },
        "Weapon_1": {
            "sdtype": "categorical"
        },
        "Weapon_2": {
            "sdtype": "categorical"
        },
        "Weapon_3": {
            "sdtype": "categorical"
        },
        "Weapon_4": {
            "sdtype": "categorical"
        },
        "Weapon_5": {
            "sdtype": "categorical"
        },
        "Weapon_6": {
            "sdtype": "categorical"
        },
        "Status": {
            "sdtype": "categorical"
        },
        "LAT": {
            "sdtype": "numerical"
        },
        "LON": {
            "sdtype": "numerical"
        }
    }
}
2025-04-13 17:44:12,339 - INFO - {'EVENT': 'Instance', 'TIMESTAMP': datetime.datetime(2025, 4, 13, 17, 44, 12, 339722), 'SYNTHESIZER CLASS NAME': 'CTGANSynthesizer', 'SYNTHESIZER ID': 'CTGANSynthesizer_1.18.0_35a2e9960bbd4e28ba6a475b7085c13e'}
2025-04-13 17:44:12,339 - INFO - {'EVENT': 'Fit', 'TIMESTAMP': datetime.datetime(2025, 4, 13, 17, 44, 12, 339873), 'SYNTHESIZER CLASS NAME': 'CTGANSynthesizer', 'SYNTHESIZER ID': 'CTGANSynthesizer_1.18.0_35a2e9960bbd4e28ba6a475b7085c13e', 'TOTAL NUMBER OF TABLES': 1, 'TOTAL NUMBER OF ROWS': 260402, 'TOTAL NUMBER OF COLUMNS': 47}
2025-04-13 17:44:12,647 - INFO - Fitting table  metadata
2025-04-13 17:44:12,670 - INFO - Fitting formatters for table 
2025-04-13 17:44:12,680 - INFO - Fitting constraints for table 
2025-04-13 17:44:12,680 - INFO - Setting the configuration for the ``HyperTransformer`` for table 
2025-04-13 17:44:12,682 - INFO - Fitting HyperTransformer for table 
2025-04-13 17:44:13,458 - INFO - {'EVENT': 'Fit processed data', 'TIMESTAMP': datetime.datetime(2025, 4, 13, 17, 44, 13, 458191), 'SYNTHESIZER CLASS NAME': 'CTGANSynthesizer', 'SYNTHESIZER ID': 'CTGANSynthesizer_1.18.0_35a2e9960bbd4e28ba6a475b7085c13e', 'TOTAL NUMBER OF TABLES': 1, 'TOTAL NUMBER OF ROWS': 260402, 'TOTAL NUMBER OF COLUMNS': 46}
2025-04-13 17:44:13,551 - INFO - Guidance: There are no missing values in column Time_occured. Extra column not created.
2025-04-13 17:44:46,848 - INFO - Guidance: There are no missing values in column Victim_age. Extra column not created.
2025-04-13 17:45:18,868 - INFO - Guidance: There are no missing values in column LAT. Extra column not created.
2025-04-13 17:45:51,321 - INFO - Guidance: There are no missing values in column LON. Extra column not created.
2025-04-13 19:33:34,908 - INFO - {'EVENT': 'Save', 'TIMESTAMP': datetime.datetime(2025, 4, 13, 19, 33, 34, 908099), 'SYNTHESIZER CLASS NAME': 'CTGANSynthesizer', 'SYNTHESIZER ID': 'CTGANSynthesizer_1.18.0_35a2e9960bbd4e28ba6a475b7085c13e'}
2025-04-13 19:33:34,991 - INFO - {'EVENT': 'Load', 'TIMESTAMP': datetime.datetime(2025, 4, 13, 19, 33, 34, 991302), 'SYNTHESIZER CLASS NAME': 'GaussianCopulaSynthesizer', 'SYNTHESIZER ID': 'GaussianCopulaSynthesizer_1.18.0_9b4e804bffb24d3bad984a8981785f29'}
2025-04-13 19:33:34,994 - INFO - {'EVENT': 'Instance', 'TIMESTAMP': datetime.datetime(2025, 4, 13, 19, 33, 34, 994864), 'SYNTHESIZER CLASS NAME': 'TVAESynthesizer', 'SYNTHESIZER ID': 'TVAESynthesizer_1.18.0_29a79bdfb8a04a66a04518e8e4124333'}
2025-04-13 19:33:34,995 - INFO - {'EVENT': 'Fit', 'TIMESTAMP': datetime.datetime(2025, 4, 13, 19, 33, 34, 995056), 'SYNTHESIZER CLASS NAME': 'TVAESynthesizer', 'SYNTHESIZER ID': 'TVAESynthesizer_1.18.0_29a79bdfb8a04a66a04518e8e4124333', 'TOTAL NUMBER OF TABLES': 1, 'TOTAL NUMBER OF ROWS': 260402, 'TOTAL NUMBER OF COLUMNS': 47}
2025-04-13 19:33:35,309 - INFO - Fitting table  metadata
2025-04-13 19:33:35,352 - INFO - Fitting formatters for table 
2025-04-13 19:33:35,362 - INFO - Fitting constraints for table 
2025-04-13 19:33:35,362 - INFO - Setting the configuration for the ``HyperTransformer`` for table 
2025-04-13 19:33:35,365 - INFO - Fitting HyperTransformer for table 
2025-04-13 19:33:36,111 - INFO - {'EVENT': 'Fit processed data', 'TIMESTAMP': datetime.datetime(2025, 4, 13, 19, 33, 36, 111471), 'SYNTHESIZER CLASS NAME': 'TVAESynthesizer', 'SYNTHESIZER ID': 'TVAESynthesizer_1.18.0_29a79bdfb8a04a66a04518e8e4124333', 'TOTAL NUMBER OF TABLES': 1, 'TOTAL NUMBER OF ROWS': 260402, 'TOTAL NUMBER OF COLUMNS': 46}
2025-04-13 19:33:36,165 - INFO - Guidance: There are no missing values in column Time_occured. Extra column not created.
2025-04-13 19:34:09,941 - INFO - Guidance: There are no missing values in column Victim_age. Extra column not created.
2025-04-13 19:34:43,340 - INFO - Guidance: There are no missing values in column LAT. Extra column not created.
2025-04-13 19:35:15,521 - INFO - Guidance: There are no missing values in column LON. Extra column not created.
2025-04-13 20:05:19,968 - INFO - {'EVENT': 'Save', 'TIMESTAMP': datetime.datetime(2025, 4, 13, 20, 5, 19, 968819), 'SYNTHESIZER CLASS NAME': 'TVAESynthesizer', 'SYNTHESIZER ID': 'TVAESynthesizer_1.18.0_29a79bdfb8a04a66a04518e8e4124333'}
2025-04-13 20:05:29,253 - INFO - {'EVENT': 'Sample', 'TIMESTAMP': datetime.datetime(2025, 4, 13, 20, 5, 19, 993825), 'SYNTHESIZER CLASS NAME': 'CTGANSynthesizer', 'SYNTHESIZER ID': 'CTGANSynthesizer_1.18.0_35a2e9960bbd4e28ba6a475b7085c13e', 'TOTAL NUMBER OF TABLES': 1, 'TOTAL NUMBER OF ROWS': 260402, 'TOTAL NUMBER OF COLUMNS': 47}
2025-04-13 20:05:42,736 - INFO - {'EVENT': 'Sample', 'TIMESTAMP': datetime.datetime(2025, 4, 13, 20, 5, 29, 253433), 'SYNTHESIZER CLASS NAME': 'GaussianCopulaSynthesizer', 'SYNTHESIZER ID': 'GaussianCopulaSynthesizer_1.18.0_9b4e804bffb24d3bad984a8981785f29', 'TOTAL NUMBER OF TABLES': 1, 'TOTAL NUMBER OF ROWS': 260402, 'TOTAL NUMBER OF COLUMNS': 47}
2025-04-13 20:05:49,196 - INFO - {'EVENT': 'Sample', 'TIMESTAMP': datetime.datetime(2025, 4, 13, 20, 5, 42, 737303), 'SYNTHESIZER CLASS NAME': 'TVAESynthesizer', 'SYNTHESIZER ID': 'TVAESynthesizer_1.18.0_29a79bdfb8a04a66a04518e8e4124333', 'TOTAL NUMBER OF TABLES': 1, 'TOTAL NUMBER OF ROWS': 260402, 'TOTAL NUMBER OF COLUMNS': 47}
2025-04-13 20:05:49,199 - INFO - Synthetic Data Generation Completed.
2025-04-13 20:06:48,238 - INFO - Synthetic Data Evaluation Completed.
2025-04-13 20:06:48,250 - INFO - Synthetic Data Report Generated Successfully.
2025-04-13 20:06:49,793 - INFO - Synthetic data generated with 3 synthesizers.
2025-04-13 20:06:49,793 - INFO - Hybrid pipeline skipped (disabled in configuration).
2025-04-13 20:06:49,793 - INFO - Preparing datasets for machine learning...
2025-04-13 20:06:49,823 - INFO - Original Data - Training Size: 260402, Testing Size: 116461
2025-04-13 20:06:49,824 - INFO - Processing synthetic dataset generated by CTGAN...
2025-04-13 20:06:49,845 - INFO - Synthetic Data (CTGAN) - Training Size: 260402
2025-04-13 20:06:49,845 - INFO - Processing synthetic dataset generated by GaussianCopula...
2025-04-13 20:06:49,866 - INFO - Synthetic Data (GaussianCopula) - Training Size: 260402
2025-04-13 20:06:49,866 - INFO - Processing synthetic dataset generated by TVAE...
2025-04-13 20:06:49,926 - INFO - Synthetic Data (TVAE) - Training Size: 260402
2025-04-13 20:06:49,927 - INFO - Training models on all datasets...
2025-04-14 10:09:07,428 - INFO - Model Training Completed.
2025-04-14 10:09:07,429 - INFO - Evaluating models...
