2025-04-11 14:49:44,101 - INFO - Loaded config file: configs/generated_configs/studentPerformance/studentPerformance_anon_k2_l3_sl0.05.yaml
2025-04-11 14:49:44,101 - INFO -  Benchmarking started for dataset: studentPerformance
2025-04-11 14:49:44,102 - INFO - Configuration loaded: enable_anonymization = True, enable_synthesis = False
2025-04-11 14:49:44,102 - INFO - Running preprocessing...
2025-04-11 14:49:44,122 - INFO - Preprocessed files found. Skipping preprocessing.
2025-04-11 14:49:44,183 - INFO - Preprocessing completed. Rows before: 4424, after: 3539
2025-04-11 14:49:44,183 - INFO - enable_anonymization = None
2025-04-11 14:49:44,200 - INFO - Running Java Anonymization Program...........
2025-04-11 14:49:44,200 - INFO - Using JAR file at /mnt/NVMETank/Projects/Students/Dele/A-STUDY-INTO-THE-QUALITY-AND-USABILITY-OF-PRIVACY-FRIENDLY-SYNTHETIC-DATA/src/anonymization/anonymARXij/bin/anonymARXij.jar to anonymize the dataset.
2025-04-11 14:49:48,085 - ERROR -  Java anonymization failed with exit code: 1
2025-04-11 14:49:48,085 - ERROR - STDERR: Exception in thread "main" java.lang.NullPointerException: Cannot invoke "org.deidentifier.arx.DataHandle.save(String, char)" because the return value of "org.deidentifier.arx.ARXResult.getOutput(boolean)" is null
	at Main.main(Main.java:117)
2025-04-11 14:49:48,085 - ERROR - Anonymization failed.
2025-04-11 14:49:48,085 - INFO - enable_synthetic_generation = False
2025-04-11 14:49:48,085 - INFO - Synthetic Data Generation Skipped (Disabled in Configuration).
2025-04-11 14:49:48,085 - INFO - Synthetic data generated with 2 synthesizers.
2025-04-11 14:49:48,085 - INFO - Hybrid pipeline skipped (disabled in configuration).
2025-04-11 14:49:48,085 - INFO - Preparing datasets for machine learning...
2025-04-11 14:49:48,087 - INFO - Original Data - Training Size: 3539, Testing Size: 885
2025-04-11 14:49:48,087 - INFO - Training models on all datasets...
2025-04-11 14:50:24,039 - INFO - Model Training Completed.
2025-04-11 14:50:24,039 - INFO - Evaluating models...
2025-04-11 14:50:25,446 - INFO - Model Training and Evaluation completed.
2025-04-11 14:50:27,257 - INFO -  Visualizations saved.
2025-04-11 14:50:27,261 - INFO -  Benchmarking Completed. Results saved in output folder.
