2025-05-08 18:40:08,074 - INFO - Loaded config file: configs/generated_configs/loan/loan_anon_k17_sl0p05_l2.yaml
2025-05-08 18:40:08,074 - INFO -  Benchmarking started for dataset: loan
2025-05-08 18:40:08,074 - INFO - Using dataset path: /mnt/NVMETank/Projects/Students/Dele/A-STUDY-INTO-THE-QUALITY-AND-USABILITY-OF-PRIVACY-FRIENDLY-SYNTHETIC-DATA/datasets/original/loan.csv
2025-05-08 18:40:08,074 - INFO - Target column: Loan_Status, separator: ','
2025-05-08 18:40:08,074 - INFO - Configuration loaded: enable_anonymization = True, enable_synthesis = False, enable_hybrid = True, enable_utility = True, delete_after_evaluation = False
2025-05-08 18:40:08,074 - INFO - Running preprocessing...
2025-05-08 18:40:08,083 - INFO -  [PREPROCESSING] Preprocessed files found. Skipping preprocessing.
2025-05-08 18:40:08,097 - INFO - Preprocessing completed. Rows before: 614, after: 336
2025-05-08 18:40:08,097 - INFO - Preprocessed data saved to: outputs/batch/loan_batch_2025-05-08_18-38-44/loan_anon_k17_sl0p05_l2/preprocessing_report.txt
2025-05-08 18:40:08,097 - INFO - enable_anonymization = True
2025-05-08 18:40:08,098 - INFO - Starting Anonymization Pipeline with output path: /mnt/NVMETank/Projects/Students/Dele/A-STUDY-INTO-THE-QUALITY-AND-USABILITY-OF-PRIVACY-FRIENDLY-SYNTHETIC-DATA/datasets/anonymized/loan_k17_l2_sup05_anonymized.csv.......
2025-05-08 18:40:08,107 - INFO -  [ANONYMIZATION] Executing run_anonymization, config_path : configs/generated_configs/loan/loan_anon_k17_sl0p05_l2.yaml...........
2025-05-08 18:40:08,107 - INFO -  [ANONYMIZATION] Using JAR file at /mnt/NVMETank/Projects/Students/Dele/A-STUDY-INTO-THE-QUALITY-AND-USABILITY-OF-PRIVACY-FRIENDLY-SYNTHETIC-DATA/src/anonymization/anonymARXij/bin/anonymARXij.jar to anonymize the dataset.
2025-05-08 18:40:09,507 - INFO -  [ANONYMIZATION] Anonimized file saved to : /mnt/NVMETank/Projects/Students/Dele/A-STUDY-INTO-THE-QUALITY-AND-USABILITY-OF-PRIVACY-FRIENDLY-SYNTHETIC-DATA/datasets/anonymized/loan_k17_l2_sup05_anonymized.csv
2025-05-08 18:40:09,508 - INFO -  [ANONYMIZATION] Java anonymization completed successfully.
2025-05-08 18:40:09,508 - INFO -  [ANONYMIZATION] Java STDOUT:
📄 Java received config path: /mnt/NVMETank/Projects/Students/Dele/A-STUDY-INTO-THE-QUALITY-AND-USABILITY-OF-PRIVACY-FRIENDLY-SYNTHETIC-DATA/configs/generated_configs/loan/loan_anon_k17_sl0p05_l2.yaml
🔹 Loading config from: /mnt/NVMETank/Projects/Students/Dele/A-STUDY-INTO-THE-QUALITY-AND-USABILITY-OF-PRIVACY-FRIENDLY-SYNTHETIC-DATA/configs/generated_configs/loan/loan_anon_k17_sl0p05_l2.yaml
Loading config from: /mnt/NVMETank/Projects/Students/Dele/A-STUDY-INTO-THE-QUALITY-AND-USABILITY-OF-PRIVACY-FRIENDLY-SYNTHETIC-DATA/configs/generated_configs/loan/loan_anon_k17_sl0p05_l2.yaml
📂 Dataset Path (from args): /mnt/NVMETank/Projects/Students/Dele/A-STUDY-INTO-THE-QUALITY-AND-USABILITY-OF-PRIVACY-FRIENDLY-SYNTHETIC-DATA/datasets/train/loan_train_raw.csv
🔹 Dataset Separator: ,
🔹 Suppression Limit: 0.05

🔹 Configured Attributes:
  ✅ Quasi-Identifier: Gender
  ✅ Quasi-Identifier: Married
  ✅ Quasi-Identifier: Education
  ✅ Quasi-Identifier: Dependents
  ✅ Quasi-Identifier: Self_Employed
  ✅ Quasi-Identifier: Property_Area
  ✅ Quasi-Identifier: Credit_History
  ✅ Quasi-Identifier: Loan_Amount_Term
  ✅ Sensitive Attribute: LoanAmount
  ✅ Insensitive Attribute: Loan_Status
  ✅ Insensitive Attribute: ApplicantIncome
  ✅ Insensitive Attribute: CoapplicantIncome

🔹 Defined Hierarchies:
  ✅ Property_Area -> /mnt/NVMETank/Projects/Students/Dele/A-STUDY-INTO-THE-QUALITY-AND-USABILITY-OF-PRIVACY-FRIENDLY-SYNTHETIC-DATA/src/anonymization/anonymARXij/src/hierarchies_loan/property_area.csv
  ✅ Self_Employed -> /mnt/NVMETank/Projects/Students/Dele/A-STUDY-INTO-THE-QUALITY-AND-USABILITY-OF-PRIVACY-FRIENDLY-SYNTHETIC-DATA/src/anonymization/anonymARXij/src/hierarchies_loan/self_employed.csv
  ✅ Credit_History -> /mnt/NVMETank/Projects/Students/Dele/A-STUDY-INTO-THE-QUALITY-AND-USABILITY-OF-PRIVACY-FRIENDLY-SYNTHETIC-DATA/src/anonymization/anonymARXij/src/hierarchies_loan/credit_history.csv
  ✅ Dependents -> /mnt/NVMETank/Projects/Students/Dele/A-STUDY-INTO-THE-QUALITY-AND-USABILITY-OF-PRIVACY-FRIENDLY-SYNTHETIC-DATA/src/anonymization/anonymARXij/src/hierarchies_loan/dependents.csv
  ✅ Education -> /mnt/NVMETank/Projects/Students/Dele/A-STUDY-INTO-THE-QUALITY-AND-USABILITY-OF-PRIVACY-FRIENDLY-SYNTHETIC-DATA/src/anonymization/anonymARXij/src/hierarchies_loan/education.csv
  ✅ Loan_Amount_Term -> /mnt/NVMETank/Projects/Students/Dele/A-STUDY-INTO-THE-QUALITY-AND-USABILITY-OF-PRIVACY-FRIENDLY-SYNTHETIC-DATA/src/anonymization/anonymARXij/src/hierarchies_loan/loan_amount_terms.csv
  ✅ Married -> /mnt/NVMETank/Projects/Students/Dele/A-STUDY-INTO-THE-QUALITY-AND-USABILITY-OF-PRIVACY-FRIENDLY-SYNTHETIC-DATA/src/anonymization/anonymARXij/src/hierarchies_loan/married.csv
  ✅ Gender -> /mnt/NVMETank/Projects/Students/Dele/A-STUDY-INTO-THE-QUALITY-AND-USABILITY-OF-PRIVACY-FRIENDLY-SYNTHETIC-DATA/src/anonymization/anonymARXij/src/hierarchies_loan/gender.csv
Java is searching for hierarchy file at: /mnt/NVMETank/Projects/Students/Dele/A-STUDY-INTO-THE-QUALITY-AND-USABILITY-OF-PRIVACY-FRIENDLY-SYNTHETIC-DATA/src/anonymization/anonymARXij/src/hierarchies_loan/property_area.csv
Java is searching for hierarchy file at: /mnt/NVMETank/Projects/Students/Dele/A-STUDY-INTO-THE-QUALITY-AND-USABILITY-OF-PRIVACY-FRIENDLY-SYNTHETIC-DATA/src/anonymization/anonymARXij/src/hierarchies_loan/self_employed.csv
Java is searching for hierarchy file at: /mnt/NVMETank/Projects/Students/Dele/A-STUDY-INTO-THE-QUALITY-AND-USABILITY-OF-PRIVACY-FRIENDLY-SYNTHETIC-DATA/src/anonymization/anonymARXij/src/hierarchies_loan/credit_history.csv
Java is searching for hierarchy file at: /mnt/NVMETank/Projects/Students/Dele/A-STUDY-INTO-THE-QUALITY-AND-USABILITY-OF-PRIVACY-FRIENDLY-SYNTHETIC-DATA/src/anonymization/anonymARXij/src/hierarchies_loan/dependents.csv
Java is searching for hierarchy file at: /mnt/NVMETank/Projects/Students/Dele/A-STUDY-INTO-THE-QUALITY-AND-USABILITY-OF-PRIVACY-FRIENDLY-SYNTHETIC-DATA/src/anonymization/anonymARXij/src/hierarchies_loan/education.csv
Java is searching for hierarchy file at: /mnt/NVMETank/Projects/Students/Dele/A-STUDY-INTO-THE-QUALITY-AND-USABILITY-OF-PRIVACY-FRIENDLY-SYNTHETIC-DATA/src/anonymization/anonymARXij/src/hierarchies_loan/loan_amount_terms.csv
Java is searching for hierarchy file at: /mnt/NVMETank/Projects/Students/Dele/A-STUDY-INTO-THE-QUALITY-AND-USABILITY-OF-PRIVACY-FRIENDLY-SYNTHETIC-DATA/src/anonymization/anonymARXij/src/hierarchies_loan/married.csv
Java is searching for hierarchy file at: /mnt/NVMETank/Projects/Students/Dele/A-STUDY-INTO-THE-QUALITY-AND-USABILITY-OF-PRIVACY-FRIENDLY-SYNTHETIC-DATA/src/anonymization/anonymARXij/src/hierarchies_loan/gender.csv
✓ Applied Entropy L-Diversity on: LoanAmount (l=2)
🔹 Privacy Models Configured
📂 Anonymized Output Path (from args): /mnt/NVMETank/Projects/Students/Dele/A-STUDY-INTO-THE-QUALITY-AND-USABILITY-OF-PRIVACY-FRIENDLY-SYNTHETIC-DATA/datasets/anonymized/loan_k17_l2_sup05_anonymized.csv
📂 Anonymized Output Path: /mnt/NVMETank/Projects/Students/Dele/A-STUDY-INTO-THE-QUALITY-AND-USABILITY-OF-PRIVACY-FRIENDLY-SYNTHETIC-DATA/datasets/anonymized/loan_k17_l2_sup05_anonymized.csv
✅ Anonymization completed. Output saved to: /mnt/NVMETank/Projects/Students/Dele/A-STUDY-INTO-THE-QUALITY-AND-USABILITY-OF-PRIVACY-FRIENDLY-SYNTHETIC-DATA/datasets/anonymized/loan_k17_l2_sup05_anonymized.csv
Anonymized Data Quality Metrics:
 - Ambiguity: 0.9151429166708005
 - AECS: 0.8141486810551559
 - Discernibility: 0.7053019624850916
 - Granularity: 0.3854589154273703
 - MSE: 0.12115975422427039
 - Non-Uniform Entropy: 0.28737618109655616
 - Precision: 0.3593749999999999
 - Record-level SE: 0.2570127171359937
Equivalence Class Statistics:
 - Number of Classes: 5
 - Average Class Size: 64.4
Suppression Statistics:
 - Suppressed Records: 14
 - Suppression Percentage: 4.17%
2025-05-08 18:40:09,508 - INFO - Anonymized data saved to: /mnt/NVMETank/Projects/Students/Dele/A-STUDY-INTO-THE-QUALITY-AND-USABILITY-OF-PRIVACY-FRIENDLY-SYNTHETIC-DATA/datasets/anonymized/loan_k17_l2_sup05_anonymized.csv
2025-05-08 18:40:09,518 - INFO - Anonymous data report saved at: outputs/batch/loan_batch_2025-05-08_18-38-44/loan_anon_k17_sl0p05_l2/anonymous_data_report.txt
2025-05-08 18:40:09,518 - INFO -  [POSTPROCESSING] Postprocessing anonymized data: /mnt/NVMETank/Projects/Students/Dele/A-STUDY-INTO-THE-QUALITY-AND-USABILITY-OF-PRIVACY-FRIENDLY-SYNTHETIC-DATA/datasets/anonymized/loan_k17_l2_sup05_anonymized.csv
2025-05-08 18:40:09,520 - INFO -  [POSTPROCESSING] Loaded anonymized data: (336, 12)
2025-05-08 18:40:09,524 - INFO -  [POSTPROCESSING] Loaded fallback maps from training data. Categorical cols: 7, Numeric cols: 5
2025-05-08 18:40:09,524 - INFO -  [POSTPROCESSING] Normalizing anonymized data using ARX artifact cleaning and fallback values.
2025-05-08 18:40:09,534 - INFO -  [POSTPROCESSING] Normalized anonymized data saved to: /mnt/NVMETank/Projects/Students/Dele/A-STUDY-INTO-THE-QUALITY-AND-USABILITY-OF-PRIVACY-FRIENDLY-SYNTHETIC-DATA/datasets/anonymized/loan_k17_l2_sup05_anonymized_processed.csv
2025-05-08 18:40:09,541 - INFO -  [POSTPROCESSING] Binary Encoding applied to anonymized data. Encoded shape: (336, 19)
2025-05-08 18:40:09,542 - INFO -  [POSTPROCESSING] Encoded anonymized dataset saved to: /mnt/NVMETank/Projects/Students/Dele/A-STUDY-INTO-THE-QUALITY-AND-USABILITY-OF-PRIVACY-FRIENDLY-SYNTHETIC-DATA/datasets/anonymized/loan_k17_l2_sup05_anonymized_encoded.csv
2025-05-08 18:40:09,542 - INFO -  [POSTPROCESSING] Encoding map generated for anonymized data: 0 original categorical columns.
2025-05-08 18:40:09,542 - INFO - Postprocessing report saved at: outputs/batch/loan_batch_2025-05-08_18-38-44/loan_anon_k17_sl0p05_l2/postprocessing_report.txt
2025-05-08 18:40:09,542 - INFO - enable_synthetic_generation = False
2025-05-08 18:40:09,542 - INFO - Synthetic Data Generation Skipped (Disabled in Configuration).
2025-05-08 18:40:09,543 - INFO - Running Hybrid Pipeline...
2025-05-08 18:40:09,543 - INFO -  [HYBRID] Executing run_hybrid...
2025-05-08 18:40:09,543 - INFO -  [HYBRID] Looking for encoded anonymized data in /mnt/NVMETank/Projects/Students/Dele/A-STUDY-INTO-THE-QUALITY-AND-USABILITY-OF-PRIVACY-FRIENDLY-SYNTHETIC-DATA/datasets/anonymized/loan_k17_l2_sup05_anonymized_encoded.csv
2025-05-08 18:40:09,543 - INFO -  [HYBRID ] Loaded cached encoded anonymous data from /mnt/NVMETank/Projects/Students/Dele/A-STUDY-INTO-THE-QUALITY-AND-USABILITY-OF-PRIVACY-FRIENDLY-SYNTHETIC-DATA/datasets/anonymized/loan_k17_l2_sup05_anonymized_encoded.csv
2025-05-08 18:40:09,544 - INFO -  [HYBRID] Starting synthetic generation for hybrid pipeline...
2025-05-08 18:40:09,544 - INFO - Executing run_synthetic.....
2025-05-08 18:40:09,544 - INFO - [SYNTHETIC PIPELINE] executing run_synthetic for loan_k17_l2_sup05...
2025-05-08 18:40:09,544 - INFO - [SYNTHETIC] Processing dataset: loan_k17_l2_sup05
2025-05-08 18:40:09,544 - INFO - [SYNTHETIC] Original dataset size: 336 rows
2025-05-08 18:40:09,554 - INFO - Detected metadata:
2025-05-08 18:40:09,554 - INFO - {
    "columns": {
        "Gender_0": {
            "sdtype": "categorical"
        },
        "Gender_1": {
            "sdtype": "categorical"
        },
        "Married_0": {
            "sdtype": "categorical"
        },
        "Married_1": {
            "sdtype": "categorical"
        },
        "Dependents_0": {
            "sdtype": "categorical"
        },
        "Dependents_1": {
            "sdtype": "categorical"
        },
        "Dependents_2": {
            "sdtype": "categorical"
        },
        "Education_0": {
            "sdtype": "categorical"
        },
        "Education_1": {
            "sdtype": "categorical"
        },
        "Self_Employed_0": {
            "sdtype": "categorical"
        },
        "Self_Employed_1": {
            "sdtype": "categorical"
        },
        "ApplicantIncome": {
            "sdtype": "numerical"
        },
        "CoapplicantIncome": {
            "sdtype": "numerical"
        },
        "LoanAmount": {
            "sdtype": "numerical"
        },
        "Loan_Amount_Term": {
            "sdtype": "categorical"
        },
        "Credit_History": {
            "sdtype": "categorical"
        },
        "Property_Area_0": {
            "sdtype": "categorical"
        },
        "Property_Area_1": {
            "sdtype": "categorical"
        },
        "Loan_Status": {
            "sdtype": "categorical"
        }
    },
    "METADATA_SPEC_VERSION": "SINGLE_TABLE_V1"
}
2025-05-08 18:40:09,554 - INFO - [SYNTHETIC] Preparing synthesizer: CTGAN
2025-05-08 18:40:09,554 - INFO - [SYNTHETIC] Params from config: {'epochs': 300}
2025-05-08 18:40:09,554 - INFO -  [SYNTHETIC] No pre-trained synthesizer found
2025-05-08 18:40:09,554 - INFO - [SYNTHETIC] Training new CTGAN synthesizer from scratch...
2025-05-08 18:40:09,554 - WARNING - [FutureWarning] The 'SingleTableMetadata' is deprecated. Please use the new 'Metadata' class for synthesizers. (from /mnt/NVMETank/Projects/Students/Dele/A-STUDY-INTO-THE-QUALITY-AND-USABILITY-OF-PRIVACY-FRIENDLY-SYNTHETIC-DATA/.venv/lib/python3.12/site-packages/sdv/single_table/base.py:119)
2025-05-08 18:40:09,554 - WARNING - [UserWarning] We strongly recommend saving the metadata using 'save_to_json' for replicability in future SDV versions. (from /mnt/NVMETank/Projects/Students/Dele/A-STUDY-INTO-THE-QUALITY-AND-USABILITY-OF-PRIVACY-FRIENDLY-SYNTHETIC-DATA/.venv/lib/python3.12/site-packages/sdv/single_table/base.py:104)
2025-05-08 18:40:09,558 - INFO - {'EVENT': 'Instance', 'TIMESTAMP': datetime.datetime(2025, 5, 8, 18, 40, 9, 558794), 'SYNTHESIZER CLASS NAME': 'CTGANSynthesizer', 'SYNTHESIZER ID': 'CTGANSynthesizer_1.18.0_8f99f0471528432583edad94b432cdd1'}
2025-05-08 18:40:09,558 - INFO - [SYNTHETIC] CTGAN initialized with epochs: 300
2025-05-08 18:40:09,558 - INFO - [SYNTHETIC] Training parameters for CTGAN: {}
2025-05-08 18:40:09,558 - INFO - [SYNTHETIC] fitting CTGAN 
2025-05-08 18:40:09,559 - INFO - {'EVENT': 'Fit', 'TIMESTAMP': datetime.datetime(2025, 5, 8, 18, 40, 9, 558994), 'SYNTHESIZER CLASS NAME': 'CTGANSynthesizer', 'SYNTHESIZER ID': 'CTGANSynthesizer_1.18.0_8f99f0471528432583edad94b432cdd1', 'TOTAL NUMBER OF TABLES': 1, 'TOTAL NUMBER OF ROWS': 336, 'TOTAL NUMBER OF COLUMNS': 19}
2025-05-08 18:40:09,560 - INFO - Fitting table  metadata
2025-05-08 18:40:09,560 - INFO - Fitting formatters for table 
2025-05-08 18:40:09,562 - INFO - Fitting constraints for table 
2025-05-08 18:40:09,562 - INFO - Setting the configuration for the ``HyperTransformer`` for table 
2025-05-08 18:40:09,563 - INFO - Fitting HyperTransformer for table 
2025-05-08 18:40:09,575 - INFO - {'EVENT': 'Fit processed data', 'TIMESTAMP': datetime.datetime(2025, 5, 8, 18, 40, 9, 575706), 'SYNTHESIZER CLASS NAME': 'CTGANSynthesizer', 'SYNTHESIZER ID': 'CTGANSynthesizer_1.18.0_8f99f0471528432583edad94b432cdd1', 'TOTAL NUMBER OF TABLES': 1, 'TOTAL NUMBER OF ROWS': 336, 'TOTAL NUMBER OF COLUMNS': 19}
2025-05-08 18:40:09,605 - INFO - Guidance: There are no missing values in column ApplicantIncome. Extra column not created.
2025-05-08 18:40:09,706 - INFO - Guidance: There are no missing values in column CoapplicantIncome. Extra column not created.
2025-05-08 18:40:09,739 - INFO - Guidance: There are no missing values in column LoanAmount. Extra column not created.
2025-05-08 18:40:27,375 - INFO - [SYNTHETIC] Fitting complete for CTGAN. Duration: 17.82 seconds.
2025-05-08 18:40:27,375 - INFO - [SYNTHETIC] CONFIRMATION CTGAN actually trained with epochs = 300
2025-05-08 18:40:27,375 - INFO - {'EVENT': 'Save', 'TIMESTAMP': datetime.datetime(2025, 5, 8, 18, 40, 27, 375250), 'SYNTHESIZER CLASS NAME': 'CTGANSynthesizer', 'SYNTHESIZER ID': 'CTGANSynthesizer_1.18.0_8f99f0471528432583edad94b432cdd1'}
2025-05-08 18:40:27,419 - INFO - [SYNTHETIC] CTGAN trained and saved.
2025-05-08 18:40:27,419 - INFO - [SYNTHETIC] Preparing synthesizer: GaussianCopula
2025-05-08 18:40:27,419 - INFO - [SYNTHETIC] Params from config: {}
2025-05-08 18:40:27,419 - INFO -  [SYNTHETIC] No pre-trained synthesizer found
2025-05-08 18:40:27,419 - INFO - [SYNTHETIC] Training new GaussianCopula synthesizer from scratch...
2025-05-08 18:40:27,419 - WARNING - [FutureWarning] The 'SingleTableMetadata' is deprecated. Please use the new 'Metadata' class for synthesizers. (from /mnt/NVMETank/Projects/Students/Dele/A-STUDY-INTO-THE-QUALITY-AND-USABILITY-OF-PRIVACY-FRIENDLY-SYNTHETIC-DATA/.venv/lib/python3.12/site-packages/sdv/single_table/base.py:119)
2025-05-08 18:40:27,421 - INFO - {'EVENT': 'Instance', 'TIMESTAMP': datetime.datetime(2025, 5, 8, 18, 40, 27, 421870), 'SYNTHESIZER CLASS NAME': 'GaussianCopulaSynthesizer', 'SYNTHESIZER ID': 'GaussianCopulaSynthesizer_1.18.0_589a7d1ed4d14c73987685673a0e86dc'}
2025-05-08 18:40:27,421 - INFO - [SYNTHETIC] fitting GaussianCopula 
2025-05-08 18:40:27,422 - INFO - {'EVENT': 'Fit', 'TIMESTAMP': datetime.datetime(2025, 5, 8, 18, 40, 27, 422003), 'SYNTHESIZER CLASS NAME': 'GaussianCopulaSynthesizer', 'SYNTHESIZER ID': 'GaussianCopulaSynthesizer_1.18.0_589a7d1ed4d14c73987685673a0e86dc', 'TOTAL NUMBER OF TABLES': 1, 'TOTAL NUMBER OF ROWS': 336, 'TOTAL NUMBER OF COLUMNS': 19}
2025-05-08 18:40:27,423 - INFO - Fitting table  metadata
2025-05-08 18:40:27,423 - INFO - Fitting formatters for table 
2025-05-08 18:40:27,425 - INFO - Fitting constraints for table 
2025-05-08 18:40:27,425 - INFO - Setting the configuration for the ``HyperTransformer`` for table 
2025-05-08 18:40:27,431 - INFO - Fitting HyperTransformer for table 
2025-05-08 18:40:27,530 - INFO - {'EVENT': 'Fit processed data', 'TIMESTAMP': datetime.datetime(2025, 5, 8, 18, 40, 27, 530079), 'SYNTHESIZER CLASS NAME': 'GaussianCopulaSynthesizer', 'SYNTHESIZER ID': 'GaussianCopulaSynthesizer_1.18.0_589a7d1ed4d14c73987685673a0e86dc', 'TOTAL NUMBER OF TABLES': 1, 'TOTAL NUMBER OF ROWS': 336, 'TOTAL NUMBER OF COLUMNS': 19}
2025-05-08 18:40:27,530 - INFO - Fitting GaussianMultivariate(distribution="{'Gender_0': <class 'copulas.univariate.beta.BetaUnivariate'>, 'Gender_1': <class 'copulas.univariate.beta.BetaUnivariate'>, 'Married_0': <class 'copulas.univariate.beta.BetaUnivariate'>, 'Married_1': <class 'copulas.univariate.beta.BetaUnivariate'>, 'Dependents_0': <class 'copulas.univariate.beta.BetaUnivariate'>, 'Dependents_1': <class 'copulas.univariate.beta.BetaUnivariate'>, 'Dependents_2': <class 'copulas.univariate.beta.BetaUnivariate'>, 'Education_0': <class 'copulas.univariate.beta.BetaUnivariate'>, 'Education_1': <class 'copulas.univariate.beta.BetaUnivariate'>, 'Self_Employed_0': <class 'copulas.univariate.beta.BetaUnivariate'>, 'Self_Employed_1': <class 'copulas.univariate.beta.BetaUnivariate'>, 'ApplicantIncome': <class 'copulas.univariate.beta.BetaUnivariate'>, 'CoapplicantIncome': <class 'copulas.univariate.beta.BetaUnivariate'>, 'LoanAmount': <class 'copulas.univariate.beta.BetaUnivariate'>, 'Loan_Amount_Term': <class 'copulas.univariate.beta.BetaUnivariate'>, 'Credit_History': <class 'copulas.univariate.beta.BetaUnivariate'>, 'Property_Area_0': <class 'copulas.univariate.beta.BetaUnivariate'>, 'Property_Area_1': <class 'copulas.univariate.beta.BetaUnivariate'>, 'Loan_Status': <class 'copulas.univariate.beta.BetaUnivariate'>}")
2025-05-08 18:40:28,059 - INFO - [SYNTHETIC] Fitting complete for GaussianCopula. Duration: 0.64 seconds.
2025-05-08 18:40:28,060 - WARNING - [SYNTHETIC] WARNING Could not determine actual epochs used for GaussianCopula
2025-05-08 18:40:28,060 - INFO - {'EVENT': 'Save', 'TIMESTAMP': datetime.datetime(2025, 5, 8, 18, 40, 28, 60097), 'SYNTHESIZER CLASS NAME': 'GaussianCopulaSynthesizer', 'SYNTHESIZER ID': 'GaussianCopulaSynthesizer_1.18.0_589a7d1ed4d14c73987685673a0e86dc'}
2025-05-08 18:40:28,067 - INFO - [SYNTHETIC] GaussianCopula trained and saved.
2025-05-08 18:40:28,068 - INFO - [SYNTHETIC] Preparing synthesizer: TVAE
2025-05-08 18:40:28,068 - INFO - [SYNTHETIC] Params from config: {'epochs': 300}
2025-05-08 18:40:28,068 - INFO -  [SYNTHETIC] No pre-trained synthesizer found
2025-05-08 18:40:28,068 - INFO - [SYNTHETIC] Training new TVAE synthesizer from scratch...
2025-05-08 18:40:28,068 - WARNING - [FutureWarning] The 'SingleTableMetadata' is deprecated. Please use the new 'Metadata' class for synthesizers. (from /mnt/NVMETank/Projects/Students/Dele/A-STUDY-INTO-THE-QUALITY-AND-USABILITY-OF-PRIVACY-FRIENDLY-SYNTHETIC-DATA/.venv/lib/python3.12/site-packages/sdv/single_table/base.py:119)
2025-05-08 18:40:28,070 - INFO - {'EVENT': 'Instance', 'TIMESTAMP': datetime.datetime(2025, 5, 8, 18, 40, 28, 70395), 'SYNTHESIZER CLASS NAME': 'TVAESynthesizer', 'SYNTHESIZER ID': 'TVAESynthesizer_1.18.0_6be8afe3652f44ce94c2ac09c6d99255'}
2025-05-08 18:40:28,070 - INFO - [SYNTHETIC] TVAE initialized with epochs: 300
2025-05-08 18:40:28,070 - INFO - [SYNTHETIC] Training parameters for TVAE: {}
2025-05-08 18:40:28,070 - INFO - [SYNTHETIC] fitting TVAE 
2025-05-08 18:40:28,070 - INFO - {'EVENT': 'Fit', 'TIMESTAMP': datetime.datetime(2025, 5, 8, 18, 40, 28, 70609), 'SYNTHESIZER CLASS NAME': 'TVAESynthesizer', 'SYNTHESIZER ID': 'TVAESynthesizer_1.18.0_6be8afe3652f44ce94c2ac09c6d99255', 'TOTAL NUMBER OF TABLES': 1, 'TOTAL NUMBER OF ROWS': 336, 'TOTAL NUMBER OF COLUMNS': 19}
2025-05-08 18:40:28,071 - INFO - Fitting table  metadata
2025-05-08 18:40:28,072 - INFO - Fitting formatters for table 
2025-05-08 18:40:28,073 - INFO - Fitting constraints for table 
2025-05-08 18:40:28,073 - INFO - Setting the configuration for the ``HyperTransformer`` for table 
2025-05-08 18:40:28,074 - INFO - Fitting HyperTransformer for table 
2025-05-08 18:40:28,086 - INFO - {'EVENT': 'Fit processed data', 'TIMESTAMP': datetime.datetime(2025, 5, 8, 18, 40, 28, 86442), 'SYNTHESIZER CLASS NAME': 'TVAESynthesizer', 'SYNTHESIZER ID': 'TVAESynthesizer_1.18.0_6be8afe3652f44ce94c2ac09c6d99255', 'TOTAL NUMBER OF TABLES': 1, 'TOTAL NUMBER OF ROWS': 336, 'TOTAL NUMBER OF COLUMNS': 19}
2025-05-08 18:40:28,099 - INFO - Guidance: There are no missing values in column ApplicantIncome. Extra column not created.
2025-05-08 18:40:28,198 - INFO - Guidance: There are no missing values in column CoapplicantIncome. Extra column not created.
2025-05-08 18:40:28,232 - INFO - Guidance: There are no missing values in column LoanAmount. Extra column not created.
2025-05-08 18:40:30,911 - INFO - [SYNTHETIC] Fitting complete for TVAE. Duration: 2.84 seconds.
2025-05-08 18:40:30,911 - INFO - [SYNTHETIC] CONFIRMATION TVAE actually trained with epochs = 300
2025-05-08 18:40:30,911 - INFO - {'EVENT': 'Save', 'TIMESTAMP': datetime.datetime(2025, 5, 8, 18, 40, 30, 911614), 'SYNTHESIZER CLASS NAME': 'TVAESynthesizer', 'SYNTHESIZER ID': 'TVAESynthesizer_1.18.0_6be8afe3652f44ce94c2ac09c6d99255'}
2025-05-08 18:40:30,946 - INFO - [SYNTHETIC] TVAE trained and saved.
2025-05-08 18:40:30,947 - INFO - [SYNTHETIC] Using CTGAN to generate 336 rows...
2025-05-08 18:40:31,008 - INFO - {'EVENT': 'Sample', 'TIMESTAMP': datetime.datetime(2025, 5, 8, 18, 40, 30, 947089), 'SYNTHESIZER CLASS NAME': 'CTGANSynthesizer', 'SYNTHESIZER ID': 'CTGANSynthesizer_1.18.0_8f99f0471528432583edad94b432cdd1', 'TOTAL NUMBER OF TABLES': 1, 'TOTAL NUMBER OF ROWS': 336, 'TOTAL NUMBER OF COLUMNS': 19}
2025-05-08 18:40:31,008 - INFO - [SYNTHETIC] CTGAN completed: 336 rows generated.
2025-05-08 18:40:31,008 - INFO - [SYNTHETIC] Target class distribution for CTGAN: {'Y': 237, 'N': 99}
2025-05-08 18:40:31,008 - INFO - [SYNTHETIC] Using GaussianCopula to generate 336 rows...
2025-05-08 18:40:31,061 - INFO - {'EVENT': 'Sample', 'TIMESTAMP': datetime.datetime(2025, 5, 8, 18, 40, 31, 8728), 'SYNTHESIZER CLASS NAME': 'GaussianCopulaSynthesizer', 'SYNTHESIZER ID': 'GaussianCopulaSynthesizer_1.18.0_589a7d1ed4d14c73987685673a0e86dc', 'TOTAL NUMBER OF TABLES': 1, 'TOTAL NUMBER OF ROWS': 336, 'TOTAL NUMBER OF COLUMNS': 19}
2025-05-08 18:40:31,061 - INFO - [SYNTHETIC] GaussianCopula completed: 336 rows generated.
2025-05-08 18:40:31,062 - INFO - [SYNTHETIC] Target class distribution for GaussianCopula: {'Y': 231, 'N': 105}
2025-05-08 18:40:31,062 - INFO - [SYNTHETIC] Using TVAE to generate 336 rows...
2025-05-08 18:40:31,101 - INFO - {'EVENT': 'Sample', 'TIMESTAMP': datetime.datetime(2025, 5, 8, 18, 40, 31, 62226), 'SYNTHESIZER CLASS NAME': 'TVAESynthesizer', 'SYNTHESIZER ID': 'TVAESynthesizer_1.18.0_6be8afe3652f44ce94c2ac09c6d99255', 'TOTAL NUMBER OF TABLES': 1, 'TOTAL NUMBER OF ROWS': 336, 'TOTAL NUMBER OF COLUMNS': 19}
2025-05-08 18:40:31,101 - INFO - [SYNTHETIC] TVAE completed: 336 rows generated.
2025-05-08 18:40:31,101 - INFO - [SYNTHETIC] Target class distribution for TVAE: {'Y': 336}
2025-05-08 18:40:31,102 - INFO - [SYNTHETIC PIPELINE] Synthetic Data Generation Completed.
2025-05-08 18:40:31,102 - INFO - [SYNTHETIC PIPELINE] Synthesizers used: ['CTGAN', 'GaussianCopula', 'TVAE']
2025-05-08 18:40:31,102 - INFO - [SYNTHETIC PIPELINE] Evaluating synthetic dataset generated by CTGAN...
2025-05-08 18:40:31,102 - INFO - [SYNTHETIC EVAL] Real data columns     (19): ['Gender_0', 'Gender_1', 'Married_0', 'Married_1', 'Dependents_0', 'Dependents_1', 'Dependents_2', 'Education_0', 'Education_1', 'Self_Employed_0', 'Self_Employed_1', 'ApplicantIncome', 'CoapplicantIncome', 'LoanAmount', 'Loan_Amount_Term', 'Credit_History', 'Property_Area_0', 'Property_Area_1', 'Loan_Status']
2025-05-08 18:40:31,102 - INFO - [SYNTHETIC EVAL] Synthetic data columns (19): ['Gender_0', 'Gender_1', 'Married_0', 'Married_1', 'Dependents_0', 'Dependents_1', 'Dependents_2', 'Education_0', 'Education_1', 'Self_Employed_0', 'Self_Employed_1', 'ApplicantIncome', 'CoapplicantIncome', 'LoanAmount', 'Loan_Amount_Term', 'Credit_History', 'Property_Area_0', 'Property_Area_1', 'Loan_Status']
2025-05-08 18:40:31,102 - INFO - [SYNTHETIC EVAL] Metadata columns      (19): ['Gender_0', 'Gender_1', 'Married_0', 'Married_1', 'Dependents_0', 'Dependents_1', 'Dependents_2', 'Education_0', 'Education_1', 'Self_Employed_0', 'Self_Employed_1', 'ApplicantIncome', 'CoapplicantIncome', 'LoanAmount', 'Loan_Amount_Term', 'Credit_History', 'Property_Area_0', 'Property_Area_1', 'Loan_Status']
2025-05-08 18:40:31,102 - INFO - [SYNTHETIC EVAL] Shape — Real: (336, 19), Synthetic: (336, 19)
2025-05-08 18:40:31,102 - INFO - [SYNTHETIC EVAL] Metadata structure:
{
  "columns": {
    "Gender_0": {
      "sdtype": "categorical"
    },
    "Gender_1": {
      "sdtype": "categorical"
    },
    "Married_0": {
      "sdtype": "categorical"
    },
    "Married_1": {
      "sdtype": "categorical"
    },
    "Dependents_0": {
      "sdtype": "categorical"
    },
    "Dependents_1": {
      "sdtype": "categorical"
    },
    "Dependents_2": {
      "sdtype": "categorical"
    },
    "Education_0": {
      "sdtype": "categorical"
    },
    "Education_1": {
      "sdtype": "categorical"
    },
    "Self_Employed_0": {
      "sdtype": "categorical"
    },
    "Self_Employed_1": {
      "sdtype": "categorical"
    },
    "ApplicantIncome": {
      "sdtype": "numerical"
    },
    "CoapplicantIncome": {
      "sdtype": "numerical"
    },
    "LoanAmount": {
      "sdtype": "numerical"
    },
    "Loan_Amount_Term": {
      "sdtype": "categorical"
    },
    "Credit_History": {
      "sdtype": "categorical"
    },
    "Property_Area_0": {
      "sdtype": "categorical"
    },
    "Property_Area_1": {
      "sdtype": "categorical"
    },
    "Loan_Status": {
      "sdtype": "categorical"
    }
  },
  "METADATA_SPEC_VERSION": "SINGLE_TABLE_V1"
}
2025-05-08 18:40:31,445 - INFO - [SYNTHETIC PIPELINE] Evaluating synthetic dataset generated by GaussianCopula...
2025-05-08 18:40:31,445 - INFO - [SYNTHETIC EVAL] Real data columns     (19): ['Gender_0', 'Gender_1', 'Married_0', 'Married_1', 'Dependents_0', 'Dependents_1', 'Dependents_2', 'Education_0', 'Education_1', 'Self_Employed_0', 'Self_Employed_1', 'ApplicantIncome', 'CoapplicantIncome', 'LoanAmount', 'Loan_Amount_Term', 'Credit_History', 'Property_Area_0', 'Property_Area_1', 'Loan_Status']
2025-05-08 18:40:31,445 - INFO - [SYNTHETIC EVAL] Synthetic data columns (19): ['Gender_0', 'Gender_1', 'Married_0', 'Married_1', 'Dependents_0', 'Dependents_1', 'Dependents_2', 'Education_0', 'Education_1', 'Self_Employed_0', 'Self_Employed_1', 'ApplicantIncome', 'CoapplicantIncome', 'LoanAmount', 'Loan_Amount_Term', 'Credit_History', 'Property_Area_0', 'Property_Area_1', 'Loan_Status']
2025-05-08 18:40:31,445 - INFO - [SYNTHETIC EVAL] Metadata columns      (19): ['Gender_0', 'Gender_1', 'Married_0', 'Married_1', 'Dependents_0', 'Dependents_1', 'Dependents_2', 'Education_0', 'Education_1', 'Self_Employed_0', 'Self_Employed_1', 'ApplicantIncome', 'CoapplicantIncome', 'LoanAmount', 'Loan_Amount_Term', 'Credit_History', 'Property_Area_0', 'Property_Area_1', 'Loan_Status']
2025-05-08 18:40:31,446 - INFO - [SYNTHETIC EVAL] Shape — Real: (336, 19), Synthetic: (336, 19)
2025-05-08 18:40:31,446 - INFO - [SYNTHETIC EVAL] Metadata structure:
{
  "columns": {
    "Gender_0": {
      "sdtype": "categorical"
    },
    "Gender_1": {
      "sdtype": "categorical"
    },
    "Married_0": {
      "sdtype": "categorical"
    },
    "Married_1": {
      "sdtype": "categorical"
    },
    "Dependents_0": {
      "sdtype": "categorical"
    },
    "Dependents_1": {
      "sdtype": "categorical"
    },
    "Dependents_2": {
      "sdtype": "categorical"
    },
    "Education_0": {
      "sdtype": "categorical"
    },
    "Education_1": {
      "sdtype": "categorical"
    },
    "Self_Employed_0": {
      "sdtype": "categorical"
    },
    "Self_Employed_1": {
      "sdtype": "categorical"
    },
    "ApplicantIncome": {
      "sdtype": "numerical"
    },
    "CoapplicantIncome": {
      "sdtype": "numerical"
    },
    "LoanAmount": {
      "sdtype": "numerical"
    },
    "Loan_Amount_Term": {
      "sdtype": "categorical"
    },
    "Credit_History": {
      "sdtype": "categorical"
    },
    "Property_Area_0": {
      "sdtype": "categorical"
    },
    "Property_Area_1": {
      "sdtype": "categorical"
    },
    "Loan_Status": {
      "sdtype": "categorical"
    }
  },
  "METADATA_SPEC_VERSION": "SINGLE_TABLE_V1"
}
2025-05-08 18:40:31,777 - INFO - [SYNTHETIC PIPELINE] Evaluating synthetic dataset generated by TVAE...
2025-05-08 18:40:31,778 - INFO - [SYNTHETIC EVAL] Real data columns     (19): ['Gender_0', 'Gender_1', 'Married_0', 'Married_1', 'Dependents_0', 'Dependents_1', 'Dependents_2', 'Education_0', 'Education_1', 'Self_Employed_0', 'Self_Employed_1', 'ApplicantIncome', 'CoapplicantIncome', 'LoanAmount', 'Loan_Amount_Term', 'Credit_History', 'Property_Area_0', 'Property_Area_1', 'Loan_Status']
2025-05-08 18:40:31,778 - INFO - [SYNTHETIC EVAL] Synthetic data columns (19): ['Gender_0', 'Gender_1', 'Married_0', 'Married_1', 'Dependents_0', 'Dependents_1', 'Dependents_2', 'Education_0', 'Education_1', 'Self_Employed_0', 'Self_Employed_1', 'ApplicantIncome', 'CoapplicantIncome', 'LoanAmount', 'Loan_Amount_Term', 'Credit_History', 'Property_Area_0', 'Property_Area_1', 'Loan_Status']
2025-05-08 18:40:31,778 - INFO - [SYNTHETIC EVAL] Metadata columns      (19): ['Gender_0', 'Gender_1', 'Married_0', 'Married_1', 'Dependents_0', 'Dependents_1', 'Dependents_2', 'Education_0', 'Education_1', 'Self_Employed_0', 'Self_Employed_1', 'ApplicantIncome', 'CoapplicantIncome', 'LoanAmount', 'Loan_Amount_Term', 'Credit_History', 'Property_Area_0', 'Property_Area_1', 'Loan_Status']
2025-05-08 18:40:31,778 - INFO - [SYNTHETIC EVAL] Shape — Real: (336, 19), Synthetic: (336, 19)
2025-05-08 18:40:31,778 - INFO - [SYNTHETIC EVAL] Metadata structure:
{
  "columns": {
    "Gender_0": {
      "sdtype": "categorical"
    },
    "Gender_1": {
      "sdtype": "categorical"
    },
    "Married_0": {
      "sdtype": "categorical"
    },
    "Married_1": {
      "sdtype": "categorical"
    },
    "Dependents_0": {
      "sdtype": "categorical"
    },
    "Dependents_1": {
      "sdtype": "categorical"
    },
    "Dependents_2": {
      "sdtype": "categorical"
    },
    "Education_0": {
      "sdtype": "categorical"
    },
    "Education_1": {
      "sdtype": "categorical"
    },
    "Self_Employed_0": {
      "sdtype": "categorical"
    },
    "Self_Employed_1": {
      "sdtype": "categorical"
    },
    "ApplicantIncome": {
      "sdtype": "numerical"
    },
    "CoapplicantIncome": {
      "sdtype": "numerical"
    },
    "LoanAmount": {
      "sdtype": "numerical"
    },
    "Loan_Amount_Term": {
      "sdtype": "categorical"
    },
    "Credit_History": {
      "sdtype": "categorical"
    },
    "Property_Area_0": {
      "sdtype": "categorical"
    },
    "Property_Area_1": {
      "sdtype": "categorical"
    },
    "Loan_Status": {
      "sdtype": "categorical"
    }
  },
  "METADATA_SPEC_VERSION": "SINGLE_TABLE_V1"
}
2025-05-08 18:40:32,117 - INFO -  [SYNTHETIC PIPELINE]  Synthetic Data Evaluation Completed.
2025-05-08 18:40:32,123 - INFO -  [SYNTHETIC PIPELINE] Synthetic Data Report Generated Successfully.
2025-05-08 18:40:32,220 - INFO - [HYBRID] Generated hybrid dataset shape for CTGAN: (336, 19)
2025-05-08 18:40:32,220 - INFO - [HYBRID] Target distribution for CTGAN: {'Y': 237, 'N': 99}
2025-05-08 18:40:32,222 - INFO -  [HYBRID] Saved hybrid dataset to /mnt/NVMETank/Projects/Students/Dele/A-STUDY-INTO-THE-QUALITY-AND-USABILITY-OF-PRIVACY-FRIENDLY-SYNTHETIC-DATA/datasets/hybrid/loan_k17_l2_sup05_CTGAN_HYBRID.csv
2025-05-08 18:40:32,222 - INFO - [HYBRID] Generated hybrid dataset shape for GaussianCopula: (336, 19)
2025-05-08 18:40:32,222 - INFO - [HYBRID] Target distribution for GaussianCopula: {'Y': 231, 'N': 105}
2025-05-08 18:40:32,224 - INFO -  [HYBRID] Saved hybrid dataset to /mnt/NVMETank/Projects/Students/Dele/A-STUDY-INTO-THE-QUALITY-AND-USABILITY-OF-PRIVACY-FRIENDLY-SYNTHETIC-DATA/datasets/hybrid/loan_k17_l2_sup05_GaussianCopula_HYBRID.csv
2025-05-08 18:40:32,224 - INFO - [HYBRID] Generated hybrid dataset shape for TVAE: (336, 19)
2025-05-08 18:40:32,224 - INFO - [HYBRID] Target distribution for TVAE: {'Y': 336}
2025-05-08 18:40:32,226 - INFO -  [HYBRID] Saved hybrid dataset to /mnt/NVMETank/Projects/Students/Dele/A-STUDY-INTO-THE-QUALITY-AND-USABILITY-OF-PRIVACY-FRIENDLY-SYNTHETIC-DATA/datasets/hybrid/loan_k17_l2_sup05_TVAE_HYBRID.csv
2025-05-08 18:40:32,226 - INFO -  [HYBRID] Hybrid pipeline complete — 3 dataset(s) ready.
2025-05-08 18:40:32,226 - INFO - [HYBRID] Total rows across all hybrid datasets: 1008
2025-05-08 18:40:32,226 - INFO - Hybrid pipeline completed successfully.
2025-05-08 18:40:32,226 - INFO - Hybrid pipeline duration: 22.68 seconds
2025-05-08 18:40:32,226 - INFO - Starting Utility...
2025-05-08 18:40:32,226 - INFO - [UTILITY] Preparing datasets for machine learning...
2025-05-08 18:40:32,227 - INFO - [UTILITY] Original Data - Training Size: 336, Testing Size: 144
2025-05-08 18:40:32,227 - INFO - [UTILITY] Target class distribution (Original): {'Y': 232, 'N': 104}
2025-05-08 18:40:32,227 - INFO - [UTILITY] Processing anonymized dataset...
2025-05-08 18:40:32,227 - INFO - [UTILITY] Anonymized Data - Training Size: 336
2025-05-08 18:40:32,227 - INFO - [UTILITY] Target class distribution (Anonymous): {'Y': 232, 'N': 104}
2025-05-08 18:40:32,227 - INFO - [UTILITY] Processing hybrid dataset generated by CTGAN...
2025-05-08 18:40:32,228 - INFO - [UTILITY] Hybrid Data (CTGAN_HYBRID) - Training Size: 336
2025-05-08 18:40:32,228 - INFO - [UTILITY] Target class distribution (CTGAN_HYBRID): {'Y': 237, 'N': 99}
2025-05-08 18:40:32,228 - INFO - [UTILITY] Processing hybrid dataset generated by GaussianCopula...
2025-05-08 18:40:32,228 - INFO - [UTILITY] Hybrid Data (GaussianCopula_HYBRID) - Training Size: 336
2025-05-08 18:40:32,229 - INFO - [UTILITY] Target class distribution (GaussianCopula_HYBRID): {'Y': 231, 'N': 105}
2025-05-08 18:40:32,229 - WARNING -  Skipping hybrid dataset 'TVAE_HYBRID' - only one class in target.
2025-05-08 18:40:32,229 - INFO - [UTILITY] Training models on all datasets...
2025-05-08 18:40:32,229 - INFO - [UTILITY] Total datasets used for training: 4
2025-05-08 18:40:32,229 - INFO - [TRAINING] Training models from scratch...
2025-05-08 18:40:32,229 - INFO - [TRAINING] Starting training for dataset: Original — Rows: 336, Features: 18
2025-05-08 18:40:32,229 - INFO - [TRAINING] Training DecisionTree on Original...
2025-05-08 18:40:32,231 - INFO - [TRAINING] DecisionTree trained successfully on Original in 0.00 sec
2025-05-08 18:40:32,231 - INFO - [TRAINING] Training KNN on Original...
2025-05-08 18:40:32,232 - INFO - [TRAINING] KNN trained successfully on Original in 0.00 sec
2025-05-08 18:40:32,232 - INFO - [TRAINING] Training LogisticRegression on Original...
2025-05-08 18:40:32,236 - INFO - [TRAINING] LogisticRegression trained successfully on Original in 0.00 sec
2025-05-08 18:40:32,236 - INFO - [TRAINING] Training RandomForest on Original...
2025-05-08 18:40:32,344 - INFO - [TRAINING] RandomForest trained successfully on Original in 0.11 sec
2025-05-08 18:40:32,344 - INFO - [TRAINING] Training SVM on Original...
2025-05-08 18:40:32,348 - INFO - [TRAINING] SVM trained successfully on Original in 0.00 sec
2025-05-08 18:40:32,348 - INFO - [TRAINING] Finished training 5 model(s) for dataset: Original
2025-05-08 18:40:32,348 - INFO - [TRAINING] Starting training for dataset: Anonymous — Rows: 336, Features: 18
2025-05-08 18:40:32,348 - INFO - [TRAINING] Training DecisionTree on Anonymous...
2025-05-08 18:40:32,350 - INFO - [TRAINING] DecisionTree trained successfully on Anonymous in 0.00 sec
2025-05-08 18:40:32,350 - INFO - [TRAINING] Training KNN on Anonymous...
2025-05-08 18:40:32,351 - INFO - [TRAINING] KNN trained successfully on Anonymous in 0.00 sec
2025-05-08 18:40:32,351 - INFO - [TRAINING] Training LogisticRegression on Anonymous...
2025-05-08 18:40:32,355 - INFO - [TRAINING] LogisticRegression trained successfully on Anonymous in 0.00 sec
2025-05-08 18:40:32,355 - INFO - [TRAINING] Training RandomForest on Anonymous...
2025-05-08 18:40:32,451 - INFO - [TRAINING] RandomForest trained successfully on Anonymous in 0.10 sec
2025-05-08 18:40:32,451 - INFO - [TRAINING] Training SVM on Anonymous...
2025-05-08 18:40:32,457 - INFO - [TRAINING] SVM trained successfully on Anonymous in 0.01 sec
2025-05-08 18:40:32,457 - INFO - [TRAINING] Finished training 5 model(s) for dataset: Anonymous
2025-05-08 18:40:32,457 - INFO - [TRAINING] Starting training for dataset: CTGAN_HYBRID — Rows: 336, Features: 18
2025-05-08 18:40:32,458 - INFO - [TRAINING] Training DecisionTree on CTGAN_HYBRID...
2025-05-08 18:40:32,460 - INFO - [TRAINING] DecisionTree trained successfully on CTGAN_HYBRID in 0.00 sec
2025-05-08 18:40:32,460 - INFO - [TRAINING] Training KNN on CTGAN_HYBRID...
2025-05-08 18:40:32,462 - INFO - [TRAINING] KNN trained successfully on CTGAN_HYBRID in 0.00 sec
2025-05-08 18:40:32,462 - INFO - [TRAINING] Training LogisticRegression on CTGAN_HYBRID...
2025-05-08 18:40:32,478 - INFO - [TRAINING] LogisticRegression trained successfully on CTGAN_HYBRID in 0.02 sec
2025-05-08 18:40:32,478 - INFO - [TRAINING] Training RandomForest on CTGAN_HYBRID...
2025-05-08 18:40:32,582 - INFO - [TRAINING] RandomForest trained successfully on CTGAN_HYBRID in 0.10 sec
2025-05-08 18:40:32,582 - INFO - [TRAINING] Training SVM on CTGAN_HYBRID...
2025-05-08 18:40:32,586 - INFO - [TRAINING] SVM trained successfully on CTGAN_HYBRID in 0.00 sec
2025-05-08 18:40:32,586 - INFO - [TRAINING] Finished training 5 model(s) for dataset: CTGAN_HYBRID
2025-05-08 18:40:32,586 - INFO - [TRAINING] Starting training for dataset: GaussianCopula_HYBRID — Rows: 336, Features: 18
2025-05-08 18:40:32,586 - INFO - [TRAINING] Training DecisionTree on GaussianCopula_HYBRID...
2025-05-08 18:40:32,588 - INFO - [TRAINING] DecisionTree trained successfully on GaussianCopula_HYBRID in 0.00 sec
2025-05-08 18:40:32,588 - INFO - [TRAINING] Training KNN on GaussianCopula_HYBRID...
2025-05-08 18:40:32,589 - INFO - [TRAINING] KNN trained successfully on GaussianCopula_HYBRID in 0.00 sec
2025-05-08 18:40:32,590 - INFO - [TRAINING] Training LogisticRegression on GaussianCopula_HYBRID...
2025-05-08 18:40:32,592 - INFO - [TRAINING] LogisticRegression trained successfully on GaussianCopula_HYBRID in 0.00 sec
2025-05-08 18:40:32,592 - INFO - [TRAINING] Training RandomForest on GaussianCopula_HYBRID...
2025-05-08 18:40:32,684 - INFO - [TRAINING] RandomForest trained successfully on GaussianCopula_HYBRID in 0.09 sec
2025-05-08 18:40:32,684 - INFO - [TRAINING] Training SVM on GaussianCopula_HYBRID...
2025-05-08 18:40:32,687 - INFO - [TRAINING] SVM trained successfully on GaussianCopula_HYBRID in 0.00 sec
2025-05-08 18:40:32,687 - INFO - [TRAINING] Finished training 5 model(s) for dataset: GaussianCopula_HYBRID
2025-05-08 18:40:32,687 - INFO - [TRAINING] Total models trained across all datasets: 20
2025-05-08 18:40:32,687 - INFO - [UTILITY] Trained model names: ['Original', 'Anonymous', 'CTGAN_HYBRID', 'GaussianCopula_HYBRID']
2025-05-08 18:40:32,687 - INFO - [UTILITY] Model Training Completed.
2025-05-08 18:40:32,687 - INFO - Starting the Evaluating of models...
2025-05-08 18:40:32,688 - INFO - Preparing evaluation for model 'DecisionTree' across all datasets...
2025-05-08 18:40:32,688 - INFO - Evaluating DecisionTree on Original...
2025-05-08 18:40:32,689 - INFO - Predictions completed for DecisionTree on Original
2025-05-08 18:40:32,689 - INFO - Prediction distribution for DecisionTree on Original: {'Y': 89, 'N': 55}
2025-05-08 18:40:32,698 - INFO - Computed 8 metric(s) for DecisionTree on Original
2025-05-08 18:40:32,698 - INFO - Evaluating DecisionTree on Anonymous...
2025-05-08 18:40:32,699 - INFO - Predictions completed for DecisionTree on Anonymous
2025-05-08 18:40:32,699 - INFO - Prediction distribution for DecisionTree on Anonymous: {'Y': 106, 'N': 38}
2025-05-08 18:40:32,708 - INFO - Computed 8 metric(s) for DecisionTree on Anonymous
2025-05-08 18:40:32,708 - INFO - Evaluating DecisionTree on CTGAN_HYBRID...
2025-05-08 18:40:32,709 - INFO - Predictions completed for DecisionTree on CTGAN_HYBRID
2025-05-08 18:40:32,709 - INFO - Prediction distribution for DecisionTree on CTGAN_HYBRID: {'Y': 91, 'N': 53}
2025-05-08 18:40:32,718 - INFO - Computed 8 metric(s) for DecisionTree on CTGAN_HYBRID
2025-05-08 18:40:32,718 - INFO - Evaluating DecisionTree on GaussianCopula_HYBRID...
2025-05-08 18:40:32,719 - INFO - Predictions completed for DecisionTree on GaussianCopula_HYBRID
2025-05-08 18:40:32,719 - INFO - Prediction distribution for DecisionTree on GaussianCopula_HYBRID: {'Y': 85, 'N': 59}
2025-05-08 18:40:32,727 - INFO - Computed 8 metric(s) for DecisionTree on GaussianCopula_HYBRID
2025-05-08 18:40:32,727 - INFO - Preparing evaluation for model 'KNN' across all datasets...
2025-05-08 18:40:32,727 - INFO - Evaluating KNN on Original...
2025-05-08 18:40:32,733 - INFO - Predictions completed for KNN on Original
2025-05-08 18:40:32,733 - INFO - Prediction distribution for KNN on Original: {'Y': 115, 'N': 29}
2025-05-08 18:40:32,744 - INFO - Computed 8 metric(s) for KNN on Original
2025-05-08 18:40:32,744 - INFO - Evaluating KNN on Anonymous...
2025-05-08 18:40:32,750 - INFO - Predictions completed for KNN on Anonymous
2025-05-08 18:40:32,750 - INFO - Prediction distribution for KNN on Anonymous: {'Y': 114, 'N': 30}
2025-05-08 18:40:32,761 - INFO - Computed 8 metric(s) for KNN on Anonymous
2025-05-08 18:40:32,761 - INFO - Evaluating KNN on CTGAN_HYBRID...
2025-05-08 18:40:32,766 - INFO - Predictions completed for KNN on CTGAN_HYBRID
2025-05-08 18:40:32,767 - INFO - Prediction distribution for KNN on CTGAN_HYBRID: {'Y': 120, 'N': 24}
2025-05-08 18:40:32,778 - INFO - Computed 8 metric(s) for KNN on CTGAN_HYBRID
2025-05-08 18:40:32,778 - INFO - Evaluating KNN on GaussianCopula_HYBRID...
2025-05-08 18:40:32,783 - INFO - Predictions completed for KNN on GaussianCopula_HYBRID
2025-05-08 18:40:32,784 - INFO - Prediction distribution for KNN on GaussianCopula_HYBRID: {'Y': 123, 'N': 21}
2025-05-08 18:40:32,872 - INFO - Computed 8 metric(s) for KNN on GaussianCopula_HYBRID
2025-05-08 18:40:32,872 - INFO - Preparing evaluation for model 'LogisticRegression' across all datasets...
2025-05-08 18:40:32,872 - INFO - Evaluating LogisticRegression on Original...
2025-05-08 18:40:32,874 - INFO - Predictions completed for LogisticRegression on Original
2025-05-08 18:40:32,874 - INFO - Prediction distribution for LogisticRegression on Original: {'Y': 115, 'N': 29}
2025-05-08 18:40:32,883 - INFO - Computed 8 metric(s) for LogisticRegression on Original
2025-05-08 18:40:32,883 - INFO - Evaluating LogisticRegression on Anonymous...
2025-05-08 18:40:32,884 - INFO - Predictions completed for LogisticRegression on Anonymous
2025-05-08 18:40:32,884 - INFO - Prediction distribution for LogisticRegression on Anonymous: {'Y': 132, 'N': 12}
2025-05-08 18:40:32,893 - INFO - Computed 8 metric(s) for LogisticRegression on Anonymous
2025-05-08 18:40:32,893 - INFO - Evaluating LogisticRegression on CTGAN_HYBRID...
2025-05-08 18:40:32,894 - INFO - Predictions completed for LogisticRegression on CTGAN_HYBRID
2025-05-08 18:40:32,894 - INFO - Prediction distribution for LogisticRegression on CTGAN_HYBRID: {'Y': 126, 'N': 18}
2025-05-08 18:40:32,903 - INFO - Computed 8 metric(s) for LogisticRegression on CTGAN_HYBRID
2025-05-08 18:40:32,903 - INFO - Evaluating LogisticRegression on GaussianCopula_HYBRID...
2025-05-08 18:40:32,904 - INFO - Predictions completed for LogisticRegression on GaussianCopula_HYBRID
2025-05-08 18:40:32,904 - INFO - Prediction distribution for LogisticRegression on GaussianCopula_HYBRID: {'Y': 142, 'N': 2}
2025-05-08 18:40:32,913 - INFO - Computed 8 metric(s) for LogisticRegression on GaussianCopula_HYBRID
2025-05-08 18:40:32,913 - INFO - Preparing evaluation for model 'RandomForest' across all datasets...
2025-05-08 18:40:32,913 - INFO - Evaluating RandomForest on Original...
2025-05-08 18:40:32,918 - INFO - Predictions completed for RandomForest on Original
2025-05-08 18:40:32,919 - INFO - Prediction distribution for RandomForest on Original: {'Y': 107, 'N': 37}
2025-05-08 18:40:32,936 - INFO - Computed 8 metric(s) for RandomForest on Original
2025-05-08 18:40:32,936 - INFO - Evaluating RandomForest on Anonymous...
2025-05-08 18:40:32,941 - INFO - Predictions completed for RandomForest on Anonymous
2025-05-08 18:40:32,942 - INFO - Prediction distribution for RandomForest on Anonymous: {'Y': 120, 'N': 24}
2025-05-08 18:40:32,958 - INFO - Computed 8 metric(s) for RandomForest on Anonymous
2025-05-08 18:40:32,959 - INFO - Evaluating RandomForest on CTGAN_HYBRID...
2025-05-08 18:40:32,964 - INFO - Predictions completed for RandomForest on CTGAN_HYBRID
2025-05-08 18:40:32,964 - INFO - Prediction distribution for RandomForest on CTGAN_HYBRID: {'Y': 112, 'N': 32}
2025-05-08 18:40:32,981 - INFO - Computed 8 metric(s) for RandomForest on CTGAN_HYBRID
2025-05-08 18:40:32,981 - INFO - Evaluating RandomForest on GaussianCopula_HYBRID...
2025-05-08 18:40:32,986 - INFO - Predictions completed for RandomForest on GaussianCopula_HYBRID
2025-05-08 18:40:32,987 - INFO - Prediction distribution for RandomForest on GaussianCopula_HYBRID: {'Y': 125, 'N': 19}
2025-05-08 18:40:33,004 - INFO - Computed 8 metric(s) for RandomForest on GaussianCopula_HYBRID
2025-05-08 18:40:33,004 - INFO - Preparing evaluation for model 'SVM' across all datasets...
2025-05-08 18:40:33,004 - INFO - Evaluating SVM on Original...
2025-05-08 18:40:33,006 - INFO - Predictions completed for SVM on Original
2025-05-08 18:40:33,006 - INFO - Prediction distribution for SVM on Original: {'Y': 144}
2025-05-08 18:40:33,006 - WARNING -  [WARNING] :SVM on Original predicted only one class: {'Y'}
2025-05-08 18:40:33,008 - WARNING - [UndefinedMetricWarning] Precision is ill-defined and being set to 0.0 in labels with no predicted samples. Use `zero_division` parameter to control this behavior. (from /mnt/NVMETank/Projects/Students/Dele/A-STUDY-INTO-THE-QUALITY-AND-USABILITY-OF-PRIVACY-FRIENDLY-SYNTHETIC-DATA/.venv/lib/python3.12/site-packages/sklearn/metrics/_classification.py:1565)
2025-05-08 18:40:33,009 - WARNING - [UndefinedMetricWarning] Precision is ill-defined and being set to 0.0 in labels with no predicted samples. Use `zero_division` parameter to control this behavior. (from /mnt/NVMETank/Projects/Students/Dele/A-STUDY-INTO-THE-QUALITY-AND-USABILITY-OF-PRIVACY-FRIENDLY-SYNTHETIC-DATA/.venv/lib/python3.12/site-packages/sklearn/metrics/_classification.py:1565)
2025-05-08 18:40:33,010 - WARNING - [UndefinedMetricWarning] Precision is ill-defined and being set to 0.0 in labels with no predicted samples. Use `zero_division` parameter to control this behavior. (from /mnt/NVMETank/Projects/Students/Dele/A-STUDY-INTO-THE-QUALITY-AND-USABILITY-OF-PRIVACY-FRIENDLY-SYNTHETIC-DATA/.venv/lib/python3.12/site-packages/sklearn/metrics/_classification.py:1565)
2025-05-08 18:40:33,012 - INFO - Computed 8 metric(s) for SVM on Original
2025-05-08 18:40:33,012 - INFO - Evaluating SVM on Anonymous...
2025-05-08 18:40:33,014 - INFO - Predictions completed for SVM on Anonymous
2025-05-08 18:40:33,014 - INFO - Prediction distribution for SVM on Anonymous: {'Y': 144}
2025-05-08 18:40:33,014 - WARNING -  [WARNING] :SVM on Anonymous predicted only one class: {'Y'}
2025-05-08 18:40:33,016 - WARNING - [UndefinedMetricWarning] Precision is ill-defined and being set to 0.0 in labels with no predicted samples. Use `zero_division` parameter to control this behavior. (from /mnt/NVMETank/Projects/Students/Dele/A-STUDY-INTO-THE-QUALITY-AND-USABILITY-OF-PRIVACY-FRIENDLY-SYNTHETIC-DATA/.venv/lib/python3.12/site-packages/sklearn/metrics/_classification.py:1565)
2025-05-08 18:40:33,017 - WARNING - [UndefinedMetricWarning] Precision is ill-defined and being set to 0.0 in labels with no predicted samples. Use `zero_division` parameter to control this behavior. (from /mnt/NVMETank/Projects/Students/Dele/A-STUDY-INTO-THE-QUALITY-AND-USABILITY-OF-PRIVACY-FRIENDLY-SYNTHETIC-DATA/.venv/lib/python3.12/site-packages/sklearn/metrics/_classification.py:1565)
2025-05-08 18:40:33,019 - WARNING - [UndefinedMetricWarning] Precision is ill-defined and being set to 0.0 in labels with no predicted samples. Use `zero_division` parameter to control this behavior. (from /mnt/NVMETank/Projects/Students/Dele/A-STUDY-INTO-THE-QUALITY-AND-USABILITY-OF-PRIVACY-FRIENDLY-SYNTHETIC-DATA/.venv/lib/python3.12/site-packages/sklearn/metrics/_classification.py:1565)
2025-05-08 18:40:33,020 - INFO - Computed 8 metric(s) for SVM on Anonymous
2025-05-08 18:40:33,020 - INFO - Evaluating SVM on CTGAN_HYBRID...
2025-05-08 18:40:33,023 - INFO - Predictions completed for SVM on CTGAN_HYBRID
2025-05-08 18:40:33,023 - INFO - Prediction distribution for SVM on CTGAN_HYBRID: {'Y': 144}
2025-05-08 18:40:33,023 - WARNING -  [WARNING] :SVM on CTGAN_HYBRID predicted only one class: {'Y'}
2025-05-08 18:40:33,024 - WARNING - [UndefinedMetricWarning] Precision is ill-defined and being set to 0.0 in labels with no predicted samples. Use `zero_division` parameter to control this behavior. (from /mnt/NVMETank/Projects/Students/Dele/A-STUDY-INTO-THE-QUALITY-AND-USABILITY-OF-PRIVACY-FRIENDLY-SYNTHETIC-DATA/.venv/lib/python3.12/site-packages/sklearn/metrics/_classification.py:1565)
2025-05-08 18:40:33,026 - WARNING - [UndefinedMetricWarning] Precision is ill-defined and being set to 0.0 in labels with no predicted samples. Use `zero_division` parameter to control this behavior. (from /mnt/NVMETank/Projects/Students/Dele/A-STUDY-INTO-THE-QUALITY-AND-USABILITY-OF-PRIVACY-FRIENDLY-SYNTHETIC-DATA/.venv/lib/python3.12/site-packages/sklearn/metrics/_classification.py:1565)
2025-05-08 18:40:33,027 - WARNING - [UndefinedMetricWarning] Precision is ill-defined and being set to 0.0 in labels with no predicted samples. Use `zero_division` parameter to control this behavior. (from /mnt/NVMETank/Projects/Students/Dele/A-STUDY-INTO-THE-QUALITY-AND-USABILITY-OF-PRIVACY-FRIENDLY-SYNTHETIC-DATA/.venv/lib/python3.12/site-packages/sklearn/metrics/_classification.py:1565)
2025-05-08 18:40:33,029 - INFO - Computed 8 metric(s) for SVM on CTGAN_HYBRID
2025-05-08 18:40:33,029 - INFO - Evaluating SVM on GaussianCopula_HYBRID...
2025-05-08 18:40:33,031 - INFO - Predictions completed for SVM on GaussianCopula_HYBRID
2025-05-08 18:40:33,031 - INFO - Prediction distribution for SVM on GaussianCopula_HYBRID: {'Y': 144}
2025-05-08 18:40:33,031 - WARNING -  [WARNING] :SVM on GaussianCopula_HYBRID predicted only one class: {'Y'}
2025-05-08 18:40:33,033 - WARNING - [UndefinedMetricWarning] Precision is ill-defined and being set to 0.0 in labels with no predicted samples. Use `zero_division` parameter to control this behavior. (from /mnt/NVMETank/Projects/Students/Dele/A-STUDY-INTO-THE-QUALITY-AND-USABILITY-OF-PRIVACY-FRIENDLY-SYNTHETIC-DATA/.venv/lib/python3.12/site-packages/sklearn/metrics/_classification.py:1565)
2025-05-08 18:40:33,034 - WARNING - [UndefinedMetricWarning] Precision is ill-defined and being set to 0.0 in labels with no predicted samples. Use `zero_division` parameter to control this behavior. (from /mnt/NVMETank/Projects/Students/Dele/A-STUDY-INTO-THE-QUALITY-AND-USABILITY-OF-PRIVACY-FRIENDLY-SYNTHETIC-DATA/.venv/lib/python3.12/site-packages/sklearn/metrics/_classification.py:1565)
2025-05-08 18:40:33,035 - WARNING - [UndefinedMetricWarning] Precision is ill-defined and being set to 0.0 in labels with no predicted samples. Use `zero_division` parameter to control this behavior. (from /mnt/NVMETank/Projects/Students/Dele/A-STUDY-INTO-THE-QUALITY-AND-USABILITY-OF-PRIVACY-FRIENDLY-SYNTHETIC-DATA/.venv/lib/python3.12/site-packages/sklearn/metrics/_classification.py:1565)
2025-05-08 18:40:33,037 - INFO - Computed 8 metric(s) for SVM on GaussianCopula_HYBRID
2025-05-08 18:40:33,041 - INFO - Evaluation completed for all models.
2025-05-08 18:40:33,041 - INFO - Model evaluation completed in 0.35 seconds.
2025-05-08 18:40:33,043 - INFO - Evaluated models: ['DecisionTree', 'KNN', 'LogisticRegression', 'RandomForest', 'SVM']
2025-05-08 18:40:33,043 - INFO - Model Training and Evaluation completed.
2025-05-08 18:40:33,592 - INFO -  Visualizations saved.
2025-05-08 18:40:33,592 - INFO -  Benchmarking Completed. Results saved in output folder.
