2025-05-08 18:51:12,358 - INFO - Loaded config file: configs/generated_configs/loan/loan_synth_ep20_rows2x.yaml
2025-05-08 18:51:12,359 - INFO -  Benchmarking started for dataset: loan
2025-05-08 18:51:12,359 - INFO - Using dataset path: /mnt/NVMETank/Projects/Students/Dele/A-STUDY-INTO-THE-QUALITY-AND-USABILITY-OF-PRIVACY-FRIENDLY-SYNTHETIC-DATA/datasets/original/loan.csv
2025-05-08 18:51:12,359 - INFO - Target column: Loan_Status, separator: ','
2025-05-08 18:51:12,359 - INFO - Configuration loaded: enable_anonymization = False, enable_synthesis = True, enable_hybrid = False, enable_utility = True, delete_after_evaluation = False
2025-05-08 18:51:12,359 - INFO - Running preprocessing...
2025-05-08 18:51:12,363 - INFO -  [PREPROCESSING] Preprocessed files found. Skipping preprocessing.
2025-05-08 18:51:12,372 - INFO - Preprocessing completed. Rows before: 614, after: 336
2025-05-08 18:51:12,372 - INFO - Preprocessed data saved to: outputs/batch/loan_batch_2025-05-08_18-38-44/loan_synth_ep20_rows2x/preprocessing_report.txt
2025-05-08 18:51:12,372 - INFO - enable_anonymization = False
2025-05-08 18:51:12,372 - INFO - Anonymization Skipped (Disabled in Configuration).
2025-05-08 18:51:12,372 - INFO - enable_synthetic_generation = True
2025-05-08 18:51:12,372 - INFO - Starting standard Synthetic Data Generation pipeline...
2025-05-08 18:51:12,372 - INFO - Executing run_synthetic.....
2025-05-08 18:51:12,372 - INFO - [SYNTHETIC PIPELINE] executing run_synthetic for loan...
2025-05-08 18:51:12,372 - INFO - [SYNTHETIC] Processing dataset: loan
2025-05-08 18:51:12,372 - INFO - [SYNTHETIC] Original dataset size: 336 rows
2025-05-08 18:51:12,382 - INFO - Detected metadata:
2025-05-08 18:51:12,382 - INFO - {
    "columns": {
        "Gender_0": {
            "sdtype": "categorical"
        },
        "Gender_1": {
            "sdtype": "categorical"
        },
        "Married_0": {
            "sdtype": "categorical"
        },
        "Married_1": {
            "sdtype": "categorical"
        },
        "Dependents_0": {
            "sdtype": "categorical"
        },
        "Dependents_1": {
            "sdtype": "categorical"
        },
        "Dependents_2": {
            "sdtype": "categorical"
        },
        "Education_0": {
            "sdtype": "categorical"
        },
        "Education_1": {
            "sdtype": "categorical"
        },
        "Self_Employed_0": {
            "sdtype": "categorical"
        },
        "Self_Employed_1": {
            "sdtype": "categorical"
        },
        "ApplicantIncome": {
            "sdtype": "numerical"
        },
        "CoapplicantIncome": {
            "sdtype": "numerical"
        },
        "LoanAmount": {
            "sdtype": "numerical"
        },
        "Loan_Amount_Term": {
            "sdtype": "categorical"
        },
        "Credit_History": {
            "sdtype": "categorical"
        },
        "Property_Area_0": {
            "sdtype": "categorical"
        },
        "Property_Area_1": {
            "sdtype": "categorical"
        },
        "Loan_Status": {
            "sdtype": "categorical"
        }
    },
    "METADATA_SPEC_VERSION": "SINGLE_TABLE_V1"
}
2025-05-08 18:51:12,382 - INFO - [SYNTHETIC] Preparing synthesizer: CTGAN
2025-05-08 18:51:12,382 - INFO - [SYNTHETIC] Params from config: {'epochs': 20}
2025-05-08 18:51:12,382 - INFO - [SYNTHETIC] Found existing CTGAN synthesizer: /mnt/NVMETank/Projects/Students/Dele/A-STUDY-INTO-THE-QUALITY-AND-USABILITY-OF-PRIVACY-FRIENDLY-SYNTHETIC-DATA/artifacts/synthesizers/loan_CTGAN_epochs20_synthesizer.pkl
2025-05-08 18:51:12,681 - INFO - {'EVENT': 'Load', 'TIMESTAMP': datetime.datetime(2025, 5, 8, 18, 51, 12, 681383), 'SYNTHESIZER CLASS NAME': 'CTGANSynthesizer', 'SYNTHESIZER ID': 'CTGANSynthesizer_1.18.0_54bfc8a3088b4508bd74b999fb3462ad'}
2025-05-08 18:51:12,681 - INFO - [SYNTHETIC] Preparing synthesizer: TVAE
2025-05-08 18:51:12,681 - INFO - [SYNTHETIC] Params from config: {'epochs': 20}
2025-05-08 18:51:12,681 - INFO - [SYNTHETIC] Found existing TVAE synthesizer: /mnt/NVMETank/Projects/Students/Dele/A-STUDY-INTO-THE-QUALITY-AND-USABILITY-OF-PRIVACY-FRIENDLY-SYNTHETIC-DATA/artifacts/synthesizers/loan_TVAE_epochs20_synthesizer.pkl
2025-05-08 18:51:12,717 - INFO - {'EVENT': 'Load', 'TIMESTAMP': datetime.datetime(2025, 5, 8, 18, 51, 12, 717695), 'SYNTHESIZER CLASS NAME': 'TVAESynthesizer', 'SYNTHESIZER ID': 'TVAESynthesizer_1.18.0_28ccccbb9b76481e8c6fb13866f4760d'}
2025-05-08 18:51:12,717 - INFO - [SYNTHETIC] Using CTGAN to generate 672 rows...
2025-05-08 18:51:12,996 - INFO - {'EVENT': 'Sample', 'TIMESTAMP': datetime.datetime(2025, 5, 8, 18, 51, 12, 717893), 'SYNTHESIZER CLASS NAME': 'CTGANSynthesizer', 'SYNTHESIZER ID': 'CTGANSynthesizer_1.18.0_54bfc8a3088b4508bd74b999fb3462ad', 'TOTAL NUMBER OF TABLES': 1, 'TOTAL NUMBER OF ROWS': 672, 'TOTAL NUMBER OF COLUMNS': 19}
2025-05-08 18:51:12,996 - INFO - [SYNTHETIC] CTGAN completed: 672 rows generated.
2025-05-08 18:51:12,996 - INFO - [SYNTHETIC] Target class distribution for CTGAN: {'Y': 493, 'N': 179}
2025-05-08 18:51:12,996 - INFO - [SYNTHETIC] Using TVAE to generate 672 rows...
2025-05-08 18:51:13,041 - INFO - {'EVENT': 'Sample', 'TIMESTAMP': datetime.datetime(2025, 5, 8, 18, 51, 12, 996706), 'SYNTHESIZER CLASS NAME': 'TVAESynthesizer', 'SYNTHESIZER ID': 'TVAESynthesizer_1.18.0_28ccccbb9b76481e8c6fb13866f4760d', 'TOTAL NUMBER OF TABLES': 1, 'TOTAL NUMBER OF ROWS': 672, 'TOTAL NUMBER OF COLUMNS': 19}
2025-05-08 18:51:13,041 - INFO - [SYNTHETIC] TVAE completed: 672 rows generated.
2025-05-08 18:51:13,041 - INFO - [SYNTHETIC] Target class distribution for TVAE: {'Y': 672}
2025-05-08 18:51:13,041 - INFO - [SYNTHETIC PIPELINE] Synthetic Data Generation Completed.
2025-05-08 18:51:13,041 - INFO - [SYNTHETIC PIPELINE] Synthesizers used: ['CTGAN', 'TVAE']
2025-05-08 18:51:13,041 - INFO - [SYNTHETIC PIPELINE] Evaluating synthetic dataset generated by CTGAN...
2025-05-08 18:51:13,042 - INFO - [SYNTHETIC EVAL] Real data columns     (19): ['Gender_0', 'Gender_1', 'Married_0', 'Married_1', 'Dependents_0', 'Dependents_1', 'Dependents_2', 'Education_0', 'Education_1', 'Self_Employed_0', 'Self_Employed_1', 'ApplicantIncome', 'CoapplicantIncome', 'LoanAmount', 'Loan_Amount_Term', 'Credit_History', 'Property_Area_0', 'Property_Area_1', 'Loan_Status']
2025-05-08 18:51:13,042 - INFO - [SYNTHETIC EVAL] Synthetic data columns (19): ['Gender_0', 'Gender_1', 'Married_0', 'Married_1', 'Dependents_0', 'Dependents_1', 'Dependents_2', 'Education_0', 'Education_1', 'Self_Employed_0', 'Self_Employed_1', 'ApplicantIncome', 'CoapplicantIncome', 'LoanAmount', 'Loan_Amount_Term', 'Credit_History', 'Property_Area_0', 'Property_Area_1', 'Loan_Status']
2025-05-08 18:51:13,042 - INFO - [SYNTHETIC EVAL] Metadata columns      (19): ['Gender_0', 'Gender_1', 'Married_0', 'Married_1', 'Dependents_0', 'Dependents_1', 'Dependents_2', 'Education_0', 'Education_1', 'Self_Employed_0', 'Self_Employed_1', 'ApplicantIncome', 'CoapplicantIncome', 'LoanAmount', 'Loan_Amount_Term', 'Credit_History', 'Property_Area_0', 'Property_Area_1', 'Loan_Status']
2025-05-08 18:51:13,042 - INFO - [SYNTHETIC EVAL] Shape — Real: (336, 19), Synthetic: (672, 19)
2025-05-08 18:51:13,042 - INFO - [SYNTHETIC EVAL] Metadata structure:
{
  "columns": {
    "Gender_0": {
      "sdtype": "categorical"
    },
    "Gender_1": {
      "sdtype": "categorical"
    },
    "Married_0": {
      "sdtype": "categorical"
    },
    "Married_1": {
      "sdtype": "categorical"
    },
    "Dependents_0": {
      "sdtype": "categorical"
    },
    "Dependents_1": {
      "sdtype": "categorical"
    },
    "Dependents_2": {
      "sdtype": "categorical"
    },
    "Education_0": {
      "sdtype": "categorical"
    },
    "Education_1": {
      "sdtype": "categorical"
    },
    "Self_Employed_0": {
      "sdtype": "categorical"
    },
    "Self_Employed_1": {
      "sdtype": "categorical"
    },
    "ApplicantIncome": {
      "sdtype": "numerical"
    },
    "CoapplicantIncome": {
      "sdtype": "numerical"
    },
    "LoanAmount": {
      "sdtype": "numerical"
    },
    "Loan_Amount_Term": {
      "sdtype": "categorical"
    },
    "Credit_History": {
      "sdtype": "categorical"
    },
    "Property_Area_0": {
      "sdtype": "categorical"
    },
    "Property_Area_1": {
      "sdtype": "categorical"
    },
    "Loan_Status": {
      "sdtype": "categorical"
    }
  },
  "METADATA_SPEC_VERSION": "SINGLE_TABLE_V1"
}
2025-05-08 18:51:13,384 - INFO - [SYNTHETIC PIPELINE] Evaluating synthetic dataset generated by TVAE...
2025-05-08 18:51:13,384 - INFO - [SYNTHETIC EVAL] Real data columns     (19): ['Gender_0', 'Gender_1', 'Married_0', 'Married_1', 'Dependents_0', 'Dependents_1', 'Dependents_2', 'Education_0', 'Education_1', 'Self_Employed_0', 'Self_Employed_1', 'ApplicantIncome', 'CoapplicantIncome', 'LoanAmount', 'Loan_Amount_Term', 'Credit_History', 'Property_Area_0', 'Property_Area_1', 'Loan_Status']
2025-05-08 18:51:13,384 - INFO - [SYNTHETIC EVAL] Synthetic data columns (19): ['Gender_0', 'Gender_1', 'Married_0', 'Married_1', 'Dependents_0', 'Dependents_1', 'Dependents_2', 'Education_0', 'Education_1', 'Self_Employed_0', 'Self_Employed_1', 'ApplicantIncome', 'CoapplicantIncome', 'LoanAmount', 'Loan_Amount_Term', 'Credit_History', 'Property_Area_0', 'Property_Area_1', 'Loan_Status']
2025-05-08 18:51:13,384 - INFO - [SYNTHETIC EVAL] Metadata columns      (19): ['Gender_0', 'Gender_1', 'Married_0', 'Married_1', 'Dependents_0', 'Dependents_1', 'Dependents_2', 'Education_0', 'Education_1', 'Self_Employed_0', 'Self_Employed_1', 'ApplicantIncome', 'CoapplicantIncome', 'LoanAmount', 'Loan_Amount_Term', 'Credit_History', 'Property_Area_0', 'Property_Area_1', 'Loan_Status']
2025-05-08 18:51:13,384 - INFO - [SYNTHETIC EVAL] Shape — Real: (336, 19), Synthetic: (672, 19)
2025-05-08 18:51:13,384 - INFO - [SYNTHETIC EVAL] Metadata structure:
{
  "columns": {
    "Gender_0": {
      "sdtype": "categorical"
    },
    "Gender_1": {
      "sdtype": "categorical"
    },
    "Married_0": {
      "sdtype": "categorical"
    },
    "Married_1": {
      "sdtype": "categorical"
    },
    "Dependents_0": {
      "sdtype": "categorical"
    },
    "Dependents_1": {
      "sdtype": "categorical"
    },
    "Dependents_2": {
      "sdtype": "categorical"
    },
    "Education_0": {
      "sdtype": "categorical"
    },
    "Education_1": {
      "sdtype": "categorical"
    },
    "Self_Employed_0": {
      "sdtype": "categorical"
    },
    "Self_Employed_1": {
      "sdtype": "categorical"
    },
    "ApplicantIncome": {
      "sdtype": "numerical"
    },
    "CoapplicantIncome": {
      "sdtype": "numerical"
    },
    "LoanAmount": {
      "sdtype": "numerical"
    },
    "Loan_Amount_Term": {
      "sdtype": "categorical"
    },
    "Credit_History": {
      "sdtype": "categorical"
    },
    "Property_Area_0": {
      "sdtype": "categorical"
    },
    "Property_Area_1": {
      "sdtype": "categorical"
    },
    "Loan_Status": {
      "sdtype": "categorical"
    }
  },
  "METADATA_SPEC_VERSION": "SINGLE_TABLE_V1"
}
2025-05-08 18:51:13,785 - INFO -  [SYNTHETIC PIPELINE]  Synthetic Data Evaluation Completed.
2025-05-08 18:51:13,791 - INFO -  [SYNTHETIC PIPELINE] Synthetic Data Report Generated Successfully.
2025-05-08 18:51:13,904 - INFO - Synthetic data generated with 2 synthesizer(s).
2025-05-08 18:51:13,905 - INFO - Hybrid Pipeline skipped (disabled in configuration).
2025-05-08 18:51:13,905 - INFO - Starting Utility...
2025-05-08 18:51:13,905 - INFO - [UTILITY] Preparing datasets for machine learning...
2025-05-08 18:51:13,905 - INFO - [UTILITY] Original Data - Training Size: 336, Testing Size: 144
2025-05-08 18:51:13,906 - INFO - [UTILITY] Target class distribution (Original): {'Y': 232, 'N': 104}
2025-05-08 18:51:13,906 - INFO - [UTILITY] Processing synthetic dataset generated by CTGAN...
2025-05-08 18:51:13,907 - INFO - [UTILITY] Synthetic Data (CTGAN) - Training Size: 672
2025-05-08 18:51:13,907 - INFO - [UTILITY] Target class distribution (CTGAN): {'Y': 493, 'N': 179}
2025-05-08 18:51:13,907 - WARNING -  Skipping synthetic dataset 'TVAE' - only one class in target.
2025-05-08 18:51:13,907 - INFO - [UTILITY] Training models on all datasets...
2025-05-08 18:51:13,907 - INFO - [UTILITY] Total datasets used for training: 2
2025-05-08 18:51:13,907 - INFO - [TRAINING] Training models from scratch...
2025-05-08 18:51:13,907 - INFO - [TRAINING] Starting training for dataset: Original — Rows: 336, Features: 18
2025-05-08 18:51:13,907 - INFO - [TRAINING] Training DecisionTree on Original...
2025-05-08 18:51:13,911 - INFO - [TRAINING] DecisionTree trained successfully on Original in 0.00 sec
2025-05-08 18:51:13,911 - INFO - [TRAINING] Training KNN on Original...
2025-05-08 18:51:13,913 - INFO - [TRAINING] KNN trained successfully on Original in 0.00 sec
2025-05-08 18:51:13,913 - INFO - [TRAINING] Training LogisticRegression on Original...
2025-05-08 18:51:13,919 - INFO - [TRAINING] LogisticRegression trained successfully on Original in 0.01 sec
2025-05-08 18:51:13,919 - INFO - [TRAINING] Training RandomForest on Original...
2025-05-08 18:51:14,043 - INFO - [TRAINING] RandomForest trained successfully on Original in 0.12 sec
2025-05-08 18:51:14,043 - INFO - [TRAINING] Training SVM on Original...
2025-05-08 18:51:14,048 - INFO - [TRAINING] SVM trained successfully on Original in 0.00 sec
2025-05-08 18:51:14,048 - INFO - [TRAINING] Finished training 5 model(s) for dataset: Original
2025-05-08 18:51:14,048 - INFO - [TRAINING] Starting training for dataset: CTGAN — Rows: 672, Features: 18
2025-05-08 18:51:14,048 - INFO - [TRAINING] Training DecisionTree on CTGAN...
2025-05-08 18:51:14,051 - INFO - [TRAINING] DecisionTree trained successfully on CTGAN in 0.00 sec
2025-05-08 18:51:14,051 - INFO - [TRAINING] Training KNN on CTGAN...
2025-05-08 18:51:14,053 - INFO - [TRAINING] KNN trained successfully on CTGAN in 0.00 sec
2025-05-08 18:51:14,053 - INFO - [TRAINING] Training LogisticRegression on CTGAN...
2025-05-08 18:51:14,056 - INFO - [TRAINING] LogisticRegression trained successfully on CTGAN in 0.00 sec
2025-05-08 18:51:14,057 - INFO - [TRAINING] Training RandomForest on CTGAN...
2025-05-08 18:51:14,178 - INFO - [TRAINING] RandomForest trained successfully on CTGAN in 0.12 sec
2025-05-08 18:51:14,178 - INFO - [TRAINING] Training SVM on CTGAN...
2025-05-08 18:51:14,188 - INFO - [TRAINING] SVM trained successfully on CTGAN in 0.01 sec
2025-05-08 18:51:14,188 - INFO - [TRAINING] Finished training 5 model(s) for dataset: CTGAN
2025-05-08 18:51:14,188 - INFO - [TRAINING] Total models trained across all datasets: 10
2025-05-08 18:51:14,188 - INFO - [UTILITY] Trained model names: ['Original', 'CTGAN']
2025-05-08 18:51:14,188 - INFO - [UTILITY] Model Training Completed.
2025-05-08 18:51:14,188 - INFO - Starting the Evaluating of models...
2025-05-08 18:51:14,188 - INFO - Preparing evaluation for model 'DecisionTree' across all datasets...
2025-05-08 18:51:14,189 - INFO - Evaluating DecisionTree on Original...
2025-05-08 18:51:14,190 - INFO - Predictions completed for DecisionTree on Original
2025-05-08 18:51:14,190 - INFO - Prediction distribution for DecisionTree on Original: {'Y': 88, 'N': 56}
2025-05-08 18:51:14,199 - INFO - Computed 8 metric(s) for DecisionTree on Original
2025-05-08 18:51:14,199 - INFO - Evaluating DecisionTree on CTGAN...
2025-05-08 18:51:14,200 - INFO - Predictions completed for DecisionTree on CTGAN
2025-05-08 18:51:14,200 - INFO - Prediction distribution for DecisionTree on CTGAN: {'Y': 93, 'N': 51}
2025-05-08 18:51:14,209 - INFO - Computed 8 metric(s) for DecisionTree on CTGAN
2025-05-08 18:51:14,209 - INFO - Preparing evaluation for model 'KNN' across all datasets...
2025-05-08 18:51:14,209 - INFO - Evaluating KNN on Original...
2025-05-08 18:51:14,243 - INFO - Predictions completed for KNN on Original
2025-05-08 18:51:14,243 - INFO - Prediction distribution for KNN on Original: {'Y': 115, 'N': 29}
2025-05-08 18:51:14,255 - INFO - Computed 8 metric(s) for KNN on Original
2025-05-08 18:51:14,255 - INFO - Evaluating KNN on CTGAN...
2025-05-08 18:51:14,261 - INFO - Predictions completed for KNN on CTGAN
2025-05-08 18:51:14,261 - INFO - Prediction distribution for KNN on CTGAN: {'Y': 124, 'N': 20}
2025-05-08 18:51:14,273 - INFO - Computed 8 metric(s) for KNN on CTGAN
2025-05-08 18:51:14,273 - INFO - Preparing evaluation for model 'LogisticRegression' across all datasets...
2025-05-08 18:51:14,273 - INFO - Evaluating LogisticRegression on Original...
2025-05-08 18:51:14,274 - INFO - Predictions completed for LogisticRegression on Original
2025-05-08 18:51:14,274 - INFO - Prediction distribution for LogisticRegression on Original: {'Y': 115, 'N': 29}
2025-05-08 18:51:14,284 - INFO - Computed 8 metric(s) for LogisticRegression on Original
2025-05-08 18:51:14,284 - INFO - Evaluating LogisticRegression on CTGAN...
2025-05-08 18:51:14,285 - INFO - Predictions completed for LogisticRegression on CTGAN
2025-05-08 18:51:14,286 - INFO - Prediction distribution for LogisticRegression on CTGAN: {'Y': 143, 'N': 1}
2025-05-08 18:51:14,295 - INFO - Computed 8 metric(s) for LogisticRegression on CTGAN
2025-05-08 18:51:14,295 - INFO - Preparing evaluation for model 'RandomForest' across all datasets...
2025-05-08 18:51:14,295 - INFO - Evaluating RandomForest on Original...
2025-05-08 18:51:14,301 - INFO - Predictions completed for RandomForest on Original
2025-05-08 18:51:14,301 - INFO - Prediction distribution for RandomForest on Original: {'Y': 105, 'N': 39}
2025-05-08 18:51:14,320 - INFO - Computed 8 metric(s) for RandomForest on Original
2025-05-08 18:51:14,320 - INFO - Evaluating RandomForest on CTGAN...
2025-05-08 18:51:14,326 - INFO - Predictions completed for RandomForest on CTGAN
2025-05-08 18:51:14,327 - INFO - Prediction distribution for RandomForest on CTGAN: {'Y': 137, 'N': 7}
2025-05-08 18:51:14,345 - INFO - Computed 8 metric(s) for RandomForest on CTGAN
2025-05-08 18:51:14,345 - INFO - Preparing evaluation for model 'SVM' across all datasets...
2025-05-08 18:51:14,345 - INFO - Evaluating SVM on Original...
2025-05-08 18:51:14,347 - INFO - Predictions completed for SVM on Original
2025-05-08 18:51:14,348 - INFO - Prediction distribution for SVM on Original: {'Y': 144}
2025-05-08 18:51:14,348 - WARNING -  [WARNING] :SVM on Original predicted only one class: {'Y'}
2025-05-08 18:51:14,350 - WARNING - [UndefinedMetricWarning] Precision is ill-defined and being set to 0.0 in labels with no predicted samples. Use `zero_division` parameter to control this behavior. (from /mnt/NVMETank/Projects/Students/Dele/A-STUDY-INTO-THE-QUALITY-AND-USABILITY-OF-PRIVACY-FRIENDLY-SYNTHETIC-DATA/.venv/lib/python3.12/site-packages/sklearn/metrics/_classification.py:1565)
2025-05-08 18:51:14,352 - WARNING - [UndefinedMetricWarning] Precision is ill-defined and being set to 0.0 in labels with no predicted samples. Use `zero_division` parameter to control this behavior. (from /mnt/NVMETank/Projects/Students/Dele/A-STUDY-INTO-THE-QUALITY-AND-USABILITY-OF-PRIVACY-FRIENDLY-SYNTHETIC-DATA/.venv/lib/python3.12/site-packages/sklearn/metrics/_classification.py:1565)
2025-05-08 18:51:14,353 - WARNING - [UndefinedMetricWarning] Precision is ill-defined and being set to 0.0 in labels with no predicted samples. Use `zero_division` parameter to control this behavior. (from /mnt/NVMETank/Projects/Students/Dele/A-STUDY-INTO-THE-QUALITY-AND-USABILITY-OF-PRIVACY-FRIENDLY-SYNTHETIC-DATA/.venv/lib/python3.12/site-packages/sklearn/metrics/_classification.py:1565)
2025-05-08 18:51:14,355 - INFO - Computed 8 metric(s) for SVM on Original
2025-05-08 18:51:14,355 - INFO - Evaluating SVM on CTGAN...
2025-05-08 18:51:14,359 - INFO - Predictions completed for SVM on CTGAN
2025-05-08 18:51:14,360 - INFO - Prediction distribution for SVM on CTGAN: {'Y': 144}
2025-05-08 18:51:14,360 - WARNING -  [WARNING] :SVM on CTGAN predicted only one class: {'Y'}
2025-05-08 18:51:14,361 - WARNING - [UndefinedMetricWarning] Precision is ill-defined and being set to 0.0 in labels with no predicted samples. Use `zero_division` parameter to control this behavior. (from /mnt/NVMETank/Projects/Students/Dele/A-STUDY-INTO-THE-QUALITY-AND-USABILITY-OF-PRIVACY-FRIENDLY-SYNTHETIC-DATA/.venv/lib/python3.12/site-packages/sklearn/metrics/_classification.py:1565)
2025-05-08 18:51:14,363 - WARNING - [UndefinedMetricWarning] Precision is ill-defined and being set to 0.0 in labels with no predicted samples. Use `zero_division` parameter to control this behavior. (from /mnt/NVMETank/Projects/Students/Dele/A-STUDY-INTO-THE-QUALITY-AND-USABILITY-OF-PRIVACY-FRIENDLY-SYNTHETIC-DATA/.venv/lib/python3.12/site-packages/sklearn/metrics/_classification.py:1565)
2025-05-08 18:51:14,364 - WARNING - [UndefinedMetricWarning] Precision is ill-defined and being set to 0.0 in labels with no predicted samples. Use `zero_division` parameter to control this behavior. (from /mnt/NVMETank/Projects/Students/Dele/A-STUDY-INTO-THE-QUALITY-AND-USABILITY-OF-PRIVACY-FRIENDLY-SYNTHETIC-DATA/.venv/lib/python3.12/site-packages/sklearn/metrics/_classification.py:1565)
2025-05-08 18:51:14,366 - INFO - Computed 8 metric(s) for SVM on CTGAN
2025-05-08 18:51:14,369 - INFO - Evaluation completed for all models.
2025-05-08 18:51:14,369 - INFO - Model evaluation completed in 0.18 seconds.
2025-05-08 18:51:14,371 - INFO - Evaluated models: ['DecisionTree', 'KNN', 'LogisticRegression', 'RandomForest', 'SVM']
2025-05-08 18:51:14,371 - INFO - Model Training and Evaluation completed.
2025-05-08 18:51:14,923 - INFO -  Visualizations saved.
2025-05-08 18:51:14,923 - INFO -  Benchmarking Completed. Results saved in output folder.
