2025-05-08 18:43:39,190 - INFO - Loaded config file: configs/generated_configs/loan/loan_anon_k8_sl0p5_l2.yaml
2025-05-08 18:43:39,190 - INFO -  Benchmarking started for dataset: loan
2025-05-08 18:43:39,190 - INFO - Using dataset path: /mnt/NVMETank/Projects/Students/Dele/A-STUDY-INTO-THE-QUALITY-AND-USABILITY-OF-PRIVACY-FRIENDLY-SYNTHETIC-DATA/datasets/original/loan.csv
2025-05-08 18:43:39,190 - INFO - Target column: Loan_Status, separator: ','
2025-05-08 18:43:39,190 - INFO - Configuration loaded: enable_anonymization = True, enable_synthesis = False, enable_hybrid = True, enable_utility = True, delete_after_evaluation = False
2025-05-08 18:43:39,190 - INFO - Running preprocessing...
2025-05-08 18:43:39,195 - INFO -  [PREPROCESSING] Preprocessed files found. Skipping preprocessing.
2025-05-08 18:43:39,203 - INFO - Preprocessing completed. Rows before: 614, after: 336
2025-05-08 18:43:39,203 - INFO - Preprocessed data saved to: outputs/batch/loan_batch_2025-05-08_18-38-44/loan_anon_k8_sl0p5_l2/preprocessing_report.txt
2025-05-08 18:43:39,203 - INFO - enable_anonymization = True
2025-05-08 18:43:39,203 - INFO - Starting Anonymization Pipeline with output path: /mnt/NVMETank/Projects/Students/Dele/A-STUDY-INTO-THE-QUALITY-AND-USABILITY-OF-PRIVACY-FRIENDLY-SYNTHETIC-DATA/datasets/anonymized/loan_k8_l2_sup50_anonymized.csv.......
2025-05-08 18:43:39,208 - INFO -  [ANONYMIZATION] Executing run_anonymization, config_path : configs/generated_configs/loan/loan_anon_k8_sl0p5_l2.yaml...........
2025-05-08 18:43:39,208 - INFO -  [ANONYMIZATION] Using JAR file at /mnt/NVMETank/Projects/Students/Dele/A-STUDY-INTO-THE-QUALITY-AND-USABILITY-OF-PRIVACY-FRIENDLY-SYNTHETIC-DATA/src/anonymization/anonymARXij/bin/anonymARXij.jar to anonymize the dataset.
2025-05-08 18:43:40,509 - INFO -  [ANONYMIZATION] Anonimized file saved to : /mnt/NVMETank/Projects/Students/Dele/A-STUDY-INTO-THE-QUALITY-AND-USABILITY-OF-PRIVACY-FRIENDLY-SYNTHETIC-DATA/datasets/anonymized/loan_k8_l2_sup50_anonymized.csv
2025-05-08 18:43:40,509 - INFO -  [ANONYMIZATION] Java anonymization completed successfully.
2025-05-08 18:43:40,509 - INFO -  [ANONYMIZATION] Java STDOUT:
📄 Java received config path: /mnt/NVMETank/Projects/Students/Dele/A-STUDY-INTO-THE-QUALITY-AND-USABILITY-OF-PRIVACY-FRIENDLY-SYNTHETIC-DATA/configs/generated_configs/loan/loan_anon_k8_sl0p5_l2.yaml
🔹 Loading config from: /mnt/NVMETank/Projects/Students/Dele/A-STUDY-INTO-THE-QUALITY-AND-USABILITY-OF-PRIVACY-FRIENDLY-SYNTHETIC-DATA/configs/generated_configs/loan/loan_anon_k8_sl0p5_l2.yaml
Loading config from: /mnt/NVMETank/Projects/Students/Dele/A-STUDY-INTO-THE-QUALITY-AND-USABILITY-OF-PRIVACY-FRIENDLY-SYNTHETIC-DATA/configs/generated_configs/loan/loan_anon_k8_sl0p5_l2.yaml
📂 Dataset Path (from args): /mnt/NVMETank/Projects/Students/Dele/A-STUDY-INTO-THE-QUALITY-AND-USABILITY-OF-PRIVACY-FRIENDLY-SYNTHETIC-DATA/datasets/train/loan_train_raw.csv
🔹 Dataset Separator: ,
🔹 Suppression Limit: 0.5

🔹 Configured Attributes:
  ✅ Quasi-Identifier: Gender
  ✅ Quasi-Identifier: Married
  ✅ Quasi-Identifier: Education
  ✅ Quasi-Identifier: Dependents
  ✅ Quasi-Identifier: Self_Employed
  ✅ Quasi-Identifier: Property_Area
  ✅ Quasi-Identifier: Credit_History
  ✅ Quasi-Identifier: Loan_Amount_Term
  ✅ Sensitive Attribute: LoanAmount
  ✅ Insensitive Attribute: Loan_Status
  ✅ Insensitive Attribute: ApplicantIncome
  ✅ Insensitive Attribute: CoapplicantIncome

🔹 Defined Hierarchies:
  ✅ Property_Area -> /mnt/NVMETank/Projects/Students/Dele/A-STUDY-INTO-THE-QUALITY-AND-USABILITY-OF-PRIVACY-FRIENDLY-SYNTHETIC-DATA/src/anonymization/anonymARXij/src/hierarchies_loan/property_area.csv
  ✅ Self_Employed -> /mnt/NVMETank/Projects/Students/Dele/A-STUDY-INTO-THE-QUALITY-AND-USABILITY-OF-PRIVACY-FRIENDLY-SYNTHETIC-DATA/src/anonymization/anonymARXij/src/hierarchies_loan/self_employed.csv
  ✅ Credit_History -> /mnt/NVMETank/Projects/Students/Dele/A-STUDY-INTO-THE-QUALITY-AND-USABILITY-OF-PRIVACY-FRIENDLY-SYNTHETIC-DATA/src/anonymization/anonymARXij/src/hierarchies_loan/credit_history.csv
  ✅ Dependents -> /mnt/NVMETank/Projects/Students/Dele/A-STUDY-INTO-THE-QUALITY-AND-USABILITY-OF-PRIVACY-FRIENDLY-SYNTHETIC-DATA/src/anonymization/anonymARXij/src/hierarchies_loan/dependents.csv
  ✅ Education -> /mnt/NVMETank/Projects/Students/Dele/A-STUDY-INTO-THE-QUALITY-AND-USABILITY-OF-PRIVACY-FRIENDLY-SYNTHETIC-DATA/src/anonymization/anonymARXij/src/hierarchies_loan/education.csv
  ✅ Loan_Amount_Term -> /mnt/NVMETank/Projects/Students/Dele/A-STUDY-INTO-THE-QUALITY-AND-USABILITY-OF-PRIVACY-FRIENDLY-SYNTHETIC-DATA/src/anonymization/anonymARXij/src/hierarchies_loan/loan_amount_terms.csv
  ✅ Married -> /mnt/NVMETank/Projects/Students/Dele/A-STUDY-INTO-THE-QUALITY-AND-USABILITY-OF-PRIVACY-FRIENDLY-SYNTHETIC-DATA/src/anonymization/anonymARXij/src/hierarchies_loan/married.csv
  ✅ Gender -> /mnt/NVMETank/Projects/Students/Dele/A-STUDY-INTO-THE-QUALITY-AND-USABILITY-OF-PRIVACY-FRIENDLY-SYNTHETIC-DATA/src/anonymization/anonymARXij/src/hierarchies_loan/gender.csv
Java is searching for hierarchy file at: /mnt/NVMETank/Projects/Students/Dele/A-STUDY-INTO-THE-QUALITY-AND-USABILITY-OF-PRIVACY-FRIENDLY-SYNTHETIC-DATA/src/anonymization/anonymARXij/src/hierarchies_loan/property_area.csv
Java is searching for hierarchy file at: /mnt/NVMETank/Projects/Students/Dele/A-STUDY-INTO-THE-QUALITY-AND-USABILITY-OF-PRIVACY-FRIENDLY-SYNTHETIC-DATA/src/anonymization/anonymARXij/src/hierarchies_loan/self_employed.csv
Java is searching for hierarchy file at: /mnt/NVMETank/Projects/Students/Dele/A-STUDY-INTO-THE-QUALITY-AND-USABILITY-OF-PRIVACY-FRIENDLY-SYNTHETIC-DATA/src/anonymization/anonymARXij/src/hierarchies_loan/credit_history.csv
Java is searching for hierarchy file at: /mnt/NVMETank/Projects/Students/Dele/A-STUDY-INTO-THE-QUALITY-AND-USABILITY-OF-PRIVACY-FRIENDLY-SYNTHETIC-DATA/src/anonymization/anonymARXij/src/hierarchies_loan/dependents.csv
Java is searching for hierarchy file at: /mnt/NVMETank/Projects/Students/Dele/A-STUDY-INTO-THE-QUALITY-AND-USABILITY-OF-PRIVACY-FRIENDLY-SYNTHETIC-DATA/src/anonymization/anonymARXij/src/hierarchies_loan/education.csv
Java is searching for hierarchy file at: /mnt/NVMETank/Projects/Students/Dele/A-STUDY-INTO-THE-QUALITY-AND-USABILITY-OF-PRIVACY-FRIENDLY-SYNTHETIC-DATA/src/anonymization/anonymARXij/src/hierarchies_loan/loan_amount_terms.csv
Java is searching for hierarchy file at: /mnt/NVMETank/Projects/Students/Dele/A-STUDY-INTO-THE-QUALITY-AND-USABILITY-OF-PRIVACY-FRIENDLY-SYNTHETIC-DATA/src/anonymization/anonymARXij/src/hierarchies_loan/married.csv
Java is searching for hierarchy file at: /mnt/NVMETank/Projects/Students/Dele/A-STUDY-INTO-THE-QUALITY-AND-USABILITY-OF-PRIVACY-FRIENDLY-SYNTHETIC-DATA/src/anonymization/anonymARXij/src/hierarchies_loan/gender.csv
✓ Applied Entropy L-Diversity on: LoanAmount (l=2)
🔹 Privacy Models Configured
📂 Anonymized Output Path (from args): /mnt/NVMETank/Projects/Students/Dele/A-STUDY-INTO-THE-QUALITY-AND-USABILITY-OF-PRIVACY-FRIENDLY-SYNTHETIC-DATA/datasets/anonymized/loan_k8_l2_sup50_anonymized.csv
📂 Anonymized Output Path: /mnt/NVMETank/Projects/Students/Dele/A-STUDY-INTO-THE-QUALITY-AND-USABILITY-OF-PRIVACY-FRIENDLY-SYNTHETIC-DATA/datasets/anonymized/loan_k8_l2_sup50_anonymized.csv
✅ Anonymization completed. Output saved to: /mnt/NVMETank/Projects/Students/Dele/A-STUDY-INTO-THE-QUALITY-AND-USABILITY-OF-PRIVACY-FRIENDLY-SYNTHETIC-DATA/datasets/anonymized/loan_k8_l2_sup50_anonymized.csv
Anonymized Data Quality Metrics:
 - Ambiguity: 0.8820677031143036
 - AECS: 0.9254414650098104
 - Discernibility: 0.7368715891430844
 - Granularity: 0.5210680486705728
 - MSE: 0.08726958525345618
 - Non-Uniform Entropy: 0.3838996152258711
 - Precision: 0.5580357142857143
 - Record-level SE: 0.30039031385949855
Equivalence Class Statistics:
 - Number of Classes: 11
 - Average Class Size: 27.272727272727273
Suppression Statistics:
 - Suppressed Records: 36
 - Suppression Percentage: 10.71%
2025-05-08 18:43:40,509 - INFO - Anonymized data saved to: /mnt/NVMETank/Projects/Students/Dele/A-STUDY-INTO-THE-QUALITY-AND-USABILITY-OF-PRIVACY-FRIENDLY-SYNTHETIC-DATA/datasets/anonymized/loan_k8_l2_sup50_anonymized.csv
2025-05-08 18:43:40,517 - INFO - Anonymous data report saved at: outputs/batch/loan_batch_2025-05-08_18-38-44/loan_anon_k8_sl0p5_l2/anonymous_data_report.txt
2025-05-08 18:43:40,517 - INFO -  [POSTPROCESSING] Postprocessing anonymized data: /mnt/NVMETank/Projects/Students/Dele/A-STUDY-INTO-THE-QUALITY-AND-USABILITY-OF-PRIVACY-FRIENDLY-SYNTHETIC-DATA/datasets/anonymized/loan_k8_l2_sup50_anonymized.csv
2025-05-08 18:43:40,518 - INFO -  [POSTPROCESSING] Loaded anonymized data: (336, 12)
2025-05-08 18:43:40,521 - INFO -  [POSTPROCESSING] Loaded fallback maps from training data. Categorical cols: 7, Numeric cols: 5
2025-05-08 18:43:40,521 - INFO -  [POSTPROCESSING] Normalizing anonymized data using ARX artifact cleaning and fallback values.
2025-05-08 18:43:40,534 - INFO -  [POSTPROCESSING] Normalized anonymized data saved to: /mnt/NVMETank/Projects/Students/Dele/A-STUDY-INTO-THE-QUALITY-AND-USABILITY-OF-PRIVACY-FRIENDLY-SYNTHETIC-DATA/datasets/anonymized/loan_k8_l2_sup50_anonymized_processed.csv
2025-05-08 18:43:40,543 - INFO -  [POSTPROCESSING] Binary Encoding applied to anonymized data. Encoded shape: (336, 19)
2025-05-08 18:43:40,545 - INFO -  [POSTPROCESSING] Encoded anonymized dataset saved to: /mnt/NVMETank/Projects/Students/Dele/A-STUDY-INTO-THE-QUALITY-AND-USABILITY-OF-PRIVACY-FRIENDLY-SYNTHETIC-DATA/datasets/anonymized/loan_k8_l2_sup50_anonymized_encoded.csv
2025-05-08 18:43:40,545 - INFO -  [POSTPROCESSING] Encoding map generated for anonymized data: 0 original categorical columns.
2025-05-08 18:43:40,545 - INFO - Postprocessing report saved at: outputs/batch/loan_batch_2025-05-08_18-38-44/loan_anon_k8_sl0p5_l2/postprocessing_report.txt
2025-05-08 18:43:40,545 - INFO - enable_synthetic_generation = False
2025-05-08 18:43:40,545 - INFO - Synthetic Data Generation Skipped (Disabled in Configuration).
2025-05-08 18:43:40,545 - INFO - Running Hybrid Pipeline...
2025-05-08 18:43:40,545 - INFO -  [HYBRID] Executing run_hybrid...
2025-05-08 18:43:40,545 - INFO -  [HYBRID] Looking for encoded anonymized data in /mnt/NVMETank/Projects/Students/Dele/A-STUDY-INTO-THE-QUALITY-AND-USABILITY-OF-PRIVACY-FRIENDLY-SYNTHETIC-DATA/datasets/anonymized/loan_k8_l2_sup50_anonymized_encoded.csv
2025-05-08 18:43:40,545 - INFO -  [HYBRID ] Loaded cached encoded anonymous data from /mnt/NVMETank/Projects/Students/Dele/A-STUDY-INTO-THE-QUALITY-AND-USABILITY-OF-PRIVACY-FRIENDLY-SYNTHETIC-DATA/datasets/anonymized/loan_k8_l2_sup50_anonymized_encoded.csv
2025-05-08 18:43:40,546 - INFO -  [HYBRID] Starting synthetic generation for hybrid pipeline...
2025-05-08 18:43:40,546 - INFO - Executing run_synthetic.....
2025-05-08 18:43:40,546 - INFO - [SYNTHETIC PIPELINE] executing run_synthetic for loan_k8_l2_sup50...
2025-05-08 18:43:40,546 - INFO - [SYNTHETIC] Processing dataset: loan_k8_l2_sup50
2025-05-08 18:43:40,546 - INFO - [SYNTHETIC] Original dataset size: 336 rows
2025-05-08 18:43:40,559 - INFO - Detected metadata:
2025-05-08 18:43:40,559 - INFO - {
    "columns": {
        "Gender_0": {
            "sdtype": "categorical"
        },
        "Gender_1": {
            "sdtype": "categorical"
        },
        "Married_0": {
            "sdtype": "categorical"
        },
        "Married_1": {
            "sdtype": "categorical"
        },
        "Dependents_0": {
            "sdtype": "categorical"
        },
        "Dependents_1": {
            "sdtype": "categorical"
        },
        "Dependents_2": {
            "sdtype": "categorical"
        },
        "Education_0": {
            "sdtype": "categorical"
        },
        "Education_1": {
            "sdtype": "categorical"
        },
        "Self_Employed_0": {
            "sdtype": "categorical"
        },
        "Self_Employed_1": {
            "sdtype": "categorical"
        },
        "ApplicantIncome": {
            "sdtype": "numerical"
        },
        "CoapplicantIncome": {
            "sdtype": "numerical"
        },
        "LoanAmount": {
            "sdtype": "numerical"
        },
        "Loan_Amount_Term": {
            "sdtype": "categorical"
        },
        "Credit_History": {
            "sdtype": "categorical"
        },
        "Property_Area_0": {
            "sdtype": "categorical"
        },
        "Property_Area_1": {
            "sdtype": "categorical"
        },
        "Loan_Status": {
            "sdtype": "categorical"
        }
    },
    "METADATA_SPEC_VERSION": "SINGLE_TABLE_V1"
}
2025-05-08 18:43:40,559 - INFO - [SYNTHETIC] Preparing synthesizer: CTGAN
2025-05-08 18:43:40,560 - INFO - [SYNTHETIC] Params from config: {'epochs': 300}
2025-05-08 18:43:40,560 - INFO -  [SYNTHETIC] No pre-trained synthesizer found
2025-05-08 18:43:40,560 - INFO - [SYNTHETIC] Training new CTGAN synthesizer from scratch...
2025-05-08 18:43:40,560 - WARNING - [FutureWarning] The 'SingleTableMetadata' is deprecated. Please use the new 'Metadata' class for synthesizers. (from /mnt/NVMETank/Projects/Students/Dele/A-STUDY-INTO-THE-QUALITY-AND-USABILITY-OF-PRIVACY-FRIENDLY-SYNTHETIC-DATA/.venv/lib/python3.12/site-packages/sdv/single_table/base.py:119)
2025-05-08 18:43:40,560 - WARNING - [UserWarning] We strongly recommend saving the metadata using 'save_to_json' for replicability in future SDV versions. (from /mnt/NVMETank/Projects/Students/Dele/A-STUDY-INTO-THE-QUALITY-AND-USABILITY-OF-PRIVACY-FRIENDLY-SYNTHETIC-DATA/.venv/lib/python3.12/site-packages/sdv/single_table/base.py:104)
2025-05-08 18:43:40,565 - INFO - {'EVENT': 'Instance', 'TIMESTAMP': datetime.datetime(2025, 5, 8, 18, 43, 40, 565930), 'SYNTHESIZER CLASS NAME': 'CTGANSynthesizer', 'SYNTHESIZER ID': 'CTGANSynthesizer_1.18.0_b9a5612c307049ab8807a82003444c68'}
2025-05-08 18:43:40,566 - INFO - [SYNTHETIC] CTGAN initialized with epochs: 300
2025-05-08 18:43:40,566 - INFO - [SYNTHETIC] Training parameters for CTGAN: {}
2025-05-08 18:43:40,566 - INFO - [SYNTHETIC] fitting CTGAN 
2025-05-08 18:43:40,566 - INFO - {'EVENT': 'Fit', 'TIMESTAMP': datetime.datetime(2025, 5, 8, 18, 43, 40, 566149), 'SYNTHESIZER CLASS NAME': 'CTGANSynthesizer', 'SYNTHESIZER ID': 'CTGANSynthesizer_1.18.0_b9a5612c307049ab8807a82003444c68', 'TOTAL NUMBER OF TABLES': 1, 'TOTAL NUMBER OF ROWS': 336, 'TOTAL NUMBER OF COLUMNS': 19}
2025-05-08 18:43:40,567 - INFO - Fitting table  metadata
2025-05-08 18:43:40,567 - INFO - Fitting formatters for table 
2025-05-08 18:43:40,569 - INFO - Fitting constraints for table 
2025-05-08 18:43:40,569 - INFO - Setting the configuration for the ``HyperTransformer`` for table 
2025-05-08 18:43:40,571 - INFO - Fitting HyperTransformer for table 
2025-05-08 18:43:40,587 - INFO - {'EVENT': 'Fit processed data', 'TIMESTAMP': datetime.datetime(2025, 5, 8, 18, 43, 40, 587538), 'SYNTHESIZER CLASS NAME': 'CTGANSynthesizer', 'SYNTHESIZER ID': 'CTGANSynthesizer_1.18.0_b9a5612c307049ab8807a82003444c68', 'TOTAL NUMBER OF TABLES': 1, 'TOTAL NUMBER OF ROWS': 336, 'TOTAL NUMBER OF COLUMNS': 19}
2025-05-08 18:43:40,623 - INFO - Guidance: There are no missing values in column ApplicantIncome. Extra column not created.
2025-05-08 18:43:40,729 - INFO - Guidance: There are no missing values in column CoapplicantIncome. Extra column not created.
2025-05-08 18:43:40,771 - INFO - Guidance: There are no missing values in column LoanAmount. Extra column not created.
2025-05-08 18:44:02,362 - INFO - [SYNTHETIC] Fitting complete for CTGAN. Duration: 21.80 seconds.
2025-05-08 18:44:02,362 - INFO - [SYNTHETIC] CONFIRMATION CTGAN actually trained with epochs = 300
2025-05-08 18:44:02,362 - INFO - {'EVENT': 'Save', 'TIMESTAMP': datetime.datetime(2025, 5, 8, 18, 44, 2, 362797), 'SYNTHESIZER CLASS NAME': 'CTGANSynthesizer', 'SYNTHESIZER ID': 'CTGANSynthesizer_1.18.0_b9a5612c307049ab8807a82003444c68'}
2025-05-08 18:44:02,397 - INFO - [SYNTHETIC] CTGAN trained and saved.
2025-05-08 18:44:02,397 - INFO - [SYNTHETIC] Preparing synthesizer: GaussianCopula
2025-05-08 18:44:02,397 - INFO - [SYNTHETIC] Params from config: {}
2025-05-08 18:44:02,397 - INFO -  [SYNTHETIC] No pre-trained synthesizer found
2025-05-08 18:44:02,397 - INFO - [SYNTHETIC] Training new GaussianCopula synthesizer from scratch...
2025-05-08 18:44:02,397 - WARNING - [FutureWarning] The 'SingleTableMetadata' is deprecated. Please use the new 'Metadata' class for synthesizers. (from /mnt/NVMETank/Projects/Students/Dele/A-STUDY-INTO-THE-QUALITY-AND-USABILITY-OF-PRIVACY-FRIENDLY-SYNTHETIC-DATA/.venv/lib/python3.12/site-packages/sdv/single_table/base.py:119)
2025-05-08 18:44:02,400 - INFO - {'EVENT': 'Instance', 'TIMESTAMP': datetime.datetime(2025, 5, 8, 18, 44, 2, 400023), 'SYNTHESIZER CLASS NAME': 'GaussianCopulaSynthesizer', 'SYNTHESIZER ID': 'GaussianCopulaSynthesizer_1.18.0_f63121a5a9dc4e3da2e93760e46683a2'}
2025-05-08 18:44:02,400 - INFO - [SYNTHETIC] fitting GaussianCopula 
2025-05-08 18:44:02,400 - INFO - {'EVENT': 'Fit', 'TIMESTAMP': datetime.datetime(2025, 5, 8, 18, 44, 2, 400163), 'SYNTHESIZER CLASS NAME': 'GaussianCopulaSynthesizer', 'SYNTHESIZER ID': 'GaussianCopulaSynthesizer_1.18.0_f63121a5a9dc4e3da2e93760e46683a2', 'TOTAL NUMBER OF TABLES': 1, 'TOTAL NUMBER OF ROWS': 336, 'TOTAL NUMBER OF COLUMNS': 19}
2025-05-08 18:44:02,401 - INFO - Fitting table  metadata
2025-05-08 18:44:02,402 - INFO - Fitting formatters for table 
2025-05-08 18:44:02,405 - INFO - Fitting constraints for table 
2025-05-08 18:44:02,405 - INFO - Setting the configuration for the ``HyperTransformer`` for table 
2025-05-08 18:44:02,413 - INFO - Fitting HyperTransformer for table 
2025-05-08 18:44:02,541 - INFO - {'EVENT': 'Fit processed data', 'TIMESTAMP': datetime.datetime(2025, 5, 8, 18, 44, 2, 541561), 'SYNTHESIZER CLASS NAME': 'GaussianCopulaSynthesizer', 'SYNTHESIZER ID': 'GaussianCopulaSynthesizer_1.18.0_f63121a5a9dc4e3da2e93760e46683a2', 'TOTAL NUMBER OF TABLES': 1, 'TOTAL NUMBER OF ROWS': 336, 'TOTAL NUMBER OF COLUMNS': 19}
2025-05-08 18:44:02,541 - INFO - Fitting GaussianMultivariate(distribution="{'Gender_0': <class 'copulas.univariate.beta.BetaUnivariate'>, 'Gender_1': <class 'copulas.univariate.beta.BetaUnivariate'>, 'Married_0': <class 'copulas.univariate.beta.BetaUnivariate'>, 'Married_1': <class 'copulas.univariate.beta.BetaUnivariate'>, 'Dependents_0': <class 'copulas.univariate.beta.BetaUnivariate'>, 'Dependents_1': <class 'copulas.univariate.beta.BetaUnivariate'>, 'Dependents_2': <class 'copulas.univariate.beta.BetaUnivariate'>, 'Education_0': <class 'copulas.univariate.beta.BetaUnivariate'>, 'Education_1': <class 'copulas.univariate.beta.BetaUnivariate'>, 'Self_Employed_0': <class 'copulas.univariate.beta.BetaUnivariate'>, 'Self_Employed_1': <class 'copulas.univariate.beta.BetaUnivariate'>, 'ApplicantIncome': <class 'copulas.univariate.beta.BetaUnivariate'>, 'CoapplicantIncome': <class 'copulas.univariate.beta.BetaUnivariate'>, 'LoanAmount': <class 'copulas.univariate.beta.BetaUnivariate'>, 'Loan_Amount_Term': <class 'copulas.univariate.beta.BetaUnivariate'>, 'Credit_History': <class 'copulas.univariate.beta.BetaUnivariate'>, 'Property_Area_0': <class 'copulas.univariate.beta.BetaUnivariate'>, 'Property_Area_1': <class 'copulas.univariate.beta.BetaUnivariate'>, 'Loan_Status': <class 'copulas.univariate.beta.BetaUnivariate'>}")
2025-05-08 18:44:03,118 - INFO - [SYNTHETIC] Fitting complete for GaussianCopula. Duration: 0.72 seconds.
2025-05-08 18:44:03,118 - WARNING - [SYNTHETIC] WARNING Could not determine actual epochs used for GaussianCopula
2025-05-08 18:44:03,118 - INFO - {'EVENT': 'Save', 'TIMESTAMP': datetime.datetime(2025, 5, 8, 18, 44, 3, 118710), 'SYNTHESIZER CLASS NAME': 'GaussianCopulaSynthesizer', 'SYNTHESIZER ID': 'GaussianCopulaSynthesizer_1.18.0_f63121a5a9dc4e3da2e93760e46683a2'}
2025-05-08 18:44:03,126 - INFO - [SYNTHETIC] GaussianCopula trained and saved.
2025-05-08 18:44:03,126 - INFO - [SYNTHETIC] Preparing synthesizer: TVAE
2025-05-08 18:44:03,126 - INFO - [SYNTHETIC] Params from config: {'epochs': 300}
2025-05-08 18:44:03,126 - INFO -  [SYNTHETIC] No pre-trained synthesizer found
2025-05-08 18:44:03,126 - INFO - [SYNTHETIC] Training new TVAE synthesizer from scratch...
2025-05-08 18:44:03,126 - WARNING - [FutureWarning] The 'SingleTableMetadata' is deprecated. Please use the new 'Metadata' class for synthesizers. (from /mnt/NVMETank/Projects/Students/Dele/A-STUDY-INTO-THE-QUALITY-AND-USABILITY-OF-PRIVACY-FRIENDLY-SYNTHETIC-DATA/.venv/lib/python3.12/site-packages/sdv/single_table/base.py:119)
2025-05-08 18:44:03,129 - INFO - {'EVENT': 'Instance', 'TIMESTAMP': datetime.datetime(2025, 5, 8, 18, 44, 3, 129028), 'SYNTHESIZER CLASS NAME': 'TVAESynthesizer', 'SYNTHESIZER ID': 'TVAESynthesizer_1.18.0_2639634f5e5b40f6a8ba402614bc53b9'}
2025-05-08 18:44:03,129 - INFO - [SYNTHETIC] TVAE initialized with epochs: 300
2025-05-08 18:44:03,129 - INFO - [SYNTHETIC] Training parameters for TVAE: {}
2025-05-08 18:44:03,129 - INFO - [SYNTHETIC] fitting TVAE 
2025-05-08 18:44:03,129 - INFO - {'EVENT': 'Fit', 'TIMESTAMP': datetime.datetime(2025, 5, 8, 18, 44, 3, 129229), 'SYNTHESIZER CLASS NAME': 'TVAESynthesizer', 'SYNTHESIZER ID': 'TVAESynthesizer_1.18.0_2639634f5e5b40f6a8ba402614bc53b9', 'TOTAL NUMBER OF TABLES': 1, 'TOTAL NUMBER OF ROWS': 336, 'TOTAL NUMBER OF COLUMNS': 19}
2025-05-08 18:44:03,130 - INFO - Fitting table  metadata
2025-05-08 18:44:03,130 - INFO - Fitting formatters for table 
2025-05-08 18:44:03,132 - INFO - Fitting constraints for table 
2025-05-08 18:44:03,132 - INFO - Setting the configuration for the ``HyperTransformer`` for table 
2025-05-08 18:44:03,133 - INFO - Fitting HyperTransformer for table 
2025-05-08 18:44:03,145 - INFO - {'EVENT': 'Fit processed data', 'TIMESTAMP': datetime.datetime(2025, 5, 8, 18, 44, 3, 145155), 'SYNTHESIZER CLASS NAME': 'TVAESynthesizer', 'SYNTHESIZER ID': 'TVAESynthesizer_1.18.0_2639634f5e5b40f6a8ba402614bc53b9', 'TOTAL NUMBER OF TABLES': 1, 'TOTAL NUMBER OF ROWS': 336, 'TOTAL NUMBER OF COLUMNS': 19}
2025-05-08 18:44:03,158 - INFO - Guidance: There are no missing values in column ApplicantIncome. Extra column not created.
2025-05-08 18:44:03,232 - INFO - Guidance: There are no missing values in column CoapplicantIncome. Extra column not created.
2025-05-08 18:44:03,265 - INFO - Guidance: There are no missing values in column LoanAmount. Extra column not created.
2025-05-08 18:44:05,971 - INFO - [SYNTHETIC] Fitting complete for TVAE. Duration: 2.84 seconds.
2025-05-08 18:44:05,971 - INFO - [SYNTHETIC] CONFIRMATION TVAE actually trained with epochs = 300
2025-05-08 18:44:05,971 - INFO - {'EVENT': 'Save', 'TIMESTAMP': datetime.datetime(2025, 5, 8, 18, 44, 5, 971317), 'SYNTHESIZER CLASS NAME': 'TVAESynthesizer', 'SYNTHESIZER ID': 'TVAESynthesizer_1.18.0_2639634f5e5b40f6a8ba402614bc53b9'}
2025-05-08 18:44:05,999 - INFO - [SYNTHETIC] TVAE trained and saved.
2025-05-08 18:44:05,999 - INFO - [SYNTHETIC] Using CTGAN to generate 336 rows...
2025-05-08 18:44:06,071 - INFO - {'EVENT': 'Sample', 'TIMESTAMP': datetime.datetime(2025, 5, 8, 18, 44, 5, 999464), 'SYNTHESIZER CLASS NAME': 'CTGANSynthesizer', 'SYNTHESIZER ID': 'CTGANSynthesizer_1.18.0_b9a5612c307049ab8807a82003444c68', 'TOTAL NUMBER OF TABLES': 1, 'TOTAL NUMBER OF ROWS': 336, 'TOTAL NUMBER OF COLUMNS': 19}
2025-05-08 18:44:06,071 - INFO - [SYNTHETIC] CTGAN completed: 336 rows generated.
2025-05-08 18:44:06,071 - INFO - [SYNTHETIC] Target class distribution for CTGAN: {'Y': 222, 'N': 114}
2025-05-08 18:44:06,071 - INFO - [SYNTHETIC] Using GaussianCopula to generate 336 rows...
2025-05-08 18:44:06,140 - INFO - {'EVENT': 'Sample', 'TIMESTAMP': datetime.datetime(2025, 5, 8, 18, 44, 6, 71647), 'SYNTHESIZER CLASS NAME': 'GaussianCopulaSynthesizer', 'SYNTHESIZER ID': 'GaussianCopulaSynthesizer_1.18.0_f63121a5a9dc4e3da2e93760e46683a2', 'TOTAL NUMBER OF TABLES': 1, 'TOTAL NUMBER OF ROWS': 336, 'TOTAL NUMBER OF COLUMNS': 19}
2025-05-08 18:44:06,140 - INFO - [SYNTHETIC] GaussianCopula completed: 336 rows generated.
2025-05-08 18:44:06,140 - INFO - [SYNTHETIC] Target class distribution for GaussianCopula: {'Y': 226, 'N': 110}
2025-05-08 18:44:06,140 - INFO - [SYNTHETIC] Using TVAE to generate 336 rows...
2025-05-08 18:44:06,186 - INFO - {'EVENT': 'Sample', 'TIMESTAMP': datetime.datetime(2025, 5, 8, 18, 44, 6, 140731), 'SYNTHESIZER CLASS NAME': 'TVAESynthesizer', 'SYNTHESIZER ID': 'TVAESynthesizer_1.18.0_2639634f5e5b40f6a8ba402614bc53b9', 'TOTAL NUMBER OF TABLES': 1, 'TOTAL NUMBER OF ROWS': 336, 'TOTAL NUMBER OF COLUMNS': 19}
2025-05-08 18:44:06,186 - INFO - [SYNTHETIC] TVAE completed: 336 rows generated.
2025-05-08 18:44:06,186 - INFO - [SYNTHETIC] Target class distribution for TVAE: {'Y': 325, 'N': 11}
2025-05-08 18:44:06,187 - INFO - [SYNTHETIC PIPELINE] Synthetic Data Generation Completed.
2025-05-08 18:44:06,187 - INFO - [SYNTHETIC PIPELINE] Synthesizers used: ['CTGAN', 'GaussianCopula', 'TVAE']
2025-05-08 18:44:06,187 - INFO - [SYNTHETIC PIPELINE] Evaluating synthetic dataset generated by CTGAN...
2025-05-08 18:44:06,187 - INFO - [SYNTHETIC EVAL] Real data columns     (19): ['Gender_0', 'Gender_1', 'Married_0', 'Married_1', 'Dependents_0', 'Dependents_1', 'Dependents_2', 'Education_0', 'Education_1', 'Self_Employed_0', 'Self_Employed_1', 'ApplicantIncome', 'CoapplicantIncome', 'LoanAmount', 'Loan_Amount_Term', 'Credit_History', 'Property_Area_0', 'Property_Area_1', 'Loan_Status']
2025-05-08 18:44:06,187 - INFO - [SYNTHETIC EVAL] Synthetic data columns (19): ['Gender_0', 'Gender_1', 'Married_0', 'Married_1', 'Dependents_0', 'Dependents_1', 'Dependents_2', 'Education_0', 'Education_1', 'Self_Employed_0', 'Self_Employed_1', 'ApplicantIncome', 'CoapplicantIncome', 'LoanAmount', 'Loan_Amount_Term', 'Credit_History', 'Property_Area_0', 'Property_Area_1', 'Loan_Status']
2025-05-08 18:44:06,187 - INFO - [SYNTHETIC EVAL] Metadata columns      (19): ['Gender_0', 'Gender_1', 'Married_0', 'Married_1', 'Dependents_0', 'Dependents_1', 'Dependents_2', 'Education_0', 'Education_1', 'Self_Employed_0', 'Self_Employed_1', 'ApplicantIncome', 'CoapplicantIncome', 'LoanAmount', 'Loan_Amount_Term', 'Credit_History', 'Property_Area_0', 'Property_Area_1', 'Loan_Status']
2025-05-08 18:44:06,187 - INFO - [SYNTHETIC EVAL] Shape — Real: (336, 19), Synthetic: (336, 19)
2025-05-08 18:44:06,187 - INFO - [SYNTHETIC EVAL] Metadata structure:
{
  "columns": {
    "Gender_0": {
      "sdtype": "categorical"
    },
    "Gender_1": {
      "sdtype": "categorical"
    },
    "Married_0": {
      "sdtype": "categorical"
    },
    "Married_1": {
      "sdtype": "categorical"
    },
    "Dependents_0": {
      "sdtype": "categorical"
    },
    "Dependents_1": {
      "sdtype": "categorical"
    },
    "Dependents_2": {
      "sdtype": "categorical"
    },
    "Education_0": {
      "sdtype": "categorical"
    },
    "Education_1": {
      "sdtype": "categorical"
    },
    "Self_Employed_0": {
      "sdtype": "categorical"
    },
    "Self_Employed_1": {
      "sdtype": "categorical"
    },
    "ApplicantIncome": {
      "sdtype": "numerical"
    },
    "CoapplicantIncome": {
      "sdtype": "numerical"
    },
    "LoanAmount": {
      "sdtype": "numerical"
    },
    "Loan_Amount_Term": {
      "sdtype": "categorical"
    },
    "Credit_History": {
      "sdtype": "categorical"
    },
    "Property_Area_0": {
      "sdtype": "categorical"
    },
    "Property_Area_1": {
      "sdtype": "categorical"
    },
    "Loan_Status": {
      "sdtype": "categorical"
    }
  },
  "METADATA_SPEC_VERSION": "SINGLE_TABLE_V1"
}
2025-05-08 18:44:06,623 - INFO - [SYNTHETIC PIPELINE] Evaluating synthetic dataset generated by GaussianCopula...
2025-05-08 18:44:06,623 - INFO - [SYNTHETIC EVAL] Real data columns     (19): ['Gender_0', 'Gender_1', 'Married_0', 'Married_1', 'Dependents_0', 'Dependents_1', 'Dependents_2', 'Education_0', 'Education_1', 'Self_Employed_0', 'Self_Employed_1', 'ApplicantIncome', 'CoapplicantIncome', 'LoanAmount', 'Loan_Amount_Term', 'Credit_History', 'Property_Area_0', 'Property_Area_1', 'Loan_Status']
2025-05-08 18:44:06,623 - INFO - [SYNTHETIC EVAL] Synthetic data columns (19): ['Gender_0', 'Gender_1', 'Married_0', 'Married_1', 'Dependents_0', 'Dependents_1', 'Dependents_2', 'Education_0', 'Education_1', 'Self_Employed_0', 'Self_Employed_1', 'ApplicantIncome', 'CoapplicantIncome', 'LoanAmount', 'Loan_Amount_Term', 'Credit_History', 'Property_Area_0', 'Property_Area_1', 'Loan_Status']
2025-05-08 18:44:06,623 - INFO - [SYNTHETIC EVAL] Metadata columns      (19): ['Gender_0', 'Gender_1', 'Married_0', 'Married_1', 'Dependents_0', 'Dependents_1', 'Dependents_2', 'Education_0', 'Education_1', 'Self_Employed_0', 'Self_Employed_1', 'ApplicantIncome', 'CoapplicantIncome', 'LoanAmount', 'Loan_Amount_Term', 'Credit_History', 'Property_Area_0', 'Property_Area_1', 'Loan_Status']
2025-05-08 18:44:06,623 - INFO - [SYNTHETIC EVAL] Shape — Real: (336, 19), Synthetic: (336, 19)
2025-05-08 18:44:06,623 - INFO - [SYNTHETIC EVAL] Metadata structure:
{
  "columns": {
    "Gender_0": {
      "sdtype": "categorical"
    },
    "Gender_1": {
      "sdtype": "categorical"
    },
    "Married_0": {
      "sdtype": "categorical"
    },
    "Married_1": {
      "sdtype": "categorical"
    },
    "Dependents_0": {
      "sdtype": "categorical"
    },
    "Dependents_1": {
      "sdtype": "categorical"
    },
    "Dependents_2": {
      "sdtype": "categorical"
    },
    "Education_0": {
      "sdtype": "categorical"
    },
    "Education_1": {
      "sdtype": "categorical"
    },
    "Self_Employed_0": {
      "sdtype": "categorical"
    },
    "Self_Employed_1": {
      "sdtype": "categorical"
    },
    "ApplicantIncome": {
      "sdtype": "numerical"
    },
    "CoapplicantIncome": {
      "sdtype": "numerical"
    },
    "LoanAmount": {
      "sdtype": "numerical"
    },
    "Loan_Amount_Term": {
      "sdtype": "categorical"
    },
    "Credit_History": {
      "sdtype": "categorical"
    },
    "Property_Area_0": {
      "sdtype": "categorical"
    },
    "Property_Area_1": {
      "sdtype": "categorical"
    },
    "Loan_Status": {
      "sdtype": "categorical"
    }
  },
  "METADATA_SPEC_VERSION": "SINGLE_TABLE_V1"
}
2025-05-08 18:44:07,001 - INFO - [SYNTHETIC PIPELINE] Evaluating synthetic dataset generated by TVAE...
2025-05-08 18:44:07,001 - INFO - [SYNTHETIC EVAL] Real data columns     (19): ['Gender_0', 'Gender_1', 'Married_0', 'Married_1', 'Dependents_0', 'Dependents_1', 'Dependents_2', 'Education_0', 'Education_1', 'Self_Employed_0', 'Self_Employed_1', 'ApplicantIncome', 'CoapplicantIncome', 'LoanAmount', 'Loan_Amount_Term', 'Credit_History', 'Property_Area_0', 'Property_Area_1', 'Loan_Status']
2025-05-08 18:44:07,001 - INFO - [SYNTHETIC EVAL] Synthetic data columns (19): ['Gender_0', 'Gender_1', 'Married_0', 'Married_1', 'Dependents_0', 'Dependents_1', 'Dependents_2', 'Education_0', 'Education_1', 'Self_Employed_0', 'Self_Employed_1', 'ApplicantIncome', 'CoapplicantIncome', 'LoanAmount', 'Loan_Amount_Term', 'Credit_History', 'Property_Area_0', 'Property_Area_1', 'Loan_Status']
2025-05-08 18:44:07,001 - INFO - [SYNTHETIC EVAL] Metadata columns      (19): ['Gender_0', 'Gender_1', 'Married_0', 'Married_1', 'Dependents_0', 'Dependents_1', 'Dependents_2', 'Education_0', 'Education_1', 'Self_Employed_0', 'Self_Employed_1', 'ApplicantIncome', 'CoapplicantIncome', 'LoanAmount', 'Loan_Amount_Term', 'Credit_History', 'Property_Area_0', 'Property_Area_1', 'Loan_Status']
2025-05-08 18:44:07,001 - INFO - [SYNTHETIC EVAL] Shape — Real: (336, 19), Synthetic: (336, 19)
2025-05-08 18:44:07,001 - INFO - [SYNTHETIC EVAL] Metadata structure:
{
  "columns": {
    "Gender_0": {
      "sdtype": "categorical"
    },
    "Gender_1": {
      "sdtype": "categorical"
    },
    "Married_0": {
      "sdtype": "categorical"
    },
    "Married_1": {
      "sdtype": "categorical"
    },
    "Dependents_0": {
      "sdtype": "categorical"
    },
    "Dependents_1": {
      "sdtype": "categorical"
    },
    "Dependents_2": {
      "sdtype": "categorical"
    },
    "Education_0": {
      "sdtype": "categorical"
    },
    "Education_1": {
      "sdtype": "categorical"
    },
    "Self_Employed_0": {
      "sdtype": "categorical"
    },
    "Self_Employed_1": {
      "sdtype": "categorical"
    },
    "ApplicantIncome": {
      "sdtype": "numerical"
    },
    "CoapplicantIncome": {
      "sdtype": "numerical"
    },
    "LoanAmount": {
      "sdtype": "numerical"
    },
    "Loan_Amount_Term": {
      "sdtype": "categorical"
    },
    "Credit_History": {
      "sdtype": "categorical"
    },
    "Property_Area_0": {
      "sdtype": "categorical"
    },
    "Property_Area_1": {
      "sdtype": "categorical"
    },
    "Loan_Status": {
      "sdtype": "categorical"
    }
  },
  "METADATA_SPEC_VERSION": "SINGLE_TABLE_V1"
}
2025-05-08 18:44:07,352 - INFO -  [SYNTHETIC PIPELINE]  Synthetic Data Evaluation Completed.
2025-05-08 18:44:07,359 - INFO -  [SYNTHETIC PIPELINE] Synthetic Data Report Generated Successfully.
2025-05-08 18:44:07,471 - INFO - [HYBRID] Generated hybrid dataset shape for CTGAN: (336, 19)
2025-05-08 18:44:07,471 - INFO - [HYBRID] Target distribution for CTGAN: {'Y': 222, 'N': 114}
2025-05-08 18:44:07,473 - INFO -  [HYBRID] Saved hybrid dataset to /mnt/NVMETank/Projects/Students/Dele/A-STUDY-INTO-THE-QUALITY-AND-USABILITY-OF-PRIVACY-FRIENDLY-SYNTHETIC-DATA/datasets/hybrid/loan_k8_l2_sup50_CTGAN_HYBRID.csv
2025-05-08 18:44:07,473 - INFO - [HYBRID] Generated hybrid dataset shape for GaussianCopula: (336, 19)
2025-05-08 18:44:07,473 - INFO - [HYBRID] Target distribution for GaussianCopula: {'Y': 226, 'N': 110}
2025-05-08 18:44:07,475 - INFO -  [HYBRID] Saved hybrid dataset to /mnt/NVMETank/Projects/Students/Dele/A-STUDY-INTO-THE-QUALITY-AND-USABILITY-OF-PRIVACY-FRIENDLY-SYNTHETIC-DATA/datasets/hybrid/loan_k8_l2_sup50_GaussianCopula_HYBRID.csv
2025-05-08 18:44:07,475 - INFO - [HYBRID] Generated hybrid dataset shape for TVAE: (336, 19)
2025-05-08 18:44:07,475 - INFO - [HYBRID] Target distribution for TVAE: {'Y': 325, 'N': 11}
2025-05-08 18:44:07,477 - INFO -  [HYBRID] Saved hybrid dataset to /mnt/NVMETank/Projects/Students/Dele/A-STUDY-INTO-THE-QUALITY-AND-USABILITY-OF-PRIVACY-FRIENDLY-SYNTHETIC-DATA/datasets/hybrid/loan_k8_l2_sup50_TVAE_HYBRID.csv
2025-05-08 18:44:07,477 - INFO -  [HYBRID] Hybrid pipeline complete — 3 dataset(s) ready.
2025-05-08 18:44:07,477 - INFO - [HYBRID] Total rows across all hybrid datasets: 1008
2025-05-08 18:44:07,477 - INFO - Hybrid pipeline completed successfully.
2025-05-08 18:44:07,477 - INFO - Hybrid pipeline duration: 26.93 seconds
2025-05-08 18:44:07,477 - INFO - Starting Utility...
2025-05-08 18:44:07,477 - INFO - [UTILITY] Preparing datasets for machine learning...
2025-05-08 18:44:07,478 - INFO - [UTILITY] Original Data - Training Size: 336, Testing Size: 144
2025-05-08 18:44:07,478 - INFO - [UTILITY] Target class distribution (Original): {'Y': 232, 'N': 104}
2025-05-08 18:44:07,478 - INFO - [UTILITY] Processing anonymized dataset...
2025-05-08 18:44:07,478 - INFO - [UTILITY] Anonymized Data - Training Size: 336
2025-05-08 18:44:07,478 - INFO - [UTILITY] Target class distribution (Anonymous): {'Y': 232, 'N': 104}
2025-05-08 18:44:07,478 - INFO - [UTILITY] Processing hybrid dataset generated by CTGAN...
2025-05-08 18:44:07,479 - INFO - [UTILITY] Hybrid Data (CTGAN_HYBRID) - Training Size: 336
2025-05-08 18:44:07,479 - INFO - [UTILITY] Target class distribution (CTGAN_HYBRID): {'Y': 222, 'N': 114}
2025-05-08 18:44:07,479 - INFO - [UTILITY] Processing hybrid dataset generated by GaussianCopula...
2025-05-08 18:44:07,479 - INFO - [UTILITY] Hybrid Data (GaussianCopula_HYBRID) - Training Size: 336
2025-05-08 18:44:07,480 - INFO - [UTILITY] Target class distribution (GaussianCopula_HYBRID): {'Y': 226, 'N': 110}
2025-05-08 18:44:07,480 - INFO - [UTILITY] Processing hybrid dataset generated by TVAE...
2025-05-08 18:44:07,480 - INFO - [UTILITY] Hybrid Data (TVAE_HYBRID) - Training Size: 336
2025-05-08 18:44:07,480 - INFO - [UTILITY] Target class distribution (TVAE_HYBRID): {'Y': 325, 'N': 11}
2025-05-08 18:44:07,480 - INFO - [UTILITY] Training models on all datasets...
2025-05-08 18:44:07,480 - INFO - [UTILITY] Total datasets used for training: 5
2025-05-08 18:44:07,480 - INFO - [TRAINING] Training models from scratch...
2025-05-08 18:44:07,481 - INFO - [TRAINING] Starting training for dataset: Original — Rows: 336, Features: 18
2025-05-08 18:44:07,481 - INFO - [TRAINING] Training DecisionTree on Original...
2025-05-08 18:44:07,483 - INFO - [TRAINING] DecisionTree trained successfully on Original in 0.00 sec
2025-05-08 18:44:07,483 - INFO - [TRAINING] Training KNN on Original...
2025-05-08 18:44:07,484 - INFO - [TRAINING] KNN trained successfully on Original in 0.00 sec
2025-05-08 18:44:07,484 - INFO - [TRAINING] Training LogisticRegression on Original...
2025-05-08 18:44:07,488 - INFO - [TRAINING] LogisticRegression trained successfully on Original in 0.00 sec
2025-05-08 18:44:07,488 - INFO - [TRAINING] Training RandomForest on Original...
2025-05-08 18:44:07,587 - INFO - [TRAINING] RandomForest trained successfully on Original in 0.10 sec
2025-05-08 18:44:07,587 - INFO - [TRAINING] Training SVM on Original...
2025-05-08 18:44:07,592 - INFO - [TRAINING] SVM trained successfully on Original in 0.01 sec
2025-05-08 18:44:07,592 - INFO - [TRAINING] Finished training 5 model(s) for dataset: Original
2025-05-08 18:44:07,592 - INFO - [TRAINING] Starting training for dataset: Anonymous — Rows: 336, Features: 18
2025-05-08 18:44:07,592 - INFO - [TRAINING] Training DecisionTree on Anonymous...
2025-05-08 18:44:07,594 - INFO - [TRAINING] DecisionTree trained successfully on Anonymous in 0.00 sec
2025-05-08 18:44:07,594 - INFO - [TRAINING] Training KNN on Anonymous...
2025-05-08 18:44:07,596 - INFO - [TRAINING] KNN trained successfully on Anonymous in 0.00 sec
2025-05-08 18:44:07,596 - INFO - [TRAINING] Training LogisticRegression on Anonymous...
2025-05-08 18:44:07,599 - INFO - [TRAINING] LogisticRegression trained successfully on Anonymous in 0.00 sec
2025-05-08 18:44:07,599 - INFO - [TRAINING] Training RandomForest on Anonymous...
2025-05-08 18:44:07,692 - INFO - [TRAINING] RandomForest trained successfully on Anonymous in 0.09 sec
2025-05-08 18:44:07,693 - INFO - [TRAINING] Training SVM on Anonymous...
2025-05-08 18:44:07,697 - INFO - [TRAINING] SVM trained successfully on Anonymous in 0.00 sec
2025-05-08 18:44:07,697 - INFO - [TRAINING] Finished training 5 model(s) for dataset: Anonymous
2025-05-08 18:44:07,697 - INFO - [TRAINING] Starting training for dataset: CTGAN_HYBRID — Rows: 336, Features: 18
2025-05-08 18:44:07,697 - INFO - [TRAINING] Training DecisionTree on CTGAN_HYBRID...
2025-05-08 18:44:07,699 - INFO - [TRAINING] DecisionTree trained successfully on CTGAN_HYBRID in 0.00 sec
2025-05-08 18:44:07,699 - INFO - [TRAINING] Training KNN on CTGAN_HYBRID...
2025-05-08 18:44:07,700 - INFO - [TRAINING] KNN trained successfully on CTGAN_HYBRID in 0.00 sec
2025-05-08 18:44:07,700 - INFO - [TRAINING] Training LogisticRegression on CTGAN_HYBRID...
2025-05-08 18:44:07,702 - INFO - [TRAINING] LogisticRegression trained successfully on CTGAN_HYBRID in 0.00 sec
2025-05-08 18:44:07,702 - INFO - [TRAINING] Training RandomForest on CTGAN_HYBRID...
2025-05-08 18:44:07,807 - INFO - [TRAINING] RandomForest trained successfully on CTGAN_HYBRID in 0.10 sec
2025-05-08 18:44:07,807 - INFO - [TRAINING] Training SVM on CTGAN_HYBRID...
2025-05-08 18:44:07,814 - INFO - [TRAINING] SVM trained successfully on CTGAN_HYBRID in 0.01 sec
2025-05-08 18:44:07,814 - INFO - [TRAINING] Finished training 5 model(s) for dataset: CTGAN_HYBRID
2025-05-08 18:44:07,814 - INFO - [TRAINING] Starting training for dataset: GaussianCopula_HYBRID — Rows: 336, Features: 18
2025-05-08 18:44:07,814 - INFO - [TRAINING] Training DecisionTree on GaussianCopula_HYBRID...
2025-05-08 18:44:07,817 - INFO - [TRAINING] DecisionTree trained successfully on GaussianCopula_HYBRID in 0.00 sec
2025-05-08 18:44:07,817 - INFO - [TRAINING] Training KNN on GaussianCopula_HYBRID...
2025-05-08 18:44:07,818 - INFO - [TRAINING] KNN trained successfully on GaussianCopula_HYBRID in 0.00 sec
2025-05-08 18:44:07,818 - INFO - [TRAINING] Training LogisticRegression on GaussianCopula_HYBRID...
2025-05-08 18:44:07,824 - INFO - [TRAINING] LogisticRegression trained successfully on GaussianCopula_HYBRID in 0.01 sec
2025-05-08 18:44:07,824 - INFO - [TRAINING] Training RandomForest on GaussianCopula_HYBRID...
2025-05-08 18:44:07,914 - INFO - [TRAINING] RandomForest trained successfully on GaussianCopula_HYBRID in 0.09 sec
2025-05-08 18:44:07,914 - INFO - [TRAINING] Training SVM on GaussianCopula_HYBRID...
2025-05-08 18:44:07,918 - INFO - [TRAINING] SVM trained successfully on GaussianCopula_HYBRID in 0.00 sec
2025-05-08 18:44:07,918 - INFO - [TRAINING] Finished training 5 model(s) for dataset: GaussianCopula_HYBRID
2025-05-08 18:44:07,918 - INFO - [TRAINING] Starting training for dataset: TVAE_HYBRID — Rows: 336, Features: 18
2025-05-08 18:44:07,918 - INFO - [TRAINING] Training DecisionTree on TVAE_HYBRID...
2025-05-08 18:44:07,920 - INFO - [TRAINING] DecisionTree trained successfully on TVAE_HYBRID in 0.00 sec
2025-05-08 18:44:07,920 - INFO - [TRAINING] Training KNN on TVAE_HYBRID...
2025-05-08 18:44:07,921 - INFO - [TRAINING] KNN trained successfully on TVAE_HYBRID in 0.00 sec
2025-05-08 18:44:07,921 - INFO - [TRAINING] Training LogisticRegression on TVAE_HYBRID...
2025-05-08 18:44:07,924 - INFO - [TRAINING] LogisticRegression trained successfully on TVAE_HYBRID in 0.00 sec
2025-05-08 18:44:07,924 - INFO - [TRAINING] Training RandomForest on TVAE_HYBRID...
2025-05-08 18:44:08,021 - INFO - [TRAINING] RandomForest trained successfully on TVAE_HYBRID in 0.10 sec
2025-05-08 18:44:08,021 - INFO - [TRAINING] Training SVM on TVAE_HYBRID...
2025-05-08 18:44:08,023 - INFO - [TRAINING] SVM trained successfully on TVAE_HYBRID in 0.00 sec
2025-05-08 18:44:08,023 - INFO - [TRAINING] Finished training 5 model(s) for dataset: TVAE_HYBRID
2025-05-08 18:44:08,023 - INFO - [TRAINING] Total models trained across all datasets: 25
2025-05-08 18:44:08,023 - INFO - [UTILITY] Trained model names: ['Original', 'Anonymous', 'CTGAN_HYBRID', 'GaussianCopula_HYBRID', 'TVAE_HYBRID']
2025-05-08 18:44:08,023 - INFO - [UTILITY] Model Training Completed.
2025-05-08 18:44:08,023 - INFO - Starting the Evaluating of models...
2025-05-08 18:44:08,023 - INFO - Preparing evaluation for model 'DecisionTree' across all datasets...
2025-05-08 18:44:08,023 - INFO - Evaluating DecisionTree on Original...
2025-05-08 18:44:08,024 - INFO - Predictions completed for DecisionTree on Original
2025-05-08 18:44:08,025 - INFO - Prediction distribution for DecisionTree on Original: {'Y': 90, 'N': 54}
2025-05-08 18:44:08,038 - INFO - Computed 8 metric(s) for DecisionTree on Original
2025-05-08 18:44:08,038 - INFO - Evaluating DecisionTree on Anonymous...
2025-05-08 18:44:08,039 - INFO - Predictions completed for DecisionTree on Anonymous
2025-05-08 18:44:08,040 - INFO - Prediction distribution for DecisionTree on Anonymous: {'N': 73, 'Y': 71}
2025-05-08 18:44:08,051 - INFO - Computed 8 metric(s) for DecisionTree on Anonymous
2025-05-08 18:44:08,051 - INFO - Evaluating DecisionTree on CTGAN_HYBRID...
2025-05-08 18:44:08,053 - INFO - Predictions completed for DecisionTree on CTGAN_HYBRID
2025-05-08 18:44:08,053 - INFO - Prediction distribution for DecisionTree on CTGAN_HYBRID: {'Y': 85, 'N': 59}
2025-05-08 18:44:08,066 - INFO - Computed 8 metric(s) for DecisionTree on CTGAN_HYBRID
2025-05-08 18:44:08,066 - INFO - Evaluating DecisionTree on GaussianCopula_HYBRID...
2025-05-08 18:44:08,067 - INFO - Predictions completed for DecisionTree on GaussianCopula_HYBRID
2025-05-08 18:44:08,068 - INFO - Prediction distribution for DecisionTree on GaussianCopula_HYBRID: {'Y': 109, 'N': 35}
2025-05-08 18:44:08,080 - INFO - Computed 8 metric(s) for DecisionTree on GaussianCopula_HYBRID
2025-05-08 18:44:08,080 - INFO - Evaluating DecisionTree on TVAE_HYBRID...
2025-05-08 18:44:08,081 - INFO - Predictions completed for DecisionTree on TVAE_HYBRID
2025-05-08 18:44:08,081 - INFO - Prediction distribution for DecisionTree on TVAE_HYBRID: {'Y': 127, 'N': 17}
2025-05-08 18:44:08,090 - INFO - Computed 8 metric(s) for DecisionTree on TVAE_HYBRID
2025-05-08 18:44:08,090 - INFO - Preparing evaluation for model 'KNN' across all datasets...
2025-05-08 18:44:08,090 - INFO - Evaluating KNN on Original...
2025-05-08 18:44:08,098 - INFO - Predictions completed for KNN on Original
2025-05-08 18:44:08,098 - INFO - Prediction distribution for KNN on Original: {'Y': 115, 'N': 29}
2025-05-08 18:44:08,185 - INFO - Computed 8 metric(s) for KNN on Original
2025-05-08 18:44:08,185 - INFO - Evaluating KNN on Anonymous...
2025-05-08 18:44:08,191 - INFO - Predictions completed for KNN on Anonymous
2025-05-08 18:44:08,191 - INFO - Prediction distribution for KNN on Anonymous: {'Y': 114, 'N': 30}
2025-05-08 18:44:08,202 - INFO - Computed 8 metric(s) for KNN on Anonymous
2025-05-08 18:44:08,203 - INFO - Evaluating KNN on CTGAN_HYBRID...
2025-05-08 18:44:08,209 - INFO - Predictions completed for KNN on CTGAN_HYBRID
2025-05-08 18:44:08,209 - INFO - Prediction distribution for KNN on CTGAN_HYBRID: {'Y': 116, 'N': 28}
2025-05-08 18:44:08,222 - INFO - Computed 8 metric(s) for KNN on CTGAN_HYBRID
2025-05-08 18:44:08,222 - INFO - Evaluating KNN on GaussianCopula_HYBRID...
2025-05-08 18:44:08,228 - INFO - Predictions completed for KNN on GaussianCopula_HYBRID
2025-05-08 18:44:08,229 - INFO - Prediction distribution for KNN on GaussianCopula_HYBRID: {'Y': 130, 'N': 14}
2025-05-08 18:44:08,241 - INFO - Computed 8 metric(s) for KNN on GaussianCopula_HYBRID
2025-05-08 18:44:08,241 - INFO - Evaluating KNN on TVAE_HYBRID...
2025-05-08 18:44:08,247 - INFO - Predictions completed for KNN on TVAE_HYBRID
2025-05-08 18:44:08,247 - INFO - Prediction distribution for KNN on TVAE_HYBRID: {'Y': 144}
2025-05-08 18:44:08,247 - WARNING -  [WARNING] :KNN on TVAE_HYBRID predicted only one class: {'Y'}
2025-05-08 18:44:08,249 - WARNING - [UndefinedMetricWarning] Precision is ill-defined and being set to 0.0 in labels with no predicted samples. Use `zero_division` parameter to control this behavior. (from /mnt/NVMETank/Projects/Students/Dele/A-STUDY-INTO-THE-QUALITY-AND-USABILITY-OF-PRIVACY-FRIENDLY-SYNTHETIC-DATA/.venv/lib/python3.12/site-packages/sklearn/metrics/_classification.py:1565)
2025-05-08 18:44:08,251 - WARNING - [UndefinedMetricWarning] Precision is ill-defined and being set to 0.0 in labels with no predicted samples. Use `zero_division` parameter to control this behavior. (from /mnt/NVMETank/Projects/Students/Dele/A-STUDY-INTO-THE-QUALITY-AND-USABILITY-OF-PRIVACY-FRIENDLY-SYNTHETIC-DATA/.venv/lib/python3.12/site-packages/sklearn/metrics/_classification.py:1565)
2025-05-08 18:44:08,252 - WARNING - [UndefinedMetricWarning] Precision is ill-defined and being set to 0.0 in labels with no predicted samples. Use `zero_division` parameter to control this behavior. (from /mnt/NVMETank/Projects/Students/Dele/A-STUDY-INTO-THE-QUALITY-AND-USABILITY-OF-PRIVACY-FRIENDLY-SYNTHETIC-DATA/.venv/lib/python3.12/site-packages/sklearn/metrics/_classification.py:1565)
2025-05-08 18:44:08,260 - INFO - Computed 8 metric(s) for KNN on TVAE_HYBRID
2025-05-08 18:44:08,260 - INFO - Preparing evaluation for model 'LogisticRegression' across all datasets...
2025-05-08 18:44:08,260 - INFO - Evaluating LogisticRegression on Original...
2025-05-08 18:44:08,261 - INFO - Predictions completed for LogisticRegression on Original
2025-05-08 18:44:08,262 - INFO - Prediction distribution for LogisticRegression on Original: {'Y': 115, 'N': 29}
2025-05-08 18:44:08,272 - INFO - Computed 8 metric(s) for LogisticRegression on Original
2025-05-08 18:44:08,272 - INFO - Evaluating LogisticRegression on Anonymous...
2025-05-08 18:44:08,274 - INFO - Predictions completed for LogisticRegression on Anonymous
2025-05-08 18:44:08,274 - INFO - Prediction distribution for LogisticRegression on Anonymous: {'Y': 82, 'N': 62}
2025-05-08 18:44:08,285 - INFO - Computed 8 metric(s) for LogisticRegression on Anonymous
2025-05-08 18:44:08,285 - INFO - Evaluating LogisticRegression on CTGAN_HYBRID...
2025-05-08 18:44:08,286 - INFO - Predictions completed for LogisticRegression on CTGAN_HYBRID
2025-05-08 18:44:08,287 - INFO - Prediction distribution for LogisticRegression on CTGAN_HYBRID: {'Y': 87, 'N': 57}
2025-05-08 18:44:08,298 - INFO - Computed 8 metric(s) for LogisticRegression on CTGAN_HYBRID
2025-05-08 18:44:08,298 - INFO - Evaluating LogisticRegression on GaussianCopula_HYBRID...
2025-05-08 18:44:08,299 - INFO - Predictions completed for LogisticRegression on GaussianCopula_HYBRID
2025-05-08 18:44:08,299 - INFO - Prediction distribution for LogisticRegression on GaussianCopula_HYBRID: {'Y': 96, 'N': 48}
2025-05-08 18:44:08,309 - INFO - Computed 8 metric(s) for LogisticRegression on GaussianCopula_HYBRID
2025-05-08 18:44:08,309 - INFO - Evaluating LogisticRegression on TVAE_HYBRID...
2025-05-08 18:44:08,311 - INFO - Predictions completed for LogisticRegression on TVAE_HYBRID
2025-05-08 18:44:08,311 - INFO - Prediction distribution for LogisticRegression on TVAE_HYBRID: {'Y': 127, 'N': 17}
2025-05-08 18:44:08,322 - INFO - Computed 8 metric(s) for LogisticRegression on TVAE_HYBRID
2025-05-08 18:44:08,322 - INFO - Preparing evaluation for model 'RandomForest' across all datasets...
2025-05-08 18:44:08,322 - INFO - Evaluating RandomForest on Original...
2025-05-08 18:44:08,328 - INFO - Predictions completed for RandomForest on Original
2025-05-08 18:44:08,329 - INFO - Prediction distribution for RandomForest on Original: {'Y': 107, 'N': 37}
2025-05-08 18:44:08,350 - INFO - Computed 8 metric(s) for RandomForest on Original
2025-05-08 18:44:08,350 - INFO - Evaluating RandomForest on Anonymous...
2025-05-08 18:44:08,356 - INFO - Predictions completed for RandomForest on Anonymous
2025-05-08 18:44:08,357 - INFO - Prediction distribution for RandomForest on Anonymous: {'Y': 75, 'N': 69}
2025-05-08 18:44:08,378 - INFO - Computed 8 metric(s) for RandomForest on Anonymous
2025-05-08 18:44:08,378 - INFO - Evaluating RandomForest on CTGAN_HYBRID...
2025-05-08 18:44:08,384 - INFO - Predictions completed for RandomForest on CTGAN_HYBRID
2025-05-08 18:44:08,385 - INFO - Prediction distribution for RandomForest on CTGAN_HYBRID: {'Y': 130, 'N': 14}
2025-05-08 18:44:08,405 - INFO - Computed 8 metric(s) for RandomForest on CTGAN_HYBRID
2025-05-08 18:44:08,405 - INFO - Evaluating RandomForest on GaussianCopula_HYBRID...
2025-05-08 18:44:08,411 - INFO - Predictions completed for RandomForest on GaussianCopula_HYBRID
2025-05-08 18:44:08,412 - INFO - Prediction distribution for RandomForest on GaussianCopula_HYBRID: {'Y': 114, 'N': 30}
2025-05-08 18:44:08,430 - INFO - Computed 8 metric(s) for RandomForest on GaussianCopula_HYBRID
2025-05-08 18:44:08,430 - INFO - Evaluating RandomForest on TVAE_HYBRID...
2025-05-08 18:44:08,436 - INFO - Predictions completed for RandomForest on TVAE_HYBRID
2025-05-08 18:44:08,436 - INFO - Prediction distribution for RandomForest on TVAE_HYBRID: {'Y': 136, 'N': 8}
2025-05-08 18:44:08,454 - INFO - Computed 8 metric(s) for RandomForest on TVAE_HYBRID
2025-05-08 18:44:08,454 - INFO - Preparing evaluation for model 'SVM' across all datasets...
2025-05-08 18:44:08,454 - INFO - Evaluating SVM on Original...
2025-05-08 18:44:08,456 - INFO - Predictions completed for SVM on Original
2025-05-08 18:44:08,457 - INFO - Prediction distribution for SVM on Original: {'Y': 144}
2025-05-08 18:44:08,457 - WARNING -  [WARNING] :SVM on Original predicted only one class: {'Y'}
2025-05-08 18:44:08,459 - WARNING - [UndefinedMetricWarning] Precision is ill-defined and being set to 0.0 in labels with no predicted samples. Use `zero_division` parameter to control this behavior. (from /mnt/NVMETank/Projects/Students/Dele/A-STUDY-INTO-THE-QUALITY-AND-USABILITY-OF-PRIVACY-FRIENDLY-SYNTHETIC-DATA/.venv/lib/python3.12/site-packages/sklearn/metrics/_classification.py:1565)
2025-05-08 18:44:08,460 - WARNING - [UndefinedMetricWarning] Precision is ill-defined and being set to 0.0 in labels with no predicted samples. Use `zero_division` parameter to control this behavior. (from /mnt/NVMETank/Projects/Students/Dele/A-STUDY-INTO-THE-QUALITY-AND-USABILITY-OF-PRIVACY-FRIENDLY-SYNTHETIC-DATA/.venv/lib/python3.12/site-packages/sklearn/metrics/_classification.py:1565)
2025-05-08 18:44:08,462 - WARNING - [UndefinedMetricWarning] Precision is ill-defined and being set to 0.0 in labels with no predicted samples. Use `zero_division` parameter to control this behavior. (from /mnt/NVMETank/Projects/Students/Dele/A-STUDY-INTO-THE-QUALITY-AND-USABILITY-OF-PRIVACY-FRIENDLY-SYNTHETIC-DATA/.venv/lib/python3.12/site-packages/sklearn/metrics/_classification.py:1565)
2025-05-08 18:44:08,463 - INFO - Computed 8 metric(s) for SVM on Original
2025-05-08 18:44:08,463 - INFO - Evaluating SVM on Anonymous...
2025-05-08 18:44:08,466 - INFO - Predictions completed for SVM on Anonymous
2025-05-08 18:44:08,466 - INFO - Prediction distribution for SVM on Anonymous: {'Y': 144}
2025-05-08 18:44:08,466 - WARNING -  [WARNING] :SVM on Anonymous predicted only one class: {'Y'}
2025-05-08 18:44:08,468 - WARNING - [UndefinedMetricWarning] Precision is ill-defined and being set to 0.0 in labels with no predicted samples. Use `zero_division` parameter to control this behavior. (from /mnt/NVMETank/Projects/Students/Dele/A-STUDY-INTO-THE-QUALITY-AND-USABILITY-OF-PRIVACY-FRIENDLY-SYNTHETIC-DATA/.venv/lib/python3.12/site-packages/sklearn/metrics/_classification.py:1565)
2025-05-08 18:44:08,469 - WARNING - [UndefinedMetricWarning] Precision is ill-defined and being set to 0.0 in labels with no predicted samples. Use `zero_division` parameter to control this behavior. (from /mnt/NVMETank/Projects/Students/Dele/A-STUDY-INTO-THE-QUALITY-AND-USABILITY-OF-PRIVACY-FRIENDLY-SYNTHETIC-DATA/.venv/lib/python3.12/site-packages/sklearn/metrics/_classification.py:1565)
2025-05-08 18:44:08,470 - WARNING - [UndefinedMetricWarning] Precision is ill-defined and being set to 0.0 in labels with no predicted samples. Use `zero_division` parameter to control this behavior. (from /mnt/NVMETank/Projects/Students/Dele/A-STUDY-INTO-THE-QUALITY-AND-USABILITY-OF-PRIVACY-FRIENDLY-SYNTHETIC-DATA/.venv/lib/python3.12/site-packages/sklearn/metrics/_classification.py:1565)
2025-05-08 18:44:08,472 - INFO - Computed 8 metric(s) for SVM on Anonymous
2025-05-08 18:44:08,472 - INFO - Evaluating SVM on CTGAN_HYBRID...
2025-05-08 18:44:08,475 - INFO - Predictions completed for SVM on CTGAN_HYBRID
2025-05-08 18:44:08,475 - INFO - Prediction distribution for SVM on CTGAN_HYBRID: {'Y': 144}
2025-05-08 18:44:08,475 - WARNING -  [WARNING] :SVM on CTGAN_HYBRID predicted only one class: {'Y'}
2025-05-08 18:44:08,477 - WARNING - [UndefinedMetricWarning] Precision is ill-defined and being set to 0.0 in labels with no predicted samples. Use `zero_division` parameter to control this behavior. (from /mnt/NVMETank/Projects/Students/Dele/A-STUDY-INTO-THE-QUALITY-AND-USABILITY-OF-PRIVACY-FRIENDLY-SYNTHETIC-DATA/.venv/lib/python3.12/site-packages/sklearn/metrics/_classification.py:1565)
2025-05-08 18:44:08,478 - WARNING - [UndefinedMetricWarning] Precision is ill-defined and being set to 0.0 in labels with no predicted samples. Use `zero_division` parameter to control this behavior. (from /mnt/NVMETank/Projects/Students/Dele/A-STUDY-INTO-THE-QUALITY-AND-USABILITY-OF-PRIVACY-FRIENDLY-SYNTHETIC-DATA/.venv/lib/python3.12/site-packages/sklearn/metrics/_classification.py:1565)
2025-05-08 18:44:08,480 - WARNING - [UndefinedMetricWarning] Precision is ill-defined and being set to 0.0 in labels with no predicted samples. Use `zero_division` parameter to control this behavior. (from /mnt/NVMETank/Projects/Students/Dele/A-STUDY-INTO-THE-QUALITY-AND-USABILITY-OF-PRIVACY-FRIENDLY-SYNTHETIC-DATA/.venv/lib/python3.12/site-packages/sklearn/metrics/_classification.py:1565)
2025-05-08 18:44:08,482 - INFO - Computed 8 metric(s) for SVM on CTGAN_HYBRID
2025-05-08 18:44:08,482 - INFO - Evaluating SVM on GaussianCopula_HYBRID...
2025-05-08 18:44:08,484 - INFO - Predictions completed for SVM on GaussianCopula_HYBRID
2025-05-08 18:44:08,484 - INFO - Prediction distribution for SVM on GaussianCopula_HYBRID: {'Y': 142, 'N': 2}
2025-05-08 18:44:08,492 - INFO - Computed 8 metric(s) for SVM on GaussianCopula_HYBRID
2025-05-08 18:44:08,492 - INFO - Evaluating SVM on TVAE_HYBRID...
2025-05-08 18:44:08,493 - INFO - Predictions completed for SVM on TVAE_HYBRID
2025-05-08 18:44:08,493 - INFO - Prediction distribution for SVM on TVAE_HYBRID: {'Y': 144}
2025-05-08 18:44:08,494 - WARNING -  [WARNING] :SVM on TVAE_HYBRID predicted only one class: {'Y'}
2025-05-08 18:44:08,495 - WARNING - [UndefinedMetricWarning] Precision is ill-defined and being set to 0.0 in labels with no predicted samples. Use `zero_division` parameter to control this behavior. (from /mnt/NVMETank/Projects/Students/Dele/A-STUDY-INTO-THE-QUALITY-AND-USABILITY-OF-PRIVACY-FRIENDLY-SYNTHETIC-DATA/.venv/lib/python3.12/site-packages/sklearn/metrics/_classification.py:1565)
2025-05-08 18:44:08,497 - WARNING - [UndefinedMetricWarning] Precision is ill-defined and being set to 0.0 in labels with no predicted samples. Use `zero_division` parameter to control this behavior. (from /mnt/NVMETank/Projects/Students/Dele/A-STUDY-INTO-THE-QUALITY-AND-USABILITY-OF-PRIVACY-FRIENDLY-SYNTHETIC-DATA/.venv/lib/python3.12/site-packages/sklearn/metrics/_classification.py:1565)
2025-05-08 18:44:08,498 - WARNING - [UndefinedMetricWarning] Precision is ill-defined and being set to 0.0 in labels with no predicted samples. Use `zero_division` parameter to control this behavior. (from /mnt/NVMETank/Projects/Students/Dele/A-STUDY-INTO-THE-QUALITY-AND-USABILITY-OF-PRIVACY-FRIENDLY-SYNTHETIC-DATA/.venv/lib/python3.12/site-packages/sklearn/metrics/_classification.py:1565)
2025-05-08 18:44:08,500 - INFO - Computed 8 metric(s) for SVM on TVAE_HYBRID
2025-05-08 18:44:08,504 - INFO - Evaluation completed for all models.
2025-05-08 18:44:08,504 - INFO - Model evaluation completed in 0.48 seconds.
2025-05-08 18:44:08,506 - INFO - Evaluated models: ['DecisionTree', 'KNN', 'LogisticRegression', 'RandomForest', 'SVM']
2025-05-08 18:44:08,506 - INFO - Model Training and Evaluation completed.
2025-05-08 18:44:09,092 - INFO -  Visualizations saved.
2025-05-08 18:44:09,093 - INFO -  Benchmarking Completed. Results saved in output folder.
