2025-03-26 14:25:49,019 - INFO -  Benchmarking started for dataset: loan
2025-03-26 14:25:53,706 - INFO - Detected metadata:
2025-03-26 14:25:53,709 - INFO - {
    "columns": {
        "Loan_ID_0": {
            "sdtype": "categorical"
        },
        "Loan_ID_1": {
            "sdtype": "categorical"
        },
        "Loan_ID_2": {
            "sdtype": "categorical"
        },
        "Loan_ID_3": {
            "sdtype": "categorical"
        },
        "Loan_ID_4": {
            "sdtype": "categorical"
        },
        "Loan_ID_5": {
            "sdtype": "categorical"
        },
        "Loan_ID_6": {
            "sdtype": "categorical"
        },
        "Loan_ID_7": {
            "sdtype": "categorical"
        },
        "Loan_ID_8": {
            "sdtype": "categorical"
        },
        "Gender_0": {
            "sdtype": "categorical"
        },
        "Gender_1": {
            "sdtype": "categorical"
        },
        "Married_0": {
            "sdtype": "categorical"
        },
        "Married_1": {
            "sdtype": "categorical"
        },
        "Dependents_0": {
            "sdtype": "categorical"
        },
        "Dependents_1": {
            "sdtype": "categorical"
        },
        "Dependents_2": {
            "sdtype": "categorical"
        },
        "Education_0": {
            "sdtype": "categorical"
        },
        "Education_1": {
            "sdtype": "categorical"
        },
        "Self_Employed_0": {
            "sdtype": "categorical"
        },
        "Self_Employed_1": {
            "sdtype": "categorical"
        },
        "ApplicantIncome": {
            "sdtype": "numerical"
        },
        "CoapplicantIncome": {
            "sdtype": "numerical"
        },
        "LoanAmount": {
            "sdtype": "numerical"
        },
        "Loan_Amount_Term": {
            "sdtype": "numerical"
        },
        "Credit_History": {
            "sdtype": "numerical"
        },
        "Property_Area_0": {
            "sdtype": "categorical"
        },
        "Property_Area_1": {
            "sdtype": "categorical"
        },
        "Loan_Status": {
            "sdtype": "categorical"
        }
    },
    "METADATA_SPEC_VERSION": "SINGLE_TABLE_V1"
}
2025-03-26 14:25:53,781 - INFO - {'EVENT': 'Load', 'TIMESTAMP': datetime.datetime(2025, 3, 26, 14, 25, 53, 780729), 'SYNTHESIZER CLASS NAME': 'CTGANSynthesizer', 'SYNTHESIZER ID': 'CTGANSynthesizer_1.16.1_2f74aed65e244d52951fff0fcaf8e082'}
2025-03-26 14:25:53,876 - INFO - {'EVENT': 'Load', 'TIMESTAMP': datetime.datetime(2025, 3, 26, 14, 25, 53, 876532), 'SYNTHESIZER CLASS NAME': 'TVAESynthesizer', 'SYNTHESIZER ID': 'TVAESynthesizer_1.16.1_7d2a3a61f6494faf9906384bbaa70cbb'}
2025-03-26 14:25:53,922 - INFO - {'EVENT': 'Load', 'TIMESTAMP': datetime.datetime(2025, 3, 26, 14, 25, 53, 921205), 'SYNTHESIZER CLASS NAME': 'GaussianCopulaSynthesizer', 'SYNTHESIZER ID': 'GaussianCopulaSynthesizer_1.16.1_bf8381a1cab141c993b9b3cccfbc8121'}
2025-03-26 14:25:55,738 - INFO - {'EVENT': 'Sample', 'TIMESTAMP': datetime.datetime(2025, 3, 26, 14, 25, 53, 922226), 'SYNTHESIZER CLASS NAME': 'CTGANSynthesizer', 'SYNTHESIZER ID': 'CTGANSynthesizer_1.16.1_2f74aed65e244d52951fff0fcaf8e082', 'TOTAL NUMBER OF TABLES': 1, 'TOTAL NUMBER OF ROWS': 10000, 'TOTAL NUMBER OF COLUMNS': 28}
2025-03-26 14:25:56,533 - INFO - {'EVENT': 'Sample', 'TIMESTAMP': datetime.datetime(2025, 3, 26, 14, 25, 55, 879118), 'SYNTHESIZER CLASS NAME': 'TVAESynthesizer', 'SYNTHESIZER ID': 'TVAESynthesizer_1.16.1_7d2a3a61f6494faf9906384bbaa70cbb', 'TOTAL NUMBER OF TABLES': 1, 'TOTAL NUMBER OF ROWS': 5000, 'TOTAL NUMBER OF COLUMNS': 28}
2025-03-26 14:25:58,880 - INFO - {'EVENT': 'Sample', 'TIMESTAMP': datetime.datetime(2025, 3, 26, 14, 25, 56, 572591), 'SYNTHESIZER CLASS NAME': 'GaussianCopulaSynthesizer', 'SYNTHESIZER ID': 'GaussianCopulaSynthesizer_1.16.1_bf8381a1cab141c993b9b3cccfbc8121', 'TOTAL NUMBER OF TABLES': 1, 'TOTAL NUMBER OF ROWS': 10000, 'TOTAL NUMBER OF COLUMNS': 28}
2025-03-26 14:26:17,165 - INFO - Utility Evaluation Skipped (disabled in configuration).
2025-03-26 14:26:17,165 - INFO - Benchmarking Completed. Results saved in output folder.
