2025-04-11 09:38:42,094 - INFO - Loaded config file: configs/benchmark_config.yaml
2025-04-11 09:38:42,096 - INFO -  Benchmarking started for dataset: loan
2025-04-11 09:38:42,096 - INFO - Configuration loaded: enable_anonymization = True, enable_synthesis = True
2025-04-11 09:38:42,098 - INFO - Running preprocessing...
2025-04-11 09:38:42,506 - INFO - Saved raw train set to: datasets/train/loan_train_raw.csv
2025-04-11 09:38:42,510 - INFO - Saved encoded train set to: datasets/cleaned/loan_cleaned.csv
2025-04-11 09:38:42,511 - INFO - Saved encoded test set to: datasets/test/loan_test_set.csv
2025-04-11 09:38:42,522 - INFO - Preprocessing completed. Rows before: 614, after: 384
2025-04-11 09:38:42,523 - INFO - enable_anonymization = None
2025-04-11 09:38:42,542 - INFO - Running Java Anonymization Program...........
2025-04-11 09:38:42,542 - INFO - Using JAR file at C:\Users\delea\OneDrive\Documents\Desktop\Master_Thesis\MasterThesisCode\src\anonymization\anonymARXij\bin\anonymARXij.jar to anonymize the dataset.
2025-04-11 09:38:43,902 - INFO - Anonimized file saved to : C:\Users\delea\OneDrive\Documents\Desktop\Master_Thesis\MasterThesisCode\datasets\anonymized\loan_k5_l2_sup10_anonymized.csv
2025-04-11 09:38:43,902 - INFO - Java anonymization completed successfully.
2025-04-11 09:38:43,902 - INFO - Anonymized data saved to: C:\Users\delea\OneDrive\Documents\Desktop\Master_Thesis\MasterThesisCode\datasets\anonymized\loan_k5_l2_sup10_anonymized.csv
2025-04-11 09:38:43,971 - INFO - Loaded anonymized data: (384, 13)
2025-04-11 09:38:44,152 - INFO - Encoding applied to anonymized data. Encoded shape: (384, 12)
2025-04-11 09:38:44,172 - INFO - Encoded anonymized dataset saved to: C:\Users\delea\OneDrive\Documents\Desktop\Master_Thesis\MasterThesisCode\datasets\anonymized\loan_k5_l2_sup10_anonymized_encoded.csv
2025-04-11 09:38:44,176 - INFO - enable_synthetic_generation = True
2025-04-11 09:38:44,186 - INFO - Starting Synthetic Data Generation Pipeline...
2025-04-11 09:38:44,251 - INFO - Detected metadata:
2025-04-11 09:38:44,253 - INFO - {
    "METADATA_SPEC_VERSION": "SINGLE_TABLE_V1",
    "columns": {
        "Loan_ID_0": {
            "sdtype": "categorical"
        },
        "Loan_ID_1": {
            "sdtype": "categorical"
        },
        "Loan_ID_2": {
            "sdtype": "categorical"
        },
        "Loan_ID_3": {
            "sdtype": "categorical"
        },
        "Loan_ID_4": {
            "sdtype": "categorical"
        },
        "Loan_ID_5": {
            "sdtype": "categorical"
        },
        "Loan_ID_6": {
            "sdtype": "categorical"
        },
        "Loan_ID_7": {
            "sdtype": "categorical"
        },
        "Loan_ID_8": {
            "sdtype": "categorical"
        },
        "Gender_0": {
            "sdtype": "categorical"
        },
        "Gender_1": {
            "sdtype": "categorical"
        },
        "Married_0": {
            "sdtype": "categorical"
        },
        "Married_1": {
            "sdtype": "categorical"
        },
        "Dependents_0": {
            "sdtype": "categorical"
        },
        "Dependents_1": {
            "sdtype": "categorical"
        },
        "Dependents_2": {
            "sdtype": "categorical"
        },
        "Education_0": {
            "sdtype": "categorical"
        },
        "Education_1": {
            "sdtype": "categorical"
        },
        "Self_Employed_0": {
            "sdtype": "categorical"
        },
        "Self_Employed_1": {
            "sdtype": "categorical"
        },
        "ApplicantIncome": {
            "sdtype": "numerical"
        },
        "CoapplicantIncome": {
            "sdtype": "numerical"
        },
        "LoanAmount": {
            "sdtype": "numerical"
        },
        "Loan_Amount_Term": {
            "sdtype": "categorical"
        },
        "Credit_History": {
            "sdtype": "categorical"
        },
        "Property_Area_0": {
            "sdtype": "categorical"
        },
        "Property_Area_1": {
            "sdtype": "categorical"
        },
        "Loan_Status": {
            "sdtype": "categorical"
        }
    }
}
2025-04-11 09:38:44,288 - INFO - {'EVENT': 'Instance', 'TIMESTAMP': datetime.datetime(2025, 4, 11, 9, 38, 44, 288353), 'SYNTHESIZER CLASS NAME': 'CTGANSynthesizer', 'SYNTHESIZER ID': 'CTGANSynthesizer_1.16.1_2ec35d68e7b648c6aa6cc5ded890a662'}
2025-04-11 09:38:44,288 - INFO - {'EVENT': 'Fit', 'TIMESTAMP': datetime.datetime(2025, 4, 11, 9, 38, 44, 288353), 'SYNTHESIZER CLASS NAME': 'CTGANSynthesizer', 'SYNTHESIZER ID': 'CTGANSynthesizer_1.16.1_2ec35d68e7b648c6aa6cc5ded890a662', 'TOTAL NUMBER OF TABLES': 1, 'TOTAL NUMBER OF ROWS': 384, 'TOTAL NUMBER OF COLUMNS': 28}
2025-04-11 09:38:44,304 - INFO - Fitting table  metadata
2025-04-11 09:38:44,306 - INFO - Fitting formatters for table 
2025-04-11 09:38:44,309 - INFO - Fitting constraints for table 
2025-04-11 09:38:44,309 - INFO - Setting the configuration for the ``HyperTransformer`` for table 
2025-04-11 09:38:44,321 - INFO - Fitting HyperTransformer for table 
2025-04-11 09:38:44,386 - INFO - {'EVENT': 'Fit processed data', 'TIMESTAMP': datetime.datetime(2025, 4, 11, 9, 38, 44, 386325), 'SYNTHESIZER CLASS NAME': 'CTGANSynthesizer', 'SYNTHESIZER ID': 'CTGANSynthesizer_1.16.1_2ec35d68e7b648c6aa6cc5ded890a662', 'TOTAL NUMBER OF TABLES': 1, 'TOTAL NUMBER OF ROWS': 384, 'TOTAL NUMBER OF COLUMNS': 28}
2025-04-11 09:38:44,494 - INFO - Guidance: There are no missing values in column ApplicantIncome. Extra column not created.
2025-04-11 09:38:45,168 - INFO - Guidance: There are no missing values in column CoapplicantIncome. Extra column not created.
2025-04-11 09:38:45,335 - INFO - Guidance: There are no missing values in column LoanAmount. Extra column not created.
2025-04-11 09:40:59,126 - INFO - {'EVENT': 'Save', 'TIMESTAMP': datetime.datetime(2025, 4, 11, 9, 40, 59, 126234), 'SYNTHESIZER CLASS NAME': 'CTGANSynthesizer', 'SYNTHESIZER ID': 'CTGANSynthesizer_1.16.1_2ec35d68e7b648c6aa6cc5ded890a662'}
2025-04-11 09:40:59,220 - INFO - {'EVENT': 'Instance', 'TIMESTAMP': datetime.datetime(2025, 4, 11, 9, 40, 59, 220563), 'SYNTHESIZER CLASS NAME': 'TVAESynthesizer', 'SYNTHESIZER ID': 'TVAESynthesizer_1.16.1_828545d379ad4d94bc987c6e16c770da'}
2025-04-11 09:40:59,221 - INFO - {'EVENT': 'Fit', 'TIMESTAMP': datetime.datetime(2025, 4, 11, 9, 40, 59, 221567), 'SYNTHESIZER CLASS NAME': 'TVAESynthesizer', 'SYNTHESIZER ID': 'TVAESynthesizer_1.16.1_828545d379ad4d94bc987c6e16c770da', 'TOTAL NUMBER OF TABLES': 1, 'TOTAL NUMBER OF ROWS': 384, 'TOTAL NUMBER OF COLUMNS': 28}
2025-04-11 09:40:59,225 - INFO - Fitting table  metadata
2025-04-11 09:40:59,226 - INFO - Fitting formatters for table 
2025-04-11 09:40:59,233 - INFO - Fitting constraints for table 
2025-04-11 09:40:59,234 - INFO - Setting the configuration for the ``HyperTransformer`` for table 
2025-04-11 09:40:59,237 - INFO - Fitting HyperTransformer for table 
2025-04-11 09:40:59,294 - INFO - {'EVENT': 'Fit processed data', 'TIMESTAMP': datetime.datetime(2025, 4, 11, 9, 40, 59, 294602), 'SYNTHESIZER CLASS NAME': 'TVAESynthesizer', 'SYNTHESIZER ID': 'TVAESynthesizer_1.16.1_828545d379ad4d94bc987c6e16c770da', 'TOTAL NUMBER OF TABLES': 1, 'TOTAL NUMBER OF ROWS': 384, 'TOTAL NUMBER OF COLUMNS': 28}
2025-04-11 09:40:59,404 - INFO - Guidance: There are no missing values in column ApplicantIncome. Extra column not created.
2025-04-11 09:40:59,747 - INFO - Guidance: There are no missing values in column CoapplicantIncome. Extra column not created.
2025-04-11 09:40:59,905 - INFO - Guidance: There are no missing values in column LoanAmount. Extra column not created.
2025-04-11 09:41:26,449 - INFO - {'EVENT': 'Save', 'TIMESTAMP': datetime.datetime(2025, 4, 11, 9, 41, 26, 433678), 'SYNTHESIZER CLASS NAME': 'TVAESynthesizer', 'SYNTHESIZER ID': 'TVAESynthesizer_1.16.1_828545d379ad4d94bc987c6e16c770da'}
2025-04-11 09:41:26,537 - INFO - {'EVENT': 'Instance', 'TIMESTAMP': datetime.datetime(2025, 4, 11, 9, 41, 26, 537221), 'SYNTHESIZER CLASS NAME': 'GaussianCopulaSynthesizer', 'SYNTHESIZER ID': 'GaussianCopulaSynthesizer_1.16.1_d8475d95e7384971b6165b5307776e07'}
2025-04-11 09:41:26,537 - INFO - {'EVENT': 'Fit', 'TIMESTAMP': datetime.datetime(2025, 4, 11, 9, 41, 26, 537221), 'SYNTHESIZER CLASS NAME': 'GaussianCopulaSynthesizer', 'SYNTHESIZER ID': 'GaussianCopulaSynthesizer_1.16.1_d8475d95e7384971b6165b5307776e07', 'TOTAL NUMBER OF TABLES': 1, 'TOTAL NUMBER OF ROWS': 384, 'TOTAL NUMBER OF COLUMNS': 28}
2025-04-11 09:41:26,544 - INFO - Fitting table  metadata
2025-04-11 09:41:26,546 - INFO - Fitting formatters for table 
2025-04-11 09:41:26,547 - INFO - Fitting constraints for table 
2025-04-11 09:41:26,547 - INFO - Setting the configuration for the ``HyperTransformer`` for table 
2025-04-11 09:41:26,581 - INFO - Fitting HyperTransformer for table 
2025-04-11 09:41:27,436 - INFO - {'EVENT': 'Fit processed data', 'TIMESTAMP': datetime.datetime(2025, 4, 11, 9, 41, 27, 436611), 'SYNTHESIZER CLASS NAME': 'GaussianCopulaSynthesizer', 'SYNTHESIZER ID': 'GaussianCopulaSynthesizer_1.16.1_d8475d95e7384971b6165b5307776e07', 'TOTAL NUMBER OF TABLES': 1, 'TOTAL NUMBER OF ROWS': 384, 'TOTAL NUMBER OF COLUMNS': 28}
2025-04-11 09:41:27,436 - INFO - Fitting GaussianMultivariate(distribution="{'Loan_ID_0': <class 'copulas.univariate.beta.BetaUnivariate'>, 'Loan_ID_1': <class 'copulas.univariate.beta.BetaUnivariate'>, 'Loan_ID_2': <class 'copulas.univariate.beta.BetaUnivariate'>, 'Loan_ID_3': <class 'copulas.univariate.beta.BetaUnivariate'>, 'Loan_ID_4': <class 'copulas.univariate.beta.BetaUnivariate'>, 'Loan_ID_5': <class 'copulas.univariate.beta.BetaUnivariate'>, 'Loan_ID_6': <class 'copulas.univariate.beta.BetaUnivariate'>, 'Loan_ID_7': <class 'copulas.univariate.beta.BetaUnivariate'>, 'Loan_ID_8': <class 'copulas.univariate.beta.BetaUnivariate'>, 'Gender_0': <class 'copulas.univariate.beta.BetaUnivariate'>, 'Gender_1': <class 'copulas.univariate.beta.BetaUnivariate'>, 'Married_0': <class 'copulas.univariate.beta.BetaUnivariate'>, 'Married_1': <class 'copulas.univariate.beta.BetaUnivariate'>, 'Dependents_0': <class 'copulas.univariate.beta.BetaUnivariate'>, 'Dependents_1': <class 'copulas.univariate.beta.BetaUnivariate'>, 'Dependents_2': <class 'copulas.univariate.beta.BetaUnivariate'>, 'Education_0': <class 'copulas.univariate.beta.BetaUnivariate'>, 'Education_1': <class 'copulas.univariate.beta.BetaUnivariate'>, 'Self_Employed_0': <class 'copulas.univariate.beta.BetaUnivariate'>, 'Self_Employed_1': <class 'copulas.univariate.beta.BetaUnivariate'>, 'ApplicantIncome': <class 'copulas.univariate.beta.BetaUnivariate'>, 'CoapplicantIncome': <class 'copulas.univariate.beta.BetaUnivariate'>, 'LoanAmount': <class 'copulas.univariate.beta.BetaUnivariate'>, 'Loan_Amount_Term': <class 'copulas.univariate.beta.BetaUnivariate'>, 'Credit_History': <class 'copulas.univariate.beta.BetaUnivariate'>, 'Property_Area_0': <class 'copulas.univariate.beta.BetaUnivariate'>, 'Property_Area_1': <class 'copulas.univariate.beta.BetaUnivariate'>, 'Loan_Status': <class 'copulas.univariate.beta.BetaUnivariate'>}")
2025-04-11 09:41:32,041 - INFO - {'EVENT': 'Save', 'TIMESTAMP': datetime.datetime(2025, 4, 11, 9, 41, 32, 41525), 'SYNTHESIZER CLASS NAME': 'GaussianCopulaSynthesizer', 'SYNTHESIZER ID': 'GaussianCopulaSynthesizer_1.16.1_d8475d95e7384971b6165b5307776e07'}
2025-04-11 09:41:32,524 - INFO - {'EVENT': 'Sample', 'TIMESTAMP': datetime.datetime(2025, 4, 11, 9, 41, 32, 100825), 'SYNTHESIZER CLASS NAME': 'CTGANSynthesizer', 'SYNTHESIZER ID': 'CTGANSynthesizer_1.16.1_2ec35d68e7b648c6aa6cc5ded890a662', 'TOTAL NUMBER OF TABLES': 1, 'TOTAL NUMBER OF ROWS': 384, 'TOTAL NUMBER OF COLUMNS': 28}
2025-04-11 09:41:32,932 - INFO - {'EVENT': 'Sample', 'TIMESTAMP': datetime.datetime(2025, 4, 11, 9, 41, 32, 524131), 'SYNTHESIZER CLASS NAME': 'TVAESynthesizer', 'SYNTHESIZER ID': 'TVAESynthesizer_1.16.1_828545d379ad4d94bc987c6e16c770da', 'TOTAL NUMBER OF TABLES': 1, 'TOTAL NUMBER OF ROWS': 384, 'TOTAL NUMBER OF COLUMNS': 28}
2025-04-11 09:41:33,509 - INFO - {'EVENT': 'Sample', 'TIMESTAMP': datetime.datetime(2025, 4, 11, 9, 41, 32, 935367), 'SYNTHESIZER CLASS NAME': 'GaussianCopulaSynthesizer', 'SYNTHESIZER ID': 'GaussianCopulaSynthesizer_1.16.1_d8475d95e7384971b6165b5307776e07', 'TOTAL NUMBER OF TABLES': 1, 'TOTAL NUMBER OF ROWS': 384, 'TOTAL NUMBER OF COLUMNS': 28}
2025-04-11 09:41:33,509 - INFO - Synthetic Data Generation Completed.
2025-04-11 09:42:10,478 - INFO - Synthetic Data Evaluation Completed.
2025-04-11 09:42:10,511 - INFO - Synthetic Data Report Generated Successfully.
2025-04-11 09:42:11,224 - INFO - Synthetic data generated with 3 synthesizers.
2025-04-11 09:42:11,224 - INFO - Hybrid pipeline skipped (disabled in configuration).
2025-04-11 09:42:11,224 - INFO - Preparing datasets for machine learning...
2025-04-11 09:42:11,234 - INFO - Original Data - Training Size: 384, Testing Size: 96
2025-04-11 09:42:11,237 - INFO - Processing synthetic dataset generated by CTGAN...
2025-04-11 09:42:11,241 - INFO - Synthetic Data (CTGAN) - Training Size: 384
2025-04-11 09:42:11,242 - INFO - Processing synthetic dataset generated by TVAE...
2025-04-11 09:42:11,242 - INFO - Synthetic Data (TVAE) - Training Size: 384
2025-04-11 09:42:11,242 - INFO - Processing synthetic dataset generated by GaussianCopula...
2025-04-11 09:42:11,250 - INFO - Synthetic Data (GaussianCopula) - Training Size: 384
2025-04-11 09:42:11,250 - INFO - Processing anonymized dataset...
2025-04-11 09:42:11,256 - INFO - Anonymized Data - Training Size: 384
2025-04-11 09:42:11,258 - INFO - Training models on all datasets...
2025-04-11 09:42:25,171 - INFO - Model Training Completed.
2025-04-11 09:42:25,172 - INFO - Evaluating models...
2025-04-11 09:42:26,099 - INFO - Model Training and Evaluation completed.
2025-04-11 09:42:29,175 - INFO -  Visualizations saved.
2025-04-11 09:42:29,176 - INFO -  Benchmarking Completed. Results saved in output folder.
