2025-04-23 01:12:29,209 - INFO - Loaded config file: configs/generated_configs/loan/loan_synth_ep300_rows1x.yaml
2025-04-23 01:12:29,210 - INFO -  Benchmarking started for dataset: loan
2025-04-23 01:12:29,210 - INFO - Using dataset path: /mnt/NVMETank/Projects/Students/Dele/A-STUDY-INTO-THE-QUALITY-AND-USABILITY-OF-PRIVACY-FRIENDLY-SYNTHETIC-DATA/datasets/original/loan.csv
2025-04-23 01:12:29,210 - INFO - Target column: Loan_Status, separator: ','
2025-04-23 01:12:29,210 - INFO - Configuration loaded: enable_anonymization = False, enable_synthesis = True, enable_hybrid = False, enable_utility = True, delete_after_evaluation = True
2025-04-23 01:12:29,210 - INFO - Running preprocessing...
2025-04-23 01:12:29,214 - INFO -  [PREPROCESSING] Preprocessed files found. Skipping preprocessing.
2025-04-23 01:12:29,222 - INFO - Preprocessing completed. Rows before: 614, after: 336
2025-04-23 01:12:29,222 - INFO - Preprocessed data saved to: outputs/batch/loan_batch_2025-04-23_01-09-27/loan_synth_ep300_rows1x/preprocessing_report.txt
2025-04-23 01:12:29,222 - INFO - enable_anonymization = False
2025-04-23 01:12:29,222 - INFO - Anonymization Skipped (Disabled in Configuration).
2025-04-23 01:12:29,222 - INFO - enable_synthetic_generation = True
2025-04-23 01:12:29,223 - INFO - Starting standard Synthetic Data Generation pipeline...
2025-04-23 01:12:29,223 - INFO - Executing run_synthetic.....
2025-04-23 01:12:29,223 - INFO - [SYNTHETIC PIPELINE] executing run_synthetic for loan...
2025-04-23 01:12:29,223 - INFO - [SYNTHETIC] Processing dataset: loan
2025-04-23 01:12:29,223 - INFO - [SYNTHETIC] Original dataset size: 336 rows
2025-04-23 01:12:29,237 - INFO - Detected metadata:
2025-04-23 01:12:29,237 - INFO - {
    "columns": {
        "Loan_ID_0": {
            "sdtype": "categorical"
        },
        "Loan_ID_1": {
            "sdtype": "categorical"
        },
        "Loan_ID_2": {
            "sdtype": "categorical"
        },
        "Loan_ID_3": {
            "sdtype": "categorical"
        },
        "Loan_ID_4": {
            "sdtype": "categorical"
        },
        "Loan_ID_5": {
            "sdtype": "categorical"
        },
        "Loan_ID_6": {
            "sdtype": "categorical"
        },
        "Loan_ID_7": {
            "sdtype": "categorical"
        },
        "Loan_ID_8": {
            "sdtype": "categorical"
        },
        "Gender_0": {
            "sdtype": "categorical"
        },
        "Gender_1": {
            "sdtype": "categorical"
        },
        "Married_0": {
            "sdtype": "categorical"
        },
        "Married_1": {
            "sdtype": "categorical"
        },
        "Dependents_0": {
            "sdtype": "categorical"
        },
        "Dependents_1": {
            "sdtype": "categorical"
        },
        "Dependents_2": {
            "sdtype": "categorical"
        },
        "Education_0": {
            "sdtype": "categorical"
        },
        "Education_1": {
            "sdtype": "categorical"
        },
        "Self_Employed_0": {
            "sdtype": "categorical"
        },
        "Self_Employed_1": {
            "sdtype": "categorical"
        },
        "ApplicantIncome": {
            "sdtype": "numerical"
        },
        "CoapplicantIncome": {
            "sdtype": "numerical"
        },
        "LoanAmount": {
            "sdtype": "numerical"
        },
        "Loan_Amount_Term": {
            "sdtype": "categorical"
        },
        "Credit_History": {
            "sdtype": "categorical"
        },
        "Property_Area_0": {
            "sdtype": "categorical"
        },
        "Property_Area_1": {
            "sdtype": "categorical"
        },
        "Loan_Status": {
            "sdtype": "categorical"
        }
    },
    "METADATA_SPEC_VERSION": "SINGLE_TABLE_V1"
}
2025-04-23 01:12:29,237 - INFO - [SYNTHETIC] Preparing synthesizer: CTGAN
2025-04-23 01:12:29,237 - INFO - [SYNTHETIC] Params from config: {'epochs': 300}
2025-04-23 01:12:29,237 - INFO - [SYNTHETIC] Found existing CTGAN synthesizer: /mnt/NVMETank/Projects/Students/Dele/A-STUDY-INTO-THE-QUALITY-AND-USABILITY-OF-PRIVACY-FRIENDLY-SYNTHETIC-DATA/artifacts/synthesizers/loan_CTGAN_epochs300_synthesizer.pkl
2025-04-23 01:12:29,530 - INFO - {'EVENT': 'Load', 'TIMESTAMP': datetime.datetime(2025, 4, 23, 1, 12, 29, 530119), 'SYNTHESIZER CLASS NAME': 'CTGANSynthesizer', 'SYNTHESIZER ID': 'CTGANSynthesizer_1.18.0_97c9085524124f81aeafaf280214a2dd'}
2025-04-23 01:12:29,530 - INFO - [SYNTHETIC] Preparing synthesizer: GaussianCopula
2025-04-23 01:12:29,530 - INFO - [SYNTHETIC] Params from config: {}
2025-04-23 01:12:29,530 - INFO - [SYNTHETIC] Found existing GaussianCopula synthesizer: /mnt/NVMETank/Projects/Students/Dele/A-STUDY-INTO-THE-QUALITY-AND-USABILITY-OF-PRIVACY-FRIENDLY-SYNTHETIC-DATA/artifacts/synthesizers/loan_GaussianCopula_synthesizer.pkl
2025-04-23 01:12:29,548 - INFO - {'EVENT': 'Load', 'TIMESTAMP': datetime.datetime(2025, 4, 23, 1, 12, 29, 548014), 'SYNTHESIZER CLASS NAME': 'GaussianCopulaSynthesizer', 'SYNTHESIZER ID': 'GaussianCopulaSynthesizer_1.18.0_8e141db798904f598b5c097271c7386b'}
2025-04-23 01:12:29,548 - INFO - [SYNTHETIC] Preparing synthesizer: TVAE
2025-04-23 01:12:29,548 - INFO - [SYNTHETIC] Params from config: {'epochs': 300}
2025-04-23 01:12:29,548 - INFO - [SYNTHETIC] Found existing TVAE synthesizer: /mnt/NVMETank/Projects/Students/Dele/A-STUDY-INTO-THE-QUALITY-AND-USABILITY-OF-PRIVACY-FRIENDLY-SYNTHETIC-DATA/artifacts/synthesizers/loan_TVAE_epochs300_synthesizer.pkl
2025-04-23 01:12:29,582 - INFO - {'EVENT': 'Load', 'TIMESTAMP': datetime.datetime(2025, 4, 23, 1, 12, 29, 582709), 'SYNTHESIZER CLASS NAME': 'TVAESynthesizer', 'SYNTHESIZER ID': 'TVAESynthesizer_1.18.0_aac70ba2ffb14e768562170785d5f7cf'}
2025-04-23 01:12:29,582 - INFO - [SYNTHETIC] Using CTGAN to generate 336 rows...
2025-04-23 01:12:29,831 - INFO - {'EVENT': 'Sample', 'TIMESTAMP': datetime.datetime(2025, 4, 23, 1, 12, 29, 583055), 'SYNTHESIZER CLASS NAME': 'CTGANSynthesizer', 'SYNTHESIZER ID': 'CTGANSynthesizer_1.18.0_97c9085524124f81aeafaf280214a2dd', 'TOTAL NUMBER OF TABLES': 1, 'TOTAL NUMBER OF ROWS': 336, 'TOTAL NUMBER OF COLUMNS': 28}
2025-04-23 01:12:29,831 - INFO - [SYNTHETIC] CTGAN completed: 336 rows generated.
2025-04-23 01:12:29,832 - INFO - [SYNTHETIC] Target class distribution for CTGAN: {'Y': 244, 'N': 92}
2025-04-23 01:12:29,832 - INFO - [SYNTHETIC] Using GaussianCopula to generate 336 rows...
2025-04-23 01:12:29,907 - INFO - {'EVENT': 'Sample', 'TIMESTAMP': datetime.datetime(2025, 4, 23, 1, 12, 29, 832356), 'SYNTHESIZER CLASS NAME': 'GaussianCopulaSynthesizer', 'SYNTHESIZER ID': 'GaussianCopulaSynthesizer_1.18.0_8e141db798904f598b5c097271c7386b', 'TOTAL NUMBER OF TABLES': 1, 'TOTAL NUMBER OF ROWS': 336, 'TOTAL NUMBER OF COLUMNS': 28}
2025-04-23 01:12:29,907 - INFO - [SYNTHETIC] GaussianCopula completed: 336 rows generated.
2025-04-23 01:12:29,907 - INFO - [SYNTHETIC] Target class distribution for GaussianCopula: {'Y': 222, 'N': 114}
2025-04-23 01:12:29,907 - INFO - [SYNTHETIC] Using TVAE to generate 336 rows...
2025-04-23 01:12:30,006 - INFO - {'EVENT': 'Sample', 'TIMESTAMP': datetime.datetime(2025, 4, 23, 1, 12, 29, 907969), 'SYNTHESIZER CLASS NAME': 'TVAESynthesizer', 'SYNTHESIZER ID': 'TVAESynthesizer_1.18.0_aac70ba2ffb14e768562170785d5f7cf', 'TOTAL NUMBER OF TABLES': 1, 'TOTAL NUMBER OF ROWS': 336, 'TOTAL NUMBER OF COLUMNS': 28}
2025-04-23 01:12:30,006 - INFO - [SYNTHETIC] TVAE completed: 336 rows generated.
2025-04-23 01:12:30,006 - INFO - [SYNTHETIC] Target class distribution for TVAE: {'Y': 310, 'N': 26}
2025-04-23 01:12:30,007 - INFO - [SYNTHETIC PIPELINE] Synthetic Data Generation Completed.
2025-04-23 01:12:30,007 - INFO - [SYNTHETIC PIPELINE] Synthesizers used: ['CTGAN', 'GaussianCopula', 'TVAE']
2025-04-23 01:12:30,007 - INFO - [SYNTHETIC PIPELINE] Evaluating synthetic dataset generated by CTGAN...
2025-04-23 01:12:30,007 - INFO - [SYNTHETIC EVAL] Real data columns     (28): ['Loan_ID_0', 'Loan_ID_1', 'Loan_ID_2', 'Loan_ID_3', 'Loan_ID_4', 'Loan_ID_5', 'Loan_ID_6', 'Loan_ID_7', 'Loan_ID_8', 'Gender_0', 'Gender_1', 'Married_0', 'Married_1', 'Dependents_0', 'Dependents_1', 'Dependents_2', 'Education_0', 'Education_1', 'Self_Employed_0', 'Self_Employed_1', 'ApplicantIncome', 'CoapplicantIncome', 'LoanAmount', 'Loan_Amount_Term', 'Credit_History', 'Property_Area_0', 'Property_Area_1', 'Loan_Status']
2025-04-23 01:12:30,007 - INFO - [SYNTHETIC EVAL] Synthetic data columns (28): ['Loan_ID_0', 'Loan_ID_1', 'Loan_ID_2', 'Loan_ID_3', 'Loan_ID_4', 'Loan_ID_5', 'Loan_ID_6', 'Loan_ID_7', 'Loan_ID_8', 'Gender_0', 'Gender_1', 'Married_0', 'Married_1', 'Dependents_0', 'Dependents_1', 'Dependents_2', 'Education_0', 'Education_1', 'Self_Employed_0', 'Self_Employed_1', 'ApplicantIncome', 'CoapplicantIncome', 'LoanAmount', 'Loan_Amount_Term', 'Credit_History', 'Property_Area_0', 'Property_Area_1', 'Loan_Status']
2025-04-23 01:12:30,007 - INFO - [SYNTHETIC EVAL] Metadata columns      (28): ['Loan_ID_0', 'Loan_ID_1', 'Loan_ID_2', 'Loan_ID_3', 'Loan_ID_4', 'Loan_ID_5', 'Loan_ID_6', 'Loan_ID_7', 'Loan_ID_8', 'Gender_0', 'Gender_1', 'Married_0', 'Married_1', 'Dependents_0', 'Dependents_1', 'Dependents_2', 'Education_0', 'Education_1', 'Self_Employed_0', 'Self_Employed_1', 'ApplicantIncome', 'CoapplicantIncome', 'LoanAmount', 'Loan_Amount_Term', 'Credit_History', 'Property_Area_0', 'Property_Area_1', 'Loan_Status']
2025-04-23 01:12:30,007 - INFO - [SYNTHETIC EVAL] Shape — Real: (336, 28), Synthetic: (336, 28)
2025-04-23 01:12:30,008 - INFO - [SYNTHETIC EVAL] Metadata structure:
{
  "columns": {
    "Loan_ID_0": {
      "sdtype": "categorical"
    },
    "Loan_ID_1": {
      "sdtype": "categorical"
    },
    "Loan_ID_2": {
      "sdtype": "categorical"
    },
    "Loan_ID_3": {
      "sdtype": "categorical"
    },
    "Loan_ID_4": {
      "sdtype": "categorical"
    },
    "Loan_ID_5": {
      "sdtype": "categorical"
    },
    "Loan_ID_6": {
      "sdtype": "categorical"
    },
    "Loan_ID_7": {
      "sdtype": "categorical"
    },
    "Loan_ID_8": {
      "sdtype": "categorical"
    },
    "Gender_0": {
      "sdtype": "categorical"
    },
    "Gender_1": {
      "sdtype": "categorical"
    },
    "Married_0": {
      "sdtype": "categorical"
    },
    "Married_1": {
      "sdtype": "categorical"
    },
    "Dependents_0": {
      "sdtype": "categorical"
    },
    "Dependents_1": {
      "sdtype": "categorical"
    },
    "Dependents_2": {
      "sdtype": "categorical"
    },
    "Education_0": {
      "sdtype": "categorical"
    },
    "Education_1": {
      "sdtype": "categorical"
    },
    "Self_Employed_0": {
      "sdtype": "categorical"
    },
    "Self_Employed_1": {
      "sdtype": "categorical"
    },
    "ApplicantIncome": {
      "sdtype": "numerical"
    },
    "CoapplicantIncome": {
      "sdtype": "numerical"
    },
    "LoanAmount": {
      "sdtype": "numerical"
    },
    "Loan_Amount_Term": {
      "sdtype": "categorical"
    },
    "Credit_History": {
      "sdtype": "categorical"
    },
    "Property_Area_0": {
      "sdtype": "categorical"
    },
    "Property_Area_1": {
      "sdtype": "categorical"
    },
    "Loan_Status": {
      "sdtype": "categorical"
    }
  },
  "METADATA_SPEC_VERSION": "SINGLE_TABLE_V1"
}
2025-04-23 01:12:30,747 - INFO - [SYNTHETIC PIPELINE] Evaluating synthetic dataset generated by GaussianCopula...
2025-04-23 01:12:30,748 - INFO - [SYNTHETIC EVAL] Real data columns     (28): ['Loan_ID_0', 'Loan_ID_1', 'Loan_ID_2', 'Loan_ID_3', 'Loan_ID_4', 'Loan_ID_5', 'Loan_ID_6', 'Loan_ID_7', 'Loan_ID_8', 'Gender_0', 'Gender_1', 'Married_0', 'Married_1', 'Dependents_0', 'Dependents_1', 'Dependents_2', 'Education_0', 'Education_1', 'Self_Employed_0', 'Self_Employed_1', 'ApplicantIncome', 'CoapplicantIncome', 'LoanAmount', 'Loan_Amount_Term', 'Credit_History', 'Property_Area_0', 'Property_Area_1', 'Loan_Status']
2025-04-23 01:12:30,748 - INFO - [SYNTHETIC EVAL] Synthetic data columns (28): ['Loan_ID_0', 'Loan_ID_1', 'Loan_ID_2', 'Loan_ID_3', 'Loan_ID_4', 'Loan_ID_5', 'Loan_ID_6', 'Loan_ID_7', 'Loan_ID_8', 'Gender_0', 'Gender_1', 'Married_0', 'Married_1', 'Dependents_0', 'Dependents_1', 'Dependents_2', 'Education_0', 'Education_1', 'Self_Employed_0', 'Self_Employed_1', 'ApplicantIncome', 'CoapplicantIncome', 'LoanAmount', 'Loan_Amount_Term', 'Credit_History', 'Property_Area_0', 'Property_Area_1', 'Loan_Status']
2025-04-23 01:12:30,748 - INFO - [SYNTHETIC EVAL] Metadata columns      (28): ['Loan_ID_0', 'Loan_ID_1', 'Loan_ID_2', 'Loan_ID_3', 'Loan_ID_4', 'Loan_ID_5', 'Loan_ID_6', 'Loan_ID_7', 'Loan_ID_8', 'Gender_0', 'Gender_1', 'Married_0', 'Married_1', 'Dependents_0', 'Dependents_1', 'Dependents_2', 'Education_0', 'Education_1', 'Self_Employed_0', 'Self_Employed_1', 'ApplicantIncome', 'CoapplicantIncome', 'LoanAmount', 'Loan_Amount_Term', 'Credit_History', 'Property_Area_0', 'Property_Area_1', 'Loan_Status']
2025-04-23 01:12:30,748 - INFO - [SYNTHETIC EVAL] Shape — Real: (336, 28), Synthetic: (336, 28)
2025-04-23 01:12:30,748 - INFO - [SYNTHETIC EVAL] Metadata structure:
{
  "columns": {
    "Loan_ID_0": {
      "sdtype": "categorical"
    },
    "Loan_ID_1": {
      "sdtype": "categorical"
    },
    "Loan_ID_2": {
      "sdtype": "categorical"
    },
    "Loan_ID_3": {
      "sdtype": "categorical"
    },
    "Loan_ID_4": {
      "sdtype": "categorical"
    },
    "Loan_ID_5": {
      "sdtype": "categorical"
    },
    "Loan_ID_6": {
      "sdtype": "categorical"
    },
    "Loan_ID_7": {
      "sdtype": "categorical"
    },
    "Loan_ID_8": {
      "sdtype": "categorical"
    },
    "Gender_0": {
      "sdtype": "categorical"
    },
    "Gender_1": {
      "sdtype": "categorical"
    },
    "Married_0": {
      "sdtype": "categorical"
    },
    "Married_1": {
      "sdtype": "categorical"
    },
    "Dependents_0": {
      "sdtype": "categorical"
    },
    "Dependents_1": {
      "sdtype": "categorical"
    },
    "Dependents_2": {
      "sdtype": "categorical"
    },
    "Education_0": {
      "sdtype": "categorical"
    },
    "Education_1": {
      "sdtype": "categorical"
    },
    "Self_Employed_0": {
      "sdtype": "categorical"
    },
    "Self_Employed_1": {
      "sdtype": "categorical"
    },
    "ApplicantIncome": {
      "sdtype": "numerical"
    },
    "CoapplicantIncome": {
      "sdtype": "numerical"
    },
    "LoanAmount": {
      "sdtype": "numerical"
    },
    "Loan_Amount_Term": {
      "sdtype": "categorical"
    },
    "Credit_History": {
      "sdtype": "categorical"
    },
    "Property_Area_0": {
      "sdtype": "categorical"
    },
    "Property_Area_1": {
      "sdtype": "categorical"
    },
    "Loan_Status": {
      "sdtype": "categorical"
    }
  },
  "METADATA_SPEC_VERSION": "SINGLE_TABLE_V1"
}
2025-04-23 01:12:31,483 - INFO - [SYNTHETIC PIPELINE] Evaluating synthetic dataset generated by TVAE...
2025-04-23 01:12:31,483 - INFO - [SYNTHETIC EVAL] Real data columns     (28): ['Loan_ID_0', 'Loan_ID_1', 'Loan_ID_2', 'Loan_ID_3', 'Loan_ID_4', 'Loan_ID_5', 'Loan_ID_6', 'Loan_ID_7', 'Loan_ID_8', 'Gender_0', 'Gender_1', 'Married_0', 'Married_1', 'Dependents_0', 'Dependents_1', 'Dependents_2', 'Education_0', 'Education_1', 'Self_Employed_0', 'Self_Employed_1', 'ApplicantIncome', 'CoapplicantIncome', 'LoanAmount', 'Loan_Amount_Term', 'Credit_History', 'Property_Area_0', 'Property_Area_1', 'Loan_Status']
2025-04-23 01:12:31,483 - INFO - [SYNTHETIC EVAL] Synthetic data columns (28): ['Loan_ID_0', 'Loan_ID_1', 'Loan_ID_2', 'Loan_ID_3', 'Loan_ID_4', 'Loan_ID_5', 'Loan_ID_6', 'Loan_ID_7', 'Loan_ID_8', 'Gender_0', 'Gender_1', 'Married_0', 'Married_1', 'Dependents_0', 'Dependents_1', 'Dependents_2', 'Education_0', 'Education_1', 'Self_Employed_0', 'Self_Employed_1', 'ApplicantIncome', 'CoapplicantIncome', 'LoanAmount', 'Loan_Amount_Term', 'Credit_History', 'Property_Area_0', 'Property_Area_1', 'Loan_Status']
2025-04-23 01:12:31,483 - INFO - [SYNTHETIC EVAL] Metadata columns      (28): ['Loan_ID_0', 'Loan_ID_1', 'Loan_ID_2', 'Loan_ID_3', 'Loan_ID_4', 'Loan_ID_5', 'Loan_ID_6', 'Loan_ID_7', 'Loan_ID_8', 'Gender_0', 'Gender_1', 'Married_0', 'Married_1', 'Dependents_0', 'Dependents_1', 'Dependents_2', 'Education_0', 'Education_1', 'Self_Employed_0', 'Self_Employed_1', 'ApplicantIncome', 'CoapplicantIncome', 'LoanAmount', 'Loan_Amount_Term', 'Credit_History', 'Property_Area_0', 'Property_Area_1', 'Loan_Status']
2025-04-23 01:12:31,483 - INFO - [SYNTHETIC EVAL] Shape — Real: (336, 28), Synthetic: (336, 28)
2025-04-23 01:12:31,483 - INFO - [SYNTHETIC EVAL] Metadata structure:
{
  "columns": {
    "Loan_ID_0": {
      "sdtype": "categorical"
    },
    "Loan_ID_1": {
      "sdtype": "categorical"
    },
    "Loan_ID_2": {
      "sdtype": "categorical"
    },
    "Loan_ID_3": {
      "sdtype": "categorical"
    },
    "Loan_ID_4": {
      "sdtype": "categorical"
    },
    "Loan_ID_5": {
      "sdtype": "categorical"
    },
    "Loan_ID_6": {
      "sdtype": "categorical"
    },
    "Loan_ID_7": {
      "sdtype": "categorical"
    },
    "Loan_ID_8": {
      "sdtype": "categorical"
    },
    "Gender_0": {
      "sdtype": "categorical"
    },
    "Gender_1": {
      "sdtype": "categorical"
    },
    "Married_0": {
      "sdtype": "categorical"
    },
    "Married_1": {
      "sdtype": "categorical"
    },
    "Dependents_0": {
      "sdtype": "categorical"
    },
    "Dependents_1": {
      "sdtype": "categorical"
    },
    "Dependents_2": {
      "sdtype": "categorical"
    },
    "Education_0": {
      "sdtype": "categorical"
    },
    "Education_1": {
      "sdtype": "categorical"
    },
    "Self_Employed_0": {
      "sdtype": "categorical"
    },
    "Self_Employed_1": {
      "sdtype": "categorical"
    },
    "ApplicantIncome": {
      "sdtype": "numerical"
    },
    "CoapplicantIncome": {
      "sdtype": "numerical"
    },
    "LoanAmount": {
      "sdtype": "numerical"
    },
    "Loan_Amount_Term": {
      "sdtype": "categorical"
    },
    "Credit_History": {
      "sdtype": "categorical"
    },
    "Property_Area_0": {
      "sdtype": "categorical"
    },
    "Property_Area_1": {
      "sdtype": "categorical"
    },
    "Loan_Status": {
      "sdtype": "categorical"
    }
  },
  "METADATA_SPEC_VERSION": "SINGLE_TABLE_V1"
}
2025-04-23 01:12:32,247 - INFO -  [SYNTHETIC PIPELINE]  Synthetic Data Evaluation Completed.
2025-04-23 01:12:32,255 - INFO -  [SYNTHETIC PIPELINE] Synthetic Data Report Generated Successfully.
2025-04-23 01:12:32,393 - INFO - Synthetic data generated with 3 synthesizer(s).
2025-04-23 01:12:32,393 - INFO - Hybrid Pipeline skipped (disabled in configuration).
2025-04-23 01:12:32,393 - INFO - Starting Utility...
2025-04-23 01:12:32,393 - INFO - [UTILITY] Preparing datasets for machine learning...
2025-04-23 01:12:32,393 - INFO - [UTILITY] Original Data - Training Size: 336, Testing Size: 144
2025-04-23 01:12:32,394 - INFO - [UTILITY] Target class distribution (Original): {'Y': 232, 'N': 104}
2025-04-23 01:12:32,394 - INFO - [UTILITY] Processing synthetic dataset generated by CTGAN...
2025-04-23 01:12:32,395 - INFO - [UTILITY] Synthetic Data (CTGAN) - Training Size: 336
2025-04-23 01:12:32,395 - INFO - [UTILITY] Target class distribution (CTGAN): {'Y': 244, 'N': 92}
2025-04-23 01:12:32,396 - INFO - [UTILITY] Processing synthetic dataset generated by GaussianCopula...
2025-04-23 01:12:32,396 - INFO - [UTILITY] Synthetic Data (GaussianCopula) - Training Size: 336
2025-04-23 01:12:32,397 - INFO - [UTILITY] Target class distribution (GaussianCopula): {'Y': 222, 'N': 114}
2025-04-23 01:12:32,397 - INFO - [UTILITY] Processing synthetic dataset generated by TVAE...
2025-04-23 01:12:32,398 - INFO - [UTILITY] Synthetic Data (TVAE) - Training Size: 336
2025-04-23 01:12:32,398 - INFO - [UTILITY] Target class distribution (TVAE): {'Y': 310, 'N': 26}
2025-04-23 01:12:32,398 - INFO - [UTILITY] Training models on all datasets...
2025-04-23 01:12:32,398 - INFO - [UTILITY] Total datasets used for training: 4
2025-04-23 01:12:32,398 - INFO - [TRAINING] Training models from scratch...
2025-04-23 01:12:32,399 - INFO - [TRAINING] Starting training for dataset: Original — Rows: 336, Features: 27
2025-04-23 01:12:32,399 - INFO - [TRAINING] Training DecisionTree on Original...
2025-04-23 01:12:32,402 - INFO - [TRAINING] DecisionTree trained successfully on Original in 0.00 sec
2025-04-23 01:12:32,402 - INFO - [TRAINING] Training KNN on Original...
2025-04-23 01:12:32,404 - INFO - [TRAINING] KNN trained successfully on Original in 0.00 sec
2025-04-23 01:12:32,404 - INFO - [TRAINING] Training LogisticRegression on Original...
2025-04-23 01:12:32,427 - INFO - [TRAINING] LogisticRegression trained successfully on Original in 0.02 sec
2025-04-23 01:12:32,427 - INFO - [TRAINING] Training RandomForest on Original...
2025-04-23 01:12:32,548 - INFO - [TRAINING] RandomForest trained successfully on Original in 0.12 sec
2025-04-23 01:12:32,548 - INFO - [TRAINING] Training SVM on Original...
2025-04-23 01:12:32,555 - INFO - [TRAINING] SVM trained successfully on Original in 0.01 sec
2025-04-23 01:12:32,555 - INFO - [TRAINING] Finished training 5 model(s) for dataset: Original
2025-04-23 01:12:32,555 - INFO - [TRAINING] Starting training for dataset: CTGAN — Rows: 336, Features: 27
2025-04-23 01:12:32,555 - INFO - [TRAINING] Training DecisionTree on CTGAN...
2025-04-23 01:12:32,558 - INFO - [TRAINING] DecisionTree trained successfully on CTGAN in 0.00 sec
2025-04-23 01:12:32,558 - INFO - [TRAINING] Training KNN on CTGAN...
2025-04-23 01:12:32,560 - INFO - [TRAINING] KNN trained successfully on CTGAN in 0.00 sec
2025-04-23 01:12:32,560 - INFO - [TRAINING] Training LogisticRegression on CTGAN...
2025-04-23 01:12:32,564 - INFO - [TRAINING] LogisticRegression trained successfully on CTGAN in 0.00 sec
2025-04-23 01:12:32,564 - INFO - [TRAINING] Training RandomForest on CTGAN...
2025-04-23 01:12:32,657 - INFO - [TRAINING] RandomForest trained successfully on CTGAN in 0.09 sec
2025-04-23 01:12:32,658 - INFO - [TRAINING] Training SVM on CTGAN...
2025-04-23 01:12:32,662 - INFO - [TRAINING] SVM trained successfully on CTGAN in 0.00 sec
2025-04-23 01:12:32,662 - INFO - [TRAINING] Finished training 5 model(s) for dataset: CTGAN
2025-04-23 01:12:32,662 - INFO - [TRAINING] Starting training for dataset: GaussianCopula — Rows: 336, Features: 27
2025-04-23 01:12:32,662 - INFO - [TRAINING] Training DecisionTree on GaussianCopula...
2025-04-23 01:12:32,664 - INFO - [TRAINING] DecisionTree trained successfully on GaussianCopula in 0.00 sec
2025-04-23 01:12:32,664 - INFO - [TRAINING] Training KNN on GaussianCopula...
2025-04-23 01:12:32,665 - INFO - [TRAINING] KNN trained successfully on GaussianCopula in 0.00 sec
2025-04-23 01:12:32,665 - INFO - [TRAINING] Training LogisticRegression on GaussianCopula...
2025-04-23 01:12:32,668 - INFO - [TRAINING] LogisticRegression trained successfully on GaussianCopula in 0.00 sec
2025-04-23 01:12:32,668 - INFO - [TRAINING] Training RandomForest on GaussianCopula...
2025-04-23 01:12:32,764 - INFO - [TRAINING] RandomForest trained successfully on GaussianCopula in 0.10 sec
2025-04-23 01:12:32,765 - INFO - [TRAINING] Training SVM on GaussianCopula...
2025-04-23 01:12:32,769 - INFO - [TRAINING] SVM trained successfully on GaussianCopula in 0.00 sec
2025-04-23 01:12:32,769 - INFO - [TRAINING] Finished training 5 model(s) for dataset: GaussianCopula
2025-04-23 01:12:32,769 - INFO - [TRAINING] Starting training for dataset: TVAE — Rows: 336, Features: 27
2025-04-23 01:12:32,769 - INFO - [TRAINING] Training DecisionTree on TVAE...
2025-04-23 01:12:32,771 - INFO - [TRAINING] DecisionTree trained successfully on TVAE in 0.00 sec
2025-04-23 01:12:32,771 - INFO - [TRAINING] Training KNN on TVAE...
2025-04-23 01:12:32,772 - INFO - [TRAINING] KNN trained successfully on TVAE in 0.00 sec
2025-04-23 01:12:32,772 - INFO - [TRAINING] Training LogisticRegression on TVAE...
2025-04-23 01:12:32,778 - INFO - [TRAINING] LogisticRegression trained successfully on TVAE in 0.01 sec
2025-04-23 01:12:32,778 - INFO - [TRAINING] Training RandomForest on TVAE...
2025-04-23 01:12:32,864 - INFO - [TRAINING] RandomForest trained successfully on TVAE in 0.09 sec
2025-04-23 01:12:32,864 - INFO - [TRAINING] Training SVM on TVAE...
2025-04-23 01:12:32,866 - INFO - [TRAINING] SVM trained successfully on TVAE in 0.00 sec
2025-04-23 01:12:32,866 - INFO - [TRAINING] Finished training 5 model(s) for dataset: TVAE
2025-04-23 01:12:32,866 - INFO - [TRAINING] Total models trained across all datasets: 20
2025-04-23 01:12:32,866 - INFO - [UTILITY] Trained model names: ['Original', 'CTGAN', 'GaussianCopula', 'TVAE']
2025-04-23 01:12:32,866 - INFO - [UTILITY] Model Training Completed.
2025-04-23 01:12:32,866 - INFO - Starting the Evaluating of models...
2025-04-23 01:12:32,866 - INFO - Preparing evaluation for model 'DecisionTree' across all datasets...
2025-04-23 01:12:32,867 - INFO - Evaluating DecisionTree on Original...
2025-04-23 01:12:32,868 - INFO - Predictions completed for DecisionTree on Original
2025-04-23 01:12:32,868 - INFO - Prediction distribution for DecisionTree on Original: {'Y': 97, 'N': 47}
2025-04-23 01:12:32,882 - INFO - Computed 8 metric(s) for DecisionTree on Original
2025-04-23 01:12:32,882 - INFO - Evaluating DecisionTree on CTGAN...
2025-04-23 01:12:32,883 - INFO - Predictions completed for DecisionTree on CTGAN
2025-04-23 01:12:32,884 - INFO - Prediction distribution for DecisionTree on CTGAN: {'Y': 124, 'N': 20}
2025-04-23 01:12:32,892 - INFO - Computed 8 metric(s) for DecisionTree on CTGAN
2025-04-23 01:12:32,892 - INFO - Evaluating DecisionTree on GaussianCopula...
2025-04-23 01:12:32,893 - INFO - Predictions completed for DecisionTree on GaussianCopula
2025-04-23 01:12:32,893 - INFO - Prediction distribution for DecisionTree on GaussianCopula: {'Y': 102, 'N': 42}
2025-04-23 01:12:32,901 - INFO - Computed 8 metric(s) for DecisionTree on GaussianCopula
2025-04-23 01:12:32,901 - INFO - Evaluating DecisionTree on TVAE...
2025-04-23 01:12:32,902 - INFO - Predictions completed for DecisionTree on TVAE
2025-04-23 01:12:32,903 - INFO - Prediction distribution for DecisionTree on TVAE: {'Y': 140, 'N': 4}
2025-04-23 01:12:32,911 - INFO - Computed 8 metric(s) for DecisionTree on TVAE
2025-04-23 01:12:32,911 - INFO - Preparing evaluation for model 'KNN' across all datasets...
2025-04-23 01:12:32,911 - INFO - Evaluating KNN on Original...
2025-04-23 01:12:32,944 - INFO - Predictions completed for KNN on Original
2025-04-23 01:12:32,944 - INFO - Prediction distribution for KNN on Original: {'Y': 115, 'N': 29}
2025-04-23 01:12:32,956 - INFO - Computed 8 metric(s) for KNN on Original
2025-04-23 01:12:32,956 - INFO - Evaluating KNN on CTGAN...
2025-04-23 01:12:32,962 - INFO - Predictions completed for KNN on CTGAN
2025-04-23 01:12:32,962 - INFO - Prediction distribution for KNN on CTGAN: {'Y': 120, 'N': 24}
2025-04-23 01:12:32,973 - INFO - Computed 8 metric(s) for KNN on CTGAN
2025-04-23 01:12:32,973 - INFO - Evaluating KNN on GaussianCopula...
2025-04-23 01:12:32,978 - INFO - Predictions completed for KNN on GaussianCopula
2025-04-23 01:12:32,979 - INFO - Prediction distribution for KNN on GaussianCopula: {'Y': 122, 'N': 22}
2025-04-23 01:12:32,989 - INFO - Computed 8 metric(s) for KNN on GaussianCopula
2025-04-23 01:12:32,989 - INFO - Evaluating KNN on TVAE...
2025-04-23 01:12:32,995 - INFO - Predictions completed for KNN on TVAE
2025-04-23 01:12:32,995 - INFO - Prediction distribution for KNN on TVAE: {'Y': 144}
2025-04-23 01:12:32,995 - WARNING -  [WARNING] :KNN on TVAE predicted only one class: {'Y'}
2025-04-23 01:12:32,997 - WARNING - [UndefinedMetricWarning] Precision is ill-defined and being set to 0.0 in labels with no predicted samples. Use `zero_division` parameter to control this behavior. (from /mnt/NVMETank/Projects/Students/Dele/A-STUDY-INTO-THE-QUALITY-AND-USABILITY-OF-PRIVACY-FRIENDLY-SYNTHETIC-DATA/.venv/lib/python3.12/site-packages/sklearn/metrics/_classification.py:1565)
2025-04-23 01:12:32,998 - WARNING - [UndefinedMetricWarning] Precision is ill-defined and being set to 0.0 in labels with no predicted samples. Use `zero_division` parameter to control this behavior. (from /mnt/NVMETank/Projects/Students/Dele/A-STUDY-INTO-THE-QUALITY-AND-USABILITY-OF-PRIVACY-FRIENDLY-SYNTHETIC-DATA/.venv/lib/python3.12/site-packages/sklearn/metrics/_classification.py:1565)
2025-04-23 01:12:32,999 - WARNING - [UndefinedMetricWarning] Precision is ill-defined and being set to 0.0 in labels with no predicted samples. Use `zero_division` parameter to control this behavior. (from /mnt/NVMETank/Projects/Students/Dele/A-STUDY-INTO-THE-QUALITY-AND-USABILITY-OF-PRIVACY-FRIENDLY-SYNTHETIC-DATA/.venv/lib/python3.12/site-packages/sklearn/metrics/_classification.py:1565)
2025-04-23 01:12:33,006 - INFO - Computed 8 metric(s) for KNN on TVAE
2025-04-23 01:12:33,007 - INFO - Preparing evaluation for model 'LogisticRegression' across all datasets...
2025-04-23 01:12:33,007 - INFO - Evaluating LogisticRegression on Original...
2025-04-23 01:12:33,008 - INFO - Predictions completed for LogisticRegression on Original
2025-04-23 01:12:33,008 - INFO - Prediction distribution for LogisticRegression on Original: {'Y': 118, 'N': 26}
2025-04-23 01:12:33,017 - INFO - Computed 8 metric(s) for LogisticRegression on Original
2025-04-23 01:12:33,017 - INFO - Evaluating LogisticRegression on CTGAN...
2025-04-23 01:12:33,018 - INFO - Predictions completed for LogisticRegression on CTGAN
2025-04-23 01:12:33,018 - INFO - Prediction distribution for LogisticRegression on CTGAN: {'Y': 143, 'N': 1}
2025-04-23 01:12:33,027 - INFO - Computed 8 metric(s) for LogisticRegression on CTGAN
2025-04-23 01:12:33,027 - INFO - Evaluating LogisticRegression on GaussianCopula...
2025-04-23 01:12:33,028 - INFO - Predictions completed for LogisticRegression on GaussianCopula
2025-04-23 01:12:33,028 - INFO - Prediction distribution for LogisticRegression on GaussianCopula: {'Y': 135, 'N': 9}
2025-04-23 01:12:33,037 - INFO - Computed 8 metric(s) for LogisticRegression on GaussianCopula
2025-04-23 01:12:33,037 - INFO - Evaluating LogisticRegression on TVAE...
2025-04-23 01:12:33,038 - INFO - Predictions completed for LogisticRegression on TVAE
2025-04-23 01:12:33,038 - INFO - Prediction distribution for LogisticRegression on TVAE: {'Y': 139, 'N': 5}
2025-04-23 01:12:33,047 - INFO - Computed 8 metric(s) for LogisticRegression on TVAE
2025-04-23 01:12:33,047 - INFO - Preparing evaluation for model 'RandomForest' across all datasets...
2025-04-23 01:12:33,047 - INFO - Evaluating RandomForest on Original...
2025-04-23 01:12:33,052 - INFO - Predictions completed for RandomForest on Original
2025-04-23 01:12:33,052 - INFO - Prediction distribution for RandomForest on Original: {'Y': 115, 'N': 29}
2025-04-23 01:12:33,068 - INFO - Computed 8 metric(s) for RandomForest on Original
2025-04-23 01:12:33,068 - INFO - Evaluating RandomForest on CTGAN...
2025-04-23 01:12:33,074 - INFO - Predictions completed for RandomForest on CTGAN
2025-04-23 01:12:33,074 - INFO - Prediction distribution for RandomForest on CTGAN: {'Y': 143, 'N': 1}
2025-04-23 01:12:33,090 - INFO - Computed 8 metric(s) for RandomForest on CTGAN
2025-04-23 01:12:33,090 - INFO - Evaluating RandomForest on GaussianCopula...
2025-04-23 01:12:33,095 - INFO - Predictions completed for RandomForest on GaussianCopula
2025-04-23 01:12:33,095 - INFO - Prediction distribution for RandomForest on GaussianCopula: {'Y': 136, 'N': 8}
2025-04-23 01:12:33,112 - INFO - Computed 8 metric(s) for RandomForest on GaussianCopula
2025-04-23 01:12:33,112 - INFO - Evaluating RandomForest on TVAE...
2025-04-23 01:12:33,117 - INFO - Predictions completed for RandomForest on TVAE
2025-04-23 01:12:33,117 - INFO - Prediction distribution for RandomForest on TVAE: {'Y': 142, 'N': 2}
2025-04-23 01:12:33,133 - INFO - Computed 8 metric(s) for RandomForest on TVAE
2025-04-23 01:12:33,133 - INFO - Preparing evaluation for model 'SVM' across all datasets...
2025-04-23 01:12:33,133 - INFO - Evaluating SVM on Original...
2025-04-23 01:12:33,135 - INFO - Predictions completed for SVM on Original
2025-04-23 01:12:33,136 - INFO - Prediction distribution for SVM on Original: {'Y': 144}
2025-04-23 01:12:33,136 - WARNING -  [WARNING] :SVM on Original predicted only one class: {'Y'}
2025-04-23 01:12:33,137 - WARNING - [UndefinedMetricWarning] Precision is ill-defined and being set to 0.0 in labels with no predicted samples. Use `zero_division` parameter to control this behavior. (from /mnt/NVMETank/Projects/Students/Dele/A-STUDY-INTO-THE-QUALITY-AND-USABILITY-OF-PRIVACY-FRIENDLY-SYNTHETIC-DATA/.venv/lib/python3.12/site-packages/sklearn/metrics/_classification.py:1565)
2025-04-23 01:12:33,138 - WARNING - [UndefinedMetricWarning] Precision is ill-defined and being set to 0.0 in labels with no predicted samples. Use `zero_division` parameter to control this behavior. (from /mnt/NVMETank/Projects/Students/Dele/A-STUDY-INTO-THE-QUALITY-AND-USABILITY-OF-PRIVACY-FRIENDLY-SYNTHETIC-DATA/.venv/lib/python3.12/site-packages/sklearn/metrics/_classification.py:1565)
2025-04-23 01:12:33,140 - WARNING - [UndefinedMetricWarning] Precision is ill-defined and being set to 0.0 in labels with no predicted samples. Use `zero_division` parameter to control this behavior. (from /mnt/NVMETank/Projects/Students/Dele/A-STUDY-INTO-THE-QUALITY-AND-USABILITY-OF-PRIVACY-FRIENDLY-SYNTHETIC-DATA/.venv/lib/python3.12/site-packages/sklearn/metrics/_classification.py:1565)
2025-04-23 01:12:33,141 - INFO - Computed 8 metric(s) for SVM on Original
2025-04-23 01:12:33,141 - INFO - Evaluating SVM on CTGAN...
2025-04-23 01:12:33,144 - INFO - Predictions completed for SVM on CTGAN
2025-04-23 01:12:33,144 - INFO - Prediction distribution for SVM on CTGAN: {'Y': 144}
2025-04-23 01:12:33,144 - WARNING -  [WARNING] :SVM on CTGAN predicted only one class: {'Y'}
2025-04-23 01:12:33,146 - WARNING - [UndefinedMetricWarning] Precision is ill-defined and being set to 0.0 in labels with no predicted samples. Use `zero_division` parameter to control this behavior. (from /mnt/NVMETank/Projects/Students/Dele/A-STUDY-INTO-THE-QUALITY-AND-USABILITY-OF-PRIVACY-FRIENDLY-SYNTHETIC-DATA/.venv/lib/python3.12/site-packages/sklearn/metrics/_classification.py:1565)
2025-04-23 01:12:33,147 - WARNING - [UndefinedMetricWarning] Precision is ill-defined and being set to 0.0 in labels with no predicted samples. Use `zero_division` parameter to control this behavior. (from /mnt/NVMETank/Projects/Students/Dele/A-STUDY-INTO-THE-QUALITY-AND-USABILITY-OF-PRIVACY-FRIENDLY-SYNTHETIC-DATA/.venv/lib/python3.12/site-packages/sklearn/metrics/_classification.py:1565)
2025-04-23 01:12:33,148 - WARNING - [UndefinedMetricWarning] Precision is ill-defined and being set to 0.0 in labels with no predicted samples. Use `zero_division` parameter to control this behavior. (from /mnt/NVMETank/Projects/Students/Dele/A-STUDY-INTO-THE-QUALITY-AND-USABILITY-OF-PRIVACY-FRIENDLY-SYNTHETIC-DATA/.venv/lib/python3.12/site-packages/sklearn/metrics/_classification.py:1565)
2025-04-23 01:12:33,150 - INFO - Computed 8 metric(s) for SVM on CTGAN
2025-04-23 01:12:33,150 - INFO - Evaluating SVM on GaussianCopula...
2025-04-23 01:12:33,152 - INFO - Predictions completed for SVM on GaussianCopula
2025-04-23 01:12:33,152 - INFO - Prediction distribution for SVM on GaussianCopula: {'Y': 144}
2025-04-23 01:12:33,152 - WARNING -  [WARNING] :SVM on GaussianCopula predicted only one class: {'Y'}
2025-04-23 01:12:33,154 - WARNING - [UndefinedMetricWarning] Precision is ill-defined and being set to 0.0 in labels with no predicted samples. Use `zero_division` parameter to control this behavior. (from /mnt/NVMETank/Projects/Students/Dele/A-STUDY-INTO-THE-QUALITY-AND-USABILITY-OF-PRIVACY-FRIENDLY-SYNTHETIC-DATA/.venv/lib/python3.12/site-packages/sklearn/metrics/_classification.py:1565)
2025-04-23 01:12:33,155 - WARNING - [UndefinedMetricWarning] Precision is ill-defined and being set to 0.0 in labels with no predicted samples. Use `zero_division` parameter to control this behavior. (from /mnt/NVMETank/Projects/Students/Dele/A-STUDY-INTO-THE-QUALITY-AND-USABILITY-OF-PRIVACY-FRIENDLY-SYNTHETIC-DATA/.venv/lib/python3.12/site-packages/sklearn/metrics/_classification.py:1565)
2025-04-23 01:12:33,157 - WARNING - [UndefinedMetricWarning] Precision is ill-defined and being set to 0.0 in labels with no predicted samples. Use `zero_division` parameter to control this behavior. (from /mnt/NVMETank/Projects/Students/Dele/A-STUDY-INTO-THE-QUALITY-AND-USABILITY-OF-PRIVACY-FRIENDLY-SYNTHETIC-DATA/.venv/lib/python3.12/site-packages/sklearn/metrics/_classification.py:1565)
2025-04-23 01:12:33,158 - INFO - Computed 8 metric(s) for SVM on GaussianCopula
2025-04-23 01:12:33,158 - INFO - Evaluating SVM on TVAE...
2025-04-23 01:12:33,160 - INFO - Predictions completed for SVM on TVAE
2025-04-23 01:12:33,160 - INFO - Prediction distribution for SVM on TVAE: {'Y': 144}
2025-04-23 01:12:33,160 - WARNING -  [WARNING] :SVM on TVAE predicted only one class: {'Y'}
2025-04-23 01:12:33,161 - WARNING - [UndefinedMetricWarning] Precision is ill-defined and being set to 0.0 in labels with no predicted samples. Use `zero_division` parameter to control this behavior. (from /mnt/NVMETank/Projects/Students/Dele/A-STUDY-INTO-THE-QUALITY-AND-USABILITY-OF-PRIVACY-FRIENDLY-SYNTHETIC-DATA/.venv/lib/python3.12/site-packages/sklearn/metrics/_classification.py:1565)
2025-04-23 01:12:33,163 - WARNING - [UndefinedMetricWarning] Precision is ill-defined and being set to 0.0 in labels with no predicted samples. Use `zero_division` parameter to control this behavior. (from /mnt/NVMETank/Projects/Students/Dele/A-STUDY-INTO-THE-QUALITY-AND-USABILITY-OF-PRIVACY-FRIENDLY-SYNTHETIC-DATA/.venv/lib/python3.12/site-packages/sklearn/metrics/_classification.py:1565)
2025-04-23 01:12:33,164 - WARNING - [UndefinedMetricWarning] Precision is ill-defined and being set to 0.0 in labels with no predicted samples. Use `zero_division` parameter to control this behavior. (from /mnt/NVMETank/Projects/Students/Dele/A-STUDY-INTO-THE-QUALITY-AND-USABILITY-OF-PRIVACY-FRIENDLY-SYNTHETIC-DATA/.venv/lib/python3.12/site-packages/sklearn/metrics/_classification.py:1565)
2025-04-23 01:12:33,166 - INFO - Computed 8 metric(s) for SVM on TVAE
2025-04-23 01:12:33,169 - INFO - Evaluation completed for all models.
2025-04-23 01:12:33,169 - INFO - Model evaluation completed in 0.30 seconds.
2025-04-23 01:12:33,171 - INFO - Evaluated models: ['DecisionTree', 'KNN', 'LogisticRegression', 'RandomForest', 'SVM']
2025-04-23 01:12:33,171 - INFO - Model Training and Evaluation completed.
2025-04-23 01:12:33,734 - INFO -  Visualizations saved.
2025-04-23 01:12:33,734 - INFO -  Benchmarking Completed. Results saved in output folder.
