2025-04-22 19:05:48,264 - INFO - Loaded config file: configs/generated_configs/bankMarketing/bankMarketing_anon_k10_sl0p25_l2.yaml
2025-04-22 19:05:48,264 - INFO -  Benchmarking started for dataset: bankMarketing
2025-04-22 19:05:48,264 - INFO - Using dataset path: /mnt/NVMETank/Projects/Students/Dele/A-STUDY-INTO-THE-QUALITY-AND-USABILITY-OF-PRIVACY-FRIENDLY-SYNTHETIC-DATA/datasets/original/bankMarketing.csv
2025-04-22 19:05:48,264 - INFO - Target column: y, separator: ';'
2025-04-22 19:05:48,264 - INFO - Configuration loaded: enable_anonymization = True, enable_synthesis = False, enable_hybrid = True, enable_utility = True, delete_after_evaluation = False
2025-04-22 19:05:48,264 - INFO - Running preprocessing...
2025-04-22 19:05:48,269 - INFO -  [PREPROCESSING] Preprocessed files found. Skipping preprocessing.
2025-04-22 19:05:48,398 - INFO - Preprocessing completed. Rows before: 45211, after: 36168
2025-04-22 19:05:48,398 - INFO - Preprocessed data saved to: outputs/batch/bankMarketing_batch_2025-04-22_18-04-53/bankMarketing_anon_k10_sl0p25_l2/preprocessing_report.txt
2025-04-22 19:05:48,398 - INFO - enable_anonymization = True
2025-04-22 19:05:48,398 - INFO - Starting Anonymization Pipeline with output path: /mnt/NVMETank/Projects/Students/Dele/A-STUDY-INTO-THE-QUALITY-AND-USABILITY-OF-PRIVACY-FRIENDLY-SYNTHETIC-DATA/datasets/anonymized/bankMarketing_k10_l2_sup25_anonymized.csv.......
2025-04-22 19:05:48,402 - INFO -  [ANONYMIZATION] Executing run_anonymization, config_path : configs/generated_configs/bankMarketing/bankMarketing_anon_k10_sl0p25_l2.yaml...........
2025-04-22 19:05:48,402 - INFO -  [ANONYMIZATION] Using JAR file at /mnt/NVMETank/Projects/Students/Dele/A-STUDY-INTO-THE-QUALITY-AND-USABILITY-OF-PRIVACY-FRIENDLY-SYNTHETIC-DATA/src/anonymization/anonymARXij/bin/anonymARXij.jar to anonymize the dataset.
2025-04-22 19:05:49,818 - INFO -  [ANONYMIZATION] Anonimized file saved to : /mnt/NVMETank/Projects/Students/Dele/A-STUDY-INTO-THE-QUALITY-AND-USABILITY-OF-PRIVACY-FRIENDLY-SYNTHETIC-DATA/datasets/anonymized/bankMarketing_k10_l2_sup25_anonymized.csv
2025-04-22 19:05:49,818 - INFO -  [ANONYMIZATION] Java anonymization completed successfully.
2025-04-22 19:05:49,818 - INFO -  [ANONYMIZATION] Java STDOUT:
📄 Java received config path: /mnt/NVMETank/Projects/Students/Dele/A-STUDY-INTO-THE-QUALITY-AND-USABILITY-OF-PRIVACY-FRIENDLY-SYNTHETIC-DATA/configs/generated_configs/bankMarketing/bankMarketing_anon_k10_sl0p25_l2.yaml
🔹 Loading config from: /mnt/NVMETank/Projects/Students/Dele/A-STUDY-INTO-THE-QUALITY-AND-USABILITY-OF-PRIVACY-FRIENDLY-SYNTHETIC-DATA/configs/generated_configs/bankMarketing/bankMarketing_anon_k10_sl0p25_l2.yaml
Loading config from: /mnt/NVMETank/Projects/Students/Dele/A-STUDY-INTO-THE-QUALITY-AND-USABILITY-OF-PRIVACY-FRIENDLY-SYNTHETIC-DATA/configs/generated_configs/bankMarketing/bankMarketing_anon_k10_sl0p25_l2.yaml
📂 Dataset Path (from args): /mnt/NVMETank/Projects/Students/Dele/A-STUDY-INTO-THE-QUALITY-AND-USABILITY-OF-PRIVACY-FRIENDLY-SYNTHETIC-DATA/datasets/train/bankMarketing_train_raw.csv
🔹 Dataset Separator: ;
🔹 Suppression Limit: 0.25

🔹 Configured Attributes:
  ✅ Quasi-Identifier: age
  ✅ Quasi-Identifier: marital
  ✅ Quasi-Identifier: education
  ✅ Sensitive Attribute: balance
  ✅ Insensitive Attribute: contact
  ✅ Insensitive Attribute: pdays
  ✅ Insensitive Attribute: previous
  ✅ Insensitive Attribute: y

🔹 Defined Hierarchies:
  ✅ marital -> /mnt/NVMETank/Projects/Students/Dele/A-STUDY-INTO-THE-QUALITY-AND-USABILITY-OF-PRIVACY-FRIENDLY-SYNTHETIC-DATA/src/anonymization/anonymARXij/src/hierarchies_bankMarketing/marital.csv
  ✅ education -> /mnt/NVMETank/Projects/Students/Dele/A-STUDY-INTO-THE-QUALITY-AND-USABILITY-OF-PRIVACY-FRIENDLY-SYNTHETIC-DATA/src/anonymization/anonymARXij/src/hierarchies_bankMarketing/education.csv
  ✅ age -> /mnt/NVMETank/Projects/Students/Dele/A-STUDY-INTO-THE-QUALITY-AND-USABILITY-OF-PRIVACY-FRIENDLY-SYNTHETIC-DATA/src/anonymization/anonymARXij/src/hierarchies_bankMarketing/age.csv
Java is searching for hierarchy file at: /mnt/NVMETank/Projects/Students/Dele/A-STUDY-INTO-THE-QUALITY-AND-USABILITY-OF-PRIVACY-FRIENDLY-SYNTHETIC-DATA/src/anonymization/anonymARXij/src/hierarchies_bankMarketing/marital.csv
Java is searching for hierarchy file at: /mnt/NVMETank/Projects/Students/Dele/A-STUDY-INTO-THE-QUALITY-AND-USABILITY-OF-PRIVACY-FRIENDLY-SYNTHETIC-DATA/src/anonymization/anonymARXij/src/hierarchies_bankMarketing/education.csv
Java is searching for hierarchy file at: /mnt/NVMETank/Projects/Students/Dele/A-STUDY-INTO-THE-QUALITY-AND-USABILITY-OF-PRIVACY-FRIENDLY-SYNTHETIC-DATA/src/anonymization/anonymARXij/src/hierarchies_bankMarketing/age.csv
🔹 Privacy Models Configured
📂 Anonymized Output Path (from args): /mnt/NVMETank/Projects/Students/Dele/A-STUDY-INTO-THE-QUALITY-AND-USABILITY-OF-PRIVACY-FRIENDLY-SYNTHETIC-DATA/datasets/anonymized/bankMarketing_k10_l2_sup25_anonymized.csv
📂 Anonymized Output Path: /mnt/NVMETank/Projects/Students/Dele/A-STUDY-INTO-THE-QUALITY-AND-USABILITY-OF-PRIVACY-FRIENDLY-SYNTHETIC-DATA/datasets/anonymized/bankMarketing_k10_l2_sup25_anonymized.csv
✅ Anonymization completed. Output saved to: /mnt/NVMETank/Projects/Students/Dele/A-STUDY-INTO-THE-QUALITY-AND-USABILITY-OF-PRIVACY-FRIENDLY-SYNTHETIC-DATA/datasets/anonymized/bankMarketing_k10_l2_sup25_anonymized.csv
Anonymized Data Quality Metrics:
 - Ambiguity: 0.9957568350159173
 - AECS: 0.9930778347286761
 - Discernibility: 0.9746909380111327
 - Granularity: 0.9846702213214671
 - MSE: 0.9928250934925577
 - Non-Uniform Entropy: 0.71988779304031
 - Precision: 0.9137520275750203
 - Record-level SE: 0.9681397615724242
Equivalence Class Statistics:
 - Number of Classes: 118
 - Average Class Size: 305.53389830508473
Suppression Statistics:
 - Suppressed Records: 115
 - Suppression Percentage: 0.32%
2025-04-22 19:05:49,818 - INFO - Anonymized data saved to: /mnt/NVMETank/Projects/Students/Dele/A-STUDY-INTO-THE-QUALITY-AND-USABILITY-OF-PRIVACY-FRIENDLY-SYNTHETIC-DATA/datasets/anonymized/bankMarketing_k10_l2_sup25_anonymized.csv
2025-04-22 19:05:49,936 - INFO - Anonymous data report saved at: outputs/batch/bankMarketing_batch_2025-04-22_18-04-53/bankMarketing_anon_k10_sl0p25_l2/anonymous_data_report.txt
2025-04-22 19:05:49,936 - INFO -  [POSTPROCESSING] Postprocessing anonymized data: /mnt/NVMETank/Projects/Students/Dele/A-STUDY-INTO-THE-QUALITY-AND-USABILITY-OF-PRIVACY-FRIENDLY-SYNTHETIC-DATA/datasets/anonymized/bankMarketing_k10_l2_sup25_anonymized.csv
2025-04-22 19:05:49,966 - INFO -  [POSTPROCESSING] Loaded anonymized data: (36168, 17)
2025-04-22 19:05:50,044 - INFO -  [POSTPROCESSING] Loaded fallback maps from training data. Categorical cols: 10, Numeric cols: 7
2025-04-22 19:05:50,044 - INFO -  [POSTPROCESSING] Normalizing anonymized data using ARX artifact cleaning and fallback values.
2025-04-22 19:05:50,726 - INFO -  [POSTPROCESSING] Normalized anonymized data saved to: /mnt/NVMETank/Projects/Students/Dele/A-STUDY-INTO-THE-QUALITY-AND-USABILITY-OF-PRIVACY-FRIENDLY-SYNTHETIC-DATA/datasets/anonymized/bankMarketing_k10_l2_sup25_anonymized_processed.csv
2025-04-22 19:05:50,809 - INFO -  [POSTPROCESSING] Binary Encoding applied to anonymized data. Encoded shape: (36168, 32)
2025-04-22 19:05:50,959 - INFO -  [POSTPROCESSING] Encoded anonymized dataset saved to: /mnt/NVMETank/Projects/Students/Dele/A-STUDY-INTO-THE-QUALITY-AND-USABILITY-OF-PRIVACY-FRIENDLY-SYNTHETIC-DATA/datasets/anonymized/bankMarketing_k10_l2_sup25_anonymized_encoded.csv
2025-04-22 19:05:50,959 - INFO -  [POSTPROCESSING] Encoding map generated for anonymized data: 0 original categorical columns.
2025-04-22 19:05:50,961 - INFO - Postprocessing report saved at: outputs/batch/bankMarketing_batch_2025-04-22_18-04-53/bankMarketing_anon_k10_sl0p25_l2/postprocessing_report.txt
2025-04-22 19:05:50,961 - INFO - enable_synthetic_generation = False
2025-04-22 19:05:50,961 - INFO - Synthetic Data Generation Skipped (Disabled in Configuration).
2025-04-22 19:05:50,961 - INFO - Running Hybrid Pipeline...
2025-04-22 19:05:50,961 - INFO -  [HYBRID] Executing run_hybrid...
2025-04-22 19:05:50,961 - INFO -  [HYBRID] Looking for encoded anonymized data in /mnt/NVMETank/Projects/Students/Dele/A-STUDY-INTO-THE-QUALITY-AND-USABILITY-OF-PRIVACY-FRIENDLY-SYNTHETIC-DATA/datasets/anonymized/bankMarketing_k10_l2_sup25_anonymized_encoded.csv
2025-04-22 19:05:50,961 - INFO -  [HYBRID ] Loaded cached encoded anonymous data from /mnt/NVMETank/Projects/Students/Dele/A-STUDY-INTO-THE-QUALITY-AND-USABILITY-OF-PRIVACY-FRIENDLY-SYNTHETIC-DATA/datasets/anonymized/bankMarketing_k10_l2_sup25_anonymized_encoded.csv
2025-04-22 19:05:50,983 - INFO -  [HYBRID] Starting synthetic generation for hybrid pipeline...
2025-04-22 19:05:50,984 - INFO - Executing run_synthetic.....
2025-04-22 19:05:50,984 - INFO - [SYNTHETIC PIPELINE] executing run_synthetic for bankMarketing_k10_l2_sup25...
2025-04-22 19:05:50,984 - INFO - [SYNTHETIC] Processing dataset: bankMarketing_k10_l2_sup25
2025-04-22 19:05:50,984 - INFO - [SYNTHETIC] Original dataset size: 36168 rows
2025-04-22 19:05:51,018 - INFO - Detected metadata:
2025-04-22 19:05:51,018 - INFO - {
    "columns": {
        "age": {
            "sdtype": "numerical"
        },
        "job_0": {
            "sdtype": "categorical"
        },
        "job_1": {
            "sdtype": "categorical"
        },
        "job_2": {
            "sdtype": "categorical"
        },
        "job_3": {
            "sdtype": "categorical"
        },
        "marital_0": {
            "sdtype": "categorical"
        },
        "marital_1": {
            "sdtype": "categorical"
        },
        "education_0": {
            "sdtype": "categorical"
        },
        "education_1": {
            "sdtype": "categorical"
        },
        "education_2": {
            "sdtype": "categorical"
        },
        "default_0": {
            "sdtype": "categorical"
        },
        "default_1": {
            "sdtype": "categorical"
        },
        "balance": {
            "sdtype": "numerical"
        },
        "housing_0": {
            "sdtype": "categorical"
        },
        "housing_1": {
            "sdtype": "categorical"
        },
        "loan_0": {
            "sdtype": "categorical"
        },
        "loan_1": {
            "sdtype": "categorical"
        },
        "contact_0": {
            "sdtype": "categorical"
        },
        "contact_1": {
            "sdtype": "categorical"
        },
        "day": {
            "sdtype": "categorical"
        },
        "month_0": {
            "sdtype": "categorical"
        },
        "month_1": {
            "sdtype": "categorical"
        },
        "month_2": {
            "sdtype": "categorical"
        },
        "month_3": {
            "sdtype": "categorical"
        },
        "duration": {
            "sdtype": "categorical"
        },
        "campaign": {
            "sdtype": "categorical"
        },
        "pdays": {
            "sdtype": "numerical"
        },
        "previous": {
            "sdtype": "numerical"
        },
        "poutcome_0": {
            "sdtype": "categorical"
        },
        "poutcome_1": {
            "sdtype": "categorical"
        },
        "poutcome_2": {
            "sdtype": "categorical"
        },
        "y": {
            "sdtype": "categorical"
        }
    },
    "METADATA_SPEC_VERSION": "SINGLE_TABLE_V1"
}
2025-04-22 19:05:51,018 - INFO - [SYNTHETIC] Preparing synthesizer: CTGAN
2025-04-22 19:05:51,018 - INFO - [SYNTHETIC] Params from config: {'epochs': 300}
2025-04-22 19:05:51,019 - INFO -  [SYNTHETIC] No pre-trained synthesizer found
2025-04-22 19:05:51,019 - INFO - [SYNTHETIC] Training new CTGAN synthesizer from scratch...
2025-04-22 19:05:51,019 - WARNING - [FutureWarning] The 'SingleTableMetadata' is deprecated. Please use the new 'Metadata' class for synthesizers. (from /mnt/NVMETank/Projects/Students/Dele/A-STUDY-INTO-THE-QUALITY-AND-USABILITY-OF-PRIVACY-FRIENDLY-SYNTHETIC-DATA/.venv/lib/python3.12/site-packages/sdv/single_table/base.py:119)
2025-04-22 19:05:51,019 - WARNING - [UserWarning] We strongly recommend saving the metadata using 'save_to_json' for replicability in future SDV versions. (from /mnt/NVMETank/Projects/Students/Dele/A-STUDY-INTO-THE-QUALITY-AND-USABILITY-OF-PRIVACY-FRIENDLY-SYNTHETIC-DATA/.venv/lib/python3.12/site-packages/sdv/single_table/base.py:104)
2025-04-22 19:05:51,023 - INFO - {'EVENT': 'Instance', 'TIMESTAMP': datetime.datetime(2025, 4, 22, 19, 5, 51, 23141), 'SYNTHESIZER CLASS NAME': 'CTGANSynthesizer', 'SYNTHESIZER ID': 'CTGANSynthesizer_1.18.0_f2ce261aa315482abd8797f4740fb3ae'}
2025-04-22 19:05:51,023 - INFO - [SYNTHETIC] CTGAN initialized with epochs: 300
2025-04-22 19:05:51,023 - INFO - [SYNTHETIC] Training parameters for CTGAN: {}
2025-04-22 19:05:51,023 - INFO - [SYNTHETIC] fitting CTGAN 
2025-04-22 19:05:51,023 - INFO - {'EVENT': 'Fit', 'TIMESTAMP': datetime.datetime(2025, 4, 22, 19, 5, 51, 23343), 'SYNTHESIZER CLASS NAME': 'CTGANSynthesizer', 'SYNTHESIZER ID': 'CTGANSynthesizer_1.18.0_f2ce261aa315482abd8797f4740fb3ae', 'TOTAL NUMBER OF TABLES': 1, 'TOTAL NUMBER OF ROWS': 36168, 'TOTAL NUMBER OF COLUMNS': 32}
2025-04-22 19:05:51,065 - INFO - Fitting table  metadata
2025-04-22 19:05:51,067 - INFO - Fitting formatters for table 
2025-04-22 19:05:51,068 - INFO - Fitting constraints for table 
2025-04-22 19:05:51,069 - INFO - Setting the configuration for the ``HyperTransformer`` for table 
2025-04-22 19:05:51,070 - INFO - Fitting HyperTransformer for table 
2025-04-22 19:05:51,118 - INFO - {'EVENT': 'Fit processed data', 'TIMESTAMP': datetime.datetime(2025, 4, 22, 19, 5, 51, 118624), 'SYNTHESIZER CLASS NAME': 'CTGANSynthesizer', 'SYNTHESIZER ID': 'CTGANSynthesizer_1.18.0_f2ce261aa315482abd8797f4740fb3ae', 'TOTAL NUMBER OF TABLES': 1, 'TOTAL NUMBER OF ROWS': 36168, 'TOTAL NUMBER OF COLUMNS': 32}
2025-04-22 19:05:51,138 - INFO - Guidance: There are no missing values in column age. Extra column not created.
2025-04-22 19:05:59,065 - INFO - Guidance: There are no missing values in column balance. Extra column not created.
2025-04-22 19:06:14,024 - INFO - Guidance: There are no missing values in column pdays. Extra column not created.
2025-04-22 19:06:28,664 - INFO - Guidance: There are no missing values in column previous. Extra column not created.
2025-04-22 19:59:31,008 - INFO - [SYNTHETIC] Fitting complete for CTGAN. Duration: 3219.99 seconds.
2025-04-22 19:59:31,009 - INFO - [SYNTHETIC] CONFIRMATION CTGAN actually trained with epochs = 300
2025-04-22 19:59:31,009 - INFO - {'EVENT': 'Save', 'TIMESTAMP': datetime.datetime(2025, 4, 22, 19, 59, 31, 9241), 'SYNTHESIZER CLASS NAME': 'CTGANSynthesizer', 'SYNTHESIZER ID': 'CTGANSynthesizer_1.18.0_f2ce261aa315482abd8797f4740fb3ae'}
2025-04-22 19:59:31,072 - INFO - [SYNTHETIC] CTGAN trained and saved.
2025-04-22 19:59:31,073 - INFO - [SYNTHETIC] Preparing synthesizer: GaussianCopula
2025-04-22 19:59:31,073 - INFO - [SYNTHETIC] Params from config: {}
2025-04-22 19:59:31,073 - INFO -  [SYNTHETIC] No pre-trained synthesizer found
2025-04-22 19:59:31,074 - INFO - [SYNTHETIC] Training new GaussianCopula synthesizer from scratch...
2025-04-22 19:59:31,074 - WARNING - [FutureWarning] The 'SingleTableMetadata' is deprecated. Please use the new 'Metadata' class for synthesizers. (from /mnt/NVMETank/Projects/Students/Dele/A-STUDY-INTO-THE-QUALITY-AND-USABILITY-OF-PRIVACY-FRIENDLY-SYNTHETIC-DATA/.venv/lib/python3.12/site-packages/sdv/single_table/base.py:119)
2025-04-22 19:59:31,077 - INFO - {'EVENT': 'Instance', 'TIMESTAMP': datetime.datetime(2025, 4, 22, 19, 59, 31, 77976), 'SYNTHESIZER CLASS NAME': 'GaussianCopulaSynthesizer', 'SYNTHESIZER ID': 'GaussianCopulaSynthesizer_1.18.0_1e39153736424514829ae46c3ce9ad4a'}
2025-04-22 19:59:31,078 - INFO - [SYNTHETIC] fitting GaussianCopula 
2025-04-22 19:59:31,078 - INFO - {'EVENT': 'Fit', 'TIMESTAMP': datetime.datetime(2025, 4, 22, 19, 59, 31, 78465), 'SYNTHESIZER CLASS NAME': 'GaussianCopulaSynthesizer', 'SYNTHESIZER ID': 'GaussianCopulaSynthesizer_1.18.0_1e39153736424514829ae46c3ce9ad4a', 'TOTAL NUMBER OF TABLES': 1, 'TOTAL NUMBER OF ROWS': 36168, 'TOTAL NUMBER OF COLUMNS': 32}
2025-04-22 19:59:31,148 - INFO - Fitting table  metadata
2025-04-22 19:59:31,150 - INFO - Fitting formatters for table 
2025-04-22 19:59:31,153 - INFO - Fitting constraints for table 
2025-04-22 19:59:31,154 - INFO - Setting the configuration for the ``HyperTransformer`` for table 
2025-04-22 19:59:31,169 - INFO - Fitting HyperTransformer for table 
2025-04-22 19:59:37,942 - INFO - {'EVENT': 'Fit processed data', 'TIMESTAMP': datetime.datetime(2025, 4, 22, 19, 59, 37, 942169), 'SYNTHESIZER CLASS NAME': 'GaussianCopulaSynthesizer', 'SYNTHESIZER ID': 'GaussianCopulaSynthesizer_1.18.0_1e39153736424514829ae46c3ce9ad4a', 'TOTAL NUMBER OF TABLES': 1, 'TOTAL NUMBER OF ROWS': 36168, 'TOTAL NUMBER OF COLUMNS': 32}
2025-04-22 19:59:37,943 - INFO - Fitting GaussianMultivariate(distribution="{'age': <class 'copulas.univariate.beta.BetaUnivariate'>, 'job_0': <class 'copulas.univariate.beta.BetaUnivariate'>, 'job_1': <class 'copulas.univariate.beta.BetaUnivariate'>, 'job_2': <class 'copulas.univariate.beta.BetaUnivariate'>, 'job_3': <class 'copulas.univariate.beta.BetaUnivariate'>, 'marital_0': <class 'copulas.univariate.beta.BetaUnivariate'>, 'marital_1': <class 'copulas.univariate.beta.BetaUnivariate'>, 'education_0': <class 'copulas.univariate.beta.BetaUnivariate'>, 'education_1': <class 'copulas.univariate.beta.BetaUnivariate'>, 'education_2': <class 'copulas.univariate.beta.BetaUnivariate'>, 'default_0': <class 'copulas.univariate.beta.BetaUnivariate'>, 'default_1': <class 'copulas.univariate.beta.BetaUnivariate'>, 'balance': <class 'copulas.univariate.beta.BetaUnivariate'>, 'housing_0': <class 'copulas.univariate.beta.BetaUnivariate'>, 'housing_1': <class 'copulas.univariate.beta.BetaUnivariate'>, 'loan_0': <class 'copulas.univariate.beta.BetaUnivariate'>, 'loan_1': <class 'copulas.univariate.beta.BetaUnivariate'>, 'contact_0': <class 'copulas.univariate.beta.BetaUnivariate'>, 'contact_1': <class 'copulas.univariate.beta.BetaUnivariate'>, 'day': <class 'copulas.univariate.beta.BetaUnivariate'>, 'month_0': <class 'copulas.univariate.beta.BetaUnivariate'>, 'month_1': <class 'copulas.univariate.beta.BetaUnivariate'>, 'month_2': <class 'copulas.univariate.beta.BetaUnivariate'>, 'month_3': <class 'copulas.univariate.beta.BetaUnivariate'>, 'duration': <class 'copulas.univariate.beta.BetaUnivariate'>, 'campaign': <class 'copulas.univariate.beta.BetaUnivariate'>, 'pdays': <class 'copulas.univariate.beta.BetaUnivariate'>, 'previous': <class 'copulas.univariate.beta.BetaUnivariate'>, 'poutcome_0': <class 'copulas.univariate.beta.BetaUnivariate'>, 'poutcome_1': <class 'copulas.univariate.beta.BetaUnivariate'>, 'poutcome_2': <class 'copulas.univariate.beta.BetaUnivariate'>, 'y': <class 'copulas.univariate.beta.BetaUnivariate'>}")
2025-04-22 19:59:56,204 - INFO - [SYNTHETIC] Fitting complete for GaussianCopula. Duration: 25.13 seconds.
2025-04-22 19:59:56,204 - WARNING - [SYNTHETIC] WARNING Could not determine actual epochs used for GaussianCopula
2025-04-22 19:59:56,205 - INFO - {'EVENT': 'Save', 'TIMESTAMP': datetime.datetime(2025, 4, 22, 19, 59, 56, 205209), 'SYNTHESIZER CLASS NAME': 'GaussianCopulaSynthesizer', 'SYNTHESIZER ID': 'GaussianCopulaSynthesizer_1.18.0_1e39153736424514829ae46c3ce9ad4a'}
2025-04-22 19:59:56,241 - INFO - [SYNTHETIC] GaussianCopula trained and saved.
2025-04-22 19:59:56,241 - INFO - [SYNTHETIC] Preparing synthesizer: TVAE
2025-04-22 19:59:56,241 - INFO - [SYNTHETIC] Params from config: {'epochs': 300}
2025-04-22 19:59:56,241 - INFO -  [SYNTHETIC] No pre-trained synthesizer found
2025-04-22 19:59:56,242 - INFO - [SYNTHETIC] Training new TVAE synthesizer from scratch...
2025-04-22 19:59:56,242 - WARNING - [FutureWarning] The 'SingleTableMetadata' is deprecated. Please use the new 'Metadata' class for synthesizers. (from /mnt/NVMETank/Projects/Students/Dele/A-STUDY-INTO-THE-QUALITY-AND-USABILITY-OF-PRIVACY-FRIENDLY-SYNTHETIC-DATA/.venv/lib/python3.12/site-packages/sdv/single_table/base.py:119)
2025-04-22 19:59:56,245 - INFO - {'EVENT': 'Instance', 'TIMESTAMP': datetime.datetime(2025, 4, 22, 19, 59, 56, 245829), 'SYNTHESIZER CLASS NAME': 'TVAESynthesizer', 'SYNTHESIZER ID': 'TVAESynthesizer_1.18.0_3f74a61870bf473d87ed19ca6690ea57'}
2025-04-22 19:59:56,249 - INFO - [SYNTHETIC] TVAE initialized with epochs: 300
2025-04-22 19:59:56,249 - INFO - [SYNTHETIC] Training parameters for TVAE: {}
2025-04-22 19:59:56,249 - INFO - [SYNTHETIC] fitting TVAE 
2025-04-22 19:59:56,249 - INFO - {'EVENT': 'Fit', 'TIMESTAMP': datetime.datetime(2025, 4, 22, 19, 59, 56, 249774), 'SYNTHESIZER CLASS NAME': 'TVAESynthesizer', 'SYNTHESIZER ID': 'TVAESynthesizer_1.18.0_3f74a61870bf473d87ed19ca6690ea57', 'TOTAL NUMBER OF TABLES': 1, 'TOTAL NUMBER OF ROWS': 36168, 'TOTAL NUMBER OF COLUMNS': 32}
2025-04-22 19:59:56,386 - INFO - Fitting table  metadata
2025-04-22 19:59:56,389 - INFO - Fitting formatters for table 
2025-04-22 19:59:56,395 - INFO - Fitting constraints for table 
2025-04-22 19:59:56,399 - INFO - Setting the configuration for the ``HyperTransformer`` for table 
2025-04-22 19:59:56,401 - INFO - Fitting HyperTransformer for table 
2025-04-22 19:59:56,502 - INFO - {'EVENT': 'Fit processed data', 'TIMESTAMP': datetime.datetime(2025, 4, 22, 19, 59, 56, 502725), 'SYNTHESIZER CLASS NAME': 'TVAESynthesizer', 'SYNTHESIZER ID': 'TVAESynthesizer_1.18.0_3f74a61870bf473d87ed19ca6690ea57', 'TOTAL NUMBER OF TABLES': 1, 'TOTAL NUMBER OF ROWS': 36168, 'TOTAL NUMBER OF COLUMNS': 32}
2025-04-22 19:59:56,510 - INFO - Guidance: There are no missing values in column age. Extra column not created.
2025-04-22 20:00:10,251 - INFO - Guidance: There are no missing values in column balance. Extra column not created.
2025-04-22 20:00:26,308 - INFO - Guidance: There are no missing values in column pdays. Extra column not created.
2025-04-22 20:00:43,885 - INFO - Guidance: There are no missing values in column previous. Extra column not created.
2025-04-22 20:04:40,724 - INFO - [SYNTHETIC] Fitting complete for TVAE. Duration: 284.47 seconds.
2025-04-22 20:04:40,724 - INFO - [SYNTHETIC] CONFIRMATION TVAE actually trained with epochs = 300
2025-04-22 20:04:40,725 - INFO - {'EVENT': 'Save', 'TIMESTAMP': datetime.datetime(2025, 4, 22, 20, 4, 40, 725003), 'SYNTHESIZER CLASS NAME': 'TVAESynthesizer', 'SYNTHESIZER ID': 'TVAESynthesizer_1.18.0_3f74a61870bf473d87ed19ca6690ea57'}
2025-04-22 20:04:40,760 - INFO - [SYNTHETIC] TVAE trained and saved.
2025-04-22 20:04:40,760 - INFO - [SYNTHETIC] Using CTGAN to generate 36168 rows...
2025-04-22 20:04:44,961 - INFO - {'EVENT': 'Sample', 'TIMESTAMP': datetime.datetime(2025, 4, 22, 20, 4, 40, 760515), 'SYNTHESIZER CLASS NAME': 'CTGANSynthesizer', 'SYNTHESIZER ID': 'CTGANSynthesizer_1.18.0_f2ce261aa315482abd8797f4740fb3ae', 'TOTAL NUMBER OF TABLES': 1, 'TOTAL NUMBER OF ROWS': 36168, 'TOTAL NUMBER OF COLUMNS': 32}
2025-04-22 20:04:44,961 - INFO - [SYNTHETIC] CTGAN completed: 36168 rows generated.
2025-04-22 20:04:44,962 - INFO - [SYNTHETIC] Target class distribution for CTGAN: {'no': 30598, 'yes': 5570}
2025-04-22 20:04:44,963 - INFO - [SYNTHETIC] Using GaussianCopula to generate 36168 rows...
2025-04-22 20:04:46,055 - INFO - {'EVENT': 'Sample', 'TIMESTAMP': datetime.datetime(2025, 4, 22, 20, 4, 44, 963070), 'SYNTHESIZER CLASS NAME': 'GaussianCopulaSynthesizer', 'SYNTHESIZER ID': 'GaussianCopulaSynthesizer_1.18.0_1e39153736424514829ae46c3ce9ad4a', 'TOTAL NUMBER OF TABLES': 1, 'TOTAL NUMBER OF ROWS': 36168, 'TOTAL NUMBER OF COLUMNS': 32}
2025-04-22 20:04:46,055 - INFO - [SYNTHETIC] GaussianCopula completed: 36168 rows generated.
2025-04-22 20:04:46,057 - INFO - [SYNTHETIC] Target class distribution for GaussianCopula: {'no': 31807, 'yes': 4361}
2025-04-22 20:04:46,057 - INFO - [SYNTHETIC] Using TVAE to generate 36168 rows...
2025-04-22 20:04:46,587 - INFO - {'EVENT': 'Sample', 'TIMESTAMP': datetime.datetime(2025, 4, 22, 20, 4, 46, 57256), 'SYNTHESIZER CLASS NAME': 'TVAESynthesizer', 'SYNTHESIZER ID': 'TVAESynthesizer_1.18.0_3f74a61870bf473d87ed19ca6690ea57', 'TOTAL NUMBER OF TABLES': 1, 'TOTAL NUMBER OF ROWS': 36168, 'TOTAL NUMBER OF COLUMNS': 32}
2025-04-22 20:04:46,587 - INFO - [SYNTHETIC] TVAE completed: 36168 rows generated.
2025-04-22 20:04:46,588 - INFO - [SYNTHETIC] Target class distribution for TVAE: {'no': 31735, 'yes': 4433}
2025-04-22 20:04:46,590 - INFO - [SYNTHETIC PIPELINE] Synthetic Data Generation Completed.
2025-04-22 20:04:46,590 - INFO - [SYNTHETIC PIPELINE] Synthesizers used: ['CTGAN', 'GaussianCopula', 'TVAE']
2025-04-22 20:04:46,590 - INFO - [SYNTHETIC PIPELINE] Evaluating synthetic dataset generated by CTGAN...
2025-04-22 20:04:46,590 - INFO - [SYNTHETIC EVAL] Real data columns     (32): ['age', 'job_0', 'job_1', 'job_2', 'job_3', 'marital_0', 'marital_1', 'education_0', 'education_1', 'education_2', 'default_0', 'default_1', 'balance', 'housing_0', 'housing_1', 'loan_0', 'loan_1', 'contact_0', 'contact_1', 'day', 'month_0', 'month_1', 'month_2', 'month_3', 'duration', 'campaign', 'pdays', 'previous', 'poutcome_0', 'poutcome_1', 'poutcome_2', 'y']
2025-04-22 20:04:46,590 - INFO - [SYNTHETIC EVAL] Synthetic data columns (32): ['age', 'job_0', 'job_1', 'job_2', 'job_3', 'marital_0', 'marital_1', 'education_0', 'education_1', 'education_2', 'default_0', 'default_1', 'balance', 'housing_0', 'housing_1', 'loan_0', 'loan_1', 'contact_0', 'contact_1', 'day', 'month_0', 'month_1', 'month_2', 'month_3', 'duration', 'campaign', 'pdays', 'previous', 'poutcome_0', 'poutcome_1', 'poutcome_2', 'y']
2025-04-22 20:04:46,590 - INFO - [SYNTHETIC EVAL] Metadata columns      (32): ['age', 'job_0', 'job_1', 'job_2', 'job_3', 'marital_0', 'marital_1', 'education_0', 'education_1', 'education_2', 'default_0', 'default_1', 'balance', 'housing_0', 'housing_1', 'loan_0', 'loan_1', 'contact_0', 'contact_1', 'day', 'month_0', 'month_1', 'month_2', 'month_3', 'duration', 'campaign', 'pdays', 'previous', 'poutcome_0', 'poutcome_1', 'poutcome_2', 'y']
2025-04-22 20:04:46,590 - INFO - [SYNTHETIC EVAL] Shape — Real: (36168, 32), Synthetic: (36168, 32)
2025-04-22 20:04:46,590 - INFO - [SYNTHETIC EVAL] Metadata structure:
{
  "columns": {
    "age": {
      "sdtype": "numerical"
    },
    "job_0": {
      "sdtype": "categorical"
    },
    "job_1": {
      "sdtype": "categorical"
    },
    "job_2": {
      "sdtype": "categorical"
    },
    "job_3": {
      "sdtype": "categorical"
    },
    "marital_0": {
      "sdtype": "categorical"
    },
    "marital_1": {
      "sdtype": "categorical"
    },
    "education_0": {
      "sdtype": "categorical"
    },
    "education_1": {
      "sdtype": "categorical"
    },
    "education_2": {
      "sdtype": "categorical"
    },
    "default_0": {
      "sdtype": "categorical"
    },
    "default_1": {
      "sdtype": "categorical"
    },
    "balance": {
      "sdtype": "numerical"
    },
    "housing_0": {
      "sdtype": "categorical"
    },
    "housing_1": {
      "sdtype": "categorical"
    },
    "loan_0": {
      "sdtype": "categorical"
    },
    "loan_1": {
      "sdtype": "categorical"
    },
    "contact_0": {
      "sdtype": "categorical"
    },
    "contact_1": {
      "sdtype": "categorical"
    },
    "day": {
      "sdtype": "categorical"
    },
    "month_0": {
      "sdtype": "categorical"
    },
    "month_1": {
      "sdtype": "categorical"
    },
    "month_2": {
      "sdtype": "categorical"
    },
    "month_3": {
      "sdtype": "categorical"
    },
    "duration": {
      "sdtype": "categorical"
    },
    "campaign": {
      "sdtype": "categorical"
    },
    "pdays": {
      "sdtype": "numerical"
    },
    "previous": {
      "sdtype": "numerical"
    },
    "poutcome_0": {
      "sdtype": "categorical"
    },
    "poutcome_1": {
      "sdtype": "categorical"
    },
    "poutcome_2": {
      "sdtype": "categorical"
    },
    "y": {
      "sdtype": "categorical"
    }
  },
  "METADATA_SPEC_VERSION": "SINGLE_TABLE_V1"
}
2025-04-22 20:04:48,392 - INFO - [SYNTHETIC PIPELINE] Evaluating synthetic dataset generated by GaussianCopula...
2025-04-22 20:04:48,392 - INFO - [SYNTHETIC EVAL] Real data columns     (32): ['age', 'job_0', 'job_1', 'job_2', 'job_3', 'marital_0', 'marital_1', 'education_0', 'education_1', 'education_2', 'default_0', 'default_1', 'balance', 'housing_0', 'housing_1', 'loan_0', 'loan_1', 'contact_0', 'contact_1', 'day', 'month_0', 'month_1', 'month_2', 'month_3', 'duration', 'campaign', 'pdays', 'previous', 'poutcome_0', 'poutcome_1', 'poutcome_2', 'y']
2025-04-22 20:04:48,392 - INFO - [SYNTHETIC EVAL] Synthetic data columns (32): ['age', 'job_0', 'job_1', 'job_2', 'job_3', 'marital_0', 'marital_1', 'education_0', 'education_1', 'education_2', 'default_0', 'default_1', 'balance', 'housing_0', 'housing_1', 'loan_0', 'loan_1', 'contact_0', 'contact_1', 'day', 'month_0', 'month_1', 'month_2', 'month_3', 'duration', 'campaign', 'pdays', 'previous', 'poutcome_0', 'poutcome_1', 'poutcome_2', 'y']
2025-04-22 20:04:48,392 - INFO - [SYNTHETIC EVAL] Metadata columns      (32): ['age', 'job_0', 'job_1', 'job_2', 'job_3', 'marital_0', 'marital_1', 'education_0', 'education_1', 'education_2', 'default_0', 'default_1', 'balance', 'housing_0', 'housing_1', 'loan_0', 'loan_1', 'contact_0', 'contact_1', 'day', 'month_0', 'month_1', 'month_2', 'month_3', 'duration', 'campaign', 'pdays', 'previous', 'poutcome_0', 'poutcome_1', 'poutcome_2', 'y']
2025-04-22 20:04:48,392 - INFO - [SYNTHETIC EVAL] Shape — Real: (36168, 32), Synthetic: (36168, 32)
2025-04-22 20:04:48,393 - INFO - [SYNTHETIC EVAL] Metadata structure:
{
  "columns": {
    "age": {
      "sdtype": "numerical"
    },
    "job_0": {
      "sdtype": "categorical"
    },
    "job_1": {
      "sdtype": "categorical"
    },
    "job_2": {
      "sdtype": "categorical"
    },
    "job_3": {
      "sdtype": "categorical"
    },
    "marital_0": {
      "sdtype": "categorical"
    },
    "marital_1": {
      "sdtype": "categorical"
    },
    "education_0": {
      "sdtype": "categorical"
    },
    "education_1": {
      "sdtype": "categorical"
    },
    "education_2": {
      "sdtype": "categorical"
    },
    "default_0": {
      "sdtype": "categorical"
    },
    "default_1": {
      "sdtype": "categorical"
    },
    "balance": {
      "sdtype": "numerical"
    },
    "housing_0": {
      "sdtype": "categorical"
    },
    "housing_1": {
      "sdtype": "categorical"
    },
    "loan_0": {
      "sdtype": "categorical"
    },
    "loan_1": {
      "sdtype": "categorical"
    },
    "contact_0": {
      "sdtype": "categorical"
    },
    "contact_1": {
      "sdtype": "categorical"
    },
    "day": {
      "sdtype": "categorical"
    },
    "month_0": {
      "sdtype": "categorical"
    },
    "month_1": {
      "sdtype": "categorical"
    },
    "month_2": {
      "sdtype": "categorical"
    },
    "month_3": {
      "sdtype": "categorical"
    },
    "duration": {
      "sdtype": "categorical"
    },
    "campaign": {
      "sdtype": "categorical"
    },
    "pdays": {
      "sdtype": "numerical"
    },
    "previous": {
      "sdtype": "numerical"
    },
    "poutcome_0": {
      "sdtype": "categorical"
    },
    "poutcome_1": {
      "sdtype": "categorical"
    },
    "poutcome_2": {
      "sdtype": "categorical"
    },
    "y": {
      "sdtype": "categorical"
    }
  },
  "METADATA_SPEC_VERSION": "SINGLE_TABLE_V1"
}
2025-04-22 20:04:50,166 - INFO - [SYNTHETIC PIPELINE] Evaluating synthetic dataset generated by TVAE...
2025-04-22 20:04:50,166 - INFO - [SYNTHETIC EVAL] Real data columns     (32): ['age', 'job_0', 'job_1', 'job_2', 'job_3', 'marital_0', 'marital_1', 'education_0', 'education_1', 'education_2', 'default_0', 'default_1', 'balance', 'housing_0', 'housing_1', 'loan_0', 'loan_1', 'contact_0', 'contact_1', 'day', 'month_0', 'month_1', 'month_2', 'month_3', 'duration', 'campaign', 'pdays', 'previous', 'poutcome_0', 'poutcome_1', 'poutcome_2', 'y']
2025-04-22 20:04:50,166 - INFO - [SYNTHETIC EVAL] Synthetic data columns (32): ['age', 'job_0', 'job_1', 'job_2', 'job_3', 'marital_0', 'marital_1', 'education_0', 'education_1', 'education_2', 'default_0', 'default_1', 'balance', 'housing_0', 'housing_1', 'loan_0', 'loan_1', 'contact_0', 'contact_1', 'day', 'month_0', 'month_1', 'month_2', 'month_3', 'duration', 'campaign', 'pdays', 'previous', 'poutcome_0', 'poutcome_1', 'poutcome_2', 'y']
2025-04-22 20:04:50,166 - INFO - [SYNTHETIC EVAL] Metadata columns      (32): ['age', 'job_0', 'job_1', 'job_2', 'job_3', 'marital_0', 'marital_1', 'education_0', 'education_1', 'education_2', 'default_0', 'default_1', 'balance', 'housing_0', 'housing_1', 'loan_0', 'loan_1', 'contact_0', 'contact_1', 'day', 'month_0', 'month_1', 'month_2', 'month_3', 'duration', 'campaign', 'pdays', 'previous', 'poutcome_0', 'poutcome_1', 'poutcome_2', 'y']
2025-04-22 20:04:50,166 - INFO - [SYNTHETIC EVAL] Shape — Real: (36168, 32), Synthetic: (36168, 32)
2025-04-22 20:04:50,166 - INFO - [SYNTHETIC EVAL] Metadata structure:
{
  "columns": {
    "age": {
      "sdtype": "numerical"
    },
    "job_0": {
      "sdtype": "categorical"
    },
    "job_1": {
      "sdtype": "categorical"
    },
    "job_2": {
      "sdtype": "categorical"
    },
    "job_3": {
      "sdtype": "categorical"
    },
    "marital_0": {
      "sdtype": "categorical"
    },
    "marital_1": {
      "sdtype": "categorical"
    },
    "education_0": {
      "sdtype": "categorical"
    },
    "education_1": {
      "sdtype": "categorical"
    },
    "education_2": {
      "sdtype": "categorical"
    },
    "default_0": {
      "sdtype": "categorical"
    },
    "default_1": {
      "sdtype": "categorical"
    },
    "balance": {
      "sdtype": "numerical"
    },
    "housing_0": {
      "sdtype": "categorical"
    },
    "housing_1": {
      "sdtype": "categorical"
    },
    "loan_0": {
      "sdtype": "categorical"
    },
    "loan_1": {
      "sdtype": "categorical"
    },
    "contact_0": {
      "sdtype": "categorical"
    },
    "contact_1": {
      "sdtype": "categorical"
    },
    "day": {
      "sdtype": "categorical"
    },
    "month_0": {
      "sdtype": "categorical"
    },
    "month_1": {
      "sdtype": "categorical"
    },
    "month_2": {
      "sdtype": "categorical"
    },
    "month_3": {
      "sdtype": "categorical"
    },
    "duration": {
      "sdtype": "categorical"
    },
    "campaign": {
      "sdtype": "categorical"
    },
    "pdays": {
      "sdtype": "numerical"
    },
    "previous": {
      "sdtype": "numerical"
    },
    "poutcome_0": {
      "sdtype": "categorical"
    },
    "poutcome_1": {
      "sdtype": "categorical"
    },
    "poutcome_2": {
      "sdtype": "categorical"
    },
    "y": {
      "sdtype": "categorical"
    }
  },
  "METADATA_SPEC_VERSION": "SINGLE_TABLE_V1"
}
2025-04-22 20:04:51,975 - INFO -  [SYNTHETIC PIPELINE]  Synthetic Data Evaluation Completed.
2025-04-22 20:04:51,984 - INFO -  [SYNTHETIC PIPELINE] Synthetic Data Report Generated Successfully.
2025-04-22 20:04:52,213 - INFO - [HYBRID] Generated hybrid dataset shape for CTGAN: (36168, 32)
2025-04-22 20:04:52,215 - INFO - [HYBRID] Target distribution for CTGAN: {'no': 30598, 'yes': 5570}
2025-04-22 20:04:52,367 - INFO -  [HYBRID] Saved hybrid dataset to /mnt/NVMETank/Projects/Students/Dele/A-STUDY-INTO-THE-QUALITY-AND-USABILITY-OF-PRIVACY-FRIENDLY-SYNTHETIC-DATA/datasets/hybrid/bankMarketing_k10_l2_sup25_CTGAN_HYBRID.csv
2025-04-22 20:04:52,367 - INFO - [HYBRID] Generated hybrid dataset shape for GaussianCopula: (36168, 32)
2025-04-22 20:04:52,369 - INFO - [HYBRID] Target distribution for GaussianCopula: {'no': 31807, 'yes': 4361}
2025-04-22 20:04:52,521 - INFO -  [HYBRID] Saved hybrid dataset to /mnt/NVMETank/Projects/Students/Dele/A-STUDY-INTO-THE-QUALITY-AND-USABILITY-OF-PRIVACY-FRIENDLY-SYNTHETIC-DATA/datasets/hybrid/bankMarketing_k10_l2_sup25_GaussianCopula_HYBRID.csv
2025-04-22 20:04:52,521 - INFO - [HYBRID] Generated hybrid dataset shape for TVAE: (36168, 32)
2025-04-22 20:04:52,523 - INFO - [HYBRID] Target distribution for TVAE: {'no': 31735, 'yes': 4433}
2025-04-22 20:04:52,676 - INFO -  [HYBRID] Saved hybrid dataset to /mnt/NVMETank/Projects/Students/Dele/A-STUDY-INTO-THE-QUALITY-AND-USABILITY-OF-PRIVACY-FRIENDLY-SYNTHETIC-DATA/datasets/hybrid/bankMarketing_k10_l2_sup25_TVAE_HYBRID.csv
2025-04-22 20:04:52,676 - INFO -  [HYBRID] Hybrid pipeline complete — 3 dataset(s) ready.
2025-04-22 20:04:52,676 - INFO - [HYBRID] Total rows across all hybrid datasets: 108504
2025-04-22 20:04:52,676 - INFO - Hybrid pipeline completed successfully.
2025-04-22 20:04:52,676 - INFO - Hybrid pipeline duration: 3541.72 seconds
2025-04-22 20:04:52,676 - INFO - Starting Utility...
2025-04-22 20:04:52,677 - INFO - [UTILITY] Preparing datasets for machine learning...
2025-04-22 20:04:52,678 - INFO - [UTILITY] Original Data - Training Size: 36168, Testing Size: 9043
2025-04-22 20:04:52,680 - INFO - [UTILITY] Target class distribution (Original): {'no': 31937, 'yes': 4231}
2025-04-22 20:04:52,680 - INFO - [UTILITY] Processing anonymized dataset...
2025-04-22 20:04:52,683 - INFO - [UTILITY] Anonymized Data - Training Size: 36168
2025-04-22 20:04:52,684 - INFO - [UTILITY] Target class distribution (Anonymous): {'no': 31937, 'yes': 4231}
2025-04-22 20:04:52,685 - INFO - [UTILITY] Processing hybrid dataset generated by CTGAN...
2025-04-22 20:04:52,687 - INFO - [UTILITY] Hybrid Data (CTGAN_HYBRID) - Training Size: 36168
2025-04-22 20:04:52,689 - INFO - [UTILITY] Target class distribution (CTGAN_HYBRID): {'no': 30598, 'yes': 5570}
2025-04-22 20:04:52,690 - INFO - [UTILITY] Processing hybrid dataset generated by GaussianCopula...
2025-04-22 20:04:52,692 - INFO - [UTILITY] Hybrid Data (GaussianCopula_HYBRID) - Training Size: 36168
2025-04-22 20:04:52,693 - INFO - [UTILITY] Target class distribution (GaussianCopula_HYBRID): {'no': 31807, 'yes': 4361}
2025-04-22 20:04:52,694 - INFO - [UTILITY] Processing hybrid dataset generated by TVAE...
2025-04-22 20:04:52,696 - INFO - [UTILITY] Hybrid Data (TVAE_HYBRID) - Training Size: 36168
2025-04-22 20:04:52,697 - INFO - [UTILITY] Target class distribution (TVAE_HYBRID): {'no': 31735, 'yes': 4433}
2025-04-22 20:04:52,697 - INFO - [UTILITY] Training models on all datasets...
2025-04-22 20:04:52,697 - INFO - [UTILITY] Total datasets used for training: 5
2025-04-22 20:04:52,697 - INFO - [TRAINING] Training models from scratch...
2025-04-22 20:04:52,698 - INFO - [TRAINING] Starting training for dataset: Original — Rows: 36168, Features: 31
2025-04-22 20:04:52,698 - INFO - [TRAINING] Training DecisionTree on Original...
2025-04-22 20:04:52,908 - INFO - [TRAINING] DecisionTree trained successfully on Original in 0.21 sec
2025-04-22 20:04:52,908 - INFO - [TRAINING] Training KNN on Original...
2025-04-22 20:04:52,927 - INFO - [TRAINING] KNN trained successfully on Original in 0.02 sec
2025-04-22 20:04:52,927 - INFO - [TRAINING] Training LogisticRegression on Original...
2025-04-22 20:04:53,316 - INFO - [TRAINING] LogisticRegression trained successfully on Original in 0.39 sec
2025-04-22 20:04:53,316 - INFO - [TRAINING] Training RandomForest on Original...
2025-04-22 20:04:55,946 - INFO - [TRAINING] RandomForest trained successfully on Original in 2.63 sec
2025-04-22 20:04:55,946 - INFO - [TRAINING] Finished training 4 model(s) for dataset: Original
2025-04-22 20:04:55,946 - INFO - [TRAINING] Starting training for dataset: Anonymous — Rows: 36168, Features: 31
2025-04-22 20:04:55,946 - INFO - [TRAINING] Training DecisionTree on Anonymous...
2025-04-22 20:04:56,089 - INFO - [TRAINING] DecisionTree trained successfully on Anonymous in 0.14 sec
2025-04-22 20:04:56,089 - INFO - [TRAINING] Training KNN on Anonymous...
2025-04-22 20:04:56,142 - INFO - [TRAINING] KNN trained successfully on Anonymous in 0.05 sec
2025-04-22 20:04:56,142 - INFO - [TRAINING] Training LogisticRegression on Anonymous...
2025-04-22 20:04:56,509 - INFO - [TRAINING] LogisticRegression trained successfully on Anonymous in 0.37 sec
2025-04-22 20:04:56,510 - INFO - [TRAINING] Training RandomForest on Anonymous...
2025-04-22 20:04:58,777 - INFO - [TRAINING] RandomForest trained successfully on Anonymous in 2.27 sec
2025-04-22 20:04:58,777 - INFO - [TRAINING] Finished training 4 model(s) for dataset: Anonymous
2025-04-22 20:04:58,777 - INFO - [TRAINING] Starting training for dataset: CTGAN_HYBRID — Rows: 36168, Features: 31
2025-04-22 20:04:58,777 - INFO - [TRAINING] Training DecisionTree on CTGAN_HYBRID...
2025-04-22 20:04:58,899 - INFO - [TRAINING] DecisionTree trained successfully on CTGAN_HYBRID in 0.12 sec
2025-04-22 20:04:58,899 - INFO - [TRAINING] Training KNN on CTGAN_HYBRID...
2025-04-22 20:04:58,918 - INFO - [TRAINING] KNN trained successfully on CTGAN_HYBRID in 0.02 sec
2025-04-22 20:04:58,918 - INFO - [TRAINING] Training LogisticRegression on CTGAN_HYBRID...
2025-04-22 20:04:59,156 - INFO - [TRAINING] LogisticRegression trained successfully on CTGAN_HYBRID in 0.23 sec
2025-04-22 20:04:59,156 - INFO - [TRAINING] Training RandomForest on CTGAN_HYBRID...
2025-04-22 20:05:01,526 - INFO - [TRAINING] RandomForest trained successfully on CTGAN_HYBRID in 2.37 sec
2025-04-22 20:05:01,526 - INFO - [TRAINING] Finished training 4 model(s) for dataset: CTGAN_HYBRID
2025-04-22 20:05:01,526 - INFO - [TRAINING] Starting training for dataset: GaussianCopula_HYBRID — Rows: 36168, Features: 31
2025-04-22 20:05:01,526 - INFO - [TRAINING] Training DecisionTree on GaussianCopula_HYBRID...
2025-04-22 20:05:01,703 - INFO - [TRAINING] DecisionTree trained successfully on GaussianCopula_HYBRID in 0.18 sec
2025-04-22 20:05:01,703 - INFO - [TRAINING] Training KNN on GaussianCopula_HYBRID...
2025-04-22 20:05:01,723 - INFO - [TRAINING] KNN trained successfully on GaussianCopula_HYBRID in 0.02 sec
2025-04-22 20:05:01,723 - INFO - [TRAINING] Training LogisticRegression on GaussianCopula_HYBRID...
2025-04-22 20:05:01,996 - INFO - [TRAINING] LogisticRegression trained successfully on GaussianCopula_HYBRID in 0.27 sec
2025-04-22 20:05:01,996 - INFO - [TRAINING] Training RandomForest on GaussianCopula_HYBRID...
2025-04-22 20:05:04,657 - INFO - [TRAINING] RandomForest trained successfully on GaussianCopula_HYBRID in 2.66 sec
2025-04-22 20:05:04,658 - INFO - [TRAINING] Finished training 4 model(s) for dataset: GaussianCopula_HYBRID
2025-04-22 20:05:04,658 - INFO - [TRAINING] Starting training for dataset: TVAE_HYBRID — Rows: 36168, Features: 31
2025-04-22 20:05:04,658 - INFO - [TRAINING] Training DecisionTree on TVAE_HYBRID...
2025-04-22 20:05:04,746 - INFO - [TRAINING] DecisionTree trained successfully on TVAE_HYBRID in 0.09 sec
2025-04-22 20:05:04,746 - INFO - [TRAINING] Training KNN on TVAE_HYBRID...
2025-04-22 20:05:04,764 - INFO - [TRAINING] KNN trained successfully on TVAE_HYBRID in 0.02 sec
2025-04-22 20:05:04,765 - INFO - [TRAINING] Training LogisticRegression on TVAE_HYBRID...
2025-04-22 20:05:05,159 - INFO - [TRAINING] LogisticRegression trained successfully on TVAE_HYBRID in 0.39 sec
2025-04-22 20:05:05,159 - INFO - [TRAINING] Training RandomForest on TVAE_HYBRID...
2025-04-22 20:05:07,381 - INFO - [TRAINING] RandomForest trained successfully on TVAE_HYBRID in 2.22 sec
2025-04-22 20:05:07,382 - INFO - [TRAINING] Finished training 4 model(s) for dataset: TVAE_HYBRID
2025-04-22 20:05:07,382 - INFO - [TRAINING] Total models trained across all datasets: 20
2025-04-22 20:05:07,382 - INFO - [UTILITY] Trained model names: ['Original', 'Anonymous', 'CTGAN_HYBRID', 'GaussianCopula_HYBRID', 'TVAE_HYBRID']
2025-04-22 20:05:07,382 - INFO - [UTILITY] Model Training Completed.
2025-04-22 20:05:07,382 - INFO - Starting the Evaluating of models...
2025-04-22 20:05:07,382 - INFO - Preparing evaluation for model 'DecisionTree' across all datasets...
2025-04-22 20:05:07,382 - INFO - Evaluating DecisionTree on Original...
2025-04-22 20:05:07,385 - INFO - Predictions completed for DecisionTree on Original
2025-04-22 20:05:07,385 - INFO - Prediction distribution for DecisionTree on Original: {'no': 7988, 'yes': 1055}
2025-04-22 20:05:07,487 - INFO - Computed 8 metric(s) for DecisionTree on Original
2025-04-22 20:05:07,487 - INFO - Evaluating DecisionTree on Anonymous...
2025-04-22 20:05:07,490 - INFO - Predictions completed for DecisionTree on Anonymous
2025-04-22 20:05:07,490 - INFO - Prediction distribution for DecisionTree on Anonymous: {'no': 8064, 'yes': 979}
2025-04-22 20:05:07,593 - INFO - Computed 8 metric(s) for DecisionTree on Anonymous
2025-04-22 20:05:07,593 - INFO - Evaluating DecisionTree on CTGAN_HYBRID...
2025-04-22 20:05:07,596 - INFO - Predictions completed for DecisionTree on CTGAN_HYBRID
2025-04-22 20:05:07,597 - INFO - Prediction distribution for DecisionTree on CTGAN_HYBRID: {'no': 7483, 'yes': 1560}
2025-04-22 20:05:07,697 - INFO - Computed 8 metric(s) for DecisionTree on CTGAN_HYBRID
2025-04-22 20:05:07,697 - INFO - Evaluating DecisionTree on GaussianCopula_HYBRID...
2025-04-22 20:05:07,699 - INFO - Predictions completed for DecisionTree on GaussianCopula_HYBRID
2025-04-22 20:05:07,699 - INFO - Prediction distribution for DecisionTree on GaussianCopula_HYBRID: {'no': 8060, 'yes': 983}
2025-04-22 20:05:07,800 - INFO - Computed 8 metric(s) for DecisionTree on GaussianCopula_HYBRID
2025-04-22 20:05:07,800 - INFO - Evaluating DecisionTree on TVAE_HYBRID...
2025-04-22 20:05:07,802 - INFO - Predictions completed for DecisionTree on TVAE_HYBRID
2025-04-22 20:05:07,803 - INFO - Prediction distribution for DecisionTree on TVAE_HYBRID: {'no': 7936, 'yes': 1107}
2025-04-22 20:05:07,906 - INFO - Computed 8 metric(s) for DecisionTree on TVAE_HYBRID
2025-04-22 20:05:07,906 - INFO - Preparing evaluation for model 'KNN' across all datasets...
2025-04-22 20:05:07,906 - INFO - Evaluating KNN on Original...
2025-04-22 20:05:10,303 - INFO - Predictions completed for KNN on Original
2025-04-22 20:05:10,304 - INFO - Prediction distribution for KNN on Original: {'no': 8435, 'yes': 608}
2025-04-22 20:05:14,920 - INFO - Computed 8 metric(s) for KNN on Original
2025-04-22 20:05:14,920 - INFO - Evaluating KNN on Anonymous...
2025-04-22 20:05:17,411 - INFO - Predictions completed for KNN on Anonymous
2025-04-22 20:05:17,412 - INFO - Prediction distribution for KNN on Anonymous: {'no': 8753, 'yes': 290}
2025-04-22 20:05:22,086 - INFO - Computed 8 metric(s) for KNN on Anonymous
2025-04-22 20:05:22,086 - INFO - Evaluating KNN on CTGAN_HYBRID...
2025-04-22 20:05:24,595 - INFO - Predictions completed for KNN on CTGAN_HYBRID
2025-04-22 20:05:24,596 - INFO - Prediction distribution for KNN on CTGAN_HYBRID: {'no': 8750, 'yes': 293}
2025-04-22 20:05:29,366 - INFO - Computed 8 metric(s) for KNN on CTGAN_HYBRID
2025-04-22 20:05:29,366 - INFO - Evaluating KNN on GaussianCopula_HYBRID...
2025-04-22 20:05:31,933 - INFO - Predictions completed for KNN on GaussianCopula_HYBRID
2025-04-22 20:05:31,933 - INFO - Prediction distribution for KNN on GaussianCopula_HYBRID: {'no': 8952, 'yes': 91}
2025-04-22 20:05:36,832 - INFO - Computed 8 metric(s) for KNN on GaussianCopula_HYBRID
2025-04-22 20:05:36,832 - INFO - Evaluating KNN on TVAE_HYBRID...
2025-04-22 20:05:39,186 - INFO - Predictions completed for KNN on TVAE_HYBRID
2025-04-22 20:05:39,187 - INFO - Prediction distribution for KNN on TVAE_HYBRID: {'no': 8683, 'yes': 360}
2025-04-22 20:05:43,638 - INFO - Computed 8 metric(s) for KNN on TVAE_HYBRID
2025-04-22 20:05:43,638 - INFO - Preparing evaluation for model 'LogisticRegression' across all datasets...
2025-04-22 20:05:43,638 - INFO - Evaluating LogisticRegression on Original...
2025-04-22 20:05:43,640 - INFO - Predictions completed for LogisticRegression on Original
2025-04-22 20:05:43,641 - INFO - Prediction distribution for LogisticRegression on Original: {'no': 8497, 'yes': 546}
2025-04-22 20:05:43,732 - INFO - Computed 8 metric(s) for LogisticRegression on Original
2025-04-22 20:05:43,733 - INFO - Evaluating LogisticRegression on Anonymous...
2025-04-22 20:05:43,734 - INFO - Predictions completed for LogisticRegression on Anonymous
2025-04-22 20:05:43,735 - INFO - Prediction distribution for LogisticRegression on Anonymous: {'no': 9038, 'yes': 5}
2025-04-22 20:05:43,833 - INFO - Computed 8 metric(s) for LogisticRegression on Anonymous
2025-04-22 20:05:43,833 - INFO - Evaluating LogisticRegression on CTGAN_HYBRID...
2025-04-22 20:05:43,835 - INFO - Predictions completed for LogisticRegression on CTGAN_HYBRID
2025-04-22 20:05:43,835 - INFO - Prediction distribution for LogisticRegression on CTGAN_HYBRID: {'no': 9032, 'yes': 11}
2025-04-22 20:05:43,933 - INFO - Computed 8 metric(s) for LogisticRegression on CTGAN_HYBRID
2025-04-22 20:05:43,933 - INFO - Evaluating LogisticRegression on GaussianCopula_HYBRID...
2025-04-22 20:05:43,935 - INFO - Predictions completed for LogisticRegression on GaussianCopula_HYBRID
2025-04-22 20:05:43,935 - INFO - Prediction distribution for LogisticRegression on GaussianCopula_HYBRID: {'no': 9042, 'yes': 1}
2025-04-22 20:05:44,032 - INFO - Computed 8 metric(s) for LogisticRegression on GaussianCopula_HYBRID
2025-04-22 20:05:44,033 - INFO - Evaluating LogisticRegression on TVAE_HYBRID...
2025-04-22 20:05:44,034 - INFO - Predictions completed for LogisticRegression on TVAE_HYBRID
2025-04-22 20:05:44,035 - INFO - Prediction distribution for LogisticRegression on TVAE_HYBRID: {'no': 8908, 'yes': 135}
2025-04-22 20:05:44,132 - INFO - Computed 8 metric(s) for LogisticRegression on TVAE_HYBRID
2025-04-22 20:05:44,132 - INFO - Preparing evaluation for model 'RandomForest' across all datasets...
2025-04-22 20:05:44,132 - INFO - Evaluating RandomForest on Original...
2025-04-22 20:05:44,221 - INFO - Predictions completed for RandomForest on Original
2025-04-22 20:05:44,222 - INFO - Prediction distribution for RandomForest on Original: {'no': 8455, 'yes': 588}
2025-04-22 20:05:44,486 - INFO - Computed 8 metric(s) for RandomForest on Original
2025-04-22 20:05:44,487 - INFO - Evaluating RandomForest on Anonymous...
2025-04-22 20:05:44,596 - INFO - Predictions completed for RandomForest on Anonymous
2025-04-22 20:05:44,597 - INFO - Prediction distribution for RandomForest on Anonymous: {'no': 8326, 'yes': 717}
2025-04-22 20:05:44,907 - INFO - Computed 8 metric(s) for RandomForest on Anonymous
2025-04-22 20:05:44,908 - INFO - Evaluating RandomForest on CTGAN_HYBRID...
2025-04-22 20:05:45,019 - INFO - Predictions completed for RandomForest on CTGAN_HYBRID
2025-04-22 20:05:45,020 - INFO - Prediction distribution for RandomForest on CTGAN_HYBRID: {'no': 8262, 'yes': 781}
2025-04-22 20:05:45,337 - INFO - Computed 8 metric(s) for RandomForest on CTGAN_HYBRID
2025-04-22 20:05:45,337 - INFO - Evaluating RandomForest on GaussianCopula_HYBRID...
2025-04-22 20:05:45,412 - INFO - Predictions completed for RandomForest on GaussianCopula_HYBRID
2025-04-22 20:05:45,413 - INFO - Prediction distribution for RandomForest on GaussianCopula_HYBRID: {'no': 8981, 'yes': 62}
2025-04-22 20:05:45,655 - INFO - Computed 8 metric(s) for RandomForest on GaussianCopula_HYBRID
2025-04-22 20:05:45,655 - INFO - Evaluating RandomForest on TVAE_HYBRID...
2025-04-22 20:05:45,748 - INFO - Predictions completed for RandomForest on TVAE_HYBRID
2025-04-22 20:05:45,749 - INFO - Prediction distribution for RandomForest on TVAE_HYBRID: {'no': 8107, 'yes': 936}
2025-04-22 20:05:46,027 - INFO - Computed 8 metric(s) for RandomForest on TVAE_HYBRID
2025-04-22 20:05:46,031 - INFO - Evaluation completed for all models.
2025-04-22 20:05:46,031 - INFO - Model evaluation completed in 38.65 seconds.
2025-04-22 20:05:46,033 - INFO - Evaluated models: ['DecisionTree', 'KNN', 'LogisticRegression', 'RandomForest']
2025-04-22 20:05:46,033 - INFO - Model Training and Evaluation completed.
2025-04-22 20:05:46,548 - INFO -  Visualizations saved.
2025-04-22 20:05:46,548 - INFO -  Benchmarking Completed. Results saved in output folder.
