2025-05-08 10:40:29,676 - INFO - Loaded config file: configs/generated_configs/censusIncome/censusIncome_anon_k16_sl0p3_l2.yaml
2025-05-08 10:40:29,676 - INFO -  Benchmarking started for dataset: censusIncome
2025-05-08 10:40:29,676 - INFO - Using dataset path: /mnt/NVMETank/Projects/Students/Dele/A-STUDY-INTO-THE-QUALITY-AND-USABILITY-OF-PRIVACY-FRIENDLY-SYNTHETIC-DATA/datasets/original/censusIncome.csv
2025-05-08 10:40:29,676 - INFO - Target column: income, separator: ','
2025-05-08 10:40:29,676 - INFO - Configuration loaded: enable_anonymization = True, enable_synthesis = False, enable_hybrid = False, enable_utility = True, delete_after_evaluation = False
2025-05-08 10:40:29,677 - INFO - Running preprocessing...
2025-05-08 10:40:29,681 - INFO -  [PREPROCESSING] Preprocessed files found. Skipping preprocessing.
2025-05-08 10:40:29,818 - INFO - Preprocessing completed. Rows before: 48842, after: 39073
2025-05-08 10:40:29,818 - INFO - Preprocessed data saved to: outputs/batch/censusIncome_batch_2025-05-08_10-04-54/censusIncome_anon_k16_sl0p3_l2/preprocessing_report.txt
2025-05-08 10:40:29,818 - INFO - enable_anonymization = True
2025-05-08 10:40:29,818 - INFO - Starting Anonymization Pipeline with output path: /mnt/NVMETank/Projects/Students/Dele/A-STUDY-INTO-THE-QUALITY-AND-USABILITY-OF-PRIVACY-FRIENDLY-SYNTHETIC-DATA/datasets/anonymized/censusIncome_k16_l2_sup30_anonymized.csv.......
2025-05-08 10:40:29,822 - INFO -  [ANONYMIZATION] Executing run_anonymization, config_path : configs/generated_configs/censusIncome/censusIncome_anon_k16_sl0p3_l2.yaml...........
2025-05-08 10:40:29,823 - INFO -  [ANONYMIZATION] Using JAR file at /mnt/NVMETank/Projects/Students/Dele/A-STUDY-INTO-THE-QUALITY-AND-USABILITY-OF-PRIVACY-FRIENDLY-SYNTHETIC-DATA/src/anonymization/anonymARXij/bin/anonymARXij.jar to anonymize the dataset.
2025-05-08 10:40:44,422 - INFO -  [ANONYMIZATION] Anonimized file saved to : /mnt/NVMETank/Projects/Students/Dele/A-STUDY-INTO-THE-QUALITY-AND-USABILITY-OF-PRIVACY-FRIENDLY-SYNTHETIC-DATA/datasets/anonymized/censusIncome_k16_l2_sup30_anonymized.csv
2025-05-08 10:40:44,422 - INFO -  [ANONYMIZATION] Java anonymization completed successfully.
2025-05-08 10:40:44,422 - INFO -  [ANONYMIZATION] Java STDOUT:
📄 Java received config path: /mnt/NVMETank/Projects/Students/Dele/A-STUDY-INTO-THE-QUALITY-AND-USABILITY-OF-PRIVACY-FRIENDLY-SYNTHETIC-DATA/configs/generated_configs/censusIncome/censusIncome_anon_k16_sl0p3_l2.yaml
🔹 Loading config from: /mnt/NVMETank/Projects/Students/Dele/A-STUDY-INTO-THE-QUALITY-AND-USABILITY-OF-PRIVACY-FRIENDLY-SYNTHETIC-DATA/configs/generated_configs/censusIncome/censusIncome_anon_k16_sl0p3_l2.yaml
Loading config from: /mnt/NVMETank/Projects/Students/Dele/A-STUDY-INTO-THE-QUALITY-AND-USABILITY-OF-PRIVACY-FRIENDLY-SYNTHETIC-DATA/configs/generated_configs/censusIncome/censusIncome_anon_k16_sl0p3_l2.yaml
📂 Dataset Path (from args): /mnt/NVMETank/Projects/Students/Dele/A-STUDY-INTO-THE-QUALITY-AND-USABILITY-OF-PRIVACY-FRIENDLY-SYNTHETIC-DATA/datasets/train/censusIncome_train_raw.csv
🔹 Dataset Separator: ,
🔹 Suppression Limit: 0.3

🔹 Configured Attributes:
  ✅ Quasi-Identifier: age
  ✅ Quasi-Identifier: education
  ✅ Quasi-Identifier: workclass
  ✅ Quasi-Identifier: marital-status
  ✅ Quasi-Identifier: occupation
  ✅ Quasi-Identifier: race
  ✅ Quasi-Identifier: sex
  ✅ Quasi-Identifier: native-country
  ✅ Sensitive Attribute: income
  ✅ Insensitive Attribute: fnlwgt
  ✅ Insensitive Attribute: hours-per-week
  ✅ Insensitive Attribute: capital-gain
  ✅ Insensitive Attribute: capital-loss
  ✅ Insensitive Attribute: relationship
  ✅ Insensitive Attribute: education-num

🔹 Defined Hierarchies:
  ✅ education -> /mnt/NVMETank/Projects/Students/Dele/A-STUDY-INTO-THE-QUALITY-AND-USABILITY-OF-PRIVACY-FRIENDLY-SYNTHETIC-DATA/src/anonymization/anonymARXij/src/hierarchies_censusIncome/education.csv
  ✅ occupation -> /mnt/NVMETank/Projects/Students/Dele/A-STUDY-INTO-THE-QUALITY-AND-USABILITY-OF-PRIVACY-FRIENDLY-SYNTHETIC-DATA/src/anonymization/anonymARXij/src/hierarchies_censusIncome/occupation.csv
  ✅ workclass -> /mnt/NVMETank/Projects/Students/Dele/A-STUDY-INTO-THE-QUALITY-AND-USABILITY-OF-PRIVACY-FRIENDLY-SYNTHETIC-DATA/src/anonymization/anonymARXij/src/hierarchies_censusIncome/workclass.csv
  ✅ native-country -> /mnt/NVMETank/Projects/Students/Dele/A-STUDY-INTO-THE-QUALITY-AND-USABILITY-OF-PRIVACY-FRIENDLY-SYNTHETIC-DATA/src/anonymization/anonymARXij/src/hierarchies_censusIncome/native-country.csv
  ✅ race -> /mnt/NVMETank/Projects/Students/Dele/A-STUDY-INTO-THE-QUALITY-AND-USABILITY-OF-PRIVACY-FRIENDLY-SYNTHETIC-DATA/src/anonymization/anonymARXij/src/hierarchies_censusIncome/race.csv
  ✅ sex -> /mnt/NVMETank/Projects/Students/Dele/A-STUDY-INTO-THE-QUALITY-AND-USABILITY-OF-PRIVACY-FRIENDLY-SYNTHETIC-DATA/src/anonymization/anonymARXij/src/hierarchies_censusIncome/sex.csv
  ✅ marital-status -> /mnt/NVMETank/Projects/Students/Dele/A-STUDY-INTO-THE-QUALITY-AND-USABILITY-OF-PRIVACY-FRIENDLY-SYNTHETIC-DATA/src/anonymization/anonymARXij/src/hierarchies_censusIncome/marital-status.csv
  ✅ age -> /mnt/NVMETank/Projects/Students/Dele/A-STUDY-INTO-THE-QUALITY-AND-USABILITY-OF-PRIVACY-FRIENDLY-SYNTHETIC-DATA/src/anonymization/anonymARXij/src/hierarchies_censusIncome/age.csv
Java is searching for hierarchy file at: /mnt/NVMETank/Projects/Students/Dele/A-STUDY-INTO-THE-QUALITY-AND-USABILITY-OF-PRIVACY-FRIENDLY-SYNTHETIC-DATA/src/anonymization/anonymARXij/src/hierarchies_censusIncome/education.csv
Java is searching for hierarchy file at: /mnt/NVMETank/Projects/Students/Dele/A-STUDY-INTO-THE-QUALITY-AND-USABILITY-OF-PRIVACY-FRIENDLY-SYNTHETIC-DATA/src/anonymization/anonymARXij/src/hierarchies_censusIncome/occupation.csv
Java is searching for hierarchy file at: /mnt/NVMETank/Projects/Students/Dele/A-STUDY-INTO-THE-QUALITY-AND-USABILITY-OF-PRIVACY-FRIENDLY-SYNTHETIC-DATA/src/anonymization/anonymARXij/src/hierarchies_censusIncome/workclass.csv
Java is searching for hierarchy file at: /mnt/NVMETank/Projects/Students/Dele/A-STUDY-INTO-THE-QUALITY-AND-USABILITY-OF-PRIVACY-FRIENDLY-SYNTHETIC-DATA/src/anonymization/anonymARXij/src/hierarchies_censusIncome/native-country.csv
Java is searching for hierarchy file at: /mnt/NVMETank/Projects/Students/Dele/A-STUDY-INTO-THE-QUALITY-AND-USABILITY-OF-PRIVACY-FRIENDLY-SYNTHETIC-DATA/src/anonymization/anonymARXij/src/hierarchies_censusIncome/race.csv
Java is searching for hierarchy file at: /mnt/NVMETank/Projects/Students/Dele/A-STUDY-INTO-THE-QUALITY-AND-USABILITY-OF-PRIVACY-FRIENDLY-SYNTHETIC-DATA/src/anonymization/anonymARXij/src/hierarchies_censusIncome/sex.csv
Java is searching for hierarchy file at: /mnt/NVMETank/Projects/Students/Dele/A-STUDY-INTO-THE-QUALITY-AND-USABILITY-OF-PRIVACY-FRIENDLY-SYNTHETIC-DATA/src/anonymization/anonymARXij/src/hierarchies_censusIncome/marital-status.csv
Java is searching for hierarchy file at: /mnt/NVMETank/Projects/Students/Dele/A-STUDY-INTO-THE-QUALITY-AND-USABILITY-OF-PRIVACY-FRIENDLY-SYNTHETIC-DATA/src/anonymization/anonymARXij/src/hierarchies_censusIncome/age.csv
✓ Applied Distinct L-Diversity on: income (l=2)
🔹 Privacy Models Configured
📂 Anonymized Output Path (from args): /mnt/NVMETank/Projects/Students/Dele/A-STUDY-INTO-THE-QUALITY-AND-USABILITY-OF-PRIVACY-FRIENDLY-SYNTHETIC-DATA/datasets/anonymized/censusIncome_k16_l2_sup30_anonymized.csv
📂 Anonymized Output Path: /mnt/NVMETank/Projects/Students/Dele/A-STUDY-INTO-THE-QUALITY-AND-USABILITY-OF-PRIVACY-FRIENDLY-SYNTHETIC-DATA/datasets/anonymized/censusIncome_k16_l2_sup30_anonymized.csv
✅ Anonymization completed. Output saved to: /mnt/NVMETank/Projects/Students/Dele/A-STUDY-INTO-THE-QUALITY-AND-USABILITY-OF-PRIVACY-FRIENDLY-SYNTHETIC-DATA/datasets/anonymized/censusIncome_k16_l2_sup30_anonymized.csv
Anonymized Data Quality Metrics:
 - Ambiguity: 0.875316142725287
 - AECS: 0.9967651646915612
 - Discernibility: 0.8595540233258305
 - Granularity: 0.7054311218400363
 - MSE: 0.7790859706441019
 - Non-Uniform Entropy: 0.3974401404409712
 - Precision: 0.5269920588202159
 - Record-level SE: 0.6125338092877479
Equivalence Class Statistics:
 - Number of Classes: 267
 - Average Class Size: 128.09737827715355
Suppression Statistics:
 - Suppressed Records: 4871
 - Suppression Percentage: 12.47%
2025-05-08 10:40:44,423 - INFO - Anonymized data saved to: /mnt/NVMETank/Projects/Students/Dele/A-STUDY-INTO-THE-QUALITY-AND-USABILITY-OF-PRIVACY-FRIENDLY-SYNTHETIC-DATA/datasets/anonymized/censusIncome_k16_l2_sup30_anonymized.csv
2025-05-08 10:40:44,554 - INFO - Anonymous data report saved at: outputs/batch/censusIncome_batch_2025-05-08_10-04-54/censusIncome_anon_k16_sl0p3_l2/anonymous_data_report.txt
2025-05-08 10:40:44,554 - INFO -  [POSTPROCESSING] Postprocessing anonymized data: /mnt/NVMETank/Projects/Students/Dele/A-STUDY-INTO-THE-QUALITY-AND-USABILITY-OF-PRIVACY-FRIENDLY-SYNTHETIC-DATA/datasets/anonymized/censusIncome_k16_l2_sup30_anonymized.csv
2025-05-08 10:40:44,589 - INFO -  [POSTPROCESSING] Loaded anonymized data: (39073, 15)
2025-05-08 10:40:44,669 - INFO -  [POSTPROCESSING] Loaded fallback maps from training data. Categorical cols: 9, Numeric cols: 6
2025-05-08 10:40:44,669 - INFO -  [POSTPROCESSING] Normalizing anonymized data using ARX artifact cleaning and fallback values.
2025-05-08 10:40:45,862 - INFO -  [POSTPROCESSING] Normalized anonymized data saved to: /mnt/NVMETank/Projects/Students/Dele/A-STUDY-INTO-THE-QUALITY-AND-USABILITY-OF-PRIVACY-FRIENDLY-SYNTHETIC-DATA/datasets/anonymized/censusIncome_k16_l2_sup30_anonymized_processed.csv
2025-05-08 10:40:45,965 - INFO -  [POSTPROCESSING] Binary Encoding applied to anonymized data. Encoded shape: (39073, 37)
2025-05-08 10:40:46,123 - INFO -  [POSTPROCESSING] Encoded anonymized dataset saved to: /mnt/NVMETank/Projects/Students/Dele/A-STUDY-INTO-THE-QUALITY-AND-USABILITY-OF-PRIVACY-FRIENDLY-SYNTHETIC-DATA/datasets/anonymized/censusIncome_k16_l2_sup30_anonymized_encoded.csv
2025-05-08 10:40:46,123 - INFO -  [POSTPROCESSING] Encoding map generated for anonymized data: 0 original categorical columns.
2025-05-08 10:40:46,127 - INFO - Postprocessing report saved at: outputs/batch/censusIncome_batch_2025-05-08_10-04-54/censusIncome_anon_k16_sl0p3_l2/postprocessing_report.txt
2025-05-08 10:40:46,127 - INFO - enable_synthetic_generation = False
2025-05-08 10:40:46,127 - INFO - Synthetic Data Generation Skipped (Disabled in Configuration).
2025-05-08 10:40:46,127 - INFO - Hybrid Pipeline skipped (disabled in configuration).
2025-05-08 10:40:46,127 - INFO - Starting Utility...
2025-05-08 10:40:46,127 - INFO - [UTILITY] Preparing datasets for machine learning...
2025-05-08 10:40:46,129 - INFO - [UTILITY] Original Data - Training Size: 39073, Testing Size: 9769
2025-05-08 10:40:46,131 - INFO - [UTILITY] Target class distribution (Original): {'<=50K': 19775, '<=50K.': 9948, '>50K': 6273, '>50K.': 3077}
2025-05-08 10:40:46,132 - INFO - [UTILITY] Processing anonymized dataset...
2025-05-08 10:40:46,135 - INFO - [UTILITY] Anonymized Data - Training Size: 39073
2025-05-08 10:40:46,136 - INFO - [UTILITY] Target class distribution (Anonymous): {'<=50K': 19775, '<=50K.': 9948, '>50K': 6273, '>50K.': 3077}
2025-05-08 10:40:46,136 - INFO - [UTILITY] Training models on all datasets...
2025-05-08 10:40:46,136 - INFO - [UTILITY] Total datasets used for training: 2
2025-05-08 10:40:46,136 - INFO - [TRAINING] Training models from scratch...
2025-05-08 10:40:46,136 - INFO - [TRAINING] Starting training for dataset: Original — Rows: 39073, Features: 36
2025-05-08 10:40:46,136 - INFO - [TRAINING] Training DecisionTree on Original...
2025-05-08 10:40:46,463 - INFO - [TRAINING] DecisionTree trained successfully on Original in 0.33 sec
2025-05-08 10:40:46,463 - INFO - [TRAINING] Training KNN on Original...
2025-05-08 10:40:46,492 - INFO - [TRAINING] KNN trained successfully on Original in 0.03 sec
2025-05-08 10:40:46,492 - INFO - [TRAINING] Training LogisticRegression on Original...
2025-05-08 10:40:47,216 - INFO - [TRAINING] LogisticRegression trained successfully on Original in 0.72 sec
2025-05-08 10:40:47,225 - INFO - [TRAINING] Training RandomForest on Original...
2025-05-08 10:40:51,279 - INFO - [TRAINING] RandomForest trained successfully on Original in 4.05 sec
2025-05-08 10:40:51,279 - INFO - [TRAINING] Training SVM on Original...
2025-05-08 10:41:27,856 - INFO - [TRAINING] SVM trained successfully on Original in 36.58 sec
2025-05-08 10:41:27,856 - INFO - [TRAINING] Finished training 5 model(s) for dataset: Original
2025-05-08 10:41:27,856 - INFO - [TRAINING] Starting training for dataset: Anonymous — Rows: 39073, Features: 36
2025-05-08 10:41:27,856 - INFO - [TRAINING] Training DecisionTree on Anonymous...
2025-05-08 10:41:28,145 - INFO - [TRAINING] DecisionTree trained successfully on Anonymous in 0.29 sec
2025-05-08 10:41:28,145 - INFO - [TRAINING] Training KNN on Anonymous...
2025-05-08 10:41:28,212 - INFO - [TRAINING] KNN trained successfully on Anonymous in 0.07 sec
2025-05-08 10:41:28,212 - INFO - [TRAINING] Training LogisticRegression on Anonymous...
2025-05-08 10:41:29,294 - INFO - [TRAINING] LogisticRegression trained successfully on Anonymous in 1.08 sec
2025-05-08 10:41:29,294 - INFO - [TRAINING] Training RandomForest on Anonymous...
2025-05-08 10:41:33,046 - INFO - [TRAINING] RandomForest trained successfully on Anonymous in 3.75 sec
2025-05-08 10:41:33,046 - INFO - [TRAINING] Training SVM on Anonymous...
2025-05-08 10:42:09,656 - INFO - [TRAINING] SVM trained successfully on Anonymous in 36.61 sec
2025-05-08 10:42:09,656 - INFO - [TRAINING] Finished training 5 model(s) for dataset: Anonymous
2025-05-08 10:42:09,656 - INFO - [TRAINING] Total models trained across all datasets: 10
2025-05-08 10:42:09,656 - INFO - [UTILITY] Trained model names: ['Original', 'Anonymous']
2025-05-08 10:42:09,657 - INFO - [UTILITY] Model Training Completed.
2025-05-08 10:42:09,657 - INFO - Starting the Evaluating of models...
2025-05-08 10:42:09,657 - INFO - Preparing evaluation for model 'DecisionTree' across all datasets...
2025-05-08 10:42:09,657 - INFO - Evaluating DecisionTree on Original...
2025-05-08 10:42:09,661 - INFO - Predictions completed for DecisionTree on Original
2025-05-08 10:42:09,662 - INFO - Prediction distribution for DecisionTree on Original: {'<=50K': 4776, '<=50K.': 2518, '>50K': 1614, '>50K.': 861}
2025-05-08 10:42:09,759 - INFO - Computed 8 metric(s) for DecisionTree on Original
2025-05-08 10:42:09,759 - INFO - Evaluating DecisionTree on Anonymous...
2025-05-08 10:42:09,762 - INFO - Predictions completed for DecisionTree on Anonymous
2025-05-08 10:42:09,763 - INFO - Prediction distribution for DecisionTree on Anonymous: {'<=50K': 4847, '<=50K.': 2638, '>50K': 1530, '>50K.': 754}
2025-05-08 10:42:09,859 - INFO - Computed 8 metric(s) for DecisionTree on Anonymous
2025-05-08 10:42:09,859 - INFO - Preparing evaluation for model 'KNN' across all datasets...
2025-05-08 10:42:09,859 - INFO - Evaluating KNN on Original...
2025-05-08 10:42:12,592 - INFO - Predictions completed for KNN on Original
2025-05-08 10:42:12,593 - INFO - Prediction distribution for KNN on Original: {'<=50K': 7038, '<=50K.': 1542, '>50K': 1005, '>50K.': 184}
2025-05-08 10:42:17,744 - INFO - Computed 8 metric(s) for KNN on Original
2025-05-08 10:42:17,744 - INFO - Evaluating KNN on Anonymous...
2025-05-08 10:42:20,426 - INFO - Predictions completed for KNN on Anonymous
2025-05-08 10:42:20,426 - INFO - Prediction distribution for KNN on Anonymous: {'<=50K': 7098, '<=50K.': 1602, '>50K': 903, '>50K.': 166}
2025-05-08 10:42:25,617 - INFO - Computed 8 metric(s) for KNN on Anonymous
2025-05-08 10:42:25,617 - INFO - Preparing evaluation for model 'LogisticRegression' across all datasets...
2025-05-08 10:42:25,617 - INFO - Evaluating LogisticRegression on Original...
2025-05-08 10:42:25,620 - INFO - Predictions completed for LogisticRegression on Original
2025-05-08 10:42:25,620 - INFO - Prediction distribution for LogisticRegression on Original: {'<=50K': 7883, '>50K': 1884, '>50K.': 2}
2025-05-08 10:42:25,642 - WARNING - [UndefinedMetricWarning] Precision is ill-defined and being set to 0.0 in labels with no predicted samples. Use `zero_division` parameter to control this behavior. (from /mnt/NVMETank/Projects/Students/Dele/A-STUDY-INTO-THE-QUALITY-AND-USABILITY-OF-PRIVACY-FRIENDLY-SYNTHETIC-DATA/.venv/lib/python3.12/site-packages/sklearn/metrics/_classification.py:1565)
2025-05-08 10:42:25,659 - WARNING - [UndefinedMetricWarning] Precision is ill-defined and being set to 0.0 in labels with no predicted samples. Use `zero_division` parameter to control this behavior. (from /mnt/NVMETank/Projects/Students/Dele/A-STUDY-INTO-THE-QUALITY-AND-USABILITY-OF-PRIVACY-FRIENDLY-SYNTHETIC-DATA/.venv/lib/python3.12/site-packages/sklearn/metrics/_classification.py:1565)
2025-05-08 10:42:25,676 - WARNING - [UndefinedMetricWarning] Precision is ill-defined and being set to 0.0 in labels with no predicted samples. Use `zero_division` parameter to control this behavior. (from /mnt/NVMETank/Projects/Students/Dele/A-STUDY-INTO-THE-QUALITY-AND-USABILITY-OF-PRIVACY-FRIENDLY-SYNTHETIC-DATA/.venv/lib/python3.12/site-packages/sklearn/metrics/_classification.py:1565)
2025-05-08 10:42:25,718 - INFO - Computed 8 metric(s) for LogisticRegression on Original
2025-05-08 10:42:25,718 - INFO - Evaluating LogisticRegression on Anonymous...
2025-05-08 10:42:25,720 - INFO - Predictions completed for LogisticRegression on Anonymous
2025-05-08 10:42:25,721 - INFO - Prediction distribution for LogisticRegression on Anonymous: {'<=50K': 8655, '>50K': 1063, '>50K.': 32, '<=50K.': 19}
2025-05-08 10:42:25,819 - INFO - Computed 8 metric(s) for LogisticRegression on Anonymous
2025-05-08 10:42:25,819 - INFO - Preparing evaluation for model 'RandomForest' across all datasets...
2025-05-08 10:42:25,819 - INFO - Evaluating RandomForest on Original...
2025-05-08 10:42:26,013 - INFO - Predictions completed for RandomForest on Original
2025-05-08 10:42:26,014 - INFO - Prediction distribution for RandomForest on Original: {'<=50K': 6649, '>50K': 1680, '<=50K.': 1080, '>50K.': 360}
2025-05-08 10:42:26,491 - INFO - Computed 8 metric(s) for RandomForest on Original
2025-05-08 10:42:26,491 - INFO - Evaluating RandomForest on Anonymous...
2025-05-08 10:42:26,650 - INFO - Predictions completed for RandomForest on Anonymous
2025-05-08 10:42:26,651 - INFO - Prediction distribution for RandomForest on Anonymous: {'<=50K': 6744, '>50K': 1440, '<=50K.': 1264, '>50K.': 321}
2025-05-08 10:42:27,061 - INFO - Computed 8 metric(s) for RandomForest on Anonymous
2025-05-08 10:42:27,061 - INFO - Preparing evaluation for model 'SVM' across all datasets...
2025-05-08 10:42:27,061 - INFO - Evaluating SVM on Original...
2025-05-08 10:42:38,980 - INFO - Predictions completed for SVM on Original
2025-05-08 10:42:38,981 - INFO - Prediction distribution for SVM on Original: {'<=50K': 9395, '>50K': 374}
2025-05-08 10:42:39,002 - WARNING - [UndefinedMetricWarning] Precision is ill-defined and being set to 0.0 in labels with no predicted samples. Use `zero_division` parameter to control this behavior. (from /mnt/NVMETank/Projects/Students/Dele/A-STUDY-INTO-THE-QUALITY-AND-USABILITY-OF-PRIVACY-FRIENDLY-SYNTHETIC-DATA/.venv/lib/python3.12/site-packages/sklearn/metrics/_classification.py:1565)
2025-05-08 10:42:39,020 - WARNING - [UndefinedMetricWarning] Precision is ill-defined and being set to 0.0 in labels with no predicted samples. Use `zero_division` parameter to control this behavior. (from /mnt/NVMETank/Projects/Students/Dele/A-STUDY-INTO-THE-QUALITY-AND-USABILITY-OF-PRIVACY-FRIENDLY-SYNTHETIC-DATA/.venv/lib/python3.12/site-packages/sklearn/metrics/_classification.py:1565)
2025-05-08 10:42:39,037 - WARNING - [UndefinedMetricWarning] Precision is ill-defined and being set to 0.0 in labels with no predicted samples. Use `zero_division` parameter to control this behavior. (from /mnt/NVMETank/Projects/Students/Dele/A-STUDY-INTO-THE-QUALITY-AND-USABILITY-OF-PRIVACY-FRIENDLY-SYNTHETIC-DATA/.venv/lib/python3.12/site-packages/sklearn/metrics/_classification.py:1565)
2025-05-08 10:42:39,051 - INFO - Computed 8 metric(s) for SVM on Original
2025-05-08 10:42:39,051 - INFO - Evaluating SVM on Anonymous...
2025-05-08 10:42:50,974 - INFO - Predictions completed for SVM on Anonymous
2025-05-08 10:42:50,975 - INFO - Prediction distribution for SVM on Anonymous: {'<=50K': 9395, '>50K': 374}
2025-05-08 10:42:50,996 - WARNING - [UndefinedMetricWarning] Precision is ill-defined and being set to 0.0 in labels with no predicted samples. Use `zero_division` parameter to control this behavior. (from /mnt/NVMETank/Projects/Students/Dele/A-STUDY-INTO-THE-QUALITY-AND-USABILITY-OF-PRIVACY-FRIENDLY-SYNTHETIC-DATA/.venv/lib/python3.12/site-packages/sklearn/metrics/_classification.py:1565)
2025-05-08 10:42:51,013 - WARNING - [UndefinedMetricWarning] Precision is ill-defined and being set to 0.0 in labels with no predicted samples. Use `zero_division` parameter to control this behavior. (from /mnt/NVMETank/Projects/Students/Dele/A-STUDY-INTO-THE-QUALITY-AND-USABILITY-OF-PRIVACY-FRIENDLY-SYNTHETIC-DATA/.venv/lib/python3.12/site-packages/sklearn/metrics/_classification.py:1565)
2025-05-08 10:42:51,031 - WARNING - [UndefinedMetricWarning] Precision is ill-defined and being set to 0.0 in labels with no predicted samples. Use `zero_division` parameter to control this behavior. (from /mnt/NVMETank/Projects/Students/Dele/A-STUDY-INTO-THE-QUALITY-AND-USABILITY-OF-PRIVACY-FRIENDLY-SYNTHETIC-DATA/.venv/lib/python3.12/site-packages/sklearn/metrics/_classification.py:1565)
2025-05-08 10:42:51,045 - INFO - Computed 8 metric(s) for SVM on Anonymous
2025-05-08 10:42:51,048 - INFO - Evaluation completed for all models.
2025-05-08 10:42:51,048 - INFO - Model evaluation completed in 41.39 seconds.
2025-05-08 10:42:51,049 - INFO - Evaluated models: ['DecisionTree', 'KNN', 'LogisticRegression', 'RandomForest', 'SVM']
2025-05-08 10:42:51,049 - INFO - Model Training and Evaluation completed.
2025-05-08 10:42:51,495 - INFO -  Visualizations saved.
2025-05-08 10:42:51,495 - INFO -  Benchmarking Completed. Results saved in output folder.
