2025-05-05 22:51:15,157 - INFO - Loaded config file: configs/benchmark_config.yaml
2025-05-05 22:51:15,160 - INFO -  Benchmarking started for dataset: bankMarketing
2025-05-05 22:51:15,160 - INFO - Using dataset path: c:\Users\delea\OneDrive\Documents\Desktop\Master_Thesis\MasterThesisCode\datasets\original\bankMarketing.csv
2025-05-05 22:51:15,160 - INFO - Target column: y, separator: ';'
2025-05-05 22:51:15,161 - INFO - Configuration loaded: enable_anonymization = True, enable_synthesis = False, enable_hybrid = False, enable_utility = True, delete_after_evaluation = False
2025-05-05 22:51:15,161 - INFO - Running preprocessing...
2025-05-05 22:51:15,166 - INFO -  [PREPROCESSING] Preprocessed files found. Skipping preprocessing.
2025-05-05 22:51:15,300 - INFO - Preprocessing completed. Rows before: 45211, after: 36168
2025-05-05 22:51:15,300 - INFO - Preprocessed data saved to: outputs\singular\bankMarketing_2025-05-05_22-51-15\preprocessing_report.txt
2025-05-05 22:51:15,303 - INFO - enable_anonymization = True
2025-05-05 22:51:15,303 - INFO - Starting Anonymization Pipeline with output path: C:\Users\delea\OneDrive\Documents\Desktop\Master_Thesis\MasterThesisCode\datasets\anonymized\bankMarketing_k200_l2_sup01_anonymized.csv.......
2025-05-05 22:51:15,306 - INFO -  [ANONYMIZATION] Executing run_anonymization, config_path : configs/benchmark_config.yaml...........
2025-05-05 22:51:15,307 - INFO -  [ANONYMIZATION] Using JAR file at C:\Users\delea\OneDrive\Documents\Desktop\Master_Thesis\MasterThesisCode\src\anonymization\anonymARXij\bin\anonymARXij.jar to anonymize the dataset.
2025-05-05 22:51:18,008 - INFO -  [ANONYMIZATION] Anonimized file saved to : C:\Users\delea\OneDrive\Documents\Desktop\Master_Thesis\MasterThesisCode\datasets\anonymized\bankMarketing_k200_l2_sup01_anonymized.csv
2025-05-05 22:51:18,024 - INFO -  [ANONYMIZATION] Java anonymization completed successfully.
2025-05-05 22:51:18,024 - INFO -  [ANONYMIZATION] Java STDOUT:
? Java received config path: C:\Users\delea\OneDrive\Documents\Desktop\Master_Thesis\MasterThesisCode\configs\benchmark_config.yaml
? Loading config from: C:\Users\delea\OneDrive\Documents\Desktop\Master_Thesis\MasterThesisCode\configs\benchmark_config.yaml
Loading config from: C:\Users\delea\OneDrive\Documents\Desktop\Master_Thesis\MasterThesisCode\configs\benchmark_config.yaml
? Dataset Path (from args): C:\Users\delea\OneDrive\Documents\Desktop\Master_Thesis\MasterThesisCode\datasets\train\bankMarketing_train_raw.csv
? Dataset Separator: ;
? Suppression Limit: 0.01

? Configured Attributes:
  ? Quasi-Identifier: age
  ? Quasi-Identifier: marital
  ? Quasi-Identifier: education
  ? Quasi-Identifier: job
  ? Quasi-Identifier: loan
  ? Quasi-Identifier: housing
  ? Sensitive Attribute: balance
  ? Insensitive Attribute: default
  ? Insensitive Attribute: contact
  ? Insensitive Attribute: day
  ? Insensitive Attribute: month
  ? Insensitive Attribute: campaign
  ? Insensitive Attribute: pdays
  ? Insensitive Attribute: previous
  ? Insensitive Attribute: poutcome
  ? Insensitive Attribute: y

? Defined Hierarchies:
  ? marital -> C:\Users\delea\OneDrive\Documents\Desktop\Master_Thesis\MasterThesisCode\src\anonymization\anonymARXij\src\hierarchies_bankMarketing\marital.csv
  ? loan -> C:\Users\delea\OneDrive\Documents\Desktop\Master_Thesis\MasterThesisCode\src\anonymization\anonymARXij\src\hierarchies_bankMarketing\loan.csv
  ? education -> C:\Users\delea\OneDrive\Documents\Desktop\Master_Thesis\MasterThesisCode\src\anonymization\anonymARXij\src\hierarchies_bankMarketing\education.csv
  ? housing -> C:\Users\delea\OneDrive\Documents\Desktop\Master_Thesis\MasterThesisCode\src\anonymization\anonymARXij\src\hierarchies_bankMarketing\housing.csv
  ? job -> C:\Users\delea\OneDrive\Documents\Desktop\Master_Thesis\MasterThesisCode\src\anonymization\anonymARXij\src\hierarchies_bankMarketing\job.csv
  ? age -> C:\Users\delea\OneDrive\Documents\Desktop\Master_Thesis\MasterThesisCode\src\anonymization\anonymARXij\src\hierarchies_bankMarketing\age.csv
Java is searching for hierarchy file at: C:\Users\delea\OneDrive\Documents\Desktop\Master_Thesis\MasterThesisCode\src\anonymization\anonymARXij\src\hierarchies_bankMarketing\marital.csv
Java is searching for hierarchy file at: C:\Users\delea\OneDrive\Documents\Desktop\Master_Thesis\MasterThesisCode\src\anonymization\anonymARXij\src\hierarchies_bankMarketing\loan.csv
Java is searching for hierarchy file at: C:\Users\delea\OneDrive\Documents\Desktop\Master_Thesis\MasterThesisCode\src\anonymization\anonymARXij\src\hierarchies_bankMarketing\education.csv
Java is searching for hierarchy file at: C:\Users\delea\OneDrive\Documents\Desktop\Master_Thesis\MasterThesisCode\src\anonymization\anonymARXij\src\hierarchies_bankMarketing\housing.csv
Java is searching for hierarchy file at: C:\Users\delea\OneDrive\Documents\Desktop\Master_Thesis\MasterThesisCode\src\anonymization\anonymARXij\src\hierarchies_bankMarketing\job.csv
Java is searching for hierarchy file at: C:\Users\delea\OneDrive\Documents\Desktop\Master_Thesis\MasterThesisCode\src\anonymization\anonymARXij\src\hierarchies_bankMarketing\age.csv
? Applied Distinct L-Diversity on: balance (l=2)
? Privacy Models Configured
? Anonymized Output Path (from args): C:\Users\delea\OneDrive\Documents\Desktop\Master_Thesis\MasterThesisCode\datasets\anonymized\bankMarketing_k200_l2_sup01_anonymized.csv
? Anonymized Output Path: C:\Users\delea\OneDrive\Documents\Desktop\Master_Thesis\MasterThesisCode\datasets\anonymized\bankMarketing_k200_l2_sup01_anonymized.csv
? Anonymization completed. Output saved to: C:\Users\delea\OneDrive\Documents\Desktop\Master_Thesis\MasterThesisCode\datasets\anonymized\bankMarketing_k200_l2_sup01_anonymized.csv
Anonymized Data Quality Metrics:
 - Ambiguity: 0.977815148659966
 - AECS: 0.96197443134167
 - Discernibility: 0.9209175133255126
 - Granularity: 0.5488254334384471
 - MSE: 0.003160997259504472
 - Non-Uniform Entropy: 0.5574898227831349
 - Precision: 0.7303920439184841
 - Record-level SE: 0.22403666664558808
Equivalence Class Statistics:
 - Number of Classes: 26
 - Average Class Size: 1380.2692307692307
Suppression Statistics:
 - Suppressed Records: 281
 - Suppression Percentage: 0.78%
2025-05-05 22:51:18,024 - INFO - Anonymized data saved to: C:\Users\delea\OneDrive\Documents\Desktop\Master_Thesis\MasterThesisCode\datasets\anonymized\bankMarketing_k200_l2_sup01_anonymized.csv
2025-05-05 22:51:18,186 - INFO - Anonymous data report saved at: outputs\singular\bankMarketing_2025-05-05_22-51-15\anonymous_data_report.txt
2025-05-05 22:51:18,186 - INFO -  [POSTPROCESSING] Postprocessing anonymized data: C:\Users\delea\OneDrive\Documents\Desktop\Master_Thesis\MasterThesisCode\datasets\anonymized\bankMarketing_k200_l2_sup01_anonymized.csv
2025-05-05 22:51:18,230 - INFO -  [POSTPROCESSING] Loaded anonymized data: (36168, 16)
2025-05-05 22:51:18,328 - INFO -  [POSTPROCESSING] Loaded fallback maps from training data. Categorical cols: 10, Numeric cols: 6
2025-05-05 22:51:18,329 - INFO -  [POSTPROCESSING] Normalizing anonymized data using ARX artifact cleaning and fallback values.
2025-05-05 22:51:19,558 - INFO -  [POSTPROCESSING] Normalized anonymized data saved to: C:\Users\delea\OneDrive\Documents\Desktop\Master_Thesis\MasterThesisCode\datasets\anonymized\bankMarketing_k200_l2_sup01_anonymized_processed.csv
2025-05-05 22:51:19,688 - INFO -  [POSTPROCESSING] Binary Encoding applied to anonymized data. Encoded shape: (36168, 31)
2025-05-05 22:51:19,846 - INFO -  [POSTPROCESSING] Encoded anonymized dataset saved to: C:\Users\delea\OneDrive\Documents\Desktop\Master_Thesis\MasterThesisCode\datasets\anonymized\bankMarketing_k200_l2_sup01_anonymized_encoded.csv
2025-05-05 22:51:19,846 - INFO -  [POSTPROCESSING] Encoding map generated for anonymized data: 0 original categorical columns.
2025-05-05 22:51:19,851 - INFO - Postprocessing report saved at: outputs\singular\bankMarketing_2025-05-05_22-51-15\postprocessing_report.txt
2025-05-05 22:51:19,853 - INFO - enable_synthetic_generation = False
2025-05-05 22:51:19,853 - INFO - Synthetic Data Generation Skipped (Disabled in Configuration).
2025-05-05 22:51:19,854 - INFO - Hybrid Pipeline skipped (disabled in configuration).
2025-05-05 22:51:19,854 - INFO - Starting Utility...
2025-05-05 22:51:19,855 - INFO - [UTILITY] Preparing datasets for machine learning...
2025-05-05 22:51:19,860 - INFO - [UTILITY] Original Data - Training Size: 36168, Testing Size: 9043
2025-05-05 22:51:19,861 - INFO - [UTILITY] Target class distribution (Original): {'no': 31937, 'yes': 4231}
2025-05-05 22:51:19,864 - INFO - [UTILITY] Processing anonymized dataset...
2025-05-05 22:51:19,866 - INFO - [UTILITY] Anonymized Data - Training Size: 36168
2025-05-05 22:51:19,870 - INFO - [UTILITY] Target class distribution (Anonymous): {'no': 31937, 'yes': 4231}
2025-05-05 22:51:19,871 - INFO - [UTILITY] Training models on all datasets...
2025-05-05 22:51:19,871 - INFO - [UTILITY] Total datasets used for training: 2
2025-05-05 22:51:19,872 - INFO - [TRAINING] Training models from scratch...
2025-05-05 22:51:19,872 - INFO - [TRAINING] Starting training for dataset: Original — Rows: 36168, Features: 30
2025-05-05 22:51:19,872 - INFO - [TRAINING] Training LogisticRegression on Original...
2025-05-05 22:51:19,961 - INFO - [TRAINING] LogisticRegression trained successfully on Original in 0.09 sec
2025-05-05 22:51:19,961 - INFO - [TRAINING] Training KNN on Original...
2025-05-05 22:51:19,979 - INFO - [TRAINING] KNN trained successfully on Original in 0.02 sec
2025-05-05 22:51:19,979 - INFO - [TRAINING] Training RandomForest on Original...
2025-05-05 22:51:22,884 - INFO - [TRAINING] RandomForest trained successfully on Original in 2.90 sec
2025-05-05 22:51:22,885 - INFO - [TRAINING] Training DecisionTree on Original...
2025-05-05 22:51:23,115 - INFO - [TRAINING] DecisionTree trained successfully on Original in 0.23 sec
2025-05-05 22:51:23,116 - INFO - [TRAINING] Finished training 4 model(s) for dataset: Original
2025-05-05 22:51:23,116 - INFO - [TRAINING] Starting training for dataset: Anonymous — Rows: 36168, Features: 30
2025-05-05 22:51:23,116 - INFO - [TRAINING] Training LogisticRegression on Anonymous...
2025-05-05 22:51:23,295 - INFO - [TRAINING] LogisticRegression trained successfully on Anonymous in 0.18 sec
2025-05-05 22:51:23,295 - INFO - [TRAINING] Training KNN on Anonymous...
2025-05-05 22:51:23,358 - INFO - [TRAINING] KNN trained successfully on Anonymous in 0.06 sec
2025-05-05 22:51:23,359 - INFO - [TRAINING] Training RandomForest on Anonymous...
2025-05-05 22:51:26,297 - INFO - [TRAINING] RandomForest trained successfully on Anonymous in 2.94 sec
2025-05-05 22:51:26,297 - INFO - [TRAINING] Training DecisionTree on Anonymous...
2025-05-05 22:51:26,520 - INFO - [TRAINING] DecisionTree trained successfully on Anonymous in 0.22 sec
2025-05-05 22:51:26,520 - INFO - [TRAINING] Finished training 4 model(s) for dataset: Anonymous
2025-05-05 22:51:26,520 - INFO - [TRAINING] Total models trained across all datasets: 8
2025-05-05 22:51:26,522 - INFO - [UTILITY] Trained model names: ['Original', 'Anonymous']
2025-05-05 22:51:26,522 - INFO - [UTILITY] Model Training Completed.
2025-05-05 22:51:26,522 - INFO - Starting the Evaluating of models...
2025-05-05 22:51:26,522 - INFO - Preparing evaluation for model 'LogisticRegression' across all datasets...
2025-05-05 22:51:26,522 - INFO - Evaluating LogisticRegression on Original...
2025-05-05 22:51:26,528 - INFO - Predictions completed for LogisticRegression on Original
2025-05-05 22:51:26,528 - INFO - Prediction distribution for LogisticRegression on Original: {'no': 8778, 'yes': 265}
2025-05-05 22:51:26,625 - INFO - Computed 8 metric(s) for LogisticRegression on Original
2025-05-05 22:51:26,625 - INFO - Evaluating LogisticRegression on Anonymous...
2025-05-05 22:51:26,641 - INFO - Predictions completed for LogisticRegression on Anonymous
2025-05-05 22:51:26,641 - INFO - Prediction distribution for LogisticRegression on Anonymous: {'no': 8781, 'yes': 262}
2025-05-05 22:51:26,741 - INFO - Computed 8 metric(s) for LogisticRegression on Anonymous
2025-05-05 22:51:26,741 - INFO - Preparing evaluation for model 'KNN' across all datasets...
2025-05-05 22:51:26,741 - INFO - Evaluating KNN on Original...
2025-05-05 22:51:33,124 - INFO - Predictions completed for KNN on Original
2025-05-05 22:51:33,130 - INFO - Prediction distribution for KNN on Original: {'no': 8753, 'yes': 290}
2025-05-05 22:51:43,960 - INFO - Computed 8 metric(s) for KNN on Original
2025-05-05 22:51:43,960 - INFO - Evaluating KNN on Anonymous...
2025-05-05 22:51:51,123 - INFO - Predictions completed for KNN on Anonymous
2025-05-05 22:51:51,125 - INFO - Prediction distribution for KNN on Anonymous: {'no': 8722, 'yes': 321}
2025-05-05 22:52:02,546 - INFO - Computed 8 metric(s) for KNN on Anonymous
2025-05-05 22:52:02,546 - INFO - Preparing evaluation for model 'RandomForest' across all datasets...
2025-05-05 22:52:02,547 - INFO - Evaluating RandomForest on Original...
2025-05-05 22:52:02,716 - INFO - Predictions completed for RandomForest on Original
2025-05-05 22:52:02,718 - INFO - Prediction distribution for RandomForest on Original: {'no': 8654, 'yes': 389}
2025-05-05 22:52:03,124 - INFO - Computed 8 metric(s) for RandomForest on Original
2025-05-05 22:52:03,124 - INFO - Evaluating RandomForest on Anonymous...
2025-05-05 22:52:03,280 - INFO - Predictions completed for RandomForest on Anonymous
2025-05-05 22:52:03,281 - INFO - Prediction distribution for RandomForest on Anonymous: {'no': 8543, 'yes': 500}
2025-05-05 22:52:03,687 - INFO - Computed 8 metric(s) for RandomForest on Anonymous
2025-05-05 22:52:03,687 - INFO - Preparing evaluation for model 'DecisionTree' across all datasets...
2025-05-05 22:52:03,687 - INFO - Evaluating DecisionTree on Original...
2025-05-05 22:52:03,690 - INFO - Predictions completed for DecisionTree on Original
2025-05-05 22:52:03,695 - INFO - Prediction distribution for DecisionTree on Original: {'no': 7864, 'yes': 1179}
2025-05-05 22:52:03,792 - INFO - Computed 8 metric(s) for DecisionTree on Original
2025-05-05 22:52:03,792 - INFO - Evaluating DecisionTree on Anonymous...
2025-05-05 22:52:03,792 - INFO - Predictions completed for DecisionTree on Anonymous
2025-05-05 22:52:03,792 - INFO - Prediction distribution for DecisionTree on Anonymous: {'no': 7886, 'yes': 1157}
2025-05-05 22:52:03,908 - INFO - Computed 8 metric(s) for DecisionTree on Anonymous
2025-05-05 22:52:03,908 - INFO - Evaluation completed for all models.
2025-05-05 22:52:03,908 - INFO - Model evaluation completed in 37.39 seconds.
2025-05-05 22:52:03,923 - INFO - Evaluated models: ['DecisionTree', 'KNN', 'LogisticRegression', 'RandomForest']
2025-05-05 22:52:03,923 - INFO - Model Training and Evaluation completed.
2025-05-05 22:52:04,418 - INFO -  Visualizations saved.
2025-05-05 22:52:04,419 - INFO -  Benchmarking Completed. Results saved in output folder.
