2025-04-23 01:12:07,759 - INFO - Loaded config file: configs/generated_configs/loan/loan_synth_ep150_rows3x.yaml
2025-04-23 01:12:07,759 - INFO -  Benchmarking started for dataset: loan
2025-04-23 01:12:07,759 - INFO - Using dataset path: /mnt/NVMETank/Projects/Students/Dele/A-STUDY-INTO-THE-QUALITY-AND-USABILITY-OF-PRIVACY-FRIENDLY-SYNTHETIC-DATA/datasets/original/loan.csv
2025-04-23 01:12:07,759 - INFO - Target column: Loan_Status, separator: ','
2025-04-23 01:12:07,760 - INFO - Configuration loaded: enable_anonymization = False, enable_synthesis = True, enable_hybrid = False, enable_utility = True, delete_after_evaluation = True
2025-04-23 01:12:07,760 - INFO - Running preprocessing...
2025-04-23 01:12:07,765 - INFO -  [PREPROCESSING] Preprocessed files found. Skipping preprocessing.
2025-04-23 01:12:07,776 - INFO - Preprocessing completed. Rows before: 614, after: 336
2025-04-23 01:12:07,776 - INFO - Preprocessed data saved to: outputs/batch/loan_batch_2025-04-23_01-09-27/loan_synth_ep150_rows3x/preprocessing_report.txt
2025-04-23 01:12:07,776 - INFO - enable_anonymization = False
2025-04-23 01:12:07,776 - INFO - Anonymization Skipped (Disabled in Configuration).
2025-04-23 01:12:07,776 - INFO - enable_synthetic_generation = True
2025-04-23 01:12:07,776 - INFO - Starting standard Synthetic Data Generation pipeline...
2025-04-23 01:12:07,776 - INFO - Executing run_synthetic.....
2025-04-23 01:12:07,776 - INFO - [SYNTHETIC PIPELINE] executing run_synthetic for loan...
2025-04-23 01:12:07,776 - INFO - [SYNTHETIC] Processing dataset: loan
2025-04-23 01:12:07,776 - INFO - [SYNTHETIC] Original dataset size: 336 rows
2025-04-23 01:12:07,790 - INFO - Detected metadata:
2025-04-23 01:12:07,790 - INFO - {
    "columns": {
        "Loan_ID_0": {
            "sdtype": "categorical"
        },
        "Loan_ID_1": {
            "sdtype": "categorical"
        },
        "Loan_ID_2": {
            "sdtype": "categorical"
        },
        "Loan_ID_3": {
            "sdtype": "categorical"
        },
        "Loan_ID_4": {
            "sdtype": "categorical"
        },
        "Loan_ID_5": {
            "sdtype": "categorical"
        },
        "Loan_ID_6": {
            "sdtype": "categorical"
        },
        "Loan_ID_7": {
            "sdtype": "categorical"
        },
        "Loan_ID_8": {
            "sdtype": "categorical"
        },
        "Gender_0": {
            "sdtype": "categorical"
        },
        "Gender_1": {
            "sdtype": "categorical"
        },
        "Married_0": {
            "sdtype": "categorical"
        },
        "Married_1": {
            "sdtype": "categorical"
        },
        "Dependents_0": {
            "sdtype": "categorical"
        },
        "Dependents_1": {
            "sdtype": "categorical"
        },
        "Dependents_2": {
            "sdtype": "categorical"
        },
        "Education_0": {
            "sdtype": "categorical"
        },
        "Education_1": {
            "sdtype": "categorical"
        },
        "Self_Employed_0": {
            "sdtype": "categorical"
        },
        "Self_Employed_1": {
            "sdtype": "categorical"
        },
        "ApplicantIncome": {
            "sdtype": "numerical"
        },
        "CoapplicantIncome": {
            "sdtype": "numerical"
        },
        "LoanAmount": {
            "sdtype": "numerical"
        },
        "Loan_Amount_Term": {
            "sdtype": "categorical"
        },
        "Credit_History": {
            "sdtype": "categorical"
        },
        "Property_Area_0": {
            "sdtype": "categorical"
        },
        "Property_Area_1": {
            "sdtype": "categorical"
        },
        "Loan_Status": {
            "sdtype": "categorical"
        }
    },
    "METADATA_SPEC_VERSION": "SINGLE_TABLE_V1"
}
2025-04-23 01:12:07,790 - INFO - [SYNTHETIC] Preparing synthesizer: CTGAN
2025-04-23 01:12:07,790 - INFO - [SYNTHETIC] Params from config: {'epochs': 150}
2025-04-23 01:12:07,790 - INFO - [SYNTHETIC] Found existing CTGAN synthesizer: /mnt/NVMETank/Projects/Students/Dele/A-STUDY-INTO-THE-QUALITY-AND-USABILITY-OF-PRIVACY-FRIENDLY-SYNTHETIC-DATA/artifacts/synthesizers/loan_CTGAN_epochs150_synthesizer.pkl
2025-04-23 01:12:08,069 - INFO - {'EVENT': 'Load', 'TIMESTAMP': datetime.datetime(2025, 4, 23, 1, 12, 8, 69359), 'SYNTHESIZER CLASS NAME': 'CTGANSynthesizer', 'SYNTHESIZER ID': 'CTGANSynthesizer_1.18.0_c64912fafa224520a1029c84d3f954e8'}
2025-04-23 01:12:08,069 - INFO - [SYNTHETIC] Preparing synthesizer: TVAE
2025-04-23 01:12:08,069 - INFO - [SYNTHETIC] Params from config: {'epochs': 150}
2025-04-23 01:12:08,069 - INFO - [SYNTHETIC] Found existing TVAE synthesizer: /mnt/NVMETank/Projects/Students/Dele/A-STUDY-INTO-THE-QUALITY-AND-USABILITY-OF-PRIVACY-FRIENDLY-SYNTHETIC-DATA/artifacts/synthesizers/loan_TVAE_epochs150_synthesizer.pkl
2025-04-23 01:12:08,100 - INFO - {'EVENT': 'Load', 'TIMESTAMP': datetime.datetime(2025, 4, 23, 1, 12, 8, 100019), 'SYNTHESIZER CLASS NAME': 'TVAESynthesizer', 'SYNTHESIZER ID': 'TVAESynthesizer_1.18.0_dae322e931b6495497528fab9c53fd85'}
2025-04-23 01:12:08,100 - INFO - [SYNTHETIC] Using CTGAN to generate 1008 rows...
2025-04-23 01:12:08,431 - INFO - {'EVENT': 'Sample', 'TIMESTAMP': datetime.datetime(2025, 4, 23, 1, 12, 8, 100295), 'SYNTHESIZER CLASS NAME': 'CTGANSynthesizer', 'SYNTHESIZER ID': 'CTGANSynthesizer_1.18.0_c64912fafa224520a1029c84d3f954e8', 'TOTAL NUMBER OF TABLES': 1, 'TOTAL NUMBER OF ROWS': 1008, 'TOTAL NUMBER OF COLUMNS': 28}
2025-04-23 01:12:08,431 - INFO - [SYNTHETIC] CTGAN completed: 1008 rows generated.
2025-04-23 01:12:08,432 - INFO - [SYNTHETIC] Target class distribution for CTGAN: {'Y': 713, 'N': 295}
2025-04-23 01:12:08,432 - INFO - [SYNTHETIC] Using TVAE to generate 1008 rows...
2025-04-23 01:12:08,501 - INFO - {'EVENT': 'Sample', 'TIMESTAMP': datetime.datetime(2025, 4, 23, 1, 12, 8, 432395), 'SYNTHESIZER CLASS NAME': 'TVAESynthesizer', 'SYNTHESIZER ID': 'TVAESynthesizer_1.18.0_dae322e931b6495497528fab9c53fd85', 'TOTAL NUMBER OF TABLES': 1, 'TOTAL NUMBER OF ROWS': 1008, 'TOTAL NUMBER OF COLUMNS': 28}
2025-04-23 01:12:08,501 - INFO - [SYNTHETIC] TVAE completed: 1008 rows generated.
2025-04-23 01:12:08,502 - INFO - [SYNTHETIC] Target class distribution for TVAE: {'Y': 1008}
2025-04-23 01:12:08,503 - INFO - [SYNTHETIC PIPELINE] Synthetic Data Generation Completed.
2025-04-23 01:12:08,503 - INFO - [SYNTHETIC PIPELINE] Synthesizers used: ['CTGAN', 'TVAE']
2025-04-23 01:12:08,503 - INFO - [SYNTHETIC PIPELINE] Evaluating synthetic dataset generated by CTGAN...
2025-04-23 01:12:08,503 - INFO - [SYNTHETIC EVAL] Real data columns     (28): ['Loan_ID_0', 'Loan_ID_1', 'Loan_ID_2', 'Loan_ID_3', 'Loan_ID_4', 'Loan_ID_5', 'Loan_ID_6', 'Loan_ID_7', 'Loan_ID_8', 'Gender_0', 'Gender_1', 'Married_0', 'Married_1', 'Dependents_0', 'Dependents_1', 'Dependents_2', 'Education_0', 'Education_1', 'Self_Employed_0', 'Self_Employed_1', 'ApplicantIncome', 'CoapplicantIncome', 'LoanAmount', 'Loan_Amount_Term', 'Credit_History', 'Property_Area_0', 'Property_Area_1', 'Loan_Status']
2025-04-23 01:12:08,503 - INFO - [SYNTHETIC EVAL] Synthetic data columns (28): ['Loan_ID_0', 'Loan_ID_1', 'Loan_ID_2', 'Loan_ID_3', 'Loan_ID_4', 'Loan_ID_5', 'Loan_ID_6', 'Loan_ID_7', 'Loan_ID_8', 'Gender_0', 'Gender_1', 'Married_0', 'Married_1', 'Dependents_0', 'Dependents_1', 'Dependents_2', 'Education_0', 'Education_1', 'Self_Employed_0', 'Self_Employed_1', 'ApplicantIncome', 'CoapplicantIncome', 'LoanAmount', 'Loan_Amount_Term', 'Credit_History', 'Property_Area_0', 'Property_Area_1', 'Loan_Status']
2025-04-23 01:12:08,503 - INFO - [SYNTHETIC EVAL] Metadata columns      (28): ['Loan_ID_0', 'Loan_ID_1', 'Loan_ID_2', 'Loan_ID_3', 'Loan_ID_4', 'Loan_ID_5', 'Loan_ID_6', 'Loan_ID_7', 'Loan_ID_8', 'Gender_0', 'Gender_1', 'Married_0', 'Married_1', 'Dependents_0', 'Dependents_1', 'Dependents_2', 'Education_0', 'Education_1', 'Self_Employed_0', 'Self_Employed_1', 'ApplicantIncome', 'CoapplicantIncome', 'LoanAmount', 'Loan_Amount_Term', 'Credit_History', 'Property_Area_0', 'Property_Area_1', 'Loan_Status']
2025-04-23 01:12:08,503 - INFO - [SYNTHETIC EVAL] Shape — Real: (336, 28), Synthetic: (1008, 28)
2025-04-23 01:12:08,503 - INFO - [SYNTHETIC EVAL] Metadata structure:
{
  "columns": {
    "Loan_ID_0": {
      "sdtype": "categorical"
    },
    "Loan_ID_1": {
      "sdtype": "categorical"
    },
    "Loan_ID_2": {
      "sdtype": "categorical"
    },
    "Loan_ID_3": {
      "sdtype": "categorical"
    },
    "Loan_ID_4": {
      "sdtype": "categorical"
    },
    "Loan_ID_5": {
      "sdtype": "categorical"
    },
    "Loan_ID_6": {
      "sdtype": "categorical"
    },
    "Loan_ID_7": {
      "sdtype": "categorical"
    },
    "Loan_ID_8": {
      "sdtype": "categorical"
    },
    "Gender_0": {
      "sdtype": "categorical"
    },
    "Gender_1": {
      "sdtype": "categorical"
    },
    "Married_0": {
      "sdtype": "categorical"
    },
    "Married_1": {
      "sdtype": "categorical"
    },
    "Dependents_0": {
      "sdtype": "categorical"
    },
    "Dependents_1": {
      "sdtype": "categorical"
    },
    "Dependents_2": {
      "sdtype": "categorical"
    },
    "Education_0": {
      "sdtype": "categorical"
    },
    "Education_1": {
      "sdtype": "categorical"
    },
    "Self_Employed_0": {
      "sdtype": "categorical"
    },
    "Self_Employed_1": {
      "sdtype": "categorical"
    },
    "ApplicantIncome": {
      "sdtype": "numerical"
    },
    "CoapplicantIncome": {
      "sdtype": "numerical"
    },
    "LoanAmount": {
      "sdtype": "numerical"
    },
    "Loan_Amount_Term": {
      "sdtype": "categorical"
    },
    "Credit_History": {
      "sdtype": "categorical"
    },
    "Property_Area_0": {
      "sdtype": "categorical"
    },
    "Property_Area_1": {
      "sdtype": "categorical"
    },
    "Loan_Status": {
      "sdtype": "categorical"
    }
  },
  "METADATA_SPEC_VERSION": "SINGLE_TABLE_V1"
}
2025-04-23 01:12:09,282 - INFO - [SYNTHETIC PIPELINE] Evaluating synthetic dataset generated by TVAE...
2025-04-23 01:12:09,282 - INFO - [SYNTHETIC EVAL] Real data columns     (28): ['Loan_ID_0', 'Loan_ID_1', 'Loan_ID_2', 'Loan_ID_3', 'Loan_ID_4', 'Loan_ID_5', 'Loan_ID_6', 'Loan_ID_7', 'Loan_ID_8', 'Gender_0', 'Gender_1', 'Married_0', 'Married_1', 'Dependents_0', 'Dependents_1', 'Dependents_2', 'Education_0', 'Education_1', 'Self_Employed_0', 'Self_Employed_1', 'ApplicantIncome', 'CoapplicantIncome', 'LoanAmount', 'Loan_Amount_Term', 'Credit_History', 'Property_Area_0', 'Property_Area_1', 'Loan_Status']
2025-04-23 01:12:09,282 - INFO - [SYNTHETIC EVAL] Synthetic data columns (28): ['Loan_ID_0', 'Loan_ID_1', 'Loan_ID_2', 'Loan_ID_3', 'Loan_ID_4', 'Loan_ID_5', 'Loan_ID_6', 'Loan_ID_7', 'Loan_ID_8', 'Gender_0', 'Gender_1', 'Married_0', 'Married_1', 'Dependents_0', 'Dependents_1', 'Dependents_2', 'Education_0', 'Education_1', 'Self_Employed_0', 'Self_Employed_1', 'ApplicantIncome', 'CoapplicantIncome', 'LoanAmount', 'Loan_Amount_Term', 'Credit_History', 'Property_Area_0', 'Property_Area_1', 'Loan_Status']
2025-04-23 01:12:09,282 - INFO - [SYNTHETIC EVAL] Metadata columns      (28): ['Loan_ID_0', 'Loan_ID_1', 'Loan_ID_2', 'Loan_ID_3', 'Loan_ID_4', 'Loan_ID_5', 'Loan_ID_6', 'Loan_ID_7', 'Loan_ID_8', 'Gender_0', 'Gender_1', 'Married_0', 'Married_1', 'Dependents_0', 'Dependents_1', 'Dependents_2', 'Education_0', 'Education_1', 'Self_Employed_0', 'Self_Employed_1', 'ApplicantIncome', 'CoapplicantIncome', 'LoanAmount', 'Loan_Amount_Term', 'Credit_History', 'Property_Area_0', 'Property_Area_1', 'Loan_Status']
2025-04-23 01:12:09,282 - INFO - [SYNTHETIC EVAL] Shape — Real: (336, 28), Synthetic: (1008, 28)
2025-04-23 01:12:09,283 - INFO - [SYNTHETIC EVAL] Metadata structure:
{
  "columns": {
    "Loan_ID_0": {
      "sdtype": "categorical"
    },
    "Loan_ID_1": {
      "sdtype": "categorical"
    },
    "Loan_ID_2": {
      "sdtype": "categorical"
    },
    "Loan_ID_3": {
      "sdtype": "categorical"
    },
    "Loan_ID_4": {
      "sdtype": "categorical"
    },
    "Loan_ID_5": {
      "sdtype": "categorical"
    },
    "Loan_ID_6": {
      "sdtype": "categorical"
    },
    "Loan_ID_7": {
      "sdtype": "categorical"
    },
    "Loan_ID_8": {
      "sdtype": "categorical"
    },
    "Gender_0": {
      "sdtype": "categorical"
    },
    "Gender_1": {
      "sdtype": "categorical"
    },
    "Married_0": {
      "sdtype": "categorical"
    },
    "Married_1": {
      "sdtype": "categorical"
    },
    "Dependents_0": {
      "sdtype": "categorical"
    },
    "Dependents_1": {
      "sdtype": "categorical"
    },
    "Dependents_2": {
      "sdtype": "categorical"
    },
    "Education_0": {
      "sdtype": "categorical"
    },
    "Education_1": {
      "sdtype": "categorical"
    },
    "Self_Employed_0": {
      "sdtype": "categorical"
    },
    "Self_Employed_1": {
      "sdtype": "categorical"
    },
    "ApplicantIncome": {
      "sdtype": "numerical"
    },
    "CoapplicantIncome": {
      "sdtype": "numerical"
    },
    "LoanAmount": {
      "sdtype": "numerical"
    },
    "Loan_Amount_Term": {
      "sdtype": "categorical"
    },
    "Credit_History": {
      "sdtype": "categorical"
    },
    "Property_Area_0": {
      "sdtype": "categorical"
    },
    "Property_Area_1": {
      "sdtype": "categorical"
    },
    "Loan_Status": {
      "sdtype": "categorical"
    }
  },
  "METADATA_SPEC_VERSION": "SINGLE_TABLE_V1"
}
2025-04-23 01:12:10,116 - INFO -  [SYNTHETIC PIPELINE]  Synthetic Data Evaluation Completed.
2025-04-23 01:12:10,122 - INFO -  [SYNTHETIC PIPELINE] Synthetic Data Report Generated Successfully.
2025-04-23 01:12:10,222 - INFO - Synthetic data generated with 2 synthesizer(s).
2025-04-23 01:12:10,222 - INFO - Hybrid Pipeline skipped (disabled in configuration).
2025-04-23 01:12:10,222 - INFO - Starting Utility...
2025-04-23 01:12:10,223 - INFO - [UTILITY] Preparing datasets for machine learning...
2025-04-23 01:12:10,223 - INFO - [UTILITY] Original Data - Training Size: 336, Testing Size: 144
2025-04-23 01:12:10,223 - INFO - [UTILITY] Target class distribution (Original): {'Y': 232, 'N': 104}
2025-04-23 01:12:10,223 - INFO - [UTILITY] Processing synthetic dataset generated by CTGAN...
2025-04-23 01:12:10,224 - INFO - [UTILITY] Synthetic Data (CTGAN) - Training Size: 1008
2025-04-23 01:12:10,224 - INFO - [UTILITY] Target class distribution (CTGAN): {'Y': 713, 'N': 295}
2025-04-23 01:12:10,224 - WARNING -  Skipping synthetic dataset 'TVAE' - only one class in target.
2025-04-23 01:12:10,224 - INFO - [UTILITY] Training models on all datasets...
2025-04-23 01:12:10,224 - INFO - [UTILITY] Total datasets used for training: 2
2025-04-23 01:12:10,224 - INFO - [TRAINING] Training models from scratch...
2025-04-23 01:12:10,224 - INFO - [TRAINING] Starting training for dataset: Original — Rows: 336, Features: 27
2025-04-23 01:12:10,225 - INFO - [TRAINING] Training DecisionTree on Original...
2025-04-23 01:12:10,227 - INFO - [TRAINING] DecisionTree trained successfully on Original in 0.00 sec
2025-04-23 01:12:10,227 - INFO - [TRAINING] Training KNN on Original...
2025-04-23 01:12:10,228 - INFO - [TRAINING] KNN trained successfully on Original in 0.00 sec
2025-04-23 01:12:10,228 - INFO - [TRAINING] Training LogisticRegression on Original...
2025-04-23 01:12:10,232 - INFO - [TRAINING] LogisticRegression trained successfully on Original in 0.00 sec
2025-04-23 01:12:10,232 - INFO - [TRAINING] Training RandomForest on Original...
2025-04-23 01:12:10,326 - INFO - [TRAINING] RandomForest trained successfully on Original in 0.09 sec
2025-04-23 01:12:10,326 - INFO - [TRAINING] Training SVM on Original...
2025-04-23 01:12:10,330 - INFO - [TRAINING] SVM trained successfully on Original in 0.00 sec
2025-04-23 01:12:10,330 - INFO - [TRAINING] Finished training 5 model(s) for dataset: Original
2025-04-23 01:12:10,330 - INFO - [TRAINING] Starting training for dataset: CTGAN — Rows: 1008, Features: 27
2025-04-23 01:12:10,331 - INFO - [TRAINING] Training DecisionTree on CTGAN...
2025-04-23 01:12:10,336 - INFO - [TRAINING] DecisionTree trained successfully on CTGAN in 0.01 sec
2025-04-23 01:12:10,336 - INFO - [TRAINING] Training KNN on CTGAN...
2025-04-23 01:12:10,338 - INFO - [TRAINING] KNN trained successfully on CTGAN in 0.00 sec
2025-04-23 01:12:10,338 - INFO - [TRAINING] Training LogisticRegression on CTGAN...
2025-04-23 01:12:10,341 - INFO - [TRAINING] LogisticRegression trained successfully on CTGAN in 0.00 sec
2025-04-23 01:12:10,341 - INFO - [TRAINING] Training RandomForest on CTGAN...
2025-04-23 01:12:10,499 - INFO - [TRAINING] RandomForest trained successfully on CTGAN in 0.16 sec
2025-04-23 01:12:10,499 - INFO - [TRAINING] Training SVM on CTGAN...
2025-04-23 01:12:10,528 - INFO - [TRAINING] SVM trained successfully on CTGAN in 0.03 sec
2025-04-23 01:12:10,528 - INFO - [TRAINING] Finished training 5 model(s) for dataset: CTGAN
2025-04-23 01:12:10,528 - INFO - [TRAINING] Total models trained across all datasets: 10
2025-04-23 01:12:10,528 - INFO - [UTILITY] Trained model names: ['Original', 'CTGAN']
2025-04-23 01:12:10,528 - INFO - [UTILITY] Model Training Completed.
2025-04-23 01:12:10,528 - INFO - Starting the Evaluating of models...
2025-04-23 01:12:10,528 - INFO - Preparing evaluation for model 'DecisionTree' across all datasets...
2025-04-23 01:12:10,528 - INFO - Evaluating DecisionTree on Original...
2025-04-23 01:12:10,530 - INFO - Predictions completed for DecisionTree on Original
2025-04-23 01:12:10,530 - INFO - Prediction distribution for DecisionTree on Original: {'Y': 103, 'N': 41}
2025-04-23 01:12:10,539 - INFO - Computed 8 metric(s) for DecisionTree on Original
2025-04-23 01:12:10,539 - INFO - Evaluating DecisionTree on CTGAN...
2025-04-23 01:12:10,540 - INFO - Predictions completed for DecisionTree on CTGAN
2025-04-23 01:12:10,540 - INFO - Prediction distribution for DecisionTree on CTGAN: {'Y': 109, 'N': 35}
2025-04-23 01:12:10,549 - INFO - Computed 8 metric(s) for DecisionTree on CTGAN
2025-04-23 01:12:10,549 - INFO - Preparing evaluation for model 'KNN' across all datasets...
2025-04-23 01:12:10,549 - INFO - Evaluating KNN on Original...
2025-04-23 01:12:10,581 - INFO - Predictions completed for KNN on Original
2025-04-23 01:12:10,582 - INFO - Prediction distribution for KNN on Original: {'Y': 115, 'N': 29}
2025-04-23 01:12:10,593 - INFO - Computed 8 metric(s) for KNN on Original
2025-04-23 01:12:10,593 - INFO - Evaluating KNN on CTGAN...
2025-04-23 01:12:10,601 - INFO - Predictions completed for KNN on CTGAN
2025-04-23 01:12:10,601 - INFO - Prediction distribution for KNN on CTGAN: {'Y': 115, 'N': 29}
2025-04-23 01:12:10,612 - INFO - Computed 8 metric(s) for KNN on CTGAN
2025-04-23 01:12:10,612 - INFO - Preparing evaluation for model 'LogisticRegression' across all datasets...
2025-04-23 01:12:10,612 - INFO - Evaluating LogisticRegression on Original...
2025-04-23 01:12:10,613 - INFO - Predictions completed for LogisticRegression on Original
2025-04-23 01:12:10,614 - INFO - Prediction distribution for LogisticRegression on Original: {'Y': 118, 'N': 26}
2025-04-23 01:12:10,622 - INFO - Computed 8 metric(s) for LogisticRegression on Original
2025-04-23 01:12:10,622 - INFO - Evaluating LogisticRegression on CTGAN...
2025-04-23 01:12:10,624 - INFO - Predictions completed for LogisticRegression on CTGAN
2025-04-23 01:12:10,624 - INFO - Prediction distribution for LogisticRegression on CTGAN: {'Y': 144}
2025-04-23 01:12:10,624 - WARNING -  [WARNING] :LogisticRegression on CTGAN predicted only one class: {'Y'}
2025-04-23 01:12:10,625 - WARNING - [UndefinedMetricWarning] Precision is ill-defined and being set to 0.0 in labels with no predicted samples. Use `zero_division` parameter to control this behavior. (from /mnt/NVMETank/Projects/Students/Dele/A-STUDY-INTO-THE-QUALITY-AND-USABILITY-OF-PRIVACY-FRIENDLY-SYNTHETIC-DATA/.venv/lib/python3.12/site-packages/sklearn/metrics/_classification.py:1565)
2025-04-23 01:12:10,627 - WARNING - [UndefinedMetricWarning] Precision is ill-defined and being set to 0.0 in labels with no predicted samples. Use `zero_division` parameter to control this behavior. (from /mnt/NVMETank/Projects/Students/Dele/A-STUDY-INTO-THE-QUALITY-AND-USABILITY-OF-PRIVACY-FRIENDLY-SYNTHETIC-DATA/.venv/lib/python3.12/site-packages/sklearn/metrics/_classification.py:1565)
2025-04-23 01:12:10,628 - WARNING - [UndefinedMetricWarning] Precision is ill-defined and being set to 0.0 in labels with no predicted samples. Use `zero_division` parameter to control this behavior. (from /mnt/NVMETank/Projects/Students/Dele/A-STUDY-INTO-THE-QUALITY-AND-USABILITY-OF-PRIVACY-FRIENDLY-SYNTHETIC-DATA/.venv/lib/python3.12/site-packages/sklearn/metrics/_classification.py:1565)
2025-04-23 01:12:10,633 - INFO - Computed 8 metric(s) for LogisticRegression on CTGAN
2025-04-23 01:12:10,633 - INFO - Preparing evaluation for model 'RandomForest' across all datasets...
2025-04-23 01:12:10,633 - INFO - Evaluating RandomForest on Original...
2025-04-23 01:12:10,638 - INFO - Predictions completed for RandomForest on Original
2025-04-23 01:12:10,638 - INFO - Prediction distribution for RandomForest on Original: {'Y': 116, 'N': 28}
2025-04-23 01:12:10,655 - INFO - Computed 8 metric(s) for RandomForest on Original
2025-04-23 01:12:10,655 - INFO - Evaluating RandomForest on CTGAN...
2025-04-23 01:12:10,660 - INFO - Predictions completed for RandomForest on CTGAN
2025-04-23 01:12:10,661 - INFO - Prediction distribution for RandomForest on CTGAN: {'Y': 141, 'N': 3}
2025-04-23 01:12:10,678 - INFO - Computed 8 metric(s) for RandomForest on CTGAN
2025-04-23 01:12:10,678 - INFO - Preparing evaluation for model 'SVM' across all datasets...
2025-04-23 01:12:10,678 - INFO - Evaluating SVM on Original...
2025-04-23 01:12:10,680 - INFO - Predictions completed for SVM on Original
2025-04-23 01:12:10,681 - INFO - Prediction distribution for SVM on Original: {'Y': 144}
2025-04-23 01:12:10,681 - WARNING -  [WARNING] :SVM on Original predicted only one class: {'Y'}
2025-04-23 01:12:10,682 - WARNING - [UndefinedMetricWarning] Precision is ill-defined and being set to 0.0 in labels with no predicted samples. Use `zero_division` parameter to control this behavior. (from /mnt/NVMETank/Projects/Students/Dele/A-STUDY-INTO-THE-QUALITY-AND-USABILITY-OF-PRIVACY-FRIENDLY-SYNTHETIC-DATA/.venv/lib/python3.12/site-packages/sklearn/metrics/_classification.py:1565)
2025-04-23 01:12:10,684 - WARNING - [UndefinedMetricWarning] Precision is ill-defined and being set to 0.0 in labels with no predicted samples. Use `zero_division` parameter to control this behavior. (from /mnt/NVMETank/Projects/Students/Dele/A-STUDY-INTO-THE-QUALITY-AND-USABILITY-OF-PRIVACY-FRIENDLY-SYNTHETIC-DATA/.venv/lib/python3.12/site-packages/sklearn/metrics/_classification.py:1565)
2025-04-23 01:12:10,685 - WARNING - [UndefinedMetricWarning] Precision is ill-defined and being set to 0.0 in labels with no predicted samples. Use `zero_division` parameter to control this behavior. (from /mnt/NVMETank/Projects/Students/Dele/A-STUDY-INTO-THE-QUALITY-AND-USABILITY-OF-PRIVACY-FRIENDLY-SYNTHETIC-DATA/.venv/lib/python3.12/site-packages/sklearn/metrics/_classification.py:1565)
2025-04-23 01:12:10,686 - INFO - Computed 8 metric(s) for SVM on Original
2025-04-23 01:12:10,686 - INFO - Evaluating SVM on CTGAN...
2025-04-23 01:12:10,691 - INFO - Predictions completed for SVM on CTGAN
2025-04-23 01:12:10,691 - INFO - Prediction distribution for SVM on CTGAN: {'Y': 143, 'N': 1}
2025-04-23 01:12:10,696 - INFO - Computed 8 metric(s) for SVM on CTGAN
2025-04-23 01:12:10,699 - INFO - Evaluation completed for all models.
2025-04-23 01:12:10,699 - INFO - Model evaluation completed in 0.17 seconds.
2025-04-23 01:12:10,701 - INFO - Evaluated models: ['DecisionTree', 'KNN', 'LogisticRegression', 'RandomForest', 'SVM']
2025-04-23 01:12:10,701 - INFO - Model Training and Evaluation completed.
2025-04-23 01:12:11,177 - INFO -  Visualizations saved.
2025-04-23 01:12:11,177 - INFO -  Benchmarking Completed. Results saved in output folder.
