2025-05-08 18:45:17,036 - INFO - Loaded config file: configs/generated_configs/loan/loan_anon_k3_sl0p05_l2.yaml
2025-05-08 18:45:17,036 - INFO -  Benchmarking started for dataset: loan
2025-05-08 18:45:17,036 - INFO - Using dataset path: /mnt/NVMETank/Projects/Students/Dele/A-STUDY-INTO-THE-QUALITY-AND-USABILITY-OF-PRIVACY-FRIENDLY-SYNTHETIC-DATA/datasets/original/loan.csv
2025-05-08 18:45:17,036 - INFO - Target column: Loan_Status, separator: ','
2025-05-08 18:45:17,036 - INFO - Configuration loaded: enable_anonymization = True, enable_synthesis = False, enable_hybrid = True, enable_utility = True, delete_after_evaluation = False
2025-05-08 18:45:17,037 - INFO - Running preprocessing...
2025-05-08 18:45:17,041 - INFO -  [PREPROCESSING] Preprocessed files found. Skipping preprocessing.
2025-05-08 18:45:17,049 - INFO - Preprocessing completed. Rows before: 614, after: 336
2025-05-08 18:45:17,049 - INFO - Preprocessed data saved to: outputs/batch/loan_batch_2025-05-08_18-38-44/loan_anon_k3_sl0p05_l2/preprocessing_report.txt
2025-05-08 18:45:17,050 - INFO - enable_anonymization = True
2025-05-08 18:45:17,050 - INFO - Starting Anonymization Pipeline with output path: /mnt/NVMETank/Projects/Students/Dele/A-STUDY-INTO-THE-QUALITY-AND-USABILITY-OF-PRIVACY-FRIENDLY-SYNTHETIC-DATA/datasets/anonymized/loan_k3_l2_sup05_anonymized.csv.......
2025-05-08 18:45:17,054 - INFO -  [ANONYMIZATION] Executing run_anonymization, config_path : configs/generated_configs/loan/loan_anon_k3_sl0p05_l2.yaml...........
2025-05-08 18:45:17,054 - INFO -  [ANONYMIZATION] Using JAR file at /mnt/NVMETank/Projects/Students/Dele/A-STUDY-INTO-THE-QUALITY-AND-USABILITY-OF-PRIVACY-FRIENDLY-SYNTHETIC-DATA/src/anonymization/anonymARXij/bin/anonymARXij.jar to anonymize the dataset.
2025-05-08 18:45:18,457 - INFO -  [ANONYMIZATION] Anonimized file saved to : /mnt/NVMETank/Projects/Students/Dele/A-STUDY-INTO-THE-QUALITY-AND-USABILITY-OF-PRIVACY-FRIENDLY-SYNTHETIC-DATA/datasets/anonymized/loan_k3_l2_sup05_anonymized.csv
2025-05-08 18:45:18,457 - INFO -  [ANONYMIZATION] Java anonymization completed successfully.
2025-05-08 18:45:18,458 - INFO -  [ANONYMIZATION] Java STDOUT:
📄 Java received config path: /mnt/NVMETank/Projects/Students/Dele/A-STUDY-INTO-THE-QUALITY-AND-USABILITY-OF-PRIVACY-FRIENDLY-SYNTHETIC-DATA/configs/generated_configs/loan/loan_anon_k3_sl0p05_l2.yaml
🔹 Loading config from: /mnt/NVMETank/Projects/Students/Dele/A-STUDY-INTO-THE-QUALITY-AND-USABILITY-OF-PRIVACY-FRIENDLY-SYNTHETIC-DATA/configs/generated_configs/loan/loan_anon_k3_sl0p05_l2.yaml
Loading config from: /mnt/NVMETank/Projects/Students/Dele/A-STUDY-INTO-THE-QUALITY-AND-USABILITY-OF-PRIVACY-FRIENDLY-SYNTHETIC-DATA/configs/generated_configs/loan/loan_anon_k3_sl0p05_l2.yaml
📂 Dataset Path (from args): /mnt/NVMETank/Projects/Students/Dele/A-STUDY-INTO-THE-QUALITY-AND-USABILITY-OF-PRIVACY-FRIENDLY-SYNTHETIC-DATA/datasets/train/loan_train_raw.csv
🔹 Dataset Separator: ,
🔹 Suppression Limit: 0.05

🔹 Configured Attributes:
  ✅ Quasi-Identifier: Gender
  ✅ Quasi-Identifier: Married
  ✅ Quasi-Identifier: Education
  ✅ Quasi-Identifier: Dependents
  ✅ Quasi-Identifier: Self_Employed
  ✅ Quasi-Identifier: Property_Area
  ✅ Quasi-Identifier: Credit_History
  ✅ Quasi-Identifier: Loan_Amount_Term
  ✅ Sensitive Attribute: LoanAmount
  ✅ Insensitive Attribute: Loan_Status
  ✅ Insensitive Attribute: ApplicantIncome
  ✅ Insensitive Attribute: CoapplicantIncome

🔹 Defined Hierarchies:
  ✅ Property_Area -> /mnt/NVMETank/Projects/Students/Dele/A-STUDY-INTO-THE-QUALITY-AND-USABILITY-OF-PRIVACY-FRIENDLY-SYNTHETIC-DATA/src/anonymization/anonymARXij/src/hierarchies_loan/property_area.csv
  ✅ Self_Employed -> /mnt/NVMETank/Projects/Students/Dele/A-STUDY-INTO-THE-QUALITY-AND-USABILITY-OF-PRIVACY-FRIENDLY-SYNTHETIC-DATA/src/anonymization/anonymARXij/src/hierarchies_loan/self_employed.csv
  ✅ Credit_History -> /mnt/NVMETank/Projects/Students/Dele/A-STUDY-INTO-THE-QUALITY-AND-USABILITY-OF-PRIVACY-FRIENDLY-SYNTHETIC-DATA/src/anonymization/anonymARXij/src/hierarchies_loan/credit_history.csv
  ✅ Dependents -> /mnt/NVMETank/Projects/Students/Dele/A-STUDY-INTO-THE-QUALITY-AND-USABILITY-OF-PRIVACY-FRIENDLY-SYNTHETIC-DATA/src/anonymization/anonymARXij/src/hierarchies_loan/dependents.csv
  ✅ Education -> /mnt/NVMETank/Projects/Students/Dele/A-STUDY-INTO-THE-QUALITY-AND-USABILITY-OF-PRIVACY-FRIENDLY-SYNTHETIC-DATA/src/anonymization/anonymARXij/src/hierarchies_loan/education.csv
  ✅ Loan_Amount_Term -> /mnt/NVMETank/Projects/Students/Dele/A-STUDY-INTO-THE-QUALITY-AND-USABILITY-OF-PRIVACY-FRIENDLY-SYNTHETIC-DATA/src/anonymization/anonymARXij/src/hierarchies_loan/loan_amount_terms.csv
  ✅ Married -> /mnt/NVMETank/Projects/Students/Dele/A-STUDY-INTO-THE-QUALITY-AND-USABILITY-OF-PRIVACY-FRIENDLY-SYNTHETIC-DATA/src/anonymization/anonymARXij/src/hierarchies_loan/married.csv
  ✅ Gender -> /mnt/NVMETank/Projects/Students/Dele/A-STUDY-INTO-THE-QUALITY-AND-USABILITY-OF-PRIVACY-FRIENDLY-SYNTHETIC-DATA/src/anonymization/anonymARXij/src/hierarchies_loan/gender.csv
Java is searching for hierarchy file at: /mnt/NVMETank/Projects/Students/Dele/A-STUDY-INTO-THE-QUALITY-AND-USABILITY-OF-PRIVACY-FRIENDLY-SYNTHETIC-DATA/src/anonymization/anonymARXij/src/hierarchies_loan/property_area.csv
Java is searching for hierarchy file at: /mnt/NVMETank/Projects/Students/Dele/A-STUDY-INTO-THE-QUALITY-AND-USABILITY-OF-PRIVACY-FRIENDLY-SYNTHETIC-DATA/src/anonymization/anonymARXij/src/hierarchies_loan/self_employed.csv
Java is searching for hierarchy file at: /mnt/NVMETank/Projects/Students/Dele/A-STUDY-INTO-THE-QUALITY-AND-USABILITY-OF-PRIVACY-FRIENDLY-SYNTHETIC-DATA/src/anonymization/anonymARXij/src/hierarchies_loan/credit_history.csv
Java is searching for hierarchy file at: /mnt/NVMETank/Projects/Students/Dele/A-STUDY-INTO-THE-QUALITY-AND-USABILITY-OF-PRIVACY-FRIENDLY-SYNTHETIC-DATA/src/anonymization/anonymARXij/src/hierarchies_loan/dependents.csv
Java is searching for hierarchy file at: /mnt/NVMETank/Projects/Students/Dele/A-STUDY-INTO-THE-QUALITY-AND-USABILITY-OF-PRIVACY-FRIENDLY-SYNTHETIC-DATA/src/anonymization/anonymARXij/src/hierarchies_loan/education.csv
Java is searching for hierarchy file at: /mnt/NVMETank/Projects/Students/Dele/A-STUDY-INTO-THE-QUALITY-AND-USABILITY-OF-PRIVACY-FRIENDLY-SYNTHETIC-DATA/src/anonymization/anonymARXij/src/hierarchies_loan/loan_amount_terms.csv
Java is searching for hierarchy file at: /mnt/NVMETank/Projects/Students/Dele/A-STUDY-INTO-THE-QUALITY-AND-USABILITY-OF-PRIVACY-FRIENDLY-SYNTHETIC-DATA/src/anonymization/anonymARXij/src/hierarchies_loan/married.csv
Java is searching for hierarchy file at: /mnt/NVMETank/Projects/Students/Dele/A-STUDY-INTO-THE-QUALITY-AND-USABILITY-OF-PRIVACY-FRIENDLY-SYNTHETIC-DATA/src/anonymization/anonymARXij/src/hierarchies_loan/gender.csv
✓ Applied Entropy L-Diversity on: LoanAmount (l=2)
🔹 Privacy Models Configured
📂 Anonymized Output Path (from args): /mnt/NVMETank/Projects/Students/Dele/A-STUDY-INTO-THE-QUALITY-AND-USABILITY-OF-PRIVACY-FRIENDLY-SYNTHETIC-DATA/datasets/anonymized/loan_k3_l2_sup05_anonymized.csv
📂 Anonymized Output Path: /mnt/NVMETank/Projects/Students/Dele/A-STUDY-INTO-THE-QUALITY-AND-USABILITY-OF-PRIVACY-FRIENDLY-SYNTHETIC-DATA/datasets/anonymized/loan_k3_l2_sup05_anonymized.csv
✅ Anonymization completed. Output saved to: /mnt/NVMETank/Projects/Students/Dele/A-STUDY-INTO-THE-QUALITY-AND-USABILITY-OF-PRIVACY-FRIENDLY-SYNTHETIC-DATA/datasets/anonymized/loan_k3_l2_sup05_anonymized.csv
Anonymized Data Quality Metrics:
 - Ambiguity: 0.9740879823003582
 - AECS: 0.9549728638142118
 - Discernibility: 0.8406610285879504
 - Granularity: 0.5828451254318768
 - MSE: 0.15692204301075274
 - Non-Uniform Entropy: 0.44870712038534566
 - Precision: 0.6156994047619048
 - Record-level SE: 0.3450938777226309
Equivalence Class Statistics:
 - Number of Classes: 19
 - Average Class Size: 17.42105263157895
Suppression Statistics:
 - Suppressed Records: 5
 - Suppression Percentage: 1.49%
2025-05-08 18:45:18,458 - INFO - Anonymized data saved to: /mnt/NVMETank/Projects/Students/Dele/A-STUDY-INTO-THE-QUALITY-AND-USABILITY-OF-PRIVACY-FRIENDLY-SYNTHETIC-DATA/datasets/anonymized/loan_k3_l2_sup05_anonymized.csv
2025-05-08 18:45:18,466 - INFO - Anonymous data report saved at: outputs/batch/loan_batch_2025-05-08_18-38-44/loan_anon_k3_sl0p05_l2/anonymous_data_report.txt
2025-05-08 18:45:18,466 - INFO -  [POSTPROCESSING] Postprocessing anonymized data: /mnt/NVMETank/Projects/Students/Dele/A-STUDY-INTO-THE-QUALITY-AND-USABILITY-OF-PRIVACY-FRIENDLY-SYNTHETIC-DATA/datasets/anonymized/loan_k3_l2_sup05_anonymized.csv
2025-05-08 18:45:18,468 - INFO -  [POSTPROCESSING] Loaded anonymized data: (336, 12)
2025-05-08 18:45:18,474 - INFO -  [POSTPROCESSING] Loaded fallback maps from training data. Categorical cols: 7, Numeric cols: 5
2025-05-08 18:45:18,474 - INFO -  [POSTPROCESSING] Normalizing anonymized data using ARX artifact cleaning and fallback values.
2025-05-08 18:45:18,488 - INFO -  [POSTPROCESSING] Normalized anonymized data saved to: /mnt/NVMETank/Projects/Students/Dele/A-STUDY-INTO-THE-QUALITY-AND-USABILITY-OF-PRIVACY-FRIENDLY-SYNTHETIC-DATA/datasets/anonymized/loan_k3_l2_sup05_anonymized_processed.csv
2025-05-08 18:45:18,496 - INFO -  [POSTPROCESSING] Binary Encoding applied to anonymized data. Encoded shape: (336, 19)
2025-05-08 18:45:18,497 - INFO -  [POSTPROCESSING] Encoded anonymized dataset saved to: /mnt/NVMETank/Projects/Students/Dele/A-STUDY-INTO-THE-QUALITY-AND-USABILITY-OF-PRIVACY-FRIENDLY-SYNTHETIC-DATA/datasets/anonymized/loan_k3_l2_sup05_anonymized_encoded.csv
2025-05-08 18:45:18,497 - INFO -  [POSTPROCESSING] Encoding map generated for anonymized data: 0 original categorical columns.
2025-05-08 18:45:18,498 - INFO - Postprocessing report saved at: outputs/batch/loan_batch_2025-05-08_18-38-44/loan_anon_k3_sl0p05_l2/postprocessing_report.txt
2025-05-08 18:45:18,498 - INFO - enable_synthetic_generation = False
2025-05-08 18:45:18,498 - INFO - Synthetic Data Generation Skipped (Disabled in Configuration).
2025-05-08 18:45:18,498 - INFO - Running Hybrid Pipeline...
2025-05-08 18:45:18,498 - INFO -  [HYBRID] Executing run_hybrid...
2025-05-08 18:45:18,498 - INFO -  [HYBRID] Looking for encoded anonymized data in /mnt/NVMETank/Projects/Students/Dele/A-STUDY-INTO-THE-QUALITY-AND-USABILITY-OF-PRIVACY-FRIENDLY-SYNTHETIC-DATA/datasets/anonymized/loan_k3_l2_sup05_anonymized_encoded.csv
2025-05-08 18:45:18,498 - INFO -  [HYBRID ] Loaded cached encoded anonymous data from /mnt/NVMETank/Projects/Students/Dele/A-STUDY-INTO-THE-QUALITY-AND-USABILITY-OF-PRIVACY-FRIENDLY-SYNTHETIC-DATA/datasets/anonymized/loan_k3_l2_sup05_anonymized_encoded.csv
2025-05-08 18:45:18,499 - INFO -  [HYBRID] Starting synthetic generation for hybrid pipeline...
2025-05-08 18:45:18,499 - INFO - Executing run_synthetic.....
2025-05-08 18:45:18,499 - INFO - [SYNTHETIC PIPELINE] executing run_synthetic for loan_k3_l2_sup05...
2025-05-08 18:45:18,499 - INFO - [SYNTHETIC] Processing dataset: loan_k3_l2_sup05
2025-05-08 18:45:18,499 - INFO - [SYNTHETIC] Original dataset size: 336 rows
2025-05-08 18:45:18,512 - INFO - Detected metadata:
2025-05-08 18:45:18,512 - INFO - {
    "METADATA_SPEC_VERSION": "SINGLE_TABLE_V1",
    "columns": {
        "Gender_0": {
            "sdtype": "categorical"
        },
        "Gender_1": {
            "sdtype": "categorical"
        },
        "Married_0": {
            "sdtype": "categorical"
        },
        "Married_1": {
            "sdtype": "categorical"
        },
        "Dependents_0": {
            "sdtype": "categorical"
        },
        "Dependents_1": {
            "sdtype": "categorical"
        },
        "Dependents_2": {
            "sdtype": "categorical"
        },
        "Education_0": {
            "sdtype": "categorical"
        },
        "Education_1": {
            "sdtype": "categorical"
        },
        "Self_Employed_0": {
            "sdtype": "categorical"
        },
        "Self_Employed_1": {
            "sdtype": "categorical"
        },
        "ApplicantIncome": {
            "sdtype": "numerical"
        },
        "CoapplicantIncome": {
            "sdtype": "numerical"
        },
        "LoanAmount": {
            "sdtype": "numerical"
        },
        "Loan_Amount_Term": {
            "sdtype": "categorical"
        },
        "Credit_History": {
            "sdtype": "categorical"
        },
        "Property_Area_0": {
            "sdtype": "categorical"
        },
        "Property_Area_1": {
            "sdtype": "categorical"
        },
        "Loan_Status": {
            "sdtype": "categorical"
        }
    }
}
2025-05-08 18:45:18,512 - INFO - [SYNTHETIC] Preparing synthesizer: CTGAN
2025-05-08 18:45:18,512 - INFO - [SYNTHETIC] Params from config: {'epochs': 300}
2025-05-08 18:45:18,512 - INFO - [SYNTHETIC] Found existing CTGAN synthesizer: /mnt/NVMETank/Projects/Students/Dele/A-STUDY-INTO-THE-QUALITY-AND-USABILITY-OF-PRIVACY-FRIENDLY-SYNTHETIC-DATA/artifacts/synthesizers/loan_k3_l2_sup05_CTGAN_epochs300_synthesizer.pkl
2025-05-08 18:45:18,785 - INFO - {'EVENT': 'Load', 'TIMESTAMP': datetime.datetime(2025, 5, 8, 18, 45, 18, 785433), 'SYNTHESIZER CLASS NAME': 'CTGANSynthesizer', 'SYNTHESIZER ID': 'CTGANSynthesizer_1.18.0_1ffee18283b3402e9940b930d5486219'}
2025-05-08 18:45:18,785 - INFO - [SYNTHETIC] Preparing synthesizer: GaussianCopula
2025-05-08 18:45:18,785 - INFO - [SYNTHETIC] Params from config: {}
2025-05-08 18:45:18,785 - INFO - [SYNTHETIC] Found existing GaussianCopula synthesizer: /mnt/NVMETank/Projects/Students/Dele/A-STUDY-INTO-THE-QUALITY-AND-USABILITY-OF-PRIVACY-FRIENDLY-SYNTHETIC-DATA/artifacts/synthesizers/loan_k3_l2_sup05_GaussianCopula_synthesizer.pkl
2025-05-08 18:45:18,797 - INFO - {'EVENT': 'Load', 'TIMESTAMP': datetime.datetime(2025, 5, 8, 18, 45, 18, 797527), 'SYNTHESIZER CLASS NAME': 'GaussianCopulaSynthesizer', 'SYNTHESIZER ID': 'GaussianCopulaSynthesizer_1.18.0_0708ec01ce3840b0b0a2197e4e4ed18b'}
2025-05-08 18:45:18,797 - INFO - [SYNTHETIC] Preparing synthesizer: TVAE
2025-05-08 18:45:18,797 - INFO - [SYNTHETIC] Params from config: {'epochs': 300}
2025-05-08 18:45:18,797 - INFO - [SYNTHETIC] Found existing TVAE synthesizer: /mnt/NVMETank/Projects/Students/Dele/A-STUDY-INTO-THE-QUALITY-AND-USABILITY-OF-PRIVACY-FRIENDLY-SYNTHETIC-DATA/artifacts/synthesizers/loan_k3_l2_sup05_TVAE_epochs300_synthesizer.pkl
2025-05-08 18:45:18,829 - INFO - {'EVENT': 'Load', 'TIMESTAMP': datetime.datetime(2025, 5, 8, 18, 45, 18, 829411), 'SYNTHESIZER CLASS NAME': 'TVAESynthesizer', 'SYNTHESIZER ID': 'TVAESynthesizer_1.18.0_e38daaba5fa34258859e674e1c8b5bc4'}
2025-05-08 18:45:18,829 - INFO - [SYNTHETIC] Using CTGAN to generate 336 rows...
2025-05-08 18:45:19,058 - INFO - {'EVENT': 'Sample', 'TIMESTAMP': datetime.datetime(2025, 5, 8, 18, 45, 18, 829626), 'SYNTHESIZER CLASS NAME': 'CTGANSynthesizer', 'SYNTHESIZER ID': 'CTGANSynthesizer_1.18.0_1ffee18283b3402e9940b930d5486219', 'TOTAL NUMBER OF TABLES': 1, 'TOTAL NUMBER OF ROWS': 336, 'TOTAL NUMBER OF COLUMNS': 19}
2025-05-08 18:45:19,058 - INFO - [SYNTHETIC] CTGAN completed: 336 rows generated.
2025-05-08 18:45:19,059 - INFO - [SYNTHETIC] Target class distribution for CTGAN: {'Y': 186, 'N': 150}
2025-05-08 18:45:19,059 - INFO - [SYNTHETIC] Using GaussianCopula to generate 336 rows...
2025-05-08 18:45:19,136 - INFO - {'EVENT': 'Sample', 'TIMESTAMP': datetime.datetime(2025, 5, 8, 18, 45, 19, 59458), 'SYNTHESIZER CLASS NAME': 'GaussianCopulaSynthesizer', 'SYNTHESIZER ID': 'GaussianCopulaSynthesizer_1.18.0_0708ec01ce3840b0b0a2197e4e4ed18b', 'TOTAL NUMBER OF TABLES': 1, 'TOTAL NUMBER OF ROWS': 336, 'TOTAL NUMBER OF COLUMNS': 19}
2025-05-08 18:45:19,136 - INFO - [SYNTHETIC] GaussianCopula completed: 336 rows generated.
2025-05-08 18:45:19,136 - INFO - [SYNTHETIC] Target class distribution for GaussianCopula: {'Y': 221, 'N': 115}
2025-05-08 18:45:19,136 - INFO - [SYNTHETIC] Using TVAE to generate 336 rows...
2025-05-08 18:45:19,182 - INFO - {'EVENT': 'Sample', 'TIMESTAMP': datetime.datetime(2025, 5, 8, 18, 45, 19, 136903), 'SYNTHESIZER CLASS NAME': 'TVAESynthesizer', 'SYNTHESIZER ID': 'TVAESynthesizer_1.18.0_e38daaba5fa34258859e674e1c8b5bc4', 'TOTAL NUMBER OF TABLES': 1, 'TOTAL NUMBER OF ROWS': 336, 'TOTAL NUMBER OF COLUMNS': 19}
2025-05-08 18:45:19,182 - INFO - [SYNTHETIC] TVAE completed: 336 rows generated.
2025-05-08 18:45:19,182 - INFO - [SYNTHETIC] Target class distribution for TVAE: {'Y': 336}
2025-05-08 18:45:19,183 - INFO - [SYNTHETIC PIPELINE] Synthetic Data Generation Completed.
2025-05-08 18:45:19,183 - INFO - [SYNTHETIC PIPELINE] Synthesizers used: ['CTGAN', 'GaussianCopula', 'TVAE']
2025-05-08 18:45:19,183 - INFO - [SYNTHETIC PIPELINE] Evaluating synthetic dataset generated by CTGAN...
2025-05-08 18:45:19,183 - INFO - [SYNTHETIC EVAL] Real data columns     (19): ['Gender_0', 'Gender_1', 'Married_0', 'Married_1', 'Dependents_0', 'Dependents_1', 'Dependents_2', 'Education_0', 'Education_1', 'Self_Employed_0', 'Self_Employed_1', 'ApplicantIncome', 'CoapplicantIncome', 'LoanAmount', 'Loan_Amount_Term', 'Credit_History', 'Property_Area_0', 'Property_Area_1', 'Loan_Status']
2025-05-08 18:45:19,183 - INFO - [SYNTHETIC EVAL] Synthetic data columns (19): ['Gender_0', 'Gender_1', 'Married_0', 'Married_1', 'Dependents_0', 'Dependents_1', 'Dependents_2', 'Education_0', 'Education_1', 'Self_Employed_0', 'Self_Employed_1', 'ApplicantIncome', 'CoapplicantIncome', 'LoanAmount', 'Loan_Amount_Term', 'Credit_History', 'Property_Area_0', 'Property_Area_1', 'Loan_Status']
2025-05-08 18:45:19,183 - INFO - [SYNTHETIC EVAL] Metadata columns      (19): ['Gender_0', 'Gender_1', 'Married_0', 'Married_1', 'Dependents_0', 'Dependents_1', 'Dependents_2', 'Education_0', 'Education_1', 'Self_Employed_0', 'Self_Employed_1', 'ApplicantIncome', 'CoapplicantIncome', 'LoanAmount', 'Loan_Amount_Term', 'Credit_History', 'Property_Area_0', 'Property_Area_1', 'Loan_Status']
2025-05-08 18:45:19,183 - INFO - [SYNTHETIC EVAL] Shape — Real: (336, 19), Synthetic: (336, 19)
2025-05-08 18:45:19,183 - INFO - [SYNTHETIC EVAL] Metadata structure:
{
  "METADATA_SPEC_VERSION": "SINGLE_TABLE_V1",
  "columns": {
    "Gender_0": {
      "sdtype": "categorical"
    },
    "Gender_1": {
      "sdtype": "categorical"
    },
    "Married_0": {
      "sdtype": "categorical"
    },
    "Married_1": {
      "sdtype": "categorical"
    },
    "Dependents_0": {
      "sdtype": "categorical"
    },
    "Dependents_1": {
      "sdtype": "categorical"
    },
    "Dependents_2": {
      "sdtype": "categorical"
    },
    "Education_0": {
      "sdtype": "categorical"
    },
    "Education_1": {
      "sdtype": "categorical"
    },
    "Self_Employed_0": {
      "sdtype": "categorical"
    },
    "Self_Employed_1": {
      "sdtype": "categorical"
    },
    "ApplicantIncome": {
      "sdtype": "numerical"
    },
    "CoapplicantIncome": {
      "sdtype": "numerical"
    },
    "LoanAmount": {
      "sdtype": "numerical"
    },
    "Loan_Amount_Term": {
      "sdtype": "categorical"
    },
    "Credit_History": {
      "sdtype": "categorical"
    },
    "Property_Area_0": {
      "sdtype": "categorical"
    },
    "Property_Area_1": {
      "sdtype": "categorical"
    },
    "Loan_Status": {
      "sdtype": "categorical"
    }
  }
}
2025-05-08 18:45:19,565 - INFO - [SYNTHETIC PIPELINE] Evaluating synthetic dataset generated by GaussianCopula...
2025-05-08 18:45:19,566 - INFO - [SYNTHETIC EVAL] Real data columns     (19): ['Gender_0', 'Gender_1', 'Married_0', 'Married_1', 'Dependents_0', 'Dependents_1', 'Dependents_2', 'Education_0', 'Education_1', 'Self_Employed_0', 'Self_Employed_1', 'ApplicantIncome', 'CoapplicantIncome', 'LoanAmount', 'Loan_Amount_Term', 'Credit_History', 'Property_Area_0', 'Property_Area_1', 'Loan_Status']
2025-05-08 18:45:19,566 - INFO - [SYNTHETIC EVAL] Synthetic data columns (19): ['Gender_0', 'Gender_1', 'Married_0', 'Married_1', 'Dependents_0', 'Dependents_1', 'Dependents_2', 'Education_0', 'Education_1', 'Self_Employed_0', 'Self_Employed_1', 'ApplicantIncome', 'CoapplicantIncome', 'LoanAmount', 'Loan_Amount_Term', 'Credit_History', 'Property_Area_0', 'Property_Area_1', 'Loan_Status']
2025-05-08 18:45:19,566 - INFO - [SYNTHETIC EVAL] Metadata columns      (19): ['Gender_0', 'Gender_1', 'Married_0', 'Married_1', 'Dependents_0', 'Dependents_1', 'Dependents_2', 'Education_0', 'Education_1', 'Self_Employed_0', 'Self_Employed_1', 'ApplicantIncome', 'CoapplicantIncome', 'LoanAmount', 'Loan_Amount_Term', 'Credit_History', 'Property_Area_0', 'Property_Area_1', 'Loan_Status']
2025-05-08 18:45:19,566 - INFO - [SYNTHETIC EVAL] Shape — Real: (336, 19), Synthetic: (336, 19)
2025-05-08 18:45:19,566 - INFO - [SYNTHETIC EVAL] Metadata structure:
{
  "METADATA_SPEC_VERSION": "SINGLE_TABLE_V1",
  "columns": {
    "Gender_0": {
      "sdtype": "categorical"
    },
    "Gender_1": {
      "sdtype": "categorical"
    },
    "Married_0": {
      "sdtype": "categorical"
    },
    "Married_1": {
      "sdtype": "categorical"
    },
    "Dependents_0": {
      "sdtype": "categorical"
    },
    "Dependents_1": {
      "sdtype": "categorical"
    },
    "Dependents_2": {
      "sdtype": "categorical"
    },
    "Education_0": {
      "sdtype": "categorical"
    },
    "Education_1": {
      "sdtype": "categorical"
    },
    "Self_Employed_0": {
      "sdtype": "categorical"
    },
    "Self_Employed_1": {
      "sdtype": "categorical"
    },
    "ApplicantIncome": {
      "sdtype": "numerical"
    },
    "CoapplicantIncome": {
      "sdtype": "numerical"
    },
    "LoanAmount": {
      "sdtype": "numerical"
    },
    "Loan_Amount_Term": {
      "sdtype": "categorical"
    },
    "Credit_History": {
      "sdtype": "categorical"
    },
    "Property_Area_0": {
      "sdtype": "categorical"
    },
    "Property_Area_1": {
      "sdtype": "categorical"
    },
    "Loan_Status": {
      "sdtype": "categorical"
    }
  }
}
2025-05-08 18:45:19,951 - INFO - [SYNTHETIC PIPELINE] Evaluating synthetic dataset generated by TVAE...
2025-05-08 18:45:19,952 - INFO - [SYNTHETIC EVAL] Real data columns     (19): ['Gender_0', 'Gender_1', 'Married_0', 'Married_1', 'Dependents_0', 'Dependents_1', 'Dependents_2', 'Education_0', 'Education_1', 'Self_Employed_0', 'Self_Employed_1', 'ApplicantIncome', 'CoapplicantIncome', 'LoanAmount', 'Loan_Amount_Term', 'Credit_History', 'Property_Area_0', 'Property_Area_1', 'Loan_Status']
2025-05-08 18:45:19,952 - INFO - [SYNTHETIC EVAL] Synthetic data columns (19): ['Gender_0', 'Gender_1', 'Married_0', 'Married_1', 'Dependents_0', 'Dependents_1', 'Dependents_2', 'Education_0', 'Education_1', 'Self_Employed_0', 'Self_Employed_1', 'ApplicantIncome', 'CoapplicantIncome', 'LoanAmount', 'Loan_Amount_Term', 'Credit_History', 'Property_Area_0', 'Property_Area_1', 'Loan_Status']
2025-05-08 18:45:19,952 - INFO - [SYNTHETIC EVAL] Metadata columns      (19): ['Gender_0', 'Gender_1', 'Married_0', 'Married_1', 'Dependents_0', 'Dependents_1', 'Dependents_2', 'Education_0', 'Education_1', 'Self_Employed_0', 'Self_Employed_1', 'ApplicantIncome', 'CoapplicantIncome', 'LoanAmount', 'Loan_Amount_Term', 'Credit_History', 'Property_Area_0', 'Property_Area_1', 'Loan_Status']
2025-05-08 18:45:19,952 - INFO - [SYNTHETIC EVAL] Shape — Real: (336, 19), Synthetic: (336, 19)
2025-05-08 18:45:19,952 - INFO - [SYNTHETIC EVAL] Metadata structure:
{
  "METADATA_SPEC_VERSION": "SINGLE_TABLE_V1",
  "columns": {
    "Gender_0": {
      "sdtype": "categorical"
    },
    "Gender_1": {
      "sdtype": "categorical"
    },
    "Married_0": {
      "sdtype": "categorical"
    },
    "Married_1": {
      "sdtype": "categorical"
    },
    "Dependents_0": {
      "sdtype": "categorical"
    },
    "Dependents_1": {
      "sdtype": "categorical"
    },
    "Dependents_2": {
      "sdtype": "categorical"
    },
    "Education_0": {
      "sdtype": "categorical"
    },
    "Education_1": {
      "sdtype": "categorical"
    },
    "Self_Employed_0": {
      "sdtype": "categorical"
    },
    "Self_Employed_1": {
      "sdtype": "categorical"
    },
    "ApplicantIncome": {
      "sdtype": "numerical"
    },
    "CoapplicantIncome": {
      "sdtype": "numerical"
    },
    "LoanAmount": {
      "sdtype": "numerical"
    },
    "Loan_Amount_Term": {
      "sdtype": "categorical"
    },
    "Credit_History": {
      "sdtype": "categorical"
    },
    "Property_Area_0": {
      "sdtype": "categorical"
    },
    "Property_Area_1": {
      "sdtype": "categorical"
    },
    "Loan_Status": {
      "sdtype": "categorical"
    }
  }
}
2025-05-08 18:45:20,348 - INFO -  [SYNTHETIC PIPELINE]  Synthetic Data Evaluation Completed.
2025-05-08 18:45:20,359 - INFO -  [SYNTHETIC PIPELINE] Synthetic Data Report Generated Successfully.
2025-05-08 18:45:20,486 - INFO - [HYBRID] Generated hybrid dataset shape for CTGAN: (336, 19)
2025-05-08 18:45:20,486 - INFO - [HYBRID] Target distribution for CTGAN: {'Y': 186, 'N': 150}
2025-05-08 18:45:20,488 - INFO -  [HYBRID] Saved hybrid dataset to /mnt/NVMETank/Projects/Students/Dele/A-STUDY-INTO-THE-QUALITY-AND-USABILITY-OF-PRIVACY-FRIENDLY-SYNTHETIC-DATA/datasets/hybrid/loan_k3_l2_sup05_CTGAN_HYBRID.csv
2025-05-08 18:45:20,488 - INFO - [HYBRID] Generated hybrid dataset shape for GaussianCopula: (336, 19)
2025-05-08 18:45:20,488 - INFO - [HYBRID] Target distribution for GaussianCopula: {'Y': 221, 'N': 115}
2025-05-08 18:45:20,490 - INFO -  [HYBRID] Saved hybrid dataset to /mnt/NVMETank/Projects/Students/Dele/A-STUDY-INTO-THE-QUALITY-AND-USABILITY-OF-PRIVACY-FRIENDLY-SYNTHETIC-DATA/datasets/hybrid/loan_k3_l2_sup05_GaussianCopula_HYBRID.csv
2025-05-08 18:45:20,490 - INFO - [HYBRID] Generated hybrid dataset shape for TVAE: (336, 19)
2025-05-08 18:45:20,490 - INFO - [HYBRID] Target distribution for TVAE: {'Y': 336}
2025-05-08 18:45:20,492 - INFO -  [HYBRID] Saved hybrid dataset to /mnt/NVMETank/Projects/Students/Dele/A-STUDY-INTO-THE-QUALITY-AND-USABILITY-OF-PRIVACY-FRIENDLY-SYNTHETIC-DATA/datasets/hybrid/loan_k3_l2_sup05_TVAE_HYBRID.csv
2025-05-08 18:45:20,492 - INFO -  [HYBRID] Hybrid pipeline complete — 3 dataset(s) ready.
2025-05-08 18:45:20,492 - INFO - [HYBRID] Total rows across all hybrid datasets: 1008
2025-05-08 18:45:20,492 - INFO - Hybrid pipeline completed successfully.
2025-05-08 18:45:20,492 - INFO - Hybrid pipeline duration: 1.99 seconds
2025-05-08 18:45:20,492 - INFO - Starting Utility...
2025-05-08 18:45:20,492 - INFO - [UTILITY] Preparing datasets for machine learning...
2025-05-08 18:45:20,493 - INFO - [UTILITY] Original Data - Training Size: 336, Testing Size: 144
2025-05-08 18:45:20,493 - INFO - [UTILITY] Target class distribution (Original): {'Y': 232, 'N': 104}
2025-05-08 18:45:20,493 - INFO - [UTILITY] Processing anonymized dataset...
2025-05-08 18:45:20,493 - INFO - [UTILITY] Anonymized Data - Training Size: 336
2025-05-08 18:45:20,493 - INFO - [UTILITY] Target class distribution (Anonymous): {'Y': 232, 'N': 104}
2025-05-08 18:45:20,494 - INFO - [UTILITY] Processing hybrid dataset generated by CTGAN...
2025-05-08 18:45:20,494 - INFO - [UTILITY] Hybrid Data (CTGAN_HYBRID) - Training Size: 336
2025-05-08 18:45:20,494 - INFO - [UTILITY] Target class distribution (CTGAN_HYBRID): {'Y': 186, 'N': 150}
2025-05-08 18:45:20,494 - INFO - [UTILITY] Processing hybrid dataset generated by GaussianCopula...
2025-05-08 18:45:20,495 - INFO - [UTILITY] Hybrid Data (GaussianCopula_HYBRID) - Training Size: 336
2025-05-08 18:45:20,495 - INFO - [UTILITY] Target class distribution (GaussianCopula_HYBRID): {'Y': 221, 'N': 115}
2025-05-08 18:45:20,495 - WARNING -  Skipping hybrid dataset 'TVAE_HYBRID' - only one class in target.
2025-05-08 18:45:20,495 - INFO - [UTILITY] Training models on all datasets...
2025-05-08 18:45:20,495 - INFO - [UTILITY] Total datasets used for training: 4
2025-05-08 18:45:20,495 - INFO - [TRAINING] Training models from scratch...
2025-05-08 18:45:20,495 - INFO - [TRAINING] Starting training for dataset: Original — Rows: 336, Features: 18
2025-05-08 18:45:20,495 - INFO - [TRAINING] Training DecisionTree on Original...
2025-05-08 18:45:20,498 - INFO - [TRAINING] DecisionTree trained successfully on Original in 0.00 sec
2025-05-08 18:45:20,498 - INFO - [TRAINING] Training KNN on Original...
2025-05-08 18:45:20,499 - INFO - [TRAINING] KNN trained successfully on Original in 0.00 sec
2025-05-08 18:45:20,499 - INFO - [TRAINING] Training LogisticRegression on Original...
2025-05-08 18:45:20,503 - INFO - [TRAINING] LogisticRegression trained successfully on Original in 0.00 sec
2025-05-08 18:45:20,504 - INFO - [TRAINING] Training RandomForest on Original...
2025-05-08 18:45:20,614 - INFO - [TRAINING] RandomForest trained successfully on Original in 0.11 sec
2025-05-08 18:45:20,614 - INFO - [TRAINING] Training SVM on Original...
2025-05-08 18:45:20,621 - INFO - [TRAINING] SVM trained successfully on Original in 0.01 sec
2025-05-08 18:45:20,621 - INFO - [TRAINING] Finished training 5 model(s) for dataset: Original
2025-05-08 18:45:20,621 - INFO - [TRAINING] Starting training for dataset: Anonymous — Rows: 336, Features: 18
2025-05-08 18:45:20,621 - INFO - [TRAINING] Training DecisionTree on Anonymous...
2025-05-08 18:45:20,624 - INFO - [TRAINING] DecisionTree trained successfully on Anonymous in 0.00 sec
2025-05-08 18:45:20,624 - INFO - [TRAINING] Training KNN on Anonymous...
2025-05-08 18:45:20,626 - INFO - [TRAINING] KNN trained successfully on Anonymous in 0.00 sec
2025-05-08 18:45:20,626 - INFO - [TRAINING] Training LogisticRegression on Anonymous...
2025-05-08 18:45:20,666 - INFO - [TRAINING] LogisticRegression trained successfully on Anonymous in 0.04 sec
2025-05-08 18:45:20,666 - INFO - [TRAINING] Training RandomForest on Anonymous...
2025-05-08 18:45:20,775 - INFO - [TRAINING] RandomForest trained successfully on Anonymous in 0.11 sec
2025-05-08 18:45:20,775 - INFO - [TRAINING] Training SVM on Anonymous...
2025-05-08 18:45:20,779 - INFO - [TRAINING] SVM trained successfully on Anonymous in 0.00 sec
2025-05-08 18:45:20,779 - INFO - [TRAINING] Finished training 5 model(s) for dataset: Anonymous
2025-05-08 18:45:20,779 - INFO - [TRAINING] Starting training for dataset: CTGAN_HYBRID — Rows: 336, Features: 18
2025-05-08 18:45:20,779 - INFO - [TRAINING] Training DecisionTree on CTGAN_HYBRID...
2025-05-08 18:45:20,781 - INFO - [TRAINING] DecisionTree trained successfully on CTGAN_HYBRID in 0.00 sec
2025-05-08 18:45:20,781 - INFO - [TRAINING] Training KNN on CTGAN_HYBRID...
2025-05-08 18:45:20,782 - INFO - [TRAINING] KNN trained successfully on CTGAN_HYBRID in 0.00 sec
2025-05-08 18:45:20,782 - INFO - [TRAINING] Training LogisticRegression on CTGAN_HYBRID...
2025-05-08 18:45:20,785 - INFO - [TRAINING] LogisticRegression trained successfully on CTGAN_HYBRID in 0.00 sec
2025-05-08 18:45:20,785 - INFO - [TRAINING] Training RandomForest on CTGAN_HYBRID...
2025-05-08 18:45:20,882 - INFO - [TRAINING] RandomForest trained successfully on CTGAN_HYBRID in 0.10 sec
2025-05-08 18:45:20,882 - INFO - [TRAINING] Training SVM on CTGAN_HYBRID...
2025-05-08 18:45:20,886 - INFO - [TRAINING] SVM trained successfully on CTGAN_HYBRID in 0.00 sec
2025-05-08 18:45:20,886 - INFO - [TRAINING] Finished training 5 model(s) for dataset: CTGAN_HYBRID
2025-05-08 18:45:20,886 - INFO - [TRAINING] Starting training for dataset: GaussianCopula_HYBRID — Rows: 336, Features: 18
2025-05-08 18:45:20,886 - INFO - [TRAINING] Training DecisionTree on GaussianCopula_HYBRID...
2025-05-08 18:45:20,888 - INFO - [TRAINING] DecisionTree trained successfully on GaussianCopula_HYBRID in 0.00 sec
2025-05-08 18:45:20,888 - INFO - [TRAINING] Training KNN on GaussianCopula_HYBRID...
2025-05-08 18:45:20,889 - INFO - [TRAINING] KNN trained successfully on GaussianCopula_HYBRID in 0.00 sec
2025-05-08 18:45:20,889 - INFO - [TRAINING] Training LogisticRegression on GaussianCopula_HYBRID...
2025-05-08 18:45:20,892 - INFO - [TRAINING] LogisticRegression trained successfully on GaussianCopula_HYBRID in 0.00 sec
2025-05-08 18:45:20,892 - INFO - [TRAINING] Training RandomForest on GaussianCopula_HYBRID...
2025-05-08 18:45:20,993 - INFO - [TRAINING] RandomForest trained successfully on GaussianCopula_HYBRID in 0.10 sec
2025-05-08 18:45:20,993 - INFO - [TRAINING] Training SVM on GaussianCopula_HYBRID...
2025-05-08 18:45:21,000 - INFO - [TRAINING] SVM trained successfully on GaussianCopula_HYBRID in 0.01 sec
2025-05-08 18:45:21,000 - INFO - [TRAINING] Finished training 5 model(s) for dataset: GaussianCopula_HYBRID
2025-05-08 18:45:21,000 - INFO - [TRAINING] Total models trained across all datasets: 20
2025-05-08 18:45:21,000 - INFO - [UTILITY] Trained model names: ['Original', 'Anonymous', 'CTGAN_HYBRID', 'GaussianCopula_HYBRID']
2025-05-08 18:45:21,000 - INFO - [UTILITY] Model Training Completed.
2025-05-08 18:45:21,001 - INFO - Starting the Evaluating of models...
2025-05-08 18:45:21,001 - INFO - Preparing evaluation for model 'DecisionTree' across all datasets...
2025-05-08 18:45:21,001 - INFO - Evaluating DecisionTree on Original...
2025-05-08 18:45:21,002 - INFO - Predictions completed for DecisionTree on Original
2025-05-08 18:45:21,003 - INFO - Prediction distribution for DecisionTree on Original: {'Y': 91, 'N': 53}
2025-05-08 18:45:21,014 - INFO - Computed 8 metric(s) for DecisionTree on Original
2025-05-08 18:45:21,014 - INFO - Evaluating DecisionTree on Anonymous...
2025-05-08 18:45:21,016 - INFO - Predictions completed for DecisionTree on Anonymous
2025-05-08 18:45:21,016 - INFO - Prediction distribution for DecisionTree on Anonymous: {'N': 108, 'Y': 36}
2025-05-08 18:45:21,027 - INFO - Computed 8 metric(s) for DecisionTree on Anonymous
2025-05-08 18:45:21,027 - INFO - Evaluating DecisionTree on CTGAN_HYBRID...
2025-05-08 18:45:21,028 - INFO - Predictions completed for DecisionTree on CTGAN_HYBRID
2025-05-08 18:45:21,029 - INFO - Prediction distribution for DecisionTree on CTGAN_HYBRID: {'Y': 76, 'N': 68}
2025-05-08 18:45:21,039 - INFO - Computed 8 metric(s) for DecisionTree on CTGAN_HYBRID
2025-05-08 18:45:21,040 - INFO - Evaluating DecisionTree on GaussianCopula_HYBRID...
2025-05-08 18:45:21,041 - INFO - Predictions completed for DecisionTree on GaussianCopula_HYBRID
2025-05-08 18:45:21,041 - INFO - Prediction distribution for DecisionTree on GaussianCopula_HYBRID: {'Y': 86, 'N': 58}
2025-05-08 18:45:21,052 - INFO - Computed 8 metric(s) for DecisionTree on GaussianCopula_HYBRID
2025-05-08 18:45:21,052 - INFO - Preparing evaluation for model 'KNN' across all datasets...
2025-05-08 18:45:21,052 - INFO - Evaluating KNN on Original...
2025-05-08 18:45:21,096 - INFO - Predictions completed for KNN on Original
2025-05-08 18:45:21,096 - INFO - Prediction distribution for KNN on Original: {'Y': 115, 'N': 29}
2025-05-08 18:45:21,108 - INFO - Computed 8 metric(s) for KNN on Original
2025-05-08 18:45:21,108 - INFO - Evaluating KNN on Anonymous...
2025-05-08 18:45:21,114 - INFO - Predictions completed for KNN on Anonymous
2025-05-08 18:45:21,114 - INFO - Prediction distribution for KNN on Anonymous: {'Y': 114, 'N': 30}
2025-05-08 18:45:21,126 - INFO - Computed 8 metric(s) for KNN on Anonymous
2025-05-08 18:45:21,126 - INFO - Evaluating KNN on CTGAN_HYBRID...
2025-05-08 18:45:21,132 - INFO - Predictions completed for KNN on CTGAN_HYBRID
2025-05-08 18:45:21,132 - INFO - Prediction distribution for KNN on CTGAN_HYBRID: {'Y': 104, 'N': 40}
2025-05-08 18:45:21,143 - INFO - Computed 8 metric(s) for KNN on CTGAN_HYBRID
2025-05-08 18:45:21,143 - INFO - Evaluating KNN on GaussianCopula_HYBRID...
2025-05-08 18:45:21,149 - INFO - Predictions completed for KNN on GaussianCopula_HYBRID
2025-05-08 18:45:21,149 - INFO - Prediction distribution for KNN on GaussianCopula_HYBRID: {'Y': 118, 'N': 26}
2025-05-08 18:45:21,160 - INFO - Computed 8 metric(s) for KNN on GaussianCopula_HYBRID
2025-05-08 18:45:21,160 - INFO - Preparing evaluation for model 'LogisticRegression' across all datasets...
2025-05-08 18:45:21,160 - INFO - Evaluating LogisticRegression on Original...
2025-05-08 18:45:21,161 - INFO - Predictions completed for LogisticRegression on Original
2025-05-08 18:45:21,161 - INFO - Prediction distribution for LogisticRegression on Original: {'Y': 115, 'N': 29}
2025-05-08 18:45:21,170 - INFO - Computed 8 metric(s) for LogisticRegression on Original
2025-05-08 18:45:21,170 - INFO - Evaluating LogisticRegression on Anonymous...
2025-05-08 18:45:21,172 - INFO - Predictions completed for LogisticRegression on Anonymous
2025-05-08 18:45:21,172 - INFO - Prediction distribution for LogisticRegression on Anonymous: {'N': 102, 'Y': 42}
2025-05-08 18:45:21,182 - INFO - Computed 8 metric(s) for LogisticRegression on Anonymous
2025-05-08 18:45:21,182 - INFO - Evaluating LogisticRegression on CTGAN_HYBRID...
2025-05-08 18:45:21,183 - INFO - Predictions completed for LogisticRegression on CTGAN_HYBRID
2025-05-08 18:45:21,183 - INFO - Prediction distribution for LogisticRegression on CTGAN_HYBRID: {'Y': 140, 'N': 4}
2025-05-08 18:45:21,192 - INFO - Computed 8 metric(s) for LogisticRegression on CTGAN_HYBRID
2025-05-08 18:45:21,192 - INFO - Evaluating LogisticRegression on GaussianCopula_HYBRID...
2025-05-08 18:45:21,194 - INFO - Predictions completed for LogisticRegression on GaussianCopula_HYBRID
2025-05-08 18:45:21,194 - INFO - Prediction distribution for LogisticRegression on GaussianCopula_HYBRID: {'N': 90, 'Y': 54}
2025-05-08 18:45:21,203 - INFO - Computed 8 metric(s) for LogisticRegression on GaussianCopula_HYBRID
2025-05-08 18:45:21,203 - INFO - Preparing evaluation for model 'RandomForest' across all datasets...
2025-05-08 18:45:21,203 - INFO - Evaluating RandomForest on Original...
2025-05-08 18:45:21,209 - INFO - Predictions completed for RandomForest on Original
2025-05-08 18:45:21,209 - INFO - Prediction distribution for RandomForest on Original: {'Y': 107, 'N': 37}
2025-05-08 18:45:21,227 - INFO - Computed 8 metric(s) for RandomForest on Original
2025-05-08 18:45:21,227 - INFO - Evaluating RandomForest on Anonymous...
2025-05-08 18:45:21,233 - INFO - Predictions completed for RandomForest on Anonymous
2025-05-08 18:45:21,233 - INFO - Prediction distribution for RandomForest on Anonymous: {'N': 101, 'Y': 43}
2025-05-08 18:45:21,251 - INFO - Computed 8 metric(s) for RandomForest on Anonymous
2025-05-08 18:45:21,251 - INFO - Evaluating RandomForest on CTGAN_HYBRID...
2025-05-08 18:45:21,257 - INFO - Predictions completed for RandomForest on CTGAN_HYBRID
2025-05-08 18:45:21,257 - INFO - Prediction distribution for RandomForest on CTGAN_HYBRID: {'Y': 98, 'N': 46}
2025-05-08 18:45:21,276 - INFO - Computed 8 metric(s) for RandomForest on CTGAN_HYBRID
2025-05-08 18:45:21,276 - INFO - Evaluating RandomForest on GaussianCopula_HYBRID...
2025-05-08 18:45:21,282 - INFO - Predictions completed for RandomForest on GaussianCopula_HYBRID
2025-05-08 18:45:21,282 - INFO - Prediction distribution for RandomForest on GaussianCopula_HYBRID: {'Y': 97, 'N': 47}
2025-05-08 18:45:21,302 - INFO - Computed 8 metric(s) for RandomForest on GaussianCopula_HYBRID
2025-05-08 18:45:21,302 - INFO - Preparing evaluation for model 'SVM' across all datasets...
2025-05-08 18:45:21,302 - INFO - Evaluating SVM on Original...
2025-05-08 18:45:21,304 - INFO - Predictions completed for SVM on Original
2025-05-08 18:45:21,305 - INFO - Prediction distribution for SVM on Original: {'Y': 144}
2025-05-08 18:45:21,305 - WARNING -  [WARNING] :SVM on Original predicted only one class: {'Y'}
2025-05-08 18:45:21,307 - WARNING - [UndefinedMetricWarning] Precision is ill-defined and being set to 0.0 in labels with no predicted samples. Use `zero_division` parameter to control this behavior. (from /mnt/NVMETank/Projects/Students/Dele/A-STUDY-INTO-THE-QUALITY-AND-USABILITY-OF-PRIVACY-FRIENDLY-SYNTHETIC-DATA/.venv/lib/python3.12/site-packages/sklearn/metrics/_classification.py:1565)
2025-05-08 18:45:21,308 - WARNING - [UndefinedMetricWarning] Precision is ill-defined and being set to 0.0 in labels with no predicted samples. Use `zero_division` parameter to control this behavior. (from /mnt/NVMETank/Projects/Students/Dele/A-STUDY-INTO-THE-QUALITY-AND-USABILITY-OF-PRIVACY-FRIENDLY-SYNTHETIC-DATA/.venv/lib/python3.12/site-packages/sklearn/metrics/_classification.py:1565)
2025-05-08 18:45:21,309 - WARNING - [UndefinedMetricWarning] Precision is ill-defined and being set to 0.0 in labels with no predicted samples. Use `zero_division` parameter to control this behavior. (from /mnt/NVMETank/Projects/Students/Dele/A-STUDY-INTO-THE-QUALITY-AND-USABILITY-OF-PRIVACY-FRIENDLY-SYNTHETIC-DATA/.venv/lib/python3.12/site-packages/sklearn/metrics/_classification.py:1565)
2025-05-08 18:45:21,311 - INFO - Computed 8 metric(s) for SVM on Original
2025-05-08 18:45:21,311 - INFO - Evaluating SVM on Anonymous...
2025-05-08 18:45:21,314 - INFO - Predictions completed for SVM on Anonymous
2025-05-08 18:45:21,314 - INFO - Prediction distribution for SVM on Anonymous: {'Y': 144}
2025-05-08 18:45:21,314 - WARNING -  [WARNING] :SVM on Anonymous predicted only one class: {'Y'}
2025-05-08 18:45:21,316 - WARNING - [UndefinedMetricWarning] Precision is ill-defined and being set to 0.0 in labels with no predicted samples. Use `zero_division` parameter to control this behavior. (from /mnt/NVMETank/Projects/Students/Dele/A-STUDY-INTO-THE-QUALITY-AND-USABILITY-OF-PRIVACY-FRIENDLY-SYNTHETIC-DATA/.venv/lib/python3.12/site-packages/sklearn/metrics/_classification.py:1565)
2025-05-08 18:45:21,317 - WARNING - [UndefinedMetricWarning] Precision is ill-defined and being set to 0.0 in labels with no predicted samples. Use `zero_division` parameter to control this behavior. (from /mnt/NVMETank/Projects/Students/Dele/A-STUDY-INTO-THE-QUALITY-AND-USABILITY-OF-PRIVACY-FRIENDLY-SYNTHETIC-DATA/.venv/lib/python3.12/site-packages/sklearn/metrics/_classification.py:1565)
2025-05-08 18:45:21,319 - WARNING - [UndefinedMetricWarning] Precision is ill-defined and being set to 0.0 in labels with no predicted samples. Use `zero_division` parameter to control this behavior. (from /mnt/NVMETank/Projects/Students/Dele/A-STUDY-INTO-THE-QUALITY-AND-USABILITY-OF-PRIVACY-FRIENDLY-SYNTHETIC-DATA/.venv/lib/python3.12/site-packages/sklearn/metrics/_classification.py:1565)
2025-05-08 18:45:21,320 - INFO - Computed 8 metric(s) for SVM on Anonymous
2025-05-08 18:45:21,321 - INFO - Evaluating SVM on CTGAN_HYBRID...
2025-05-08 18:45:21,323 - INFO - Predictions completed for SVM on CTGAN_HYBRID
2025-05-08 18:45:21,323 - INFO - Prediction distribution for SVM on CTGAN_HYBRID: {'Y': 142, 'N': 2}
2025-05-08 18:45:21,330 - INFO - Computed 8 metric(s) for SVM on CTGAN_HYBRID
2025-05-08 18:45:21,330 - INFO - Evaluating SVM on GaussianCopula_HYBRID...
2025-05-08 18:45:21,332 - INFO - Predictions completed for SVM on GaussianCopula_HYBRID
2025-05-08 18:45:21,332 - INFO - Prediction distribution for SVM on GaussianCopula_HYBRID: {'Y': 144}
2025-05-08 18:45:21,333 - WARNING -  [WARNING] :SVM on GaussianCopula_HYBRID predicted only one class: {'Y'}
2025-05-08 18:45:21,334 - WARNING - [UndefinedMetricWarning] Precision is ill-defined and being set to 0.0 in labels with no predicted samples. Use `zero_division` parameter to control this behavior. (from /mnt/NVMETank/Projects/Students/Dele/A-STUDY-INTO-THE-QUALITY-AND-USABILITY-OF-PRIVACY-FRIENDLY-SYNTHETIC-DATA/.venv/lib/python3.12/site-packages/sklearn/metrics/_classification.py:1565)
2025-05-08 18:45:21,336 - WARNING - [UndefinedMetricWarning] Precision is ill-defined and being set to 0.0 in labels with no predicted samples. Use `zero_division` parameter to control this behavior. (from /mnt/NVMETank/Projects/Students/Dele/A-STUDY-INTO-THE-QUALITY-AND-USABILITY-OF-PRIVACY-FRIENDLY-SYNTHETIC-DATA/.venv/lib/python3.12/site-packages/sklearn/metrics/_classification.py:1565)
2025-05-08 18:45:21,337 - WARNING - [UndefinedMetricWarning] Precision is ill-defined and being set to 0.0 in labels with no predicted samples. Use `zero_division` parameter to control this behavior. (from /mnt/NVMETank/Projects/Students/Dele/A-STUDY-INTO-THE-QUALITY-AND-USABILITY-OF-PRIVACY-FRIENDLY-SYNTHETIC-DATA/.venv/lib/python3.12/site-packages/sklearn/metrics/_classification.py:1565)
2025-05-08 18:45:21,339 - INFO - Computed 8 metric(s) for SVM on GaussianCopula_HYBRID
2025-05-08 18:45:21,342 - INFO - Evaluation completed for all models.
2025-05-08 18:45:21,343 - INFO - Model evaluation completed in 0.34 seconds.
2025-05-08 18:45:21,345 - INFO - Evaluated models: ['DecisionTree', 'KNN', 'LogisticRegression', 'RandomForest', 'SVM']
2025-05-08 18:45:21,345 - INFO - Model Training and Evaluation completed.
2025-05-08 18:45:21,901 - INFO -  Visualizations saved.
2025-05-08 18:45:21,901 - INFO -  Benchmarking Completed. Results saved in output folder.
