2025-05-08 18:39:32,900 - INFO - Loaded config file: configs/generated_configs/loan/loan_anon_k4_sl1_l5.yaml
2025-05-08 18:39:32,901 - INFO -  Benchmarking started for dataset: loan
2025-05-08 18:39:32,901 - INFO - Using dataset path: /mnt/NVMETank/Projects/Students/Dele/A-STUDY-INTO-THE-QUALITY-AND-USABILITY-OF-PRIVACY-FRIENDLY-SYNTHETIC-DATA/datasets/original/loan.csv
2025-05-08 18:39:32,901 - INFO - Target column: Loan_Status, separator: ','
2025-05-08 18:39:32,901 - INFO - Configuration loaded: enable_anonymization = True, enable_synthesis = False, enable_hybrid = True, enable_utility = True, delete_after_evaluation = False
2025-05-08 18:39:32,901 - INFO - Running preprocessing...
2025-05-08 18:39:32,907 - INFO -  [PREPROCESSING] Preprocessed files found. Skipping preprocessing.
2025-05-08 18:39:32,918 - INFO - Preprocessing completed. Rows before: 614, after: 336
2025-05-08 18:39:32,918 - INFO - Preprocessed data saved to: outputs/batch/loan_batch_2025-05-08_18-38-44/loan_anon_k4_sl1_l5/preprocessing_report.txt
2025-05-08 18:39:32,918 - INFO - enable_anonymization = True
2025-05-08 18:39:32,918 - INFO - Starting Anonymization Pipeline with output path: /mnt/NVMETank/Projects/Students/Dele/A-STUDY-INTO-THE-QUALITY-AND-USABILITY-OF-PRIVACY-FRIENDLY-SYNTHETIC-DATA/datasets/anonymized/loan_k4_l5_sup100_anonymized.csv.......
2025-05-08 18:39:32,928 - INFO -  [ANONYMIZATION] Executing run_anonymization, config_path : configs/generated_configs/loan/loan_anon_k4_sl1_l5.yaml...........
2025-05-08 18:39:32,928 - INFO -  [ANONYMIZATION] Using JAR file at /mnt/NVMETank/Projects/Students/Dele/A-STUDY-INTO-THE-QUALITY-AND-USABILITY-OF-PRIVACY-FRIENDLY-SYNTHETIC-DATA/src/anonymization/anonymARXij/bin/anonymARXij.jar to anonymize the dataset.
2025-05-08 18:39:33,163 - ERROR -  [ANONYMIZATION] Java anonymization failed with exit code: 1
2025-05-08 18:39:33,164 - ERROR -  [ANONYMIZATION] STDERR: Exception in thread "main" java.lang.ClassCastException: class java.lang.Integer cannot be cast to class java.lang.Double (java.lang.Integer and java.lang.Double are in module java.base of loader 'bootstrap')
	at Main.main(Main.java:57)
2025-05-08 18:39:33,164 - ERROR - Anonymization Pipeline failed!
2025-05-08 18:39:33,164 - INFO - enable_synthetic_generation = False
2025-05-08 18:39:33,164 - INFO - Synthetic Data Generation Skipped (Disabled in Configuration).
2025-05-08 18:39:33,164 - INFO - Running Hybrid Pipeline...
2025-05-08 18:39:33,164 - INFO -  [HYBRID] Executing run_hybrid...
2025-05-08 18:39:33,164 - INFO -  [HYBRID] Looking for encoded anonymized data in /mnt/NVMETank/Projects/Students/Dele/A-STUDY-INTO-THE-QUALITY-AND-USABILITY-OF-PRIVACY-FRIENDLY-SYNTHETIC-DATA/datasets/anonymized/loan_k4_l5_1_anonymized_encoded.csv
2025-05-08 18:39:33,164 - INFO -  [HYBRID] No anonymized CSV - running ARX anonymization on datasets/train/loan_train_raw.csv …
2025-05-08 18:39:33,331 - ERROR -  [HYBRID] Hybrid pipeline: anonymization failed.
2025-05-08 18:39:33,331 - ERROR - Hybrid pipeline failed: Hybrid pipeline: anonymization failed.
2025-05-08 18:39:33,331 - INFO - Starting Utility...
2025-05-08 18:39:33,331 - INFO - [UTILITY] Preparing datasets for machine learning...
2025-05-08 18:39:33,332 - INFO - [UTILITY] Original Data - Training Size: 336, Testing Size: 144
2025-05-08 18:39:33,333 - INFO - [UTILITY] Target class distribution (Original): {'Y': 232, 'N': 104}
2025-05-08 18:39:33,333 - INFO - [UTILITY] Training models on all datasets...
2025-05-08 18:39:33,333 - INFO - [UTILITY] Total datasets used for training: 1
2025-05-08 18:39:33,333 - INFO - [TRAINING] Training models from scratch...
2025-05-08 18:39:33,333 - INFO - [TRAINING] Starting training for dataset: Original — Rows: 336, Features: 18
2025-05-08 18:39:33,333 - INFO - [TRAINING] Training DecisionTree on Original...
2025-05-08 18:39:33,337 - INFO - [TRAINING] DecisionTree trained successfully on Original in 0.00 sec
2025-05-08 18:39:33,337 - INFO - [TRAINING] Training KNN on Original...
2025-05-08 18:39:33,339 - INFO - [TRAINING] KNN trained successfully on Original in 0.00 sec
2025-05-08 18:39:33,339 - INFO - [TRAINING] Training LogisticRegression on Original...
2025-05-08 18:39:33,345 - INFO - [TRAINING] LogisticRegression trained successfully on Original in 0.01 sec
2025-05-08 18:39:33,345 - INFO - [TRAINING] Training RandomForest on Original...
2025-05-08 18:39:33,494 - INFO - [TRAINING] RandomForest trained successfully on Original in 0.15 sec
2025-05-08 18:39:33,494 - INFO - [TRAINING] Training SVM on Original...
2025-05-08 18:39:33,501 - INFO - [TRAINING] SVM trained successfully on Original in 0.01 sec
2025-05-08 18:39:33,501 - INFO - [TRAINING] Finished training 5 model(s) for dataset: Original
2025-05-08 18:39:33,501 - INFO - [TRAINING] Total models trained across all datasets: 5
2025-05-08 18:39:33,501 - INFO - [UTILITY] Trained model names: ['Original']
2025-05-08 18:39:33,501 - INFO - [UTILITY] Model Training Completed.
2025-05-08 18:39:33,501 - INFO - Starting the Evaluating of models...
2025-05-08 18:39:33,501 - INFO - Preparing evaluation for model 'DecisionTree' across all datasets...
2025-05-08 18:39:33,501 - INFO - Evaluating DecisionTree on Original...
2025-05-08 18:39:33,503 - INFO - Predictions completed for DecisionTree on Original
2025-05-08 18:39:33,504 - INFO - Prediction distribution for DecisionTree on Original: {'Y': 88, 'N': 56}
2025-05-08 18:39:33,518 - INFO - Computed 8 metric(s) for DecisionTree on Original
2025-05-08 18:39:33,518 - INFO - Preparing evaluation for model 'KNN' across all datasets...
2025-05-08 18:39:33,518 - INFO - Evaluating KNN on Original...
2025-05-08 18:39:33,560 - INFO - Predictions completed for KNN on Original
2025-05-08 18:39:33,561 - INFO - Prediction distribution for KNN on Original: {'Y': 115, 'N': 29}
2025-05-08 18:39:33,580 - INFO - Computed 8 metric(s) for KNN on Original
2025-05-08 18:39:33,580 - INFO - Preparing evaluation for model 'LogisticRegression' across all datasets...
2025-05-08 18:39:33,580 - INFO - Evaluating LogisticRegression on Original...
2025-05-08 18:39:33,583 - INFO - Predictions completed for LogisticRegression on Original
2025-05-08 18:39:33,583 - INFO - Prediction distribution for LogisticRegression on Original: {'Y': 115, 'N': 29}
2025-05-08 18:39:33,599 - INFO - Computed 8 metric(s) for LogisticRegression on Original
2025-05-08 18:39:33,599 - INFO - Preparing evaluation for model 'RandomForest' across all datasets...
2025-05-08 18:39:33,599 - INFO - Evaluating RandomForest on Original...
2025-05-08 18:39:33,609 - INFO - Predictions completed for RandomForest on Original
2025-05-08 18:39:33,610 - INFO - Prediction distribution for RandomForest on Original: {'Y': 109, 'N': 35}
2025-05-08 18:39:33,640 - INFO - Computed 8 metric(s) for RandomForest on Original
2025-05-08 18:39:33,640 - INFO - Preparing evaluation for model 'SVM' across all datasets...
2025-05-08 18:39:33,640 - INFO - Evaluating SVM on Original...
2025-05-08 18:39:33,644 - INFO - Predictions completed for SVM on Original
2025-05-08 18:39:33,644 - INFO - Prediction distribution for SVM on Original: {'Y': 144}
2025-05-08 18:39:33,644 - WARNING -  [WARNING] :SVM on Original predicted only one class: {'Y'}
2025-05-08 18:39:33,647 - WARNING - [UndefinedMetricWarning] Precision is ill-defined and being set to 0.0 in labels with no predicted samples. Use `zero_division` parameter to control this behavior. (from /mnt/NVMETank/Projects/Students/Dele/A-STUDY-INTO-THE-QUALITY-AND-USABILITY-OF-PRIVACY-FRIENDLY-SYNTHETIC-DATA/.venv/lib/python3.12/site-packages/sklearn/metrics/_classification.py:1565)
2025-05-08 18:39:33,650 - WARNING - [UndefinedMetricWarning] Precision is ill-defined and being set to 0.0 in labels with no predicted samples. Use `zero_division` parameter to control this behavior. (from /mnt/NVMETank/Projects/Students/Dele/A-STUDY-INTO-THE-QUALITY-AND-USABILITY-OF-PRIVACY-FRIENDLY-SYNTHETIC-DATA/.venv/lib/python3.12/site-packages/sklearn/metrics/_classification.py:1565)
2025-05-08 18:39:33,652 - WARNING - [UndefinedMetricWarning] Precision is ill-defined and being set to 0.0 in labels with no predicted samples. Use `zero_division` parameter to control this behavior. (from /mnt/NVMETank/Projects/Students/Dele/A-STUDY-INTO-THE-QUALITY-AND-USABILITY-OF-PRIVACY-FRIENDLY-SYNTHETIC-DATA/.venv/lib/python3.12/site-packages/sklearn/metrics/_classification.py:1565)
2025-05-08 18:39:33,655 - INFO - Computed 8 metric(s) for SVM on Original
2025-05-08 18:39:33,660 - INFO - Evaluation completed for all models.
2025-05-08 18:39:33,660 - INFO - Model evaluation completed in 0.16 seconds.
2025-05-08 18:39:33,663 - INFO - Evaluated models: ['DecisionTree', 'KNN', 'LogisticRegression', 'RandomForest', 'SVM']
2025-05-08 18:39:33,663 - INFO - Model Training and Evaluation completed.
2025-05-08 18:39:34,375 - INFO -  Visualizations saved.
2025-05-08 18:39:34,375 - INFO -  Benchmarking Completed. Results saved in output folder.
