2025-05-05 22:21:35,580 - INFO - Loaded config file: configs/benchmark_config.yaml
2025-05-05 22:21:35,581 - INFO -  Benchmarking started for dataset: bankMarketing
2025-05-05 22:21:35,581 - INFO - Using dataset path: c:\Users\delea\OneDrive\Documents\Desktop\Master_Thesis\MasterThesisCode\datasets\original\bankMarketing.csv
2025-05-05 22:21:35,582 - INFO - Target column: y, separator: ';'
2025-05-05 22:21:35,582 - INFO - Configuration loaded: enable_anonymization = True, enable_synthesis = False, enable_hybrid = False, enable_utility = True, delete_after_evaluation = False
2025-05-05 22:21:35,582 - INFO - Running preprocessing...
2025-05-05 22:21:35,593 - INFO -  [PREPROCESSING] Preprocessed files found. Skipping preprocessing.
2025-05-05 22:21:35,750 - INFO - Preprocessing completed. Rows before: 45211, after: 36168
2025-05-05 22:21:35,750 - INFO - Preprocessed data saved to: outputs\singular\bankMarketing_2025-05-05_22-21-35\preprocessing_report.txt
2025-05-05 22:21:35,750 - INFO - enable_anonymization = True
2025-05-05 22:21:35,750 - INFO - Starting Anonymization Pipeline with output path: C:\Users\delea\OneDrive\Documents\Desktop\Master_Thesis\MasterThesisCode\datasets\anonymized\bankMarketing_k2_l2_sup01_anonymized.csv.......
2025-05-05 22:21:35,766 - INFO -  [ANONYMIZATION] Executing run_anonymization, config_path : configs/benchmark_config.yaml...........
2025-05-05 22:21:35,766 - INFO -  [ANONYMIZATION] Using JAR file at C:\Users\delea\OneDrive\Documents\Desktop\Master_Thesis\MasterThesisCode\src\anonymization\anonymARXij\bin\anonymARXij.jar to anonymize the dataset.
2025-05-05 22:21:38,311 - INFO -  [ANONYMIZATION] Anonimized file saved to : C:\Users\delea\OneDrive\Documents\Desktop\Master_Thesis\MasterThesisCode\datasets\anonymized\bankMarketing_k2_l2_sup01_anonymized.csv
2025-05-05 22:21:38,311 - INFO -  [ANONYMIZATION] Java anonymization completed successfully.
2025-05-05 22:21:38,312 - INFO -  [ANONYMIZATION] Java STDOUT:
? Java received config path: C:\Users\delea\OneDrive\Documents\Desktop\Master_Thesis\MasterThesisCode\configs\benchmark_config.yaml
? Loading config from: C:\Users\delea\OneDrive\Documents\Desktop\Master_Thesis\MasterThesisCode\configs\benchmark_config.yaml
Loading config from: C:\Users\delea\OneDrive\Documents\Desktop\Master_Thesis\MasterThesisCode\configs\benchmark_config.yaml
? Dataset Path (from args): C:\Users\delea\OneDrive\Documents\Desktop\Master_Thesis\MasterThesisCode\datasets\train\bankMarketing_train_raw.csv
? Dataset Separator: ;
? Suppression Limit: 0.01

? Configured Attributes:
  ? Quasi-Identifier: age
  ? Quasi-Identifier: marital
  ? Quasi-Identifier: education
  ? Quasi-Identifier: job
  ? Quasi-Identifier: loan
  ? Quasi-Identifier: housing
  ? Sensitive Attribute: balance
  ? Insensitive Attribute: default
  ? Insensitive Attribute: contact
  ? Insensitive Attribute: day
  ? Insensitive Attribute: month
  ? Insensitive Attribute: campaign
  ? Insensitive Attribute: pdays
  ? Insensitive Attribute: previous
  ? Insensitive Attribute: poutcome
  ? Insensitive Attribute: y

? Defined Hierarchies:
  ? marital -> C:\Users\delea\OneDrive\Documents\Desktop\Master_Thesis\MasterThesisCode\src\anonymization\anonymARXij\src\hierarchies_bankMarketing\marital.csv
  ? loan -> C:\Users\delea\OneDrive\Documents\Desktop\Master_Thesis\MasterThesisCode\src\anonymization\anonymARXij\src\hierarchies_bankMarketing\loan.csv
  ? education -> C:\Users\delea\OneDrive\Documents\Desktop\Master_Thesis\MasterThesisCode\src\anonymization\anonymARXij\src\hierarchies_bankMarketing\education.csv
  ? housing -> C:\Users\delea\OneDrive\Documents\Desktop\Master_Thesis\MasterThesisCode\src\anonymization\anonymARXij\src\hierarchies_bankMarketing\housing.csv
  ? job -> C:\Users\delea\OneDrive\Documents\Desktop\Master_Thesis\MasterThesisCode\src\anonymization\anonymARXij\src\hierarchies_bankMarketing\job.csv
  ? age -> C:\Users\delea\OneDrive\Documents\Desktop\Master_Thesis\MasterThesisCode\src\anonymization\anonymARXij\src\hierarchies_bankMarketing\age.csv
Java is searching for hierarchy file at: C:\Users\delea\OneDrive\Documents\Desktop\Master_Thesis\MasterThesisCode\src\anonymization\anonymARXij\src\hierarchies_bankMarketing\marital.csv
Java is searching for hierarchy file at: C:\Users\delea\OneDrive\Documents\Desktop\Master_Thesis\MasterThesisCode\src\anonymization\anonymARXij\src\hierarchies_bankMarketing\loan.csv
Java is searching for hierarchy file at: C:\Users\delea\OneDrive\Documents\Desktop\Master_Thesis\MasterThesisCode\src\anonymization\anonymARXij\src\hierarchies_bankMarketing\education.csv
Java is searching for hierarchy file at: C:\Users\delea\OneDrive\Documents\Desktop\Master_Thesis\MasterThesisCode\src\anonymization\anonymARXij\src\hierarchies_bankMarketing\housing.csv
Java is searching for hierarchy file at: C:\Users\delea\OneDrive\Documents\Desktop\Master_Thesis\MasterThesisCode\src\anonymization\anonymARXij\src\hierarchies_bankMarketing\job.csv
Java is searching for hierarchy file at: C:\Users\delea\OneDrive\Documents\Desktop\Master_Thesis\MasterThesisCode\src\anonymization\anonymARXij\src\hierarchies_bankMarketing\age.csv
? Applied Distinct L-Diversity on: balance (l=2)
? Privacy Models Configured
? Anonymized Output Path (from args): C:\Users\delea\OneDrive\Documents\Desktop\Master_Thesis\MasterThesisCode\datasets\anonymized\bankMarketing_k2_l2_sup01_anonymized.csv
? Anonymized Output Path: C:\Users\delea\OneDrive\Documents\Desktop\Master_Thesis\MasterThesisCode\datasets\anonymized\bankMarketing_k2_l2_sup01_anonymized.csv
? Anonymization completed. Output saved to: C:\Users\delea\OneDrive\Documents\Desktop\Master_Thesis\MasterThesisCode\datasets\anonymized\bankMarketing_k2_l2_sup01_anonymized.csv
Anonymized Data Quality Metrics:
 - Ambiguity: 0.9941135243170813
 - AECS: 0.9987951792767291
 - Discernibility: 0.9861865551645919
 - Granularity: 0.9594883490658547
 - MSE: 0.930536498554258
 - Non-Uniform Entropy: 0.675721079937124
 - Precision: 0.8699679274496792
 - Record-level SE: 0.8699678294129083
Equivalence Class Statistics:
 - Number of Classes: 738
 - Average Class Size: 48.72628726287263
Suppression Statistics:
 - Suppressed Records: 208
 - Suppression Percentage: 0.58%
2025-05-05 22:21:38,313 - INFO - Anonymized data saved to: C:\Users\delea\OneDrive\Documents\Desktop\Master_Thesis\MasterThesisCode\datasets\anonymized\bankMarketing_k2_l2_sup01_anonymized.csv
2025-05-05 22:21:38,476 - INFO - Anonymous data report saved at: outputs\singular\bankMarketing_2025-05-05_22-21-35\anonymous_data_report.txt
2025-05-05 22:21:38,476 - INFO -  [POSTPROCESSING] Postprocessing anonymized data: C:\Users\delea\OneDrive\Documents\Desktop\Master_Thesis\MasterThesisCode\datasets\anonymized\bankMarketing_k2_l2_sup01_anonymized.csv
2025-05-05 22:21:38,514 - INFO -  [POSTPROCESSING] Loaded anonymized data: (36168, 16)
2025-05-05 22:21:38,616 - INFO -  [POSTPROCESSING] Loaded fallback maps from training data. Categorical cols: 10, Numeric cols: 6
2025-05-05 22:21:38,616 - INFO -  [POSTPROCESSING] Normalizing anonymized data using ARX artifact cleaning and fallback values.
2025-05-05 22:21:39,776 - INFO -  [POSTPROCESSING] Normalized anonymized data saved to: C:\Users\delea\OneDrive\Documents\Desktop\Master_Thesis\MasterThesisCode\datasets\anonymized\bankMarketing_k2_l2_sup01_anonymized_processed.csv
2025-05-05 22:21:39,875 - INFO -  [POSTPROCESSING] Binary Encoding applied to anonymized data. Encoded shape: (36168, 31)
2025-05-05 22:21:40,049 - INFO -  [POSTPROCESSING] Encoded anonymized dataset saved to: C:\Users\delea\OneDrive\Documents\Desktop\Master_Thesis\MasterThesisCode\datasets\anonymized\bankMarketing_k2_l2_sup01_anonymized_encoded.csv
2025-05-05 22:21:40,050 - INFO -  [POSTPROCESSING] Encoding map generated for anonymized data: 0 original categorical columns.
2025-05-05 22:21:40,054 - INFO - Postprocessing report saved at: outputs\singular\bankMarketing_2025-05-05_22-21-35\postprocessing_report.txt
2025-05-05 22:21:40,055 - INFO - enable_synthetic_generation = False
2025-05-05 22:21:40,055 - INFO - Synthetic Data Generation Skipped (Disabled in Configuration).
2025-05-05 22:21:40,055 - INFO - Hybrid Pipeline skipped (disabled in configuration).
2025-05-05 22:21:40,056 - INFO - Starting Utility...
2025-05-05 22:21:40,056 - INFO - [UTILITY] Preparing datasets for machine learning...
2025-05-05 22:21:40,061 - INFO - [UTILITY] Original Data - Training Size: 36168, Testing Size: 9043
2025-05-05 22:21:40,063 - INFO - [UTILITY] Target class distribution (Original): {'no': 31937, 'yes': 4231}
2025-05-05 22:21:40,065 - INFO - [UTILITY] Processing anonymized dataset...
2025-05-05 22:21:40,069 - INFO - [UTILITY] Anonymized Data - Training Size: 36168
2025-05-05 22:21:40,070 - INFO - [UTILITY] Target class distribution (Anonymous): {'no': 31937, 'yes': 4231}
2025-05-05 22:21:40,071 - INFO - [UTILITY] Training models on all datasets...
2025-05-05 22:21:40,071 - INFO - [UTILITY] Total datasets used for training: 2
2025-05-05 22:21:40,072 - INFO - [TRAINING] Training models from scratch...
2025-05-05 22:21:40,073 - INFO - [TRAINING] Starting training for dataset: Original — Rows: 36168, Features: 30
2025-05-05 22:21:40,074 - INFO - [TRAINING] Training LogisticRegression on Original...
2025-05-05 22:21:40,160 - INFO - [TRAINING] LogisticRegression trained successfully on Original in 0.09 sec
2025-05-05 22:21:40,160 - INFO - [TRAINING] Training KNN on Original...
2025-05-05 22:21:40,182 - INFO - [TRAINING] KNN trained successfully on Original in 0.02 sec
2025-05-05 22:21:40,183 - INFO - [TRAINING] Training RandomForest on Original...
2025-05-05 22:21:43,608 - INFO - [TRAINING] RandomForest trained successfully on Original in 3.43 sec
2025-05-05 22:21:43,608 - INFO - [TRAINING] Training DecisionTree on Original...
2025-05-05 22:21:43,860 - INFO - [TRAINING] DecisionTree trained successfully on Original in 0.25 sec
2025-05-05 22:21:43,860 - INFO - [TRAINING] Finished training 4 model(s) for dataset: Original
2025-05-05 22:21:43,860 - INFO - [TRAINING] Starting training for dataset: Anonymous — Rows: 36168, Features: 30
2025-05-05 22:21:43,860 - INFO - [TRAINING] Training LogisticRegression on Anonymous...
2025-05-05 22:21:44,048 - INFO - [TRAINING] LogisticRegression trained successfully on Anonymous in 0.19 sec
2025-05-05 22:21:44,048 - INFO - [TRAINING] Training KNN on Anonymous...
2025-05-05 22:21:44,112 - INFO - [TRAINING] KNN trained successfully on Anonymous in 0.06 sec
2025-05-05 22:21:44,112 - INFO - [TRAINING] Training RandomForest on Anonymous...
2025-05-05 22:21:47,153 - INFO - [TRAINING] RandomForest trained successfully on Anonymous in 3.04 sec
2025-05-05 22:21:47,153 - INFO - [TRAINING] Training DecisionTree on Anonymous...
2025-05-05 22:21:47,429 - INFO - [TRAINING] DecisionTree trained successfully on Anonymous in 0.28 sec
2025-05-05 22:21:47,429 - INFO - [TRAINING] Finished training 4 model(s) for dataset: Anonymous
2025-05-05 22:21:47,429 - INFO - [TRAINING] Total models trained across all datasets: 8
2025-05-05 22:21:47,429 - INFO - [UTILITY] Trained model names: ['Original', 'Anonymous']
2025-05-05 22:21:47,429 - INFO - [UTILITY] Model Training Completed.
2025-05-05 22:21:47,429 - INFO - Starting the Evaluating of models...
2025-05-05 22:21:47,429 - INFO - Preparing evaluation for model 'LogisticRegression' across all datasets...
2025-05-05 22:21:47,429 - INFO - Evaluating LogisticRegression on Original...
2025-05-05 22:21:47,442 - INFO - Predictions completed for LogisticRegression on Original
2025-05-05 22:21:47,442 - INFO - Prediction distribution for LogisticRegression on Original: {'no': 8778, 'yes': 265}
2025-05-05 22:21:47,540 - INFO - Computed 8 metric(s) for LogisticRegression on Original
2025-05-05 22:21:47,540 - INFO - Evaluating LogisticRegression on Anonymous...
2025-05-05 22:21:47,540 - INFO - Predictions completed for LogisticRegression on Anonymous
2025-05-05 22:21:47,540 - INFO - Prediction distribution for LogisticRegression on Anonymous: {'no': 8777, 'yes': 266}
2025-05-05 22:21:47,673 - INFO - Computed 8 metric(s) for LogisticRegression on Anonymous
2025-05-05 22:21:47,673 - INFO - Preparing evaluation for model 'KNN' across all datasets...
2025-05-05 22:21:47,674 - INFO - Evaluating KNN on Original...
2025-05-05 22:21:53,386 - INFO - Predictions completed for KNN on Original
2025-05-05 22:21:53,386 - INFO - Prediction distribution for KNN on Original: {'no': 8753, 'yes': 290}
2025-05-05 22:22:05,100 - INFO - Computed 8 metric(s) for KNN on Original
2025-05-05 22:22:05,100 - INFO - Evaluating KNN on Anonymous...
2025-05-05 22:22:10,541 - INFO - Predictions completed for KNN on Anonymous
2025-05-05 22:22:10,541 - INFO - Prediction distribution for KNN on Anonymous: {'no': 8753, 'yes': 290}
2025-05-05 22:22:22,086 - INFO - Computed 8 metric(s) for KNN on Anonymous
2025-05-05 22:22:22,086 - INFO - Preparing evaluation for model 'RandomForest' across all datasets...
2025-05-05 22:22:22,086 - INFO - Evaluating RandomForest on Original...
2025-05-05 22:22:22,227 - INFO - Predictions completed for RandomForest on Original
2025-05-05 22:22:22,227 - INFO - Prediction distribution for RandomForest on Original: {'no': 8661, 'yes': 382}
2025-05-05 22:22:22,597 - INFO - Computed 8 metric(s) for RandomForest on Original
2025-05-05 22:22:22,597 - INFO - Evaluating RandomForest on Anonymous...
2025-05-05 22:22:22,724 - INFO - Predictions completed for RandomForest on Anonymous
2025-05-05 22:22:22,724 - INFO - Prediction distribution for RandomForest on Anonymous: {'no': 8624, 'yes': 419}
2025-05-05 22:22:23,079 - INFO - Computed 8 metric(s) for RandomForest on Anonymous
2025-05-05 22:22:23,079 - INFO - Preparing evaluation for model 'DecisionTree' across all datasets...
2025-05-05 22:22:23,079 - INFO - Evaluating DecisionTree on Original...
2025-05-05 22:22:23,089 - INFO - Predictions completed for DecisionTree on Original
2025-05-05 22:22:23,089 - INFO - Prediction distribution for DecisionTree on Original: {'no': 7861, 'yes': 1182}
2025-05-05 22:22:23,186 - INFO - Computed 8 metric(s) for DecisionTree on Original
2025-05-05 22:22:23,187 - INFO - Evaluating DecisionTree on Anonymous...
2025-05-05 22:22:23,191 - INFO - Predictions completed for DecisionTree on Anonymous
2025-05-05 22:22:23,191 - INFO - Prediction distribution for DecisionTree on Anonymous: {'no': 7801, 'yes': 1242}
2025-05-05 22:22:23,289 - INFO - Computed 8 metric(s) for DecisionTree on Anonymous
2025-05-05 22:22:23,291 - INFO - Evaluation completed for all models.
2025-05-05 22:22:23,291 - INFO - Model evaluation completed in 35.86 seconds.
2025-05-05 22:22:23,296 - INFO - Evaluated models: ['DecisionTree', 'KNN', 'LogisticRegression', 'RandomForest']
2025-05-05 22:22:23,296 - INFO - Model Training and Evaluation completed.
2025-05-05 22:22:23,801 - INFO -  Visualizations saved.
2025-05-05 22:22:23,802 - INFO -  Benchmarking Completed. Results saved in output folder.
