2025-04-10 15:05:34,275 - INFO - Loaded config file: configs/generated_configs/loan/loan_anon_k3_l5_sl0.05.yaml
2025-04-10 15:05:34,276 - INFO -  Benchmarking started for dataset: loan
2025-04-10 15:05:34,276 - INFO - Configuration loaded: enable_anonymization = True, enable_synthesis = False
2025-04-10 15:05:34,276 - INFO - Running preprocessing...
2025-04-10 15:05:34,285 - INFO - Preprocessed files found. Skipping preprocessing.
2025-04-10 15:05:34,321 - INFO - Preprocessing completed. Rows before: 614, after: 384
2025-04-10 15:05:34,322 - INFO - enable_anonymization = None
2025-04-10 15:05:34,329 - INFO - Running Java Anonymization Program...........
2025-04-10 15:05:34,335 - INFO - Using JAR file at /home/deleayeni/A-STUDY-INTO-THE-QUALITY-AND-USABILITY-OF-PRIVACY-FRIENDLY-SYNTHETIC-DATA/src/anonymization/anonymARXij/bin/anonymARXij.jar to anonymize the dataset.
2025-04-10 15:05:42,363 - INFO - Java anonymization completed successfully.
2025-04-10 15:05:42,364 - INFO - Anonymized data saved to: /home/deleayeni/A-STUDY-INTO-THE-QUALITY-AND-USABILITY-OF-PRIVACY-FRIENDLY-SYNTHETIC-DATA/datasets/anonymized/loan_anonymized.csv
2025-04-10 15:05:42,742 - INFO - Loaded anonymized data: (384, 13)
2025-04-10 15:05:43,012 - INFO - Encoding applied to anonymized data. Encoded shape: (384, 12)
2025-04-10 15:05:43,026 - INFO - Encoded anonymized dataset saved to: datasets/anonymized/loan_anonymized_encoded.csv
2025-04-10 15:05:43,027 - INFO - enable_synthetic_generation = False
2025-04-10 15:05:43,028 - INFO - Synthetic Data Generation Skipped (Disabled in Configuration).
2025-04-10 15:05:43,029 - INFO - Synthetic data generated with 2 synthesizers.
2025-04-10 15:05:43,029 - INFO - Hybrid pipeline skipped (disabled in configuration).
2025-04-10 15:05:43,029 - INFO - Preparing datasets for machine learning...
2025-04-10 15:05:43,030 - INFO - Original Data - Training Size: 384, Testing Size: 96
2025-04-10 15:05:43,030 - INFO - Processing anonymized dataset...
2025-04-10 15:05:43,031 - INFO - Anonymized Data - Training Size: 384
2025-04-10 15:05:43,031 - INFO - Training models on all datasets...
2025-04-10 15:19:50,815 - INFO - Model Training Completed.
2025-04-10 15:19:50,842 - INFO - Evaluating models...
2025-04-10 15:20:13,989 - INFO - Model Training and Evaluation completed.
2025-04-10 15:20:34,274 - INFO -  Visualizations saved.
2025-04-10 15:20:34,274 - INFO -  Benchmarking Completed. Results saved in output folder.
