2025-05-21 09:08:27,417 - INFO - Loaded config file: configs/benchmark_config.yaml
2025-05-21 09:08:27,417 - INFO -  Benchmarking started for dataset: loan
2025-05-21 09:08:27,418 - INFO - Using dataset path: c:\Users\delea\OneDrive\Documents\Desktop\Master_Thesis\MasterThesisCode\datasets\original\loan.csv
2025-05-21 09:08:27,418 - INFO - Target column: Loan_Status, separator: ','
2025-05-21 09:08:27,418 - INFO - Configuration loaded: enable_anonymization = True, enable_synthesis = False, enable_hybrid = False, enable_utility = True, delete_after_evaluation = False
2025-05-21 09:08:27,418 - INFO - Running preprocessing...
2025-05-21 09:08:27,424 - INFO -  [PREPROCESSING] Preprocessed files found. Skipping preprocessing.
2025-05-21 09:08:27,492 - INFO - Preprocessing completed. Rows before: 614, after: 336
2025-05-21 09:08:27,492 - INFO - Preprocessed data saved to: outputs\singular\loan_2025-05-21_09-08-27\preprocessing_report.txt
2025-05-21 09:08:27,492 - INFO - enable_anonymization = True
2025-05-21 09:08:27,492 - INFO - Starting Anonymization Pipeline with output path: C:\Users\delea\OneDrive\Documents\Desktop\Master_Thesis\MasterThesisCode\datasets\anonymized\loan_k19_l15_sup05_anonymized.csv.......
2025-05-21 09:08:27,497 - INFO -  [ANONYMIZATION] Executing run_anonymization, config_path : configs/benchmark_config.yaml...........
2025-05-21 09:08:27,497 - INFO -  [ANONYMIZATION] Using JAR file at C:\Users\delea\OneDrive\Documents\Desktop\Master_Thesis\MasterThesisCode\src\anonymization\anonymARXij\bin\anonymARXij.jar to anonymize the dataset.
2025-05-21 09:08:28,952 - INFO -  [ANONYMIZATION] Anonimized file saved to : C:\Users\delea\OneDrive\Documents\Desktop\Master_Thesis\MasterThesisCode\datasets\anonymized\loan_k19_l15_sup05_anonymized.csv
2025-05-21 09:08:28,952 - INFO -  [ANONYMIZATION] Java anonymization completed successfully.
2025-05-21 09:08:28,952 - INFO -  [ANONYMIZATION] Java STDOUT:
? Java received config path: C:\Users\delea\OneDrive\Documents\Desktop\Master_Thesis\MasterThesisCode\configs\benchmark_config.yaml
? Loading config from: C:\Users\delea\OneDrive\Documents\Desktop\Master_Thesis\MasterThesisCode\configs\benchmark_config.yaml
Loading config from: C:\Users\delea\OneDrive\Documents\Desktop\Master_Thesis\MasterThesisCode\configs\benchmark_config.yaml
? Dataset Path (from args): C:\Users\delea\OneDrive\Documents\Desktop\Master_Thesis\MasterThesisCode\datasets\train\loan_train_raw.csv
? Dataset Separator: ,
? Suppression Limit: 0.05

? Configured Attributes:
  ? Quasi-Identifier: Gender
  ? Quasi-Identifier: Married
  ? Quasi-Identifier: Education
  ? Quasi-Identifier: Dependents
  ? Quasi-Identifier: Self_Employed
  ? Quasi-Identifier: Property_Area
  ? Quasi-Identifier: Credit_History
  ? Quasi-Identifier: Loan_Amount_Term
  ? Sensitive Attribute: LoanAmount
  ? Insensitive Attribute: Loan_Status
  ? Insensitive Attribute: ApplicantIncome
  ? Insensitive Attribute: CoapplicantIncome

? Defined Hierarchies:
  ? Self_Employed -> C:\Users\delea\OneDrive\Documents\Desktop\Master_Thesis\MasterThesisCode\src\anonymization\anonymARXij\src\hierarchies_loan\self_employed.csv
  ? Property_Area -> C:\Users\delea\OneDrive\Documents\Desktop\Master_Thesis\MasterThesisCode\src\anonymization\anonymARXij\src\hierarchies_loan\property_area.csv
  ? Dependents -> C:\Users\delea\OneDrive\Documents\Desktop\Master_Thesis\MasterThesisCode\src\anonymization\anonymARXij\src\hierarchies_loan\dependents.csv
  ? Credit_History -> C:\Users\delea\OneDrive\Documents\Desktop\Master_Thesis\MasterThesisCode\src\anonymization\anonymARXij\src\hierarchies_loan\credit_history.csv
  ? Married -> C:\Users\delea\OneDrive\Documents\Desktop\Master_Thesis\MasterThesisCode\src\anonymization\anonymARXij\src\hierarchies_loan\married.csv
  ? Education -> C:\Users\delea\OneDrive\Documents\Desktop\Master_Thesis\MasterThesisCode\src\anonymization\anonymARXij\src\hierarchies_loan\education.csv
  ? Loan_Amount_Term -> C:\Users\delea\OneDrive\Documents\Desktop\Master_Thesis\MasterThesisCode\src\anonymization\anonymARXij\src\hierarchies_loan\loan_amount_terms.csv
  ? Gender -> C:\Users\delea\OneDrive\Documents\Desktop\Master_Thesis\MasterThesisCode\src\anonymization\anonymARXij\src\hierarchies_loan\gender.csv
Java is searching for hierarchy file at: C:\Users\delea\OneDrive\Documents\Desktop\Master_Thesis\MasterThesisCode\src\anonymization\anonymARXij\src\hierarchies_loan\self_employed.csv
Java is searching for hierarchy file at: C:\Users\delea\OneDrive\Documents\Desktop\Master_Thesis\MasterThesisCode\src\anonymization\anonymARXij\src\hierarchies_loan\property_area.csv
Java is searching for hierarchy file at: C:\Users\delea\OneDrive\Documents\Desktop\Master_Thesis\MasterThesisCode\src\anonymization\anonymARXij\src\hierarchies_loan\dependents.csv
Java is searching for hierarchy file at: C:\Users\delea\OneDrive\Documents\Desktop\Master_Thesis\MasterThesisCode\src\anonymization\anonymARXij\src\hierarchies_loan\credit_history.csv
Java is searching for hierarchy file at: C:\Users\delea\OneDrive\Documents\Desktop\Master_Thesis\MasterThesisCode\src\anonymization\anonymARXij\src\hierarchies_loan\married.csv
Java is searching for hierarchy file at: C:\Users\delea\OneDrive\Documents\Desktop\Master_Thesis\MasterThesisCode\src\anonymization\anonymARXij\src\hierarchies_loan\education.csv
Java is searching for hierarchy file at: C:\Users\delea\OneDrive\Documents\Desktop\Master_Thesis\MasterThesisCode\src\anonymization\anonymARXij\src\hierarchies_loan\loan_amount_terms.csv
Java is searching for hierarchy file at: C:\Users\delea\OneDrive\Documents\Desktop\Master_Thesis\MasterThesisCode\src\anonymization\anonymARXij\src\hierarchies_loan\gender.csv
? Applied Entropy L-Diversity on: LoanAmount (l=15)
? Privacy Models Configured
? Anonymized Output Path (from args): C:\Users\delea\OneDrive\Documents\Desktop\Master_Thesis\MasterThesisCode\datasets\anonymized\loan_k19_l15_sup05_anonymized.csv
? Anonymized Output Path: C:\Users\delea\OneDrive\Documents\Desktop\Master_Thesis\MasterThesisCode\datasets\anonymized\loan_k19_l15_sup05_anonymized.csv
? Anonymization completed. Output saved to: C:\Users\delea\OneDrive\Documents\Desktop\Master_Thesis\MasterThesisCode\datasets\anonymized\loan_k19_l15_sup05_anonymized.csv
Anonymized Data Quality Metrics:
 - Ambiguity: 0.9442620023215897
 - AECS: 0.8105515587529977
 - Discernibility: 0.6567458166178757
 - Granularity: 0.3738545891542734
 - MSE: 0.7085253456221199
 - Non-Uniform Entropy: 0.2681131872432978
 - Precision: 0.3253968253968256
 - Record-level SE: 0.45995616901741854
Equivalence Class Statistics:
 - Number of Classes: 5
 - Average Class Size: 65.6
Suppression Statistics:
 - Suppressed Records: 8
 - Suppression Percentage: 2.38%
2025-05-21 09:08:28,953 - INFO - Anonymized data saved to: C:\Users\delea\OneDrive\Documents\Desktop\Master_Thesis\MasterThesisCode\datasets\anonymized\loan_k19_l15_sup05_anonymized.csv
2025-05-21 09:08:28,984 - INFO - Anonymous data report saved at: outputs\singular\loan_2025-05-21_09-08-27\anonymous_data_report.txt
2025-05-21 09:08:28,985 - INFO -  [POSTPROCESSING] Postprocessing anonymized data: C:\Users\delea\OneDrive\Documents\Desktop\Master_Thesis\MasterThesisCode\datasets\anonymized\loan_k19_l15_sup05_anonymized.csv
2025-05-21 09:08:28,986 - INFO -  [POSTPROCESSING] Loaded anonymized data: (336, 12)
2025-05-21 09:08:28,989 - INFO -  [POSTPROCESSING] Loaded fallback maps from training data. Categorical cols: 7, Numeric cols: 5
2025-05-21 09:08:28,990 - INFO -  [POSTPROCESSING] Normalizing anonymized data using ARX artifact cleaning and fallback values.
2025-05-21 09:08:29,005 - INFO -  [POSTPROCESSING] Normalized anonymized data saved to: C:\Users\delea\OneDrive\Documents\Desktop\Master_Thesis\MasterThesisCode\datasets\anonymized\loan_k19_l15_sup05_anonymized_processed.csv
2025-05-21 09:08:29,016 - INFO -  [POSTPROCESSING] Binary Encoding applied to anonymized data. Encoded shape: (336, 19)
2025-05-21 09:08:29,019 - INFO -  [POSTPROCESSING] Encoded anonymized dataset saved to: C:\Users\delea\OneDrive\Documents\Desktop\Master_Thesis\MasterThesisCode\datasets\anonymized\loan_k19_l15_sup05_anonymized_encoded.csv
2025-05-21 09:08:29,019 - INFO -  [POSTPROCESSING] Encoding map generated for anonymized data: 0 original categorical columns.
2025-05-21 09:08:29,022 - INFO - Postprocessing report saved at: outputs\singular\loan_2025-05-21_09-08-27\postprocessing_report.txt
2025-05-21 09:08:29,022 - INFO - enable_synthetic_generation = False
2025-05-21 09:08:29,022 - INFO - Synthetic Data Generation Skipped (Disabled in Configuration).
2025-05-21 09:08:29,023 - INFO - Hybrid Pipeline skipped (disabled in configuration).
2025-05-21 09:08:29,023 - INFO - Starting Utility...
2025-05-21 09:08:29,023 - INFO - [UTILITY] Preparing datasets for machine learning...
2025-05-21 09:08:29,024 - INFO - [UTILITY] Original Data - Training Size: 336, Testing Size: 144
2025-05-21 09:08:29,025 - INFO - [UTILITY] Target class distribution (Original): {'Y': 232, 'N': 104}
2025-05-21 09:08:29,026 - INFO - [UTILITY] Processing anonymized dataset...
2025-05-21 09:08:29,026 - INFO - [UTILITY] Anonymized Data - Training Size: 336
2025-05-21 09:08:29,027 - INFO - [UTILITY] Target class distribution (Anonymous): {'Y': 232, 'N': 104}
2025-05-21 09:08:29,027 - INFO - [UTILITY] Training models on all datasets...
2025-05-21 09:08:29,027 - INFO - [UTILITY] Total datasets used for training: 2
2025-05-21 09:08:29,028 - INFO - [TRAINING] Training models from scratch...
2025-05-21 09:08:29,028 - INFO - [TRAINING] Starting training for dataset: Original — Rows: 336, Features: 18
2025-05-21 09:08:29,028 - INFO - [TRAINING] Training LogisticRegression on Original...
2025-05-21 09:08:29,033 - INFO - [TRAINING] LogisticRegression trained successfully on Original in 0.00 sec
2025-05-21 09:08:29,033 - INFO - [TRAINING] Training KNN on Original...
2025-05-21 09:08:29,035 - INFO - [TRAINING] KNN trained successfully on Original in 0.00 sec
2025-05-21 09:08:29,035 - INFO - [TRAINING] Training RandomForest on Original...
2025-05-21 09:08:29,114 - INFO - [TRAINING] RandomForest trained successfully on Original in 0.08 sec
2025-05-21 09:08:29,115 - INFO - [TRAINING] Training DecisionTree on Original...
2025-05-21 09:08:29,118 - INFO - [TRAINING] DecisionTree trained successfully on Original in 0.00 sec
2025-05-21 09:08:29,119 - INFO - [TRAINING] Training SVM on Original...
2025-05-21 09:08:29,123 - INFO - [TRAINING] SVM trained successfully on Original in 0.00 sec
2025-05-21 09:08:29,123 - INFO - [TRAINING] Finished training 5 model(s) for dataset: Original
2025-05-21 09:08:29,123 - INFO - [TRAINING] Starting training for dataset: Anonymous — Rows: 336, Features: 18
2025-05-21 09:08:29,124 - INFO - [TRAINING] Training LogisticRegression on Anonymous...
2025-05-21 09:08:29,128 - INFO - [TRAINING] LogisticRegression trained successfully on Anonymous in 0.00 sec
2025-05-21 09:08:29,129 - INFO - [TRAINING] Training KNN on Anonymous...
2025-05-21 09:08:29,130 - INFO - [TRAINING] KNN trained successfully on Anonymous in 0.00 sec
2025-05-21 09:08:29,131 - INFO - [TRAINING] Training RandomForest on Anonymous...
2025-05-21 09:08:29,223 - INFO - [TRAINING] RandomForest trained successfully on Anonymous in 0.09 sec
2025-05-21 09:08:29,223 - INFO - [TRAINING] Training DecisionTree on Anonymous...
2025-05-21 09:08:29,226 - INFO - [TRAINING] DecisionTree trained successfully on Anonymous in 0.00 sec
2025-05-21 09:08:29,227 - INFO - [TRAINING] Training SVM on Anonymous...
2025-05-21 09:08:29,231 - INFO - [TRAINING] SVM trained successfully on Anonymous in 0.00 sec
2025-05-21 09:08:29,231 - INFO - [TRAINING] Finished training 5 model(s) for dataset: Anonymous
2025-05-21 09:08:29,231 - INFO - [TRAINING] Total models trained across all datasets: 10
2025-05-21 09:08:29,232 - INFO - [UTILITY] Trained model names: ['Original', 'Anonymous']
2025-05-21 09:08:29,232 - INFO - [UTILITY] Model Training Completed.
2025-05-21 09:08:29,232 - INFO - Starting the Evaluating of models...
2025-05-21 09:08:29,233 - INFO - Preparing evaluation for model 'LogisticRegression' across all datasets...
2025-05-21 09:08:29,233 - INFO - Evaluating LogisticRegression on Original...
2025-05-21 09:08:29,235 - INFO - Predictions completed for LogisticRegression on Original
2025-05-21 09:08:29,235 - INFO - Prediction distribution for LogisticRegression on Original: {'Y': 115, 'N': 29}
2025-05-21 09:08:29,245 - INFO - Computed 8 metric(s) for LogisticRegression on Original
2025-05-21 09:08:29,246 - INFO - Evaluating LogisticRegression on Anonymous...
2025-05-21 09:08:29,248 - INFO - Predictions completed for LogisticRegression on Anonymous
2025-05-21 09:08:29,249 - INFO - Prediction distribution for LogisticRegression on Anonymous: {'Y': 92, 'N': 52}
2025-05-21 09:08:29,263 - INFO - Computed 8 metric(s) for LogisticRegression on Anonymous
2025-05-21 09:08:29,263 - INFO - Preparing evaluation for model 'KNN' across all datasets...
2025-05-21 09:08:29,264 - INFO - Evaluating KNN on Original...
2025-05-21 09:08:29,399 - INFO - Predictions completed for KNN on Original
2025-05-21 09:08:29,400 - INFO - Prediction distribution for KNN on Original: {'Y': 115, 'N': 29}
2025-05-21 09:08:29,431 - INFO - Computed 8 metric(s) for KNN on Original
2025-05-21 09:08:29,432 - INFO - Evaluating KNN on Anonymous...
2025-05-21 09:08:29,452 - INFO - Predictions completed for KNN on Anonymous
2025-05-21 09:08:29,453 - INFO - Prediction distribution for KNN on Anonymous: {'Y': 114, 'N': 30}
2025-05-21 09:08:29,484 - INFO - Computed 8 metric(s) for KNN on Anonymous
2025-05-21 09:08:29,484 - INFO - Preparing evaluation for model 'RandomForest' across all datasets...
2025-05-21 09:08:29,485 - INFO - Evaluating RandomForest on Original...
2025-05-21 09:08:29,490 - INFO - Predictions completed for RandomForest on Original
2025-05-21 09:08:29,491 - INFO - Prediction distribution for RandomForest on Original: {'Y': 110, 'N': 34}
2025-05-21 09:08:29,507 - INFO - Computed 8 metric(s) for RandomForest on Original
2025-05-21 09:08:29,508 - INFO - Evaluating RandomForest on Anonymous...
2025-05-21 09:08:29,513 - INFO - Predictions completed for RandomForest on Anonymous
2025-05-21 09:08:29,513 - INFO - Prediction distribution for RandomForest on Anonymous: {'Y': 117, 'N': 27}
2025-05-21 09:08:29,531 - INFO - Computed 8 metric(s) for RandomForest on Anonymous
2025-05-21 09:08:29,531 - INFO - Preparing evaluation for model 'DecisionTree' across all datasets...
2025-05-21 09:08:29,532 - INFO - Evaluating DecisionTree on Original...
2025-05-21 09:08:29,534 - INFO - Predictions completed for DecisionTree on Original
2025-05-21 09:08:29,535 - INFO - Prediction distribution for DecisionTree on Original: {'Y': 88, 'N': 56}
2025-05-21 09:08:29,546 - INFO - Computed 8 metric(s) for DecisionTree on Original
2025-05-21 09:08:29,546 - INFO - Evaluating DecisionTree on Anonymous...
2025-05-21 09:08:29,548 - INFO - Predictions completed for DecisionTree on Anonymous
2025-05-21 09:08:29,549 - INFO - Prediction distribution for DecisionTree on Anonymous: {'Y': 89, 'N': 55}
2025-05-21 09:08:29,558 - INFO - Computed 8 metric(s) for DecisionTree on Anonymous
2025-05-21 09:08:29,558 - INFO - Preparing evaluation for model 'SVM' across all datasets...
2025-05-21 09:08:29,559 - INFO - Evaluating SVM on Original...
2025-05-21 09:08:29,562 - INFO - Predictions completed for SVM on Original
2025-05-21 09:08:29,563 - INFO - Prediction distribution for SVM on Original: {'Y': 144}
2025-05-21 09:08:29,563 - WARNING -  [WARNING] :SVM on Original predicted only one class: {'Y'}
2025-05-21 09:08:29,565 - WARNING - [UndefinedMetricWarning] Precision is ill-defined and being set to 0.0 in labels with no predicted samples. Use `zero_division` parameter to control this behavior. (from C:\Users\delea\AppData\Local\Programs\Python\Python312\Lib\site-packages\sklearn\metrics\_classification.py:1565)
2025-05-21 09:08:29,566 - WARNING - [UndefinedMetricWarning] Precision is ill-defined and being set to 0.0 in labels with no predicted samples. Use `zero_division` parameter to control this behavior. (from C:\Users\delea\AppData\Local\Programs\Python\Python312\Lib\site-packages\sklearn\metrics\_classification.py:1565)
2025-05-21 09:08:29,568 - WARNING - [UndefinedMetricWarning] Precision is ill-defined and being set to 0.0 in labels with no predicted samples. Use `zero_division` parameter to control this behavior. (from C:\Users\delea\AppData\Local\Programs\Python\Python312\Lib\site-packages\sklearn\metrics\_classification.py:1565)
2025-05-21 09:08:29,571 - INFO - Computed 8 metric(s) for SVM on Original
2025-05-21 09:08:29,571 - INFO - Evaluating SVM on Anonymous...
2025-05-21 09:08:29,575 - INFO - Predictions completed for SVM on Anonymous
2025-05-21 09:08:29,575 - INFO - Prediction distribution for SVM on Anonymous: {'Y': 144}
2025-05-21 09:08:29,576 - WARNING -  [WARNING] :SVM on Anonymous predicted only one class: {'Y'}
2025-05-21 09:08:29,577 - WARNING - [UndefinedMetricWarning] Precision is ill-defined and being set to 0.0 in labels with no predicted samples. Use `zero_division` parameter to control this behavior. (from C:\Users\delea\AppData\Local\Programs\Python\Python312\Lib\site-packages\sklearn\metrics\_classification.py:1565)
2025-05-21 09:08:29,579 - WARNING - [UndefinedMetricWarning] Precision is ill-defined and being set to 0.0 in labels with no predicted samples. Use `zero_division` parameter to control this behavior. (from C:\Users\delea\AppData\Local\Programs\Python\Python312\Lib\site-packages\sklearn\metrics\_classification.py:1565)
2025-05-21 09:08:29,580 - WARNING - [UndefinedMetricWarning] Precision is ill-defined and being set to 0.0 in labels with no predicted samples. Use `zero_division` parameter to control this behavior. (from C:\Users\delea\AppData\Local\Programs\Python\Python312\Lib\site-packages\sklearn\metrics\_classification.py:1565)
2025-05-21 09:08:29,584 - INFO - Computed 8 metric(s) for SVM on Anonymous
2025-05-21 09:08:29,588 - INFO - Evaluation completed for all models.
2025-05-21 09:08:29,589 - INFO - Model evaluation completed in 0.36 seconds.
2025-05-21 09:08:29,594 - INFO - Evaluated models: ['DecisionTree', 'KNN', 'LogisticRegression', 'RandomForest', 'SVM']
2025-05-21 09:08:29,594 - INFO - Model Training and Evaluation completed.
2025-05-21 09:08:30,122 - INFO -  Visualizations saved.
2025-05-21 09:08:30,122 - INFO -  Benchmarking Completed. Results saved in output folder.
