2025-04-23 01:13:28,444 - INFO - Loaded config file: configs/generated_configs/loan/loan_synth_ep100_rows1x.yaml
2025-04-23 01:13:28,444 - INFO -  Benchmarking started for dataset: loan
2025-04-23 01:13:28,444 - INFO - Using dataset path: /mnt/NVMETank/Projects/Students/Dele/A-STUDY-INTO-THE-QUALITY-AND-USABILITY-OF-PRIVACY-FRIENDLY-SYNTHETIC-DATA/datasets/original/loan.csv
2025-04-23 01:13:28,444 - INFO - Target column: Loan_Status, separator: ','
2025-04-23 01:13:28,445 - INFO - Configuration loaded: enable_anonymization = False, enable_synthesis = True, enable_hybrid = False, enable_utility = True, delete_after_evaluation = True
2025-04-23 01:13:28,445 - INFO - Running preprocessing...
2025-04-23 01:13:28,449 - INFO -  [PREPROCESSING] Preprocessed files found. Skipping preprocessing.
2025-04-23 01:13:28,458 - INFO - Preprocessing completed. Rows before: 614, after: 336
2025-04-23 01:13:28,458 - INFO - Preprocessed data saved to: outputs/batch/loan_batch_2025-04-23_01-09-27/loan_synth_ep100_rows1x/preprocessing_report.txt
2025-04-23 01:13:28,458 - INFO - enable_anonymization = False
2025-04-23 01:13:28,458 - INFO - Anonymization Skipped (Disabled in Configuration).
2025-04-23 01:13:28,458 - INFO - enable_synthetic_generation = True
2025-04-23 01:13:28,458 - INFO - Starting standard Synthetic Data Generation pipeline...
2025-04-23 01:13:28,458 - INFO - Executing run_synthetic.....
2025-04-23 01:13:28,458 - INFO - [SYNTHETIC PIPELINE] executing run_synthetic for loan...
2025-04-23 01:13:28,458 - INFO - [SYNTHETIC] Processing dataset: loan
2025-04-23 01:13:28,458 - INFO - [SYNTHETIC] Original dataset size: 336 rows
2025-04-23 01:13:28,473 - INFO - Detected metadata:
2025-04-23 01:13:28,473 - INFO - {
    "METADATA_SPEC_VERSION": "SINGLE_TABLE_V1",
    "columns": {
        "Loan_ID_0": {
            "sdtype": "categorical"
        },
        "Loan_ID_1": {
            "sdtype": "categorical"
        },
        "Loan_ID_2": {
            "sdtype": "categorical"
        },
        "Loan_ID_3": {
            "sdtype": "categorical"
        },
        "Loan_ID_4": {
            "sdtype": "categorical"
        },
        "Loan_ID_5": {
            "sdtype": "categorical"
        },
        "Loan_ID_6": {
            "sdtype": "categorical"
        },
        "Loan_ID_7": {
            "sdtype": "categorical"
        },
        "Loan_ID_8": {
            "sdtype": "categorical"
        },
        "Gender_0": {
            "sdtype": "categorical"
        },
        "Gender_1": {
            "sdtype": "categorical"
        },
        "Married_0": {
            "sdtype": "categorical"
        },
        "Married_1": {
            "sdtype": "categorical"
        },
        "Dependents_0": {
            "sdtype": "categorical"
        },
        "Dependents_1": {
            "sdtype": "categorical"
        },
        "Dependents_2": {
            "sdtype": "categorical"
        },
        "Education_0": {
            "sdtype": "categorical"
        },
        "Education_1": {
            "sdtype": "categorical"
        },
        "Self_Employed_0": {
            "sdtype": "categorical"
        },
        "Self_Employed_1": {
            "sdtype": "categorical"
        },
        "ApplicantIncome": {
            "sdtype": "numerical"
        },
        "CoapplicantIncome": {
            "sdtype": "numerical"
        },
        "LoanAmount": {
            "sdtype": "numerical"
        },
        "Loan_Amount_Term": {
            "sdtype": "categorical"
        },
        "Credit_History": {
            "sdtype": "categorical"
        },
        "Property_Area_0": {
            "sdtype": "categorical"
        },
        "Property_Area_1": {
            "sdtype": "categorical"
        },
        "Loan_Status": {
            "sdtype": "categorical"
        }
    }
}
2025-04-23 01:13:28,473 - INFO - [SYNTHETIC] Preparing synthesizer: CTGAN
2025-04-23 01:13:28,473 - INFO - [SYNTHETIC] Params from config: {'epochs': 100}
2025-04-23 01:13:28,473 - INFO - [SYNTHETIC] Found existing CTGAN synthesizer: /mnt/NVMETank/Projects/Students/Dele/A-STUDY-INTO-THE-QUALITY-AND-USABILITY-OF-PRIVACY-FRIENDLY-SYNTHETIC-DATA/artifacts/synthesizers/loan_CTGAN_epochs100_synthesizer.pkl
2025-04-23 01:13:28,764 - INFO - {'EVENT': 'Load', 'TIMESTAMP': datetime.datetime(2025, 4, 23, 1, 13, 28, 764188), 'SYNTHESIZER CLASS NAME': 'CTGANSynthesizer', 'SYNTHESIZER ID': 'CTGANSynthesizer_1.18.0_973a2be0a8a94a098e5c7117bed432c3'}
2025-04-23 01:13:28,764 - INFO - [SYNTHETIC] Preparing synthesizer: TVAE
2025-04-23 01:13:28,764 - INFO - [SYNTHETIC] Params from config: {'epochs': 100}
2025-04-23 01:13:28,764 - INFO - [SYNTHETIC] Found existing TVAE synthesizer: /mnt/NVMETank/Projects/Students/Dele/A-STUDY-INTO-THE-QUALITY-AND-USABILITY-OF-PRIVACY-FRIENDLY-SYNTHETIC-DATA/artifacts/synthesizers/loan_TVAE_epochs100_synthesizer.pkl
2025-04-23 01:13:28,793 - INFO - {'EVENT': 'Load', 'TIMESTAMP': datetime.datetime(2025, 4, 23, 1, 13, 28, 793289), 'SYNTHESIZER CLASS NAME': 'TVAESynthesizer', 'SYNTHESIZER ID': 'TVAESynthesizer_1.18.0_aa75f48732b84879bcdbd2977bf21676'}
2025-04-23 01:13:28,793 - INFO - [SYNTHETIC] Using CTGAN to generate 336 rows...
2025-04-23 01:13:29,061 - INFO - {'EVENT': 'Sample', 'TIMESTAMP': datetime.datetime(2025, 4, 23, 1, 13, 28, 793511), 'SYNTHESIZER CLASS NAME': 'CTGANSynthesizer', 'SYNTHESIZER ID': 'CTGANSynthesizer_1.18.0_973a2be0a8a94a098e5c7117bed432c3', 'TOTAL NUMBER OF TABLES': 1, 'TOTAL NUMBER OF ROWS': 336, 'TOTAL NUMBER OF COLUMNS': 28}
2025-04-23 01:13:29,061 - INFO - [SYNTHETIC] CTGAN completed: 336 rows generated.
2025-04-23 01:13:29,061 - INFO - [SYNTHETIC] Target class distribution for CTGAN: {'Y': 205, 'N': 131}
2025-04-23 01:13:29,061 - INFO - [SYNTHETIC] Using TVAE to generate 336 rows...
2025-04-23 01:13:29,170 - INFO - {'EVENT': 'Sample', 'TIMESTAMP': datetime.datetime(2025, 4, 23, 1, 13, 29, 61753), 'SYNTHESIZER CLASS NAME': 'TVAESynthesizer', 'SYNTHESIZER ID': 'TVAESynthesizer_1.18.0_aa75f48732b84879bcdbd2977bf21676', 'TOTAL NUMBER OF TABLES': 1, 'TOTAL NUMBER OF ROWS': 336, 'TOTAL NUMBER OF COLUMNS': 28}
2025-04-23 01:13:29,171 - INFO - [SYNTHETIC] TVAE completed: 336 rows generated.
2025-04-23 01:13:29,171 - INFO - [SYNTHETIC] Target class distribution for TVAE: {'Y': 336}
2025-04-23 01:13:29,172 - INFO - [SYNTHETIC PIPELINE] Synthetic Data Generation Completed.
2025-04-23 01:13:29,172 - INFO - [SYNTHETIC PIPELINE] Synthesizers used: ['CTGAN', 'TVAE']
2025-04-23 01:13:29,172 - INFO - [SYNTHETIC PIPELINE] Evaluating synthetic dataset generated by CTGAN...
2025-04-23 01:13:29,172 - INFO - [SYNTHETIC EVAL] Real data columns     (28): ['Loan_ID_0', 'Loan_ID_1', 'Loan_ID_2', 'Loan_ID_3', 'Loan_ID_4', 'Loan_ID_5', 'Loan_ID_6', 'Loan_ID_7', 'Loan_ID_8', 'Gender_0', 'Gender_1', 'Married_0', 'Married_1', 'Dependents_0', 'Dependents_1', 'Dependents_2', 'Education_0', 'Education_1', 'Self_Employed_0', 'Self_Employed_1', 'ApplicantIncome', 'CoapplicantIncome', 'LoanAmount', 'Loan_Amount_Term', 'Credit_History', 'Property_Area_0', 'Property_Area_1', 'Loan_Status']
2025-04-23 01:13:29,172 - INFO - [SYNTHETIC EVAL] Synthetic data columns (28): ['Loan_ID_0', 'Loan_ID_1', 'Loan_ID_2', 'Loan_ID_3', 'Loan_ID_4', 'Loan_ID_5', 'Loan_ID_6', 'Loan_ID_7', 'Loan_ID_8', 'Gender_0', 'Gender_1', 'Married_0', 'Married_1', 'Dependents_0', 'Dependents_1', 'Dependents_2', 'Education_0', 'Education_1', 'Self_Employed_0', 'Self_Employed_1', 'ApplicantIncome', 'CoapplicantIncome', 'LoanAmount', 'Loan_Amount_Term', 'Credit_History', 'Property_Area_0', 'Property_Area_1', 'Loan_Status']
2025-04-23 01:13:29,172 - INFO - [SYNTHETIC EVAL] Metadata columns      (28): ['Loan_ID_0', 'Loan_ID_1', 'Loan_ID_2', 'Loan_ID_3', 'Loan_ID_4', 'Loan_ID_5', 'Loan_ID_6', 'Loan_ID_7', 'Loan_ID_8', 'Gender_0', 'Gender_1', 'Married_0', 'Married_1', 'Dependents_0', 'Dependents_1', 'Dependents_2', 'Education_0', 'Education_1', 'Self_Employed_0', 'Self_Employed_1', 'ApplicantIncome', 'CoapplicantIncome', 'LoanAmount', 'Loan_Amount_Term', 'Credit_History', 'Property_Area_0', 'Property_Area_1', 'Loan_Status']
2025-04-23 01:13:29,172 - INFO - [SYNTHETIC EVAL] Shape — Real: (336, 28), Synthetic: (336, 28)
2025-04-23 01:13:29,172 - INFO - [SYNTHETIC EVAL] Metadata structure:
{
  "METADATA_SPEC_VERSION": "SINGLE_TABLE_V1",
  "columns": {
    "Loan_ID_0": {
      "sdtype": "categorical"
    },
    "Loan_ID_1": {
      "sdtype": "categorical"
    },
    "Loan_ID_2": {
      "sdtype": "categorical"
    },
    "Loan_ID_3": {
      "sdtype": "categorical"
    },
    "Loan_ID_4": {
      "sdtype": "categorical"
    },
    "Loan_ID_5": {
      "sdtype": "categorical"
    },
    "Loan_ID_6": {
      "sdtype": "categorical"
    },
    "Loan_ID_7": {
      "sdtype": "categorical"
    },
    "Loan_ID_8": {
      "sdtype": "categorical"
    },
    "Gender_0": {
      "sdtype": "categorical"
    },
    "Gender_1": {
      "sdtype": "categorical"
    },
    "Married_0": {
      "sdtype": "categorical"
    },
    "Married_1": {
      "sdtype": "categorical"
    },
    "Dependents_0": {
      "sdtype": "categorical"
    },
    "Dependents_1": {
      "sdtype": "categorical"
    },
    "Dependents_2": {
      "sdtype": "categorical"
    },
    "Education_0": {
      "sdtype": "categorical"
    },
    "Education_1": {
      "sdtype": "categorical"
    },
    "Self_Employed_0": {
      "sdtype": "categorical"
    },
    "Self_Employed_1": {
      "sdtype": "categorical"
    },
    "ApplicantIncome": {
      "sdtype": "numerical"
    },
    "CoapplicantIncome": {
      "sdtype": "numerical"
    },
    "LoanAmount": {
      "sdtype": "numerical"
    },
    "Loan_Amount_Term": {
      "sdtype": "categorical"
    },
    "Credit_History": {
      "sdtype": "categorical"
    },
    "Property_Area_0": {
      "sdtype": "categorical"
    },
    "Property_Area_1": {
      "sdtype": "categorical"
    },
    "Loan_Status": {
      "sdtype": "categorical"
    }
  }
}
2025-04-23 01:13:29,904 - INFO - [SYNTHETIC PIPELINE] Evaluating synthetic dataset generated by TVAE...
2025-04-23 01:13:29,904 - INFO - [SYNTHETIC EVAL] Real data columns     (28): ['Loan_ID_0', 'Loan_ID_1', 'Loan_ID_2', 'Loan_ID_3', 'Loan_ID_4', 'Loan_ID_5', 'Loan_ID_6', 'Loan_ID_7', 'Loan_ID_8', 'Gender_0', 'Gender_1', 'Married_0', 'Married_1', 'Dependents_0', 'Dependents_1', 'Dependents_2', 'Education_0', 'Education_1', 'Self_Employed_0', 'Self_Employed_1', 'ApplicantIncome', 'CoapplicantIncome', 'LoanAmount', 'Loan_Amount_Term', 'Credit_History', 'Property_Area_0', 'Property_Area_1', 'Loan_Status']
2025-04-23 01:13:29,904 - INFO - [SYNTHETIC EVAL] Synthetic data columns (28): ['Loan_ID_0', 'Loan_ID_1', 'Loan_ID_2', 'Loan_ID_3', 'Loan_ID_4', 'Loan_ID_5', 'Loan_ID_6', 'Loan_ID_7', 'Loan_ID_8', 'Gender_0', 'Gender_1', 'Married_0', 'Married_1', 'Dependents_0', 'Dependents_1', 'Dependents_2', 'Education_0', 'Education_1', 'Self_Employed_0', 'Self_Employed_1', 'ApplicantIncome', 'CoapplicantIncome', 'LoanAmount', 'Loan_Amount_Term', 'Credit_History', 'Property_Area_0', 'Property_Area_1', 'Loan_Status']
2025-04-23 01:13:29,904 - INFO - [SYNTHETIC EVAL] Metadata columns      (28): ['Loan_ID_0', 'Loan_ID_1', 'Loan_ID_2', 'Loan_ID_3', 'Loan_ID_4', 'Loan_ID_5', 'Loan_ID_6', 'Loan_ID_7', 'Loan_ID_8', 'Gender_0', 'Gender_1', 'Married_0', 'Married_1', 'Dependents_0', 'Dependents_1', 'Dependents_2', 'Education_0', 'Education_1', 'Self_Employed_0', 'Self_Employed_1', 'ApplicantIncome', 'CoapplicantIncome', 'LoanAmount', 'Loan_Amount_Term', 'Credit_History', 'Property_Area_0', 'Property_Area_1', 'Loan_Status']
2025-04-23 01:13:29,904 - INFO - [SYNTHETIC EVAL] Shape — Real: (336, 28), Synthetic: (336, 28)
2025-04-23 01:13:29,904 - INFO - [SYNTHETIC EVAL] Metadata structure:
{
  "METADATA_SPEC_VERSION": "SINGLE_TABLE_V1",
  "columns": {
    "Loan_ID_0": {
      "sdtype": "categorical"
    },
    "Loan_ID_1": {
      "sdtype": "categorical"
    },
    "Loan_ID_2": {
      "sdtype": "categorical"
    },
    "Loan_ID_3": {
      "sdtype": "categorical"
    },
    "Loan_ID_4": {
      "sdtype": "categorical"
    },
    "Loan_ID_5": {
      "sdtype": "categorical"
    },
    "Loan_ID_6": {
      "sdtype": "categorical"
    },
    "Loan_ID_7": {
      "sdtype": "categorical"
    },
    "Loan_ID_8": {
      "sdtype": "categorical"
    },
    "Gender_0": {
      "sdtype": "categorical"
    },
    "Gender_1": {
      "sdtype": "categorical"
    },
    "Married_0": {
      "sdtype": "categorical"
    },
    "Married_1": {
      "sdtype": "categorical"
    },
    "Dependents_0": {
      "sdtype": "categorical"
    },
    "Dependents_1": {
      "sdtype": "categorical"
    },
    "Dependents_2": {
      "sdtype": "categorical"
    },
    "Education_0": {
      "sdtype": "categorical"
    },
    "Education_1": {
      "sdtype": "categorical"
    },
    "Self_Employed_0": {
      "sdtype": "categorical"
    },
    "Self_Employed_1": {
      "sdtype": "categorical"
    },
    "ApplicantIncome": {
      "sdtype": "numerical"
    },
    "CoapplicantIncome": {
      "sdtype": "numerical"
    },
    "LoanAmount": {
      "sdtype": "numerical"
    },
    "Loan_Amount_Term": {
      "sdtype": "categorical"
    },
    "Credit_History": {
      "sdtype": "categorical"
    },
    "Property_Area_0": {
      "sdtype": "categorical"
    },
    "Property_Area_1": {
      "sdtype": "categorical"
    },
    "Loan_Status": {
      "sdtype": "categorical"
    }
  }
}
2025-04-23 01:13:30,707 - INFO -  [SYNTHETIC PIPELINE]  Synthetic Data Evaluation Completed.
2025-04-23 01:13:30,713 - INFO -  [SYNTHETIC PIPELINE] Synthetic Data Report Generated Successfully.
2025-04-23 01:13:30,827 - INFO - Synthetic data generated with 2 synthesizer(s).
2025-04-23 01:13:30,827 - INFO - Hybrid Pipeline skipped (disabled in configuration).
2025-04-23 01:13:30,827 - INFO - Starting Utility...
2025-04-23 01:13:30,827 - INFO - [UTILITY] Preparing datasets for machine learning...
2025-04-23 01:13:30,827 - INFO - [UTILITY] Original Data - Training Size: 336, Testing Size: 144
2025-04-23 01:13:30,827 - INFO - [UTILITY] Target class distribution (Original): {'Y': 232, 'N': 104}
2025-04-23 01:13:30,828 - INFO - [UTILITY] Processing synthetic dataset generated by CTGAN...
2025-04-23 01:13:30,828 - INFO - [UTILITY] Synthetic Data (CTGAN) - Training Size: 336
2025-04-23 01:13:30,828 - INFO - [UTILITY] Target class distribution (CTGAN): {'Y': 205, 'N': 131}
2025-04-23 01:13:30,828 - WARNING -  Skipping synthetic dataset 'TVAE' - only one class in target.
2025-04-23 01:13:30,828 - INFO - [UTILITY] Training models on all datasets...
2025-04-23 01:13:30,828 - INFO - [UTILITY] Total datasets used for training: 2
2025-04-23 01:13:30,829 - INFO - [TRAINING] Training models from scratch...
2025-04-23 01:13:30,829 - INFO - [TRAINING] Starting training for dataset: Original — Rows: 336, Features: 27
2025-04-23 01:13:30,829 - INFO - [TRAINING] Training DecisionTree on Original...
2025-04-23 01:13:30,831 - INFO - [TRAINING] DecisionTree trained successfully on Original in 0.00 sec
2025-04-23 01:13:30,831 - INFO - [TRAINING] Training KNN on Original...
2025-04-23 01:13:30,832 - INFO - [TRAINING] KNN trained successfully on Original in 0.00 sec
2025-04-23 01:13:30,832 - INFO - [TRAINING] Training LogisticRegression on Original...
2025-04-23 01:13:30,836 - INFO - [TRAINING] LogisticRegression trained successfully on Original in 0.00 sec
2025-04-23 01:13:30,836 - INFO - [TRAINING] Training RandomForest on Original...
2025-04-23 01:13:30,941 - INFO - [TRAINING] RandomForest trained successfully on Original in 0.10 sec
2025-04-23 01:13:30,941 - INFO - [TRAINING] Training SVM on Original...
2025-04-23 01:13:30,945 - INFO - [TRAINING] SVM trained successfully on Original in 0.00 sec
2025-04-23 01:13:30,945 - INFO - [TRAINING] Finished training 5 model(s) for dataset: Original
2025-04-23 01:13:30,945 - INFO - [TRAINING] Starting training for dataset: CTGAN — Rows: 336, Features: 27
2025-04-23 01:13:30,945 - INFO - [TRAINING] Training DecisionTree on CTGAN...
2025-04-23 01:13:30,948 - INFO - [TRAINING] DecisionTree trained successfully on CTGAN in 0.00 sec
2025-04-23 01:13:30,948 - INFO - [TRAINING] Training KNN on CTGAN...
2025-04-23 01:13:30,949 - INFO - [TRAINING] KNN trained successfully on CTGAN in 0.00 sec
2025-04-23 01:13:30,949 - INFO - [TRAINING] Training LogisticRegression on CTGAN...
2025-04-23 01:13:30,952 - INFO - [TRAINING] LogisticRegression trained successfully on CTGAN in 0.00 sec
2025-04-23 01:13:30,952 - INFO - [TRAINING] Training RandomForest on CTGAN...
2025-04-23 01:13:31,058 - INFO - [TRAINING] RandomForest trained successfully on CTGAN in 0.11 sec
2025-04-23 01:13:31,058 - INFO - [TRAINING] Training SVM on CTGAN...
2025-04-23 01:13:31,062 - INFO - [TRAINING] SVM trained successfully on CTGAN in 0.00 sec
2025-04-23 01:13:31,062 - INFO - [TRAINING] Finished training 5 model(s) for dataset: CTGAN
2025-04-23 01:13:31,062 - INFO - [TRAINING] Total models trained across all datasets: 10
2025-04-23 01:13:31,062 - INFO - [UTILITY] Trained model names: ['Original', 'CTGAN']
2025-04-23 01:13:31,062 - INFO - [UTILITY] Model Training Completed.
2025-04-23 01:13:31,062 - INFO - Starting the Evaluating of models...
2025-04-23 01:13:31,062 - INFO - Preparing evaluation for model 'DecisionTree' across all datasets...
2025-04-23 01:13:31,062 - INFO - Evaluating DecisionTree on Original...
2025-04-23 01:13:31,064 - INFO - Predictions completed for DecisionTree on Original
2025-04-23 01:13:31,064 - INFO - Prediction distribution for DecisionTree on Original: {'Y': 101, 'N': 43}
2025-04-23 01:13:31,073 - INFO - Computed 8 metric(s) for DecisionTree on Original
2025-04-23 01:13:31,073 - INFO - Evaluating DecisionTree on CTGAN...
2025-04-23 01:13:31,074 - INFO - Predictions completed for DecisionTree on CTGAN
2025-04-23 01:13:31,075 - INFO - Prediction distribution for DecisionTree on CTGAN: {'Y': 75, 'N': 69}
2025-04-23 01:13:31,083 - INFO - Computed 8 metric(s) for DecisionTree on CTGAN
2025-04-23 01:13:31,083 - INFO - Preparing evaluation for model 'KNN' across all datasets...
2025-04-23 01:13:31,083 - INFO - Evaluating KNN on Original...
2025-04-23 01:13:31,284 - INFO - Predictions completed for KNN on Original
2025-04-23 01:13:31,285 - INFO - Prediction distribution for KNN on Original: {'Y': 115, 'N': 29}
2025-04-23 01:13:31,303 - INFO - Computed 8 metric(s) for KNN on Original
2025-04-23 01:13:31,303 - INFO - Evaluating KNN on CTGAN...
2025-04-23 01:13:31,309 - INFO - Predictions completed for KNN on CTGAN
2025-04-23 01:13:31,309 - INFO - Prediction distribution for KNN on CTGAN: {'Y': 78, 'N': 66}
2025-04-23 01:13:31,322 - INFO - Computed 8 metric(s) for KNN on CTGAN
2025-04-23 01:13:31,322 - INFO - Preparing evaluation for model 'LogisticRegression' across all datasets...
2025-04-23 01:13:31,322 - INFO - Evaluating LogisticRegression on Original...
2025-04-23 01:13:31,324 - INFO - Predictions completed for LogisticRegression on Original
2025-04-23 01:13:31,324 - INFO - Prediction distribution for LogisticRegression on Original: {'Y': 118, 'N': 26}
2025-04-23 01:13:31,333 - INFO - Computed 8 metric(s) for LogisticRegression on Original
2025-04-23 01:13:31,333 - INFO - Evaluating LogisticRegression on CTGAN...
2025-04-23 01:13:31,334 - INFO - Predictions completed for LogisticRegression on CTGAN
2025-04-23 01:13:31,334 - INFO - Prediction distribution for LogisticRegression on CTGAN: {'Y': 89, 'N': 55}
2025-04-23 01:13:31,343 - INFO - Computed 8 metric(s) for LogisticRegression on CTGAN
2025-04-23 01:13:31,343 - INFO - Preparing evaluation for model 'RandomForest' across all datasets...
2025-04-23 01:13:31,343 - INFO - Evaluating RandomForest on Original...
2025-04-23 01:13:31,348 - INFO - Predictions completed for RandomForest on Original
2025-04-23 01:13:31,349 - INFO - Prediction distribution for RandomForest on Original: {'Y': 117, 'N': 27}
2025-04-23 01:13:31,365 - INFO - Computed 8 metric(s) for RandomForest on Original
2025-04-23 01:13:31,365 - INFO - Evaluating RandomForest on CTGAN...
2025-04-23 01:13:31,371 - INFO - Predictions completed for RandomForest on CTGAN
2025-04-23 01:13:31,371 - INFO - Prediction distribution for RandomForest on CTGAN: {'Y': 104, 'N': 40}
2025-04-23 01:13:31,388 - INFO - Computed 8 metric(s) for RandomForest on CTGAN
2025-04-23 01:13:31,388 - INFO - Preparing evaluation for model 'SVM' across all datasets...
2025-04-23 01:13:31,388 - INFO - Evaluating SVM on Original...
2025-04-23 01:13:31,390 - INFO - Predictions completed for SVM on Original
2025-04-23 01:13:31,391 - INFO - Prediction distribution for SVM on Original: {'Y': 144}
2025-04-23 01:13:31,391 - WARNING -  [WARNING] :SVM on Original predicted only one class: {'Y'}
2025-04-23 01:13:31,392 - WARNING - [UndefinedMetricWarning] Precision is ill-defined and being set to 0.0 in labels with no predicted samples. Use `zero_division` parameter to control this behavior. (from /mnt/NVMETank/Projects/Students/Dele/A-STUDY-INTO-THE-QUALITY-AND-USABILITY-OF-PRIVACY-FRIENDLY-SYNTHETIC-DATA/.venv/lib/python3.12/site-packages/sklearn/metrics/_classification.py:1565)
2025-04-23 01:13:31,394 - WARNING - [UndefinedMetricWarning] Precision is ill-defined and being set to 0.0 in labels with no predicted samples. Use `zero_division` parameter to control this behavior. (from /mnt/NVMETank/Projects/Students/Dele/A-STUDY-INTO-THE-QUALITY-AND-USABILITY-OF-PRIVACY-FRIENDLY-SYNTHETIC-DATA/.venv/lib/python3.12/site-packages/sklearn/metrics/_classification.py:1565)
2025-04-23 01:13:31,395 - WARNING - [UndefinedMetricWarning] Precision is ill-defined and being set to 0.0 in labels with no predicted samples. Use `zero_division` parameter to control this behavior. (from /mnt/NVMETank/Projects/Students/Dele/A-STUDY-INTO-THE-QUALITY-AND-USABILITY-OF-PRIVACY-FRIENDLY-SYNTHETIC-DATA/.venv/lib/python3.12/site-packages/sklearn/metrics/_classification.py:1565)
2025-04-23 01:13:31,397 - INFO - Computed 8 metric(s) for SVM on Original
2025-04-23 01:13:31,397 - INFO - Evaluating SVM on CTGAN...
2025-04-23 01:13:31,400 - INFO - Predictions completed for SVM on CTGAN
2025-04-23 01:13:31,400 - INFO - Prediction distribution for SVM on CTGAN: {'Y': 144}
2025-04-23 01:13:31,400 - WARNING -  [WARNING] :SVM on CTGAN predicted only one class: {'Y'}
2025-04-23 01:13:31,402 - WARNING - [UndefinedMetricWarning] Precision is ill-defined and being set to 0.0 in labels with no predicted samples. Use `zero_division` parameter to control this behavior. (from /mnt/NVMETank/Projects/Students/Dele/A-STUDY-INTO-THE-QUALITY-AND-USABILITY-OF-PRIVACY-FRIENDLY-SYNTHETIC-DATA/.venv/lib/python3.12/site-packages/sklearn/metrics/_classification.py:1565)
2025-04-23 01:13:31,403 - WARNING - [UndefinedMetricWarning] Precision is ill-defined and being set to 0.0 in labels with no predicted samples. Use `zero_division` parameter to control this behavior. (from /mnt/NVMETank/Projects/Students/Dele/A-STUDY-INTO-THE-QUALITY-AND-USABILITY-OF-PRIVACY-FRIENDLY-SYNTHETIC-DATA/.venv/lib/python3.12/site-packages/sklearn/metrics/_classification.py:1565)
2025-04-23 01:13:31,404 - WARNING - [UndefinedMetricWarning] Precision is ill-defined and being set to 0.0 in labels with no predicted samples. Use `zero_division` parameter to control this behavior. (from /mnt/NVMETank/Projects/Students/Dele/A-STUDY-INTO-THE-QUALITY-AND-USABILITY-OF-PRIVACY-FRIENDLY-SYNTHETIC-DATA/.venv/lib/python3.12/site-packages/sklearn/metrics/_classification.py:1565)
2025-04-23 01:13:31,406 - INFO - Computed 8 metric(s) for SVM on CTGAN
2025-04-23 01:13:31,409 - INFO - Evaluation completed for all models.
2025-04-23 01:13:31,409 - INFO - Model evaluation completed in 0.35 seconds.
2025-04-23 01:13:31,411 - INFO - Evaluated models: ['DecisionTree', 'KNN', 'LogisticRegression', 'RandomForest', 'SVM']
2025-04-23 01:13:31,411 - INFO - Model Training and Evaluation completed.
2025-04-23 01:13:31,968 - INFO -  Visualizations saved.
2025-04-23 01:13:31,968 - INFO -  Benchmarking Completed. Results saved in output folder.
