2025-05-08 18:55:47,434 - INFO - Loaded config file: configs/generated_configs/loan/loan_anon_k18_sl0p2_l15.yaml
2025-05-08 18:55:47,434 - INFO -  Benchmarking started for dataset: loan
2025-05-08 18:55:47,434 - INFO - Using dataset path: /mnt/NVMETank/Projects/Students/Dele/A-STUDY-INTO-THE-QUALITY-AND-USABILITY-OF-PRIVACY-FRIENDLY-SYNTHETIC-DATA/datasets/original/loan.csv
2025-05-08 18:55:47,434 - INFO - Target column: Loan_Status, separator: ','
2025-05-08 18:55:47,434 - INFO - Configuration loaded: enable_anonymization = True, enable_synthesis = False, enable_hybrid = True, enable_utility = True, delete_after_evaluation = False
2025-05-08 18:55:47,434 - INFO - Running preprocessing...
2025-05-08 18:55:47,438 - INFO -  [PREPROCESSING] Preprocessed files found. Skipping preprocessing.
2025-05-08 18:55:47,446 - INFO - Preprocessing completed. Rows before: 614, after: 336
2025-05-08 18:55:47,447 - INFO - Preprocessed data saved to: outputs/batch/loan_batch_2025-05-08_18-38-44/loan_anon_k18_sl0p2_l15/preprocessing_report.txt
2025-05-08 18:55:47,447 - INFO - enable_anonymization = True
2025-05-08 18:55:47,447 - INFO - Starting Anonymization Pipeline with output path: /mnt/NVMETank/Projects/Students/Dele/A-STUDY-INTO-THE-QUALITY-AND-USABILITY-OF-PRIVACY-FRIENDLY-SYNTHETIC-DATA/datasets/anonymized/loan_k18_l15_sup20_anonymized.csv.......
2025-05-08 18:55:47,451 - INFO -  [ANONYMIZATION] Executing run_anonymization, config_path : configs/generated_configs/loan/loan_anon_k18_sl0p2_l15.yaml...........
2025-05-08 18:55:47,451 - INFO -  [ANONYMIZATION] Using JAR file at /mnt/NVMETank/Projects/Students/Dele/A-STUDY-INTO-THE-QUALITY-AND-USABILITY-OF-PRIVACY-FRIENDLY-SYNTHETIC-DATA/src/anonymization/anonymARXij/bin/anonymARXij.jar to anonymize the dataset.
2025-05-08 18:55:48,904 - INFO -  [ANONYMIZATION] Anonimized file saved to : /mnt/NVMETank/Projects/Students/Dele/A-STUDY-INTO-THE-QUALITY-AND-USABILITY-OF-PRIVACY-FRIENDLY-SYNTHETIC-DATA/datasets/anonymized/loan_k18_l15_sup20_anonymized.csv
2025-05-08 18:55:48,904 - INFO -  [ANONYMIZATION] Java anonymization completed successfully.
2025-05-08 18:55:48,905 - INFO -  [ANONYMIZATION] Java STDOUT:
📄 Java received config path: /mnt/NVMETank/Projects/Students/Dele/A-STUDY-INTO-THE-QUALITY-AND-USABILITY-OF-PRIVACY-FRIENDLY-SYNTHETIC-DATA/configs/generated_configs/loan/loan_anon_k18_sl0p2_l15.yaml
🔹 Loading config from: /mnt/NVMETank/Projects/Students/Dele/A-STUDY-INTO-THE-QUALITY-AND-USABILITY-OF-PRIVACY-FRIENDLY-SYNTHETIC-DATA/configs/generated_configs/loan/loan_anon_k18_sl0p2_l15.yaml
Loading config from: /mnt/NVMETank/Projects/Students/Dele/A-STUDY-INTO-THE-QUALITY-AND-USABILITY-OF-PRIVACY-FRIENDLY-SYNTHETIC-DATA/configs/generated_configs/loan/loan_anon_k18_sl0p2_l15.yaml
📂 Dataset Path (from args): /mnt/NVMETank/Projects/Students/Dele/A-STUDY-INTO-THE-QUALITY-AND-USABILITY-OF-PRIVACY-FRIENDLY-SYNTHETIC-DATA/datasets/train/loan_train_raw.csv
🔹 Dataset Separator: ,
🔹 Suppression Limit: 0.2

🔹 Configured Attributes:
  ✅ Quasi-Identifier: Gender
  ✅ Quasi-Identifier: Married
  ✅ Quasi-Identifier: Education
  ✅ Quasi-Identifier: Dependents
  ✅ Quasi-Identifier: Self_Employed
  ✅ Quasi-Identifier: Property_Area
  ✅ Quasi-Identifier: Credit_History
  ✅ Quasi-Identifier: Loan_Amount_Term
  ✅ Sensitive Attribute: LoanAmount
  ✅ Insensitive Attribute: Loan_Status
  ✅ Insensitive Attribute: ApplicantIncome
  ✅ Insensitive Attribute: CoapplicantIncome

🔹 Defined Hierarchies:
  ✅ Property_Area -> /mnt/NVMETank/Projects/Students/Dele/A-STUDY-INTO-THE-QUALITY-AND-USABILITY-OF-PRIVACY-FRIENDLY-SYNTHETIC-DATA/src/anonymization/anonymARXij/src/hierarchies_loan/property_area.csv
  ✅ Self_Employed -> /mnt/NVMETank/Projects/Students/Dele/A-STUDY-INTO-THE-QUALITY-AND-USABILITY-OF-PRIVACY-FRIENDLY-SYNTHETIC-DATA/src/anonymization/anonymARXij/src/hierarchies_loan/self_employed.csv
  ✅ Credit_History -> /mnt/NVMETank/Projects/Students/Dele/A-STUDY-INTO-THE-QUALITY-AND-USABILITY-OF-PRIVACY-FRIENDLY-SYNTHETIC-DATA/src/anonymization/anonymARXij/src/hierarchies_loan/credit_history.csv
  ✅ Dependents -> /mnt/NVMETank/Projects/Students/Dele/A-STUDY-INTO-THE-QUALITY-AND-USABILITY-OF-PRIVACY-FRIENDLY-SYNTHETIC-DATA/src/anonymization/anonymARXij/src/hierarchies_loan/dependents.csv
  ✅ Education -> /mnt/NVMETank/Projects/Students/Dele/A-STUDY-INTO-THE-QUALITY-AND-USABILITY-OF-PRIVACY-FRIENDLY-SYNTHETIC-DATA/src/anonymization/anonymARXij/src/hierarchies_loan/education.csv
  ✅ Loan_Amount_Term -> /mnt/NVMETank/Projects/Students/Dele/A-STUDY-INTO-THE-QUALITY-AND-USABILITY-OF-PRIVACY-FRIENDLY-SYNTHETIC-DATA/src/anonymization/anonymARXij/src/hierarchies_loan/loan_amount_terms.csv
  ✅ Married -> /mnt/NVMETank/Projects/Students/Dele/A-STUDY-INTO-THE-QUALITY-AND-USABILITY-OF-PRIVACY-FRIENDLY-SYNTHETIC-DATA/src/anonymization/anonymARXij/src/hierarchies_loan/married.csv
  ✅ Gender -> /mnt/NVMETank/Projects/Students/Dele/A-STUDY-INTO-THE-QUALITY-AND-USABILITY-OF-PRIVACY-FRIENDLY-SYNTHETIC-DATA/src/anonymization/anonymARXij/src/hierarchies_loan/gender.csv
Java is searching for hierarchy file at: /mnt/NVMETank/Projects/Students/Dele/A-STUDY-INTO-THE-QUALITY-AND-USABILITY-OF-PRIVACY-FRIENDLY-SYNTHETIC-DATA/src/anonymization/anonymARXij/src/hierarchies_loan/property_area.csv
Java is searching for hierarchy file at: /mnt/NVMETank/Projects/Students/Dele/A-STUDY-INTO-THE-QUALITY-AND-USABILITY-OF-PRIVACY-FRIENDLY-SYNTHETIC-DATA/src/anonymization/anonymARXij/src/hierarchies_loan/self_employed.csv
Java is searching for hierarchy file at: /mnt/NVMETank/Projects/Students/Dele/A-STUDY-INTO-THE-QUALITY-AND-USABILITY-OF-PRIVACY-FRIENDLY-SYNTHETIC-DATA/src/anonymization/anonymARXij/src/hierarchies_loan/credit_history.csv
Java is searching for hierarchy file at: /mnt/NVMETank/Projects/Students/Dele/A-STUDY-INTO-THE-QUALITY-AND-USABILITY-OF-PRIVACY-FRIENDLY-SYNTHETIC-DATA/src/anonymization/anonymARXij/src/hierarchies_loan/dependents.csv
Java is searching for hierarchy file at: /mnt/NVMETank/Projects/Students/Dele/A-STUDY-INTO-THE-QUALITY-AND-USABILITY-OF-PRIVACY-FRIENDLY-SYNTHETIC-DATA/src/anonymization/anonymARXij/src/hierarchies_loan/education.csv
Java is searching for hierarchy file at: /mnt/NVMETank/Projects/Students/Dele/A-STUDY-INTO-THE-QUALITY-AND-USABILITY-OF-PRIVACY-FRIENDLY-SYNTHETIC-DATA/src/anonymization/anonymARXij/src/hierarchies_loan/loan_amount_terms.csv
Java is searching for hierarchy file at: /mnt/NVMETank/Projects/Students/Dele/A-STUDY-INTO-THE-QUALITY-AND-USABILITY-OF-PRIVACY-FRIENDLY-SYNTHETIC-DATA/src/anonymization/anonymARXij/src/hierarchies_loan/married.csv
Java is searching for hierarchy file at: /mnt/NVMETank/Projects/Students/Dele/A-STUDY-INTO-THE-QUALITY-AND-USABILITY-OF-PRIVACY-FRIENDLY-SYNTHETIC-DATA/src/anonymization/anonymARXij/src/hierarchies_loan/gender.csv
✓ Applied Entropy L-Diversity on: LoanAmount (l=15)
🔹 Privacy Models Configured
📂 Anonymized Output Path (from args): /mnt/NVMETank/Projects/Students/Dele/A-STUDY-INTO-THE-QUALITY-AND-USABILITY-OF-PRIVACY-FRIENDLY-SYNTHETIC-DATA/datasets/anonymized/loan_k18_l15_sup20_anonymized.csv
📂 Anonymized Output Path: /mnt/NVMETank/Projects/Students/Dele/A-STUDY-INTO-THE-QUALITY-AND-USABILITY-OF-PRIVACY-FRIENDLY-SYNTHETIC-DATA/datasets/anonymized/loan_k18_l15_sup20_anonymized.csv
✅ Anonymization completed. Output saved to: /mnt/NVMETank/Projects/Students/Dele/A-STUDY-INTO-THE-QUALITY-AND-USABILITY-OF-PRIVACY-FRIENDLY-SYNTHETIC-DATA/datasets/anonymized/loan_k18_l15_sup20_anonymized.csv
Anonymized Data Quality Metrics:
 - Ambiguity: 0.845172779855744
 - AECS: 0.8333333333333334
 - Discernibility: 0.5988832267158192
 - Granularity: 0.4356316659155778
 - MSE: 0.05568356374807992
 - Non-Uniform Entropy: 0.2695229951623578
 - Precision: 0.4854910714285714
 - Record-level SE: 0.2744310958797733
Equivalence Class Statistics:
 - Number of Classes: 5
 - Average Class Size: 58.0
Suppression Statistics:
 - Suppressed Records: 46
 - Suppression Percentage: 13.69%
2025-05-08 18:55:48,905 - INFO - Anonymized data saved to: /mnt/NVMETank/Projects/Students/Dele/A-STUDY-INTO-THE-QUALITY-AND-USABILITY-OF-PRIVACY-FRIENDLY-SYNTHETIC-DATA/datasets/anonymized/loan_k18_l15_sup20_anonymized.csv
2025-05-08 18:55:48,916 - INFO - Anonymous data report saved at: outputs/batch/loan_batch_2025-05-08_18-38-44/loan_anon_k18_sl0p2_l15/anonymous_data_report.txt
2025-05-08 18:55:48,916 - INFO -  [POSTPROCESSING] Postprocessing anonymized data: /mnt/NVMETank/Projects/Students/Dele/A-STUDY-INTO-THE-QUALITY-AND-USABILITY-OF-PRIVACY-FRIENDLY-SYNTHETIC-DATA/datasets/anonymized/loan_k18_l15_sup20_anonymized.csv
2025-05-08 18:55:48,917 - INFO -  [POSTPROCESSING] Loaded anonymized data: (336, 12)
2025-05-08 18:55:48,922 - INFO -  [POSTPROCESSING] Loaded fallback maps from training data. Categorical cols: 7, Numeric cols: 5
2025-05-08 18:55:48,922 - INFO -  [POSTPROCESSING] Normalizing anonymized data using ARX artifact cleaning and fallback values.
2025-05-08 18:55:48,941 - INFO -  [POSTPROCESSING] Normalized anonymized data saved to: /mnt/NVMETank/Projects/Students/Dele/A-STUDY-INTO-THE-QUALITY-AND-USABILITY-OF-PRIVACY-FRIENDLY-SYNTHETIC-DATA/datasets/anonymized/loan_k18_l15_sup20_anonymized_processed.csv
2025-05-08 18:55:48,951 - INFO -  [POSTPROCESSING] Binary Encoding applied to anonymized data. Encoded shape: (336, 19)
2025-05-08 18:55:48,953 - INFO -  [POSTPROCESSING] Encoded anonymized dataset saved to: /mnt/NVMETank/Projects/Students/Dele/A-STUDY-INTO-THE-QUALITY-AND-USABILITY-OF-PRIVACY-FRIENDLY-SYNTHETIC-DATA/datasets/anonymized/loan_k18_l15_sup20_anonymized_encoded.csv
2025-05-08 18:55:48,953 - INFO -  [POSTPROCESSING] Encoding map generated for anonymized data: 0 original categorical columns.
2025-05-08 18:55:48,953 - INFO - Postprocessing report saved at: outputs/batch/loan_batch_2025-05-08_18-38-44/loan_anon_k18_sl0p2_l15/postprocessing_report.txt
2025-05-08 18:55:48,953 - INFO - enable_synthetic_generation = False
2025-05-08 18:55:48,953 - INFO - Synthetic Data Generation Skipped (Disabled in Configuration).
2025-05-08 18:55:48,953 - INFO - Running Hybrid Pipeline...
2025-05-08 18:55:48,954 - INFO -  [HYBRID] Executing run_hybrid...
2025-05-08 18:55:48,954 - INFO -  [HYBRID] Looking for encoded anonymized data in /mnt/NVMETank/Projects/Students/Dele/A-STUDY-INTO-THE-QUALITY-AND-USABILITY-OF-PRIVACY-FRIENDLY-SYNTHETIC-DATA/datasets/anonymized/loan_k18_l15_sup20_anonymized_encoded.csv
2025-05-08 18:55:48,954 - INFO -  [HYBRID ] Loaded cached encoded anonymous data from /mnt/NVMETank/Projects/Students/Dele/A-STUDY-INTO-THE-QUALITY-AND-USABILITY-OF-PRIVACY-FRIENDLY-SYNTHETIC-DATA/datasets/anonymized/loan_k18_l15_sup20_anonymized_encoded.csv
2025-05-08 18:55:48,955 - INFO -  [HYBRID] Starting synthetic generation for hybrid pipeline...
2025-05-08 18:55:48,955 - INFO - Executing run_synthetic.....
2025-05-08 18:55:48,955 - INFO - [SYNTHETIC PIPELINE] executing run_synthetic for loan_k18_l15_sup20...
2025-05-08 18:55:48,955 - INFO - [SYNTHETIC] Processing dataset: loan_k18_l15_sup20
2025-05-08 18:55:48,956 - INFO - [SYNTHETIC] Original dataset size: 336 rows
2025-05-08 18:55:48,970 - INFO - Detected metadata:
2025-05-08 18:55:48,970 - INFO - {
    "METADATA_SPEC_VERSION": "SINGLE_TABLE_V1",
    "columns": {
        "Gender_0": {
            "sdtype": "categorical"
        },
        "Gender_1": {
            "sdtype": "categorical"
        },
        "Married_0": {
            "sdtype": "categorical"
        },
        "Married_1": {
            "sdtype": "categorical"
        },
        "Dependents_0": {
            "sdtype": "categorical"
        },
        "Dependents_1": {
            "sdtype": "categorical"
        },
        "Dependents_2": {
            "sdtype": "categorical"
        },
        "Education_0": {
            "sdtype": "categorical"
        },
        "Education_1": {
            "sdtype": "categorical"
        },
        "Self_Employed_0": {
            "sdtype": "categorical"
        },
        "Self_Employed_1": {
            "sdtype": "categorical"
        },
        "ApplicantIncome": {
            "sdtype": "numerical"
        },
        "CoapplicantIncome": {
            "sdtype": "numerical"
        },
        "LoanAmount": {
            "sdtype": "numerical"
        },
        "Loan_Amount_Term": {
            "sdtype": "categorical"
        },
        "Credit_History": {
            "sdtype": "categorical"
        },
        "Property_Area_0": {
            "sdtype": "categorical"
        },
        "Property_Area_1": {
            "sdtype": "categorical"
        },
        "Loan_Status": {
            "sdtype": "categorical"
        }
    }
}
2025-05-08 18:55:48,970 - INFO - [SYNTHETIC] Preparing synthesizer: CTGAN
2025-05-08 18:55:48,971 - INFO - [SYNTHETIC] Params from config: {'epochs': 300}
2025-05-08 18:55:48,971 - INFO -  [SYNTHETIC] No pre-trained synthesizer found
2025-05-08 18:55:48,971 - INFO - [SYNTHETIC] Training new CTGAN synthesizer from scratch...
2025-05-08 18:55:48,971 - WARNING - [FutureWarning] The 'SingleTableMetadata' is deprecated. Please use the new 'Metadata' class for synthesizers. (from /mnt/NVMETank/Projects/Students/Dele/A-STUDY-INTO-THE-QUALITY-AND-USABILITY-OF-PRIVACY-FRIENDLY-SYNTHETIC-DATA/.venv/lib/python3.12/site-packages/sdv/single_table/base.py:119)
2025-05-08 18:55:48,971 - WARNING - [UserWarning] We strongly recommend saving the metadata using 'save_to_json' for replicability in future SDV versions. (from /mnt/NVMETank/Projects/Students/Dele/A-STUDY-INTO-THE-QUALITY-AND-USABILITY-OF-PRIVACY-FRIENDLY-SYNTHETIC-DATA/.venv/lib/python3.12/site-packages/sdv/single_table/base.py:104)
2025-05-08 18:55:48,975 - INFO - {'EVENT': 'Instance', 'TIMESTAMP': datetime.datetime(2025, 5, 8, 18, 55, 48, 975511), 'SYNTHESIZER CLASS NAME': 'CTGANSynthesizer', 'SYNTHESIZER ID': 'CTGANSynthesizer_1.18.0_840d77cd1e88433f83625e7441d3cc0a'}
2025-05-08 18:55:48,975 - INFO - [SYNTHETIC] CTGAN initialized with epochs: 300
2025-05-08 18:55:48,975 - INFO - [SYNTHETIC] Training parameters for CTGAN: {}
2025-05-08 18:55:48,975 - INFO - [SYNTHETIC] fitting CTGAN 
2025-05-08 18:55:48,975 - INFO - {'EVENT': 'Fit', 'TIMESTAMP': datetime.datetime(2025, 5, 8, 18, 55, 48, 975719), 'SYNTHESIZER CLASS NAME': 'CTGANSynthesizer', 'SYNTHESIZER ID': 'CTGANSynthesizer_1.18.0_840d77cd1e88433f83625e7441d3cc0a', 'TOTAL NUMBER OF TABLES': 1, 'TOTAL NUMBER OF ROWS': 336, 'TOTAL NUMBER OF COLUMNS': 19}
2025-05-08 18:55:48,976 - INFO - Fitting table  metadata
2025-05-08 18:55:48,977 - INFO - Fitting formatters for table 
2025-05-08 18:55:48,978 - INFO - Fitting constraints for table 
2025-05-08 18:55:48,978 - INFO - Setting the configuration for the ``HyperTransformer`` for table 
2025-05-08 18:55:48,980 - INFO - Fitting HyperTransformer for table 
2025-05-08 18:55:48,993 - INFO - {'EVENT': 'Fit processed data', 'TIMESTAMP': datetime.datetime(2025, 5, 8, 18, 55, 48, 993129), 'SYNTHESIZER CLASS NAME': 'CTGANSynthesizer', 'SYNTHESIZER ID': 'CTGANSynthesizer_1.18.0_840d77cd1e88433f83625e7441d3cc0a', 'TOTAL NUMBER OF TABLES': 1, 'TOTAL NUMBER OF ROWS': 336, 'TOTAL NUMBER OF COLUMNS': 19}
2025-05-08 18:55:49,024 - INFO - Guidance: There are no missing values in column ApplicantIncome. Extra column not created.
2025-05-08 18:55:49,150 - INFO - Guidance: There are no missing values in column CoapplicantIncome. Extra column not created.
2025-05-08 18:55:49,184 - INFO - Guidance: There are no missing values in column LoanAmount. Extra column not created.
2025-05-08 18:56:13,637 - INFO - [SYNTHETIC] Fitting complete for CTGAN. Duration: 24.66 seconds.
2025-05-08 18:56:13,637 - INFO - [SYNTHETIC] CONFIRMATION CTGAN actually trained with epochs = 300
2025-05-08 18:56:13,637 - INFO - {'EVENT': 'Save', 'TIMESTAMP': datetime.datetime(2025, 5, 8, 18, 56, 13, 637650), 'SYNTHESIZER CLASS NAME': 'CTGANSynthesizer', 'SYNTHESIZER ID': 'CTGANSynthesizer_1.18.0_840d77cd1e88433f83625e7441d3cc0a'}
2025-05-08 18:56:13,669 - INFO - [SYNTHETIC] CTGAN trained and saved.
2025-05-08 18:56:13,669 - INFO - [SYNTHETIC] Preparing synthesizer: GaussianCopula
2025-05-08 18:56:13,669 - INFO - [SYNTHETIC] Params from config: {}
2025-05-08 18:56:13,669 - INFO -  [SYNTHETIC] No pre-trained synthesizer found
2025-05-08 18:56:13,669 - INFO - [SYNTHETIC] Training new GaussianCopula synthesizer from scratch...
2025-05-08 18:56:13,669 - WARNING - [FutureWarning] The 'SingleTableMetadata' is deprecated. Please use the new 'Metadata' class for synthesizers. (from /mnt/NVMETank/Projects/Students/Dele/A-STUDY-INTO-THE-QUALITY-AND-USABILITY-OF-PRIVACY-FRIENDLY-SYNTHETIC-DATA/.venv/lib/python3.12/site-packages/sdv/single_table/base.py:119)
2025-05-08 18:56:13,671 - INFO - {'EVENT': 'Instance', 'TIMESTAMP': datetime.datetime(2025, 5, 8, 18, 56, 13, 671835), 'SYNTHESIZER CLASS NAME': 'GaussianCopulaSynthesizer', 'SYNTHESIZER ID': 'GaussianCopulaSynthesizer_1.18.0_402e7fac3ecc4f73a84c519adf33a218'}
2025-05-08 18:56:13,671 - INFO - [SYNTHETIC] fitting GaussianCopula 
2025-05-08 18:56:13,671 - INFO - {'EVENT': 'Fit', 'TIMESTAMP': datetime.datetime(2025, 5, 8, 18, 56, 13, 671966), 'SYNTHESIZER CLASS NAME': 'GaussianCopulaSynthesizer', 'SYNTHESIZER ID': 'GaussianCopulaSynthesizer_1.18.0_402e7fac3ecc4f73a84c519adf33a218', 'TOTAL NUMBER OF TABLES': 1, 'TOTAL NUMBER OF ROWS': 336, 'TOTAL NUMBER OF COLUMNS': 19}
2025-05-08 18:56:13,673 - INFO - Fitting table  metadata
2025-05-08 18:56:13,673 - INFO - Fitting formatters for table 
2025-05-08 18:56:13,675 - INFO - Fitting constraints for table 
2025-05-08 18:56:13,675 - INFO - Setting the configuration for the ``HyperTransformer`` for table 
2025-05-08 18:56:13,681 - INFO - Fitting HyperTransformer for table 
2025-05-08 18:56:13,811 - INFO - {'EVENT': 'Fit processed data', 'TIMESTAMP': datetime.datetime(2025, 5, 8, 18, 56, 13, 811567), 'SYNTHESIZER CLASS NAME': 'GaussianCopulaSynthesizer', 'SYNTHESIZER ID': 'GaussianCopulaSynthesizer_1.18.0_402e7fac3ecc4f73a84c519adf33a218', 'TOTAL NUMBER OF TABLES': 1, 'TOTAL NUMBER OF ROWS': 336, 'TOTAL NUMBER OF COLUMNS': 19}
2025-05-08 18:56:13,811 - INFO - Fitting GaussianMultivariate(distribution="{'Gender_0': <class 'copulas.univariate.beta.BetaUnivariate'>, 'Gender_1': <class 'copulas.univariate.beta.BetaUnivariate'>, 'Married_0': <class 'copulas.univariate.beta.BetaUnivariate'>, 'Married_1': <class 'copulas.univariate.beta.BetaUnivariate'>, 'Dependents_0': <class 'copulas.univariate.beta.BetaUnivariate'>, 'Dependents_1': <class 'copulas.univariate.beta.BetaUnivariate'>, 'Dependents_2': <class 'copulas.univariate.beta.BetaUnivariate'>, 'Education_0': <class 'copulas.univariate.beta.BetaUnivariate'>, 'Education_1': <class 'copulas.univariate.beta.BetaUnivariate'>, 'Self_Employed_0': <class 'copulas.univariate.beta.BetaUnivariate'>, 'Self_Employed_1': <class 'copulas.univariate.beta.BetaUnivariate'>, 'ApplicantIncome': <class 'copulas.univariate.beta.BetaUnivariate'>, 'CoapplicantIncome': <class 'copulas.univariate.beta.BetaUnivariate'>, 'LoanAmount': <class 'copulas.univariate.beta.BetaUnivariate'>, 'Loan_Amount_Term': <class 'copulas.univariate.beta.BetaUnivariate'>, 'Credit_History': <class 'copulas.univariate.beta.BetaUnivariate'>, 'Property_Area_0': <class 'copulas.univariate.beta.BetaUnivariate'>, 'Property_Area_1': <class 'copulas.univariate.beta.BetaUnivariate'>, 'Loan_Status': <class 'copulas.univariate.beta.BetaUnivariate'>}")
2025-05-08 18:56:14,347 - INFO - [SYNTHETIC] Fitting complete for GaussianCopula. Duration: 0.68 seconds.
2025-05-08 18:56:14,347 - WARNING - [SYNTHETIC] WARNING Could not determine actual epochs used for GaussianCopula
2025-05-08 18:56:14,347 - INFO - {'EVENT': 'Save', 'TIMESTAMP': datetime.datetime(2025, 5, 8, 18, 56, 14, 347952), 'SYNTHESIZER CLASS NAME': 'GaussianCopulaSynthesizer', 'SYNTHESIZER ID': 'GaussianCopulaSynthesizer_1.18.0_402e7fac3ecc4f73a84c519adf33a218'}
2025-05-08 18:56:14,355 - INFO - [SYNTHETIC] GaussianCopula trained and saved.
2025-05-08 18:56:14,355 - INFO - [SYNTHETIC] Preparing synthesizer: TVAE
2025-05-08 18:56:14,355 - INFO - [SYNTHETIC] Params from config: {'epochs': 300}
2025-05-08 18:56:14,355 - INFO -  [SYNTHETIC] No pre-trained synthesizer found
2025-05-08 18:56:14,355 - INFO - [SYNTHETIC] Training new TVAE synthesizer from scratch...
2025-05-08 18:56:14,356 - WARNING - [FutureWarning] The 'SingleTableMetadata' is deprecated. Please use the new 'Metadata' class for synthesizers. (from /mnt/NVMETank/Projects/Students/Dele/A-STUDY-INTO-THE-QUALITY-AND-USABILITY-OF-PRIVACY-FRIENDLY-SYNTHETIC-DATA/.venv/lib/python3.12/site-packages/sdv/single_table/base.py:119)
2025-05-08 18:56:14,358 - INFO - {'EVENT': 'Instance', 'TIMESTAMP': datetime.datetime(2025, 5, 8, 18, 56, 14, 358134), 'SYNTHESIZER CLASS NAME': 'TVAESynthesizer', 'SYNTHESIZER ID': 'TVAESynthesizer_1.18.0_ce7a0becc5d44440afa05266f20b0ae5'}
2025-05-08 18:56:14,358 - INFO - [SYNTHETIC] TVAE initialized with epochs: 300
2025-05-08 18:56:14,358 - INFO - [SYNTHETIC] Training parameters for TVAE: {}
2025-05-08 18:56:14,358 - INFO - [SYNTHETIC] fitting TVAE 
2025-05-08 18:56:14,358 - INFO - {'EVENT': 'Fit', 'TIMESTAMP': datetime.datetime(2025, 5, 8, 18, 56, 14, 358331), 'SYNTHESIZER CLASS NAME': 'TVAESynthesizer', 'SYNTHESIZER ID': 'TVAESynthesizer_1.18.0_ce7a0becc5d44440afa05266f20b0ae5', 'TOTAL NUMBER OF TABLES': 1, 'TOTAL NUMBER OF ROWS': 336, 'TOTAL NUMBER OF COLUMNS': 19}
2025-05-08 18:56:14,359 - INFO - Fitting table  metadata
2025-05-08 18:56:14,359 - INFO - Fitting formatters for table 
2025-05-08 18:56:14,361 - INFO - Fitting constraints for table 
2025-05-08 18:56:14,361 - INFO - Setting the configuration for the ``HyperTransformer`` for table 
2025-05-08 18:56:14,362 - INFO - Fitting HyperTransformer for table 
2025-05-08 18:56:14,374 - INFO - {'EVENT': 'Fit processed data', 'TIMESTAMP': datetime.datetime(2025, 5, 8, 18, 56, 14, 374263), 'SYNTHESIZER CLASS NAME': 'TVAESynthesizer', 'SYNTHESIZER ID': 'TVAESynthesizer_1.18.0_ce7a0becc5d44440afa05266f20b0ae5', 'TOTAL NUMBER OF TABLES': 1, 'TOTAL NUMBER OF ROWS': 336, 'TOTAL NUMBER OF COLUMNS': 19}
2025-05-08 18:56:14,387 - INFO - Guidance: There are no missing values in column ApplicantIncome. Extra column not created.
2025-05-08 18:56:14,463 - INFO - Guidance: There are no missing values in column CoapplicantIncome. Extra column not created.
2025-05-08 18:56:14,555 - INFO - Guidance: There are no missing values in column LoanAmount. Extra column not created.
2025-05-08 18:56:17,141 - INFO - [SYNTHETIC] Fitting complete for TVAE. Duration: 2.78 seconds.
2025-05-08 18:56:17,141 - INFO - [SYNTHETIC] CONFIRMATION TVAE actually trained with epochs = 300
2025-05-08 18:56:17,141 - INFO - {'EVENT': 'Save', 'TIMESTAMP': datetime.datetime(2025, 5, 8, 18, 56, 17, 141867), 'SYNTHESIZER CLASS NAME': 'TVAESynthesizer', 'SYNTHESIZER ID': 'TVAESynthesizer_1.18.0_ce7a0becc5d44440afa05266f20b0ae5'}
2025-05-08 18:56:17,163 - INFO - [SYNTHETIC] TVAE trained and saved.
2025-05-08 18:56:17,163 - INFO - [SYNTHETIC] Using CTGAN to generate 336 rows...
2025-05-08 18:56:17,215 - INFO - {'EVENT': 'Sample', 'TIMESTAMP': datetime.datetime(2025, 5, 8, 18, 56, 17, 163295), 'SYNTHESIZER CLASS NAME': 'CTGANSynthesizer', 'SYNTHESIZER ID': 'CTGANSynthesizer_1.18.0_840d77cd1e88433f83625e7441d3cc0a', 'TOTAL NUMBER OF TABLES': 1, 'TOTAL NUMBER OF ROWS': 336, 'TOTAL NUMBER OF COLUMNS': 19}
2025-05-08 18:56:17,215 - INFO - [SYNTHETIC] CTGAN completed: 336 rows generated.
2025-05-08 18:56:17,215 - INFO - [SYNTHETIC] Target class distribution for CTGAN: {'Y': 199, 'N': 137}
2025-05-08 18:56:17,215 - INFO - [SYNTHETIC] Using GaussianCopula to generate 336 rows...
2025-05-08 18:56:17,267 - INFO - {'EVENT': 'Sample', 'TIMESTAMP': datetime.datetime(2025, 5, 8, 18, 56, 17, 215818), 'SYNTHESIZER CLASS NAME': 'GaussianCopulaSynthesizer', 'SYNTHESIZER ID': 'GaussianCopulaSynthesizer_1.18.0_402e7fac3ecc4f73a84c519adf33a218', 'TOTAL NUMBER OF TABLES': 1, 'TOTAL NUMBER OF ROWS': 336, 'TOTAL NUMBER OF COLUMNS': 19}
2025-05-08 18:56:17,267 - INFO - [SYNTHETIC] GaussianCopula completed: 336 rows generated.
2025-05-08 18:56:17,267 - INFO - [SYNTHETIC] Target class distribution for GaussianCopula: {'Y': 224, 'N': 112}
2025-05-08 18:56:17,267 - INFO - [SYNTHETIC] Using TVAE to generate 336 rows...
2025-05-08 18:56:17,305 - INFO - {'EVENT': 'Sample', 'TIMESTAMP': datetime.datetime(2025, 5, 8, 18, 56, 17, 268017), 'SYNTHESIZER CLASS NAME': 'TVAESynthesizer', 'SYNTHESIZER ID': 'TVAESynthesizer_1.18.0_ce7a0becc5d44440afa05266f20b0ae5', 'TOTAL NUMBER OF TABLES': 1, 'TOTAL NUMBER OF ROWS': 336, 'TOTAL NUMBER OF COLUMNS': 19}
2025-05-08 18:56:17,306 - INFO - [SYNTHETIC] TVAE completed: 336 rows generated.
2025-05-08 18:56:17,306 - INFO - [SYNTHETIC] Target class distribution for TVAE: {'Y': 336}
2025-05-08 18:56:17,306 - INFO - [SYNTHETIC PIPELINE] Synthetic Data Generation Completed.
2025-05-08 18:56:17,306 - INFO - [SYNTHETIC PIPELINE] Synthesizers used: ['CTGAN', 'GaussianCopula', 'TVAE']
2025-05-08 18:56:17,306 - INFO - [SYNTHETIC PIPELINE] Evaluating synthetic dataset generated by CTGAN...
2025-05-08 18:56:17,306 - INFO - [SYNTHETIC EVAL] Real data columns     (19): ['Gender_0', 'Gender_1', 'Married_0', 'Married_1', 'Dependents_0', 'Dependents_1', 'Dependents_2', 'Education_0', 'Education_1', 'Self_Employed_0', 'Self_Employed_1', 'ApplicantIncome', 'CoapplicantIncome', 'LoanAmount', 'Loan_Amount_Term', 'Credit_History', 'Property_Area_0', 'Property_Area_1', 'Loan_Status']
2025-05-08 18:56:17,306 - INFO - [SYNTHETIC EVAL] Synthetic data columns (19): ['Gender_0', 'Gender_1', 'Married_0', 'Married_1', 'Dependents_0', 'Dependents_1', 'Dependents_2', 'Education_0', 'Education_1', 'Self_Employed_0', 'Self_Employed_1', 'ApplicantIncome', 'CoapplicantIncome', 'LoanAmount', 'Loan_Amount_Term', 'Credit_History', 'Property_Area_0', 'Property_Area_1', 'Loan_Status']
2025-05-08 18:56:17,307 - INFO - [SYNTHETIC EVAL] Metadata columns      (19): ['Gender_0', 'Gender_1', 'Married_0', 'Married_1', 'Dependents_0', 'Dependents_1', 'Dependents_2', 'Education_0', 'Education_1', 'Self_Employed_0', 'Self_Employed_1', 'ApplicantIncome', 'CoapplicantIncome', 'LoanAmount', 'Loan_Amount_Term', 'Credit_History', 'Property_Area_0', 'Property_Area_1', 'Loan_Status']
2025-05-08 18:56:17,307 - INFO - [SYNTHETIC EVAL] Shape — Real: (336, 19), Synthetic: (336, 19)
2025-05-08 18:56:17,307 - INFO - [SYNTHETIC EVAL] Metadata structure:
{
  "METADATA_SPEC_VERSION": "SINGLE_TABLE_V1",
  "columns": {
    "Gender_0": {
      "sdtype": "categorical"
    },
    "Gender_1": {
      "sdtype": "categorical"
    },
    "Married_0": {
      "sdtype": "categorical"
    },
    "Married_1": {
      "sdtype": "categorical"
    },
    "Dependents_0": {
      "sdtype": "categorical"
    },
    "Dependents_1": {
      "sdtype": "categorical"
    },
    "Dependents_2": {
      "sdtype": "categorical"
    },
    "Education_0": {
      "sdtype": "categorical"
    },
    "Education_1": {
      "sdtype": "categorical"
    },
    "Self_Employed_0": {
      "sdtype": "categorical"
    },
    "Self_Employed_1": {
      "sdtype": "categorical"
    },
    "ApplicantIncome": {
      "sdtype": "numerical"
    },
    "CoapplicantIncome": {
      "sdtype": "numerical"
    },
    "LoanAmount": {
      "sdtype": "numerical"
    },
    "Loan_Amount_Term": {
      "sdtype": "categorical"
    },
    "Credit_History": {
      "sdtype": "categorical"
    },
    "Property_Area_0": {
      "sdtype": "categorical"
    },
    "Property_Area_1": {
      "sdtype": "categorical"
    },
    "Loan_Status": {
      "sdtype": "categorical"
    }
  }
}
2025-05-08 18:56:17,710 - INFO - [SYNTHETIC PIPELINE] Evaluating synthetic dataset generated by GaussianCopula...
2025-05-08 18:56:17,710 - INFO - [SYNTHETIC EVAL] Real data columns     (19): ['Gender_0', 'Gender_1', 'Married_0', 'Married_1', 'Dependents_0', 'Dependents_1', 'Dependents_2', 'Education_0', 'Education_1', 'Self_Employed_0', 'Self_Employed_1', 'ApplicantIncome', 'CoapplicantIncome', 'LoanAmount', 'Loan_Amount_Term', 'Credit_History', 'Property_Area_0', 'Property_Area_1', 'Loan_Status']
2025-05-08 18:56:17,710 - INFO - [SYNTHETIC EVAL] Synthetic data columns (19): ['Gender_0', 'Gender_1', 'Married_0', 'Married_1', 'Dependents_0', 'Dependents_1', 'Dependents_2', 'Education_0', 'Education_1', 'Self_Employed_0', 'Self_Employed_1', 'ApplicantIncome', 'CoapplicantIncome', 'LoanAmount', 'Loan_Amount_Term', 'Credit_History', 'Property_Area_0', 'Property_Area_1', 'Loan_Status']
2025-05-08 18:56:17,710 - INFO - [SYNTHETIC EVAL] Metadata columns      (19): ['Gender_0', 'Gender_1', 'Married_0', 'Married_1', 'Dependents_0', 'Dependents_1', 'Dependents_2', 'Education_0', 'Education_1', 'Self_Employed_0', 'Self_Employed_1', 'ApplicantIncome', 'CoapplicantIncome', 'LoanAmount', 'Loan_Amount_Term', 'Credit_History', 'Property_Area_0', 'Property_Area_1', 'Loan_Status']
2025-05-08 18:56:17,710 - INFO - [SYNTHETIC EVAL] Shape — Real: (336, 19), Synthetic: (336, 19)
2025-05-08 18:56:17,711 - INFO - [SYNTHETIC EVAL] Metadata structure:
{
  "METADATA_SPEC_VERSION": "SINGLE_TABLE_V1",
  "columns": {
    "Gender_0": {
      "sdtype": "categorical"
    },
    "Gender_1": {
      "sdtype": "categorical"
    },
    "Married_0": {
      "sdtype": "categorical"
    },
    "Married_1": {
      "sdtype": "categorical"
    },
    "Dependents_0": {
      "sdtype": "categorical"
    },
    "Dependents_1": {
      "sdtype": "categorical"
    },
    "Dependents_2": {
      "sdtype": "categorical"
    },
    "Education_0": {
      "sdtype": "categorical"
    },
    "Education_1": {
      "sdtype": "categorical"
    },
    "Self_Employed_0": {
      "sdtype": "categorical"
    },
    "Self_Employed_1": {
      "sdtype": "categorical"
    },
    "ApplicantIncome": {
      "sdtype": "numerical"
    },
    "CoapplicantIncome": {
      "sdtype": "numerical"
    },
    "LoanAmount": {
      "sdtype": "numerical"
    },
    "Loan_Amount_Term": {
      "sdtype": "categorical"
    },
    "Credit_History": {
      "sdtype": "categorical"
    },
    "Property_Area_0": {
      "sdtype": "categorical"
    },
    "Property_Area_1": {
      "sdtype": "categorical"
    },
    "Loan_Status": {
      "sdtype": "categorical"
    }
  }
}
2025-05-08 18:56:18,106 - INFO - [SYNTHETIC PIPELINE] Evaluating synthetic dataset generated by TVAE...
2025-05-08 18:56:18,106 - INFO - [SYNTHETIC EVAL] Real data columns     (19): ['Gender_0', 'Gender_1', 'Married_0', 'Married_1', 'Dependents_0', 'Dependents_1', 'Dependents_2', 'Education_0', 'Education_1', 'Self_Employed_0', 'Self_Employed_1', 'ApplicantIncome', 'CoapplicantIncome', 'LoanAmount', 'Loan_Amount_Term', 'Credit_History', 'Property_Area_0', 'Property_Area_1', 'Loan_Status']
2025-05-08 18:56:18,106 - INFO - [SYNTHETIC EVAL] Synthetic data columns (19): ['Gender_0', 'Gender_1', 'Married_0', 'Married_1', 'Dependents_0', 'Dependents_1', 'Dependents_2', 'Education_0', 'Education_1', 'Self_Employed_0', 'Self_Employed_1', 'ApplicantIncome', 'CoapplicantIncome', 'LoanAmount', 'Loan_Amount_Term', 'Credit_History', 'Property_Area_0', 'Property_Area_1', 'Loan_Status']
2025-05-08 18:56:18,106 - INFO - [SYNTHETIC EVAL] Metadata columns      (19): ['Gender_0', 'Gender_1', 'Married_0', 'Married_1', 'Dependents_0', 'Dependents_1', 'Dependents_2', 'Education_0', 'Education_1', 'Self_Employed_0', 'Self_Employed_1', 'ApplicantIncome', 'CoapplicantIncome', 'LoanAmount', 'Loan_Amount_Term', 'Credit_History', 'Property_Area_0', 'Property_Area_1', 'Loan_Status']
2025-05-08 18:56:18,106 - INFO - [SYNTHETIC EVAL] Shape — Real: (336, 19), Synthetic: (336, 19)
2025-05-08 18:56:18,106 - INFO - [SYNTHETIC EVAL] Metadata structure:
{
  "METADATA_SPEC_VERSION": "SINGLE_TABLE_V1",
  "columns": {
    "Gender_0": {
      "sdtype": "categorical"
    },
    "Gender_1": {
      "sdtype": "categorical"
    },
    "Married_0": {
      "sdtype": "categorical"
    },
    "Married_1": {
      "sdtype": "categorical"
    },
    "Dependents_0": {
      "sdtype": "categorical"
    },
    "Dependents_1": {
      "sdtype": "categorical"
    },
    "Dependents_2": {
      "sdtype": "categorical"
    },
    "Education_0": {
      "sdtype": "categorical"
    },
    "Education_1": {
      "sdtype": "categorical"
    },
    "Self_Employed_0": {
      "sdtype": "categorical"
    },
    "Self_Employed_1": {
      "sdtype": "categorical"
    },
    "ApplicantIncome": {
      "sdtype": "numerical"
    },
    "CoapplicantIncome": {
      "sdtype": "numerical"
    },
    "LoanAmount": {
      "sdtype": "numerical"
    },
    "Loan_Amount_Term": {
      "sdtype": "categorical"
    },
    "Credit_History": {
      "sdtype": "categorical"
    },
    "Property_Area_0": {
      "sdtype": "categorical"
    },
    "Property_Area_1": {
      "sdtype": "categorical"
    },
    "Loan_Status": {
      "sdtype": "categorical"
    }
  }
}
2025-05-08 18:56:18,498 - INFO -  [SYNTHETIC PIPELINE]  Synthetic Data Evaluation Completed.
2025-05-08 18:56:18,505 - INFO -  [SYNTHETIC PIPELINE] Synthetic Data Report Generated Successfully.
2025-05-08 18:56:18,607 - INFO - [HYBRID] Generated hybrid dataset shape for CTGAN: (336, 19)
2025-05-08 18:56:18,607 - INFO - [HYBRID] Target distribution for CTGAN: {'Y': 199, 'N': 137}
2025-05-08 18:56:18,609 - INFO -  [HYBRID] Saved hybrid dataset to /mnt/NVMETank/Projects/Students/Dele/A-STUDY-INTO-THE-QUALITY-AND-USABILITY-OF-PRIVACY-FRIENDLY-SYNTHETIC-DATA/datasets/hybrid/loan_k18_l15_sup20_CTGAN_HYBRID.csv
2025-05-08 18:56:18,609 - INFO - [HYBRID] Generated hybrid dataset shape for GaussianCopula: (336, 19)
2025-05-08 18:56:18,609 - INFO - [HYBRID] Target distribution for GaussianCopula: {'Y': 224, 'N': 112}
2025-05-08 18:56:18,611 - INFO -  [HYBRID] Saved hybrid dataset to /mnt/NVMETank/Projects/Students/Dele/A-STUDY-INTO-THE-QUALITY-AND-USABILITY-OF-PRIVACY-FRIENDLY-SYNTHETIC-DATA/datasets/hybrid/loan_k18_l15_sup20_GaussianCopula_HYBRID.csv
2025-05-08 18:56:18,611 - INFO - [HYBRID] Generated hybrid dataset shape for TVAE: (336, 19)
2025-05-08 18:56:18,611 - INFO - [HYBRID] Target distribution for TVAE: {'Y': 336}
2025-05-08 18:56:18,612 - INFO -  [HYBRID] Saved hybrid dataset to /mnt/NVMETank/Projects/Students/Dele/A-STUDY-INTO-THE-QUALITY-AND-USABILITY-OF-PRIVACY-FRIENDLY-SYNTHETIC-DATA/datasets/hybrid/loan_k18_l15_sup20_TVAE_HYBRID.csv
2025-05-08 18:56:18,613 - INFO -  [HYBRID] Hybrid pipeline complete — 3 dataset(s) ready.
2025-05-08 18:56:18,613 - INFO - [HYBRID] Total rows across all hybrid datasets: 1008
2025-05-08 18:56:18,613 - INFO - Hybrid pipeline completed successfully.
2025-05-08 18:56:18,613 - INFO - Hybrid pipeline duration: 29.66 seconds
2025-05-08 18:56:18,613 - INFO - Starting Utility...
2025-05-08 18:56:18,613 - INFO - [UTILITY] Preparing datasets for machine learning...
2025-05-08 18:56:18,613 - INFO - [UTILITY] Original Data - Training Size: 336, Testing Size: 144
2025-05-08 18:56:18,613 - INFO - [UTILITY] Target class distribution (Original): {'Y': 232, 'N': 104}
2025-05-08 18:56:18,614 - INFO - [UTILITY] Processing anonymized dataset...
2025-05-08 18:56:18,614 - INFO - [UTILITY] Anonymized Data - Training Size: 336
2025-05-08 18:56:18,614 - INFO - [UTILITY] Target class distribution (Anonymous): {'Y': 232, 'N': 104}
2025-05-08 18:56:18,614 - INFO - [UTILITY] Processing hybrid dataset generated by CTGAN...
2025-05-08 18:56:18,615 - INFO - [UTILITY] Hybrid Data (CTGAN_HYBRID) - Training Size: 336
2025-05-08 18:56:18,615 - INFO - [UTILITY] Target class distribution (CTGAN_HYBRID): {'Y': 199, 'N': 137}
2025-05-08 18:56:18,615 - INFO - [UTILITY] Processing hybrid dataset generated by GaussianCopula...
2025-05-08 18:56:18,615 - INFO - [UTILITY] Hybrid Data (GaussianCopula_HYBRID) - Training Size: 336
2025-05-08 18:56:18,615 - INFO - [UTILITY] Target class distribution (GaussianCopula_HYBRID): {'Y': 224, 'N': 112}
2025-05-08 18:56:18,616 - WARNING -  Skipping hybrid dataset 'TVAE_HYBRID' - only one class in target.
2025-05-08 18:56:18,616 - INFO - [UTILITY] Training models on all datasets...
2025-05-08 18:56:18,616 - INFO - [UTILITY] Total datasets used for training: 4
2025-05-08 18:56:18,616 - INFO - [TRAINING] Training models from scratch...
2025-05-08 18:56:18,616 - INFO - [TRAINING] Starting training for dataset: Original — Rows: 336, Features: 18
2025-05-08 18:56:18,616 - INFO - [TRAINING] Training DecisionTree on Original...
2025-05-08 18:56:18,618 - INFO - [TRAINING] DecisionTree trained successfully on Original in 0.00 sec
2025-05-08 18:56:18,618 - INFO - [TRAINING] Training KNN on Original...
2025-05-08 18:56:18,619 - INFO - [TRAINING] KNN trained successfully on Original in 0.00 sec
2025-05-08 18:56:18,619 - INFO - [TRAINING] Training LogisticRegression on Original...
2025-05-08 18:56:18,623 - INFO - [TRAINING] LogisticRegression trained successfully on Original in 0.00 sec
2025-05-08 18:56:18,623 - INFO - [TRAINING] Training RandomForest on Original...
2025-05-08 18:56:18,731 - INFO - [TRAINING] RandomForest trained successfully on Original in 0.11 sec
2025-05-08 18:56:18,731 - INFO - [TRAINING] Training SVM on Original...
2025-05-08 18:56:18,735 - INFO - [TRAINING] SVM trained successfully on Original in 0.00 sec
2025-05-08 18:56:18,735 - INFO - [TRAINING] Finished training 5 model(s) for dataset: Original
2025-05-08 18:56:18,735 - INFO - [TRAINING] Starting training for dataset: Anonymous — Rows: 336, Features: 18
2025-05-08 18:56:18,735 - INFO - [TRAINING] Training DecisionTree on Anonymous...
2025-05-08 18:56:18,737 - INFO - [TRAINING] DecisionTree trained successfully on Anonymous in 0.00 sec
2025-05-08 18:56:18,737 - INFO - [TRAINING] Training KNN on Anonymous...
2025-05-08 18:56:18,738 - INFO - [TRAINING] KNN trained successfully on Anonymous in 0.00 sec
2025-05-08 18:56:18,738 - INFO - [TRAINING] Training LogisticRegression on Anonymous...
2025-05-08 18:56:18,742 - INFO - [TRAINING] LogisticRegression trained successfully on Anonymous in 0.00 sec
2025-05-08 18:56:18,742 - INFO - [TRAINING] Training RandomForest on Anonymous...
2025-05-08 18:56:18,854 - INFO - [TRAINING] RandomForest trained successfully on Anonymous in 0.11 sec
2025-05-08 18:56:18,854 - INFO - [TRAINING] Training SVM on Anonymous...
2025-05-08 18:56:18,859 - INFO - [TRAINING] SVM trained successfully on Anonymous in 0.00 sec
2025-05-08 18:56:18,859 - INFO - [TRAINING] Finished training 5 model(s) for dataset: Anonymous
2025-05-08 18:56:18,859 - INFO - [TRAINING] Starting training for dataset: CTGAN_HYBRID — Rows: 336, Features: 18
2025-05-08 18:56:18,859 - INFO - [TRAINING] Training DecisionTree on CTGAN_HYBRID...
2025-05-08 18:56:18,862 - INFO - [TRAINING] DecisionTree trained successfully on CTGAN_HYBRID in 0.00 sec
2025-05-08 18:56:18,862 - INFO - [TRAINING] Training KNN on CTGAN_HYBRID...
2025-05-08 18:56:18,863 - INFO - [TRAINING] KNN trained successfully on CTGAN_HYBRID in 0.00 sec
2025-05-08 18:56:18,863 - INFO - [TRAINING] Training LogisticRegression on CTGAN_HYBRID...
2025-05-08 18:56:18,866 - INFO - [TRAINING] LogisticRegression trained successfully on CTGAN_HYBRID in 0.00 sec
2025-05-08 18:56:18,866 - INFO - [TRAINING] Training RandomForest on CTGAN_HYBRID...
2025-05-08 18:56:18,957 - INFO - [TRAINING] RandomForest trained successfully on CTGAN_HYBRID in 0.09 sec
2025-05-08 18:56:18,957 - INFO - [TRAINING] Training SVM on CTGAN_HYBRID...
2025-05-08 18:56:18,964 - INFO - [TRAINING] SVM trained successfully on CTGAN_HYBRID in 0.01 sec
2025-05-08 18:56:18,964 - INFO - [TRAINING] Finished training 5 model(s) for dataset: CTGAN_HYBRID
2025-05-08 18:56:18,964 - INFO - [TRAINING] Starting training for dataset: GaussianCopula_HYBRID — Rows: 336, Features: 18
2025-05-08 18:56:18,964 - INFO - [TRAINING] Training DecisionTree on GaussianCopula_HYBRID...
2025-05-08 18:56:18,968 - INFO - [TRAINING] DecisionTree trained successfully on GaussianCopula_HYBRID in 0.00 sec
2025-05-08 18:56:18,968 - INFO - [TRAINING] Training KNN on GaussianCopula_HYBRID...
2025-05-08 18:56:18,970 - INFO - [TRAINING] KNN trained successfully on GaussianCopula_HYBRID in 0.00 sec
2025-05-08 18:56:18,970 - INFO - [TRAINING] Training LogisticRegression on GaussianCopula_HYBRID...
2025-05-08 18:56:18,974 - INFO - [TRAINING] LogisticRegression trained successfully on GaussianCopula_HYBRID in 0.00 sec
2025-05-08 18:56:18,974 - INFO - [TRAINING] Training RandomForest on GaussianCopula_HYBRID...
2025-05-08 18:56:19,104 - INFO - [TRAINING] RandomForest trained successfully on GaussianCopula_HYBRID in 0.13 sec
2025-05-08 18:56:19,104 - INFO - [TRAINING] Training SVM on GaussianCopula_HYBRID...
2025-05-08 18:56:19,109 - INFO - [TRAINING] SVM trained successfully on GaussianCopula_HYBRID in 0.00 sec
2025-05-08 18:56:19,109 - INFO - [TRAINING] Finished training 5 model(s) for dataset: GaussianCopula_HYBRID
2025-05-08 18:56:19,109 - INFO - [TRAINING] Total models trained across all datasets: 20
2025-05-08 18:56:19,109 - INFO - [UTILITY] Trained model names: ['Original', 'Anonymous', 'CTGAN_HYBRID', 'GaussianCopula_HYBRID']
2025-05-08 18:56:19,109 - INFO - [UTILITY] Model Training Completed.
2025-05-08 18:56:19,109 - INFO - Starting the Evaluating of models...
2025-05-08 18:56:19,109 - INFO - Preparing evaluation for model 'DecisionTree' across all datasets...
2025-05-08 18:56:19,109 - INFO - Evaluating DecisionTree on Original...
2025-05-08 18:56:19,110 - INFO - Predictions completed for DecisionTree on Original
2025-05-08 18:56:19,111 - INFO - Prediction distribution for DecisionTree on Original: {'Y': 92, 'N': 52}
2025-05-08 18:56:19,120 - INFO - Computed 8 metric(s) for DecisionTree on Original
2025-05-08 18:56:19,120 - INFO - Evaluating DecisionTree on Anonymous...
2025-05-08 18:56:19,121 - INFO - Predictions completed for DecisionTree on Anonymous
2025-05-08 18:56:19,121 - INFO - Prediction distribution for DecisionTree on Anonymous: {'N': 78, 'Y': 66}
2025-05-08 18:56:19,130 - INFO - Computed 8 metric(s) for DecisionTree on Anonymous
2025-05-08 18:56:19,130 - INFO - Evaluating DecisionTree on CTGAN_HYBRID...
2025-05-08 18:56:19,131 - INFO - Predictions completed for DecisionTree on CTGAN_HYBRID
2025-05-08 18:56:19,131 - INFO - Prediction distribution for DecisionTree on CTGAN_HYBRID: {'Y': 77, 'N': 67}
2025-05-08 18:56:19,140 - INFO - Computed 8 metric(s) for DecisionTree on CTGAN_HYBRID
2025-05-08 18:56:19,140 - INFO - Evaluating DecisionTree on GaussianCopula_HYBRID...
2025-05-08 18:56:19,141 - INFO - Predictions completed for DecisionTree on GaussianCopula_HYBRID
2025-05-08 18:56:19,141 - INFO - Prediction distribution for DecisionTree on GaussianCopula_HYBRID: {'Y': 92, 'N': 52}
2025-05-08 18:56:19,149 - INFO - Computed 8 metric(s) for DecisionTree on GaussianCopula_HYBRID
2025-05-08 18:56:19,150 - INFO - Preparing evaluation for model 'KNN' across all datasets...
2025-05-08 18:56:19,150 - INFO - Evaluating KNN on Original...
2025-05-08 18:56:19,156 - INFO - Predictions completed for KNN on Original
2025-05-08 18:56:19,156 - INFO - Prediction distribution for KNN on Original: {'Y': 115, 'N': 29}
2025-05-08 18:56:19,168 - INFO - Computed 8 metric(s) for KNN on Original
2025-05-08 18:56:19,168 - INFO - Evaluating KNN on Anonymous...
2025-05-08 18:56:19,174 - INFO - Predictions completed for KNN on Anonymous
2025-05-08 18:56:19,174 - INFO - Prediction distribution for KNN on Anonymous: {'Y': 114, 'N': 30}
2025-05-08 18:56:19,185 - INFO - Computed 8 metric(s) for KNN on Anonymous
2025-05-08 18:56:19,185 - INFO - Evaluating KNN on CTGAN_HYBRID...
2025-05-08 18:56:19,191 - INFO - Predictions completed for KNN on CTGAN_HYBRID
2025-05-08 18:56:19,191 - INFO - Prediction distribution for KNN on CTGAN_HYBRID: {'Y': 82, 'N': 62}
2025-05-08 18:56:19,203 - INFO - Computed 8 metric(s) for KNN on CTGAN_HYBRID
2025-05-08 18:56:19,203 - INFO - Evaluating KNN on GaussianCopula_HYBRID...
2025-05-08 18:56:19,209 - INFO - Predictions completed for KNN on GaussianCopula_HYBRID
2025-05-08 18:56:19,209 - INFO - Prediction distribution for KNN on GaussianCopula_HYBRID: {'Y': 118, 'N': 26}
2025-05-08 18:56:19,221 - INFO - Computed 8 metric(s) for KNN on GaussianCopula_HYBRID
2025-05-08 18:56:19,221 - INFO - Preparing evaluation for model 'LogisticRegression' across all datasets...
2025-05-08 18:56:19,221 - INFO - Evaluating LogisticRegression on Original...
2025-05-08 18:56:19,222 - INFO - Predictions completed for LogisticRegression on Original
2025-05-08 18:56:19,222 - INFO - Prediction distribution for LogisticRegression on Original: {'Y': 115, 'N': 29}
2025-05-08 18:56:19,231 - INFO - Computed 8 metric(s) for LogisticRegression on Original
2025-05-08 18:56:19,232 - INFO - Evaluating LogisticRegression on Anonymous...
2025-05-08 18:56:19,233 - INFO - Predictions completed for LogisticRegression on Anonymous
2025-05-08 18:56:19,233 - INFO - Prediction distribution for LogisticRegression on Anonymous: {'N': 102, 'Y': 42}
2025-05-08 18:56:19,242 - INFO - Computed 8 metric(s) for LogisticRegression on Anonymous
2025-05-08 18:56:19,242 - INFO - Evaluating LogisticRegression on CTGAN_HYBRID...
2025-05-08 18:56:19,243 - INFO - Predictions completed for LogisticRegression on CTGAN_HYBRID
2025-05-08 18:56:19,243 - INFO - Prediction distribution for LogisticRegression on CTGAN_HYBRID: {'N': 83, 'Y': 61}
2025-05-08 18:56:19,252 - INFO - Computed 8 metric(s) for LogisticRegression on CTGAN_HYBRID
2025-05-08 18:56:19,252 - INFO - Evaluating LogisticRegression on GaussianCopula_HYBRID...
2025-05-08 18:56:19,253 - INFO - Predictions completed for LogisticRegression on GaussianCopula_HYBRID
2025-05-08 18:56:19,253 - INFO - Prediction distribution for LogisticRegression on GaussianCopula_HYBRID: {'Y': 94, 'N': 50}
2025-05-08 18:56:19,262 - INFO - Computed 8 metric(s) for LogisticRegression on GaussianCopula_HYBRID
2025-05-08 18:56:19,262 - INFO - Preparing evaluation for model 'RandomForest' across all datasets...
2025-05-08 18:56:19,262 - INFO - Evaluating RandomForest on Original...
2025-05-08 18:56:19,268 - INFO - Predictions completed for RandomForest on Original
2025-05-08 18:56:19,268 - INFO - Prediction distribution for RandomForest on Original: {'Y': 104, 'N': 40}
2025-05-08 18:56:19,286 - INFO - Computed 8 metric(s) for RandomForest on Original
2025-05-08 18:56:19,286 - INFO - Evaluating RandomForest on Anonymous...
2025-05-08 18:56:19,291 - INFO - Predictions completed for RandomForest on Anonymous
2025-05-08 18:56:19,292 - INFO - Prediction distribution for RandomForest on Anonymous: {'N': 85, 'Y': 59}
2025-05-08 18:56:19,309 - INFO - Computed 8 metric(s) for RandomForest on Anonymous
2025-05-08 18:56:19,310 - INFO - Evaluating RandomForest on CTGAN_HYBRID...
2025-05-08 18:56:19,315 - INFO - Predictions completed for RandomForest on CTGAN_HYBRID
2025-05-08 18:56:19,315 - INFO - Prediction distribution for RandomForest on CTGAN_HYBRID: {'N': 78, 'Y': 66}
2025-05-08 18:56:19,334 - INFO - Computed 8 metric(s) for RandomForest on CTGAN_HYBRID
2025-05-08 18:56:19,334 - INFO - Evaluating RandomForest on GaussianCopula_HYBRID...
2025-05-08 18:56:19,340 - INFO - Predictions completed for RandomForest on GaussianCopula_HYBRID
2025-05-08 18:56:19,340 - INFO - Prediction distribution for RandomForest on GaussianCopula_HYBRID: {'Y': 105, 'N': 39}
2025-05-08 18:56:19,357 - INFO - Computed 8 metric(s) for RandomForest on GaussianCopula_HYBRID
2025-05-08 18:56:19,357 - INFO - Preparing evaluation for model 'SVM' across all datasets...
2025-05-08 18:56:19,357 - INFO - Evaluating SVM on Original...
2025-05-08 18:56:19,360 - INFO - Predictions completed for SVM on Original
2025-05-08 18:56:19,360 - INFO - Prediction distribution for SVM on Original: {'Y': 144}
2025-05-08 18:56:19,360 - WARNING -  [WARNING] :SVM on Original predicted only one class: {'Y'}
2025-05-08 18:56:19,361 - WARNING - [UndefinedMetricWarning] Precision is ill-defined and being set to 0.0 in labels with no predicted samples. Use `zero_division` parameter to control this behavior. (from /mnt/NVMETank/Projects/Students/Dele/A-STUDY-INTO-THE-QUALITY-AND-USABILITY-OF-PRIVACY-FRIENDLY-SYNTHETIC-DATA/.venv/lib/python3.12/site-packages/sklearn/metrics/_classification.py:1565)
2025-05-08 18:56:19,363 - WARNING - [UndefinedMetricWarning] Precision is ill-defined and being set to 0.0 in labels with no predicted samples. Use `zero_division` parameter to control this behavior. (from /mnt/NVMETank/Projects/Students/Dele/A-STUDY-INTO-THE-QUALITY-AND-USABILITY-OF-PRIVACY-FRIENDLY-SYNTHETIC-DATA/.venv/lib/python3.12/site-packages/sklearn/metrics/_classification.py:1565)
2025-05-08 18:56:19,364 - WARNING - [UndefinedMetricWarning] Precision is ill-defined and being set to 0.0 in labels with no predicted samples. Use `zero_division` parameter to control this behavior. (from /mnt/NVMETank/Projects/Students/Dele/A-STUDY-INTO-THE-QUALITY-AND-USABILITY-OF-PRIVACY-FRIENDLY-SYNTHETIC-DATA/.venv/lib/python3.12/site-packages/sklearn/metrics/_classification.py:1565)
2025-05-08 18:56:19,366 - INFO - Computed 8 metric(s) for SVM on Original
2025-05-08 18:56:19,366 - INFO - Evaluating SVM on Anonymous...
2025-05-08 18:56:19,368 - INFO - Predictions completed for SVM on Anonymous
2025-05-08 18:56:19,368 - INFO - Prediction distribution for SVM on Anonymous: {'Y': 144}
2025-05-08 18:56:19,368 - WARNING -  [WARNING] :SVM on Anonymous predicted only one class: {'Y'}
2025-05-08 18:56:19,370 - WARNING - [UndefinedMetricWarning] Precision is ill-defined and being set to 0.0 in labels with no predicted samples. Use `zero_division` parameter to control this behavior. (from /mnt/NVMETank/Projects/Students/Dele/A-STUDY-INTO-THE-QUALITY-AND-USABILITY-OF-PRIVACY-FRIENDLY-SYNTHETIC-DATA/.venv/lib/python3.12/site-packages/sklearn/metrics/_classification.py:1565)
2025-05-08 18:56:19,371 - WARNING - [UndefinedMetricWarning] Precision is ill-defined and being set to 0.0 in labels with no predicted samples. Use `zero_division` parameter to control this behavior. (from /mnt/NVMETank/Projects/Students/Dele/A-STUDY-INTO-THE-QUALITY-AND-USABILITY-OF-PRIVACY-FRIENDLY-SYNTHETIC-DATA/.venv/lib/python3.12/site-packages/sklearn/metrics/_classification.py:1565)
2025-05-08 18:56:19,372 - WARNING - [UndefinedMetricWarning] Precision is ill-defined and being set to 0.0 in labels with no predicted samples. Use `zero_division` parameter to control this behavior. (from /mnt/NVMETank/Projects/Students/Dele/A-STUDY-INTO-THE-QUALITY-AND-USABILITY-OF-PRIVACY-FRIENDLY-SYNTHETIC-DATA/.venv/lib/python3.12/site-packages/sklearn/metrics/_classification.py:1565)
2025-05-08 18:56:19,374 - INFO - Computed 8 metric(s) for SVM on Anonymous
2025-05-08 18:56:19,374 - INFO - Evaluating SVM on CTGAN_HYBRID...
2025-05-08 18:56:19,376 - INFO - Predictions completed for SVM on CTGAN_HYBRID
2025-05-08 18:56:19,377 - INFO - Prediction distribution for SVM on CTGAN_HYBRID: {'Y': 142, 'N': 2}
2025-05-08 18:56:19,382 - INFO - Computed 8 metric(s) for SVM on CTGAN_HYBRID
2025-05-08 18:56:19,382 - INFO - Evaluating SVM on GaussianCopula_HYBRID...
2025-05-08 18:56:19,384 - INFO - Predictions completed for SVM on GaussianCopula_HYBRID
2025-05-08 18:56:19,385 - INFO - Prediction distribution for SVM on GaussianCopula_HYBRID: {'Y': 144}
2025-05-08 18:56:19,385 - WARNING -  [WARNING] :SVM on GaussianCopula_HYBRID predicted only one class: {'Y'}
2025-05-08 18:56:19,386 - WARNING - [UndefinedMetricWarning] Precision is ill-defined and being set to 0.0 in labels with no predicted samples. Use `zero_division` parameter to control this behavior. (from /mnt/NVMETank/Projects/Students/Dele/A-STUDY-INTO-THE-QUALITY-AND-USABILITY-OF-PRIVACY-FRIENDLY-SYNTHETIC-DATA/.venv/lib/python3.12/site-packages/sklearn/metrics/_classification.py:1565)
2025-05-08 18:56:19,387 - WARNING - [UndefinedMetricWarning] Precision is ill-defined and being set to 0.0 in labels with no predicted samples. Use `zero_division` parameter to control this behavior. (from /mnt/NVMETank/Projects/Students/Dele/A-STUDY-INTO-THE-QUALITY-AND-USABILITY-OF-PRIVACY-FRIENDLY-SYNTHETIC-DATA/.venv/lib/python3.12/site-packages/sklearn/metrics/_classification.py:1565)
2025-05-08 18:56:19,389 - WARNING - [UndefinedMetricWarning] Precision is ill-defined and being set to 0.0 in labels with no predicted samples. Use `zero_division` parameter to control this behavior. (from /mnt/NVMETank/Projects/Students/Dele/A-STUDY-INTO-THE-QUALITY-AND-USABILITY-OF-PRIVACY-FRIENDLY-SYNTHETIC-DATA/.venv/lib/python3.12/site-packages/sklearn/metrics/_classification.py:1565)
2025-05-08 18:56:19,390 - INFO - Computed 8 metric(s) for SVM on GaussianCopula_HYBRID
2025-05-08 18:56:19,394 - INFO - Evaluation completed for all models.
2025-05-08 18:56:19,394 - INFO - Model evaluation completed in 0.28 seconds.
2025-05-08 18:56:19,396 - INFO - Evaluated models: ['DecisionTree', 'KNN', 'LogisticRegression', 'RandomForest', 'SVM']
2025-05-08 18:56:19,396 - INFO - Model Training and Evaluation completed.
2025-05-08 18:56:20,004 - INFO -  Visualizations saved.
2025-05-08 18:56:20,004 - INFO -  Benchmarking Completed. Results saved in output folder.
