2025-03-22 16:40:34,472 - INFO -  Benchmarking started for dataset: loan
2025-03-22 16:40:34,624 - INFO - Detected metadata:
2025-03-22 16:40:34,629 - INFO - {
    "columns": {
        "Loan_ID_0": {
            "sdtype": "categorical"
        },
        "Loan_ID_1": {
            "sdtype": "categorical"
        },
        "Loan_ID_2": {
            "sdtype": "categorical"
        },
        "Loan_ID_3": {
            "sdtype": "categorical"
        },
        "Loan_ID_4": {
            "sdtype": "categorical"
        },
        "Loan_ID_5": {
            "sdtype": "categorical"
        },
        "Loan_ID_6": {
            "sdtype": "categorical"
        },
        "Loan_ID_7": {
            "sdtype": "categorical"
        },
        "Gender_0": {
            "sdtype": "categorical"
        },
        "Gender_1": {
            "sdtype": "categorical"
        },
        "Married_0": {
            "sdtype": "categorical"
        },
        "Married_1": {
            "sdtype": "categorical"
        },
        "Dependents_0": {
            "sdtype": "categorical"
        },
        "Dependents_1": {
            "sdtype": "categorical"
        },
        "Dependents_2": {
            "sdtype": "categorical"
        },
        "Education_0": {
            "sdtype": "categorical"
        },
        "Education_1": {
            "sdtype": "categorical"
        },
        "Self_Employed_0": {
            "sdtype": "categorical"
        },
        "Self_Employed_1": {
            "sdtype": "categorical"
        },
        "ApplicantIncome": {
            "sdtype": "numerical"
        },
        "CoapplicantIncome": {
            "sdtype": "numerical"
        },
        "LoanAmount": {
            "sdtype": "numerical"
        },
        "Loan_Amount_Term": {
            "sdtype": "categorical"
        },
        "Credit_History": {
            "sdtype": "categorical"
        },
        "Property_Area_0": {
            "sdtype": "categorical"
        },
        "Property_Area_1": {
            "sdtype": "categorical"
        },
        "Loan_Status": {
            "sdtype": "categorical"
        }
    },
    "METADATA_SPEC_VERSION": "SINGLE_TABLE_V1"
}
2025-03-22 16:40:34,728 - INFO - {'EVENT': 'Load', 'TIMESTAMP': datetime.datetime(2025, 3, 22, 16, 40, 34, 728235), 'SYNTHESIZER CLASS NAME': 'CTGANSynthesizer', 'SYNTHESIZER ID': 'CTGANSynthesizer_1.16.1_016fc1687b2e44869e0f4628065c84f8'}
2025-03-22 16:40:34,782 - INFO - {'EVENT': 'Load', 'TIMESTAMP': datetime.datetime(2025, 3, 22, 16, 40, 34, 782580), 'SYNTHESIZER CLASS NAME': 'TVAESynthesizer', 'SYNTHESIZER ID': 'TVAESynthesizer_1.16.1_3567aa47f9e04be8a85e4dcd8bf202fd'}
2025-03-22 16:40:35,002 - INFO - {'EVENT': 'Sample', 'TIMESTAMP': datetime.datetime(2025, 3, 22, 16, 40, 34, 782580), 'SYNTHESIZER CLASS NAME': 'CTGANSynthesizer', 'SYNTHESIZER ID': 'CTGANSynthesizer_1.16.1_016fc1687b2e44869e0f4628065c84f8', 'TOTAL NUMBER OF TABLES': 1, 'TOTAL NUMBER OF ROWS': 240, 'TOTAL NUMBER OF COLUMNS': 27}
2025-03-22 16:40:35,176 - INFO - {'EVENT': 'Sample', 'TIMESTAMP': datetime.datetime(2025, 3, 22, 16, 40, 35, 18934), 'SYNTHESIZER CLASS NAME': 'TVAESynthesizer', 'SYNTHESIZER ID': 'TVAESynthesizer_1.16.1_3567aa47f9e04be8a85e4dcd8bf202fd', 'TOTAL NUMBER OF TABLES': 1, 'TOTAL NUMBER OF ROWS': 240, 'TOTAL NUMBER OF COLUMNS': 27}
2025-03-22 16:40:44,617 - INFO - Model Training and Evaluation completed.
2025-03-22 16:40:45,451 - INFO -  Visualizations saved.
2025-03-22 16:40:45,451 - INFO -  Benchmarking Completed. Results saved in output folder.
