2025-05-08 18:55:56,948 - INFO - Loaded config file: configs/generated_configs/loan/loan_anon_k20_sl0p1_l2.yaml
2025-05-08 18:55:56,948 - INFO -  Benchmarking started for dataset: loan
2025-05-08 18:55:56,948 - INFO - Using dataset path: /mnt/NVMETank/Projects/Students/Dele/A-STUDY-INTO-THE-QUALITY-AND-USABILITY-OF-PRIVACY-FRIENDLY-SYNTHETIC-DATA/datasets/original/loan.csv
2025-05-08 18:55:56,948 - INFO - Target column: Loan_Status, separator: ','
2025-05-08 18:55:56,948 - INFO - Configuration loaded: enable_anonymization = True, enable_synthesis = False, enable_hybrid = True, enable_utility = True, delete_after_evaluation = False
2025-05-08 18:55:56,948 - INFO - Running preprocessing...
2025-05-08 18:55:56,953 - INFO -  [PREPROCESSING] Preprocessed files found. Skipping preprocessing.
2025-05-08 18:55:56,961 - INFO - Preprocessing completed. Rows before: 614, after: 336
2025-05-08 18:55:56,961 - INFO - Preprocessed data saved to: outputs/batch/loan_batch_2025-05-08_18-38-44/loan_anon_k20_sl0p1_l2/preprocessing_report.txt
2025-05-08 18:55:56,962 - INFO - enable_anonymization = True
2025-05-08 18:55:56,962 - INFO - Starting Anonymization Pipeline with output path: /mnt/NVMETank/Projects/Students/Dele/A-STUDY-INTO-THE-QUALITY-AND-USABILITY-OF-PRIVACY-FRIENDLY-SYNTHETIC-DATA/datasets/anonymized/loan_k20_l2_sup10_anonymized.csv.......
2025-05-08 18:55:56,966 - INFO -  [ANONYMIZATION] Executing run_anonymization, config_path : configs/generated_configs/loan/loan_anon_k20_sl0p1_l2.yaml...........
2025-05-08 18:55:56,966 - INFO -  [ANONYMIZATION] Using JAR file at /mnt/NVMETank/Projects/Students/Dele/A-STUDY-INTO-THE-QUALITY-AND-USABILITY-OF-PRIVACY-FRIENDLY-SYNTHETIC-DATA/src/anonymization/anonymARXij/bin/anonymARXij.jar to anonymize the dataset.
2025-05-08 18:55:58,076 - INFO -  [ANONYMIZATION] Anonimized file saved to : /mnt/NVMETank/Projects/Students/Dele/A-STUDY-INTO-THE-QUALITY-AND-USABILITY-OF-PRIVACY-FRIENDLY-SYNTHETIC-DATA/datasets/anonymized/loan_k20_l2_sup10_anonymized.csv
2025-05-08 18:55:58,076 - INFO -  [ANONYMIZATION] Java anonymization completed successfully.
2025-05-08 18:55:58,076 - INFO -  [ANONYMIZATION] Java STDOUT:
📄 Java received config path: /mnt/NVMETank/Projects/Students/Dele/A-STUDY-INTO-THE-QUALITY-AND-USABILITY-OF-PRIVACY-FRIENDLY-SYNTHETIC-DATA/configs/generated_configs/loan/loan_anon_k20_sl0p1_l2.yaml
🔹 Loading config from: /mnt/NVMETank/Projects/Students/Dele/A-STUDY-INTO-THE-QUALITY-AND-USABILITY-OF-PRIVACY-FRIENDLY-SYNTHETIC-DATA/configs/generated_configs/loan/loan_anon_k20_sl0p1_l2.yaml
Loading config from: /mnt/NVMETank/Projects/Students/Dele/A-STUDY-INTO-THE-QUALITY-AND-USABILITY-OF-PRIVACY-FRIENDLY-SYNTHETIC-DATA/configs/generated_configs/loan/loan_anon_k20_sl0p1_l2.yaml
📂 Dataset Path (from args): /mnt/NVMETank/Projects/Students/Dele/A-STUDY-INTO-THE-QUALITY-AND-USABILITY-OF-PRIVACY-FRIENDLY-SYNTHETIC-DATA/datasets/train/loan_train_raw.csv
🔹 Dataset Separator: ,
🔹 Suppression Limit: 0.1

🔹 Configured Attributes:
  ✅ Quasi-Identifier: Gender
  ✅ Quasi-Identifier: Married
  ✅ Quasi-Identifier: Education
  ✅ Quasi-Identifier: Dependents
  ✅ Quasi-Identifier: Self_Employed
  ✅ Quasi-Identifier: Property_Area
  ✅ Quasi-Identifier: Credit_History
  ✅ Quasi-Identifier: Loan_Amount_Term
  ✅ Sensitive Attribute: LoanAmount
  ✅ Insensitive Attribute: Loan_Status
  ✅ Insensitive Attribute: ApplicantIncome
  ✅ Insensitive Attribute: CoapplicantIncome

🔹 Defined Hierarchies:
  ✅ Property_Area -> /mnt/NVMETank/Projects/Students/Dele/A-STUDY-INTO-THE-QUALITY-AND-USABILITY-OF-PRIVACY-FRIENDLY-SYNTHETIC-DATA/src/anonymization/anonymARXij/src/hierarchies_loan/property_area.csv
  ✅ Self_Employed -> /mnt/NVMETank/Projects/Students/Dele/A-STUDY-INTO-THE-QUALITY-AND-USABILITY-OF-PRIVACY-FRIENDLY-SYNTHETIC-DATA/src/anonymization/anonymARXij/src/hierarchies_loan/self_employed.csv
  ✅ Credit_History -> /mnt/NVMETank/Projects/Students/Dele/A-STUDY-INTO-THE-QUALITY-AND-USABILITY-OF-PRIVACY-FRIENDLY-SYNTHETIC-DATA/src/anonymization/anonymARXij/src/hierarchies_loan/credit_history.csv
  ✅ Dependents -> /mnt/NVMETank/Projects/Students/Dele/A-STUDY-INTO-THE-QUALITY-AND-USABILITY-OF-PRIVACY-FRIENDLY-SYNTHETIC-DATA/src/anonymization/anonymARXij/src/hierarchies_loan/dependents.csv
  ✅ Education -> /mnt/NVMETank/Projects/Students/Dele/A-STUDY-INTO-THE-QUALITY-AND-USABILITY-OF-PRIVACY-FRIENDLY-SYNTHETIC-DATA/src/anonymization/anonymARXij/src/hierarchies_loan/education.csv
  ✅ Loan_Amount_Term -> /mnt/NVMETank/Projects/Students/Dele/A-STUDY-INTO-THE-QUALITY-AND-USABILITY-OF-PRIVACY-FRIENDLY-SYNTHETIC-DATA/src/anonymization/anonymARXij/src/hierarchies_loan/loan_amount_terms.csv
  ✅ Married -> /mnt/NVMETank/Projects/Students/Dele/A-STUDY-INTO-THE-QUALITY-AND-USABILITY-OF-PRIVACY-FRIENDLY-SYNTHETIC-DATA/src/anonymization/anonymARXij/src/hierarchies_loan/married.csv
  ✅ Gender -> /mnt/NVMETank/Projects/Students/Dele/A-STUDY-INTO-THE-QUALITY-AND-USABILITY-OF-PRIVACY-FRIENDLY-SYNTHETIC-DATA/src/anonymization/anonymARXij/src/hierarchies_loan/gender.csv
Java is searching for hierarchy file at: /mnt/NVMETank/Projects/Students/Dele/A-STUDY-INTO-THE-QUALITY-AND-USABILITY-OF-PRIVACY-FRIENDLY-SYNTHETIC-DATA/src/anonymization/anonymARXij/src/hierarchies_loan/property_area.csv
Java is searching for hierarchy file at: /mnt/NVMETank/Projects/Students/Dele/A-STUDY-INTO-THE-QUALITY-AND-USABILITY-OF-PRIVACY-FRIENDLY-SYNTHETIC-DATA/src/anonymization/anonymARXij/src/hierarchies_loan/self_employed.csv
Java is searching for hierarchy file at: /mnt/NVMETank/Projects/Students/Dele/A-STUDY-INTO-THE-QUALITY-AND-USABILITY-OF-PRIVACY-FRIENDLY-SYNTHETIC-DATA/src/anonymization/anonymARXij/src/hierarchies_loan/credit_history.csv
Java is searching for hierarchy file at: /mnt/NVMETank/Projects/Students/Dele/A-STUDY-INTO-THE-QUALITY-AND-USABILITY-OF-PRIVACY-FRIENDLY-SYNTHETIC-DATA/src/anonymization/anonymARXij/src/hierarchies_loan/dependents.csv
Java is searching for hierarchy file at: /mnt/NVMETank/Projects/Students/Dele/A-STUDY-INTO-THE-QUALITY-AND-USABILITY-OF-PRIVACY-FRIENDLY-SYNTHETIC-DATA/src/anonymization/anonymARXij/src/hierarchies_loan/education.csv
Java is searching for hierarchy file at: /mnt/NVMETank/Projects/Students/Dele/A-STUDY-INTO-THE-QUALITY-AND-USABILITY-OF-PRIVACY-FRIENDLY-SYNTHETIC-DATA/src/anonymization/anonymARXij/src/hierarchies_loan/loan_amount_terms.csv
Java is searching for hierarchy file at: /mnt/NVMETank/Projects/Students/Dele/A-STUDY-INTO-THE-QUALITY-AND-USABILITY-OF-PRIVACY-FRIENDLY-SYNTHETIC-DATA/src/anonymization/anonymARXij/src/hierarchies_loan/married.csv
Java is searching for hierarchy file at: /mnt/NVMETank/Projects/Students/Dele/A-STUDY-INTO-THE-QUALITY-AND-USABILITY-OF-PRIVACY-FRIENDLY-SYNTHETIC-DATA/src/anonymization/anonymARXij/src/hierarchies_loan/gender.csv
✓ Applied Entropy L-Diversity on: LoanAmount (l=2)
🔹 Privacy Models Configured
📂 Anonymized Output Path (from args): /mnt/NVMETank/Projects/Students/Dele/A-STUDY-INTO-THE-QUALITY-AND-USABILITY-OF-PRIVACY-FRIENDLY-SYNTHETIC-DATA/datasets/anonymized/loan_k20_l2_sup10_anonymized.csv
📂 Anonymized Output Path: /mnt/NVMETank/Projects/Students/Dele/A-STUDY-INTO-THE-QUALITY-AND-USABILITY-OF-PRIVACY-FRIENDLY-SYNTHETIC-DATA/datasets/anonymized/loan_k20_l2_sup10_anonymized.csv
✅ Anonymization completed. Output saved to: /mnt/NVMETank/Projects/Students/Dele/A-STUDY-INTO-THE-QUALITY-AND-USABILITY-OF-PRIVACY-FRIENDLY-SYNTHETIC-DATA/datasets/anonymized/loan_k20_l2_sup10_anonymized.csv
Anonymized Data Quality Metrics:
 - Ambiguity: 0.8927951345827587
 - AECS: 0.7726318944844125
 - Discernibility: 0.598223643789078
 - Granularity: 0.38202268289019103
 - MSE: 0.04507488479262678
 - Non-Uniform Entropy: 0.24338723386558747
 - Precision: 0.40755208333333326
 - Record-level SE: 0.25288940258536396
Equivalence Class Statistics:
 - Number of Classes: 4
 - Average Class Size: 78.25
Suppression Statistics:
 - Suppressed Records: 23
 - Suppression Percentage: 6.85%
2025-05-08 18:55:58,076 - INFO - Anonymized data saved to: /mnt/NVMETank/Projects/Students/Dele/A-STUDY-INTO-THE-QUALITY-AND-USABILITY-OF-PRIVACY-FRIENDLY-SYNTHETIC-DATA/datasets/anonymized/loan_k20_l2_sup10_anonymized.csv
2025-05-08 18:55:58,086 - INFO - Anonymous data report saved at: outputs/batch/loan_batch_2025-05-08_18-38-44/loan_anon_k20_sl0p1_l2/anonymous_data_report.txt
2025-05-08 18:55:58,086 - INFO -  [POSTPROCESSING] Postprocessing anonymized data: /mnt/NVMETank/Projects/Students/Dele/A-STUDY-INTO-THE-QUALITY-AND-USABILITY-OF-PRIVACY-FRIENDLY-SYNTHETIC-DATA/datasets/anonymized/loan_k20_l2_sup10_anonymized.csv
2025-05-08 18:55:58,087 - INFO -  [POSTPROCESSING] Loaded anonymized data: (336, 12)
2025-05-08 18:55:58,091 - INFO -  [POSTPROCESSING] Loaded fallback maps from training data. Categorical cols: 7, Numeric cols: 5
2025-05-08 18:55:58,092 - INFO -  [POSTPROCESSING] Normalizing anonymized data using ARX artifact cleaning and fallback values.
2025-05-08 18:55:58,106 - INFO -  [POSTPROCESSING] Normalized anonymized data saved to: /mnt/NVMETank/Projects/Students/Dele/A-STUDY-INTO-THE-QUALITY-AND-USABILITY-OF-PRIVACY-FRIENDLY-SYNTHETIC-DATA/datasets/anonymized/loan_k20_l2_sup10_anonymized_processed.csv
2025-05-08 18:55:58,115 - INFO -  [POSTPROCESSING] Binary Encoding applied to anonymized data. Encoded shape: (336, 19)
2025-05-08 18:55:58,118 - INFO -  [POSTPROCESSING] Encoded anonymized dataset saved to: /mnt/NVMETank/Projects/Students/Dele/A-STUDY-INTO-THE-QUALITY-AND-USABILITY-OF-PRIVACY-FRIENDLY-SYNTHETIC-DATA/datasets/anonymized/loan_k20_l2_sup10_anonymized_encoded.csv
2025-05-08 18:55:58,118 - INFO -  [POSTPROCESSING] Encoding map generated for anonymized data: 0 original categorical columns.
2025-05-08 18:55:58,118 - INFO - Postprocessing report saved at: outputs/batch/loan_batch_2025-05-08_18-38-44/loan_anon_k20_sl0p1_l2/postprocessing_report.txt
2025-05-08 18:55:58,118 - INFO - enable_synthetic_generation = False
2025-05-08 18:55:58,118 - INFO - Synthetic Data Generation Skipped (Disabled in Configuration).
2025-05-08 18:55:58,118 - INFO - Running Hybrid Pipeline...
2025-05-08 18:55:58,118 - INFO -  [HYBRID] Executing run_hybrid...
2025-05-08 18:55:58,118 - INFO -  [HYBRID] Looking for encoded anonymized data in /mnt/NVMETank/Projects/Students/Dele/A-STUDY-INTO-THE-QUALITY-AND-USABILITY-OF-PRIVACY-FRIENDLY-SYNTHETIC-DATA/datasets/anonymized/loan_k20_l2_sup10_anonymized_encoded.csv
2025-05-08 18:55:58,118 - INFO -  [HYBRID ] Loaded cached encoded anonymous data from /mnt/NVMETank/Projects/Students/Dele/A-STUDY-INTO-THE-QUALITY-AND-USABILITY-OF-PRIVACY-FRIENDLY-SYNTHETIC-DATA/datasets/anonymized/loan_k20_l2_sup10_anonymized_encoded.csv
2025-05-08 18:55:58,120 - INFO -  [HYBRID] Starting synthetic generation for hybrid pipeline...
2025-05-08 18:55:58,120 - INFO - Executing run_synthetic.....
2025-05-08 18:55:58,120 - INFO - [SYNTHETIC PIPELINE] executing run_synthetic for loan_k20_l2_sup10...
2025-05-08 18:55:58,120 - INFO - [SYNTHETIC] Processing dataset: loan_k20_l2_sup10
2025-05-08 18:55:58,120 - INFO - [SYNTHETIC] Original dataset size: 336 rows
2025-05-08 18:55:58,133 - INFO - Detected metadata:
2025-05-08 18:55:58,133 - INFO - {
    "METADATA_SPEC_VERSION": "SINGLE_TABLE_V1",
    "columns": {
        "Gender_0": {
            "sdtype": "categorical"
        },
        "Gender_1": {
            "sdtype": "categorical"
        },
        "Married_0": {
            "sdtype": "categorical"
        },
        "Married_1": {
            "sdtype": "categorical"
        },
        "Dependents_0": {
            "sdtype": "categorical"
        },
        "Dependents_1": {
            "sdtype": "categorical"
        },
        "Dependents_2": {
            "sdtype": "categorical"
        },
        "Education_0": {
            "sdtype": "categorical"
        },
        "Education_1": {
            "sdtype": "categorical"
        },
        "Self_Employed_0": {
            "sdtype": "categorical"
        },
        "Self_Employed_1": {
            "sdtype": "categorical"
        },
        "ApplicantIncome": {
            "sdtype": "numerical"
        },
        "CoapplicantIncome": {
            "sdtype": "numerical"
        },
        "LoanAmount": {
            "sdtype": "numerical"
        },
        "Loan_Amount_Term": {
            "sdtype": "categorical"
        },
        "Credit_History": {
            "sdtype": "categorical"
        },
        "Property_Area_0": {
            "sdtype": "categorical"
        },
        "Property_Area_1": {
            "sdtype": "categorical"
        },
        "Loan_Status": {
            "sdtype": "categorical"
        }
    }
}
2025-05-08 18:55:58,133 - INFO - [SYNTHETIC] Preparing synthesizer: CTGAN
2025-05-08 18:55:58,133 - INFO - [SYNTHETIC] Params from config: {'epochs': 300}
2025-05-08 18:55:58,133 - INFO -  [SYNTHETIC] No pre-trained synthesizer found
2025-05-08 18:55:58,133 - INFO - [SYNTHETIC] Training new CTGAN synthesizer from scratch...
2025-05-08 18:55:58,133 - WARNING - [FutureWarning] The 'SingleTableMetadata' is deprecated. Please use the new 'Metadata' class for synthesizers. (from /mnt/NVMETank/Projects/Students/Dele/A-STUDY-INTO-THE-QUALITY-AND-USABILITY-OF-PRIVACY-FRIENDLY-SYNTHETIC-DATA/.venv/lib/python3.12/site-packages/sdv/single_table/base.py:119)
2025-05-08 18:55:58,133 - WARNING - [UserWarning] We strongly recommend saving the metadata using 'save_to_json' for replicability in future SDV versions. (from /mnt/NVMETank/Projects/Students/Dele/A-STUDY-INTO-THE-QUALITY-AND-USABILITY-OF-PRIVACY-FRIENDLY-SYNTHETIC-DATA/.venv/lib/python3.12/site-packages/sdv/single_table/base.py:104)
2025-05-08 18:55:58,140 - INFO - {'EVENT': 'Instance', 'TIMESTAMP': datetime.datetime(2025, 5, 8, 18, 55, 58, 140178), 'SYNTHESIZER CLASS NAME': 'CTGANSynthesizer', 'SYNTHESIZER ID': 'CTGANSynthesizer_1.18.0_f68b542daa034601908d1cc13bcd337d'}
2025-05-08 18:55:58,140 - INFO - [SYNTHETIC] CTGAN initialized with epochs: 300
2025-05-08 18:55:58,140 - INFO - [SYNTHETIC] Training parameters for CTGAN: {}
2025-05-08 18:55:58,140 - INFO - [SYNTHETIC] fitting CTGAN 
2025-05-08 18:55:58,140 - INFO - {'EVENT': 'Fit', 'TIMESTAMP': datetime.datetime(2025, 5, 8, 18, 55, 58, 140420), 'SYNTHESIZER CLASS NAME': 'CTGANSynthesizer', 'SYNTHESIZER ID': 'CTGANSynthesizer_1.18.0_f68b542daa034601908d1cc13bcd337d', 'TOTAL NUMBER OF TABLES': 1, 'TOTAL NUMBER OF ROWS': 336, 'TOTAL NUMBER OF COLUMNS': 19}
2025-05-08 18:55:58,142 - INFO - Fitting table  metadata
2025-05-08 18:55:58,142 - INFO - Fitting formatters for table 
2025-05-08 18:55:58,144 - INFO - Fitting constraints for table 
2025-05-08 18:55:58,144 - INFO - Setting the configuration for the ``HyperTransformer`` for table 
2025-05-08 18:55:58,146 - INFO - Fitting HyperTransformer for table 
2025-05-08 18:55:58,162 - INFO - {'EVENT': 'Fit processed data', 'TIMESTAMP': datetime.datetime(2025, 5, 8, 18, 55, 58, 162438), 'SYNTHESIZER CLASS NAME': 'CTGANSynthesizer', 'SYNTHESIZER ID': 'CTGANSynthesizer_1.18.0_f68b542daa034601908d1cc13bcd337d', 'TOTAL NUMBER OF TABLES': 1, 'TOTAL NUMBER OF ROWS': 336, 'TOTAL NUMBER OF COLUMNS': 19}
2025-05-08 18:55:58,196 - INFO - Guidance: There are no missing values in column ApplicantIncome. Extra column not created.
2025-05-08 18:55:58,296 - INFO - Guidance: There are no missing values in column CoapplicantIncome. Extra column not created.
2025-05-08 18:55:58,330 - INFO - Guidance: There are no missing values in column LoanAmount. Extra column not created.
2025-05-08 18:56:20,386 - INFO - [SYNTHETIC] Fitting complete for CTGAN. Duration: 22.25 seconds.
2025-05-08 18:56:20,386 - INFO - [SYNTHETIC] CONFIRMATION CTGAN actually trained with epochs = 300
2025-05-08 18:56:20,386 - INFO - {'EVENT': 'Save', 'TIMESTAMP': datetime.datetime(2025, 5, 8, 18, 56, 20, 386805), 'SYNTHESIZER CLASS NAME': 'CTGANSynthesizer', 'SYNTHESIZER ID': 'CTGANSynthesizer_1.18.0_f68b542daa034601908d1cc13bcd337d'}
2025-05-08 18:56:20,429 - INFO - [SYNTHETIC] CTGAN trained and saved.
2025-05-08 18:56:20,429 - INFO - [SYNTHETIC] Preparing synthesizer: GaussianCopula
2025-05-08 18:56:20,429 - INFO - [SYNTHETIC] Params from config: {}
2025-05-08 18:56:20,429 - INFO -  [SYNTHETIC] No pre-trained synthesizer found
2025-05-08 18:56:20,429 - INFO - [SYNTHETIC] Training new GaussianCopula synthesizer from scratch...
2025-05-08 18:56:20,429 - WARNING - [FutureWarning] The 'SingleTableMetadata' is deprecated. Please use the new 'Metadata' class for synthesizers. (from /mnt/NVMETank/Projects/Students/Dele/A-STUDY-INTO-THE-QUALITY-AND-USABILITY-OF-PRIVACY-FRIENDLY-SYNTHETIC-DATA/.venv/lib/python3.12/site-packages/sdv/single_table/base.py:119)
2025-05-08 18:56:20,433 - INFO - {'EVENT': 'Instance', 'TIMESTAMP': datetime.datetime(2025, 5, 8, 18, 56, 20, 433782), 'SYNTHESIZER CLASS NAME': 'GaussianCopulaSynthesizer', 'SYNTHESIZER ID': 'GaussianCopulaSynthesizer_1.18.0_78e43ff6d4054aaa82354dfa860cf4af'}
2025-05-08 18:56:20,433 - INFO - [SYNTHETIC] fitting GaussianCopula 
2025-05-08 18:56:20,433 - INFO - {'EVENT': 'Fit', 'TIMESTAMP': datetime.datetime(2025, 5, 8, 18, 56, 20, 433975), 'SYNTHESIZER CLASS NAME': 'GaussianCopulaSynthesizer', 'SYNTHESIZER ID': 'GaussianCopulaSynthesizer_1.18.0_78e43ff6d4054aaa82354dfa860cf4af', 'TOTAL NUMBER OF TABLES': 1, 'TOTAL NUMBER OF ROWS': 336, 'TOTAL NUMBER OF COLUMNS': 19}
2025-05-08 18:56:20,435 - INFO - Fitting table  metadata
2025-05-08 18:56:20,436 - INFO - Fitting formatters for table 
2025-05-08 18:56:20,438 - INFO - Fitting constraints for table 
2025-05-08 18:56:20,438 - INFO - Setting the configuration for the ``HyperTransformer`` for table 
2025-05-08 18:56:20,448 - INFO - Fitting HyperTransformer for table 
2025-05-08 18:56:20,555 - INFO - {'EVENT': 'Fit processed data', 'TIMESTAMP': datetime.datetime(2025, 5, 8, 18, 56, 20, 555471), 'SYNTHESIZER CLASS NAME': 'GaussianCopulaSynthesizer', 'SYNTHESIZER ID': 'GaussianCopulaSynthesizer_1.18.0_78e43ff6d4054aaa82354dfa860cf4af', 'TOTAL NUMBER OF TABLES': 1, 'TOTAL NUMBER OF ROWS': 336, 'TOTAL NUMBER OF COLUMNS': 19}
2025-05-08 18:56:20,555 - INFO - Fitting GaussianMultivariate(distribution="{'Gender_0': <class 'copulas.univariate.beta.BetaUnivariate'>, 'Gender_1': <class 'copulas.univariate.beta.BetaUnivariate'>, 'Married_0': <class 'copulas.univariate.beta.BetaUnivariate'>, 'Married_1': <class 'copulas.univariate.beta.BetaUnivariate'>, 'Dependents_0': <class 'copulas.univariate.beta.BetaUnivariate'>, 'Dependents_1': <class 'copulas.univariate.beta.BetaUnivariate'>, 'Dependents_2': <class 'copulas.univariate.beta.BetaUnivariate'>, 'Education_0': <class 'copulas.univariate.beta.BetaUnivariate'>, 'Education_1': <class 'copulas.univariate.beta.BetaUnivariate'>, 'Self_Employed_0': <class 'copulas.univariate.beta.BetaUnivariate'>, 'Self_Employed_1': <class 'copulas.univariate.beta.BetaUnivariate'>, 'ApplicantIncome': <class 'copulas.univariate.beta.BetaUnivariate'>, 'CoapplicantIncome': <class 'copulas.univariate.beta.BetaUnivariate'>, 'LoanAmount': <class 'copulas.univariate.beta.BetaUnivariate'>, 'Loan_Amount_Term': <class 'copulas.univariate.beta.BetaUnivariate'>, 'Credit_History': <class 'copulas.univariate.beta.BetaUnivariate'>, 'Property_Area_0': <class 'copulas.univariate.beta.BetaUnivariate'>, 'Property_Area_1': <class 'copulas.univariate.beta.BetaUnivariate'>, 'Loan_Status': <class 'copulas.univariate.beta.BetaUnivariate'>}")
2025-05-08 18:56:21,162 - INFO - [SYNTHETIC] Fitting complete for GaussianCopula. Duration: 0.73 seconds.
2025-05-08 18:56:21,162 - WARNING - [SYNTHETIC] WARNING Could not determine actual epochs used for GaussianCopula
2025-05-08 18:56:21,162 - INFO - {'EVENT': 'Save', 'TIMESTAMP': datetime.datetime(2025, 5, 8, 18, 56, 21, 162419), 'SYNTHESIZER CLASS NAME': 'GaussianCopulaSynthesizer', 'SYNTHESIZER ID': 'GaussianCopulaSynthesizer_1.18.0_78e43ff6d4054aaa82354dfa860cf4af'}
2025-05-08 18:56:21,170 - INFO - [SYNTHETIC] GaussianCopula trained and saved.
2025-05-08 18:56:21,170 - INFO - [SYNTHETIC] Preparing synthesizer: TVAE
2025-05-08 18:56:21,170 - INFO - [SYNTHETIC] Params from config: {'epochs': 300}
2025-05-08 18:56:21,170 - INFO -  [SYNTHETIC] No pre-trained synthesizer found
2025-05-08 18:56:21,170 - INFO - [SYNTHETIC] Training new TVAE synthesizer from scratch...
2025-05-08 18:56:21,170 - WARNING - [FutureWarning] The 'SingleTableMetadata' is deprecated. Please use the new 'Metadata' class for synthesizers. (from /mnt/NVMETank/Projects/Students/Dele/A-STUDY-INTO-THE-QUALITY-AND-USABILITY-OF-PRIVACY-FRIENDLY-SYNTHETIC-DATA/.venv/lib/python3.12/site-packages/sdv/single_table/base.py:119)
2025-05-08 18:56:21,173 - INFO - {'EVENT': 'Instance', 'TIMESTAMP': datetime.datetime(2025, 5, 8, 18, 56, 21, 173008), 'SYNTHESIZER CLASS NAME': 'TVAESynthesizer', 'SYNTHESIZER ID': 'TVAESynthesizer_1.18.0_35dc49db8a0e4852be1be539699244fd'}
2025-05-08 18:56:21,173 - INFO - [SYNTHETIC] TVAE initialized with epochs: 300
2025-05-08 18:56:21,173 - INFO - [SYNTHETIC] Training parameters for TVAE: {}
2025-05-08 18:56:21,173 - INFO - [SYNTHETIC] fitting TVAE 
2025-05-08 18:56:21,173 - INFO - {'EVENT': 'Fit', 'TIMESTAMP': datetime.datetime(2025, 5, 8, 18, 56, 21, 173216), 'SYNTHESIZER CLASS NAME': 'TVAESynthesizer', 'SYNTHESIZER ID': 'TVAESynthesizer_1.18.0_35dc49db8a0e4852be1be539699244fd', 'TOTAL NUMBER OF TABLES': 1, 'TOTAL NUMBER OF ROWS': 336, 'TOTAL NUMBER OF COLUMNS': 19}
2025-05-08 18:56:21,174 - INFO - Fitting table  metadata
2025-05-08 18:56:21,174 - INFO - Fitting formatters for table 
2025-05-08 18:56:21,176 - INFO - Fitting constraints for table 
2025-05-08 18:56:21,176 - INFO - Setting the configuration for the ``HyperTransformer`` for table 
2025-05-08 18:56:21,177 - INFO - Fitting HyperTransformer for table 
2025-05-08 18:56:21,189 - INFO - {'EVENT': 'Fit processed data', 'TIMESTAMP': datetime.datetime(2025, 5, 8, 18, 56, 21, 189919), 'SYNTHESIZER CLASS NAME': 'TVAESynthesizer', 'SYNTHESIZER ID': 'TVAESynthesizer_1.18.0_35dc49db8a0e4852be1be539699244fd', 'TOTAL NUMBER OF TABLES': 1, 'TOTAL NUMBER OF ROWS': 336, 'TOTAL NUMBER OF COLUMNS': 19}
2025-05-08 18:56:21,203 - INFO - Guidance: There are no missing values in column ApplicantIncome. Extra column not created.
2025-05-08 18:56:21,287 - INFO - Guidance: There are no missing values in column CoapplicantIncome. Extra column not created.
2025-05-08 18:56:21,321 - INFO - Guidance: There are no missing values in column LoanAmount. Extra column not created.
2025-05-08 18:56:24,074 - INFO - [SYNTHETIC] Fitting complete for TVAE. Duration: 2.90 seconds.
2025-05-08 18:56:24,074 - INFO - [SYNTHETIC] CONFIRMATION TVAE actually trained with epochs = 300
2025-05-08 18:56:24,074 - INFO - {'EVENT': 'Save', 'TIMESTAMP': datetime.datetime(2025, 5, 8, 18, 56, 24, 74476), 'SYNTHESIZER CLASS NAME': 'TVAESynthesizer', 'SYNTHESIZER ID': 'TVAESynthesizer_1.18.0_35dc49db8a0e4852be1be539699244fd'}
2025-05-08 18:56:24,102 - INFO - [SYNTHETIC] TVAE trained and saved.
2025-05-08 18:56:24,102 - INFO - [SYNTHETIC] Using CTGAN to generate 336 rows...
2025-05-08 18:56:24,158 - INFO - {'EVENT': 'Sample', 'TIMESTAMP': datetime.datetime(2025, 5, 8, 18, 56, 24, 102299), 'SYNTHESIZER CLASS NAME': 'CTGANSynthesizer', 'SYNTHESIZER ID': 'CTGANSynthesizer_1.18.0_f68b542daa034601908d1cc13bcd337d', 'TOTAL NUMBER OF TABLES': 1, 'TOTAL NUMBER OF ROWS': 336, 'TOTAL NUMBER OF COLUMNS': 19}
2025-05-08 18:56:24,158 - INFO - [SYNTHETIC] CTGAN completed: 336 rows generated.
2025-05-08 18:56:24,159 - INFO - [SYNTHETIC] Target class distribution for CTGAN: {'Y': 207, 'N': 129}
2025-05-08 18:56:24,159 - INFO - [SYNTHETIC] Using GaussianCopula to generate 336 rows...
2025-05-08 18:56:24,225 - INFO - {'EVENT': 'Sample', 'TIMESTAMP': datetime.datetime(2025, 5, 8, 18, 56, 24, 159331), 'SYNTHESIZER CLASS NAME': 'GaussianCopulaSynthesizer', 'SYNTHESIZER ID': 'GaussianCopulaSynthesizer_1.18.0_78e43ff6d4054aaa82354dfa860cf4af', 'TOTAL NUMBER OF TABLES': 1, 'TOTAL NUMBER OF ROWS': 336, 'TOTAL NUMBER OF COLUMNS': 19}
2025-05-08 18:56:24,225 - INFO - [SYNTHETIC] GaussianCopula completed: 336 rows generated.
2025-05-08 18:56:24,226 - INFO - [SYNTHETIC] Target class distribution for GaussianCopula: {'Y': 209, 'N': 127}
2025-05-08 18:56:24,226 - INFO - [SYNTHETIC] Using TVAE to generate 336 rows...
2025-05-08 18:56:24,283 - INFO - {'EVENT': 'Sample', 'TIMESTAMP': datetime.datetime(2025, 5, 8, 18, 56, 24, 226336), 'SYNTHESIZER CLASS NAME': 'TVAESynthesizer', 'SYNTHESIZER ID': 'TVAESynthesizer_1.18.0_35dc49db8a0e4852be1be539699244fd', 'TOTAL NUMBER OF TABLES': 1, 'TOTAL NUMBER OF ROWS': 336, 'TOTAL NUMBER OF COLUMNS': 19}
2025-05-08 18:56:24,283 - INFO - [SYNTHETIC] TVAE completed: 336 rows generated.
2025-05-08 18:56:24,283 - INFO - [SYNTHETIC] Target class distribution for TVAE: {'Y': 336}
2025-05-08 18:56:24,284 - INFO - [SYNTHETIC PIPELINE] Synthetic Data Generation Completed.
2025-05-08 18:56:24,284 - INFO - [SYNTHETIC PIPELINE] Synthesizers used: ['CTGAN', 'GaussianCopula', 'TVAE']
2025-05-08 18:56:24,284 - INFO - [SYNTHETIC PIPELINE] Evaluating synthetic dataset generated by CTGAN...
2025-05-08 18:56:24,284 - INFO - [SYNTHETIC EVAL] Real data columns     (19): ['Gender_0', 'Gender_1', 'Married_0', 'Married_1', 'Dependents_0', 'Dependents_1', 'Dependents_2', 'Education_0', 'Education_1', 'Self_Employed_0', 'Self_Employed_1', 'ApplicantIncome', 'CoapplicantIncome', 'LoanAmount', 'Loan_Amount_Term', 'Credit_History', 'Property_Area_0', 'Property_Area_1', 'Loan_Status']
2025-05-08 18:56:24,284 - INFO - [SYNTHETIC EVAL] Synthetic data columns (19): ['Gender_0', 'Gender_1', 'Married_0', 'Married_1', 'Dependents_0', 'Dependents_1', 'Dependents_2', 'Education_0', 'Education_1', 'Self_Employed_0', 'Self_Employed_1', 'ApplicantIncome', 'CoapplicantIncome', 'LoanAmount', 'Loan_Amount_Term', 'Credit_History', 'Property_Area_0', 'Property_Area_1', 'Loan_Status']
2025-05-08 18:56:24,284 - INFO - [SYNTHETIC EVAL] Metadata columns      (19): ['Gender_0', 'Gender_1', 'Married_0', 'Married_1', 'Dependents_0', 'Dependents_1', 'Dependents_2', 'Education_0', 'Education_1', 'Self_Employed_0', 'Self_Employed_1', 'ApplicantIncome', 'CoapplicantIncome', 'LoanAmount', 'Loan_Amount_Term', 'Credit_History', 'Property_Area_0', 'Property_Area_1', 'Loan_Status']
2025-05-08 18:56:24,284 - INFO - [SYNTHETIC EVAL] Shape — Real: (336, 19), Synthetic: (336, 19)
2025-05-08 18:56:24,284 - INFO - [SYNTHETIC EVAL] Metadata structure:
{
  "METADATA_SPEC_VERSION": "SINGLE_TABLE_V1",
  "columns": {
    "Gender_0": {
      "sdtype": "categorical"
    },
    "Gender_1": {
      "sdtype": "categorical"
    },
    "Married_0": {
      "sdtype": "categorical"
    },
    "Married_1": {
      "sdtype": "categorical"
    },
    "Dependents_0": {
      "sdtype": "categorical"
    },
    "Dependents_1": {
      "sdtype": "categorical"
    },
    "Dependents_2": {
      "sdtype": "categorical"
    },
    "Education_0": {
      "sdtype": "categorical"
    },
    "Education_1": {
      "sdtype": "categorical"
    },
    "Self_Employed_0": {
      "sdtype": "categorical"
    },
    "Self_Employed_1": {
      "sdtype": "categorical"
    },
    "ApplicantIncome": {
      "sdtype": "numerical"
    },
    "CoapplicantIncome": {
      "sdtype": "numerical"
    },
    "LoanAmount": {
      "sdtype": "numerical"
    },
    "Loan_Amount_Term": {
      "sdtype": "categorical"
    },
    "Credit_History": {
      "sdtype": "categorical"
    },
    "Property_Area_0": {
      "sdtype": "categorical"
    },
    "Property_Area_1": {
      "sdtype": "categorical"
    },
    "Loan_Status": {
      "sdtype": "categorical"
    }
  }
}
2025-05-08 18:56:24,706 - INFO - [SYNTHETIC PIPELINE] Evaluating synthetic dataset generated by GaussianCopula...
2025-05-08 18:56:24,706 - INFO - [SYNTHETIC EVAL] Real data columns     (19): ['Gender_0', 'Gender_1', 'Married_0', 'Married_1', 'Dependents_0', 'Dependents_1', 'Dependents_2', 'Education_0', 'Education_1', 'Self_Employed_0', 'Self_Employed_1', 'ApplicantIncome', 'CoapplicantIncome', 'LoanAmount', 'Loan_Amount_Term', 'Credit_History', 'Property_Area_0', 'Property_Area_1', 'Loan_Status']
2025-05-08 18:56:24,706 - INFO - [SYNTHETIC EVAL] Synthetic data columns (19): ['Gender_0', 'Gender_1', 'Married_0', 'Married_1', 'Dependents_0', 'Dependents_1', 'Dependents_2', 'Education_0', 'Education_1', 'Self_Employed_0', 'Self_Employed_1', 'ApplicantIncome', 'CoapplicantIncome', 'LoanAmount', 'Loan_Amount_Term', 'Credit_History', 'Property_Area_0', 'Property_Area_1', 'Loan_Status']
2025-05-08 18:56:24,706 - INFO - [SYNTHETIC EVAL] Metadata columns      (19): ['Gender_0', 'Gender_1', 'Married_0', 'Married_1', 'Dependents_0', 'Dependents_1', 'Dependents_2', 'Education_0', 'Education_1', 'Self_Employed_0', 'Self_Employed_1', 'ApplicantIncome', 'CoapplicantIncome', 'LoanAmount', 'Loan_Amount_Term', 'Credit_History', 'Property_Area_0', 'Property_Area_1', 'Loan_Status']
2025-05-08 18:56:24,706 - INFO - [SYNTHETIC EVAL] Shape — Real: (336, 19), Synthetic: (336, 19)
2025-05-08 18:56:24,707 - INFO - [SYNTHETIC EVAL] Metadata structure:
{
  "METADATA_SPEC_VERSION": "SINGLE_TABLE_V1",
  "columns": {
    "Gender_0": {
      "sdtype": "categorical"
    },
    "Gender_1": {
      "sdtype": "categorical"
    },
    "Married_0": {
      "sdtype": "categorical"
    },
    "Married_1": {
      "sdtype": "categorical"
    },
    "Dependents_0": {
      "sdtype": "categorical"
    },
    "Dependents_1": {
      "sdtype": "categorical"
    },
    "Dependents_2": {
      "sdtype": "categorical"
    },
    "Education_0": {
      "sdtype": "categorical"
    },
    "Education_1": {
      "sdtype": "categorical"
    },
    "Self_Employed_0": {
      "sdtype": "categorical"
    },
    "Self_Employed_1": {
      "sdtype": "categorical"
    },
    "ApplicantIncome": {
      "sdtype": "numerical"
    },
    "CoapplicantIncome": {
      "sdtype": "numerical"
    },
    "LoanAmount": {
      "sdtype": "numerical"
    },
    "Loan_Amount_Term": {
      "sdtype": "categorical"
    },
    "Credit_History": {
      "sdtype": "categorical"
    },
    "Property_Area_0": {
      "sdtype": "categorical"
    },
    "Property_Area_1": {
      "sdtype": "categorical"
    },
    "Loan_Status": {
      "sdtype": "categorical"
    }
  }
}
2025-05-08 18:56:25,194 - INFO - [SYNTHETIC PIPELINE] Evaluating synthetic dataset generated by TVAE...
2025-05-08 18:56:25,195 - INFO - [SYNTHETIC EVAL] Real data columns     (19): ['Gender_0', 'Gender_1', 'Married_0', 'Married_1', 'Dependents_0', 'Dependents_1', 'Dependents_2', 'Education_0', 'Education_1', 'Self_Employed_0', 'Self_Employed_1', 'ApplicantIncome', 'CoapplicantIncome', 'LoanAmount', 'Loan_Amount_Term', 'Credit_History', 'Property_Area_0', 'Property_Area_1', 'Loan_Status']
2025-05-08 18:56:25,195 - INFO - [SYNTHETIC EVAL] Synthetic data columns (19): ['Gender_0', 'Gender_1', 'Married_0', 'Married_1', 'Dependents_0', 'Dependents_1', 'Dependents_2', 'Education_0', 'Education_1', 'Self_Employed_0', 'Self_Employed_1', 'ApplicantIncome', 'CoapplicantIncome', 'LoanAmount', 'Loan_Amount_Term', 'Credit_History', 'Property_Area_0', 'Property_Area_1', 'Loan_Status']
2025-05-08 18:56:25,195 - INFO - [SYNTHETIC EVAL] Metadata columns      (19): ['Gender_0', 'Gender_1', 'Married_0', 'Married_1', 'Dependents_0', 'Dependents_1', 'Dependents_2', 'Education_0', 'Education_1', 'Self_Employed_0', 'Self_Employed_1', 'ApplicantIncome', 'CoapplicantIncome', 'LoanAmount', 'Loan_Amount_Term', 'Credit_History', 'Property_Area_0', 'Property_Area_1', 'Loan_Status']
2025-05-08 18:56:25,195 - INFO - [SYNTHETIC EVAL] Shape — Real: (336, 19), Synthetic: (336, 19)
2025-05-08 18:56:25,195 - INFO - [SYNTHETIC EVAL] Metadata structure:
{
  "METADATA_SPEC_VERSION": "SINGLE_TABLE_V1",
  "columns": {
    "Gender_0": {
      "sdtype": "categorical"
    },
    "Gender_1": {
      "sdtype": "categorical"
    },
    "Married_0": {
      "sdtype": "categorical"
    },
    "Married_1": {
      "sdtype": "categorical"
    },
    "Dependents_0": {
      "sdtype": "categorical"
    },
    "Dependents_1": {
      "sdtype": "categorical"
    },
    "Dependents_2": {
      "sdtype": "categorical"
    },
    "Education_0": {
      "sdtype": "categorical"
    },
    "Education_1": {
      "sdtype": "categorical"
    },
    "Self_Employed_0": {
      "sdtype": "categorical"
    },
    "Self_Employed_1": {
      "sdtype": "categorical"
    },
    "ApplicantIncome": {
      "sdtype": "numerical"
    },
    "CoapplicantIncome": {
      "sdtype": "numerical"
    },
    "LoanAmount": {
      "sdtype": "numerical"
    },
    "Loan_Amount_Term": {
      "sdtype": "categorical"
    },
    "Credit_History": {
      "sdtype": "categorical"
    },
    "Property_Area_0": {
      "sdtype": "categorical"
    },
    "Property_Area_1": {
      "sdtype": "categorical"
    },
    "Loan_Status": {
      "sdtype": "categorical"
    }
  }
}
2025-05-08 18:56:25,658 - INFO -  [SYNTHETIC PIPELINE]  Synthetic Data Evaluation Completed.
2025-05-08 18:56:25,666 - INFO -  [SYNTHETIC PIPELINE] Synthetic Data Report Generated Successfully.
2025-05-08 18:56:25,770 - INFO - [HYBRID] Generated hybrid dataset shape for CTGAN: (336, 19)
2025-05-08 18:56:25,770 - INFO - [HYBRID] Target distribution for CTGAN: {'Y': 207, 'N': 129}
2025-05-08 18:56:25,772 - INFO -  [HYBRID] Saved hybrid dataset to /mnt/NVMETank/Projects/Students/Dele/A-STUDY-INTO-THE-QUALITY-AND-USABILITY-OF-PRIVACY-FRIENDLY-SYNTHETIC-DATA/datasets/hybrid/loan_k20_l2_sup10_CTGAN_HYBRID.csv
2025-05-08 18:56:25,772 - INFO - [HYBRID] Generated hybrid dataset shape for GaussianCopula: (336, 19)
2025-05-08 18:56:25,772 - INFO - [HYBRID] Target distribution for GaussianCopula: {'Y': 209, 'N': 127}
2025-05-08 18:56:25,774 - INFO -  [HYBRID] Saved hybrid dataset to /mnt/NVMETank/Projects/Students/Dele/A-STUDY-INTO-THE-QUALITY-AND-USABILITY-OF-PRIVACY-FRIENDLY-SYNTHETIC-DATA/datasets/hybrid/loan_k20_l2_sup10_GaussianCopula_HYBRID.csv
2025-05-08 18:56:25,774 - INFO - [HYBRID] Generated hybrid dataset shape for TVAE: (336, 19)
2025-05-08 18:56:25,774 - INFO - [HYBRID] Target distribution for TVAE: {'Y': 336}
2025-05-08 18:56:25,776 - INFO -  [HYBRID] Saved hybrid dataset to /mnt/NVMETank/Projects/Students/Dele/A-STUDY-INTO-THE-QUALITY-AND-USABILITY-OF-PRIVACY-FRIENDLY-SYNTHETIC-DATA/datasets/hybrid/loan_k20_l2_sup10_TVAE_HYBRID.csv
2025-05-08 18:56:25,776 - INFO -  [HYBRID] Hybrid pipeline complete — 3 dataset(s) ready.
2025-05-08 18:56:25,776 - INFO - [HYBRID] Total rows across all hybrid datasets: 1008
2025-05-08 18:56:25,776 - INFO - Hybrid pipeline completed successfully.
2025-05-08 18:56:25,776 - INFO - Hybrid pipeline duration: 27.66 seconds
2025-05-08 18:56:25,776 - INFO - Starting Utility...
2025-05-08 18:56:25,776 - INFO - [UTILITY] Preparing datasets for machine learning...
2025-05-08 18:56:25,776 - INFO - [UTILITY] Original Data - Training Size: 336, Testing Size: 144
2025-05-08 18:56:25,777 - INFO - [UTILITY] Target class distribution (Original): {'Y': 232, 'N': 104}
2025-05-08 18:56:25,777 - INFO - [UTILITY] Processing anonymized dataset...
2025-05-08 18:56:25,777 - INFO - [UTILITY] Anonymized Data - Training Size: 336
2025-05-08 18:56:25,777 - INFO - [UTILITY] Target class distribution (Anonymous): {'Y': 232, 'N': 104}
2025-05-08 18:56:25,777 - INFO - [UTILITY] Processing hybrid dataset generated by CTGAN...
2025-05-08 18:56:25,778 - INFO - [UTILITY] Hybrid Data (CTGAN_HYBRID) - Training Size: 336
2025-05-08 18:56:25,778 - INFO - [UTILITY] Target class distribution (CTGAN_HYBRID): {'Y': 207, 'N': 129}
2025-05-08 18:56:25,778 - INFO - [UTILITY] Processing hybrid dataset generated by GaussianCopula...
2025-05-08 18:56:25,778 - INFO - [UTILITY] Hybrid Data (GaussianCopula_HYBRID) - Training Size: 336
2025-05-08 18:56:25,779 - INFO - [UTILITY] Target class distribution (GaussianCopula_HYBRID): {'Y': 209, 'N': 127}
2025-05-08 18:56:25,779 - WARNING -  Skipping hybrid dataset 'TVAE_HYBRID' - only one class in target.
2025-05-08 18:56:25,779 - INFO - [UTILITY] Training models on all datasets...
2025-05-08 18:56:25,779 - INFO - [UTILITY] Total datasets used for training: 4
2025-05-08 18:56:25,779 - INFO - [TRAINING] Training models from scratch...
2025-05-08 18:56:25,779 - INFO - [TRAINING] Starting training for dataset: Original — Rows: 336, Features: 18
2025-05-08 18:56:25,779 - INFO - [TRAINING] Training DecisionTree on Original...
2025-05-08 18:56:25,781 - INFO - [TRAINING] DecisionTree trained successfully on Original in 0.00 sec
2025-05-08 18:56:25,781 - INFO - [TRAINING] Training KNN on Original...
2025-05-08 18:56:25,782 - INFO - [TRAINING] KNN trained successfully on Original in 0.00 sec
2025-05-08 18:56:25,782 - INFO - [TRAINING] Training LogisticRegression on Original...
2025-05-08 18:56:25,786 - INFO - [TRAINING] LogisticRegression trained successfully on Original in 0.00 sec
2025-05-08 18:56:25,786 - INFO - [TRAINING] Training RandomForest on Original...
2025-05-08 18:56:25,877 - INFO - [TRAINING] RandomForest trained successfully on Original in 0.09 sec
2025-05-08 18:56:25,877 - INFO - [TRAINING] Training SVM on Original...
2025-05-08 18:56:25,881 - INFO - [TRAINING] SVM trained successfully on Original in 0.00 sec
2025-05-08 18:56:25,881 - INFO - [TRAINING] Finished training 5 model(s) for dataset: Original
2025-05-08 18:56:25,881 - INFO - [TRAINING] Starting training for dataset: Anonymous — Rows: 336, Features: 18
2025-05-08 18:56:25,881 - INFO - [TRAINING] Training DecisionTree on Anonymous...
2025-05-08 18:56:25,883 - INFO - [TRAINING] DecisionTree trained successfully on Anonymous in 0.00 sec
2025-05-08 18:56:25,883 - INFO - [TRAINING] Training KNN on Anonymous...
2025-05-08 18:56:25,885 - INFO - [TRAINING] KNN trained successfully on Anonymous in 0.00 sec
2025-05-08 18:56:25,885 - INFO - [TRAINING] Training LogisticRegression on Anonymous...
2025-05-08 18:56:25,888 - INFO - [TRAINING] LogisticRegression trained successfully on Anonymous in 0.00 sec
2025-05-08 18:56:25,888 - INFO - [TRAINING] Training RandomForest on Anonymous...
2025-05-08 18:56:25,977 - INFO - [TRAINING] RandomForest trained successfully on Anonymous in 0.09 sec
2025-05-08 18:56:25,977 - INFO - [TRAINING] Training SVM on Anonymous...
2025-05-08 18:56:25,981 - INFO - [TRAINING] SVM trained successfully on Anonymous in 0.00 sec
2025-05-08 18:56:25,981 - INFO - [TRAINING] Finished training 5 model(s) for dataset: Anonymous
2025-05-08 18:56:25,982 - INFO - [TRAINING] Starting training for dataset: CTGAN_HYBRID — Rows: 336, Features: 18
2025-05-08 18:56:25,982 - INFO - [TRAINING] Training DecisionTree on CTGAN_HYBRID...
2025-05-08 18:56:25,983 - INFO - [TRAINING] DecisionTree trained successfully on CTGAN_HYBRID in 0.00 sec
2025-05-08 18:56:25,983 - INFO - [TRAINING] Training KNN on CTGAN_HYBRID...
2025-05-08 18:56:25,985 - INFO - [TRAINING] KNN trained successfully on CTGAN_HYBRID in 0.00 sec
2025-05-08 18:56:25,985 - INFO - [TRAINING] Training LogisticRegression on CTGAN_HYBRID...
2025-05-08 18:56:25,988 - INFO - [TRAINING] LogisticRegression trained successfully on CTGAN_HYBRID in 0.00 sec
2025-05-08 18:56:25,988 - INFO - [TRAINING] Training RandomForest on CTGAN_HYBRID...
2025-05-08 18:56:26,099 - INFO - [TRAINING] RandomForest trained successfully on CTGAN_HYBRID in 0.11 sec
2025-05-08 18:56:26,099 - INFO - [TRAINING] Training SVM on CTGAN_HYBRID...
2025-05-08 18:56:26,103 - INFO - [TRAINING] SVM trained successfully on CTGAN_HYBRID in 0.00 sec
2025-05-08 18:56:26,104 - INFO - [TRAINING] Finished training 5 model(s) for dataset: CTGAN_HYBRID
2025-05-08 18:56:26,104 - INFO - [TRAINING] Starting training for dataset: GaussianCopula_HYBRID — Rows: 336, Features: 18
2025-05-08 18:56:26,104 - INFO - [TRAINING] Training DecisionTree on GaussianCopula_HYBRID...
2025-05-08 18:56:26,106 - INFO - [TRAINING] DecisionTree trained successfully on GaussianCopula_HYBRID in 0.00 sec
2025-05-08 18:56:26,106 - INFO - [TRAINING] Training KNN on GaussianCopula_HYBRID...
2025-05-08 18:56:26,107 - INFO - [TRAINING] KNN trained successfully on GaussianCopula_HYBRID in 0.00 sec
2025-05-08 18:56:26,107 - INFO - [TRAINING] Training LogisticRegression on GaussianCopula_HYBRID...
2025-05-08 18:56:26,110 - INFO - [TRAINING] LogisticRegression trained successfully on GaussianCopula_HYBRID in 0.00 sec
2025-05-08 18:56:26,111 - INFO - [TRAINING] Training RandomForest on GaussianCopula_HYBRID...
2025-05-08 18:56:26,205 - INFO - [TRAINING] RandomForest trained successfully on GaussianCopula_HYBRID in 0.09 sec
2025-05-08 18:56:26,205 - INFO - [TRAINING] Training SVM on GaussianCopula_HYBRID...
2025-05-08 18:56:26,211 - INFO - [TRAINING] SVM trained successfully on GaussianCopula_HYBRID in 0.01 sec
2025-05-08 18:56:26,211 - INFO - [TRAINING] Finished training 5 model(s) for dataset: GaussianCopula_HYBRID
2025-05-08 18:56:26,211 - INFO - [TRAINING] Total models trained across all datasets: 20
2025-05-08 18:56:26,211 - INFO - [UTILITY] Trained model names: ['Original', 'Anonymous', 'CTGAN_HYBRID', 'GaussianCopula_HYBRID']
2025-05-08 18:56:26,211 - INFO - [UTILITY] Model Training Completed.
2025-05-08 18:56:26,211 - INFO - Starting the Evaluating of models...
2025-05-08 18:56:26,211 - INFO - Preparing evaluation for model 'DecisionTree' across all datasets...
2025-05-08 18:56:26,211 - INFO - Evaluating DecisionTree on Original...
2025-05-08 18:56:26,213 - INFO - Predictions completed for DecisionTree on Original
2025-05-08 18:56:26,214 - INFO - Prediction distribution for DecisionTree on Original: {'Y': 89, 'N': 55}
2025-05-08 18:56:26,230 - INFO - Computed 8 metric(s) for DecisionTree on Original
2025-05-08 18:56:26,230 - INFO - Evaluating DecisionTree on Anonymous...
2025-05-08 18:56:26,232 - INFO - Predictions completed for DecisionTree on Anonymous
2025-05-08 18:56:26,232 - INFO - Prediction distribution for DecisionTree on Anonymous: {'Y': 80, 'N': 64}
2025-05-08 18:56:26,246 - INFO - Computed 8 metric(s) for DecisionTree on Anonymous
2025-05-08 18:56:26,246 - INFO - Evaluating DecisionTree on CTGAN_HYBRID...
2025-05-08 18:56:26,247 - INFO - Predictions completed for DecisionTree on CTGAN_HYBRID
2025-05-08 18:56:26,247 - INFO - Prediction distribution for DecisionTree on CTGAN_HYBRID: {'N': 79, 'Y': 65}
2025-05-08 18:56:26,256 - INFO - Computed 8 metric(s) for DecisionTree on CTGAN_HYBRID
2025-05-08 18:56:26,257 - INFO - Evaluating DecisionTree on GaussianCopula_HYBRID...
2025-05-08 18:56:26,258 - INFO - Predictions completed for DecisionTree on GaussianCopula_HYBRID
2025-05-08 18:56:26,258 - INFO - Prediction distribution for DecisionTree on GaussianCopula_HYBRID: {'N': 85, 'Y': 59}
2025-05-08 18:56:26,268 - INFO - Computed 8 metric(s) for DecisionTree on GaussianCopula_HYBRID
2025-05-08 18:56:26,268 - INFO - Preparing evaluation for model 'KNN' across all datasets...
2025-05-08 18:56:26,268 - INFO - Evaluating KNN on Original...
2025-05-08 18:56:26,275 - INFO - Predictions completed for KNN on Original
2025-05-08 18:56:26,275 - INFO - Prediction distribution for KNN on Original: {'Y': 115, 'N': 29}
2025-05-08 18:56:26,288 - INFO - Computed 8 metric(s) for KNN on Original
2025-05-08 18:56:26,288 - INFO - Evaluating KNN on Anonymous...
2025-05-08 18:56:26,299 - INFO - Predictions completed for KNN on Anonymous
2025-05-08 18:56:26,300 - INFO - Prediction distribution for KNN on Anonymous: {'Y': 114, 'N': 30}
2025-05-08 18:56:26,312 - INFO - Computed 8 metric(s) for KNN on Anonymous
2025-05-08 18:56:26,312 - INFO - Evaluating KNN on CTGAN_HYBRID...
2025-05-08 18:56:26,321 - INFO - Predictions completed for KNN on CTGAN_HYBRID
2025-05-08 18:56:26,321 - INFO - Prediction distribution for KNN on CTGAN_HYBRID: {'Y': 111, 'N': 33}
2025-05-08 18:56:26,333 - INFO - Computed 8 metric(s) for KNN on CTGAN_HYBRID
2025-05-08 18:56:26,333 - INFO - Evaluating KNN on GaussianCopula_HYBRID...
2025-05-08 18:56:26,338 - INFO - Predictions completed for KNN on GaussianCopula_HYBRID
2025-05-08 18:56:26,339 - INFO - Prediction distribution for KNN on GaussianCopula_HYBRID: {'Y': 83, 'N': 61}
2025-05-08 18:56:26,354 - INFO - Computed 8 metric(s) for KNN on GaussianCopula_HYBRID
2025-05-08 18:56:26,354 - INFO - Preparing evaluation for model 'LogisticRegression' across all datasets...
2025-05-08 18:56:26,354 - INFO - Evaluating LogisticRegression on Original...
2025-05-08 18:56:26,356 - INFO - Predictions completed for LogisticRegression on Original
2025-05-08 18:56:26,356 - INFO - Prediction distribution for LogisticRegression on Original: {'Y': 115, 'N': 29}
2025-05-08 18:56:26,365 - INFO - Computed 8 metric(s) for LogisticRegression on Original
2025-05-08 18:56:26,365 - INFO - Evaluating LogisticRegression on Anonymous...
2025-05-08 18:56:26,367 - INFO - Predictions completed for LogisticRegression on Anonymous
2025-05-08 18:56:26,368 - INFO - Prediction distribution for LogisticRegression on Anonymous: {'Y': 105, 'N': 39}
2025-05-08 18:56:26,378 - INFO - Computed 8 metric(s) for LogisticRegression on Anonymous
2025-05-08 18:56:26,378 - INFO - Evaluating LogisticRegression on CTGAN_HYBRID...
2025-05-08 18:56:26,380 - INFO - Predictions completed for LogisticRegression on CTGAN_HYBRID
2025-05-08 18:56:26,380 - INFO - Prediction distribution for LogisticRegression on CTGAN_HYBRID: {'Y': 94, 'N': 50}
2025-05-08 18:56:26,389 - INFO - Computed 8 metric(s) for LogisticRegression on CTGAN_HYBRID
2025-05-08 18:56:26,389 - INFO - Evaluating LogisticRegression on GaussianCopula_HYBRID...
2025-05-08 18:56:26,390 - INFO - Predictions completed for LogisticRegression on GaussianCopula_HYBRID
2025-05-08 18:56:26,391 - INFO - Prediction distribution for LogisticRegression on GaussianCopula_HYBRID: {'Y': 135, 'N': 9}
2025-05-08 18:56:26,404 - INFO - Computed 8 metric(s) for LogisticRegression on GaussianCopula_HYBRID
2025-05-08 18:56:26,404 - INFO - Preparing evaluation for model 'RandomForest' across all datasets...
2025-05-08 18:56:26,404 - INFO - Evaluating RandomForest on Original...
2025-05-08 18:56:26,409 - INFO - Predictions completed for RandomForest on Original
2025-05-08 18:56:26,410 - INFO - Prediction distribution for RandomForest on Original: {'Y': 108, 'N': 36}
2025-05-08 18:56:26,428 - INFO - Computed 8 metric(s) for RandomForest on Original
2025-05-08 18:56:26,428 - INFO - Evaluating RandomForest on Anonymous...
2025-05-08 18:56:26,434 - INFO - Predictions completed for RandomForest on Anonymous
2025-05-08 18:56:26,434 - INFO - Prediction distribution for RandomForest on Anonymous: {'Y': 99, 'N': 45}
2025-05-08 18:56:26,452 - INFO - Computed 8 metric(s) for RandomForest on Anonymous
2025-05-08 18:56:26,452 - INFO - Evaluating RandomForest on CTGAN_HYBRID...
2025-05-08 18:56:26,457 - INFO - Predictions completed for RandomForest on CTGAN_HYBRID
2025-05-08 18:56:26,457 - INFO - Prediction distribution for RandomForest on CTGAN_HYBRID: {'Y': 109, 'N': 35}
2025-05-08 18:56:26,475 - INFO - Computed 8 metric(s) for RandomForest on CTGAN_HYBRID
2025-05-08 18:56:26,475 - INFO - Evaluating RandomForest on GaussianCopula_HYBRID...
2025-05-08 18:56:26,480 - INFO - Predictions completed for RandomForest on GaussianCopula_HYBRID
2025-05-08 18:56:26,480 - INFO - Prediction distribution for RandomForest on GaussianCopula_HYBRID: {'Y': 94, 'N': 50}
2025-05-08 18:56:26,498 - INFO - Computed 8 metric(s) for RandomForest on GaussianCopula_HYBRID
2025-05-08 18:56:26,498 - INFO - Preparing evaluation for model 'SVM' across all datasets...
2025-05-08 18:56:26,498 - INFO - Evaluating SVM on Original...
2025-05-08 18:56:26,500 - INFO - Predictions completed for SVM on Original
2025-05-08 18:56:26,500 - INFO - Prediction distribution for SVM on Original: {'Y': 144}
2025-05-08 18:56:26,500 - WARNING -  [WARNING] :SVM on Original predicted only one class: {'Y'}
2025-05-08 18:56:26,502 - WARNING - [UndefinedMetricWarning] Precision is ill-defined and being set to 0.0 in labels with no predicted samples. Use `zero_division` parameter to control this behavior. (from /mnt/NVMETank/Projects/Students/Dele/A-STUDY-INTO-THE-QUALITY-AND-USABILITY-OF-PRIVACY-FRIENDLY-SYNTHETIC-DATA/.venv/lib/python3.12/site-packages/sklearn/metrics/_classification.py:1565)
2025-05-08 18:56:26,503 - WARNING - [UndefinedMetricWarning] Precision is ill-defined and being set to 0.0 in labels with no predicted samples. Use `zero_division` parameter to control this behavior. (from /mnt/NVMETank/Projects/Students/Dele/A-STUDY-INTO-THE-QUALITY-AND-USABILITY-OF-PRIVACY-FRIENDLY-SYNTHETIC-DATA/.venv/lib/python3.12/site-packages/sklearn/metrics/_classification.py:1565)
2025-05-08 18:56:26,505 - WARNING - [UndefinedMetricWarning] Precision is ill-defined and being set to 0.0 in labels with no predicted samples. Use `zero_division` parameter to control this behavior. (from /mnt/NVMETank/Projects/Students/Dele/A-STUDY-INTO-THE-QUALITY-AND-USABILITY-OF-PRIVACY-FRIENDLY-SYNTHETIC-DATA/.venv/lib/python3.12/site-packages/sklearn/metrics/_classification.py:1565)
2025-05-08 18:56:26,506 - INFO - Computed 8 metric(s) for SVM on Original
2025-05-08 18:56:26,506 - INFO - Evaluating SVM on Anonymous...
2025-05-08 18:56:26,508 - INFO - Predictions completed for SVM on Anonymous
2025-05-08 18:56:26,509 - INFO - Prediction distribution for SVM on Anonymous: {'Y': 144}
2025-05-08 18:56:26,509 - WARNING -  [WARNING] :SVM on Anonymous predicted only one class: {'Y'}
2025-05-08 18:56:26,510 - WARNING - [UndefinedMetricWarning] Precision is ill-defined and being set to 0.0 in labels with no predicted samples. Use `zero_division` parameter to control this behavior. (from /mnt/NVMETank/Projects/Students/Dele/A-STUDY-INTO-THE-QUALITY-AND-USABILITY-OF-PRIVACY-FRIENDLY-SYNTHETIC-DATA/.venv/lib/python3.12/site-packages/sklearn/metrics/_classification.py:1565)
2025-05-08 18:56:26,512 - WARNING - [UndefinedMetricWarning] Precision is ill-defined and being set to 0.0 in labels with no predicted samples. Use `zero_division` parameter to control this behavior. (from /mnt/NVMETank/Projects/Students/Dele/A-STUDY-INTO-THE-QUALITY-AND-USABILITY-OF-PRIVACY-FRIENDLY-SYNTHETIC-DATA/.venv/lib/python3.12/site-packages/sklearn/metrics/_classification.py:1565)
2025-05-08 18:56:26,513 - WARNING - [UndefinedMetricWarning] Precision is ill-defined and being set to 0.0 in labels with no predicted samples. Use `zero_division` parameter to control this behavior. (from /mnt/NVMETank/Projects/Students/Dele/A-STUDY-INTO-THE-QUALITY-AND-USABILITY-OF-PRIVACY-FRIENDLY-SYNTHETIC-DATA/.venv/lib/python3.12/site-packages/sklearn/metrics/_classification.py:1565)
2025-05-08 18:56:26,514 - INFO - Computed 8 metric(s) for SVM on Anonymous
2025-05-08 18:56:26,515 - INFO - Evaluating SVM on CTGAN_HYBRID...
2025-05-08 18:56:26,517 - INFO - Predictions completed for SVM on CTGAN_HYBRID
2025-05-08 18:56:26,517 - INFO - Prediction distribution for SVM on CTGAN_HYBRID: {'Y': 143, 'N': 1}
2025-05-08 18:56:26,523 - INFO - Computed 8 metric(s) for SVM on CTGAN_HYBRID
2025-05-08 18:56:26,523 - INFO - Evaluating SVM on GaussianCopula_HYBRID...
2025-05-08 18:56:26,525 - INFO - Predictions completed for SVM on GaussianCopula_HYBRID
2025-05-08 18:56:26,526 - INFO - Prediction distribution for SVM on GaussianCopula_HYBRID: {'Y': 144}
2025-05-08 18:56:26,526 - WARNING -  [WARNING] :SVM on GaussianCopula_HYBRID predicted only one class: {'Y'}
2025-05-08 18:56:26,528 - WARNING - [UndefinedMetricWarning] Precision is ill-defined and being set to 0.0 in labels with no predicted samples. Use `zero_division` parameter to control this behavior. (from /mnt/NVMETank/Projects/Students/Dele/A-STUDY-INTO-THE-QUALITY-AND-USABILITY-OF-PRIVACY-FRIENDLY-SYNTHETIC-DATA/.venv/lib/python3.12/site-packages/sklearn/metrics/_classification.py:1565)
2025-05-08 18:56:26,529 - WARNING - [UndefinedMetricWarning] Precision is ill-defined and being set to 0.0 in labels with no predicted samples. Use `zero_division` parameter to control this behavior. (from /mnt/NVMETank/Projects/Students/Dele/A-STUDY-INTO-THE-QUALITY-AND-USABILITY-OF-PRIVACY-FRIENDLY-SYNTHETIC-DATA/.venv/lib/python3.12/site-packages/sklearn/metrics/_classification.py:1565)
2025-05-08 18:56:26,530 - WARNING - [UndefinedMetricWarning] Precision is ill-defined and being set to 0.0 in labels with no predicted samples. Use `zero_division` parameter to control this behavior. (from /mnt/NVMETank/Projects/Students/Dele/A-STUDY-INTO-THE-QUALITY-AND-USABILITY-OF-PRIVACY-FRIENDLY-SYNTHETIC-DATA/.venv/lib/python3.12/site-packages/sklearn/metrics/_classification.py:1565)
2025-05-08 18:56:26,532 - INFO - Computed 8 metric(s) for SVM on GaussianCopula_HYBRID
2025-05-08 18:56:26,535 - INFO - Evaluation completed for all models.
2025-05-08 18:56:26,536 - INFO - Model evaluation completed in 0.32 seconds.
2025-05-08 18:56:26,538 - INFO - Evaluated models: ['DecisionTree', 'KNN', 'LogisticRegression', 'RandomForest', 'SVM']
2025-05-08 18:56:26,538 - INFO - Model Training and Evaluation completed.
2025-05-08 18:56:27,085 - INFO -  Visualizations saved.
2025-05-08 18:56:27,085 - INFO -  Benchmarking Completed. Results saved in output folder.
