2025-04-11 14:35:56,535 - INFO - Loaded config file: configs/generated_configs/loan/loan_anon_k20_l3_sl0.1.yaml
2025-04-11 14:35:56,535 - INFO -  Benchmarking started for dataset: loan
2025-04-11 14:35:56,535 - INFO - Configuration loaded: enable_anonymization = True, enable_synthesis = False
2025-04-11 14:35:56,535 - INFO - Running preprocessing...
2025-04-11 14:35:56,557 - INFO - Preprocessed files found. Skipping preprocessing.
2025-04-11 14:35:56,580 - INFO - Preprocessing completed. Rows before: 614, after: 336
2025-04-11 14:35:56,580 - INFO - enable_anonymization = None
2025-04-11 14:35:56,602 - INFO - Running Java Anonymization Program...........
2025-04-11 14:35:56,602 - INFO - Using JAR file at /mnt/NVMETank/Projects/Students/Dele/A-STUDY-INTO-THE-QUALITY-AND-USABILITY-OF-PRIVACY-FRIENDLY-SYNTHETIC-DATA/src/anonymization/anonymARXij/bin/anonymARXij.jar to anonymize the dataset.
2025-04-11 14:35:59,817 - INFO - Anonimized file saved to : /mnt/NVMETank/Projects/Students/Dele/A-STUDY-INTO-THE-QUALITY-AND-USABILITY-OF-PRIVACY-FRIENDLY-SYNTHETIC-DATA/datasets/anonymized/loan_k20_l3_sup10_anonymized.csv
2025-04-11 14:35:59,817 - INFO - Java anonymization completed successfully.
2025-04-11 14:35:59,817 - INFO - Anonymized data saved to: /mnt/NVMETank/Projects/Students/Dele/A-STUDY-INTO-THE-QUALITY-AND-USABILITY-OF-PRIVACY-FRIENDLY-SYNTHETIC-DATA/datasets/anonymized/loan_k20_l3_sup10_anonymized.csv
2025-04-11 14:35:59,852 - INFO - Loaded anonymized data: (336, 13)
2025-04-11 14:35:59,900 - INFO - Encoding applied to anonymized data. Encoded shape: (336, 10)
2025-04-11 14:35:59,901 - INFO - Encoded anonymized dataset saved to: /mnt/NVMETank/Projects/Students/Dele/A-STUDY-INTO-THE-QUALITY-AND-USABILITY-OF-PRIVACY-FRIENDLY-SYNTHETIC-DATA/datasets/anonymized/loan_k20_l3_sup10_anonymized_encoded.csv
2025-04-11 14:35:59,902 - INFO - Deleted anonymized dataset: /mnt/NVMETank/Projects/Students/Dele/A-STUDY-INTO-THE-QUALITY-AND-USABILITY-OF-PRIVACY-FRIENDLY-SYNTHETIC-DATA/datasets/anonymized/loan_k20_l3_sup10_anonymized.csv
2025-04-11 14:35:59,902 - INFO - enable_synthetic_generation = False
2025-04-11 14:35:59,902 - INFO - Synthetic Data Generation Skipped (Disabled in Configuration).
2025-04-11 14:35:59,902 - INFO - Synthetic data generated with 2 synthesizers.
2025-04-11 14:35:59,902 - INFO - Hybrid pipeline skipped (disabled in configuration).
2025-04-11 14:35:59,902 - INFO - Preparing datasets for machine learning...
2025-04-11 14:35:59,903 - INFO - Original Data - Training Size: 336, Testing Size: 144
2025-04-11 14:35:59,903 - INFO - Processing anonymized dataset...
2025-04-11 14:35:59,903 - INFO - Anonymized Data - Training Size: 336
2025-04-11 14:35:59,903 - INFO - Training models on all datasets...
2025-04-11 14:36:51,460 - INFO - Model Training Completed.
2025-04-11 14:36:51,461 - INFO - Evaluating models...
2025-04-11 14:36:51,817 - INFO - Model Training and Evaluation completed.
2025-04-11 14:36:52,633 - INFO -  Visualizations saved.
2025-04-11 14:36:52,633 - INFO -  Benchmarking Completed. Results saved in output folder.
