2025-04-10 14:14:45,531 - INFO - Loaded config file: configs/generated_configs/loan/loan_anon_k5_l4_sl0.05.yaml
2025-04-10 14:14:45,531 - INFO -  Benchmarking started for dataset: loan
2025-04-10 14:14:45,531 - INFO - Configuration loaded: enable_anonymization = True, enable_synthesis = False
2025-04-10 14:14:45,531 - INFO - Running preprocessing...
2025-04-10 14:14:45,534 - INFO - Preprocessed files found. Skipping preprocessing.
2025-04-10 14:14:45,542 - INFO - Preprocessing completed. Rows before: 614, after: 384
2025-04-10 14:14:45,542 - INFO - enable_anonymization = None
2025-04-10 14:14:45,647 - INFO - Running Java Anonymization Program...........
2025-04-10 14:14:45,647 - INFO - Using JAR file at /home/deleayeni/A-STUDY-INTO-THE-QUALITY-AND-USABILITY-OF-PRIVACY-FRIENDLY-SYNTHETIC-DATA/src/anonymization/anonymARXij/bin/anonymARXij.jar to anonymize the dataset.
2025-04-10 14:15:07,902 - INFO - Java anonymization completed successfully.
2025-04-10 14:15:07,902 - INFO - Anonymized data saved to: /home/deleayeni/A-STUDY-INTO-THE-QUALITY-AND-USABILITY-OF-PRIVACY-FRIENDLY-SYNTHETIC-DATA/datasets/anonymized/loan_anonymized.csv
2025-04-10 14:15:07,976 - INFO - Loaded anonymized data: (384, 13)
2025-04-10 14:15:08,631 - INFO - Encoding applied to anonymized data. Encoded shape: (384, 12)
2025-04-10 14:15:08,667 - INFO - Encoded anonymized dataset saved to: datasets/anonymized/loan_anonymized_encoded.csv
2025-04-10 14:15:08,679 - INFO - enable_synthetic_generation = False
2025-04-10 14:15:08,679 - INFO - Synthetic Data Generation Skipped (Disabled in Configuration).
2025-04-10 14:15:08,679 - INFO - Synthetic data generated with 2 synthesizers.
2025-04-10 14:15:08,679 - INFO - Hybrid pipeline skipped (disabled in configuration).
2025-04-10 14:15:08,679 - INFO - Preparing datasets for machine learning...
2025-04-10 14:15:08,705 - INFO - Original Data - Training Size: 384, Testing Size: 96
2025-04-10 14:15:08,705 - INFO - Processing anonymized dataset...
2025-04-10 14:15:08,706 - INFO - Anonymized Data - Training Size: 384
2025-04-10 14:15:08,708 - INFO - Training models on all datasets...
