2025-04-13 07:41:26,461 - INFO - Loaded config file: configs/generated_configs/crimeData/crimeData_anon_k2_l2_sl0.01.yaml
2025-04-13 07:41:26,461 - INFO -  Benchmarking started for dataset: crimeData
2025-04-13 07:41:26,461 - INFO - Configuration loaded: enable_anonymization = True, enable_synthesis = False
2025-04-13 07:41:26,461 - INFO - Running preprocessing...
2025-04-13 07:41:26,466 - INFO - Preprocessed files found. Skipping preprocessing.
2025-04-13 07:41:28,814 - INFO - Preprocessing completed. Rows before: 974477, after: 260402
2025-04-13 07:41:28,814 - INFO - enable_anonymization = None
2025-04-13 07:41:28,819 - INFO - Running Java Anonymization Program...........
2025-04-13 07:41:28,819 - INFO - Using JAR file at /mnt/NVMETank/Projects/Students/Dele/A-STUDY-INTO-THE-QUALITY-AND-USABILITY-OF-PRIVACY-FRIENDLY-SYNTHETIC-DATA/src/anonymization/anonymARXij/bin/anonymARXij.jar to anonymize the dataset.
2025-04-13 07:41:35,716 - INFO - Anonimized file saved to : /mnt/NVMETank/Projects/Students/Dele/A-STUDY-INTO-THE-QUALITY-AND-USABILITY-OF-PRIVACY-FRIENDLY-SYNTHETIC-DATA/datasets/anonymized/crimeData_k2_l2_sup01_anonymized.csv
2025-04-13 07:41:35,716 - INFO - Java anonymization completed successfully.
2025-04-13 07:41:35,716 - INFO - Anonymized data saved to: /mnt/NVMETank/Projects/Students/Dele/A-STUDY-INTO-THE-QUALITY-AND-USABILITY-OF-PRIVACY-FRIENDLY-SYNTHETIC-DATA/datasets/anonymized/crimeData_k2_l2_sup01_anonymized.csv
2025-04-13 07:41:37,185 - INFO - Loaded anonymized data: (260402, 12)
2025-04-13 07:41:38,830 - INFO - Encoding applied to anonymized data. Encoded shape: (260402, 44)
2025-04-13 07:41:40,044 - INFO - Encoded anonymized dataset saved to: /mnt/NVMETank/Projects/Students/Dele/A-STUDY-INTO-THE-QUALITY-AND-USABILITY-OF-PRIVACY-FRIENDLY-SYNTHETIC-DATA/datasets/anonymized/crimeData_k2_l2_sup01_anonymized_encoded.csv
2025-04-13 07:41:40,050 - INFO - Deleted anonymized dataset: /mnt/NVMETank/Projects/Students/Dele/A-STUDY-INTO-THE-QUALITY-AND-USABILITY-OF-PRIVACY-FRIENDLY-SYNTHETIC-DATA/datasets/anonymized/crimeData_k2_l2_sup01_anonymized.csv
2025-04-13 07:41:40,050 - INFO - enable_synthetic_generation = False
2025-04-13 07:41:40,050 - INFO - Synthetic Data Generation Skipped (Disabled in Configuration).
2025-04-13 07:41:40,050 - INFO - Synthetic data generated with 2 synthesizers.
2025-04-13 07:41:40,050 - INFO - Hybrid pipeline skipped (disabled in configuration).
2025-04-13 07:41:40,050 - INFO - Preparing datasets for machine learning...
2025-04-13 07:41:40,075 - INFO - Original Data - Training Size: 260402, Testing Size: 116461
2025-04-13 07:41:40,075 - INFO - Processing anonymized dataset...
2025-04-13 07:41:40,094 - INFO - Anonymized Data - Training Size: 260402
2025-04-13 07:41:40,094 - INFO - Training models on all datasets...
2025-04-13 14:17:41,253 - INFO - Model Training Completed.
2025-04-13 14:17:41,254 - INFO - Evaluating models...
