2025-04-23 01:12:37,330 - INFO - Loaded config file: configs/generated_configs/loan/loan_anon_k15_sl0p04_l2.yaml
2025-04-23 01:12:37,331 - INFO -  Benchmarking started for dataset: loan
2025-04-23 01:12:37,331 - INFO - Using dataset path: /mnt/NVMETank/Projects/Students/Dele/A-STUDY-INTO-THE-QUALITY-AND-USABILITY-OF-PRIVACY-FRIENDLY-SYNTHETIC-DATA/datasets/original/loan.csv
2025-04-23 01:12:37,331 - INFO - Target column: Loan_Status, separator: ','
2025-04-23 01:12:37,331 - INFO - Configuration loaded: enable_anonymization = True, enable_synthesis = False, enable_hybrid = True, enable_utility = True, delete_after_evaluation = True
2025-04-23 01:12:37,331 - INFO - Running preprocessing...
2025-04-23 01:12:37,335 - INFO -  [PREPROCESSING] Preprocessed files found. Skipping preprocessing.
2025-04-23 01:12:37,343 - INFO - Preprocessing completed. Rows before: 614, after: 336
2025-04-23 01:12:37,343 - INFO - Preprocessed data saved to: outputs/batch/loan_batch_2025-04-23_01-09-27/loan_anon_k15_sl0p04_l2/preprocessing_report.txt
2025-04-23 01:12:37,343 - INFO - enable_anonymization = True
2025-04-23 01:12:37,343 - INFO - Starting Anonymization Pipeline with output path: /mnt/NVMETank/Projects/Students/Dele/A-STUDY-INTO-THE-QUALITY-AND-USABILITY-OF-PRIVACY-FRIENDLY-SYNTHETIC-DATA/datasets/anonymized/loan_k15_l2_sup04_anonymized.csv.......
2025-04-23 01:12:37,348 - INFO -  [ANONYMIZATION] Executing run_anonymization, config_path : configs/generated_configs/loan/loan_anon_k15_sl0p04_l2.yaml...........
2025-04-23 01:12:37,348 - INFO -  [ANONYMIZATION] Using JAR file at /mnt/NVMETank/Projects/Students/Dele/A-STUDY-INTO-THE-QUALITY-AND-USABILITY-OF-PRIVACY-FRIENDLY-SYNTHETIC-DATA/src/anonymization/anonymARXij/bin/anonymARXij.jar to anonymize the dataset.
2025-04-23 01:12:38,471 - INFO -  [ANONYMIZATION] Anonimized file saved to : /mnt/NVMETank/Projects/Students/Dele/A-STUDY-INTO-THE-QUALITY-AND-USABILITY-OF-PRIVACY-FRIENDLY-SYNTHETIC-DATA/datasets/anonymized/loan_k15_l2_sup04_anonymized.csv
2025-04-23 01:12:38,471 - INFO -  [ANONYMIZATION] Java anonymization completed successfully.
2025-04-23 01:12:38,471 - INFO -  [ANONYMIZATION] Java STDOUT:
📄 Java received config path: /mnt/NVMETank/Projects/Students/Dele/A-STUDY-INTO-THE-QUALITY-AND-USABILITY-OF-PRIVACY-FRIENDLY-SYNTHETIC-DATA/configs/generated_configs/loan/loan_anon_k15_sl0p04_l2.yaml
🔹 Loading config from: /mnt/NVMETank/Projects/Students/Dele/A-STUDY-INTO-THE-QUALITY-AND-USABILITY-OF-PRIVACY-FRIENDLY-SYNTHETIC-DATA/configs/generated_configs/loan/loan_anon_k15_sl0p04_l2.yaml
Loading config from: /mnt/NVMETank/Projects/Students/Dele/A-STUDY-INTO-THE-QUALITY-AND-USABILITY-OF-PRIVACY-FRIENDLY-SYNTHETIC-DATA/configs/generated_configs/loan/loan_anon_k15_sl0p04_l2.yaml
📂 Dataset Path (from args): /mnt/NVMETank/Projects/Students/Dele/A-STUDY-INTO-THE-QUALITY-AND-USABILITY-OF-PRIVACY-FRIENDLY-SYNTHETIC-DATA/datasets/train/loan_train_raw.csv
🔹 Dataset Separator: ,
🔹 Suppression Limit: 0.04

🔹 Configured Attributes:
  ✅ Quasi-Identifier: Gender
  ✅ Quasi-Identifier: Married
  ✅ Quasi-Identifier: Education
  ✅ Sensitive Attribute: ApplicantIncome
  ✅ Insensitive Attribute: Loan_Amount_Term
  ✅ Insensitive Attribute: Dependents
  ✅ Insensitive Attribute: Loan_Status

🔹 Defined Hierarchies:
  ✅ Education -> /mnt/NVMETank/Projects/Students/Dele/A-STUDY-INTO-THE-QUALITY-AND-USABILITY-OF-PRIVACY-FRIENDLY-SYNTHETIC-DATA/src/anonymization/anonymARXij/src/hierarchies_loan/education.csv
  ✅ Married -> /mnt/NVMETank/Projects/Students/Dele/A-STUDY-INTO-THE-QUALITY-AND-USABILITY-OF-PRIVACY-FRIENDLY-SYNTHETIC-DATA/src/anonymization/anonymARXij/src/hierarchies_loan/married.csv
  ✅ Gender -> /mnt/NVMETank/Projects/Students/Dele/A-STUDY-INTO-THE-QUALITY-AND-USABILITY-OF-PRIVACY-FRIENDLY-SYNTHETIC-DATA/src/anonymization/anonymARXij/src/hierarchies_loan/gender.csv
Java is searching for hierarchy file at: /mnt/NVMETank/Projects/Students/Dele/A-STUDY-INTO-THE-QUALITY-AND-USABILITY-OF-PRIVACY-FRIENDLY-SYNTHETIC-DATA/src/anonymization/anonymARXij/src/hierarchies_loan/education.csv
Java is searching for hierarchy file at: /mnt/NVMETank/Projects/Students/Dele/A-STUDY-INTO-THE-QUALITY-AND-USABILITY-OF-PRIVACY-FRIENDLY-SYNTHETIC-DATA/src/anonymization/anonymARXij/src/hierarchies_loan/married.csv
Java is searching for hierarchy file at: /mnt/NVMETank/Projects/Students/Dele/A-STUDY-INTO-THE-QUALITY-AND-USABILITY-OF-PRIVACY-FRIENDLY-SYNTHETIC-DATA/src/anonymization/anonymARXij/src/hierarchies_loan/gender.csv
🔹 Privacy Models Configured
📂 Anonymized Output Path (from args): /mnt/NVMETank/Projects/Students/Dele/A-STUDY-INTO-THE-QUALITY-AND-USABILITY-OF-PRIVACY-FRIENDLY-SYNTHETIC-DATA/datasets/anonymized/loan_k15_l2_sup04_anonymized.csv
📂 Anonymized Output Path: /mnt/NVMETank/Projects/Students/Dele/A-STUDY-INTO-THE-QUALITY-AND-USABILITY-OF-PRIVACY-FRIENDLY-SYNTHETIC-DATA/datasets/anonymized/loan_k15_l2_sup04_anonymized.csv
✅ Anonymization completed. Output saved to: /mnt/NVMETank/Projects/Students/Dele/A-STUDY-INTO-THE-QUALITY-AND-USABILITY-OF-PRIVACY-FRIENDLY-SYNTHETIC-DATA/datasets/anonymized/loan_k15_l2_sup04_anonymized.csv
Anonymized Data Quality Metrics:
 - Ambiguity: 0.9732142857142857
 - AECS: 0.9574829931972789
 - Discernibility: 0.9635716747919436
 - Granularity: 0.9732142857142857
 - MSE: 0.9732142857142857
 - Non-Uniform Entropy: 0.9942579872445308
 - Precision: 0.9732142857142857
 - Record-level SE: 0.9804760601191312
Equivalence Class Statistics:
 - Number of Classes: 6
 - Average Class Size: 54.5
Suppression Statistics:
 - Suppressed Records: 9
 - Suppression Percentage: 2.68%
2025-04-23 01:12:38,471 - INFO - Anonymized data saved to: /mnt/NVMETank/Projects/Students/Dele/A-STUDY-INTO-THE-QUALITY-AND-USABILITY-OF-PRIVACY-FRIENDLY-SYNTHETIC-DATA/datasets/anonymized/loan_k15_l2_sup04_anonymized.csv
2025-04-23 01:12:38,480 - INFO - Anonymous data report saved at: outputs/batch/loan_batch_2025-04-23_01-09-27/loan_anon_k15_sl0p04_l2/anonymous_data_report.txt
2025-04-23 01:12:38,480 - INFO -  [POSTPROCESSING] Postprocessing anonymized data: /mnt/NVMETank/Projects/Students/Dele/A-STUDY-INTO-THE-QUALITY-AND-USABILITY-OF-PRIVACY-FRIENDLY-SYNTHETIC-DATA/datasets/anonymized/loan_k15_l2_sup04_anonymized.csv
2025-04-23 01:12:38,481 - INFO -  [POSTPROCESSING] Loaded anonymized data: (336, 13)
2025-04-23 01:12:38,486 - INFO -  [POSTPROCESSING] Loaded fallback maps from training data. Categorical cols: 8, Numeric cols: 5
2025-04-23 01:12:38,486 - INFO -  [POSTPROCESSING] Normalizing anonymized data using ARX artifact cleaning and fallback values.
2025-04-23 01:12:38,495 - INFO -  [POSTPROCESSING] Normalized anonymized data saved to: /mnt/NVMETank/Projects/Students/Dele/A-STUDY-INTO-THE-QUALITY-AND-USABILITY-OF-PRIVACY-FRIENDLY-SYNTHETIC-DATA/datasets/anonymized/loan_k15_l2_sup04_anonymized_processed.csv
2025-04-23 01:12:38,505 - INFO -  [POSTPROCESSING] Binary Encoding applied to anonymized data. Encoded shape: (336, 28)
2025-04-23 01:12:38,507 - INFO -  [POSTPROCESSING] Encoded anonymized dataset saved to: /mnt/NVMETank/Projects/Students/Dele/A-STUDY-INTO-THE-QUALITY-AND-USABILITY-OF-PRIVACY-FRIENDLY-SYNTHETIC-DATA/datasets/anonymized/loan_k15_l2_sup04_anonymized_encoded.csv
2025-04-23 01:12:38,507 - INFO -  [POSTPROCESSING] Encoding map generated for anonymized data: 0 original categorical columns.
2025-04-23 01:12:38,507 - INFO - Postprocessing report saved at: outputs/batch/loan_batch_2025-04-23_01-09-27/loan_anon_k15_sl0p04_l2/postprocessing_report.txt
2025-04-23 01:12:38,507 - INFO - enable_synthetic_generation = False
2025-04-23 01:12:38,507 - INFO - Synthetic Data Generation Skipped (Disabled in Configuration).
2025-04-23 01:12:38,507 - INFO - Running Hybrid Pipeline...
2025-04-23 01:12:38,507 - INFO -  [HYBRID] Executing run_hybrid...
2025-04-23 01:12:38,507 - INFO -  [HYBRID] Looking for encoded anonymized data in /mnt/NVMETank/Projects/Students/Dele/A-STUDY-INTO-THE-QUALITY-AND-USABILITY-OF-PRIVACY-FRIENDLY-SYNTHETIC-DATA/datasets/anonymized/loan_k15_l2_sup04_anonymized_encoded.csv
2025-04-23 01:12:38,508 - INFO -  [HYBRID ] Loaded cached encoded anonymous data from /mnt/NVMETank/Projects/Students/Dele/A-STUDY-INTO-THE-QUALITY-AND-USABILITY-OF-PRIVACY-FRIENDLY-SYNTHETIC-DATA/datasets/anonymized/loan_k15_l2_sup04_anonymized_encoded.csv
2025-04-23 01:12:38,509 - INFO -  [HYBRID] Starting synthetic generation for hybrid pipeline...
2025-04-23 01:12:38,509 - INFO - Executing run_synthetic.....
2025-04-23 01:12:38,509 - INFO - [SYNTHETIC PIPELINE] executing run_synthetic for loan_k15_l2_sup04...
2025-04-23 01:12:38,509 - INFO - [SYNTHETIC] Processing dataset: loan_k15_l2_sup04
2025-04-23 01:12:38,509 - INFO - [SYNTHETIC] Original dataset size: 336 rows
2025-04-23 01:12:38,528 - INFO - Detected metadata:
2025-04-23 01:12:38,528 - INFO - {
    "columns": {
        "Loan_ID_0": {
            "sdtype": "categorical"
        },
        "Loan_ID_1": {
            "sdtype": "categorical"
        },
        "Loan_ID_2": {
            "sdtype": "categorical"
        },
        "Loan_ID_3": {
            "sdtype": "categorical"
        },
        "Loan_ID_4": {
            "sdtype": "categorical"
        },
        "Loan_ID_5": {
            "sdtype": "categorical"
        },
        "Loan_ID_6": {
            "sdtype": "categorical"
        },
        "Loan_ID_7": {
            "sdtype": "categorical"
        },
        "Loan_ID_8": {
            "sdtype": "categorical"
        },
        "Gender_0": {
            "sdtype": "categorical"
        },
        "Gender_1": {
            "sdtype": "categorical"
        },
        "Married_0": {
            "sdtype": "categorical"
        },
        "Married_1": {
            "sdtype": "categorical"
        },
        "Dependents_0": {
            "sdtype": "categorical"
        },
        "Dependents_1": {
            "sdtype": "categorical"
        },
        "Dependents_2": {
            "sdtype": "categorical"
        },
        "Education_0": {
            "sdtype": "categorical"
        },
        "Education_1": {
            "sdtype": "categorical"
        },
        "Self_Employed_0": {
            "sdtype": "categorical"
        },
        "Self_Employed_1": {
            "sdtype": "categorical"
        },
        "ApplicantIncome": {
            "sdtype": "numerical"
        },
        "CoapplicantIncome": {
            "sdtype": "numerical"
        },
        "LoanAmount": {
            "sdtype": "categorical"
        },
        "Loan_Amount_Term": {
            "sdtype": "categorical"
        },
        "Credit_History": {
            "sdtype": "categorical"
        },
        "Property_Area_0": {
            "sdtype": "categorical"
        },
        "Property_Area_1": {
            "sdtype": "categorical"
        },
        "Loan_Status": {
            "sdtype": "categorical"
        }
    },
    "METADATA_SPEC_VERSION": "SINGLE_TABLE_V1"
}
2025-04-23 01:12:38,528 - INFO - [SYNTHETIC] Preparing synthesizer: CTGAN
2025-04-23 01:12:38,528 - INFO - [SYNTHETIC] Params from config: {'epochs': 300}
2025-04-23 01:12:38,528 - INFO -  [SYNTHETIC] No pre-trained synthesizer found
2025-04-23 01:12:38,528 - INFO - [SYNTHETIC] Training new CTGAN synthesizer from scratch...
2025-04-23 01:12:38,528 - WARNING - [FutureWarning] The 'SingleTableMetadata' is deprecated. Please use the new 'Metadata' class for synthesizers. (from /mnt/NVMETank/Projects/Students/Dele/A-STUDY-INTO-THE-QUALITY-AND-USABILITY-OF-PRIVACY-FRIENDLY-SYNTHETIC-DATA/.venv/lib/python3.12/site-packages/sdv/single_table/base.py:119)
2025-04-23 01:12:38,528 - WARNING - [UserWarning] We strongly recommend saving the metadata using 'save_to_json' for replicability in future SDV versions. (from /mnt/NVMETank/Projects/Students/Dele/A-STUDY-INTO-THE-QUALITY-AND-USABILITY-OF-PRIVACY-FRIENDLY-SYNTHETIC-DATA/.venv/lib/python3.12/site-packages/sdv/single_table/base.py:104)
2025-04-23 01:12:38,532 - INFO - {'EVENT': 'Instance', 'TIMESTAMP': datetime.datetime(2025, 4, 23, 1, 12, 38, 532978), 'SYNTHESIZER CLASS NAME': 'CTGANSynthesizer', 'SYNTHESIZER ID': 'CTGANSynthesizer_1.18.0_051c6ac7e06a44c582fd091f781b5819'}
2025-04-23 01:12:38,533 - INFO - [SYNTHETIC] CTGAN initialized with epochs: 300
2025-04-23 01:12:38,533 - INFO - [SYNTHETIC] Training parameters for CTGAN: {}
2025-04-23 01:12:38,533 - INFO - [SYNTHETIC] fitting CTGAN 
2025-04-23 01:12:38,533 - INFO - {'EVENT': 'Fit', 'TIMESTAMP': datetime.datetime(2025, 4, 23, 1, 12, 38, 533244), 'SYNTHESIZER CLASS NAME': 'CTGANSynthesizer', 'SYNTHESIZER ID': 'CTGANSynthesizer_1.18.0_051c6ac7e06a44c582fd091f781b5819', 'TOTAL NUMBER OF TABLES': 1, 'TOTAL NUMBER OF ROWS': 336, 'TOTAL NUMBER OF COLUMNS': 28}
2025-04-23 01:12:38,534 - INFO - Fitting table  metadata
2025-04-23 01:12:38,534 - INFO - Fitting formatters for table 
2025-04-23 01:12:38,535 - INFO - Fitting constraints for table 
2025-04-23 01:12:38,535 - INFO - Setting the configuration for the ``HyperTransformer`` for table 
2025-04-23 01:12:38,536 - INFO - Fitting HyperTransformer for table 
2025-04-23 01:12:38,546 - INFO - {'EVENT': 'Fit processed data', 'TIMESTAMP': datetime.datetime(2025, 4, 23, 1, 12, 38, 546456), 'SYNTHESIZER CLASS NAME': 'CTGANSynthesizer', 'SYNTHESIZER ID': 'CTGANSynthesizer_1.18.0_051c6ac7e06a44c582fd091f781b5819', 'TOTAL NUMBER OF TABLES': 1, 'TOTAL NUMBER OF ROWS': 336, 'TOTAL NUMBER OF COLUMNS': 28}
2025-04-23 01:12:38,586 - INFO - Guidance: There are no missing values in column ApplicantIncome. Extra column not created.
2025-04-23 01:12:38,685 - INFO - Guidance: There are no missing values in column CoapplicantIncome. Extra column not created.
2025-04-23 01:13:06,406 - INFO - [SYNTHETIC] Fitting complete for CTGAN. Duration: 27.87 seconds.
2025-04-23 01:13:06,406 - INFO - [SYNTHETIC] CONFIRMATION CTGAN actually trained with epochs = 300
2025-04-23 01:13:06,406 - INFO - {'EVENT': 'Save', 'TIMESTAMP': datetime.datetime(2025, 4, 23, 1, 13, 6, 406558), 'SYNTHESIZER CLASS NAME': 'CTGANSynthesizer', 'SYNTHESIZER ID': 'CTGANSynthesizer_1.18.0_051c6ac7e06a44c582fd091f781b5819'}
2025-04-23 01:13:06,441 - INFO - [SYNTHETIC] CTGAN trained and saved.
2025-04-23 01:13:06,441 - INFO - [SYNTHETIC] Preparing synthesizer: GaussianCopula
2025-04-23 01:13:06,441 - INFO - [SYNTHETIC] Params from config: {}
2025-04-23 01:13:06,441 - INFO -  [SYNTHETIC] No pre-trained synthesizer found
2025-04-23 01:13:06,441 - INFO - [SYNTHETIC] Training new GaussianCopula synthesizer from scratch...
2025-04-23 01:13:06,441 - WARNING - [FutureWarning] The 'SingleTableMetadata' is deprecated. Please use the new 'Metadata' class for synthesizers. (from /mnt/NVMETank/Projects/Students/Dele/A-STUDY-INTO-THE-QUALITY-AND-USABILITY-OF-PRIVACY-FRIENDLY-SYNTHETIC-DATA/.venv/lib/python3.12/site-packages/sdv/single_table/base.py:119)
2025-04-23 01:13:06,444 - INFO - {'EVENT': 'Instance', 'TIMESTAMP': datetime.datetime(2025, 4, 23, 1, 13, 6, 444749), 'SYNTHESIZER CLASS NAME': 'GaussianCopulaSynthesizer', 'SYNTHESIZER ID': 'GaussianCopulaSynthesizer_1.18.0_8953274f3cc846688243d8478f7867d4'}
2025-04-23 01:13:06,445 - INFO - [SYNTHETIC] fitting GaussianCopula 
2025-04-23 01:13:06,445 - INFO - {'EVENT': 'Fit', 'TIMESTAMP': datetime.datetime(2025, 4, 23, 1, 13, 6, 445096), 'SYNTHESIZER CLASS NAME': 'GaussianCopulaSynthesizer', 'SYNTHESIZER ID': 'GaussianCopulaSynthesizer_1.18.0_8953274f3cc846688243d8478f7867d4', 'TOTAL NUMBER OF TABLES': 1, 'TOTAL NUMBER OF ROWS': 336, 'TOTAL NUMBER OF COLUMNS': 28}
2025-04-23 01:13:06,446 - INFO - Fitting table  metadata
2025-04-23 01:13:06,447 - INFO - Fitting formatters for table 
2025-04-23 01:13:06,448 - INFO - Fitting constraints for table 
2025-04-23 01:13:06,448 - INFO - Setting the configuration for the ``HyperTransformer`` for table 
2025-04-23 01:13:06,462 - INFO - Fitting HyperTransformer for table 
2025-04-23 01:13:06,626 - INFO - {'EVENT': 'Fit processed data', 'TIMESTAMP': datetime.datetime(2025, 4, 23, 1, 13, 6, 626866), 'SYNTHESIZER CLASS NAME': 'GaussianCopulaSynthesizer', 'SYNTHESIZER ID': 'GaussianCopulaSynthesizer_1.18.0_8953274f3cc846688243d8478f7867d4', 'TOTAL NUMBER OF TABLES': 1, 'TOTAL NUMBER OF ROWS': 336, 'TOTAL NUMBER OF COLUMNS': 28}
2025-04-23 01:13:06,627 - INFO - Fitting GaussianMultivariate(distribution="{'Loan_ID_0': <class 'copulas.univariate.beta.BetaUnivariate'>, 'Loan_ID_1': <class 'copulas.univariate.beta.BetaUnivariate'>, 'Loan_ID_2': <class 'copulas.univariate.beta.BetaUnivariate'>, 'Loan_ID_3': <class 'copulas.univariate.beta.BetaUnivariate'>, 'Loan_ID_4': <class 'copulas.univariate.beta.BetaUnivariate'>, 'Loan_ID_5': <class 'copulas.univariate.beta.BetaUnivariate'>, 'Loan_ID_6': <class 'copulas.univariate.beta.BetaUnivariate'>, 'Loan_ID_7': <class 'copulas.univariate.beta.BetaUnivariate'>, 'Loan_ID_8': <class 'copulas.univariate.beta.BetaUnivariate'>, 'Gender_0': <class 'copulas.univariate.beta.BetaUnivariate'>, 'Gender_1': <class 'copulas.univariate.beta.BetaUnivariate'>, 'Married_0': <class 'copulas.univariate.beta.BetaUnivariate'>, 'Married_1': <class 'copulas.univariate.beta.BetaUnivariate'>, 'Dependents_0': <class 'copulas.univariate.beta.BetaUnivariate'>, 'Dependents_1': <class 'copulas.univariate.beta.BetaUnivariate'>, 'Dependents_2': <class 'copulas.univariate.beta.BetaUnivariate'>, 'Education_0': <class 'copulas.univariate.beta.BetaUnivariate'>, 'Education_1': <class 'copulas.univariate.beta.BetaUnivariate'>, 'Self_Employed_0': <class 'copulas.univariate.beta.BetaUnivariate'>, 'Self_Employed_1': <class 'copulas.univariate.beta.BetaUnivariate'>, 'ApplicantIncome': <class 'copulas.univariate.beta.BetaUnivariate'>, 'CoapplicantIncome': <class 'copulas.univariate.beta.BetaUnivariate'>, 'LoanAmount': <class 'copulas.univariate.beta.BetaUnivariate'>, 'Loan_Amount_Term': <class 'copulas.univariate.beta.BetaUnivariate'>, 'Credit_History': <class 'copulas.univariate.beta.BetaUnivariate'>, 'Property_Area_0': <class 'copulas.univariate.beta.BetaUnivariate'>, 'Property_Area_1': <class 'copulas.univariate.beta.BetaUnivariate'>, 'Loan_Status': <class 'copulas.univariate.beta.BetaUnivariate'>}")
2025-04-23 01:13:07,375 - INFO - [SYNTHETIC] Fitting complete for GaussianCopula. Duration: 0.93 seconds.
2025-04-23 01:13:07,376 - WARNING - [SYNTHETIC] WARNING Could not determine actual epochs used for GaussianCopula
2025-04-23 01:13:07,376 - INFO - {'EVENT': 'Save', 'TIMESTAMP': datetime.datetime(2025, 4, 23, 1, 13, 7, 376089), 'SYNTHESIZER CLASS NAME': 'GaussianCopulaSynthesizer', 'SYNTHESIZER ID': 'GaussianCopulaSynthesizer_1.18.0_8953274f3cc846688243d8478f7867d4'}
2025-04-23 01:13:07,385 - INFO - [SYNTHETIC] GaussianCopula trained and saved.
2025-04-23 01:13:07,385 - INFO - [SYNTHETIC] Preparing synthesizer: TVAE
2025-04-23 01:13:07,385 - INFO - [SYNTHETIC] Params from config: {'epochs': 300}
2025-04-23 01:13:07,385 - INFO -  [SYNTHETIC] No pre-trained synthesizer found
2025-04-23 01:13:07,385 - INFO - [SYNTHETIC] Training new TVAE synthesizer from scratch...
2025-04-23 01:13:07,386 - WARNING - [FutureWarning] The 'SingleTableMetadata' is deprecated. Please use the new 'Metadata' class for synthesizers. (from /mnt/NVMETank/Projects/Students/Dele/A-STUDY-INTO-THE-QUALITY-AND-USABILITY-OF-PRIVACY-FRIENDLY-SYNTHETIC-DATA/.venv/lib/python3.12/site-packages/sdv/single_table/base.py:119)
2025-04-23 01:13:07,388 - INFO - {'EVENT': 'Instance', 'TIMESTAMP': datetime.datetime(2025, 4, 23, 1, 13, 7, 388218), 'SYNTHESIZER CLASS NAME': 'TVAESynthesizer', 'SYNTHESIZER ID': 'TVAESynthesizer_1.18.0_b3b4c1c221c74f6dbfb99272670e22eb'}
2025-04-23 01:13:07,388 - INFO - [SYNTHETIC] TVAE initialized with epochs: 300
2025-04-23 01:13:07,388 - INFO - [SYNTHETIC] Training parameters for TVAE: {}
2025-04-23 01:13:07,388 - INFO - [SYNTHETIC] fitting TVAE 
2025-04-23 01:13:07,388 - INFO - {'EVENT': 'Fit', 'TIMESTAMP': datetime.datetime(2025, 4, 23, 1, 13, 7, 388422), 'SYNTHESIZER CLASS NAME': 'TVAESynthesizer', 'SYNTHESIZER ID': 'TVAESynthesizer_1.18.0_b3b4c1c221c74f6dbfb99272670e22eb', 'TOTAL NUMBER OF TABLES': 1, 'TOTAL NUMBER OF ROWS': 336, 'TOTAL NUMBER OF COLUMNS': 28}
2025-04-23 01:13:07,389 - INFO - Fitting table  metadata
2025-04-23 01:13:07,389 - INFO - Fitting formatters for table 
2025-04-23 01:13:07,391 - INFO - Fitting constraints for table 
2025-04-23 01:13:07,391 - INFO - Setting the configuration for the ``HyperTransformer`` for table 
2025-04-23 01:13:07,391 - INFO - Fitting HyperTransformer for table 
2025-04-23 01:13:07,400 - INFO - {'EVENT': 'Fit processed data', 'TIMESTAMP': datetime.datetime(2025, 4, 23, 1, 13, 7, 400033), 'SYNTHESIZER CLASS NAME': 'TVAESynthesizer', 'SYNTHESIZER ID': 'TVAESynthesizer_1.18.0_b3b4c1c221c74f6dbfb99272670e22eb', 'TOTAL NUMBER OF TABLES': 1, 'TOTAL NUMBER OF ROWS': 336, 'TOTAL NUMBER OF COLUMNS': 28}
2025-04-23 01:13:07,422 - INFO - Guidance: There are no missing values in column ApplicantIncome. Extra column not created.
2025-04-23 01:13:07,496 - INFO - Guidance: There are no missing values in column CoapplicantIncome. Extra column not created.
2025-04-23 01:13:10,308 - INFO - [SYNTHETIC] Fitting complete for TVAE. Duration: 2.92 seconds.
2025-04-23 01:13:10,308 - INFO - [SYNTHETIC] CONFIRMATION TVAE actually trained with epochs = 300
2025-04-23 01:13:10,308 - INFO - {'EVENT': 'Save', 'TIMESTAMP': datetime.datetime(2025, 4, 23, 1, 13, 10, 308863), 'SYNTHESIZER CLASS NAME': 'TVAESynthesizer', 'SYNTHESIZER ID': 'TVAESynthesizer_1.18.0_b3b4c1c221c74f6dbfb99272670e22eb'}
2025-04-23 01:13:10,327 - INFO - [SYNTHETIC] TVAE trained and saved.
2025-04-23 01:13:10,327 - INFO - [SYNTHETIC] Using CTGAN to generate 336 rows...
2025-04-23 01:13:10,385 - INFO - {'EVENT': 'Sample', 'TIMESTAMP': datetime.datetime(2025, 4, 23, 1, 13, 10, 327433), 'SYNTHESIZER CLASS NAME': 'CTGANSynthesizer', 'SYNTHESIZER ID': 'CTGANSynthesizer_1.18.0_051c6ac7e06a44c582fd091f781b5819', 'TOTAL NUMBER OF TABLES': 1, 'TOTAL NUMBER OF ROWS': 336, 'TOTAL NUMBER OF COLUMNS': 28}
2025-04-23 01:13:10,385 - INFO - [SYNTHETIC] CTGAN completed: 336 rows generated.
2025-04-23 01:13:10,385 - INFO - [SYNTHETIC] Target class distribution for CTGAN: {'Y': 261, 'N': 75}
2025-04-23 01:13:10,386 - INFO - [SYNTHETIC] Using GaussianCopula to generate 336 rows...
2025-04-23 01:13:10,476 - INFO - {'EVENT': 'Sample', 'TIMESTAMP': datetime.datetime(2025, 4, 23, 1, 13, 10, 386089), 'SYNTHESIZER CLASS NAME': 'GaussianCopulaSynthesizer', 'SYNTHESIZER ID': 'GaussianCopulaSynthesizer_1.18.0_8953274f3cc846688243d8478f7867d4', 'TOTAL NUMBER OF TABLES': 1, 'TOTAL NUMBER OF ROWS': 336, 'TOTAL NUMBER OF COLUMNS': 28}
2025-04-23 01:13:10,476 - INFO - [SYNTHETIC] GaussianCopula completed: 336 rows generated.
2025-04-23 01:13:10,476 - INFO - [SYNTHETIC] Target class distribution for GaussianCopula: {'Y': 215, 'N': 121}
2025-04-23 01:13:10,476 - INFO - [SYNTHETIC] Using TVAE to generate 336 rows...
2025-04-23 01:13:10,533 - INFO - {'EVENT': 'Sample', 'TIMESTAMP': datetime.datetime(2025, 4, 23, 1, 13, 10, 476828), 'SYNTHESIZER CLASS NAME': 'TVAESynthesizer', 'SYNTHESIZER ID': 'TVAESynthesizer_1.18.0_b3b4c1c221c74f6dbfb99272670e22eb', 'TOTAL NUMBER OF TABLES': 1, 'TOTAL NUMBER OF ROWS': 336, 'TOTAL NUMBER OF COLUMNS': 28}
2025-04-23 01:13:10,533 - INFO - [SYNTHETIC] TVAE completed: 336 rows generated.
2025-04-23 01:13:10,533 - INFO - [SYNTHETIC] Target class distribution for TVAE: {'Y': 335, 'N': 1}
2025-04-23 01:13:10,534 - INFO - [SYNTHETIC PIPELINE] Synthetic Data Generation Completed.
2025-04-23 01:13:10,534 - INFO - [SYNTHETIC PIPELINE] Synthesizers used: ['CTGAN', 'GaussianCopula', 'TVAE']
2025-04-23 01:13:10,534 - INFO - [SYNTHETIC PIPELINE] Evaluating synthetic dataset generated by CTGAN...
2025-04-23 01:13:10,534 - INFO - [SYNTHETIC EVAL] Real data columns     (28): ['Loan_ID_0', 'Loan_ID_1', 'Loan_ID_2', 'Loan_ID_3', 'Loan_ID_4', 'Loan_ID_5', 'Loan_ID_6', 'Loan_ID_7', 'Loan_ID_8', 'Gender_0', 'Gender_1', 'Married_0', 'Married_1', 'Dependents_0', 'Dependents_1', 'Dependents_2', 'Education_0', 'Education_1', 'Self_Employed_0', 'Self_Employed_1', 'ApplicantIncome', 'CoapplicantIncome', 'LoanAmount', 'Loan_Amount_Term', 'Credit_History', 'Property_Area_0', 'Property_Area_1', 'Loan_Status']
2025-04-23 01:13:10,534 - INFO - [SYNTHETIC EVAL] Synthetic data columns (28): ['Loan_ID_0', 'Loan_ID_1', 'Loan_ID_2', 'Loan_ID_3', 'Loan_ID_4', 'Loan_ID_5', 'Loan_ID_6', 'Loan_ID_7', 'Loan_ID_8', 'Gender_0', 'Gender_1', 'Married_0', 'Married_1', 'Dependents_0', 'Dependents_1', 'Dependents_2', 'Education_0', 'Education_1', 'Self_Employed_0', 'Self_Employed_1', 'ApplicantIncome', 'CoapplicantIncome', 'LoanAmount', 'Loan_Amount_Term', 'Credit_History', 'Property_Area_0', 'Property_Area_1', 'Loan_Status']
2025-04-23 01:13:10,534 - INFO - [SYNTHETIC EVAL] Metadata columns      (28): ['Loan_ID_0', 'Loan_ID_1', 'Loan_ID_2', 'Loan_ID_3', 'Loan_ID_4', 'Loan_ID_5', 'Loan_ID_6', 'Loan_ID_7', 'Loan_ID_8', 'Gender_0', 'Gender_1', 'Married_0', 'Married_1', 'Dependents_0', 'Dependents_1', 'Dependents_2', 'Education_0', 'Education_1', 'Self_Employed_0', 'Self_Employed_1', 'ApplicantIncome', 'CoapplicantIncome', 'LoanAmount', 'Loan_Amount_Term', 'Credit_History', 'Property_Area_0', 'Property_Area_1', 'Loan_Status']
2025-04-23 01:13:10,534 - INFO - [SYNTHETIC EVAL] Shape — Real: (336, 28), Synthetic: (336, 28)
2025-04-23 01:13:10,534 - INFO - [SYNTHETIC EVAL] Metadata structure:
{
  "columns": {
    "Loan_ID_0": {
      "sdtype": "categorical"
    },
    "Loan_ID_1": {
      "sdtype": "categorical"
    },
    "Loan_ID_2": {
      "sdtype": "categorical"
    },
    "Loan_ID_3": {
      "sdtype": "categorical"
    },
    "Loan_ID_4": {
      "sdtype": "categorical"
    },
    "Loan_ID_5": {
      "sdtype": "categorical"
    },
    "Loan_ID_6": {
      "sdtype": "categorical"
    },
    "Loan_ID_7": {
      "sdtype": "categorical"
    },
    "Loan_ID_8": {
      "sdtype": "categorical"
    },
    "Gender_0": {
      "sdtype": "categorical"
    },
    "Gender_1": {
      "sdtype": "categorical"
    },
    "Married_0": {
      "sdtype": "categorical"
    },
    "Married_1": {
      "sdtype": "categorical"
    },
    "Dependents_0": {
      "sdtype": "categorical"
    },
    "Dependents_1": {
      "sdtype": "categorical"
    },
    "Dependents_2": {
      "sdtype": "categorical"
    },
    "Education_0": {
      "sdtype": "categorical"
    },
    "Education_1": {
      "sdtype": "categorical"
    },
    "Self_Employed_0": {
      "sdtype": "categorical"
    },
    "Self_Employed_1": {
      "sdtype": "categorical"
    },
    "ApplicantIncome": {
      "sdtype": "numerical"
    },
    "CoapplicantIncome": {
      "sdtype": "numerical"
    },
    "LoanAmount": {
      "sdtype": "categorical"
    },
    "Loan_Amount_Term": {
      "sdtype": "categorical"
    },
    "Credit_History": {
      "sdtype": "categorical"
    },
    "Property_Area_0": {
      "sdtype": "categorical"
    },
    "Property_Area_1": {
      "sdtype": "categorical"
    },
    "Loan_Status": {
      "sdtype": "categorical"
    }
  },
  "METADATA_SPEC_VERSION": "SINGLE_TABLE_V1"
}
2025-04-23 01:13:11,366 - INFO - [SYNTHETIC PIPELINE] Evaluating synthetic dataset generated by GaussianCopula...
2025-04-23 01:13:11,366 - INFO - [SYNTHETIC EVAL] Real data columns     (28): ['Loan_ID_0', 'Loan_ID_1', 'Loan_ID_2', 'Loan_ID_3', 'Loan_ID_4', 'Loan_ID_5', 'Loan_ID_6', 'Loan_ID_7', 'Loan_ID_8', 'Gender_0', 'Gender_1', 'Married_0', 'Married_1', 'Dependents_0', 'Dependents_1', 'Dependents_2', 'Education_0', 'Education_1', 'Self_Employed_0', 'Self_Employed_1', 'ApplicantIncome', 'CoapplicantIncome', 'LoanAmount', 'Loan_Amount_Term', 'Credit_History', 'Property_Area_0', 'Property_Area_1', 'Loan_Status']
2025-04-23 01:13:11,366 - INFO - [SYNTHETIC EVAL] Synthetic data columns (28): ['Loan_ID_0', 'Loan_ID_1', 'Loan_ID_2', 'Loan_ID_3', 'Loan_ID_4', 'Loan_ID_5', 'Loan_ID_6', 'Loan_ID_7', 'Loan_ID_8', 'Gender_0', 'Gender_1', 'Married_0', 'Married_1', 'Dependents_0', 'Dependents_1', 'Dependents_2', 'Education_0', 'Education_1', 'Self_Employed_0', 'Self_Employed_1', 'ApplicantIncome', 'CoapplicantIncome', 'LoanAmount', 'Loan_Amount_Term', 'Credit_History', 'Property_Area_0', 'Property_Area_1', 'Loan_Status']
2025-04-23 01:13:11,366 - INFO - [SYNTHETIC EVAL] Metadata columns      (28): ['Loan_ID_0', 'Loan_ID_1', 'Loan_ID_2', 'Loan_ID_3', 'Loan_ID_4', 'Loan_ID_5', 'Loan_ID_6', 'Loan_ID_7', 'Loan_ID_8', 'Gender_0', 'Gender_1', 'Married_0', 'Married_1', 'Dependents_0', 'Dependents_1', 'Dependents_2', 'Education_0', 'Education_1', 'Self_Employed_0', 'Self_Employed_1', 'ApplicantIncome', 'CoapplicantIncome', 'LoanAmount', 'Loan_Amount_Term', 'Credit_History', 'Property_Area_0', 'Property_Area_1', 'Loan_Status']
2025-04-23 01:13:11,366 - INFO - [SYNTHETIC EVAL] Shape — Real: (336, 28), Synthetic: (336, 28)
2025-04-23 01:13:11,366 - INFO - [SYNTHETIC EVAL] Metadata structure:
{
  "columns": {
    "Loan_ID_0": {
      "sdtype": "categorical"
    },
    "Loan_ID_1": {
      "sdtype": "categorical"
    },
    "Loan_ID_2": {
      "sdtype": "categorical"
    },
    "Loan_ID_3": {
      "sdtype": "categorical"
    },
    "Loan_ID_4": {
      "sdtype": "categorical"
    },
    "Loan_ID_5": {
      "sdtype": "categorical"
    },
    "Loan_ID_6": {
      "sdtype": "categorical"
    },
    "Loan_ID_7": {
      "sdtype": "categorical"
    },
    "Loan_ID_8": {
      "sdtype": "categorical"
    },
    "Gender_0": {
      "sdtype": "categorical"
    },
    "Gender_1": {
      "sdtype": "categorical"
    },
    "Married_0": {
      "sdtype": "categorical"
    },
    "Married_1": {
      "sdtype": "categorical"
    },
    "Dependents_0": {
      "sdtype": "categorical"
    },
    "Dependents_1": {
      "sdtype": "categorical"
    },
    "Dependents_2": {
      "sdtype": "categorical"
    },
    "Education_0": {
      "sdtype": "categorical"
    },
    "Education_1": {
      "sdtype": "categorical"
    },
    "Self_Employed_0": {
      "sdtype": "categorical"
    },
    "Self_Employed_1": {
      "sdtype": "categorical"
    },
    "ApplicantIncome": {
      "sdtype": "numerical"
    },
    "CoapplicantIncome": {
      "sdtype": "numerical"
    },
    "LoanAmount": {
      "sdtype": "categorical"
    },
    "Loan_Amount_Term": {
      "sdtype": "categorical"
    },
    "Credit_History": {
      "sdtype": "categorical"
    },
    "Property_Area_0": {
      "sdtype": "categorical"
    },
    "Property_Area_1": {
      "sdtype": "categorical"
    },
    "Loan_Status": {
      "sdtype": "categorical"
    }
  },
  "METADATA_SPEC_VERSION": "SINGLE_TABLE_V1"
}
2025-04-23 01:13:12,134 - INFO - [SYNTHETIC PIPELINE] Evaluating synthetic dataset generated by TVAE...
2025-04-23 01:13:12,134 - INFO - [SYNTHETIC EVAL] Real data columns     (28): ['Loan_ID_0', 'Loan_ID_1', 'Loan_ID_2', 'Loan_ID_3', 'Loan_ID_4', 'Loan_ID_5', 'Loan_ID_6', 'Loan_ID_7', 'Loan_ID_8', 'Gender_0', 'Gender_1', 'Married_0', 'Married_1', 'Dependents_0', 'Dependents_1', 'Dependents_2', 'Education_0', 'Education_1', 'Self_Employed_0', 'Self_Employed_1', 'ApplicantIncome', 'CoapplicantIncome', 'LoanAmount', 'Loan_Amount_Term', 'Credit_History', 'Property_Area_0', 'Property_Area_1', 'Loan_Status']
2025-04-23 01:13:12,135 - INFO - [SYNTHETIC EVAL] Synthetic data columns (28): ['Loan_ID_0', 'Loan_ID_1', 'Loan_ID_2', 'Loan_ID_3', 'Loan_ID_4', 'Loan_ID_5', 'Loan_ID_6', 'Loan_ID_7', 'Loan_ID_8', 'Gender_0', 'Gender_1', 'Married_0', 'Married_1', 'Dependents_0', 'Dependents_1', 'Dependents_2', 'Education_0', 'Education_1', 'Self_Employed_0', 'Self_Employed_1', 'ApplicantIncome', 'CoapplicantIncome', 'LoanAmount', 'Loan_Amount_Term', 'Credit_History', 'Property_Area_0', 'Property_Area_1', 'Loan_Status']
2025-04-23 01:13:12,135 - INFO - [SYNTHETIC EVAL] Metadata columns      (28): ['Loan_ID_0', 'Loan_ID_1', 'Loan_ID_2', 'Loan_ID_3', 'Loan_ID_4', 'Loan_ID_5', 'Loan_ID_6', 'Loan_ID_7', 'Loan_ID_8', 'Gender_0', 'Gender_1', 'Married_0', 'Married_1', 'Dependents_0', 'Dependents_1', 'Dependents_2', 'Education_0', 'Education_1', 'Self_Employed_0', 'Self_Employed_1', 'ApplicantIncome', 'CoapplicantIncome', 'LoanAmount', 'Loan_Amount_Term', 'Credit_History', 'Property_Area_0', 'Property_Area_1', 'Loan_Status']
2025-04-23 01:13:12,135 - INFO - [SYNTHETIC EVAL] Shape — Real: (336, 28), Synthetic: (336, 28)
2025-04-23 01:13:12,135 - INFO - [SYNTHETIC EVAL] Metadata structure:
{
  "columns": {
    "Loan_ID_0": {
      "sdtype": "categorical"
    },
    "Loan_ID_1": {
      "sdtype": "categorical"
    },
    "Loan_ID_2": {
      "sdtype": "categorical"
    },
    "Loan_ID_3": {
      "sdtype": "categorical"
    },
    "Loan_ID_4": {
      "sdtype": "categorical"
    },
    "Loan_ID_5": {
      "sdtype": "categorical"
    },
    "Loan_ID_6": {
      "sdtype": "categorical"
    },
    "Loan_ID_7": {
      "sdtype": "categorical"
    },
    "Loan_ID_8": {
      "sdtype": "categorical"
    },
    "Gender_0": {
      "sdtype": "categorical"
    },
    "Gender_1": {
      "sdtype": "categorical"
    },
    "Married_0": {
      "sdtype": "categorical"
    },
    "Married_1": {
      "sdtype": "categorical"
    },
    "Dependents_0": {
      "sdtype": "categorical"
    },
    "Dependents_1": {
      "sdtype": "categorical"
    },
    "Dependents_2": {
      "sdtype": "categorical"
    },
    "Education_0": {
      "sdtype": "categorical"
    },
    "Education_1": {
      "sdtype": "categorical"
    },
    "Self_Employed_0": {
      "sdtype": "categorical"
    },
    "Self_Employed_1": {
      "sdtype": "categorical"
    },
    "ApplicantIncome": {
      "sdtype": "numerical"
    },
    "CoapplicantIncome": {
      "sdtype": "numerical"
    },
    "LoanAmount": {
      "sdtype": "categorical"
    },
    "Loan_Amount_Term": {
      "sdtype": "categorical"
    },
    "Credit_History": {
      "sdtype": "categorical"
    },
    "Property_Area_0": {
      "sdtype": "categorical"
    },
    "Property_Area_1": {
      "sdtype": "categorical"
    },
    "Loan_Status": {
      "sdtype": "categorical"
    }
  },
  "METADATA_SPEC_VERSION": "SINGLE_TABLE_V1"
}
2025-04-23 01:13:13,025 - INFO -  [SYNTHETIC PIPELINE]  Synthetic Data Evaluation Completed.
2025-04-23 01:13:13,033 - INFO -  [SYNTHETIC PIPELINE] Synthetic Data Report Generated Successfully.
2025-04-23 01:13:13,176 - INFO - [HYBRID] Generated hybrid dataset shape for CTGAN: (336, 28)
2025-04-23 01:13:13,176 - INFO - [HYBRID] Target distribution for CTGAN: {'Y': 261, 'N': 75}
2025-04-23 01:13:13,179 - INFO -  [HYBRID] Saved hybrid dataset to /mnt/NVMETank/Projects/Students/Dele/A-STUDY-INTO-THE-QUALITY-AND-USABILITY-OF-PRIVACY-FRIENDLY-SYNTHETIC-DATA/datasets/hybrid/loan_k15_l2_sup04_CTGAN_HYBRID.csv
2025-04-23 01:13:13,179 - INFO - [HYBRID] Generated hybrid dataset shape for GaussianCopula: (336, 28)
2025-04-23 01:13:13,180 - INFO - [HYBRID] Target distribution for GaussianCopula: {'Y': 215, 'N': 121}
2025-04-23 01:13:13,183 - INFO -  [HYBRID] Saved hybrid dataset to /mnt/NVMETank/Projects/Students/Dele/A-STUDY-INTO-THE-QUALITY-AND-USABILITY-OF-PRIVACY-FRIENDLY-SYNTHETIC-DATA/datasets/hybrid/loan_k15_l2_sup04_GaussianCopula_HYBRID.csv
2025-04-23 01:13:13,183 - INFO - [HYBRID] Generated hybrid dataset shape for TVAE: (336, 28)
2025-04-23 01:13:13,183 - INFO - [HYBRID] Target distribution for TVAE: {'Y': 335, 'N': 1}
2025-04-23 01:13:13,186 - INFO -  [HYBRID] Saved hybrid dataset to /mnt/NVMETank/Projects/Students/Dele/A-STUDY-INTO-THE-QUALITY-AND-USABILITY-OF-PRIVACY-FRIENDLY-SYNTHETIC-DATA/datasets/hybrid/loan_k15_l2_sup04_TVAE_HYBRID.csv
2025-04-23 01:13:13,187 - INFO -  [HYBRID] Hybrid pipeline complete — 3 dataset(s) ready.
2025-04-23 01:13:13,187 - INFO - [HYBRID] Total rows across all hybrid datasets: 1008
2025-04-23 01:13:13,187 - INFO - Hybrid pipeline completed successfully.
2025-04-23 01:13:13,187 - INFO - Hybrid pipeline duration: 34.68 seconds
2025-04-23 01:13:13,187 - INFO - Starting Utility...
2025-04-23 01:13:13,187 - INFO - [UTILITY] Preparing datasets for machine learning...
2025-04-23 01:13:13,188 - INFO - [UTILITY] Original Data - Training Size: 336, Testing Size: 144
2025-04-23 01:13:13,189 - INFO - [UTILITY] Target class distribution (Original): {'Y': 232, 'N': 104}
2025-04-23 01:13:13,189 - INFO - [UTILITY] Processing anonymized dataset...
2025-04-23 01:13:13,189 - INFO - [UTILITY] Anonymized Data - Training Size: 336
2025-04-23 01:13:13,190 - INFO - [UTILITY] Target class distribution (Anonymous): {'Y': 232, 'N': 104}
2025-04-23 01:13:13,190 - INFO - [UTILITY] Processing hybrid dataset generated by CTGAN...
2025-04-23 01:13:13,191 - INFO - [UTILITY] Hybrid Data (CTGAN_HYBRID) - Training Size: 336
2025-04-23 01:13:13,191 - INFO - [UTILITY] Target class distribution (CTGAN_HYBRID): {'Y': 261, 'N': 75}
2025-04-23 01:13:13,191 - INFO - [UTILITY] Processing hybrid dataset generated by GaussianCopula...
2025-04-23 01:13:13,192 - INFO - [UTILITY] Hybrid Data (GaussianCopula_HYBRID) - Training Size: 336
2025-04-23 01:13:13,192 - INFO - [UTILITY] Target class distribution (GaussianCopula_HYBRID): {'Y': 215, 'N': 121}
2025-04-23 01:13:13,193 - INFO - [UTILITY] Processing hybrid dataset generated by TVAE...
2025-04-23 01:13:13,193 - INFO - [UTILITY] Hybrid Data (TVAE_HYBRID) - Training Size: 336
2025-04-23 01:13:13,194 - INFO - [UTILITY] Target class distribution (TVAE_HYBRID): {'Y': 335, 'N': 1}
2025-04-23 01:13:13,194 - INFO - [UTILITY] Training models on all datasets...
2025-04-23 01:13:13,194 - INFO - [UTILITY] Total datasets used for training: 5
2025-04-23 01:13:13,194 - INFO - [TRAINING] Training models from scratch...
2025-04-23 01:13:13,194 - INFO - [TRAINING] Starting training for dataset: Original — Rows: 336, Features: 27
2025-04-23 01:13:13,195 - INFO - [TRAINING] Training DecisionTree on Original...
2025-04-23 01:13:13,198 - INFO - [TRAINING] DecisionTree trained successfully on Original in 0.00 sec
2025-04-23 01:13:13,198 - INFO - [TRAINING] Training KNN on Original...
2025-04-23 01:13:13,200 - INFO - [TRAINING] KNN trained successfully on Original in 0.00 sec
2025-04-23 01:13:13,200 - INFO - [TRAINING] Training LogisticRegression on Original...
2025-04-23 01:13:13,242 - INFO - [TRAINING] LogisticRegression trained successfully on Original in 0.04 sec
2025-04-23 01:13:13,242 - INFO - [TRAINING] Training RandomForest on Original...
2025-04-23 01:13:13,328 - INFO - [TRAINING] RandomForest trained successfully on Original in 0.09 sec
2025-04-23 01:13:13,328 - INFO - [TRAINING] Training SVM on Original...
2025-04-23 01:13:13,332 - INFO - [TRAINING] SVM trained successfully on Original in 0.00 sec
2025-04-23 01:13:13,332 - INFO - [TRAINING] Finished training 5 model(s) for dataset: Original
2025-04-23 01:13:13,332 - INFO - [TRAINING] Starting training for dataset: Anonymous — Rows: 336, Features: 27
2025-04-23 01:13:13,332 - INFO - [TRAINING] Training DecisionTree on Anonymous...
2025-04-23 01:13:13,334 - INFO - [TRAINING] DecisionTree trained successfully on Anonymous in 0.00 sec
2025-04-23 01:13:13,334 - INFO - [TRAINING] Training KNN on Anonymous...
2025-04-23 01:13:13,335 - INFO - [TRAINING] KNN trained successfully on Anonymous in 0.00 sec
2025-04-23 01:13:13,336 - INFO - [TRAINING] Training LogisticRegression on Anonymous...
2025-04-23 01:13:13,339 - INFO - [TRAINING] LogisticRegression trained successfully on Anonymous in 0.00 sec
2025-04-23 01:13:13,339 - INFO - [TRAINING] Training RandomForest on Anonymous...
2025-04-23 01:13:13,426 - INFO - [TRAINING] RandomForest trained successfully on Anonymous in 0.09 sec
2025-04-23 01:13:13,426 - INFO - [TRAINING] Training SVM on Anonymous...
2025-04-23 01:13:13,430 - INFO - [TRAINING] SVM trained successfully on Anonymous in 0.00 sec
2025-04-23 01:13:13,430 - INFO - [TRAINING] Finished training 5 model(s) for dataset: Anonymous
2025-04-23 01:13:13,430 - INFO - [TRAINING] Starting training for dataset: CTGAN_HYBRID — Rows: 336, Features: 27
2025-04-23 01:13:13,430 - INFO - [TRAINING] Training DecisionTree on CTGAN_HYBRID...
2025-04-23 01:13:13,432 - INFO - [TRAINING] DecisionTree trained successfully on CTGAN_HYBRID in 0.00 sec
2025-04-23 01:13:13,432 - INFO - [TRAINING] Training KNN on CTGAN_HYBRID...
2025-04-23 01:13:13,433 - INFO - [TRAINING] KNN trained successfully on CTGAN_HYBRID in 0.00 sec
2025-04-23 01:13:13,433 - INFO - [TRAINING] Training LogisticRegression on CTGAN_HYBRID...
2025-04-23 01:13:13,436 - INFO - [TRAINING] LogisticRegression trained successfully on CTGAN_HYBRID in 0.00 sec
2025-04-23 01:13:13,436 - INFO - [TRAINING] Training RandomForest on CTGAN_HYBRID...
2025-04-23 01:13:13,517 - INFO - [TRAINING] RandomForest trained successfully on CTGAN_HYBRID in 0.08 sec
2025-04-23 01:13:13,517 - INFO - [TRAINING] Training SVM on CTGAN_HYBRID...
2025-04-23 01:13:13,520 - INFO - [TRAINING] SVM trained successfully on CTGAN_HYBRID in 0.00 sec
2025-04-23 01:13:13,520 - INFO - [TRAINING] Finished training 5 model(s) for dataset: CTGAN_HYBRID
2025-04-23 01:13:13,520 - INFO - [TRAINING] Starting training for dataset: GaussianCopula_HYBRID — Rows: 336, Features: 27
2025-04-23 01:13:13,520 - INFO - [TRAINING] Training DecisionTree on GaussianCopula_HYBRID...
2025-04-23 01:13:13,522 - INFO - [TRAINING] DecisionTree trained successfully on GaussianCopula_HYBRID in 0.00 sec
2025-04-23 01:13:13,522 - INFO - [TRAINING] Training KNN on GaussianCopula_HYBRID...
2025-04-23 01:13:13,523 - INFO - [TRAINING] KNN trained successfully on GaussianCopula_HYBRID in 0.00 sec
2025-04-23 01:13:13,523 - INFO - [TRAINING] Training LogisticRegression on GaussianCopula_HYBRID...
2025-04-23 01:13:13,526 - INFO - [TRAINING] LogisticRegression trained successfully on GaussianCopula_HYBRID in 0.00 sec
2025-04-23 01:13:13,526 - INFO - [TRAINING] Training RandomForest on GaussianCopula_HYBRID...
2025-04-23 01:13:13,639 - INFO - [TRAINING] RandomForest trained successfully on GaussianCopula_HYBRID in 0.11 sec
2025-04-23 01:13:13,639 - INFO - [TRAINING] Training SVM on GaussianCopula_HYBRID...
2025-04-23 01:13:13,646 - INFO - [TRAINING] SVM trained successfully on GaussianCopula_HYBRID in 0.01 sec
2025-04-23 01:13:13,646 - INFO - [TRAINING] Finished training 5 model(s) for dataset: GaussianCopula_HYBRID
2025-04-23 01:13:13,647 - INFO - [TRAINING] Starting training for dataset: TVAE_HYBRID — Rows: 336, Features: 27
2025-04-23 01:13:13,647 - INFO - [TRAINING] Training DecisionTree on TVAE_HYBRID...
2025-04-23 01:13:13,649 - INFO - [TRAINING] DecisionTree trained successfully on TVAE_HYBRID in 0.00 sec
2025-04-23 01:13:13,650 - INFO - [TRAINING] Training KNN on TVAE_HYBRID...
2025-04-23 01:13:13,651 - INFO - [TRAINING] KNN trained successfully on TVAE_HYBRID in 0.00 sec
2025-04-23 01:13:13,652 - INFO - [TRAINING] Training LogisticRegression on TVAE_HYBRID...
2025-04-23 01:13:13,672 - INFO - [TRAINING] LogisticRegression trained successfully on TVAE_HYBRID in 0.02 sec
2025-04-23 01:13:13,673 - INFO - [TRAINING] Training RandomForest on TVAE_HYBRID...
2025-04-23 01:13:13,743 - INFO - [TRAINING] RandomForest trained successfully on TVAE_HYBRID in 0.07 sec
2025-04-23 01:13:13,743 - INFO - [TRAINING] Training SVM on TVAE_HYBRID...
2025-04-23 01:13:13,745 - INFO - [TRAINING] SVM trained successfully on TVAE_HYBRID in 0.00 sec
2025-04-23 01:13:13,745 - INFO - [TRAINING] Finished training 5 model(s) for dataset: TVAE_HYBRID
2025-04-23 01:13:13,745 - INFO - [TRAINING] Total models trained across all datasets: 25
2025-04-23 01:13:13,745 - INFO - [UTILITY] Trained model names: ['Original', 'Anonymous', 'CTGAN_HYBRID', 'GaussianCopula_HYBRID', 'TVAE_HYBRID']
2025-04-23 01:13:13,745 - INFO - [UTILITY] Model Training Completed.
2025-04-23 01:13:13,745 - INFO - Starting the Evaluating of models...
2025-04-23 01:13:13,745 - INFO - Preparing evaluation for model 'DecisionTree' across all datasets...
2025-04-23 01:13:13,745 - INFO - Evaluating DecisionTree on Original...
2025-04-23 01:13:13,746 - INFO - Predictions completed for DecisionTree on Original
2025-04-23 01:13:13,747 - INFO - Prediction distribution for DecisionTree on Original: {'Y': 100, 'N': 44}
2025-04-23 01:13:13,756 - INFO - Computed 8 metric(s) for DecisionTree on Original
2025-04-23 01:13:13,756 - INFO - Evaluating DecisionTree on Anonymous...
2025-04-23 01:13:13,757 - INFO - Predictions completed for DecisionTree on Anonymous
2025-04-23 01:13:13,758 - INFO - Prediction distribution for DecisionTree on Anonymous: {'Y': 103, 'N': 41}
2025-04-23 01:13:13,766 - INFO - Computed 8 metric(s) for DecisionTree on Anonymous
2025-04-23 01:13:13,766 - INFO - Evaluating DecisionTree on CTGAN_HYBRID...
2025-04-23 01:13:13,767 - INFO - Predictions completed for DecisionTree on CTGAN_HYBRID
2025-04-23 01:13:13,768 - INFO - Prediction distribution for DecisionTree on CTGAN_HYBRID: {'Y': 109, 'N': 35}
2025-04-23 01:13:13,776 - INFO - Computed 8 metric(s) for DecisionTree on CTGAN_HYBRID
2025-04-23 01:13:13,776 - INFO - Evaluating DecisionTree on GaussianCopula_HYBRID...
2025-04-23 01:13:13,777 - INFO - Predictions completed for DecisionTree on GaussianCopula_HYBRID
2025-04-23 01:13:13,777 - INFO - Prediction distribution for DecisionTree on GaussianCopula_HYBRID: {'Y': 95, 'N': 49}
2025-04-23 01:13:13,786 - INFO - Computed 8 metric(s) for DecisionTree on GaussianCopula_HYBRID
2025-04-23 01:13:13,786 - INFO - Evaluating DecisionTree on TVAE_HYBRID...
2025-04-23 01:13:13,787 - INFO - Predictions completed for DecisionTree on TVAE_HYBRID
2025-04-23 01:13:13,787 - INFO - Prediction distribution for DecisionTree on TVAE_HYBRID: {'Y': 131, 'N': 13}
2025-04-23 01:13:13,795 - INFO - Computed 8 metric(s) for DecisionTree on TVAE_HYBRID
2025-04-23 01:13:13,795 - INFO - Preparing evaluation for model 'KNN' across all datasets...
2025-04-23 01:13:13,795 - INFO - Evaluating KNN on Original...
2025-04-23 01:13:13,801 - INFO - Predictions completed for KNN on Original
2025-04-23 01:13:13,802 - INFO - Prediction distribution for KNN on Original: {'Y': 115, 'N': 29}
2025-04-23 01:13:13,813 - INFO - Computed 8 metric(s) for KNN on Original
2025-04-23 01:13:13,813 - INFO - Evaluating KNN on Anonymous...
2025-04-23 01:13:13,819 - INFO - Predictions completed for KNN on Anonymous
2025-04-23 01:13:13,819 - INFO - Prediction distribution for KNN on Anonymous: {'Y': 122, 'N': 22}
2025-04-23 01:13:13,830 - INFO - Computed 8 metric(s) for KNN on Anonymous
2025-04-23 01:13:13,831 - INFO - Evaluating KNN on CTGAN_HYBRID...
2025-04-23 01:13:13,837 - INFO - Predictions completed for KNN on CTGAN_HYBRID
2025-04-23 01:13:13,837 - INFO - Prediction distribution for KNN on CTGAN_HYBRID: {'Y': 143, 'N': 1}
2025-04-23 01:13:13,925 - INFO - Computed 8 metric(s) for KNN on CTGAN_HYBRID
2025-04-23 01:13:13,925 - INFO - Evaluating KNN on GaussianCopula_HYBRID...
2025-04-23 01:13:13,935 - INFO - Predictions completed for KNN on GaussianCopula_HYBRID
2025-04-23 01:13:13,935 - INFO - Prediction distribution for KNN on GaussianCopula_HYBRID: {'Y': 112, 'N': 32}
2025-04-23 01:13:13,952 - INFO - Computed 8 metric(s) for KNN on GaussianCopula_HYBRID
2025-04-23 01:13:13,952 - INFO - Evaluating KNN on TVAE_HYBRID...
2025-04-23 01:13:13,961 - INFO - Predictions completed for KNN on TVAE_HYBRID
2025-04-23 01:13:13,962 - INFO - Prediction distribution for KNN on TVAE_HYBRID: {'Y': 144}
2025-04-23 01:13:13,962 - WARNING -  [WARNING] :KNN on TVAE_HYBRID predicted only one class: {'Y'}
2025-04-23 01:13:13,965 - WARNING - [UndefinedMetricWarning] Precision is ill-defined and being set to 0.0 in labels with no predicted samples. Use `zero_division` parameter to control this behavior. (from /mnt/NVMETank/Projects/Students/Dele/A-STUDY-INTO-THE-QUALITY-AND-USABILITY-OF-PRIVACY-FRIENDLY-SYNTHETIC-DATA/.venv/lib/python3.12/site-packages/sklearn/metrics/_classification.py:1565)
2025-04-23 01:13:13,967 - WARNING - [UndefinedMetricWarning] Precision is ill-defined and being set to 0.0 in labels with no predicted samples. Use `zero_division` parameter to control this behavior. (from /mnt/NVMETank/Projects/Students/Dele/A-STUDY-INTO-THE-QUALITY-AND-USABILITY-OF-PRIVACY-FRIENDLY-SYNTHETIC-DATA/.venv/lib/python3.12/site-packages/sklearn/metrics/_classification.py:1565)
2025-04-23 01:13:13,969 - WARNING - [UndefinedMetricWarning] Precision is ill-defined and being set to 0.0 in labels with no predicted samples. Use `zero_division` parameter to control this behavior. (from /mnt/NVMETank/Projects/Students/Dele/A-STUDY-INTO-THE-QUALITY-AND-USABILITY-OF-PRIVACY-FRIENDLY-SYNTHETIC-DATA/.venv/lib/python3.12/site-packages/sklearn/metrics/_classification.py:1565)
2025-04-23 01:13:13,979 - INFO - Computed 8 metric(s) for KNN on TVAE_HYBRID
2025-04-23 01:13:13,979 - INFO - Preparing evaluation for model 'LogisticRegression' across all datasets...
2025-04-23 01:13:13,979 - INFO - Evaluating LogisticRegression on Original...
2025-04-23 01:13:13,981 - INFO - Predictions completed for LogisticRegression on Original
2025-04-23 01:13:13,981 - INFO - Prediction distribution for LogisticRegression on Original: {'Y': 118, 'N': 26}
2025-04-23 01:13:13,996 - INFO - Computed 8 metric(s) for LogisticRegression on Original
2025-04-23 01:13:13,996 - INFO - Evaluating LogisticRegression on Anonymous...
2025-04-23 01:13:13,998 - INFO - Predictions completed for LogisticRegression on Anonymous
2025-04-23 01:13:13,998 - INFO - Prediction distribution for LogisticRegression on Anonymous: {'Y': 133, 'N': 11}
2025-04-23 01:13:14,013 - INFO - Computed 8 metric(s) for LogisticRegression on Anonymous
2025-04-23 01:13:14,014 - INFO - Evaluating LogisticRegression on CTGAN_HYBRID...
2025-04-23 01:13:14,016 - INFO - Predictions completed for LogisticRegression on CTGAN_HYBRID
2025-04-23 01:13:14,016 - INFO - Prediction distribution for LogisticRegression on CTGAN_HYBRID: {'Y': 144}
2025-04-23 01:13:14,017 - WARNING -  [WARNING] :LogisticRegression on CTGAN_HYBRID predicted only one class: {'Y'}
2025-04-23 01:13:14,019 - WARNING - [UndefinedMetricWarning] Precision is ill-defined and being set to 0.0 in labels with no predicted samples. Use `zero_division` parameter to control this behavior. (from /mnt/NVMETank/Projects/Students/Dele/A-STUDY-INTO-THE-QUALITY-AND-USABILITY-OF-PRIVACY-FRIENDLY-SYNTHETIC-DATA/.venv/lib/python3.12/site-packages/sklearn/metrics/_classification.py:1565)
2025-04-23 01:13:14,022 - WARNING - [UndefinedMetricWarning] Precision is ill-defined and being set to 0.0 in labels with no predicted samples. Use `zero_division` parameter to control this behavior. (from /mnt/NVMETank/Projects/Students/Dele/A-STUDY-INTO-THE-QUALITY-AND-USABILITY-OF-PRIVACY-FRIENDLY-SYNTHETIC-DATA/.venv/lib/python3.12/site-packages/sklearn/metrics/_classification.py:1565)
2025-04-23 01:13:14,024 - WARNING - [UndefinedMetricWarning] Precision is ill-defined and being set to 0.0 in labels with no predicted samples. Use `zero_division` parameter to control this behavior. (from /mnt/NVMETank/Projects/Students/Dele/A-STUDY-INTO-THE-QUALITY-AND-USABILITY-OF-PRIVACY-FRIENDLY-SYNTHETIC-DATA/.venv/lib/python3.12/site-packages/sklearn/metrics/_classification.py:1565)
2025-04-23 01:13:14,032 - INFO - Computed 8 metric(s) for LogisticRegression on CTGAN_HYBRID
2025-04-23 01:13:14,033 - INFO - Evaluating LogisticRegression on GaussianCopula_HYBRID...
2025-04-23 01:13:14,035 - INFO - Predictions completed for LogisticRegression on GaussianCopula_HYBRID
2025-04-23 01:13:14,036 - INFO - Prediction distribution for LogisticRegression on GaussianCopula_HYBRID: {'Y': 135, 'N': 9}
2025-04-23 01:13:14,050 - INFO - Computed 8 metric(s) for LogisticRegression on GaussianCopula_HYBRID
2025-04-23 01:13:14,051 - INFO - Evaluating LogisticRegression on TVAE_HYBRID...
2025-04-23 01:13:14,053 - INFO - Predictions completed for LogisticRegression on TVAE_HYBRID
2025-04-23 01:13:14,053 - INFO - Prediction distribution for LogisticRegression on TVAE_HYBRID: {'Y': 144}
2025-04-23 01:13:14,054 - WARNING -  [WARNING] :LogisticRegression on TVAE_HYBRID predicted only one class: {'Y'}
2025-04-23 01:13:14,056 - WARNING - [UndefinedMetricWarning] Precision is ill-defined and being set to 0.0 in labels with no predicted samples. Use `zero_division` parameter to control this behavior. (from /mnt/NVMETank/Projects/Students/Dele/A-STUDY-INTO-THE-QUALITY-AND-USABILITY-OF-PRIVACY-FRIENDLY-SYNTHETIC-DATA/.venv/lib/python3.12/site-packages/sklearn/metrics/_classification.py:1565)
2025-04-23 01:13:14,059 - WARNING - [UndefinedMetricWarning] Precision is ill-defined and being set to 0.0 in labels with no predicted samples. Use `zero_division` parameter to control this behavior. (from /mnt/NVMETank/Projects/Students/Dele/A-STUDY-INTO-THE-QUALITY-AND-USABILITY-OF-PRIVACY-FRIENDLY-SYNTHETIC-DATA/.venv/lib/python3.12/site-packages/sklearn/metrics/_classification.py:1565)
2025-04-23 01:13:14,061 - WARNING - [UndefinedMetricWarning] Precision is ill-defined and being set to 0.0 in labels with no predicted samples. Use `zero_division` parameter to control this behavior. (from /mnt/NVMETank/Projects/Students/Dele/A-STUDY-INTO-THE-QUALITY-AND-USABILITY-OF-PRIVACY-FRIENDLY-SYNTHETIC-DATA/.venv/lib/python3.12/site-packages/sklearn/metrics/_classification.py:1565)
2025-04-23 01:13:14,070 - INFO - Computed 8 metric(s) for LogisticRegression on TVAE_HYBRID
2025-04-23 01:13:14,070 - INFO - Preparing evaluation for model 'RandomForest' across all datasets...
2025-04-23 01:13:14,070 - INFO - Evaluating RandomForest on Original...
2025-04-23 01:13:14,078 - INFO - Predictions completed for RandomForest on Original
2025-04-23 01:13:14,078 - INFO - Prediction distribution for RandomForest on Original: {'Y': 116, 'N': 28}
2025-04-23 01:13:14,104 - INFO - Computed 8 metric(s) for RandomForest on Original
2025-04-23 01:13:14,105 - INFO - Evaluating RandomForest on Anonymous...
2025-04-23 01:13:14,113 - INFO - Predictions completed for RandomForest on Anonymous
2025-04-23 01:13:14,114 - INFO - Prediction distribution for RandomForest on Anonymous: {'Y': 101, 'N': 43}
2025-04-23 01:13:14,138 - INFO - Computed 8 metric(s) for RandomForest on Anonymous
2025-04-23 01:13:14,138 - INFO - Evaluating RandomForest on CTGAN_HYBRID...
2025-04-23 01:13:14,144 - INFO - Predictions completed for RandomForest on CTGAN_HYBRID
2025-04-23 01:13:14,144 - INFO - Prediction distribution for RandomForest on CTGAN_HYBRID: {'Y': 135, 'N': 9}
2025-04-23 01:13:14,163 - INFO - Computed 8 metric(s) for RandomForest on CTGAN_HYBRID
2025-04-23 01:13:14,163 - INFO - Evaluating RandomForest on GaussianCopula_HYBRID...
2025-04-23 01:13:14,169 - INFO - Predictions completed for RandomForest on GaussianCopula_HYBRID
2025-04-23 01:13:14,169 - INFO - Prediction distribution for RandomForest on GaussianCopula_HYBRID: {'Y': 97, 'N': 47}
2025-04-23 01:13:14,188 - INFO - Computed 8 metric(s) for RandomForest on GaussianCopula_HYBRID
2025-04-23 01:13:14,188 - INFO - Evaluating RandomForest on TVAE_HYBRID...
2025-04-23 01:13:14,193 - INFO - Predictions completed for RandomForest on TVAE_HYBRID
2025-04-23 01:13:14,193 - INFO - Prediction distribution for RandomForest on TVAE_HYBRID: {'Y': 144}
2025-04-23 01:13:14,193 - WARNING -  [WARNING] :RandomForest on TVAE_HYBRID predicted only one class: {'Y'}
2025-04-23 01:13:14,195 - WARNING - [UndefinedMetricWarning] Precision is ill-defined and being set to 0.0 in labels with no predicted samples. Use `zero_division` parameter to control this behavior. (from /mnt/NVMETank/Projects/Students/Dele/A-STUDY-INTO-THE-QUALITY-AND-USABILITY-OF-PRIVACY-FRIENDLY-SYNTHETIC-DATA/.venv/lib/python3.12/site-packages/sklearn/metrics/_classification.py:1565)
2025-04-23 01:13:14,196 - WARNING - [UndefinedMetricWarning] Precision is ill-defined and being set to 0.0 in labels with no predicted samples. Use `zero_division` parameter to control this behavior. (from /mnt/NVMETank/Projects/Students/Dele/A-STUDY-INTO-THE-QUALITY-AND-USABILITY-OF-PRIVACY-FRIENDLY-SYNTHETIC-DATA/.venv/lib/python3.12/site-packages/sklearn/metrics/_classification.py:1565)
2025-04-23 01:13:14,197 - WARNING - [UndefinedMetricWarning] Precision is ill-defined and being set to 0.0 in labels with no predicted samples. Use `zero_division` parameter to control this behavior. (from /mnt/NVMETank/Projects/Students/Dele/A-STUDY-INTO-THE-QUALITY-AND-USABILITY-OF-PRIVACY-FRIENDLY-SYNTHETIC-DATA/.venv/lib/python3.12/site-packages/sklearn/metrics/_classification.py:1565)
2025-04-23 01:13:14,210 - INFO - Computed 8 metric(s) for RandomForest on TVAE_HYBRID
2025-04-23 01:13:14,210 - INFO - Preparing evaluation for model 'SVM' across all datasets...
2025-04-23 01:13:14,210 - INFO - Evaluating SVM on Original...
2025-04-23 01:13:14,212 - INFO - Predictions completed for SVM on Original
2025-04-23 01:13:14,212 - INFO - Prediction distribution for SVM on Original: {'Y': 144}
2025-04-23 01:13:14,212 - WARNING -  [WARNING] :SVM on Original predicted only one class: {'Y'}
2025-04-23 01:13:14,214 - WARNING - [UndefinedMetricWarning] Precision is ill-defined and being set to 0.0 in labels with no predicted samples. Use `zero_division` parameter to control this behavior. (from /mnt/NVMETank/Projects/Students/Dele/A-STUDY-INTO-THE-QUALITY-AND-USABILITY-OF-PRIVACY-FRIENDLY-SYNTHETIC-DATA/.venv/lib/python3.12/site-packages/sklearn/metrics/_classification.py:1565)
2025-04-23 01:13:14,216 - WARNING - [UndefinedMetricWarning] Precision is ill-defined and being set to 0.0 in labels with no predicted samples. Use `zero_division` parameter to control this behavior. (from /mnt/NVMETank/Projects/Students/Dele/A-STUDY-INTO-THE-QUALITY-AND-USABILITY-OF-PRIVACY-FRIENDLY-SYNTHETIC-DATA/.venv/lib/python3.12/site-packages/sklearn/metrics/_classification.py:1565)
2025-04-23 01:13:14,218 - WARNING - [UndefinedMetricWarning] Precision is ill-defined and being set to 0.0 in labels with no predicted samples. Use `zero_division` parameter to control this behavior. (from /mnt/NVMETank/Projects/Students/Dele/A-STUDY-INTO-THE-QUALITY-AND-USABILITY-OF-PRIVACY-FRIENDLY-SYNTHETIC-DATA/.venv/lib/python3.12/site-packages/sklearn/metrics/_classification.py:1565)
2025-04-23 01:13:14,221 - INFO - Computed 8 metric(s) for SVM on Original
2025-04-23 01:13:14,221 - INFO - Evaluating SVM on Anonymous...
2025-04-23 01:13:14,224 - INFO - Predictions completed for SVM on Anonymous
2025-04-23 01:13:14,224 - INFO - Prediction distribution for SVM on Anonymous: {'Y': 144}
2025-04-23 01:13:14,224 - WARNING -  [WARNING] :SVM on Anonymous predicted only one class: {'Y'}
2025-04-23 01:13:14,226 - WARNING - [UndefinedMetricWarning] Precision is ill-defined and being set to 0.0 in labels with no predicted samples. Use `zero_division` parameter to control this behavior. (from /mnt/NVMETank/Projects/Students/Dele/A-STUDY-INTO-THE-QUALITY-AND-USABILITY-OF-PRIVACY-FRIENDLY-SYNTHETIC-DATA/.venv/lib/python3.12/site-packages/sklearn/metrics/_classification.py:1565)
2025-04-23 01:13:14,227 - WARNING - [UndefinedMetricWarning] Precision is ill-defined and being set to 0.0 in labels with no predicted samples. Use `zero_division` parameter to control this behavior. (from /mnt/NVMETank/Projects/Students/Dele/A-STUDY-INTO-THE-QUALITY-AND-USABILITY-OF-PRIVACY-FRIENDLY-SYNTHETIC-DATA/.venv/lib/python3.12/site-packages/sklearn/metrics/_classification.py:1565)
2025-04-23 01:13:14,228 - WARNING - [UndefinedMetricWarning] Precision is ill-defined and being set to 0.0 in labels with no predicted samples. Use `zero_division` parameter to control this behavior. (from /mnt/NVMETank/Projects/Students/Dele/A-STUDY-INTO-THE-QUALITY-AND-USABILITY-OF-PRIVACY-FRIENDLY-SYNTHETIC-DATA/.venv/lib/python3.12/site-packages/sklearn/metrics/_classification.py:1565)
2025-04-23 01:13:14,230 - INFO - Computed 8 metric(s) for SVM on Anonymous
2025-04-23 01:13:14,230 - INFO - Evaluating SVM on CTGAN_HYBRID...
2025-04-23 01:13:14,233 - INFO - Predictions completed for SVM on CTGAN_HYBRID
2025-04-23 01:13:14,233 - INFO - Prediction distribution for SVM on CTGAN_HYBRID: {'Y': 144}
2025-04-23 01:13:14,233 - WARNING -  [WARNING] :SVM on CTGAN_HYBRID predicted only one class: {'Y'}
2025-04-23 01:13:14,236 - WARNING - [UndefinedMetricWarning] Precision is ill-defined and being set to 0.0 in labels with no predicted samples. Use `zero_division` parameter to control this behavior. (from /mnt/NVMETank/Projects/Students/Dele/A-STUDY-INTO-THE-QUALITY-AND-USABILITY-OF-PRIVACY-FRIENDLY-SYNTHETIC-DATA/.venv/lib/python3.12/site-packages/sklearn/metrics/_classification.py:1565)
2025-04-23 01:13:14,238 - WARNING - [UndefinedMetricWarning] Precision is ill-defined and being set to 0.0 in labels with no predicted samples. Use `zero_division` parameter to control this behavior. (from /mnt/NVMETank/Projects/Students/Dele/A-STUDY-INTO-THE-QUALITY-AND-USABILITY-OF-PRIVACY-FRIENDLY-SYNTHETIC-DATA/.venv/lib/python3.12/site-packages/sklearn/metrics/_classification.py:1565)
2025-04-23 01:13:14,240 - WARNING - [UndefinedMetricWarning] Precision is ill-defined and being set to 0.0 in labels with no predicted samples. Use `zero_division` parameter to control this behavior. (from /mnt/NVMETank/Projects/Students/Dele/A-STUDY-INTO-THE-QUALITY-AND-USABILITY-OF-PRIVACY-FRIENDLY-SYNTHETIC-DATA/.venv/lib/python3.12/site-packages/sklearn/metrics/_classification.py:1565)
2025-04-23 01:13:14,242 - INFO - Computed 8 metric(s) for SVM on CTGAN_HYBRID
2025-04-23 01:13:14,242 - INFO - Evaluating SVM on GaussianCopula_HYBRID...
2025-04-23 01:13:14,244 - INFO - Predictions completed for SVM on GaussianCopula_HYBRID
2025-04-23 01:13:14,245 - INFO - Prediction distribution for SVM on GaussianCopula_HYBRID: {'Y': 144}
2025-04-23 01:13:14,245 - WARNING -  [WARNING] :SVM on GaussianCopula_HYBRID predicted only one class: {'Y'}
2025-04-23 01:13:14,246 - WARNING - [UndefinedMetricWarning] Precision is ill-defined and being set to 0.0 in labels with no predicted samples. Use `zero_division` parameter to control this behavior. (from /mnt/NVMETank/Projects/Students/Dele/A-STUDY-INTO-THE-QUALITY-AND-USABILITY-OF-PRIVACY-FRIENDLY-SYNTHETIC-DATA/.venv/lib/python3.12/site-packages/sklearn/metrics/_classification.py:1565)
2025-04-23 01:13:14,248 - WARNING - [UndefinedMetricWarning] Precision is ill-defined and being set to 0.0 in labels with no predicted samples. Use `zero_division` parameter to control this behavior. (from /mnt/NVMETank/Projects/Students/Dele/A-STUDY-INTO-THE-QUALITY-AND-USABILITY-OF-PRIVACY-FRIENDLY-SYNTHETIC-DATA/.venv/lib/python3.12/site-packages/sklearn/metrics/_classification.py:1565)
2025-04-23 01:13:14,250 - WARNING - [UndefinedMetricWarning] Precision is ill-defined and being set to 0.0 in labels with no predicted samples. Use `zero_division` parameter to control this behavior. (from /mnt/NVMETank/Projects/Students/Dele/A-STUDY-INTO-THE-QUALITY-AND-USABILITY-OF-PRIVACY-FRIENDLY-SYNTHETIC-DATA/.venv/lib/python3.12/site-packages/sklearn/metrics/_classification.py:1565)
2025-04-23 01:13:14,252 - INFO - Computed 8 metric(s) for SVM on GaussianCopula_HYBRID
2025-04-23 01:13:14,252 - INFO - Evaluating SVM on TVAE_HYBRID...
2025-04-23 01:13:14,253 - INFO - Predictions completed for SVM on TVAE_HYBRID
2025-04-23 01:13:14,254 - INFO - Prediction distribution for SVM on TVAE_HYBRID: {'Y': 144}
2025-04-23 01:13:14,254 - WARNING -  [WARNING] :SVM on TVAE_HYBRID predicted only one class: {'Y'}
2025-04-23 01:13:14,256 - WARNING - [UndefinedMetricWarning] Precision is ill-defined and being set to 0.0 in labels with no predicted samples. Use `zero_division` parameter to control this behavior. (from /mnt/NVMETank/Projects/Students/Dele/A-STUDY-INTO-THE-QUALITY-AND-USABILITY-OF-PRIVACY-FRIENDLY-SYNTHETIC-DATA/.venv/lib/python3.12/site-packages/sklearn/metrics/_classification.py:1565)
2025-04-23 01:13:14,257 - WARNING - [UndefinedMetricWarning] Precision is ill-defined and being set to 0.0 in labels with no predicted samples. Use `zero_division` parameter to control this behavior. (from /mnt/NVMETank/Projects/Students/Dele/A-STUDY-INTO-THE-QUALITY-AND-USABILITY-OF-PRIVACY-FRIENDLY-SYNTHETIC-DATA/.venv/lib/python3.12/site-packages/sklearn/metrics/_classification.py:1565)
2025-04-23 01:13:14,259 - WARNING - [UndefinedMetricWarning] Precision is ill-defined and being set to 0.0 in labels with no predicted samples. Use `zero_division` parameter to control this behavior. (from /mnt/NVMETank/Projects/Students/Dele/A-STUDY-INTO-THE-QUALITY-AND-USABILITY-OF-PRIVACY-FRIENDLY-SYNTHETIC-DATA/.venv/lib/python3.12/site-packages/sklearn/metrics/_classification.py:1565)
2025-04-23 01:13:14,261 - INFO - Computed 8 metric(s) for SVM on TVAE_HYBRID
2025-04-23 01:13:14,266 - INFO - Evaluation completed for all models.
2025-04-23 01:13:14,266 - INFO - Model evaluation completed in 0.52 seconds.
2025-04-23 01:13:14,269 - INFO - Evaluated models: ['DecisionTree', 'KNN', 'LogisticRegression', 'RandomForest', 'SVM']
2025-04-23 01:13:14,269 - INFO - Model Training and Evaluation completed.
2025-04-23 01:13:14,948 - INFO -  Visualizations saved.
2025-04-23 01:13:14,948 - INFO -  Benchmarking Completed. Results saved in output folder.
2025-04-23 01:13:15,227 - INFO - Deleted anonymized file: /mnt/NVMETank/Projects/Students/Dele/A-STUDY-INTO-THE-QUALITY-AND-USABILITY-OF-PRIVACY-FRIENDLY-SYNTHETIC-DATA/datasets/anonymized/loan_k10_l2_sup15_anonymized.csv
