2025-04-18 22:47:39,525 - INFO - Loaded config file: configs/benchmark_config.yaml
2025-04-18 22:47:39,525 - INFO -  Benchmarking started for dataset: crimeData
2025-04-18 22:47:39,525 - INFO - Using dataset path: c:\Users\delea\OneDrive\Documents\Desktop\Master_Thesis\MasterThesisCode\datasets\original\crimeData.csv
2025-04-18 22:47:39,525 - INFO - Target column: Status, separator: ','
2025-04-18 22:47:39,526 - INFO - Configuration loaded: enable_anonymization = True, enable_synthesis = True, enable_hybrid = True, enable_utility = True, delete_after_evaluation = True
2025-04-18 22:47:39,526 - INFO - Running preprocessing...
2025-04-18 22:47:39,533 - INFO -  [PREPROCESSING] Preprocessed files found. Skipping preprocessing.
2025-04-18 22:47:41,648 - INFO - Preprocessing completed. Rows before: 974477, after: 260402
2025-04-18 22:47:41,649 - INFO - Preprocessed data saved to: outputs\singular\crimeData_2025-04-18_22-47-39\preprocessing_report.txt
2025-04-18 22:47:41,649 - INFO - enable_anonymization = True
2025-04-18 22:47:41,649 - INFO - Starting Anonymization Pipeline with output path: C:\Users\delea\OneDrive\Documents\Desktop\Master_Thesis\MasterThesisCode\datasets\anonymized\crimeData_k5_l2_sup10_anonymized.csv.......
2025-04-18 22:47:41,653 - INFO -  [ANONYMIZATION] Executing run_anonymization, config_path : configs/benchmark_config.yaml...........
2025-04-18 22:47:41,654 - INFO -  [ANONYMIZATION] Using JAR file at C:\Users\delea\OneDrive\Documents\Desktop\Master_Thesis\MasterThesisCode\src\anonymization\anonymARXij\bin\anonymARXij.jar to anonymize the dataset.
2025-04-18 22:47:46,298 - INFO -  [ANONYMIZATION] Anonimized file saved to : C:\Users\delea\OneDrive\Documents\Desktop\Master_Thesis\MasterThesisCode\datasets\anonymized\crimeData_k5_l2_sup10_anonymized.csv
2025-04-18 22:47:46,298 - INFO -  [ANONYMIZATION] Java anonymization completed successfully.
2025-04-18 22:47:46,298 - INFO -  [ANONYMIZATION] Java STDOUT:
? Java received config path: C:\Users\delea\OneDrive\Documents\Desktop\Master_Thesis\MasterThesisCode\configs\benchmark_config.yaml
? Loading config from: C:\Users\delea\OneDrive\Documents\Desktop\Master_Thesis\MasterThesisCode\configs\benchmark_config.yaml
Loading config from: C:\Users\delea\OneDrive\Documents\Desktop\Master_Thesis\MasterThesisCode\configs\benchmark_config.yaml
? Dataset Path (from args): C:\Users\delea\OneDrive\Documents\Desktop\Master_Thesis\MasterThesisCode\datasets\train\crimeData_train_raw.csv
? Dataset Separator: ,
? Suppression Limit: 0.1

? Configured Attributes:
  ? Quasi-Identifier: Victim_age
  ? Quasi-Identifier: Victim_sex
  ? Quasi-Identifier: Victim_descent
  ? Quasi-Identifier: LAT
  ? Quasi-Identifier: LON
  ? Sensitive Attribute: Crime_Code
  ? Insensitive Attribute: DR_NO
  ? Insensitive Attribute: Time_occured
  ? Insensitive Attribute: Premis
  ? Insensitive Attribute: Weapon
  ? Insensitive Attribute: Status

? Defined Hierarchies:
  ? Victim_sex -> C:\Users\delea\OneDrive\Documents\Desktop\Master_Thesis\MasterThesisCode\src\anonymization\anonymARXij\src\hierarchies\hierarchy_sex.csv
  ? Victim_descent -> C:\Users\delea\OneDrive\Documents\Desktop\Master_Thesis\MasterThesisCode\src\anonymization\anonymARXij\src\hierarchies\hierarchy_descent.csv
  ? Victim_age -> C:\Users\delea\OneDrive\Documents\Desktop\Master_Thesis\MasterThesisCode\src\anonymization\anonymARXij\src\hierarchies\hierarchy_age_4.csv
Java is searching for hierarchy file at: C:\Users\delea\OneDrive\Documents\Desktop\Master_Thesis\MasterThesisCode\src\anonymization\anonymARXij\src\hierarchies\hierarchy_sex.csv
Java is searching for hierarchy file at: C:\Users\delea\OneDrive\Documents\Desktop\Master_Thesis\MasterThesisCode\src\anonymization\anonymARXij\src\hierarchies\hierarchy_descent.csv
Java is searching for hierarchy file at: C:\Users\delea\OneDrive\Documents\Desktop\Master_Thesis\MasterThesisCode\src\anonymization\anonymARXij\src\hierarchies\hierarchy_age_4.csv
Interval-based hierarchy created for: LAT
Interval-based hierarchy created for: LON
? Privacy Models Configured
? Anonymized Output Path (from args): C:\Users\delea\OneDrive\Documents\Desktop\Master_Thesis\MasterThesisCode\datasets\anonymized\crimeData_k5_l2_sup10_anonymized.csv
? Anonymized Output Path: C:\Users\delea\OneDrive\Documents\Desktop\Master_Thesis\MasterThesisCode\datasets\anonymized\crimeData_k5_l2_sup10_anonymized.csv
? Anonymization completed. Output saved to: C:\Users\delea\OneDrive\Documents\Desktop\Master_Thesis\MasterThesisCode\datasets\anonymized\crimeData_k5_l2_sup10_anonymized.csv
Anonymized Data Quality Metrics:
 - Ambiguity: 0.99376178384258
 - AECS: 0.9990542536820255
 - Discernibility: 0.9883067097776335
 - Granularity: 0.5831931147420754
 - MSE: 0.0011622291233436277
 - Non-Uniform Entropy: 0.2959143704346695
 - Precision: 0.894421701830247
 - Record-level SE: 0.7405330751667614
Equivalence Class Statistics:
 - Number of Classes: 1046
 - Average Class Size: 247.40726577437857
Suppression Statistics:
 - Suppressed Records: 1614
 - Suppression Percentage: 0.62%
2025-04-18 22:47:46,299 - INFO - Anonymized data saved to: C:\Users\delea\OneDrive\Documents\Desktop\Master_Thesis\MasterThesisCode\datasets\anonymized\crimeData_k5_l2_sup10_anonymized.csv
2025-04-18 22:47:47,745 - INFO - Anonymous data report saved at: outputs\singular\crimeData_2025-04-18_22-47-39\anonymous_data_report.txt
2025-04-18 22:47:47,745 - INFO -  [POSTPROCESSING] Postprocessing anonymized data: C:\Users\delea\OneDrive\Documents\Desktop\Master_Thesis\MasterThesisCode\datasets\anonymized\crimeData_k5_l2_sup10_anonymized.csv
2025-04-18 22:47:48,187 - INFO -  [POSTPROCESSING] Loaded anonymized data: (260402, 12)
2025-04-18 22:47:48,838 - INFO -  [POSTPROCESSING] Loaded fallback maps from training data. Categorical cols: 7, Numeric cols: 5
2025-04-18 22:47:48,838 - INFO -  [POSTPROCESSING] Normalizing anonymized data using ARX artifact cleaning and fallback values.
2025-04-18 22:47:54,839 - INFO -  [POSTPROCESSING] Normalized anonymized data saved to: C:\Users\delea\OneDrive\Documents\Desktop\Master_Thesis\MasterThesisCode\datasets\anonymized\crimeData_k5_l2_sup10_anonymized_processed.csv
2025-04-18 22:47:55,506 - INFO -  [POSTPROCESSING] Binary Encoding applied to anonymized data. Encoded shape: (260402, 47)
2025-04-18 22:47:57,235 - INFO -  [POSTPROCESSING] Encoded anonymized dataset saved to: C:\Users\delea\OneDrive\Documents\Desktop\Master_Thesis\MasterThesisCode\datasets\anonymized\crimeData_k5_l2_sup10_anonymized_encoded.csv
2025-04-18 22:47:57,235 - INFO -  [POSTPROCESSING] Encoding map generated for anonymized data: 0 original categorical columns.
2025-04-18 22:47:57,251 - INFO - Postprocessing report saved at: outputs\singular\crimeData_2025-04-18_22-47-39\postprocessing_report.txt
2025-04-18 22:47:57,251 - INFO - enable_synthetic_generation = True
2025-04-18 22:47:57,252 - INFO - Starting standard Synthetic Data Generation pipeline...
2025-04-18 22:47:57,252 - INFO - Executing run_synthetic.....
2025-04-18 22:47:57,252 - INFO - [SYNTHETIC PIPELINE] executing run_synthetic for crimeData...
2025-04-18 22:47:57,252 - INFO - [SYNTHETIC] Processing dataset: crimeData
2025-04-18 22:47:57,253 - INFO - [SYNTHETIC] Original dataset size: 260402 rows
2025-04-18 22:47:57,737 - INFO - Detected metadata:
2025-04-18 22:47:57,738 - INFO - {
    "primary_key": "DR_NO",
    "METADATA_SPEC_VERSION": "SINGLE_TABLE_V1",
    "columns": {
        "DR_NO": {
            "sdtype": "id"
        },
        "Date_occured_0": {
            "sdtype": "categorical"
        },
        "Date_occured_1": {
            "sdtype": "categorical"
        },
        "Date_occured_2": {
            "sdtype": "categorical"
        },
        "Date_occured_3": {
            "sdtype": "categorical"
        },
        "Date_occured_4": {
            "sdtype": "categorical"
        },
        "Date_occured_5": {
            "sdtype": "categorical"
        },
        "Date_occured_6": {
            "sdtype": "categorical"
        },
        "Date_occured_7": {
            "sdtype": "categorical"
        },
        "Date_occured_8": {
            "sdtype": "categorical"
        },
        "Date_occured_9": {
            "sdtype": "categorical"
        },
        "Date_occured_10": {
            "sdtype": "categorical"
        },
        "Time_occured": {
            "sdtype": "numerical"
        },
        "Crime_Code_0": {
            "sdtype": "categorical"
        },
        "Crime_Code_1": {
            "sdtype": "categorical"
        },
        "Crime_Code_2": {
            "sdtype": "categorical"
        },
        "Crime_Code_3": {
            "sdtype": "categorical"
        },
        "Crime_Code_4": {
            "sdtype": "categorical"
        },
        "Crime_Code_5": {
            "sdtype": "categorical"
        },
        "Crime_Code_6": {
            "sdtype": "categorical"
        },
        "Victim_age": {
            "sdtype": "numerical"
        },
        "Victim_sex_1": {
            "sdtype": "categorical"
        },
        "Victim_sex_2": {
            "sdtype": "categorical"
        },
        "Victim_descent_0": {
            "sdtype": "categorical"
        },
        "Victim_descent_1": {
            "sdtype": "categorical"
        },
        "Victim_descent_2": {
            "sdtype": "categorical"
        },
        "Victim_descent_3": {
            "sdtype": "categorical"
        },
        "Victim_descent_4": {
            "sdtype": "categorical"
        },
        "Premis_0": {
            "sdtype": "categorical"
        },
        "Premis_1": {
            "sdtype": "categorical"
        },
        "Premis_2": {
            "sdtype": "categorical"
        },
        "Premis_3": {
            "sdtype": "categorical"
        },
        "Premis_4": {
            "sdtype": "categorical"
        },
        "Premis_5": {
            "sdtype": "categorical"
        },
        "Premis_6": {
            "sdtype": "categorical"
        },
        "Premis_7": {
            "sdtype": "categorical"
        },
        "Premis_8": {
            "sdtype": "categorical"
        },
        "Weapon_0": {
            "sdtype": "categorical"
        },
        "Weapon_1": {
            "sdtype": "categorical"
        },
        "Weapon_2": {
            "sdtype": "categorical"
        },
        "Weapon_3": {
            "sdtype": "categorical"
        },
        "Weapon_4": {
            "sdtype": "categorical"
        },
        "Weapon_5": {
            "sdtype": "categorical"
        },
        "Weapon_6": {
            "sdtype": "categorical"
        },
        "Status": {
            "sdtype": "categorical"
        },
        "LAT": {
            "sdtype": "numerical"
        },
        "LON": {
            "sdtype": "numerical"
        }
    }
}
2025-04-18 22:47:57,740 - INFO - [SYNTHETIC] Preparing synthesizer: CTGAN
2025-04-18 22:47:57,740 - INFO - [SYNTHETIC] Params from config: {'epochs': 1}
2025-04-18 22:47:57,741 - INFO -  [SYNTHETIC] No pre-trained synthesizer found
2025-04-18 22:47:57,741 - INFO - [SYNTHETIC] Training new CTGAN synthesizer from scratch...
2025-04-18 22:47:57,741 - WARNING - [UserWarning] We strongly recommend saving the metadata using 'save_to_json' for replicability in future SDV versions. (from C:\Users\delea\AppData\Local\Programs\Python\Python312\Lib\site-packages\sdv\single_table\base.py:97)
2025-04-18 22:47:57,747 - INFO - {'EVENT': 'Instance', 'TIMESTAMP': datetime.datetime(2025, 4, 18, 22, 47, 57, 747253), 'SYNTHESIZER CLASS NAME': 'CTGANSynthesizer', 'SYNTHESIZER ID': 'CTGANSynthesizer_1.16.1_6827a7ab6edc445c8c6300c5f5a63f2d'}
2025-04-18 22:47:57,748 - INFO - [SYNTHETIC] CTGAN initialized with epochs: 1
2025-04-18 22:47:57,748 - INFO - [SYNTHETIC] Training parameters for CTGAN: {}
2025-04-18 22:47:57,748 - INFO - [SYNTHETIC] fitting CTGAN 
2025-04-18 22:47:57,748 - INFO - {'EVENT': 'Fit', 'TIMESTAMP': datetime.datetime(2025, 4, 18, 22, 47, 57, 748226), 'SYNTHESIZER CLASS NAME': 'CTGANSynthesizer', 'SYNTHESIZER ID': 'CTGANSynthesizer_1.16.1_6827a7ab6edc445c8c6300c5f5a63f2d', 'TOTAL NUMBER OF TABLES': 1, 'TOTAL NUMBER OF ROWS': 260402, 'TOTAL NUMBER OF COLUMNS': 47}
2025-04-18 22:47:58,098 - INFO - Fitting table  metadata
2025-04-18 22:47:58,123 - INFO - Fitting formatters for table 
2025-04-18 22:47:58,175 - INFO - Fitting constraints for table 
2025-04-18 22:47:58,175 - INFO - Setting the configuration for the ``HyperTransformer`` for table 
2025-04-18 22:47:58,327 - INFO - Fitting HyperTransformer for table 
2025-04-18 22:47:59,260 - INFO - {'EVENT': 'Fit processed data', 'TIMESTAMP': datetime.datetime(2025, 4, 18, 22, 47, 59, 260017), 'SYNTHESIZER CLASS NAME': 'CTGANSynthesizer', 'SYNTHESIZER ID': 'CTGANSynthesizer_1.16.1_6827a7ab6edc445c8c6300c5f5a63f2d', 'TOTAL NUMBER OF TABLES': 1, 'TOTAL NUMBER OF ROWS': 260402, 'TOTAL NUMBER OF COLUMNS': 46}
2025-04-18 22:47:59,347 - INFO - Guidance: There are no missing values in column Time_occured. Extra column not created.
2025-04-18 22:48:19,435 - INFO - Guidance: There are no missing values in column Victim_age. Extra column not created.
2025-04-18 22:48:40,337 - INFO - Guidance: There are no missing values in column LAT. Extra column not created.
2025-04-18 22:48:59,630 - INFO - Guidance: There are no missing values in column LON. Extra column not created.
2025-04-18 22:51:14,818 - INFO - [SYNTHETIC] Fitting complete for CTGAN. Duration: 197.07 seconds.
2025-04-18 22:51:14,818 - INFO - [SYNTHETIC] CONFIRMATION CTGAN actually trained with epochs = 1
2025-04-18 22:51:14,819 - INFO - {'EVENT': 'Save', 'TIMESTAMP': datetime.datetime(2025, 4, 18, 22, 51, 14, 819409), 'SYNTHESIZER CLASS NAME': 'CTGANSynthesizer', 'SYNTHESIZER ID': 'CTGANSynthesizer_1.16.1_6827a7ab6edc445c8c6300c5f5a63f2d'}
2025-04-18 22:51:14,892 - INFO - [SYNTHETIC] CTGAN trained and saved.
2025-04-18 22:51:14,892 - INFO - [SYNTHETIC] Preparing synthesizer: TVAE
2025-04-18 22:51:14,893 - INFO - [SYNTHETIC] Params from config: {'epochs': 1}
2025-04-18 22:51:14,893 - INFO -  [SYNTHETIC] No pre-trained synthesizer found
2025-04-18 22:51:14,893 - INFO - [SYNTHETIC] Training new TVAE synthesizer from scratch...
2025-04-18 22:51:14,897 - INFO - {'EVENT': 'Instance', 'TIMESTAMP': datetime.datetime(2025, 4, 18, 22, 51, 14, 897466), 'SYNTHESIZER CLASS NAME': 'TVAESynthesizer', 'SYNTHESIZER ID': 'TVAESynthesizer_1.16.1_8d1ae64bb0684d138da550a388103437'}
2025-04-18 22:51:14,897 - INFO - [SYNTHETIC] TVAE initialized with epochs: 1
2025-04-18 22:51:14,897 - INFO - [SYNTHETIC] Training parameters for TVAE: {}
2025-04-18 22:51:14,897 - INFO - [SYNTHETIC] fitting TVAE 
2025-04-18 22:51:14,899 - INFO - {'EVENT': 'Fit', 'TIMESTAMP': datetime.datetime(2025, 4, 18, 22, 51, 14, 899123), 'SYNTHESIZER CLASS NAME': 'TVAESynthesizer', 'SYNTHESIZER ID': 'TVAESynthesizer_1.16.1_8d1ae64bb0684d138da550a388103437', 'TOTAL NUMBER OF TABLES': 1, 'TOTAL NUMBER OF ROWS': 260402, 'TOTAL NUMBER OF COLUMNS': 47}
2025-04-18 22:51:15,244 - INFO - Fitting table  metadata
2025-04-18 22:51:15,277 - INFO - Fitting formatters for table 
2025-04-18 22:51:15,318 - INFO - Fitting constraints for table 
2025-04-18 22:51:15,319 - INFO - Setting the configuration for the ``HyperTransformer`` for table 
2025-04-18 22:51:15,373 - INFO - Fitting HyperTransformer for table 
2025-04-18 22:51:16,187 - INFO - {'EVENT': 'Fit processed data', 'TIMESTAMP': datetime.datetime(2025, 4, 18, 22, 51, 16, 187185), 'SYNTHESIZER CLASS NAME': 'TVAESynthesizer', 'SYNTHESIZER ID': 'TVAESynthesizer_1.16.1_8d1ae64bb0684d138da550a388103437', 'TOTAL NUMBER OF TABLES': 1, 'TOTAL NUMBER OF ROWS': 260402, 'TOTAL NUMBER OF COLUMNS': 46}
2025-04-18 22:51:16,271 - INFO - Guidance: There are no missing values in column Time_occured. Extra column not created.
2025-04-18 22:51:36,895 - INFO - Guidance: There are no missing values in column Victim_age. Extra column not created.
2025-04-18 22:52:00,585 - INFO - Guidance: There are no missing values in column LAT. Extra column not created.
2025-04-18 22:52:19,097 - INFO - Guidance: There are no missing values in column LON. Extra column not created.
2025-04-18 22:53:14,275 - INFO - [SYNTHETIC] Fitting complete for TVAE. Duration: 119.38 seconds.
2025-04-18 22:53:14,276 - INFO - [SYNTHETIC] CONFIRMATION TVAE actually trained with epochs = 1
2025-04-18 22:53:14,276 - INFO - {'EVENT': 'Save', 'TIMESTAMP': datetime.datetime(2025, 4, 18, 22, 53, 14, 276895), 'SYNTHESIZER CLASS NAME': 'TVAESynthesizer', 'SYNTHESIZER ID': 'TVAESynthesizer_1.16.1_8d1ae64bb0684d138da550a388103437'}
2025-04-18 22:53:14,301 - INFO - [SYNTHETIC] TVAE trained and saved.
2025-04-18 22:53:14,301 - INFO - [SYNTHETIC] Preparing synthesizer: GaussianCopula
2025-04-18 22:53:14,301 - INFO - [SYNTHETIC] Params from config: {}
2025-04-18 22:53:14,301 - INFO -  [SYNTHETIC] No pre-trained synthesizer found
2025-04-18 22:53:14,302 - INFO - [SYNTHETIC] Training new GaussianCopula synthesizer from scratch...
2025-04-18 22:53:14,304 - INFO - {'EVENT': 'Instance', 'TIMESTAMP': datetime.datetime(2025, 4, 18, 22, 53, 14, 304740), 'SYNTHESIZER CLASS NAME': 'GaussianCopulaSynthesizer', 'SYNTHESIZER ID': 'GaussianCopulaSynthesizer_1.16.1_39bf55e48c334057ba14b2c2157ec0c1'}
2025-04-18 22:53:14,304 - INFO - [SYNTHETIC] fitting GaussianCopula 
2025-04-18 22:53:14,305 - INFO - {'EVENT': 'Fit', 'TIMESTAMP': datetime.datetime(2025, 4, 18, 22, 53, 14, 305738), 'SYNTHESIZER CLASS NAME': 'GaussianCopulaSynthesizer', 'SYNTHESIZER ID': 'GaussianCopulaSynthesizer_1.16.1_39bf55e48c334057ba14b2c2157ec0c1', 'TOTAL NUMBER OF TABLES': 1, 'TOTAL NUMBER OF ROWS': 260402, 'TOTAL NUMBER OF COLUMNS': 47}
2025-04-18 22:53:14,658 - INFO - Fitting table  metadata
2025-04-18 22:53:14,686 - INFO - Fitting formatters for table 
2025-04-18 22:53:14,750 - INFO - Fitting constraints for table 
2025-04-18 22:53:14,750 - INFO - Setting the configuration for the ``HyperTransformer`` for table 
2025-04-18 22:53:14,879 - INFO - Fitting HyperTransformer for table 
2025-04-18 22:53:59,073 - INFO - {'EVENT': 'Fit processed data', 'TIMESTAMP': datetime.datetime(2025, 4, 18, 22, 53, 59, 73462), 'SYNTHESIZER CLASS NAME': 'GaussianCopulaSynthesizer', 'SYNTHESIZER ID': 'GaussianCopulaSynthesizer_1.16.1_39bf55e48c334057ba14b2c2157ec0c1', 'TOTAL NUMBER OF TABLES': 1, 'TOTAL NUMBER OF ROWS': 260402, 'TOTAL NUMBER OF COLUMNS': 46}
2025-04-18 22:53:59,082 - INFO - Fitting GaussianMultivariate(distribution="{'Date_occured_0': <class 'copulas.univariate.beta.BetaUnivariate'>, 'Date_occured_1': <class 'copulas.univariate.beta.BetaUnivariate'>, 'Date_occured_2': <class 'copulas.univariate.beta.BetaUnivariate'>, 'Date_occured_3': <class 'copulas.univariate.beta.BetaUnivariate'>, 'Date_occured_4': <class 'copulas.univariate.beta.BetaUnivariate'>, 'Date_occured_5': <class 'copulas.univariate.beta.BetaUnivariate'>, 'Date_occured_6': <class 'copulas.univariate.beta.BetaUnivariate'>, 'Date_occured_7': <class 'copulas.univariate.beta.BetaUnivariate'>, 'Date_occured_8': <class 'copulas.univariate.beta.BetaUnivariate'>, 'Date_occured_9': <class 'copulas.univariate.beta.BetaUnivariate'>, 'Date_occured_10': <class 'copulas.univariate.beta.BetaUnivariate'>, 'Time_occured': <class 'copulas.univariate.beta.BetaUnivariate'>, 'Crime_Code_0': <class 'copulas.univariate.beta.BetaUnivariate'>, 'Crime_Code_1': <class 'copulas.univariate.beta.BetaUnivariate'>, 'Crime_Code_2': <class 'copulas.univariate.beta.BetaUnivariate'>, 'Crime_Code_3': <class 'copulas.univariate.beta.BetaUnivariate'>, 'Crime_Code_4': <class 'copulas.univariate.beta.BetaUnivariate'>, 'Crime_Code_5': <class 'copulas.univariate.beta.BetaUnivariate'>, 'Crime_Code_6': <class 'copulas.univariate.beta.BetaUnivariate'>, 'Victim_age': <class 'copulas.univariate.beta.BetaUnivariate'>, 'Victim_sex_1': <class 'copulas.univariate.beta.BetaUnivariate'>, 'Victim_sex_2': <class 'copulas.univariate.beta.BetaUnivariate'>, 'Victim_descent_0': <class 'copulas.univariate.beta.BetaUnivariate'>, 'Victim_descent_1': <class 'copulas.univariate.beta.BetaUnivariate'>, 'Victim_descent_2': <class 'copulas.univariate.beta.BetaUnivariate'>, 'Victim_descent_3': <class 'copulas.univariate.beta.BetaUnivariate'>, 'Victim_descent_4': <class 'copulas.univariate.beta.BetaUnivariate'>, 'Premis_0': <class 'copulas.univariate.beta.BetaUnivariate'>, 'Premis_1': <class 'copulas.univariate.beta.BetaUnivariate'>, 'Premis_2': <class 'copulas.univariate.beta.BetaUnivariate'>, 'Premis_3': <class 'copulas.univariate.beta.BetaUnivariate'>, 'Premis_4': <class 'copulas.univariate.beta.BetaUnivariate'>, 'Premis_5': <class 'copulas.univariate.beta.BetaUnivariate'>, 'Premis_6': <class 'copulas.univariate.beta.BetaUnivariate'>, 'Premis_7': <class 'copulas.univariate.beta.BetaUnivariate'>, 'Premis_8': <class 'copulas.univariate.beta.BetaUnivariate'>, 'Weapon_0': <class 'copulas.univariate.beta.BetaUnivariate'>, 'Weapon_1': <class 'copulas.univariate.beta.BetaUnivariate'>, 'Weapon_2': <class 'copulas.univariate.beta.BetaUnivariate'>, 'Weapon_3': <class 'copulas.univariate.beta.BetaUnivariate'>, 'Weapon_4': <class 'copulas.univariate.beta.BetaUnivariate'>, 'Weapon_5': <class 'copulas.univariate.beta.BetaUnivariate'>, 'Weapon_6': <class 'copulas.univariate.beta.BetaUnivariate'>, 'Status': <class 'copulas.univariate.beta.BetaUnivariate'>, 'LAT': <class 'copulas.univariate.beta.BetaUnivariate'>, 'LON': <class 'copulas.univariate.beta.BetaUnivariate'>}")
2025-04-18 22:59:47,240 - INFO - [SYNTHETIC] Fitting complete for GaussianCopula. Duration: 392.94 seconds.
2025-04-18 22:59:47,240 - WARNING - [SYNTHETIC] WARNING Could not determine actual epochs used for GaussianCopula
2025-04-18 22:59:47,240 - INFO - {'EVENT': 'Save', 'TIMESTAMP': datetime.datetime(2025, 4, 18, 22, 59, 47, 240767), 'SYNTHESIZER CLASS NAME': 'GaussianCopulaSynthesizer', 'SYNTHESIZER ID': 'GaussianCopulaSynthesizer_1.16.1_39bf55e48c334057ba14b2c2157ec0c1'}
2025-04-18 22:59:47,300 - INFO - [SYNTHETIC] GaussianCopula trained and saved.
2025-04-18 22:59:47,303 - INFO - [SYNTHETIC] Using CTGAN to generate 260402 rows...
2025-04-18 23:00:45,237 - INFO - {'EVENT': 'Sample', 'TIMESTAMP': datetime.datetime(2025, 4, 18, 22, 59, 47, 303586), 'SYNTHESIZER CLASS NAME': 'CTGANSynthesizer', 'SYNTHESIZER ID': 'CTGANSynthesizer_1.16.1_6827a7ab6edc445c8c6300c5f5a63f2d', 'TOTAL NUMBER OF TABLES': 1, 'TOTAL NUMBER OF ROWS': 260402, 'TOTAL NUMBER OF COLUMNS': 47}
2025-04-18 23:00:45,237 - INFO - [SYNTHETIC] CTGAN completed: 260402 rows generated.
2025-04-18 23:00:45,247 - INFO - [SYNTHETIC] Target class distribution for CTGAN: {'Invest Cont': 131742, 'Adult Other': 66324, 'Adult Arrest': 57592, 'Juv Arrest': 3134, 'Juv Other': 1473, 'UNK': 137}
2025-04-18 23:00:45,247 - INFO - [SYNTHETIC] Using TVAE to generate 260402 rows...
2025-04-18 23:01:34,355 - INFO - {'EVENT': 'Sample', 'TIMESTAMP': datetime.datetime(2025, 4, 18, 23, 0, 45, 247436), 'SYNTHESIZER CLASS NAME': 'TVAESynthesizer', 'SYNTHESIZER ID': 'TVAESynthesizer_1.16.1_8d1ae64bb0684d138da550a388103437', 'TOTAL NUMBER OF TABLES': 1, 'TOTAL NUMBER OF ROWS': 260402, 'TOTAL NUMBER OF COLUMNS': 47}
2025-04-18 23:01:34,355 - INFO - [SYNTHETIC] TVAE completed: 260402 rows generated.
2025-04-18 23:01:34,362 - INFO - [SYNTHETIC] Target class distribution for TVAE: {'Invest Cont': 249163, 'Adult Other': 11073, 'Adult Arrest': 166}
2025-04-18 23:01:34,371 - INFO - [SYNTHETIC] Using GaussianCopula to generate 260402 rows...
2025-04-18 23:02:47,177 - INFO - {'EVENT': 'Sample', 'TIMESTAMP': datetime.datetime(2025, 4, 18, 23, 1, 34, 371101), 'SYNTHESIZER CLASS NAME': 'GaussianCopulaSynthesizer', 'SYNTHESIZER ID': 'GaussianCopulaSynthesizer_1.16.1_39bf55e48c334057ba14b2c2157ec0c1', 'TOTAL NUMBER OF TABLES': 1, 'TOTAL NUMBER OF ROWS': 260402, 'TOTAL NUMBER OF COLUMNS': 47}
2025-04-18 23:02:47,177 - INFO - [SYNTHETIC] GaussianCopula completed: 260402 rows generated.
2025-04-18 23:02:47,185 - INFO - [SYNTHETIC] Target class distribution for GaussianCopula: {'Invest Cont': 153260, 'Adult Other': 61699, 'Adult Arrest': 42569, 'Juv Arrest': 1845, 'Juv Other': 1027, 'UNK': 2}
2025-04-18 23:02:47,234 - INFO - [SYNTHETIC PIPELINE] Synthetic Data Generation Completed.
2025-04-18 23:02:47,234 - INFO - [SYNTHETIC PIPELINE] Synthesizers used: ['CTGAN', 'TVAE', 'GaussianCopula']
2025-04-18 23:02:47,234 - INFO - [SYNTHETIC PIPELINE] Evaluating synthetic dataset generated by CTGAN...
2025-04-18 23:02:47,234 - INFO - [SYNTHETIC EVAL] Real data columns     (47): ['DR_NO', 'Date_occured_0', 'Date_occured_1', 'Date_occured_2', 'Date_occured_3', 'Date_occured_4', 'Date_occured_5', 'Date_occured_6', 'Date_occured_7', 'Date_occured_8', 'Date_occured_9', 'Date_occured_10', 'Time_occured', 'Crime_Code_0', 'Crime_Code_1', 'Crime_Code_2', 'Crime_Code_3', 'Crime_Code_4', 'Crime_Code_5', 'Crime_Code_6', 'Victim_age', 'Victim_sex_1', 'Victim_sex_2', 'Victim_descent_0', 'Victim_descent_1', 'Victim_descent_2', 'Victim_descent_3', 'Victim_descent_4', 'Premis_0', 'Premis_1', 'Premis_2', 'Premis_3', 'Premis_4', 'Premis_5', 'Premis_6', 'Premis_7', 'Premis_8', 'Weapon_0', 'Weapon_1', 'Weapon_2', 'Weapon_3', 'Weapon_4', 'Weapon_5', 'Weapon_6', 'Status', 'LAT', 'LON']
2025-04-18 23:02:47,234 - INFO - [SYNTHETIC EVAL] Synthetic data columns (47): ['DR_NO', 'Date_occured_0', 'Date_occured_1', 'Date_occured_2', 'Date_occured_3', 'Date_occured_4', 'Date_occured_5', 'Date_occured_6', 'Date_occured_7', 'Date_occured_8', 'Date_occured_9', 'Date_occured_10', 'Time_occured', 'Crime_Code_0', 'Crime_Code_1', 'Crime_Code_2', 'Crime_Code_3', 'Crime_Code_4', 'Crime_Code_5', 'Crime_Code_6', 'Victim_age', 'Victim_sex_1', 'Victim_sex_2', 'Victim_descent_0', 'Victim_descent_1', 'Victim_descent_2', 'Victim_descent_3', 'Victim_descent_4', 'Premis_0', 'Premis_1', 'Premis_2', 'Premis_3', 'Premis_4', 'Premis_5', 'Premis_6', 'Premis_7', 'Premis_8', 'Weapon_0', 'Weapon_1', 'Weapon_2', 'Weapon_3', 'Weapon_4', 'Weapon_5', 'Weapon_6', 'Status', 'LAT', 'LON']
2025-04-18 23:02:47,234 - INFO - [SYNTHETIC EVAL] Metadata columns      (47): ['DR_NO', 'Date_occured_0', 'Date_occured_1', 'Date_occured_2', 'Date_occured_3', 'Date_occured_4', 'Date_occured_5', 'Date_occured_6', 'Date_occured_7', 'Date_occured_8', 'Date_occured_9', 'Date_occured_10', 'Time_occured', 'Crime_Code_0', 'Crime_Code_1', 'Crime_Code_2', 'Crime_Code_3', 'Crime_Code_4', 'Crime_Code_5', 'Crime_Code_6', 'Victim_age', 'Victim_sex_1', 'Victim_sex_2', 'Victim_descent_0', 'Victim_descent_1', 'Victim_descent_2', 'Victim_descent_3', 'Victim_descent_4', 'Premis_0', 'Premis_1', 'Premis_2', 'Premis_3', 'Premis_4', 'Premis_5', 'Premis_6', 'Premis_7', 'Premis_8', 'Weapon_0', 'Weapon_1', 'Weapon_2', 'Weapon_3', 'Weapon_4', 'Weapon_5', 'Weapon_6', 'Status', 'LAT', 'LON']
2025-04-18 23:02:47,234 - INFO - [SYNTHETIC EVAL] Shape — Real: (260402, 47), Synthetic: (260402, 47)
2025-04-18 23:02:47,234 - INFO - [SYNTHETIC EVAL] Metadata structure:
{
  "primary_key": "DR_NO",
  "METADATA_SPEC_VERSION": "SINGLE_TABLE_V1",
  "columns": {
    "DR_NO": {
      "sdtype": "id"
    },
    "Date_occured_0": {
      "sdtype": "categorical"
    },
    "Date_occured_1": {
      "sdtype": "categorical"
    },
    "Date_occured_2": {
      "sdtype": "categorical"
    },
    "Date_occured_3": {
      "sdtype": "categorical"
    },
    "Date_occured_4": {
      "sdtype": "categorical"
    },
    "Date_occured_5": {
      "sdtype": "categorical"
    },
    "Date_occured_6": {
      "sdtype": "categorical"
    },
    "Date_occured_7": {
      "sdtype": "categorical"
    },
    "Date_occured_8": {
      "sdtype": "categorical"
    },
    "Date_occured_9": {
      "sdtype": "categorical"
    },
    "Date_occured_10": {
      "sdtype": "categorical"
    },
    "Time_occured": {
      "sdtype": "numerical"
    },
    "Crime_Code_0": {
      "sdtype": "categorical"
    },
    "Crime_Code_1": {
      "sdtype": "categorical"
    },
    "Crime_Code_2": {
      "sdtype": "categorical"
    },
    "Crime_Code_3": {
      "sdtype": "categorical"
    },
    "Crime_Code_4": {
      "sdtype": "categorical"
    },
    "Crime_Code_5": {
      "sdtype": "categorical"
    },
    "Crime_Code_6": {
      "sdtype": "categorical"
    },
    "Victim_age": {
      "sdtype": "numerical"
    },
    "Victim_sex_1": {
      "sdtype": "categorical"
    },
    "Victim_sex_2": {
      "sdtype": "categorical"
    },
    "Victim_descent_0": {
      "sdtype": "categorical"
    },
    "Victim_descent_1": {
      "sdtype": "categorical"
    },
    "Victim_descent_2": {
      "sdtype": "categorical"
    },
    "Victim_descent_3": {
      "sdtype": "categorical"
    },
    "Victim_descent_4": {
      "sdtype": "categorical"
    },
    "Premis_0": {
      "sdtype": "categorical"
    },
    "Premis_1": {
      "sdtype": "categorical"
    },
    "Premis_2": {
      "sdtype": "categorical"
    },
    "Premis_3": {
      "sdtype": "categorical"
    },
    "Premis_4": {
      "sdtype": "categorical"
    },
    "Premis_5": {
      "sdtype": "categorical"
    },
    "Premis_6": {
      "sdtype": "categorical"
    },
    "Premis_7": {
      "sdtype": "categorical"
    },
    "Premis_8": {
      "sdtype": "categorical"
    },
    "Weapon_0": {
      "sdtype": "categorical"
    },
    "Weapon_1": {
      "sdtype": "categorical"
    },
    "Weapon_2": {
      "sdtype": "categorical"
    },
    "Weapon_3": {
      "sdtype": "categorical"
    },
    "Weapon_4": {
      "sdtype": "categorical"
    },
    "Weapon_5": {
      "sdtype": "categorical"
    },
    "Weapon_6": {
      "sdtype": "categorical"
    },
    "Status": {
      "sdtype": "categorical"
    },
    "LAT": {
      "sdtype": "numerical"
    },
    "LON": {
      "sdtype": "numerical"
    }
  }
}
2025-04-18 23:06:43,119 - INFO - [SYNTHETIC PIPELINE] Evaluating synthetic dataset generated by TVAE...
2025-04-18 23:06:43,119 - INFO - [SYNTHETIC EVAL] Real data columns     (47): ['DR_NO', 'Date_occured_0', 'Date_occured_1', 'Date_occured_2', 'Date_occured_3', 'Date_occured_4', 'Date_occured_5', 'Date_occured_6', 'Date_occured_7', 'Date_occured_8', 'Date_occured_9', 'Date_occured_10', 'Time_occured', 'Crime_Code_0', 'Crime_Code_1', 'Crime_Code_2', 'Crime_Code_3', 'Crime_Code_4', 'Crime_Code_5', 'Crime_Code_6', 'Victim_age', 'Victim_sex_1', 'Victim_sex_2', 'Victim_descent_0', 'Victim_descent_1', 'Victim_descent_2', 'Victim_descent_3', 'Victim_descent_4', 'Premis_0', 'Premis_1', 'Premis_2', 'Premis_3', 'Premis_4', 'Premis_5', 'Premis_6', 'Premis_7', 'Premis_8', 'Weapon_0', 'Weapon_1', 'Weapon_2', 'Weapon_3', 'Weapon_4', 'Weapon_5', 'Weapon_6', 'Status', 'LAT', 'LON']
2025-04-18 23:06:43,120 - INFO - [SYNTHETIC EVAL] Synthetic data columns (47): ['DR_NO', 'Date_occured_0', 'Date_occured_1', 'Date_occured_2', 'Date_occured_3', 'Date_occured_4', 'Date_occured_5', 'Date_occured_6', 'Date_occured_7', 'Date_occured_8', 'Date_occured_9', 'Date_occured_10', 'Time_occured', 'Crime_Code_0', 'Crime_Code_1', 'Crime_Code_2', 'Crime_Code_3', 'Crime_Code_4', 'Crime_Code_5', 'Crime_Code_6', 'Victim_age', 'Victim_sex_1', 'Victim_sex_2', 'Victim_descent_0', 'Victim_descent_1', 'Victim_descent_2', 'Victim_descent_3', 'Victim_descent_4', 'Premis_0', 'Premis_1', 'Premis_2', 'Premis_3', 'Premis_4', 'Premis_5', 'Premis_6', 'Premis_7', 'Premis_8', 'Weapon_0', 'Weapon_1', 'Weapon_2', 'Weapon_3', 'Weapon_4', 'Weapon_5', 'Weapon_6', 'Status', 'LAT', 'LON']
2025-04-18 23:06:43,120 - INFO - [SYNTHETIC EVAL] Metadata columns      (47): ['DR_NO', 'Date_occured_0', 'Date_occured_1', 'Date_occured_2', 'Date_occured_3', 'Date_occured_4', 'Date_occured_5', 'Date_occured_6', 'Date_occured_7', 'Date_occured_8', 'Date_occured_9', 'Date_occured_10', 'Time_occured', 'Crime_Code_0', 'Crime_Code_1', 'Crime_Code_2', 'Crime_Code_3', 'Crime_Code_4', 'Crime_Code_5', 'Crime_Code_6', 'Victim_age', 'Victim_sex_1', 'Victim_sex_2', 'Victim_descent_0', 'Victim_descent_1', 'Victim_descent_2', 'Victim_descent_3', 'Victim_descent_4', 'Premis_0', 'Premis_1', 'Premis_2', 'Premis_3', 'Premis_4', 'Premis_5', 'Premis_6', 'Premis_7', 'Premis_8', 'Weapon_0', 'Weapon_1', 'Weapon_2', 'Weapon_3', 'Weapon_4', 'Weapon_5', 'Weapon_6', 'Status', 'LAT', 'LON']
2025-04-18 23:06:43,120 - INFO - [SYNTHETIC EVAL] Shape — Real: (260402, 47), Synthetic: (260402, 47)
2025-04-18 23:06:43,120 - INFO - [SYNTHETIC EVAL] Metadata structure:
{
  "primary_key": "DR_NO",
  "METADATA_SPEC_VERSION": "SINGLE_TABLE_V1",
  "columns": {
    "DR_NO": {
      "sdtype": "id"
    },
    "Date_occured_0": {
      "sdtype": "categorical"
    },
    "Date_occured_1": {
      "sdtype": "categorical"
    },
    "Date_occured_2": {
      "sdtype": "categorical"
    },
    "Date_occured_3": {
      "sdtype": "categorical"
    },
    "Date_occured_4": {
      "sdtype": "categorical"
    },
    "Date_occured_5": {
      "sdtype": "categorical"
    },
    "Date_occured_6": {
      "sdtype": "categorical"
    },
    "Date_occured_7": {
      "sdtype": "categorical"
    },
    "Date_occured_8": {
      "sdtype": "categorical"
    },
    "Date_occured_9": {
      "sdtype": "categorical"
    },
    "Date_occured_10": {
      "sdtype": "categorical"
    },
    "Time_occured": {
      "sdtype": "numerical"
    },
    "Crime_Code_0": {
      "sdtype": "categorical"
    },
    "Crime_Code_1": {
      "sdtype": "categorical"
    },
    "Crime_Code_2": {
      "sdtype": "categorical"
    },
    "Crime_Code_3": {
      "sdtype": "categorical"
    },
    "Crime_Code_4": {
      "sdtype": "categorical"
    },
    "Crime_Code_5": {
      "sdtype": "categorical"
    },
    "Crime_Code_6": {
      "sdtype": "categorical"
    },
    "Victim_age": {
      "sdtype": "numerical"
    },
    "Victim_sex_1": {
      "sdtype": "categorical"
    },
    "Victim_sex_2": {
      "sdtype": "categorical"
    },
    "Victim_descent_0": {
      "sdtype": "categorical"
    },
    "Victim_descent_1": {
      "sdtype": "categorical"
    },
    "Victim_descent_2": {
      "sdtype": "categorical"
    },
    "Victim_descent_3": {
      "sdtype": "categorical"
    },
    "Victim_descent_4": {
      "sdtype": "categorical"
    },
    "Premis_0": {
      "sdtype": "categorical"
    },
    "Premis_1": {
      "sdtype": "categorical"
    },
    "Premis_2": {
      "sdtype": "categorical"
    },
    "Premis_3": {
      "sdtype": "categorical"
    },
    "Premis_4": {
      "sdtype": "categorical"
    },
    "Premis_5": {
      "sdtype": "categorical"
    },
    "Premis_6": {
      "sdtype": "categorical"
    },
    "Premis_7": {
      "sdtype": "categorical"
    },
    "Premis_8": {
      "sdtype": "categorical"
    },
    "Weapon_0": {
      "sdtype": "categorical"
    },
    "Weapon_1": {
      "sdtype": "categorical"
    },
    "Weapon_2": {
      "sdtype": "categorical"
    },
    "Weapon_3": {
      "sdtype": "categorical"
    },
    "Weapon_4": {
      "sdtype": "categorical"
    },
    "Weapon_5": {
      "sdtype": "categorical"
    },
    "Weapon_6": {
      "sdtype": "categorical"
    },
    "Status": {
      "sdtype": "categorical"
    },
    "LAT": {
      "sdtype": "numerical"
    },
    "LON": {
      "sdtype": "numerical"
    }
  }
}
2025-04-18 23:10:47,242 - INFO - [SYNTHETIC PIPELINE] Evaluating synthetic dataset generated by GaussianCopula...
2025-04-18 23:10:47,242 - INFO - [SYNTHETIC EVAL] Real data columns     (47): ['DR_NO', 'Date_occured_0', 'Date_occured_1', 'Date_occured_2', 'Date_occured_3', 'Date_occured_4', 'Date_occured_5', 'Date_occured_6', 'Date_occured_7', 'Date_occured_8', 'Date_occured_9', 'Date_occured_10', 'Time_occured', 'Crime_Code_0', 'Crime_Code_1', 'Crime_Code_2', 'Crime_Code_3', 'Crime_Code_4', 'Crime_Code_5', 'Crime_Code_6', 'Victim_age', 'Victim_sex_1', 'Victim_sex_2', 'Victim_descent_0', 'Victim_descent_1', 'Victim_descent_2', 'Victim_descent_3', 'Victim_descent_4', 'Premis_0', 'Premis_1', 'Premis_2', 'Premis_3', 'Premis_4', 'Premis_5', 'Premis_6', 'Premis_7', 'Premis_8', 'Weapon_0', 'Weapon_1', 'Weapon_2', 'Weapon_3', 'Weapon_4', 'Weapon_5', 'Weapon_6', 'Status', 'LAT', 'LON']
2025-04-18 23:10:47,242 - INFO - [SYNTHETIC EVAL] Synthetic data columns (47): ['DR_NO', 'Date_occured_0', 'Date_occured_1', 'Date_occured_2', 'Date_occured_3', 'Date_occured_4', 'Date_occured_5', 'Date_occured_6', 'Date_occured_7', 'Date_occured_8', 'Date_occured_9', 'Date_occured_10', 'Time_occured', 'Crime_Code_0', 'Crime_Code_1', 'Crime_Code_2', 'Crime_Code_3', 'Crime_Code_4', 'Crime_Code_5', 'Crime_Code_6', 'Victim_age', 'Victim_sex_1', 'Victim_sex_2', 'Victim_descent_0', 'Victim_descent_1', 'Victim_descent_2', 'Victim_descent_3', 'Victim_descent_4', 'Premis_0', 'Premis_1', 'Premis_2', 'Premis_3', 'Premis_4', 'Premis_5', 'Premis_6', 'Premis_7', 'Premis_8', 'Weapon_0', 'Weapon_1', 'Weapon_2', 'Weapon_3', 'Weapon_4', 'Weapon_5', 'Weapon_6', 'Status', 'LAT', 'LON']
2025-04-18 23:10:47,242 - INFO - [SYNTHETIC EVAL] Metadata columns      (47): ['DR_NO', 'Date_occured_0', 'Date_occured_1', 'Date_occured_2', 'Date_occured_3', 'Date_occured_4', 'Date_occured_5', 'Date_occured_6', 'Date_occured_7', 'Date_occured_8', 'Date_occured_9', 'Date_occured_10', 'Time_occured', 'Crime_Code_0', 'Crime_Code_1', 'Crime_Code_2', 'Crime_Code_3', 'Crime_Code_4', 'Crime_Code_5', 'Crime_Code_6', 'Victim_age', 'Victim_sex_1', 'Victim_sex_2', 'Victim_descent_0', 'Victim_descent_1', 'Victim_descent_2', 'Victim_descent_3', 'Victim_descent_4', 'Premis_0', 'Premis_1', 'Premis_2', 'Premis_3', 'Premis_4', 'Premis_5', 'Premis_6', 'Premis_7', 'Premis_8', 'Weapon_0', 'Weapon_1', 'Weapon_2', 'Weapon_3', 'Weapon_4', 'Weapon_5', 'Weapon_6', 'Status', 'LAT', 'LON']
2025-04-18 23:10:47,242 - INFO - [SYNTHETIC EVAL] Shape — Real: (260402, 47), Synthetic: (260402, 47)
2025-04-18 23:10:47,242 - INFO - [SYNTHETIC EVAL] Metadata structure:
{
  "primary_key": "DR_NO",
  "METADATA_SPEC_VERSION": "SINGLE_TABLE_V1",
  "columns": {
    "DR_NO": {
      "sdtype": "id"
    },
    "Date_occured_0": {
      "sdtype": "categorical"
    },
    "Date_occured_1": {
      "sdtype": "categorical"
    },
    "Date_occured_2": {
      "sdtype": "categorical"
    },
    "Date_occured_3": {
      "sdtype": "categorical"
    },
    "Date_occured_4": {
      "sdtype": "categorical"
    },
    "Date_occured_5": {
      "sdtype": "categorical"
    },
    "Date_occured_6": {
      "sdtype": "categorical"
    },
    "Date_occured_7": {
      "sdtype": "categorical"
    },
    "Date_occured_8": {
      "sdtype": "categorical"
    },
    "Date_occured_9": {
      "sdtype": "categorical"
    },
    "Date_occured_10": {
      "sdtype": "categorical"
    },
    "Time_occured": {
      "sdtype": "numerical"
    },
    "Crime_Code_0": {
      "sdtype": "categorical"
    },
    "Crime_Code_1": {
      "sdtype": "categorical"
    },
    "Crime_Code_2": {
      "sdtype": "categorical"
    },
    "Crime_Code_3": {
      "sdtype": "categorical"
    },
    "Crime_Code_4": {
      "sdtype": "categorical"
    },
    "Crime_Code_5": {
      "sdtype": "categorical"
    },
    "Crime_Code_6": {
      "sdtype": "categorical"
    },
    "Victim_age": {
      "sdtype": "numerical"
    },
    "Victim_sex_1": {
      "sdtype": "categorical"
    },
    "Victim_sex_2": {
      "sdtype": "categorical"
    },
    "Victim_descent_0": {
      "sdtype": "categorical"
    },
    "Victim_descent_1": {
      "sdtype": "categorical"
    },
    "Victim_descent_2": {
      "sdtype": "categorical"
    },
    "Victim_descent_3": {
      "sdtype": "categorical"
    },
    "Victim_descent_4": {
      "sdtype": "categorical"
    },
    "Premis_0": {
      "sdtype": "categorical"
    },
    "Premis_1": {
      "sdtype": "categorical"
    },
    "Premis_2": {
      "sdtype": "categorical"
    },
    "Premis_3": {
      "sdtype": "categorical"
    },
    "Premis_4": {
      "sdtype": "categorical"
    },
    "Premis_5": {
      "sdtype": "categorical"
    },
    "Premis_6": {
      "sdtype": "categorical"
    },
    "Premis_7": {
      "sdtype": "categorical"
    },
    "Premis_8": {
      "sdtype": "categorical"
    },
    "Weapon_0": {
      "sdtype": "categorical"
    },
    "Weapon_1": {
      "sdtype": "categorical"
    },
    "Weapon_2": {
      "sdtype": "categorical"
    },
    "Weapon_3": {
      "sdtype": "categorical"
    },
    "Weapon_4": {
      "sdtype": "categorical"
    },
    "Weapon_5": {
      "sdtype": "categorical"
    },
    "Weapon_6": {
      "sdtype": "categorical"
    },
    "Status": {
      "sdtype": "categorical"
    },
    "LAT": {
      "sdtype": "numerical"
    },
    "LON": {
      "sdtype": "numerical"
    }
  }
}
