2025-05-08 11:51:36,242 - INFO - Loaded config file: configs/generated_configs/censusIncome/censusIncome_anon_k16_sl1p0_l2.yaml
2025-05-08 11:51:36,242 - INFO -  Benchmarking started for dataset: censusIncome
2025-05-08 11:51:36,242 - INFO - Using dataset path: /mnt/NVMETank/Projects/Students/Dele/A-STUDY-INTO-THE-QUALITY-AND-USABILITY-OF-PRIVACY-FRIENDLY-SYNTHETIC-DATA/datasets/original/censusIncome.csv
2025-05-08 11:51:36,242 - INFO - Target column: income, separator: ','
2025-05-08 11:51:36,242 - INFO - Configuration loaded: enable_anonymization = True, enable_synthesis = False, enable_hybrid = False, enable_utility = True, delete_after_evaluation = False
2025-05-08 11:51:36,242 - INFO - Running preprocessing...
2025-05-08 11:51:36,247 - INFO -  [PREPROCESSING] Preprocessed files found. Skipping preprocessing.
2025-05-08 11:51:36,723 - INFO - Preprocessing completed. Rows before: 48842, after: 39073
2025-05-08 11:51:36,723 - INFO - Preprocessed data saved to: outputs/batch/censusIncome_batch_2025-05-08_10-04-54/censusIncome_anon_k16_sl1p0_l2/preprocessing_report.txt
2025-05-08 11:51:36,724 - INFO - enable_anonymization = True
2025-05-08 11:51:36,724 - INFO - Starting Anonymization Pipeline with output path: /mnt/NVMETank/Projects/Students/Dele/A-STUDY-INTO-THE-QUALITY-AND-USABILITY-OF-PRIVACY-FRIENDLY-SYNTHETIC-DATA/datasets/anonymized/censusIncome_k16_l2_sup100_anonymized.csv.......
2025-05-08 11:51:36,731 - INFO -  [ANONYMIZATION] Executing run_anonymization, config_path : configs/generated_configs/censusIncome/censusIncome_anon_k16_sl1p0_l2.yaml...........
2025-05-08 11:51:36,731 - INFO -  [ANONYMIZATION] Using JAR file at /mnt/NVMETank/Projects/Students/Dele/A-STUDY-INTO-THE-QUALITY-AND-USABILITY-OF-PRIVACY-FRIENDLY-SYNTHETIC-DATA/src/anonymization/anonymARXij/bin/anonymARXij.jar to anonymize the dataset.
2025-05-08 11:52:35,543 - INFO -  [ANONYMIZATION] Anonimized file saved to : /mnt/NVMETank/Projects/Students/Dele/A-STUDY-INTO-THE-QUALITY-AND-USABILITY-OF-PRIVACY-FRIENDLY-SYNTHETIC-DATA/datasets/anonymized/censusIncome_k16_l2_sup100_anonymized.csv
2025-05-08 11:52:35,543 - INFO -  [ANONYMIZATION] Java anonymization completed successfully.
2025-05-08 11:52:35,543 - INFO -  [ANONYMIZATION] Java STDOUT:
📄 Java received config path: /mnt/NVMETank/Projects/Students/Dele/A-STUDY-INTO-THE-QUALITY-AND-USABILITY-OF-PRIVACY-FRIENDLY-SYNTHETIC-DATA/configs/generated_configs/censusIncome/censusIncome_anon_k16_sl1p0_l2.yaml
🔹 Loading config from: /mnt/NVMETank/Projects/Students/Dele/A-STUDY-INTO-THE-QUALITY-AND-USABILITY-OF-PRIVACY-FRIENDLY-SYNTHETIC-DATA/configs/generated_configs/censusIncome/censusIncome_anon_k16_sl1p0_l2.yaml
Loading config from: /mnt/NVMETank/Projects/Students/Dele/A-STUDY-INTO-THE-QUALITY-AND-USABILITY-OF-PRIVACY-FRIENDLY-SYNTHETIC-DATA/configs/generated_configs/censusIncome/censusIncome_anon_k16_sl1p0_l2.yaml
📂 Dataset Path (from args): /mnt/NVMETank/Projects/Students/Dele/A-STUDY-INTO-THE-QUALITY-AND-USABILITY-OF-PRIVACY-FRIENDLY-SYNTHETIC-DATA/datasets/train/censusIncome_train_raw.csv
🔹 Dataset Separator: ,
🔹 Suppression Limit: 1.0

🔹 Configured Attributes:
  ✅ Quasi-Identifier: age
  ✅ Quasi-Identifier: education
  ✅ Quasi-Identifier: workclass
  ✅ Quasi-Identifier: marital-status
  ✅ Quasi-Identifier: occupation
  ✅ Quasi-Identifier: race
  ✅ Quasi-Identifier: sex
  ✅ Quasi-Identifier: native-country
  ✅ Sensitive Attribute: income
  ✅ Insensitive Attribute: fnlwgt
  ✅ Insensitive Attribute: hours-per-week
  ✅ Insensitive Attribute: capital-gain
  ✅ Insensitive Attribute: capital-loss
  ✅ Insensitive Attribute: relationship
  ✅ Insensitive Attribute: education-num

🔹 Defined Hierarchies:
  ✅ education -> /mnt/NVMETank/Projects/Students/Dele/A-STUDY-INTO-THE-QUALITY-AND-USABILITY-OF-PRIVACY-FRIENDLY-SYNTHETIC-DATA/src/anonymization/anonymARXij/src/hierarchies_censusIncome/education.csv
  ✅ occupation -> /mnt/NVMETank/Projects/Students/Dele/A-STUDY-INTO-THE-QUALITY-AND-USABILITY-OF-PRIVACY-FRIENDLY-SYNTHETIC-DATA/src/anonymization/anonymARXij/src/hierarchies_censusIncome/occupation.csv
  ✅ workclass -> /mnt/NVMETank/Projects/Students/Dele/A-STUDY-INTO-THE-QUALITY-AND-USABILITY-OF-PRIVACY-FRIENDLY-SYNTHETIC-DATA/src/anonymization/anonymARXij/src/hierarchies_censusIncome/workclass.csv
  ✅ native-country -> /mnt/NVMETank/Projects/Students/Dele/A-STUDY-INTO-THE-QUALITY-AND-USABILITY-OF-PRIVACY-FRIENDLY-SYNTHETIC-DATA/src/anonymization/anonymARXij/src/hierarchies_censusIncome/native-country.csv
  ✅ race -> /mnt/NVMETank/Projects/Students/Dele/A-STUDY-INTO-THE-QUALITY-AND-USABILITY-OF-PRIVACY-FRIENDLY-SYNTHETIC-DATA/src/anonymization/anonymARXij/src/hierarchies_censusIncome/race.csv
  ✅ sex -> /mnt/NVMETank/Projects/Students/Dele/A-STUDY-INTO-THE-QUALITY-AND-USABILITY-OF-PRIVACY-FRIENDLY-SYNTHETIC-DATA/src/anonymization/anonymARXij/src/hierarchies_censusIncome/sex.csv
  ✅ marital-status -> /mnt/NVMETank/Projects/Students/Dele/A-STUDY-INTO-THE-QUALITY-AND-USABILITY-OF-PRIVACY-FRIENDLY-SYNTHETIC-DATA/src/anonymization/anonymARXij/src/hierarchies_censusIncome/marital-status.csv
  ✅ age -> /mnt/NVMETank/Projects/Students/Dele/A-STUDY-INTO-THE-QUALITY-AND-USABILITY-OF-PRIVACY-FRIENDLY-SYNTHETIC-DATA/src/anonymization/anonymARXij/src/hierarchies_censusIncome/age.csv
Java is searching for hierarchy file at: /mnt/NVMETank/Projects/Students/Dele/A-STUDY-INTO-THE-QUALITY-AND-USABILITY-OF-PRIVACY-FRIENDLY-SYNTHETIC-DATA/src/anonymization/anonymARXij/src/hierarchies_censusIncome/education.csv
Java is searching for hierarchy file at: /mnt/NVMETank/Projects/Students/Dele/A-STUDY-INTO-THE-QUALITY-AND-USABILITY-OF-PRIVACY-FRIENDLY-SYNTHETIC-DATA/src/anonymization/anonymARXij/src/hierarchies_censusIncome/occupation.csv
Java is searching for hierarchy file at: /mnt/NVMETank/Projects/Students/Dele/A-STUDY-INTO-THE-QUALITY-AND-USABILITY-OF-PRIVACY-FRIENDLY-SYNTHETIC-DATA/src/anonymization/anonymARXij/src/hierarchies_censusIncome/workclass.csv
Java is searching for hierarchy file at: /mnt/NVMETank/Projects/Students/Dele/A-STUDY-INTO-THE-QUALITY-AND-USABILITY-OF-PRIVACY-FRIENDLY-SYNTHETIC-DATA/src/anonymization/anonymARXij/src/hierarchies_censusIncome/native-country.csv
Java is searching for hierarchy file at: /mnt/NVMETank/Projects/Students/Dele/A-STUDY-INTO-THE-QUALITY-AND-USABILITY-OF-PRIVACY-FRIENDLY-SYNTHETIC-DATA/src/anonymization/anonymARXij/src/hierarchies_censusIncome/race.csv
Java is searching for hierarchy file at: /mnt/NVMETank/Projects/Students/Dele/A-STUDY-INTO-THE-QUALITY-AND-USABILITY-OF-PRIVACY-FRIENDLY-SYNTHETIC-DATA/src/anonymization/anonymARXij/src/hierarchies_censusIncome/sex.csv
Java is searching for hierarchy file at: /mnt/NVMETank/Projects/Students/Dele/A-STUDY-INTO-THE-QUALITY-AND-USABILITY-OF-PRIVACY-FRIENDLY-SYNTHETIC-DATA/src/anonymization/anonymARXij/src/hierarchies_censusIncome/marital-status.csv
Java is searching for hierarchy file at: /mnt/NVMETank/Projects/Students/Dele/A-STUDY-INTO-THE-QUALITY-AND-USABILITY-OF-PRIVACY-FRIENDLY-SYNTHETIC-DATA/src/anonymization/anonymARXij/src/hierarchies_censusIncome/age.csv
✓ Applied Distinct L-Diversity on: income (l=2)
🔹 Privacy Models Configured
📂 Anonymized Output Path (from args): /mnt/NVMETank/Projects/Students/Dele/A-STUDY-INTO-THE-QUALITY-AND-USABILITY-OF-PRIVACY-FRIENDLY-SYNTHETIC-DATA/datasets/anonymized/censusIncome_k16_l2_sup100_anonymized.csv
📂 Anonymized Output Path: /mnt/NVMETank/Projects/Students/Dele/A-STUDY-INTO-THE-QUALITY-AND-USABILITY-OF-PRIVACY-FRIENDLY-SYNTHETIC-DATA/datasets/anonymized/censusIncome_k16_l2_sup100_anonymized.csv
✅ Anonymization completed. Output saved to: /mnt/NVMETank/Projects/Students/Dele/A-STUDY-INTO-THE-QUALITY-AND-USABILITY-OF-PRIVACY-FRIENDLY-SYNTHETIC-DATA/datasets/anonymized/censusIncome_k16_l2_sup100_anonymized.csv
Anonymized Data Quality Metrics:
 - Ambiguity: 0.875316142725287
 - AECS: 0.9967651646915612
 - Discernibility: 0.8595540233258305
 - Granularity: 0.7054311218400363
 - MSE: 0.7790859706441019
 - Non-Uniform Entropy: 0.3974401404409712
 - Precision: 0.5269920588202159
 - Record-level SE: 0.6125338092877479
Equivalence Class Statistics:
 - Number of Classes: 267
 - Average Class Size: 128.09737827715355
Suppression Statistics:
 - Suppressed Records: 4871
 - Suppression Percentage: 12.47%
2025-05-08 11:52:35,544 - INFO - Anonymized data saved to: /mnt/NVMETank/Projects/Students/Dele/A-STUDY-INTO-THE-QUALITY-AND-USABILITY-OF-PRIVACY-FRIENDLY-SYNTHETIC-DATA/datasets/anonymized/censusIncome_k16_l2_sup100_anonymized.csv
2025-05-08 11:52:35,838 - INFO - Anonymous data report saved at: outputs/batch/censusIncome_batch_2025-05-08_10-04-54/censusIncome_anon_k16_sl1p0_l2/anonymous_data_report.txt
2025-05-08 11:52:35,838 - INFO -  [POSTPROCESSING] Postprocessing anonymized data: /mnt/NVMETank/Projects/Students/Dele/A-STUDY-INTO-THE-QUALITY-AND-USABILITY-OF-PRIVACY-FRIENDLY-SYNTHETIC-DATA/datasets/anonymized/censusIncome_k16_l2_sup100_anonymized.csv
2025-05-08 11:52:35,890 - INFO -  [POSTPROCESSING] Loaded anonymized data: (39073, 15)
2025-05-08 11:52:36,180 - INFO -  [POSTPROCESSING] Loaded fallback maps from training data. Categorical cols: 9, Numeric cols: 6
2025-05-08 11:52:36,180 - INFO -  [POSTPROCESSING] Normalizing anonymized data using ARX artifact cleaning and fallback values.
2025-05-08 11:52:38,178 - INFO -  [POSTPROCESSING] Normalized anonymized data saved to: /mnt/NVMETank/Projects/Students/Dele/A-STUDY-INTO-THE-QUALITY-AND-USABILITY-OF-PRIVACY-FRIENDLY-SYNTHETIC-DATA/datasets/anonymized/censusIncome_k16_l2_sup100_anonymized_processed.csv
2025-05-08 11:52:38,323 - INFO -  [POSTPROCESSING] Binary Encoding applied to anonymized data. Encoded shape: (39073, 37)
2025-05-08 11:52:38,597 - INFO -  [POSTPROCESSING] Encoded anonymized dataset saved to: /mnt/NVMETank/Projects/Students/Dele/A-STUDY-INTO-THE-QUALITY-AND-USABILITY-OF-PRIVACY-FRIENDLY-SYNTHETIC-DATA/datasets/anonymized/censusIncome_k16_l2_sup100_anonymized_encoded.csv
2025-05-08 11:52:38,597 - INFO -  [POSTPROCESSING] Encoding map generated for anonymized data: 0 original categorical columns.
2025-05-08 11:52:38,602 - INFO - Postprocessing report saved at: outputs/batch/censusIncome_batch_2025-05-08_10-04-54/censusIncome_anon_k16_sl1p0_l2/postprocessing_report.txt
2025-05-08 11:52:38,602 - INFO - enable_synthetic_generation = False
2025-05-08 11:52:38,602 - INFO - Synthetic Data Generation Skipped (Disabled in Configuration).
2025-05-08 11:52:38,602 - INFO - Hybrid Pipeline skipped (disabled in configuration).
2025-05-08 11:52:38,602 - INFO - Starting Utility...
2025-05-08 11:52:38,603 - INFO - [UTILITY] Preparing datasets for machine learning...
2025-05-08 11:52:38,605 - INFO - [UTILITY] Original Data - Training Size: 39073, Testing Size: 9769
2025-05-08 11:52:38,608 - INFO - [UTILITY] Target class distribution (Original): {'<=50K': 19775, '<=50K.': 9948, '>50K': 6273, '>50K.': 3077}
2025-05-08 11:52:38,609 - INFO - [UTILITY] Processing anonymized dataset...
2025-05-08 11:52:38,612 - INFO - [UTILITY] Anonymized Data - Training Size: 39073
2025-05-08 11:52:38,615 - INFO - [UTILITY] Target class distribution (Anonymous): {'<=50K': 19775, '<=50K.': 9948, '>50K': 6273, '>50K.': 3077}
2025-05-08 11:52:38,615 - INFO - [UTILITY] Training models on all datasets...
2025-05-08 11:52:38,615 - INFO - [UTILITY] Total datasets used for training: 2
2025-05-08 11:52:38,615 - INFO - [TRAINING] Training models from scratch...
2025-05-08 11:52:38,615 - INFO - [TRAINING] Starting training for dataset: Original — Rows: 39073, Features: 36
2025-05-08 11:52:38,615 - INFO - [TRAINING] Training DecisionTree on Original...
2025-05-08 11:52:39,088 - INFO - [TRAINING] DecisionTree trained successfully on Original in 0.47 sec
2025-05-08 11:52:39,088 - INFO - [TRAINING] Training KNN on Original...
2025-05-08 11:52:39,127 - INFO - [TRAINING] KNN trained successfully on Original in 0.04 sec
2025-05-08 11:52:39,127 - INFO - [TRAINING] Training LogisticRegression on Original...
2025-05-08 11:52:40,561 - INFO - [TRAINING] LogisticRegression trained successfully on Original in 1.43 sec
2025-05-08 11:52:40,562 - INFO - [TRAINING] Training RandomForest on Original...
2025-05-08 11:52:48,407 - INFO - [TRAINING] RandomForest trained successfully on Original in 7.84 sec
2025-05-08 11:52:48,407 - INFO - [TRAINING] Training SVM on Original...
2025-05-08 11:54:28,878 - INFO - [TRAINING] SVM trained successfully on Original in 100.47 sec
2025-05-08 11:54:28,878 - INFO - [TRAINING] Finished training 5 model(s) for dataset: Original
2025-05-08 11:54:28,878 - INFO - [TRAINING] Starting training for dataset: Anonymous — Rows: 39073, Features: 36
2025-05-08 11:54:28,879 - INFO - [TRAINING] Training DecisionTree on Anonymous...
2025-05-08 11:54:29,546 - INFO - [TRAINING] DecisionTree trained successfully on Anonymous in 0.66 sec
2025-05-08 11:54:29,546 - INFO - [TRAINING] Training KNN on Anonymous...
2025-05-08 11:54:29,647 - INFO - [TRAINING] KNN trained successfully on Anonymous in 0.10 sec
2025-05-08 11:54:29,647 - INFO - [TRAINING] Training LogisticRegression on Anonymous...
2025-05-08 11:54:35,661 - INFO - [TRAINING] LogisticRegression trained successfully on Anonymous in 6.01 sec
2025-05-08 11:54:35,661 - INFO - [TRAINING] Training RandomForest on Anonymous...
2025-05-08 11:54:46,048 - INFO - [TRAINING] RandomForest trained successfully on Anonymous in 10.39 sec
2025-05-08 11:54:46,048 - INFO - [TRAINING] Training SVM on Anonymous...
2025-05-08 11:57:56,175 - INFO - [TRAINING] SVM trained successfully on Anonymous in 190.13 sec
2025-05-08 11:57:56,175 - INFO - [TRAINING] Finished training 5 model(s) for dataset: Anonymous
2025-05-08 11:57:56,175 - INFO - [TRAINING] Total models trained across all datasets: 10
2025-05-08 11:57:56,176 - INFO - [UTILITY] Trained model names: ['Original', 'Anonymous']
2025-05-08 11:57:56,176 - INFO - [UTILITY] Model Training Completed.
2025-05-08 11:57:56,176 - INFO - Starting the Evaluating of models...
2025-05-08 11:57:56,176 - INFO - Preparing evaluation for model 'DecisionTree' across all datasets...
2025-05-08 11:57:56,176 - INFO - Evaluating DecisionTree on Original...
2025-05-08 11:57:56,181 - INFO - Predictions completed for DecisionTree on Original
2025-05-08 11:57:56,186 - INFO - Prediction distribution for DecisionTree on Original: {'<=50K': 4745, '<=50K.': 2547, '>50K': 1633, '>50K.': 844}
2025-05-08 11:57:56,448 - INFO - Computed 8 metric(s) for DecisionTree on Original
2025-05-08 11:57:56,452 - INFO - Evaluating DecisionTree on Anonymous...
2025-05-08 11:57:56,460 - INFO - Predictions completed for DecisionTree on Anonymous
2025-05-08 11:57:56,461 - INFO - Prediction distribution for DecisionTree on Anonymous: {'<=50K': 4872, '<=50K.': 2597, '>50K': 1533, '>50K.': 767}
2025-05-08 11:57:56,792 - INFO - Computed 8 metric(s) for DecisionTree on Anonymous
2025-05-08 11:57:56,793 - INFO - Preparing evaluation for model 'KNN' across all datasets...
2025-05-08 11:57:56,793 - INFO - Evaluating KNN on Original...
2025-05-08 11:58:01,864 - INFO - Predictions completed for KNN on Original
2025-05-08 11:58:01,869 - INFO - Prediction distribution for KNN on Original: {'<=50K': 7038, '<=50K.': 1542, '>50K': 1005, '>50K.': 184}
2025-05-08 11:58:12,498 - INFO - Computed 8 metric(s) for KNN on Original
2025-05-08 11:58:12,498 - INFO - Evaluating KNN on Anonymous...
2025-05-08 11:58:18,519 - INFO - Predictions completed for KNN on Anonymous
2025-05-08 11:58:18,520 - INFO - Prediction distribution for KNN on Anonymous: {'<=50K': 7098, '<=50K.': 1602, '>50K': 903, '>50K.': 166}
2025-05-08 11:58:28,896 - INFO - Computed 8 metric(s) for KNN on Anonymous
2025-05-08 11:58:28,896 - INFO - Preparing evaluation for model 'LogisticRegression' across all datasets...
2025-05-08 11:58:28,896 - INFO - Evaluating LogisticRegression on Original...
2025-05-08 11:58:28,899 - INFO - Predictions completed for LogisticRegression on Original
2025-05-08 11:58:28,900 - INFO - Prediction distribution for LogisticRegression on Original: {'<=50K': 7883, '>50K': 1884, '>50K.': 2}
2025-05-08 11:58:28,922 - WARNING - [UndefinedMetricWarning] Precision is ill-defined and being set to 0.0 in labels with no predicted samples. Use `zero_division` parameter to control this behavior. (from /mnt/NVMETank/Projects/Students/Dele/A-STUDY-INTO-THE-QUALITY-AND-USABILITY-OF-PRIVACY-FRIENDLY-SYNTHETIC-DATA/.venv/lib/python3.12/site-packages/sklearn/metrics/_classification.py:1565)
2025-05-08 11:58:28,940 - WARNING - [UndefinedMetricWarning] Precision is ill-defined and being set to 0.0 in labels with no predicted samples. Use `zero_division` parameter to control this behavior. (from /mnt/NVMETank/Projects/Students/Dele/A-STUDY-INTO-THE-QUALITY-AND-USABILITY-OF-PRIVACY-FRIENDLY-SYNTHETIC-DATA/.venv/lib/python3.12/site-packages/sklearn/metrics/_classification.py:1565)
2025-05-08 11:58:28,957 - WARNING - [UndefinedMetricWarning] Precision is ill-defined and being set to 0.0 in labels with no predicted samples. Use `zero_division` parameter to control this behavior. (from /mnt/NVMETank/Projects/Students/Dele/A-STUDY-INTO-THE-QUALITY-AND-USABILITY-OF-PRIVACY-FRIENDLY-SYNTHETIC-DATA/.venv/lib/python3.12/site-packages/sklearn/metrics/_classification.py:1565)
2025-05-08 11:58:29,000 - INFO - Computed 8 metric(s) for LogisticRegression on Original
2025-05-08 11:58:29,000 - INFO - Evaluating LogisticRegression on Anonymous...
2025-05-08 11:58:29,002 - INFO - Predictions completed for LogisticRegression on Anonymous
2025-05-08 11:58:29,003 - INFO - Prediction distribution for LogisticRegression on Anonymous: {'<=50K': 8655, '>50K': 1063, '>50K.': 32, '<=50K.': 19}
2025-05-08 11:58:29,103 - INFO - Computed 8 metric(s) for LogisticRegression on Anonymous
2025-05-08 11:58:29,103 - INFO - Preparing evaluation for model 'RandomForest' across all datasets...
2025-05-08 11:58:29,103 - INFO - Evaluating RandomForest on Original...
2025-05-08 11:58:29,530 - INFO - Predictions completed for RandomForest on Original
2025-05-08 11:58:29,531 - INFO - Prediction distribution for RandomForest on Original: {'<=50K': 6649, '>50K': 1697, '<=50K.': 1090, '>50K.': 333}
2025-05-08 11:58:30,107 - INFO - Computed 8 metric(s) for RandomForest on Original
2025-05-08 11:58:30,107 - INFO - Evaluating RandomForest on Anonymous...
2025-05-08 11:58:30,430 - INFO - Predictions completed for RandomForest on Anonymous
2025-05-08 11:58:30,431 - INFO - Prediction distribution for RandomForest on Anonymous: {'<=50K': 6733, '>50K': 1452, '<=50K.': 1269, '>50K.': 315}
2025-05-08 11:58:30,906 - INFO - Computed 8 metric(s) for RandomForest on Anonymous
2025-05-08 11:58:30,906 - INFO - Preparing evaluation for model 'SVM' across all datasets...
2025-05-08 11:58:30,906 - INFO - Evaluating SVM on Original...
2025-05-08 11:58:43,647 - INFO - Predictions completed for SVM on Original
2025-05-08 11:58:43,648 - INFO - Prediction distribution for SVM on Original: {'<=50K': 9395, '>50K': 374}
2025-05-08 11:58:43,670 - WARNING - [UndefinedMetricWarning] Precision is ill-defined and being set to 0.0 in labels with no predicted samples. Use `zero_division` parameter to control this behavior. (from /mnt/NVMETank/Projects/Students/Dele/A-STUDY-INTO-THE-QUALITY-AND-USABILITY-OF-PRIVACY-FRIENDLY-SYNTHETIC-DATA/.venv/lib/python3.12/site-packages/sklearn/metrics/_classification.py:1565)
2025-05-08 11:58:43,687 - WARNING - [UndefinedMetricWarning] Precision is ill-defined and being set to 0.0 in labels with no predicted samples. Use `zero_division` parameter to control this behavior. (from /mnt/NVMETank/Projects/Students/Dele/A-STUDY-INTO-THE-QUALITY-AND-USABILITY-OF-PRIVACY-FRIENDLY-SYNTHETIC-DATA/.venv/lib/python3.12/site-packages/sklearn/metrics/_classification.py:1565)
2025-05-08 11:58:43,705 - WARNING - [UndefinedMetricWarning] Precision is ill-defined and being set to 0.0 in labels with no predicted samples. Use `zero_division` parameter to control this behavior. (from /mnt/NVMETank/Projects/Students/Dele/A-STUDY-INTO-THE-QUALITY-AND-USABILITY-OF-PRIVACY-FRIENDLY-SYNTHETIC-DATA/.venv/lib/python3.12/site-packages/sklearn/metrics/_classification.py:1565)
2025-05-08 11:58:43,719 - INFO - Computed 8 metric(s) for SVM on Original
2025-05-08 11:58:43,719 - INFO - Evaluating SVM on Anonymous...
2025-05-08 11:58:57,093 - INFO - Predictions completed for SVM on Anonymous
2025-05-08 11:58:57,093 - INFO - Prediction distribution for SVM on Anonymous: {'<=50K': 9395, '>50K': 374}
2025-05-08 11:58:57,115 - WARNING - [UndefinedMetricWarning] Precision is ill-defined and being set to 0.0 in labels with no predicted samples. Use `zero_division` parameter to control this behavior. (from /mnt/NVMETank/Projects/Students/Dele/A-STUDY-INTO-THE-QUALITY-AND-USABILITY-OF-PRIVACY-FRIENDLY-SYNTHETIC-DATA/.venv/lib/python3.12/site-packages/sklearn/metrics/_classification.py:1565)
2025-05-08 11:58:57,133 - WARNING - [UndefinedMetricWarning] Precision is ill-defined and being set to 0.0 in labels with no predicted samples. Use `zero_division` parameter to control this behavior. (from /mnt/NVMETank/Projects/Students/Dele/A-STUDY-INTO-THE-QUALITY-AND-USABILITY-OF-PRIVACY-FRIENDLY-SYNTHETIC-DATA/.venv/lib/python3.12/site-packages/sklearn/metrics/_classification.py:1565)
2025-05-08 11:58:57,151 - WARNING - [UndefinedMetricWarning] Precision is ill-defined and being set to 0.0 in labels with no predicted samples. Use `zero_division` parameter to control this behavior. (from /mnt/NVMETank/Projects/Students/Dele/A-STUDY-INTO-THE-QUALITY-AND-USABILITY-OF-PRIVACY-FRIENDLY-SYNTHETIC-DATA/.venv/lib/python3.12/site-packages/sklearn/metrics/_classification.py:1565)
2025-05-08 11:58:57,165 - INFO - Computed 8 metric(s) for SVM on Anonymous
2025-05-08 11:58:57,168 - INFO - Evaluation completed for all models.
2025-05-08 11:58:57,169 - INFO - Model evaluation completed in 60.99 seconds.
2025-05-08 11:58:57,170 - INFO - Evaluated models: ['DecisionTree', 'KNN', 'LogisticRegression', 'RandomForest', 'SVM']
2025-05-08 11:58:57,170 - INFO - Model Training and Evaluation completed.
2025-05-08 11:58:57,629 - INFO -  Visualizations saved.
2025-05-08 11:58:57,629 - INFO -  Benchmarking Completed. Results saved in output folder.
