2025-05-08 18:57:19,672 - INFO - Loaded config file: configs/generated_configs/loan/loan_anon_k11_sl0p5_l15.yaml
2025-05-08 18:57:19,672 - INFO -  Benchmarking started for dataset: loan
2025-05-08 18:57:19,672 - INFO - Using dataset path: /mnt/NVMETank/Projects/Students/Dele/A-STUDY-INTO-THE-QUALITY-AND-USABILITY-OF-PRIVACY-FRIENDLY-SYNTHETIC-DATA/datasets/original/loan.csv
2025-05-08 18:57:19,672 - INFO - Target column: Loan_Status, separator: ','
2025-05-08 18:57:19,672 - INFO - Configuration loaded: enable_anonymization = True, enable_synthesis = False, enable_hybrid = True, enable_utility = True, delete_after_evaluation = False
2025-05-08 18:57:19,672 - INFO - Running preprocessing...
2025-05-08 18:57:19,677 - INFO -  [PREPROCESSING] Preprocessed files found. Skipping preprocessing.
2025-05-08 18:57:19,685 - INFO - Preprocessing completed. Rows before: 614, after: 336
2025-05-08 18:57:19,685 - INFO - Preprocessed data saved to: outputs/batch/loan_batch_2025-05-08_18-38-44/loan_anon_k11_sl0p5_l15/preprocessing_report.txt
2025-05-08 18:57:19,685 - INFO - enable_anonymization = True
2025-05-08 18:57:19,685 - INFO - Starting Anonymization Pipeline with output path: /mnt/NVMETank/Projects/Students/Dele/A-STUDY-INTO-THE-QUALITY-AND-USABILITY-OF-PRIVACY-FRIENDLY-SYNTHETIC-DATA/datasets/anonymized/loan_k11_l15_sup50_anonymized.csv.......
2025-05-08 18:57:19,690 - INFO -  [ANONYMIZATION] Executing run_anonymization, config_path : configs/generated_configs/loan/loan_anon_k11_sl0p5_l15.yaml...........
2025-05-08 18:57:19,690 - INFO -  [ANONYMIZATION] Using JAR file at /mnt/NVMETank/Projects/Students/Dele/A-STUDY-INTO-THE-QUALITY-AND-USABILITY-OF-PRIVACY-FRIENDLY-SYNTHETIC-DATA/src/anonymization/anonymARXij/bin/anonymARXij.jar to anonymize the dataset.
2025-05-08 18:57:21,022 - INFO -  [ANONYMIZATION] Anonimized file saved to : /mnt/NVMETank/Projects/Students/Dele/A-STUDY-INTO-THE-QUALITY-AND-USABILITY-OF-PRIVACY-FRIENDLY-SYNTHETIC-DATA/datasets/anonymized/loan_k11_l15_sup50_anonymized.csv
2025-05-08 18:57:21,022 - INFO -  [ANONYMIZATION] Java anonymization completed successfully.
2025-05-08 18:57:21,022 - INFO -  [ANONYMIZATION] Java STDOUT:
📄 Java received config path: /mnt/NVMETank/Projects/Students/Dele/A-STUDY-INTO-THE-QUALITY-AND-USABILITY-OF-PRIVACY-FRIENDLY-SYNTHETIC-DATA/configs/generated_configs/loan/loan_anon_k11_sl0p5_l15.yaml
🔹 Loading config from: /mnt/NVMETank/Projects/Students/Dele/A-STUDY-INTO-THE-QUALITY-AND-USABILITY-OF-PRIVACY-FRIENDLY-SYNTHETIC-DATA/configs/generated_configs/loan/loan_anon_k11_sl0p5_l15.yaml
Loading config from: /mnt/NVMETank/Projects/Students/Dele/A-STUDY-INTO-THE-QUALITY-AND-USABILITY-OF-PRIVACY-FRIENDLY-SYNTHETIC-DATA/configs/generated_configs/loan/loan_anon_k11_sl0p5_l15.yaml
📂 Dataset Path (from args): /mnt/NVMETank/Projects/Students/Dele/A-STUDY-INTO-THE-QUALITY-AND-USABILITY-OF-PRIVACY-FRIENDLY-SYNTHETIC-DATA/datasets/train/loan_train_raw.csv
🔹 Dataset Separator: ,
🔹 Suppression Limit: 0.5

🔹 Configured Attributes:
  ✅ Quasi-Identifier: Gender
  ✅ Quasi-Identifier: Married
  ✅ Quasi-Identifier: Education
  ✅ Quasi-Identifier: Dependents
  ✅ Quasi-Identifier: Self_Employed
  ✅ Quasi-Identifier: Property_Area
  ✅ Quasi-Identifier: Credit_History
  ✅ Quasi-Identifier: Loan_Amount_Term
  ✅ Sensitive Attribute: LoanAmount
  ✅ Insensitive Attribute: Loan_Status
  ✅ Insensitive Attribute: ApplicantIncome
  ✅ Insensitive Attribute: CoapplicantIncome

🔹 Defined Hierarchies:
  ✅ Property_Area -> /mnt/NVMETank/Projects/Students/Dele/A-STUDY-INTO-THE-QUALITY-AND-USABILITY-OF-PRIVACY-FRIENDLY-SYNTHETIC-DATA/src/anonymization/anonymARXij/src/hierarchies_loan/property_area.csv
  ✅ Self_Employed -> /mnt/NVMETank/Projects/Students/Dele/A-STUDY-INTO-THE-QUALITY-AND-USABILITY-OF-PRIVACY-FRIENDLY-SYNTHETIC-DATA/src/anonymization/anonymARXij/src/hierarchies_loan/self_employed.csv
  ✅ Credit_History -> /mnt/NVMETank/Projects/Students/Dele/A-STUDY-INTO-THE-QUALITY-AND-USABILITY-OF-PRIVACY-FRIENDLY-SYNTHETIC-DATA/src/anonymization/anonymARXij/src/hierarchies_loan/credit_history.csv
  ✅ Dependents -> /mnt/NVMETank/Projects/Students/Dele/A-STUDY-INTO-THE-QUALITY-AND-USABILITY-OF-PRIVACY-FRIENDLY-SYNTHETIC-DATA/src/anonymization/anonymARXij/src/hierarchies_loan/dependents.csv
  ✅ Education -> /mnt/NVMETank/Projects/Students/Dele/A-STUDY-INTO-THE-QUALITY-AND-USABILITY-OF-PRIVACY-FRIENDLY-SYNTHETIC-DATA/src/anonymization/anonymARXij/src/hierarchies_loan/education.csv
  ✅ Loan_Amount_Term -> /mnt/NVMETank/Projects/Students/Dele/A-STUDY-INTO-THE-QUALITY-AND-USABILITY-OF-PRIVACY-FRIENDLY-SYNTHETIC-DATA/src/anonymization/anonymARXij/src/hierarchies_loan/loan_amount_terms.csv
  ✅ Married -> /mnt/NVMETank/Projects/Students/Dele/A-STUDY-INTO-THE-QUALITY-AND-USABILITY-OF-PRIVACY-FRIENDLY-SYNTHETIC-DATA/src/anonymization/anonymARXij/src/hierarchies_loan/married.csv
  ✅ Gender -> /mnt/NVMETank/Projects/Students/Dele/A-STUDY-INTO-THE-QUALITY-AND-USABILITY-OF-PRIVACY-FRIENDLY-SYNTHETIC-DATA/src/anonymization/anonymARXij/src/hierarchies_loan/gender.csv
Java is searching for hierarchy file at: /mnt/NVMETank/Projects/Students/Dele/A-STUDY-INTO-THE-QUALITY-AND-USABILITY-OF-PRIVACY-FRIENDLY-SYNTHETIC-DATA/src/anonymization/anonymARXij/src/hierarchies_loan/property_area.csv
Java is searching for hierarchy file at: /mnt/NVMETank/Projects/Students/Dele/A-STUDY-INTO-THE-QUALITY-AND-USABILITY-OF-PRIVACY-FRIENDLY-SYNTHETIC-DATA/src/anonymization/anonymARXij/src/hierarchies_loan/self_employed.csv
Java is searching for hierarchy file at: /mnt/NVMETank/Projects/Students/Dele/A-STUDY-INTO-THE-QUALITY-AND-USABILITY-OF-PRIVACY-FRIENDLY-SYNTHETIC-DATA/src/anonymization/anonymARXij/src/hierarchies_loan/credit_history.csv
Java is searching for hierarchy file at: /mnt/NVMETank/Projects/Students/Dele/A-STUDY-INTO-THE-QUALITY-AND-USABILITY-OF-PRIVACY-FRIENDLY-SYNTHETIC-DATA/src/anonymization/anonymARXij/src/hierarchies_loan/dependents.csv
Java is searching for hierarchy file at: /mnt/NVMETank/Projects/Students/Dele/A-STUDY-INTO-THE-QUALITY-AND-USABILITY-OF-PRIVACY-FRIENDLY-SYNTHETIC-DATA/src/anonymization/anonymARXij/src/hierarchies_loan/education.csv
Java is searching for hierarchy file at: /mnt/NVMETank/Projects/Students/Dele/A-STUDY-INTO-THE-QUALITY-AND-USABILITY-OF-PRIVACY-FRIENDLY-SYNTHETIC-DATA/src/anonymization/anonymARXij/src/hierarchies_loan/loan_amount_terms.csv
Java is searching for hierarchy file at: /mnt/NVMETank/Projects/Students/Dele/A-STUDY-INTO-THE-QUALITY-AND-USABILITY-OF-PRIVACY-FRIENDLY-SYNTHETIC-DATA/src/anonymization/anonymARXij/src/hierarchies_loan/married.csv
Java is searching for hierarchy file at: /mnt/NVMETank/Projects/Students/Dele/A-STUDY-INTO-THE-QUALITY-AND-USABILITY-OF-PRIVACY-FRIENDLY-SYNTHETIC-DATA/src/anonymization/anonymARXij/src/hierarchies_loan/gender.csv
✓ Applied Entropy L-Diversity on: LoanAmount (l=15)
🔹 Privacy Models Configured
📂 Anonymized Output Path (from args): /mnt/NVMETank/Projects/Students/Dele/A-STUDY-INTO-THE-QUALITY-AND-USABILITY-OF-PRIVACY-FRIENDLY-SYNTHETIC-DATA/datasets/anonymized/loan_k11_l15_sup50_anonymized.csv
📂 Anonymized Output Path: /mnt/NVMETank/Projects/Students/Dele/A-STUDY-INTO-THE-QUALITY-AND-USABILITY-OF-PRIVACY-FRIENDLY-SYNTHETIC-DATA/datasets/anonymized/loan_k11_l15_sup50_anonymized.csv
✅ Anonymization completed. Output saved to: /mnt/NVMETank/Projects/Students/Dele/A-STUDY-INTO-THE-QUALITY-AND-USABILITY-OF-PRIVACY-FRIENDLY-SYNTHETIC-DATA/datasets/anonymized/loan_k11_l15_sup50_anonymized.csv
Anonymized Data Quality Metrics:
 - Ambiguity: 0.7851239669421488
 - AECS: 0.8477218225419665
 - Discernibility: 0.564765622176443
 - Granularity: 0.48948475289169247
 - MSE: 0.625
 - Non-Uniform Entropy: 0.2649421875614083
 - Precision: 0.5112847222222221
 - Record-level SE: 0.497513545013899
Equivalence Class Statistics:
 - Number of Classes: 5
 - Average Class Size: 53.2
Suppression Statistics:
 - Suppressed Records: 70
 - Suppression Percentage: 20.83%
2025-05-08 18:57:21,022 - INFO - Anonymized data saved to: /mnt/NVMETank/Projects/Students/Dele/A-STUDY-INTO-THE-QUALITY-AND-USABILITY-OF-PRIVACY-FRIENDLY-SYNTHETIC-DATA/datasets/anonymized/loan_k11_l15_sup50_anonymized.csv
2025-05-08 18:57:21,031 - INFO - Anonymous data report saved at: outputs/batch/loan_batch_2025-05-08_18-38-44/loan_anon_k11_sl0p5_l15/anonymous_data_report.txt
2025-05-08 18:57:21,031 - INFO -  [POSTPROCESSING] Postprocessing anonymized data: /mnt/NVMETank/Projects/Students/Dele/A-STUDY-INTO-THE-QUALITY-AND-USABILITY-OF-PRIVACY-FRIENDLY-SYNTHETIC-DATA/datasets/anonymized/loan_k11_l15_sup50_anonymized.csv
2025-05-08 18:57:21,032 - INFO -  [POSTPROCESSING] Loaded anonymized data: (336, 12)
2025-05-08 18:57:21,036 - INFO -  [POSTPROCESSING] Loaded fallback maps from training data. Categorical cols: 7, Numeric cols: 5
2025-05-08 18:57:21,036 - INFO -  [POSTPROCESSING] Normalizing anonymized data using ARX artifact cleaning and fallback values.
2025-05-08 18:57:21,049 - INFO -  [POSTPROCESSING] Normalized anonymized data saved to: /mnt/NVMETank/Projects/Students/Dele/A-STUDY-INTO-THE-QUALITY-AND-USABILITY-OF-PRIVACY-FRIENDLY-SYNTHETIC-DATA/datasets/anonymized/loan_k11_l15_sup50_anonymized_processed.csv
2025-05-08 18:57:21,058 - INFO -  [POSTPROCESSING] Binary Encoding applied to anonymized data. Encoded shape: (336, 19)
2025-05-08 18:57:21,060 - INFO -  [POSTPROCESSING] Encoded anonymized dataset saved to: /mnt/NVMETank/Projects/Students/Dele/A-STUDY-INTO-THE-QUALITY-AND-USABILITY-OF-PRIVACY-FRIENDLY-SYNTHETIC-DATA/datasets/anonymized/loan_k11_l15_sup50_anonymized_encoded.csv
2025-05-08 18:57:21,060 - INFO -  [POSTPROCESSING] Encoding map generated for anonymized data: 0 original categorical columns.
2025-05-08 18:57:21,060 - INFO - Postprocessing report saved at: outputs/batch/loan_batch_2025-05-08_18-38-44/loan_anon_k11_sl0p5_l15/postprocessing_report.txt
2025-05-08 18:57:21,060 - INFO - enable_synthetic_generation = False
2025-05-08 18:57:21,060 - INFO - Synthetic Data Generation Skipped (Disabled in Configuration).
2025-05-08 18:57:21,060 - INFO - Running Hybrid Pipeline...
2025-05-08 18:57:21,060 - INFO -  [HYBRID] Executing run_hybrid...
2025-05-08 18:57:21,061 - INFO -  [HYBRID] Looking for encoded anonymized data in /mnt/NVMETank/Projects/Students/Dele/A-STUDY-INTO-THE-QUALITY-AND-USABILITY-OF-PRIVACY-FRIENDLY-SYNTHETIC-DATA/datasets/anonymized/loan_k11_l15_sup50_anonymized_encoded.csv
2025-05-08 18:57:21,061 - INFO -  [HYBRID ] Loaded cached encoded anonymous data from /mnt/NVMETank/Projects/Students/Dele/A-STUDY-INTO-THE-QUALITY-AND-USABILITY-OF-PRIVACY-FRIENDLY-SYNTHETIC-DATA/datasets/anonymized/loan_k11_l15_sup50_anonymized_encoded.csv
2025-05-08 18:57:21,062 - INFO -  [HYBRID] Starting synthetic generation for hybrid pipeline...
2025-05-08 18:57:21,062 - INFO - Executing run_synthetic.....
2025-05-08 18:57:21,062 - INFO - [SYNTHETIC PIPELINE] executing run_synthetic for loan_k11_l15_sup50...
2025-05-08 18:57:21,062 - INFO - [SYNTHETIC] Processing dataset: loan_k11_l15_sup50
2025-05-08 18:57:21,063 - INFO - [SYNTHETIC] Original dataset size: 336 rows
2025-05-08 18:57:21,074 - INFO - Detected metadata:
2025-05-08 18:57:21,074 - INFO - {
    "columns": {
        "Gender_0": {
            "sdtype": "categorical"
        },
        "Gender_1": {
            "sdtype": "categorical"
        },
        "Married_0": {
            "sdtype": "categorical"
        },
        "Married_1": {
            "sdtype": "categorical"
        },
        "Dependents_0": {
            "sdtype": "categorical"
        },
        "Dependents_1": {
            "sdtype": "categorical"
        },
        "Dependents_2": {
            "sdtype": "categorical"
        },
        "Education_0": {
            "sdtype": "categorical"
        },
        "Education_1": {
            "sdtype": "categorical"
        },
        "Self_Employed_0": {
            "sdtype": "categorical"
        },
        "Self_Employed_1": {
            "sdtype": "categorical"
        },
        "ApplicantIncome": {
            "sdtype": "numerical"
        },
        "CoapplicantIncome": {
            "sdtype": "numerical"
        },
        "LoanAmount": {
            "sdtype": "numerical"
        },
        "Loan_Amount_Term": {
            "sdtype": "categorical"
        },
        "Credit_History": {
            "sdtype": "categorical"
        },
        "Property_Area_0": {
            "sdtype": "categorical"
        },
        "Property_Area_1": {
            "sdtype": "categorical"
        },
        "Loan_Status": {
            "sdtype": "categorical"
        }
    },
    "METADATA_SPEC_VERSION": "SINGLE_TABLE_V1"
}
2025-05-08 18:57:21,075 - INFO - [SYNTHETIC] Preparing synthesizer: CTGAN
2025-05-08 18:57:21,075 - INFO - [SYNTHETIC] Params from config: {'epochs': 300}
2025-05-08 18:57:21,075 - INFO -  [SYNTHETIC] No pre-trained synthesizer found
2025-05-08 18:57:21,075 - INFO - [SYNTHETIC] Training new CTGAN synthesizer from scratch...
2025-05-08 18:57:21,075 - WARNING - [FutureWarning] The 'SingleTableMetadata' is deprecated. Please use the new 'Metadata' class for synthesizers. (from /mnt/NVMETank/Projects/Students/Dele/A-STUDY-INTO-THE-QUALITY-AND-USABILITY-OF-PRIVACY-FRIENDLY-SYNTHETIC-DATA/.venv/lib/python3.12/site-packages/sdv/single_table/base.py:119)
2025-05-08 18:57:21,075 - WARNING - [UserWarning] We strongly recommend saving the metadata using 'save_to_json' for replicability in future SDV versions. (from /mnt/NVMETank/Projects/Students/Dele/A-STUDY-INTO-THE-QUALITY-AND-USABILITY-OF-PRIVACY-FRIENDLY-SYNTHETIC-DATA/.venv/lib/python3.12/site-packages/sdv/single_table/base.py:104)
2025-05-08 18:57:21,079 - INFO - {'EVENT': 'Instance', 'TIMESTAMP': datetime.datetime(2025, 5, 8, 18, 57, 21, 79462), 'SYNTHESIZER CLASS NAME': 'CTGANSynthesizer', 'SYNTHESIZER ID': 'CTGANSynthesizer_1.18.0_60282084914041fda0bf1645c765f989'}
2025-05-08 18:57:21,079 - INFO - [SYNTHETIC] CTGAN initialized with epochs: 300
2025-05-08 18:57:21,079 - INFO - [SYNTHETIC] Training parameters for CTGAN: {}
2025-05-08 18:57:21,079 - INFO - [SYNTHETIC] fitting CTGAN 
2025-05-08 18:57:21,079 - INFO - {'EVENT': 'Fit', 'TIMESTAMP': datetime.datetime(2025, 5, 8, 18, 57, 21, 79666), 'SYNTHESIZER CLASS NAME': 'CTGANSynthesizer', 'SYNTHESIZER ID': 'CTGANSynthesizer_1.18.0_60282084914041fda0bf1645c765f989', 'TOTAL NUMBER OF TABLES': 1, 'TOTAL NUMBER OF ROWS': 336, 'TOTAL NUMBER OF COLUMNS': 19}
2025-05-08 18:57:21,080 - INFO - Fitting table  metadata
2025-05-08 18:57:21,081 - INFO - Fitting formatters for table 
2025-05-08 18:57:21,082 - INFO - Fitting constraints for table 
2025-05-08 18:57:21,082 - INFO - Setting the configuration for the ``HyperTransformer`` for table 
2025-05-08 18:57:21,083 - INFO - Fitting HyperTransformer for table 
2025-05-08 18:57:21,098 - INFO - {'EVENT': 'Fit processed data', 'TIMESTAMP': datetime.datetime(2025, 5, 8, 18, 57, 21, 98208), 'SYNTHESIZER CLASS NAME': 'CTGANSynthesizer', 'SYNTHESIZER ID': 'CTGANSynthesizer_1.18.0_60282084914041fda0bf1645c765f989', 'TOTAL NUMBER OF TABLES': 1, 'TOTAL NUMBER OF ROWS': 336, 'TOTAL NUMBER OF COLUMNS': 19}
2025-05-08 18:57:21,130 - INFO - Guidance: There are no missing values in column ApplicantIncome. Extra column not created.
2025-05-08 18:57:21,247 - INFO - Guidance: There are no missing values in column CoapplicantIncome. Extra column not created.
2025-05-08 18:57:21,285 - INFO - Guidance: There are no missing values in column LoanAmount. Extra column not created.
2025-05-08 18:57:45,944 - INFO - [SYNTHETIC] Fitting complete for CTGAN. Duration: 24.86 seconds.
2025-05-08 18:57:45,944 - INFO - [SYNTHETIC] CONFIRMATION CTGAN actually trained with epochs = 300
2025-05-08 18:57:45,944 - INFO - {'EVENT': 'Save', 'TIMESTAMP': datetime.datetime(2025, 5, 8, 18, 57, 45, 944430), 'SYNTHESIZER CLASS NAME': 'CTGANSynthesizer', 'SYNTHESIZER ID': 'CTGANSynthesizer_1.18.0_60282084914041fda0bf1645c765f989'}
2025-05-08 18:57:45,977 - INFO - [SYNTHETIC] CTGAN trained and saved.
2025-05-08 18:57:45,977 - INFO - [SYNTHETIC] Preparing synthesizer: GaussianCopula
2025-05-08 18:57:45,977 - INFO - [SYNTHETIC] Params from config: {}
2025-05-08 18:57:45,977 - INFO -  [SYNTHETIC] No pre-trained synthesizer found
2025-05-08 18:57:45,977 - INFO - [SYNTHETIC] Training new GaussianCopula synthesizer from scratch...
2025-05-08 18:57:45,977 - WARNING - [FutureWarning] The 'SingleTableMetadata' is deprecated. Please use the new 'Metadata' class for synthesizers. (from /mnt/NVMETank/Projects/Students/Dele/A-STUDY-INTO-THE-QUALITY-AND-USABILITY-OF-PRIVACY-FRIENDLY-SYNTHETIC-DATA/.venv/lib/python3.12/site-packages/sdv/single_table/base.py:119)
2025-05-08 18:57:45,980 - INFO - {'EVENT': 'Instance', 'TIMESTAMP': datetime.datetime(2025, 5, 8, 18, 57, 45, 980184), 'SYNTHESIZER CLASS NAME': 'GaussianCopulaSynthesizer', 'SYNTHESIZER ID': 'GaussianCopulaSynthesizer_1.18.0_7884d4fe552e4cce83e9af15d76e3eb0'}
2025-05-08 18:57:45,980 - INFO - [SYNTHETIC] fitting GaussianCopula 
2025-05-08 18:57:45,980 - INFO - {'EVENT': 'Fit', 'TIMESTAMP': datetime.datetime(2025, 5, 8, 18, 57, 45, 980316), 'SYNTHESIZER CLASS NAME': 'GaussianCopulaSynthesizer', 'SYNTHESIZER ID': 'GaussianCopulaSynthesizer_1.18.0_7884d4fe552e4cce83e9af15d76e3eb0', 'TOTAL NUMBER OF TABLES': 1, 'TOTAL NUMBER OF ROWS': 336, 'TOTAL NUMBER OF COLUMNS': 19}
2025-05-08 18:57:45,981 - INFO - Fitting table  metadata
2025-05-08 18:57:45,981 - INFO - Fitting formatters for table 
2025-05-08 18:57:45,983 - INFO - Fitting constraints for table 
2025-05-08 18:57:45,983 - INFO - Setting the configuration for the ``HyperTransformer`` for table 
2025-05-08 18:57:45,989 - INFO - Fitting HyperTransformer for table 
2025-05-08 18:57:46,098 - INFO - {'EVENT': 'Fit processed data', 'TIMESTAMP': datetime.datetime(2025, 5, 8, 18, 57, 46, 98737), 'SYNTHESIZER CLASS NAME': 'GaussianCopulaSynthesizer', 'SYNTHESIZER ID': 'GaussianCopulaSynthesizer_1.18.0_7884d4fe552e4cce83e9af15d76e3eb0', 'TOTAL NUMBER OF TABLES': 1, 'TOTAL NUMBER OF ROWS': 336, 'TOTAL NUMBER OF COLUMNS': 19}
2025-05-08 18:57:46,099 - INFO - Fitting GaussianMultivariate(distribution="{'Gender_0': <class 'copulas.univariate.beta.BetaUnivariate'>, 'Gender_1': <class 'copulas.univariate.beta.BetaUnivariate'>, 'Married_0': <class 'copulas.univariate.beta.BetaUnivariate'>, 'Married_1': <class 'copulas.univariate.beta.BetaUnivariate'>, 'Dependents_0': <class 'copulas.univariate.beta.BetaUnivariate'>, 'Dependents_1': <class 'copulas.univariate.beta.BetaUnivariate'>, 'Dependents_2': <class 'copulas.univariate.beta.BetaUnivariate'>, 'Education_0': <class 'copulas.univariate.beta.BetaUnivariate'>, 'Education_1': <class 'copulas.univariate.beta.BetaUnivariate'>, 'Self_Employed_0': <class 'copulas.univariate.beta.BetaUnivariate'>, 'Self_Employed_1': <class 'copulas.univariate.beta.BetaUnivariate'>, 'ApplicantIncome': <class 'copulas.univariate.beta.BetaUnivariate'>, 'CoapplicantIncome': <class 'copulas.univariate.beta.BetaUnivariate'>, 'LoanAmount': <class 'copulas.univariate.beta.BetaUnivariate'>, 'Loan_Amount_Term': <class 'copulas.univariate.beta.BetaUnivariate'>, 'Credit_History': <class 'copulas.univariate.beta.BetaUnivariate'>, 'Property_Area_0': <class 'copulas.univariate.beta.BetaUnivariate'>, 'Property_Area_1': <class 'copulas.univariate.beta.BetaUnivariate'>, 'Loan_Status': <class 'copulas.univariate.beta.BetaUnivariate'>}")
2025-05-08 18:57:46,686 - INFO - [SYNTHETIC] Fitting complete for GaussianCopula. Duration: 0.71 seconds.
2025-05-08 18:57:46,686 - WARNING - [SYNTHETIC] WARNING Could not determine actual epochs used for GaussianCopula
2025-05-08 18:57:46,686 - INFO - {'EVENT': 'Save', 'TIMESTAMP': datetime.datetime(2025, 5, 8, 18, 57, 46, 686392), 'SYNTHESIZER CLASS NAME': 'GaussianCopulaSynthesizer', 'SYNTHESIZER ID': 'GaussianCopulaSynthesizer_1.18.0_7884d4fe552e4cce83e9af15d76e3eb0'}
2025-05-08 18:57:46,694 - INFO - [SYNTHETIC] GaussianCopula trained and saved.
2025-05-08 18:57:46,694 - INFO - [SYNTHETIC] Preparing synthesizer: TVAE
2025-05-08 18:57:46,694 - INFO - [SYNTHETIC] Params from config: {'epochs': 300}
2025-05-08 18:57:46,694 - INFO -  [SYNTHETIC] No pre-trained synthesizer found
2025-05-08 18:57:46,694 - INFO - [SYNTHETIC] Training new TVAE synthesizer from scratch...
2025-05-08 18:57:46,694 - WARNING - [FutureWarning] The 'SingleTableMetadata' is deprecated. Please use the new 'Metadata' class for synthesizers. (from /mnt/NVMETank/Projects/Students/Dele/A-STUDY-INTO-THE-QUALITY-AND-USABILITY-OF-PRIVACY-FRIENDLY-SYNTHETIC-DATA/.venv/lib/python3.12/site-packages/sdv/single_table/base.py:119)
2025-05-08 18:57:46,696 - INFO - {'EVENT': 'Instance', 'TIMESTAMP': datetime.datetime(2025, 5, 8, 18, 57, 46, 696894), 'SYNTHESIZER CLASS NAME': 'TVAESynthesizer', 'SYNTHESIZER ID': 'TVAESynthesizer_1.18.0_8c294d51f0bd448e8648b3c49843ad8a'}
2025-05-08 18:57:46,696 - INFO - [SYNTHETIC] TVAE initialized with epochs: 300
2025-05-08 18:57:46,697 - INFO - [SYNTHETIC] Training parameters for TVAE: {}
2025-05-08 18:57:46,697 - INFO - [SYNTHETIC] fitting TVAE 
2025-05-08 18:57:46,697 - INFO - {'EVENT': 'Fit', 'TIMESTAMP': datetime.datetime(2025, 5, 8, 18, 57, 46, 697104), 'SYNTHESIZER CLASS NAME': 'TVAESynthesizer', 'SYNTHESIZER ID': 'TVAESynthesizer_1.18.0_8c294d51f0bd448e8648b3c49843ad8a', 'TOTAL NUMBER OF TABLES': 1, 'TOTAL NUMBER OF ROWS': 336, 'TOTAL NUMBER OF COLUMNS': 19}
2025-05-08 18:57:46,698 - INFO - Fitting table  metadata
2025-05-08 18:57:46,698 - INFO - Fitting formatters for table 
2025-05-08 18:57:46,700 - INFO - Fitting constraints for table 
2025-05-08 18:57:46,700 - INFO - Setting the configuration for the ``HyperTransformer`` for table 
2025-05-08 18:57:46,701 - INFO - Fitting HyperTransformer for table 
2025-05-08 18:57:46,712 - INFO - {'EVENT': 'Fit processed data', 'TIMESTAMP': datetime.datetime(2025, 5, 8, 18, 57, 46, 712751), 'SYNTHESIZER CLASS NAME': 'TVAESynthesizer', 'SYNTHESIZER ID': 'TVAESynthesizer_1.18.0_8c294d51f0bd448e8648b3c49843ad8a', 'TOTAL NUMBER OF TABLES': 1, 'TOTAL NUMBER OF ROWS': 336, 'TOTAL NUMBER OF COLUMNS': 19}
2025-05-08 18:57:46,725 - INFO - Guidance: There are no missing values in column ApplicantIncome. Extra column not created.
2025-05-08 18:57:46,799 - INFO - Guidance: There are no missing values in column CoapplicantIncome. Extra column not created.
2025-05-08 18:57:46,833 - INFO - Guidance: There are no missing values in column LoanAmount. Extra column not created.
2025-05-08 18:57:49,842 - INFO - [SYNTHETIC] Fitting complete for TVAE. Duration: 3.15 seconds.
2025-05-08 18:57:49,842 - INFO - [SYNTHETIC] CONFIRMATION TVAE actually trained with epochs = 300
2025-05-08 18:57:49,842 - INFO - {'EVENT': 'Save', 'TIMESTAMP': datetime.datetime(2025, 5, 8, 18, 57, 49, 842801), 'SYNTHESIZER CLASS NAME': 'TVAESynthesizer', 'SYNTHESIZER ID': 'TVAESynthesizer_1.18.0_8c294d51f0bd448e8648b3c49843ad8a'}
2025-05-08 18:57:49,868 - INFO - [SYNTHETIC] TVAE trained and saved.
2025-05-08 18:57:49,868 - INFO - [SYNTHETIC] Using CTGAN to generate 336 rows...
2025-05-08 18:57:49,930 - INFO - {'EVENT': 'Sample', 'TIMESTAMP': datetime.datetime(2025, 5, 8, 18, 57, 49, 868671), 'SYNTHESIZER CLASS NAME': 'CTGANSynthesizer', 'SYNTHESIZER ID': 'CTGANSynthesizer_1.18.0_60282084914041fda0bf1645c765f989', 'TOTAL NUMBER OF TABLES': 1, 'TOTAL NUMBER OF ROWS': 336, 'TOTAL NUMBER OF COLUMNS': 19}
2025-05-08 18:57:49,930 - INFO - [SYNTHETIC] CTGAN completed: 336 rows generated.
2025-05-08 18:57:49,930 - INFO - [SYNTHETIC] Target class distribution for CTGAN: {'Y': 246, 'N': 90}
2025-05-08 18:57:49,930 - INFO - [SYNTHETIC] Using GaussianCopula to generate 336 rows...
2025-05-08 18:57:49,988 - INFO - {'EVENT': 'Sample', 'TIMESTAMP': datetime.datetime(2025, 5, 8, 18, 57, 49, 930807), 'SYNTHESIZER CLASS NAME': 'GaussianCopulaSynthesizer', 'SYNTHESIZER ID': 'GaussianCopulaSynthesizer_1.18.0_7884d4fe552e4cce83e9af15d76e3eb0', 'TOTAL NUMBER OF TABLES': 1, 'TOTAL NUMBER OF ROWS': 336, 'TOTAL NUMBER OF COLUMNS': 19}
2025-05-08 18:57:49,988 - INFO - [SYNTHETIC] GaussianCopula completed: 336 rows generated.
2025-05-08 18:57:49,989 - INFO - [SYNTHETIC] Target class distribution for GaussianCopula: {'Y': 234, 'N': 102}
2025-05-08 18:57:49,989 - INFO - [SYNTHETIC] Using TVAE to generate 336 rows...
2025-05-08 18:57:50,029 - INFO - {'EVENT': 'Sample', 'TIMESTAMP': datetime.datetime(2025, 5, 8, 18, 57, 49, 989205), 'SYNTHESIZER CLASS NAME': 'TVAESynthesizer', 'SYNTHESIZER ID': 'TVAESynthesizer_1.18.0_8c294d51f0bd448e8648b3c49843ad8a', 'TOTAL NUMBER OF TABLES': 1, 'TOTAL NUMBER OF ROWS': 336, 'TOTAL NUMBER OF COLUMNS': 19}
2025-05-08 18:57:50,029 - INFO - [SYNTHETIC] TVAE completed: 336 rows generated.
2025-05-08 18:57:50,029 - INFO - [SYNTHETIC] Target class distribution for TVAE: {'Y': 336}
2025-05-08 18:57:50,029 - INFO - [SYNTHETIC PIPELINE] Synthetic Data Generation Completed.
2025-05-08 18:57:50,030 - INFO - [SYNTHETIC PIPELINE] Synthesizers used: ['CTGAN', 'GaussianCopula', 'TVAE']
2025-05-08 18:57:50,030 - INFO - [SYNTHETIC PIPELINE] Evaluating synthetic dataset generated by CTGAN...
2025-05-08 18:57:50,030 - INFO - [SYNTHETIC EVAL] Real data columns     (19): ['Gender_0', 'Gender_1', 'Married_0', 'Married_1', 'Dependents_0', 'Dependents_1', 'Dependents_2', 'Education_0', 'Education_1', 'Self_Employed_0', 'Self_Employed_1', 'ApplicantIncome', 'CoapplicantIncome', 'LoanAmount', 'Loan_Amount_Term', 'Credit_History', 'Property_Area_0', 'Property_Area_1', 'Loan_Status']
2025-05-08 18:57:50,030 - INFO - [SYNTHETIC EVAL] Synthetic data columns (19): ['Gender_0', 'Gender_1', 'Married_0', 'Married_1', 'Dependents_0', 'Dependents_1', 'Dependents_2', 'Education_0', 'Education_1', 'Self_Employed_0', 'Self_Employed_1', 'ApplicantIncome', 'CoapplicantIncome', 'LoanAmount', 'Loan_Amount_Term', 'Credit_History', 'Property_Area_0', 'Property_Area_1', 'Loan_Status']
2025-05-08 18:57:50,030 - INFO - [SYNTHETIC EVAL] Metadata columns      (19): ['Gender_0', 'Gender_1', 'Married_0', 'Married_1', 'Dependents_0', 'Dependents_1', 'Dependents_2', 'Education_0', 'Education_1', 'Self_Employed_0', 'Self_Employed_1', 'ApplicantIncome', 'CoapplicantIncome', 'LoanAmount', 'Loan_Amount_Term', 'Credit_History', 'Property_Area_0', 'Property_Area_1', 'Loan_Status']
2025-05-08 18:57:50,030 - INFO - [SYNTHETIC EVAL] Shape — Real: (336, 19), Synthetic: (336, 19)
2025-05-08 18:57:50,030 - INFO - [SYNTHETIC EVAL] Metadata structure:
{
  "columns": {
    "Gender_0": {
      "sdtype": "categorical"
    },
    "Gender_1": {
      "sdtype": "categorical"
    },
    "Married_0": {
      "sdtype": "categorical"
    },
    "Married_1": {
      "sdtype": "categorical"
    },
    "Dependents_0": {
      "sdtype": "categorical"
    },
    "Dependents_1": {
      "sdtype": "categorical"
    },
    "Dependents_2": {
      "sdtype": "categorical"
    },
    "Education_0": {
      "sdtype": "categorical"
    },
    "Education_1": {
      "sdtype": "categorical"
    },
    "Self_Employed_0": {
      "sdtype": "categorical"
    },
    "Self_Employed_1": {
      "sdtype": "categorical"
    },
    "ApplicantIncome": {
      "sdtype": "numerical"
    },
    "CoapplicantIncome": {
      "sdtype": "numerical"
    },
    "LoanAmount": {
      "sdtype": "numerical"
    },
    "Loan_Amount_Term": {
      "sdtype": "categorical"
    },
    "Credit_History": {
      "sdtype": "categorical"
    },
    "Property_Area_0": {
      "sdtype": "categorical"
    },
    "Property_Area_1": {
      "sdtype": "categorical"
    },
    "Loan_Status": {
      "sdtype": "categorical"
    }
  },
  "METADATA_SPEC_VERSION": "SINGLE_TABLE_V1"
}
2025-05-08 18:57:50,395 - INFO - [SYNTHETIC PIPELINE] Evaluating synthetic dataset generated by GaussianCopula...
2025-05-08 18:57:50,395 - INFO - [SYNTHETIC EVAL] Real data columns     (19): ['Gender_0', 'Gender_1', 'Married_0', 'Married_1', 'Dependents_0', 'Dependents_1', 'Dependents_2', 'Education_0', 'Education_1', 'Self_Employed_0', 'Self_Employed_1', 'ApplicantIncome', 'CoapplicantIncome', 'LoanAmount', 'Loan_Amount_Term', 'Credit_History', 'Property_Area_0', 'Property_Area_1', 'Loan_Status']
2025-05-08 18:57:50,395 - INFO - [SYNTHETIC EVAL] Synthetic data columns (19): ['Gender_0', 'Gender_1', 'Married_0', 'Married_1', 'Dependents_0', 'Dependents_1', 'Dependents_2', 'Education_0', 'Education_1', 'Self_Employed_0', 'Self_Employed_1', 'ApplicantIncome', 'CoapplicantIncome', 'LoanAmount', 'Loan_Amount_Term', 'Credit_History', 'Property_Area_0', 'Property_Area_1', 'Loan_Status']
2025-05-08 18:57:50,395 - INFO - [SYNTHETIC EVAL] Metadata columns      (19): ['Gender_0', 'Gender_1', 'Married_0', 'Married_1', 'Dependents_0', 'Dependents_1', 'Dependents_2', 'Education_0', 'Education_1', 'Self_Employed_0', 'Self_Employed_1', 'ApplicantIncome', 'CoapplicantIncome', 'LoanAmount', 'Loan_Amount_Term', 'Credit_History', 'Property_Area_0', 'Property_Area_1', 'Loan_Status']
2025-05-08 18:57:50,395 - INFO - [SYNTHETIC EVAL] Shape — Real: (336, 19), Synthetic: (336, 19)
2025-05-08 18:57:50,395 - INFO - [SYNTHETIC EVAL] Metadata structure:
{
  "columns": {
    "Gender_0": {
      "sdtype": "categorical"
    },
    "Gender_1": {
      "sdtype": "categorical"
    },
    "Married_0": {
      "sdtype": "categorical"
    },
    "Married_1": {
      "sdtype": "categorical"
    },
    "Dependents_0": {
      "sdtype": "categorical"
    },
    "Dependents_1": {
      "sdtype": "categorical"
    },
    "Dependents_2": {
      "sdtype": "categorical"
    },
    "Education_0": {
      "sdtype": "categorical"
    },
    "Education_1": {
      "sdtype": "categorical"
    },
    "Self_Employed_0": {
      "sdtype": "categorical"
    },
    "Self_Employed_1": {
      "sdtype": "categorical"
    },
    "ApplicantIncome": {
      "sdtype": "numerical"
    },
    "CoapplicantIncome": {
      "sdtype": "numerical"
    },
    "LoanAmount": {
      "sdtype": "numerical"
    },
    "Loan_Amount_Term": {
      "sdtype": "categorical"
    },
    "Credit_History": {
      "sdtype": "categorical"
    },
    "Property_Area_0": {
      "sdtype": "categorical"
    },
    "Property_Area_1": {
      "sdtype": "categorical"
    },
    "Loan_Status": {
      "sdtype": "categorical"
    }
  },
  "METADATA_SPEC_VERSION": "SINGLE_TABLE_V1"
}
2025-05-08 18:57:50,753 - INFO - [SYNTHETIC PIPELINE] Evaluating synthetic dataset generated by TVAE...
2025-05-08 18:57:50,753 - INFO - [SYNTHETIC EVAL] Real data columns     (19): ['Gender_0', 'Gender_1', 'Married_0', 'Married_1', 'Dependents_0', 'Dependents_1', 'Dependents_2', 'Education_0', 'Education_1', 'Self_Employed_0', 'Self_Employed_1', 'ApplicantIncome', 'CoapplicantIncome', 'LoanAmount', 'Loan_Amount_Term', 'Credit_History', 'Property_Area_0', 'Property_Area_1', 'Loan_Status']
2025-05-08 18:57:50,753 - INFO - [SYNTHETIC EVAL] Synthetic data columns (19): ['Gender_0', 'Gender_1', 'Married_0', 'Married_1', 'Dependents_0', 'Dependents_1', 'Dependents_2', 'Education_0', 'Education_1', 'Self_Employed_0', 'Self_Employed_1', 'ApplicantIncome', 'CoapplicantIncome', 'LoanAmount', 'Loan_Amount_Term', 'Credit_History', 'Property_Area_0', 'Property_Area_1', 'Loan_Status']
2025-05-08 18:57:50,753 - INFO - [SYNTHETIC EVAL] Metadata columns      (19): ['Gender_0', 'Gender_1', 'Married_0', 'Married_1', 'Dependents_0', 'Dependents_1', 'Dependents_2', 'Education_0', 'Education_1', 'Self_Employed_0', 'Self_Employed_1', 'ApplicantIncome', 'CoapplicantIncome', 'LoanAmount', 'Loan_Amount_Term', 'Credit_History', 'Property_Area_0', 'Property_Area_1', 'Loan_Status']
2025-05-08 18:57:50,754 - INFO - [SYNTHETIC EVAL] Shape — Real: (336, 19), Synthetic: (336, 19)
2025-05-08 18:57:50,754 - INFO - [SYNTHETIC EVAL] Metadata structure:
{
  "columns": {
    "Gender_0": {
      "sdtype": "categorical"
    },
    "Gender_1": {
      "sdtype": "categorical"
    },
    "Married_0": {
      "sdtype": "categorical"
    },
    "Married_1": {
      "sdtype": "categorical"
    },
    "Dependents_0": {
      "sdtype": "categorical"
    },
    "Dependents_1": {
      "sdtype": "categorical"
    },
    "Dependents_2": {
      "sdtype": "categorical"
    },
    "Education_0": {
      "sdtype": "categorical"
    },
    "Education_1": {
      "sdtype": "categorical"
    },
    "Self_Employed_0": {
      "sdtype": "categorical"
    },
    "Self_Employed_1": {
      "sdtype": "categorical"
    },
    "ApplicantIncome": {
      "sdtype": "numerical"
    },
    "CoapplicantIncome": {
      "sdtype": "numerical"
    },
    "LoanAmount": {
      "sdtype": "numerical"
    },
    "Loan_Amount_Term": {
      "sdtype": "categorical"
    },
    "Credit_History": {
      "sdtype": "categorical"
    },
    "Property_Area_0": {
      "sdtype": "categorical"
    },
    "Property_Area_1": {
      "sdtype": "categorical"
    },
    "Loan_Status": {
      "sdtype": "categorical"
    }
  },
  "METADATA_SPEC_VERSION": "SINGLE_TABLE_V1"
}
2025-05-08 18:57:51,160 - INFO -  [SYNTHETIC PIPELINE]  Synthetic Data Evaluation Completed.
2025-05-08 18:57:51,167 - INFO -  [SYNTHETIC PIPELINE] Synthetic Data Report Generated Successfully.
2025-05-08 18:57:51,262 - INFO - [HYBRID] Generated hybrid dataset shape for CTGAN: (336, 19)
2025-05-08 18:57:51,263 - INFO - [HYBRID] Target distribution for CTGAN: {'Y': 246, 'N': 90}
2025-05-08 18:57:51,264 - INFO -  [HYBRID] Saved hybrid dataset to /mnt/NVMETank/Projects/Students/Dele/A-STUDY-INTO-THE-QUALITY-AND-USABILITY-OF-PRIVACY-FRIENDLY-SYNTHETIC-DATA/datasets/hybrid/loan_k11_l15_sup50_CTGAN_HYBRID.csv
2025-05-08 18:57:51,265 - INFO - [HYBRID] Generated hybrid dataset shape for GaussianCopula: (336, 19)
2025-05-08 18:57:51,265 - INFO - [HYBRID] Target distribution for GaussianCopula: {'Y': 234, 'N': 102}
2025-05-08 18:57:51,266 - INFO -  [HYBRID] Saved hybrid dataset to /mnt/NVMETank/Projects/Students/Dele/A-STUDY-INTO-THE-QUALITY-AND-USABILITY-OF-PRIVACY-FRIENDLY-SYNTHETIC-DATA/datasets/hybrid/loan_k11_l15_sup50_GaussianCopula_HYBRID.csv
2025-05-08 18:57:51,266 - INFO - [HYBRID] Generated hybrid dataset shape for TVAE: (336, 19)
2025-05-08 18:57:51,267 - INFO - [HYBRID] Target distribution for TVAE: {'Y': 336}
2025-05-08 18:57:51,268 - INFO -  [HYBRID] Saved hybrid dataset to /mnt/NVMETank/Projects/Students/Dele/A-STUDY-INTO-THE-QUALITY-AND-USABILITY-OF-PRIVACY-FRIENDLY-SYNTHETIC-DATA/datasets/hybrid/loan_k11_l15_sup50_TVAE_HYBRID.csv
2025-05-08 18:57:51,268 - INFO -  [HYBRID] Hybrid pipeline complete — 3 dataset(s) ready.
2025-05-08 18:57:51,268 - INFO - [HYBRID] Total rows across all hybrid datasets: 1008
2025-05-08 18:57:51,268 - INFO - Hybrid pipeline completed successfully.
2025-05-08 18:57:51,269 - INFO - Hybrid pipeline duration: 30.21 seconds
2025-05-08 18:57:51,269 - INFO - Starting Utility...
2025-05-08 18:57:51,269 - INFO - [UTILITY] Preparing datasets for machine learning...
2025-05-08 18:57:51,269 - INFO - [UTILITY] Original Data - Training Size: 336, Testing Size: 144
2025-05-08 18:57:51,269 - INFO - [UTILITY] Target class distribution (Original): {'Y': 232, 'N': 104}
2025-05-08 18:57:51,269 - INFO - [UTILITY] Processing anonymized dataset...
2025-05-08 18:57:51,270 - INFO - [UTILITY] Anonymized Data - Training Size: 336
2025-05-08 18:57:51,270 - INFO - [UTILITY] Target class distribution (Anonymous): {'Y': 232, 'N': 104}
2025-05-08 18:57:51,270 - INFO - [UTILITY] Processing hybrid dataset generated by CTGAN...
2025-05-08 18:57:51,270 - INFO - [UTILITY] Hybrid Data (CTGAN_HYBRID) - Training Size: 336
2025-05-08 18:57:51,271 - INFO - [UTILITY] Target class distribution (CTGAN_HYBRID): {'Y': 246, 'N': 90}
2025-05-08 18:57:51,271 - INFO - [UTILITY] Processing hybrid dataset generated by GaussianCopula...
2025-05-08 18:57:51,271 - INFO - [UTILITY] Hybrid Data (GaussianCopula_HYBRID) - Training Size: 336
2025-05-08 18:57:51,271 - INFO - [UTILITY] Target class distribution (GaussianCopula_HYBRID): {'Y': 234, 'N': 102}
2025-05-08 18:57:51,271 - WARNING -  Skipping hybrid dataset 'TVAE_HYBRID' - only one class in target.
2025-05-08 18:57:51,271 - INFO - [UTILITY] Training models on all datasets...
2025-05-08 18:57:51,271 - INFO - [UTILITY] Total datasets used for training: 4
2025-05-08 18:57:51,271 - INFO - [TRAINING] Training models from scratch...
2025-05-08 18:57:51,271 - INFO - [TRAINING] Starting training for dataset: Original — Rows: 336, Features: 18
2025-05-08 18:57:51,272 - INFO - [TRAINING] Training DecisionTree on Original...
2025-05-08 18:57:51,274 - INFO - [TRAINING] DecisionTree trained successfully on Original in 0.00 sec
2025-05-08 18:57:51,274 - INFO - [TRAINING] Training KNN on Original...
2025-05-08 18:57:51,275 - INFO - [TRAINING] KNN trained successfully on Original in 0.00 sec
2025-05-08 18:57:51,275 - INFO - [TRAINING] Training LogisticRegression on Original...
2025-05-08 18:57:51,278 - INFO - [TRAINING] LogisticRegression trained successfully on Original in 0.00 sec
2025-05-08 18:57:51,279 - INFO - [TRAINING] Training RandomForest on Original...
2025-05-08 18:57:51,366 - INFO - [TRAINING] RandomForest trained successfully on Original in 0.09 sec
2025-05-08 18:57:51,366 - INFO - [TRAINING] Training SVM on Original...
2025-05-08 18:57:51,370 - INFO - [TRAINING] SVM trained successfully on Original in 0.00 sec
2025-05-08 18:57:51,370 - INFO - [TRAINING] Finished training 5 model(s) for dataset: Original
2025-05-08 18:57:51,370 - INFO - [TRAINING] Starting training for dataset: Anonymous — Rows: 336, Features: 18
2025-05-08 18:57:51,370 - INFO - [TRAINING] Training DecisionTree on Anonymous...
2025-05-08 18:57:51,372 - INFO - [TRAINING] DecisionTree trained successfully on Anonymous in 0.00 sec
2025-05-08 18:57:51,372 - INFO - [TRAINING] Training KNN on Anonymous...
2025-05-08 18:57:51,373 - INFO - [TRAINING] KNN trained successfully on Anonymous in 0.00 sec
2025-05-08 18:57:51,373 - INFO - [TRAINING] Training LogisticRegression on Anonymous...
2025-05-08 18:57:51,377 - INFO - [TRAINING] LogisticRegression trained successfully on Anonymous in 0.00 sec
2025-05-08 18:57:51,377 - INFO - [TRAINING] Training RandomForest on Anonymous...
2025-05-08 18:57:51,464 - INFO - [TRAINING] RandomForest trained successfully on Anonymous in 0.09 sec
2025-05-08 18:57:51,464 - INFO - [TRAINING] Training SVM on Anonymous...
2025-05-08 18:57:51,468 - INFO - [TRAINING] SVM trained successfully on Anonymous in 0.00 sec
2025-05-08 18:57:51,468 - INFO - [TRAINING] Finished training 5 model(s) for dataset: Anonymous
2025-05-08 18:57:51,468 - INFO - [TRAINING] Starting training for dataset: CTGAN_HYBRID — Rows: 336, Features: 18
2025-05-08 18:57:51,468 - INFO - [TRAINING] Training DecisionTree on CTGAN_HYBRID...
2025-05-08 18:57:51,470 - INFO - [TRAINING] DecisionTree trained successfully on CTGAN_HYBRID in 0.00 sec
2025-05-08 18:57:51,470 - INFO - [TRAINING] Training KNN on CTGAN_HYBRID...
2025-05-08 18:57:51,471 - INFO - [TRAINING] KNN trained successfully on CTGAN_HYBRID in 0.00 sec
2025-05-08 18:57:51,471 - INFO - [TRAINING] Training LogisticRegression on CTGAN_HYBRID...
2025-05-08 18:57:51,473 - INFO - [TRAINING] LogisticRegression trained successfully on CTGAN_HYBRID in 0.00 sec
2025-05-08 18:57:51,473 - INFO - [TRAINING] Training RandomForest on CTGAN_HYBRID...
2025-05-08 18:57:51,560 - INFO - [TRAINING] RandomForest trained successfully on CTGAN_HYBRID in 0.09 sec
2025-05-08 18:57:51,560 - INFO - [TRAINING] Training SVM on CTGAN_HYBRID...
2025-05-08 18:57:51,564 - INFO - [TRAINING] SVM trained successfully on CTGAN_HYBRID in 0.00 sec
2025-05-08 18:57:51,564 - INFO - [TRAINING] Finished training 5 model(s) for dataset: CTGAN_HYBRID
2025-05-08 18:57:51,564 - INFO - [TRAINING] Starting training for dataset: GaussianCopula_HYBRID — Rows: 336, Features: 18
2025-05-08 18:57:51,564 - INFO - [TRAINING] Training DecisionTree on GaussianCopula_HYBRID...
2025-05-08 18:57:51,566 - INFO - [TRAINING] DecisionTree trained successfully on GaussianCopula_HYBRID in 0.00 sec
2025-05-08 18:57:51,566 - INFO - [TRAINING] Training KNN on GaussianCopula_HYBRID...
2025-05-08 18:57:51,567 - INFO - [TRAINING] KNN trained successfully on GaussianCopula_HYBRID in 0.00 sec
2025-05-08 18:57:51,567 - INFO - [TRAINING] Training LogisticRegression on GaussianCopula_HYBRID...
2025-05-08 18:57:51,570 - INFO - [TRAINING] LogisticRegression trained successfully on GaussianCopula_HYBRID in 0.00 sec
2025-05-08 18:57:51,570 - INFO - [TRAINING] Training RandomForest on GaussianCopula_HYBRID...
2025-05-08 18:57:51,676 - INFO - [TRAINING] RandomForest trained successfully on GaussianCopula_HYBRID in 0.11 sec
2025-05-08 18:57:51,677 - INFO - [TRAINING] Training SVM on GaussianCopula_HYBRID...
2025-05-08 18:57:51,683 - INFO - [TRAINING] SVM trained successfully on GaussianCopula_HYBRID in 0.01 sec
2025-05-08 18:57:51,683 - INFO - [TRAINING] Finished training 5 model(s) for dataset: GaussianCopula_HYBRID
2025-05-08 18:57:51,683 - INFO - [TRAINING] Total models trained across all datasets: 20
2025-05-08 18:57:51,683 - INFO - [UTILITY] Trained model names: ['Original', 'Anonymous', 'CTGAN_HYBRID', 'GaussianCopula_HYBRID']
2025-05-08 18:57:51,683 - INFO - [UTILITY] Model Training Completed.
2025-05-08 18:57:51,683 - INFO - Starting the Evaluating of models...
2025-05-08 18:57:51,683 - INFO - Preparing evaluation for model 'DecisionTree' across all datasets...
2025-05-08 18:57:51,683 - INFO - Evaluating DecisionTree on Original...
2025-05-08 18:57:51,684 - INFO - Predictions completed for DecisionTree on Original
2025-05-08 18:57:51,685 - INFO - Prediction distribution for DecisionTree on Original: {'Y': 92, 'N': 52}
2025-05-08 18:57:51,693 - INFO - Computed 8 metric(s) for DecisionTree on Original
2025-05-08 18:57:51,693 - INFO - Evaluating DecisionTree on Anonymous...
2025-05-08 18:57:51,694 - INFO - Predictions completed for DecisionTree on Anonymous
2025-05-08 18:57:51,695 - INFO - Prediction distribution for DecisionTree on Anonymous: {'Y': 79, 'N': 65}
2025-05-08 18:57:51,703 - INFO - Computed 8 metric(s) for DecisionTree on Anonymous
2025-05-08 18:57:51,703 - INFO - Evaluating DecisionTree on CTGAN_HYBRID...
2025-05-08 18:57:51,704 - INFO - Predictions completed for DecisionTree on CTGAN_HYBRID
2025-05-08 18:57:51,704 - INFO - Prediction distribution for DecisionTree on CTGAN_HYBRID: {'N': 77, 'Y': 67}
2025-05-08 18:57:51,712 - INFO - Computed 8 metric(s) for DecisionTree on CTGAN_HYBRID
2025-05-08 18:57:51,712 - INFO - Evaluating DecisionTree on GaussianCopula_HYBRID...
2025-05-08 18:57:51,713 - INFO - Predictions completed for DecisionTree on GaussianCopula_HYBRID
2025-05-08 18:57:51,713 - INFO - Prediction distribution for DecisionTree on GaussianCopula_HYBRID: {'Y': 92, 'N': 52}
2025-05-08 18:57:51,721 - INFO - Computed 8 metric(s) for DecisionTree on GaussianCopula_HYBRID
2025-05-08 18:57:51,722 - INFO - Preparing evaluation for model 'KNN' across all datasets...
2025-05-08 18:57:51,722 - INFO - Evaluating KNN on Original...
2025-05-08 18:57:51,729 - INFO - Predictions completed for KNN on Original
2025-05-08 18:57:51,729 - INFO - Prediction distribution for KNN on Original: {'Y': 115, 'N': 29}
2025-05-08 18:57:51,743 - INFO - Computed 8 metric(s) for KNN on Original
2025-05-08 18:57:51,743 - INFO - Evaluating KNN on Anonymous...
2025-05-08 18:57:51,750 - INFO - Predictions completed for KNN on Anonymous
2025-05-08 18:57:51,750 - INFO - Prediction distribution for KNN on Anonymous: {'Y': 114, 'N': 30}
2025-05-08 18:57:51,763 - INFO - Computed 8 metric(s) for KNN on Anonymous
2025-05-08 18:57:51,763 - INFO - Evaluating KNN on CTGAN_HYBRID...
2025-05-08 18:57:51,770 - INFO - Predictions completed for KNN on CTGAN_HYBRID
2025-05-08 18:57:51,770 - INFO - Prediction distribution for KNN on CTGAN_HYBRID: {'Y': 125, 'N': 19}
2025-05-08 18:57:51,783 - INFO - Computed 8 metric(s) for KNN on CTGAN_HYBRID
2025-05-08 18:57:51,783 - INFO - Evaluating KNN on GaussianCopula_HYBRID...
2025-05-08 18:57:51,790 - INFO - Predictions completed for KNN on GaussianCopula_HYBRID
2025-05-08 18:57:51,791 - INFO - Prediction distribution for KNN on GaussianCopula_HYBRID: {'Y': 117, 'N': 27}
2025-05-08 18:57:51,804 - INFO - Computed 8 metric(s) for KNN on GaussianCopula_HYBRID
2025-05-08 18:57:51,804 - INFO - Preparing evaluation for model 'LogisticRegression' across all datasets...
2025-05-08 18:57:51,804 - INFO - Evaluating LogisticRegression on Original...
2025-05-08 18:57:51,805 - INFO - Predictions completed for LogisticRegression on Original
2025-05-08 18:57:51,805 - INFO - Prediction distribution for LogisticRegression on Original: {'Y': 115, 'N': 29}
2025-05-08 18:57:51,814 - INFO - Computed 8 metric(s) for LogisticRegression on Original
2025-05-08 18:57:51,814 - INFO - Evaluating LogisticRegression on Anonymous...
2025-05-08 18:57:51,815 - INFO - Predictions completed for LogisticRegression on Anonymous
2025-05-08 18:57:51,815 - INFO - Prediction distribution for LogisticRegression on Anonymous: {'N': 94, 'Y': 50}
2025-05-08 18:57:51,823 - INFO - Computed 8 metric(s) for LogisticRegression on Anonymous
2025-05-08 18:57:51,824 - INFO - Evaluating LogisticRegression on CTGAN_HYBRID...
2025-05-08 18:57:51,825 - INFO - Predictions completed for LogisticRegression on CTGAN_HYBRID
2025-05-08 18:57:51,825 - INFO - Prediction distribution for LogisticRegression on CTGAN_HYBRID: {'Y': 143, 'N': 1}
2025-05-08 18:57:51,833 - INFO - Computed 8 metric(s) for LogisticRegression on CTGAN_HYBRID
2025-05-08 18:57:51,833 - INFO - Evaluating LogisticRegression on GaussianCopula_HYBRID...
2025-05-08 18:57:51,835 - INFO - Predictions completed for LogisticRegression on GaussianCopula_HYBRID
2025-05-08 18:57:51,835 - INFO - Prediction distribution for LogisticRegression on GaussianCopula_HYBRID: {'Y': 121, 'N': 23}
2025-05-08 18:57:51,843 - INFO - Computed 8 metric(s) for LogisticRegression on GaussianCopula_HYBRID
2025-05-08 18:57:51,843 - INFO - Preparing evaluation for model 'RandomForest' across all datasets...
2025-05-08 18:57:51,843 - INFO - Evaluating RandomForest on Original...
2025-05-08 18:57:51,849 - INFO - Predictions completed for RandomForest on Original
2025-05-08 18:57:51,849 - INFO - Prediction distribution for RandomForest on Original: {'Y': 108, 'N': 36}
2025-05-08 18:57:51,866 - INFO - Computed 8 metric(s) for RandomForest on Original
2025-05-08 18:57:51,866 - INFO - Evaluating RandomForest on Anonymous...
2025-05-08 18:57:51,871 - INFO - Predictions completed for RandomForest on Anonymous
2025-05-08 18:57:51,872 - INFO - Prediction distribution for RandomForest on Anonymous: {'N': 72, 'Y': 72}
2025-05-08 18:57:51,889 - INFO - Computed 8 metric(s) for RandomForest on Anonymous
2025-05-08 18:57:51,889 - INFO - Evaluating RandomForest on CTGAN_HYBRID...
2025-05-08 18:57:51,894 - INFO - Predictions completed for RandomForest on CTGAN_HYBRID
2025-05-08 18:57:51,894 - INFO - Prediction distribution for RandomForest on CTGAN_HYBRID: {'Y': 125, 'N': 19}
2025-05-08 18:57:51,911 - INFO - Computed 8 metric(s) for RandomForest on CTGAN_HYBRID
2025-05-08 18:57:51,911 - INFO - Evaluating RandomForest on GaussianCopula_HYBRID...
2025-05-08 18:57:51,917 - INFO - Predictions completed for RandomForest on GaussianCopula_HYBRID
2025-05-08 18:57:51,917 - INFO - Prediction distribution for RandomForest on GaussianCopula_HYBRID: {'Y': 112, 'N': 32}
2025-05-08 18:57:51,934 - INFO - Computed 8 metric(s) for RandomForest on GaussianCopula_HYBRID
2025-05-08 18:57:51,934 - INFO - Preparing evaluation for model 'SVM' across all datasets...
2025-05-08 18:57:51,934 - INFO - Evaluating SVM on Original...
2025-05-08 18:57:51,936 - INFO - Predictions completed for SVM on Original
2025-05-08 18:57:51,937 - INFO - Prediction distribution for SVM on Original: {'Y': 144}
2025-05-08 18:57:51,937 - WARNING -  [WARNING] :SVM on Original predicted only one class: {'Y'}
2025-05-08 18:57:51,938 - WARNING - [UndefinedMetricWarning] Precision is ill-defined and being set to 0.0 in labels with no predicted samples. Use `zero_division` parameter to control this behavior. (from /mnt/NVMETank/Projects/Students/Dele/A-STUDY-INTO-THE-QUALITY-AND-USABILITY-OF-PRIVACY-FRIENDLY-SYNTHETIC-DATA/.venv/lib/python3.12/site-packages/sklearn/metrics/_classification.py:1565)
2025-05-08 18:57:51,939 - WARNING - [UndefinedMetricWarning] Precision is ill-defined and being set to 0.0 in labels with no predicted samples. Use `zero_division` parameter to control this behavior. (from /mnt/NVMETank/Projects/Students/Dele/A-STUDY-INTO-THE-QUALITY-AND-USABILITY-OF-PRIVACY-FRIENDLY-SYNTHETIC-DATA/.venv/lib/python3.12/site-packages/sklearn/metrics/_classification.py:1565)
2025-05-08 18:57:51,941 - WARNING - [UndefinedMetricWarning] Precision is ill-defined and being set to 0.0 in labels with no predicted samples. Use `zero_division` parameter to control this behavior. (from /mnt/NVMETank/Projects/Students/Dele/A-STUDY-INTO-THE-QUALITY-AND-USABILITY-OF-PRIVACY-FRIENDLY-SYNTHETIC-DATA/.venv/lib/python3.12/site-packages/sklearn/metrics/_classification.py:1565)
2025-05-08 18:57:51,942 - INFO - Computed 8 metric(s) for SVM on Original
2025-05-08 18:57:51,942 - INFO - Evaluating SVM on Anonymous...
2025-05-08 18:57:51,944 - INFO - Predictions completed for SVM on Anonymous
2025-05-08 18:57:51,945 - INFO - Prediction distribution for SVM on Anonymous: {'Y': 144}
2025-05-08 18:57:51,945 - WARNING -  [WARNING] :SVM on Anonymous predicted only one class: {'Y'}
2025-05-08 18:57:51,946 - WARNING - [UndefinedMetricWarning] Precision is ill-defined and being set to 0.0 in labels with no predicted samples. Use `zero_division` parameter to control this behavior. (from /mnt/NVMETank/Projects/Students/Dele/A-STUDY-INTO-THE-QUALITY-AND-USABILITY-OF-PRIVACY-FRIENDLY-SYNTHETIC-DATA/.venv/lib/python3.12/site-packages/sklearn/metrics/_classification.py:1565)
2025-05-08 18:57:51,947 - WARNING - [UndefinedMetricWarning] Precision is ill-defined and being set to 0.0 in labels with no predicted samples. Use `zero_division` parameter to control this behavior. (from /mnt/NVMETank/Projects/Students/Dele/A-STUDY-INTO-THE-QUALITY-AND-USABILITY-OF-PRIVACY-FRIENDLY-SYNTHETIC-DATA/.venv/lib/python3.12/site-packages/sklearn/metrics/_classification.py:1565)
2025-05-08 18:57:51,949 - WARNING - [UndefinedMetricWarning] Precision is ill-defined and being set to 0.0 in labels with no predicted samples. Use `zero_division` parameter to control this behavior. (from /mnt/NVMETank/Projects/Students/Dele/A-STUDY-INTO-THE-QUALITY-AND-USABILITY-OF-PRIVACY-FRIENDLY-SYNTHETIC-DATA/.venv/lib/python3.12/site-packages/sklearn/metrics/_classification.py:1565)
2025-05-08 18:57:51,950 - INFO - Computed 8 metric(s) for SVM on Anonymous
2025-05-08 18:57:51,950 - INFO - Evaluating SVM on CTGAN_HYBRID...
2025-05-08 18:57:51,952 - INFO - Predictions completed for SVM on CTGAN_HYBRID
2025-05-08 18:57:51,953 - INFO - Prediction distribution for SVM on CTGAN_HYBRID: {'Y': 144}
2025-05-08 18:57:51,953 - WARNING -  [WARNING] :SVM on CTGAN_HYBRID predicted only one class: {'Y'}
2025-05-08 18:57:51,954 - WARNING - [UndefinedMetricWarning] Precision is ill-defined and being set to 0.0 in labels with no predicted samples. Use `zero_division` parameter to control this behavior. (from /mnt/NVMETank/Projects/Students/Dele/A-STUDY-INTO-THE-QUALITY-AND-USABILITY-OF-PRIVACY-FRIENDLY-SYNTHETIC-DATA/.venv/lib/python3.12/site-packages/sklearn/metrics/_classification.py:1565)
2025-05-08 18:57:51,955 - WARNING - [UndefinedMetricWarning] Precision is ill-defined and being set to 0.0 in labels with no predicted samples. Use `zero_division` parameter to control this behavior. (from /mnt/NVMETank/Projects/Students/Dele/A-STUDY-INTO-THE-QUALITY-AND-USABILITY-OF-PRIVACY-FRIENDLY-SYNTHETIC-DATA/.venv/lib/python3.12/site-packages/sklearn/metrics/_classification.py:1565)
2025-05-08 18:57:51,957 - WARNING - [UndefinedMetricWarning] Precision is ill-defined and being set to 0.0 in labels with no predicted samples. Use `zero_division` parameter to control this behavior. (from /mnt/NVMETank/Projects/Students/Dele/A-STUDY-INTO-THE-QUALITY-AND-USABILITY-OF-PRIVACY-FRIENDLY-SYNTHETIC-DATA/.venv/lib/python3.12/site-packages/sklearn/metrics/_classification.py:1565)
2025-05-08 18:57:51,958 - INFO - Computed 8 metric(s) for SVM on CTGAN_HYBRID
2025-05-08 18:57:51,958 - INFO - Evaluating SVM on GaussianCopula_HYBRID...
2025-05-08 18:57:51,960 - INFO - Predictions completed for SVM on GaussianCopula_HYBRID
2025-05-08 18:57:51,961 - INFO - Prediction distribution for SVM on GaussianCopula_HYBRID: {'Y': 144}
2025-05-08 18:57:51,961 - WARNING -  [WARNING] :SVM on GaussianCopula_HYBRID predicted only one class: {'Y'}
2025-05-08 18:57:51,962 - WARNING - [UndefinedMetricWarning] Precision is ill-defined and being set to 0.0 in labels with no predicted samples. Use `zero_division` parameter to control this behavior. (from /mnt/NVMETank/Projects/Students/Dele/A-STUDY-INTO-THE-QUALITY-AND-USABILITY-OF-PRIVACY-FRIENDLY-SYNTHETIC-DATA/.venv/lib/python3.12/site-packages/sklearn/metrics/_classification.py:1565)
2025-05-08 18:57:51,963 - WARNING - [UndefinedMetricWarning] Precision is ill-defined and being set to 0.0 in labels with no predicted samples. Use `zero_division` parameter to control this behavior. (from /mnt/NVMETank/Projects/Students/Dele/A-STUDY-INTO-THE-QUALITY-AND-USABILITY-OF-PRIVACY-FRIENDLY-SYNTHETIC-DATA/.venv/lib/python3.12/site-packages/sklearn/metrics/_classification.py:1565)
2025-05-08 18:57:51,965 - WARNING - [UndefinedMetricWarning] Precision is ill-defined and being set to 0.0 in labels with no predicted samples. Use `zero_division` parameter to control this behavior. (from /mnt/NVMETank/Projects/Students/Dele/A-STUDY-INTO-THE-QUALITY-AND-USABILITY-OF-PRIVACY-FRIENDLY-SYNTHETIC-DATA/.venv/lib/python3.12/site-packages/sklearn/metrics/_classification.py:1565)
2025-05-08 18:57:51,966 - INFO - Computed 8 metric(s) for SVM on GaussianCopula_HYBRID
2025-05-08 18:57:51,970 - INFO - Evaluation completed for all models.
2025-05-08 18:57:51,970 - INFO - Model evaluation completed in 0.29 seconds.
2025-05-08 18:57:51,972 - INFO - Evaluated models: ['DecisionTree', 'KNN', 'LogisticRegression', 'RandomForest', 'SVM']
2025-05-08 18:57:51,972 - INFO - Model Training and Evaluation completed.
2025-05-08 18:57:52,575 - INFO -  Visualizations saved.
2025-05-08 18:57:52,576 - INFO -  Benchmarking Completed. Results saved in output folder.
