2025-04-11 14:51:26,814 - INFO - Loaded config file: configs/generated_configs/studentPerformance/studentPerformance_anon_k10_l4_sl0.01.yaml
2025-04-11 14:51:26,815 - INFO -  Benchmarking started for dataset: studentPerformance
2025-04-11 14:51:26,815 - INFO - Configuration loaded: enable_anonymization = True, enable_synthesis = False
2025-04-11 14:51:26,815 - INFO - Running preprocessing...
2025-04-11 14:51:26,825 - INFO - Preprocessed files found. Skipping preprocessing.
2025-04-11 14:51:26,861 - INFO - Preprocessing completed. Rows before: 4424, after: 3539
2025-04-11 14:51:26,861 - INFO - enable_anonymization = None
2025-04-11 14:51:26,871 - INFO - Running Java Anonymization Program...........
2025-04-11 14:51:26,871 - INFO - Using JAR file at /mnt/NVMETank/Projects/Students/Dele/A-STUDY-INTO-THE-QUALITY-AND-USABILITY-OF-PRIVACY-FRIENDLY-SYNTHETIC-DATA/src/anonymization/anonymARXij/bin/anonymARXij.jar to anonymize the dataset.
2025-04-11 14:51:29,975 - ERROR -  Java anonymization failed with exit code: 1
2025-04-11 14:51:29,975 - ERROR - STDERR: Exception in thread "main" java.lang.NullPointerException: Cannot invoke "org.deidentifier.arx.DataHandle.save(String, char)" because the return value of "org.deidentifier.arx.ARXResult.getOutput(boolean)" is null
	at Main.main(Main.java:117)
2025-04-11 14:51:29,975 - ERROR - Anonymization failed.
2025-04-11 14:51:29,975 - INFO - enable_synthetic_generation = False
2025-04-11 14:51:29,976 - INFO - Synthetic Data Generation Skipped (Disabled in Configuration).
2025-04-11 14:51:29,976 - INFO - Synthetic data generated with 2 synthesizers.
2025-04-11 14:51:29,976 - INFO - Hybrid pipeline skipped (disabled in configuration).
2025-04-11 14:51:29,976 - INFO - Preparing datasets for machine learning...
2025-04-11 14:51:29,981 - INFO - Original Data - Training Size: 3539, Testing Size: 885
2025-04-11 14:51:29,981 - INFO - Training models on all datasets...
2025-04-11 14:52:00,218 - INFO - Model Training Completed.
2025-04-11 14:52:00,218 - INFO - Evaluating models...
2025-04-11 14:52:01,088 - INFO - Model Training and Evaluation completed.
2025-04-11 14:52:02,170 - INFO -  Visualizations saved.
2025-04-11 14:52:02,174 - INFO -  Benchmarking Completed. Results saved in output folder.
