2025-05-05 20:30:04,382 - INFO - Loaded config file: configs/benchmark_config.yaml
2025-05-05 20:30:04,382 - INFO -  Benchmarking started for dataset: bankMarketing
2025-05-05 20:30:04,382 - INFO - Using dataset path: c:\Users\delea\OneDrive\Documents\Desktop\Master_Thesis\MasterThesisCode\datasets\original\bankMarketing.csv
2025-05-05 20:30:04,382 - INFO - Target column: y, separator: ';'
2025-05-05 20:30:04,382 - INFO - Configuration loaded: enable_anonymization = True, enable_synthesis = False, enable_hybrid = False, enable_utility = True, delete_after_evaluation = False
2025-05-05 20:30:04,384 - INFO - Running preprocessing...
2025-05-05 20:30:04,386 - INFO - [PREPROCESSING] No preprocessed files found. Starting full preprocessing pipeline...
2025-05-05 20:30:04,454 - INFO - [PREPROCESSING] Missing value handling strategy: 'drop' applied.
2025-05-05 20:30:04,483 - INFO - [PREPROCESSING] Split data into train (36168 rows) and test (9043 rows). Test size: 0.2
2025-05-05 20:30:05,030 - INFO -  [PREPROCESSING] Saved raw train set to: datasets/train/bankMarketing_train_raw.csv
2025-05-05 20:30:05,030 - INFO -  [PREPROCESSING] Saved encoder to: artifacts/bankMarketing_binary_encoder.pkl
2025-05-05 20:30:05,030 - INFO -  [PREPROCESSING]Saved encoded train set to: datasets/cleaned/bankMarketing_cleaned.csv
2025-05-05 20:30:05,030 - INFO -  [PREPROCESSING] Saved encoded test set to: datasets/test/bankMarketing_test_set.csv
2025-05-05 20:30:05,030 - INFO - [PREPROCESSING] run_preprocessing finished executing.
2025-05-05 20:30:05,066 - INFO - Preprocessing completed. Rows before: 45211, after: 36168
2025-05-05 20:30:05,066 - INFO - Preprocessed data saved to: outputs\singular\bankMarketing_2025-05-05_20-30-04\preprocessing_report.txt
2025-05-05 20:30:05,067 - INFO - enable_anonymization = True
2025-05-05 20:30:05,067 - INFO - Starting Anonymization Pipeline with output path: C:\Users\delea\OneDrive\Documents\Desktop\Master_Thesis\MasterThesisCode\datasets\anonymized\bankMarketing_k5_l2_sup10_anonymized.csv.......
2025-05-05 20:30:05,068 - INFO -  [ANONYMIZATION] Executing run_anonymization, config_path : configs/benchmark_config.yaml...........
2025-05-05 20:30:05,068 - INFO -  [ANONYMIZATION] Compiling Java source files...
2025-05-05 20:30:06,363 - INFO -  [ANONYMIZATION] Java compilation successful.
2025-05-05 20:30:06,363 - INFO - [ANONYMIZATION] Creating JAR file for anonymization...
2025-05-05 20:30:06,652 - INFO -  [ANONYMIZATION] JAR file created successfully.
2025-05-05 20:30:08,429 - INFO -  [ANONYMIZATION] Anonimized file saved to : C:\Users\delea\OneDrive\Documents\Desktop\Master_Thesis\MasterThesisCode\datasets\anonymized\bankMarketing_k5_l2_sup10_anonymized.csv
2025-05-05 20:30:08,429 - INFO -  [ANONYMIZATION] Java anonymization completed successfully.
2025-05-05 20:30:08,429 - INFO -  [ANONYMIZATION] Java STDOUT:
? Java received config path: C:\Users\delea\OneDrive\Documents\Desktop\Master_Thesis\MasterThesisCode\configs\benchmark_config.yaml
? Loading config from: C:\Users\delea\OneDrive\Documents\Desktop\Master_Thesis\MasterThesisCode\configs\benchmark_config.yaml
Loading config from: C:\Users\delea\OneDrive\Documents\Desktop\Master_Thesis\MasterThesisCode\configs\benchmark_config.yaml
? Dataset Path (from args): C:\Users\delea\OneDrive\Documents\Desktop\Master_Thesis\MasterThesisCode\datasets\train\bankMarketing_train_raw.csv
? Dataset Separator: ;
? Suppression Limit: 0.1

? Configured Attributes:
  ? Quasi-Identifier: age
  ? Quasi-Identifier: marital
  ? Quasi-Identifier: education
  ? Sensitive Attribute: balance
  ? Insensitive Attribute: contact
  ? Insensitive Attribute: pdays
  ? Insensitive Attribute: previous
  ? Insensitive Attribute: y

? Defined Hierarchies:
  ? marital -> C:\Users\delea\OneDrive\Documents\Desktop\Master_Thesis\MasterThesisCode\src\anonymization\anonymARXij\src\hierarchies_bankMarketing\marital.csv
  ? education -> C:\Users\delea\OneDrive\Documents\Desktop\Master_Thesis\MasterThesisCode\src\anonymization\anonymARXij\src\hierarchies_bankMarketing\education.csv
  ? age -> C:\Users\delea\OneDrive\Documents\Desktop\Master_Thesis\MasterThesisCode\src\anonymization\anonymARXij\src\hierarchies_bankMarketing\age.csv
Java is searching for hierarchy file at: C:\Users\delea\OneDrive\Documents\Desktop\Master_Thesis\MasterThesisCode\src\anonymization\anonymARXij\src\hierarchies_bankMarketing\marital.csv
Java is searching for hierarchy file at: C:\Users\delea\OneDrive\Documents\Desktop\Master_Thesis\MasterThesisCode\src\anonymization\anonymARXij\src\hierarchies_bankMarketing\education.csv
Java is searching for hierarchy file at: C:\Users\delea\OneDrive\Documents\Desktop\Master_Thesis\MasterThesisCode\src\anonymization\anonymARXij\src\hierarchies_bankMarketing\age.csv
? Applied Distinct L-Diversity on: balance (l=2)
? Privacy Models Configured
? Anonymized Output Path (from args): C:\Users\delea\OneDrive\Documents\Desktop\Master_Thesis\MasterThesisCode\datasets\anonymized\bankMarketing_k5_l2_sup10_anonymized.csv
? Anonymized Output Path: C:\Users\delea\OneDrive\Documents\Desktop\Master_Thesis\MasterThesisCode\datasets\anonymized\bankMarketing_k5_l2_sup10_anonymized.csv
? Anonymization completed. Output saved to: C:\Users\delea\OneDrive\Documents\Desktop\Master_Thesis\MasterThesisCode\datasets\anonymized\bankMarketing_k5_l2_sup10_anonymized.csv
Anonymized Data Quality Metrics:
 - Ambiguity: 0.9893275823932758
 - AECS: 0.9994392038587417
 - Discernibility: 0.9892672080967035
 - Granularity: 0.9893275823932945
 - MSE: 0.9885890680512819
 - Non-Uniform Entropy: 0.9929765290219327
 - Precision: 0.9893275823932758
 - Record-level SE: 0.9899663544819803
Equivalence Class Statistics:
 - Number of Classes: 472
 - Average Class Size: 75.80932203389831
Suppression Statistics:
 - Suppressed Records: 386
 - Suppression Percentage: 1.07%
2025-05-05 20:30:08,429 - INFO - Anonymized data saved to: C:\Users\delea\OneDrive\Documents\Desktop\Master_Thesis\MasterThesisCode\datasets\anonymized\bankMarketing_k5_l2_sup10_anonymized.csv
2025-05-05 20:30:08,558 - INFO - Anonymous data report saved at: outputs\singular\bankMarketing_2025-05-05_20-30-04\anonymous_data_report.txt
2025-05-05 20:30:08,558 - INFO -  [POSTPROCESSING] Postprocessing anonymized data: C:\Users\delea\OneDrive\Documents\Desktop\Master_Thesis\MasterThesisCode\datasets\anonymized\bankMarketing_k5_l2_sup10_anonymized.csv
2025-05-05 20:30:08,581 - INFO -  [POSTPROCESSING] Loaded anonymized data: (36168, 17)
2025-05-05 20:30:08,687 - INFO -  [POSTPROCESSING] Loaded fallback maps from training data. Categorical cols: 10, Numeric cols: 7
2025-05-05 20:30:08,687 - INFO -  [POSTPROCESSING] Normalizing anonymized data using ARX artifact cleaning and fallback values.
2025-05-05 20:30:09,411 - INFO -  [POSTPROCESSING] Normalized anonymized data saved to: C:\Users\delea\OneDrive\Documents\Desktop\Master_Thesis\MasterThesisCode\datasets\anonymized\bankMarketing_k5_l2_sup10_anonymized_processed.csv
2025-05-05 20:30:09,533 - INFO -  [POSTPROCESSING] Binary Encoding applied to anonymized data. Encoded shape: (36168, 32)
2025-05-05 20:30:09,713 - INFO -  [POSTPROCESSING] Encoded anonymized dataset saved to: C:\Users\delea\OneDrive\Documents\Desktop\Master_Thesis\MasterThesisCode\datasets\anonymized\bankMarketing_k5_l2_sup10_anonymized_encoded.csv
2025-05-05 20:30:09,713 - INFO -  [POSTPROCESSING] Encoding map generated for anonymized data: 0 original categorical columns.
2025-05-05 20:30:09,716 - INFO - Postprocessing report saved at: outputs\singular\bankMarketing_2025-05-05_20-30-04\postprocessing_report.txt
2025-05-05 20:30:09,716 - INFO - enable_synthetic_generation = False
2025-05-05 20:30:09,716 - INFO - Synthetic Data Generation Skipped (Disabled in Configuration).
2025-05-05 20:30:09,716 - INFO - Hybrid Pipeline skipped (disabled in configuration).
2025-05-05 20:30:09,716 - INFO - Starting Utility...
2025-05-05 20:30:09,716 - INFO - [UTILITY] Preparing datasets for machine learning...
2025-05-05 20:30:09,725 - INFO - [UTILITY] Original Data - Training Size: 36168, Testing Size: 9043
2025-05-05 20:30:09,727 - INFO - [UTILITY] Target class distribution (Original): {'no': 31937, 'yes': 4231}
2025-05-05 20:30:09,729 - INFO - [UTILITY] Processing anonymized dataset...
2025-05-05 20:30:09,733 - INFO - [UTILITY] Anonymized Data - Training Size: 36168
2025-05-05 20:30:09,735 - INFO - [UTILITY] Target class distribution (Anonymous): {'no': 31937, 'yes': 4231}
2025-05-05 20:30:09,735 - INFO - [UTILITY] Training models on all datasets...
2025-05-05 20:30:09,735 - INFO - [UTILITY] Total datasets used for training: 2
2025-05-05 20:30:09,736 - INFO - [TRAINING] Training models from scratch...
2025-05-05 20:30:09,736 - INFO - [TRAINING] Starting training for dataset: Original — Rows: 36168, Features: 31
2025-05-05 20:30:09,736 - INFO - [TRAINING] Training LogisticRegression on Original...
2025-05-05 20:30:09,837 - INFO - [TRAINING] LogisticRegression trained successfully on Original in 0.10 sec
2025-05-05 20:30:09,837 - INFO - [TRAINING] Training KNN on Original...
2025-05-05 20:30:09,863 - INFO - [TRAINING] KNN trained successfully on Original in 0.03 sec
2025-05-05 20:30:09,863 - INFO - [TRAINING] Training RandomForest on Original...
2025-05-05 20:30:13,732 - INFO - [TRAINING] RandomForest trained successfully on Original in 3.87 sec
2025-05-05 20:30:13,732 - INFO - [TRAINING] Training DecisionTree on Original...
2025-05-05 20:30:13,980 - INFO - [TRAINING] DecisionTree trained successfully on Original in 0.25 sec
2025-05-05 20:30:13,980 - INFO - [TRAINING] Finished training 4 model(s) for dataset: Original
2025-05-05 20:30:13,980 - INFO - [TRAINING] Starting training for dataset: Anonymous — Rows: 36168, Features: 31
2025-05-05 20:30:13,980 - INFO - [TRAINING] Training LogisticRegression on Anonymous...
2025-05-05 20:30:14,164 - INFO - [TRAINING] LogisticRegression trained successfully on Anonymous in 0.18 sec
2025-05-05 20:30:14,164 - INFO - [TRAINING] Training KNN on Anonymous...
2025-05-05 20:30:14,231 - INFO - [TRAINING] KNN trained successfully on Anonymous in 0.07 sec
2025-05-05 20:30:14,231 - INFO - [TRAINING] Training RandomForest on Anonymous...
2025-05-05 20:30:17,314 - INFO - [TRAINING] RandomForest trained successfully on Anonymous in 3.08 sec
2025-05-05 20:30:17,314 - INFO - [TRAINING] Training DecisionTree on Anonymous...
2025-05-05 20:30:17,496 - INFO - [TRAINING] DecisionTree trained successfully on Anonymous in 0.18 sec
2025-05-05 20:30:17,496 - INFO - [TRAINING] Finished training 4 model(s) for dataset: Anonymous
2025-05-05 20:30:17,496 - INFO - [TRAINING] Total models trained across all datasets: 8
2025-05-05 20:30:17,498 - INFO - [UTILITY] Trained model names: ['Original', 'Anonymous']
2025-05-05 20:30:17,498 - INFO - [UTILITY] Model Training Completed.
2025-05-05 20:30:17,498 - INFO - Starting the Evaluating of models...
2025-05-05 20:30:17,498 - INFO - Preparing evaluation for model 'LogisticRegression' across all datasets...
2025-05-05 20:30:17,498 - INFO - Evaluating LogisticRegression on Original...
2025-05-05 20:30:17,498 - INFO - Predictions completed for LogisticRegression on Original
2025-05-05 20:30:17,498 - INFO - Prediction distribution for LogisticRegression on Original: {'no': 8497, 'yes': 546}
2025-05-05 20:30:17,647 - INFO - Computed 8 metric(s) for LogisticRegression on Original
2025-05-05 20:30:17,648 - INFO - Evaluating LogisticRegression on Anonymous...
2025-05-05 20:30:17,651 - INFO - Predictions completed for LogisticRegression on Anonymous
2025-05-05 20:30:17,659 - INFO - Prediction distribution for LogisticRegression on Anonymous: {'no': 9038, 'yes': 5}
2025-05-05 20:30:17,798 - INFO - Computed 8 metric(s) for LogisticRegression on Anonymous
2025-05-05 20:30:17,799 - INFO - Preparing evaluation for model 'KNN' across all datasets...
2025-05-05 20:30:17,800 - INFO - Evaluating KNN on Original...
2025-05-05 20:30:24,699 - INFO - Predictions completed for KNN on Original
2025-05-05 20:30:24,699 - INFO - Prediction distribution for KNN on Original: {'no': 8435, 'yes': 608}
2025-05-05 20:30:36,485 - INFO - Computed 8 metric(s) for KNN on Original
2025-05-05 20:30:36,487 - INFO - Evaluating KNN on Anonymous...
2025-05-05 20:30:41,637 - INFO - Predictions completed for KNN on Anonymous
2025-05-05 20:30:41,638 - INFO - Prediction distribution for KNN on Anonymous: {'no': 8741, 'yes': 302}
2025-05-05 20:30:52,497 - INFO - Computed 8 metric(s) for KNN on Anonymous
2025-05-05 20:30:52,497 - INFO - Preparing evaluation for model 'RandomForest' across all datasets...
2025-05-05 20:30:52,497 - INFO - Evaluating RandomForest on Original...
2025-05-05 20:30:52,612 - INFO - Predictions completed for RandomForest on Original
2025-05-05 20:30:52,612 - INFO - Prediction distribution for RandomForest on Original: {'no': 8431, 'yes': 612}
2025-05-05 20:30:52,962 - INFO - Computed 8 metric(s) for RandomForest on Original
2025-05-05 20:30:52,963 - INFO - Evaluating RandomForest on Anonymous...
2025-05-05 20:30:53,102 - INFO - Predictions completed for RandomForest on Anonymous
2025-05-05 20:30:53,104 - INFO - Prediction distribution for RandomForest on Anonymous: {'no': 8541, 'yes': 502}
2025-05-05 20:30:53,481 - INFO - Computed 8 metric(s) for RandomForest on Anonymous
2025-05-05 20:30:53,481 - INFO - Preparing evaluation for model 'DecisionTree' across all datasets...
2025-05-05 20:30:53,481 - INFO - Evaluating DecisionTree on Original...
2025-05-05 20:30:53,484 - INFO - Predictions completed for DecisionTree on Original
2025-05-05 20:30:53,484 - INFO - Prediction distribution for DecisionTree on Original: {'no': 7975, 'yes': 1068}
2025-05-05 20:30:53,596 - INFO - Computed 8 metric(s) for DecisionTree on Original
2025-05-05 20:30:53,596 - INFO - Evaluating DecisionTree on Anonymous...
2025-05-05 20:30:53,614 - INFO - Predictions completed for DecisionTree on Anonymous
2025-05-05 20:30:53,614 - INFO - Prediction distribution for DecisionTree on Anonymous: {'no': 7972, 'yes': 1071}
2025-05-05 20:30:53,750 - INFO - Computed 8 metric(s) for DecisionTree on Anonymous
2025-05-05 20:30:53,750 - INFO - Evaluation completed for all models.
2025-05-05 20:30:53,750 - INFO - Model evaluation completed in 36.25 seconds.
2025-05-05 20:30:53,762 - INFO - Evaluated models: ['DecisionTree', 'KNN', 'LogisticRegression', 'RandomForest']
2025-05-05 20:30:53,763 - INFO - Model Training and Evaluation completed.
2025-05-05 20:30:54,549 - INFO -  Visualizations saved.
2025-05-05 20:30:54,549 - INFO -  Benchmarking Completed. Results saved in output folder.
