2025-05-08 18:50:04,397 - INFO - Loaded config file: configs/generated_configs/loan/loan_synth_ep80_rows1x.yaml
2025-05-08 18:50:04,397 - INFO -  Benchmarking started for dataset: loan
2025-05-08 18:50:04,397 - INFO - Using dataset path: /mnt/NVMETank/Projects/Students/Dele/A-STUDY-INTO-THE-QUALITY-AND-USABILITY-OF-PRIVACY-FRIENDLY-SYNTHETIC-DATA/datasets/original/loan.csv
2025-05-08 18:50:04,397 - INFO - Target column: Loan_Status, separator: ','
2025-05-08 18:50:04,397 - INFO - Configuration loaded: enable_anonymization = False, enable_synthesis = True, enable_hybrid = False, enable_utility = True, delete_after_evaluation = False
2025-05-08 18:50:04,397 - INFO - Running preprocessing...
2025-05-08 18:50:04,403 - INFO -  [PREPROCESSING] Preprocessed files found. Skipping preprocessing.
2025-05-08 18:50:04,414 - INFO - Preprocessing completed. Rows before: 614, after: 336
2025-05-08 18:50:04,415 - INFO - Preprocessed data saved to: outputs/batch/loan_batch_2025-05-08_18-38-44/loan_synth_ep80_rows1x/preprocessing_report.txt
2025-05-08 18:50:04,415 - INFO - enable_anonymization = False
2025-05-08 18:50:04,415 - INFO - Anonymization Skipped (Disabled in Configuration).
2025-05-08 18:50:04,415 - INFO - enable_synthetic_generation = True
2025-05-08 18:50:04,415 - INFO - Starting standard Synthetic Data Generation pipeline...
2025-05-08 18:50:04,415 - INFO - Executing run_synthetic.....
2025-05-08 18:50:04,415 - INFO - [SYNTHETIC PIPELINE] executing run_synthetic for loan...
2025-05-08 18:50:04,415 - INFO - [SYNTHETIC] Processing dataset: loan
2025-05-08 18:50:04,415 - INFO - [SYNTHETIC] Original dataset size: 336 rows
2025-05-08 18:50:04,428 - INFO - Detected metadata:
2025-05-08 18:50:04,428 - INFO - {
    "METADATA_SPEC_VERSION": "SINGLE_TABLE_V1",
    "columns": {
        "Gender_0": {
            "sdtype": "categorical"
        },
        "Gender_1": {
            "sdtype": "categorical"
        },
        "Married_0": {
            "sdtype": "categorical"
        },
        "Married_1": {
            "sdtype": "categorical"
        },
        "Dependents_0": {
            "sdtype": "categorical"
        },
        "Dependents_1": {
            "sdtype": "categorical"
        },
        "Dependents_2": {
            "sdtype": "categorical"
        },
        "Education_0": {
            "sdtype": "categorical"
        },
        "Education_1": {
            "sdtype": "categorical"
        },
        "Self_Employed_0": {
            "sdtype": "categorical"
        },
        "Self_Employed_1": {
            "sdtype": "categorical"
        },
        "ApplicantIncome": {
            "sdtype": "numerical"
        },
        "CoapplicantIncome": {
            "sdtype": "numerical"
        },
        "LoanAmount": {
            "sdtype": "numerical"
        },
        "Loan_Amount_Term": {
            "sdtype": "categorical"
        },
        "Credit_History": {
            "sdtype": "categorical"
        },
        "Property_Area_0": {
            "sdtype": "categorical"
        },
        "Property_Area_1": {
            "sdtype": "categorical"
        },
        "Loan_Status": {
            "sdtype": "categorical"
        }
    }
}
2025-05-08 18:50:04,428 - INFO - [SYNTHETIC] Preparing synthesizer: CTGAN
2025-05-08 18:50:04,428 - INFO - [SYNTHETIC] Params from config: {'epochs': 80}
2025-05-08 18:50:04,428 - INFO - [SYNTHETIC] Found existing CTGAN synthesizer: /mnt/NVMETank/Projects/Students/Dele/A-STUDY-INTO-THE-QUALITY-AND-USABILITY-OF-PRIVACY-FRIENDLY-SYNTHETIC-DATA/artifacts/synthesizers/loan_CTGAN_epochs80_synthesizer.pkl
2025-05-08 18:50:04,693 - INFO - {'EVENT': 'Load', 'TIMESTAMP': datetime.datetime(2025, 5, 8, 18, 50, 4, 693818), 'SYNTHESIZER CLASS NAME': 'CTGANSynthesizer', 'SYNTHESIZER ID': 'CTGANSynthesizer_1.18.0_917182cbe0794be7b1b80caad58dcb7a'}
2025-05-08 18:50:04,693 - INFO - [SYNTHETIC] Preparing synthesizer: TVAE
2025-05-08 18:50:04,694 - INFO - [SYNTHETIC] Params from config: {'epochs': 80}
2025-05-08 18:50:04,694 - INFO - [SYNTHETIC] Found existing TVAE synthesizer: /mnt/NVMETank/Projects/Students/Dele/A-STUDY-INTO-THE-QUALITY-AND-USABILITY-OF-PRIVACY-FRIENDLY-SYNTHETIC-DATA/artifacts/synthesizers/loan_TVAE_epochs80_synthesizer.pkl
2025-05-08 18:50:04,717 - INFO - {'EVENT': 'Load', 'TIMESTAMP': datetime.datetime(2025, 5, 8, 18, 50, 4, 717706), 'SYNTHESIZER CLASS NAME': 'TVAESynthesizer', 'SYNTHESIZER ID': 'TVAESynthesizer_1.18.0_39500838477b486c840499f3ba3dabc3'}
2025-05-08 18:50:04,717 - INFO - [SYNTHETIC] Using CTGAN to generate 336 rows...
2025-05-08 18:50:04,944 - INFO - {'EVENT': 'Sample', 'TIMESTAMP': datetime.datetime(2025, 5, 8, 18, 50, 4, 717913), 'SYNTHESIZER CLASS NAME': 'CTGANSynthesizer', 'SYNTHESIZER ID': 'CTGANSynthesizer_1.18.0_917182cbe0794be7b1b80caad58dcb7a', 'TOTAL NUMBER OF TABLES': 1, 'TOTAL NUMBER OF ROWS': 336, 'TOTAL NUMBER OF COLUMNS': 19}
2025-05-08 18:50:04,944 - INFO - [SYNTHETIC] CTGAN completed: 336 rows generated.
2025-05-08 18:50:04,944 - INFO - [SYNTHETIC] Target class distribution for CTGAN: {'Y': 243, 'N': 93}
2025-05-08 18:50:04,944 - INFO - [SYNTHETIC] Using TVAE to generate 336 rows...
2025-05-08 18:50:04,988 - INFO - {'EVENT': 'Sample', 'TIMESTAMP': datetime.datetime(2025, 5, 8, 18, 50, 4, 944914), 'SYNTHESIZER CLASS NAME': 'TVAESynthesizer', 'SYNTHESIZER ID': 'TVAESynthesizer_1.18.0_39500838477b486c840499f3ba3dabc3', 'TOTAL NUMBER OF TABLES': 1, 'TOTAL NUMBER OF ROWS': 336, 'TOTAL NUMBER OF COLUMNS': 19}
2025-05-08 18:50:04,988 - INFO - [SYNTHETIC] TVAE completed: 336 rows generated.
2025-05-08 18:50:04,988 - INFO - [SYNTHETIC] Target class distribution for TVAE: {'Y': 336}
2025-05-08 18:50:04,989 - INFO - [SYNTHETIC PIPELINE] Synthetic Data Generation Completed.
2025-05-08 18:50:04,989 - INFO - [SYNTHETIC PIPELINE] Synthesizers used: ['CTGAN', 'TVAE']
2025-05-08 18:50:04,989 - INFO - [SYNTHETIC PIPELINE] Evaluating synthetic dataset generated by CTGAN...
2025-05-08 18:50:04,989 - INFO - [SYNTHETIC EVAL] Real data columns     (19): ['Gender_0', 'Gender_1', 'Married_0', 'Married_1', 'Dependents_0', 'Dependents_1', 'Dependents_2', 'Education_0', 'Education_1', 'Self_Employed_0', 'Self_Employed_1', 'ApplicantIncome', 'CoapplicantIncome', 'LoanAmount', 'Loan_Amount_Term', 'Credit_History', 'Property_Area_0', 'Property_Area_1', 'Loan_Status']
2025-05-08 18:50:04,989 - INFO - [SYNTHETIC EVAL] Synthetic data columns (19): ['Gender_0', 'Gender_1', 'Married_0', 'Married_1', 'Dependents_0', 'Dependents_1', 'Dependents_2', 'Education_0', 'Education_1', 'Self_Employed_0', 'Self_Employed_1', 'ApplicantIncome', 'CoapplicantIncome', 'LoanAmount', 'Loan_Amount_Term', 'Credit_History', 'Property_Area_0', 'Property_Area_1', 'Loan_Status']
2025-05-08 18:50:04,989 - INFO - [SYNTHETIC EVAL] Metadata columns      (19): ['Gender_0', 'Gender_1', 'Married_0', 'Married_1', 'Dependents_0', 'Dependents_1', 'Dependents_2', 'Education_0', 'Education_1', 'Self_Employed_0', 'Self_Employed_1', 'ApplicantIncome', 'CoapplicantIncome', 'LoanAmount', 'Loan_Amount_Term', 'Credit_History', 'Property_Area_0', 'Property_Area_1', 'Loan_Status']
2025-05-08 18:50:04,989 - INFO - [SYNTHETIC EVAL] Shape — Real: (336, 19), Synthetic: (336, 19)
2025-05-08 18:50:04,990 - INFO - [SYNTHETIC EVAL] Metadata structure:
{
  "METADATA_SPEC_VERSION": "SINGLE_TABLE_V1",
  "columns": {
    "Gender_0": {
      "sdtype": "categorical"
    },
    "Gender_1": {
      "sdtype": "categorical"
    },
    "Married_0": {
      "sdtype": "categorical"
    },
    "Married_1": {
      "sdtype": "categorical"
    },
    "Dependents_0": {
      "sdtype": "categorical"
    },
    "Dependents_1": {
      "sdtype": "categorical"
    },
    "Dependents_2": {
      "sdtype": "categorical"
    },
    "Education_0": {
      "sdtype": "categorical"
    },
    "Education_1": {
      "sdtype": "categorical"
    },
    "Self_Employed_0": {
      "sdtype": "categorical"
    },
    "Self_Employed_1": {
      "sdtype": "categorical"
    },
    "ApplicantIncome": {
      "sdtype": "numerical"
    },
    "CoapplicantIncome": {
      "sdtype": "numerical"
    },
    "LoanAmount": {
      "sdtype": "numerical"
    },
    "Loan_Amount_Term": {
      "sdtype": "categorical"
    },
    "Credit_History": {
      "sdtype": "categorical"
    },
    "Property_Area_0": {
      "sdtype": "categorical"
    },
    "Property_Area_1": {
      "sdtype": "categorical"
    },
    "Loan_Status": {
      "sdtype": "categorical"
    }
  }
}
2025-05-08 18:50:05,447 - INFO - [SYNTHETIC PIPELINE] Evaluating synthetic dataset generated by TVAE...
2025-05-08 18:50:05,447 - INFO - [SYNTHETIC EVAL] Real data columns     (19): ['Gender_0', 'Gender_1', 'Married_0', 'Married_1', 'Dependents_0', 'Dependents_1', 'Dependents_2', 'Education_0', 'Education_1', 'Self_Employed_0', 'Self_Employed_1', 'ApplicantIncome', 'CoapplicantIncome', 'LoanAmount', 'Loan_Amount_Term', 'Credit_History', 'Property_Area_0', 'Property_Area_1', 'Loan_Status']
2025-05-08 18:50:05,447 - INFO - [SYNTHETIC EVAL] Synthetic data columns (19): ['Gender_0', 'Gender_1', 'Married_0', 'Married_1', 'Dependents_0', 'Dependents_1', 'Dependents_2', 'Education_0', 'Education_1', 'Self_Employed_0', 'Self_Employed_1', 'ApplicantIncome', 'CoapplicantIncome', 'LoanAmount', 'Loan_Amount_Term', 'Credit_History', 'Property_Area_0', 'Property_Area_1', 'Loan_Status']
2025-05-08 18:50:05,447 - INFO - [SYNTHETIC EVAL] Metadata columns      (19): ['Gender_0', 'Gender_1', 'Married_0', 'Married_1', 'Dependents_0', 'Dependents_1', 'Dependents_2', 'Education_0', 'Education_1', 'Self_Employed_0', 'Self_Employed_1', 'ApplicantIncome', 'CoapplicantIncome', 'LoanAmount', 'Loan_Amount_Term', 'Credit_History', 'Property_Area_0', 'Property_Area_1', 'Loan_Status']
2025-05-08 18:50:05,447 - INFO - [SYNTHETIC EVAL] Shape — Real: (336, 19), Synthetic: (336, 19)
2025-05-08 18:50:05,447 - INFO - [SYNTHETIC EVAL] Metadata structure:
{
  "METADATA_SPEC_VERSION": "SINGLE_TABLE_V1",
  "columns": {
    "Gender_0": {
      "sdtype": "categorical"
    },
    "Gender_1": {
      "sdtype": "categorical"
    },
    "Married_0": {
      "sdtype": "categorical"
    },
    "Married_1": {
      "sdtype": "categorical"
    },
    "Dependents_0": {
      "sdtype": "categorical"
    },
    "Dependents_1": {
      "sdtype": "categorical"
    },
    "Dependents_2": {
      "sdtype": "categorical"
    },
    "Education_0": {
      "sdtype": "categorical"
    },
    "Education_1": {
      "sdtype": "categorical"
    },
    "Self_Employed_0": {
      "sdtype": "categorical"
    },
    "Self_Employed_1": {
      "sdtype": "categorical"
    },
    "ApplicantIncome": {
      "sdtype": "numerical"
    },
    "CoapplicantIncome": {
      "sdtype": "numerical"
    },
    "LoanAmount": {
      "sdtype": "numerical"
    },
    "Loan_Amount_Term": {
      "sdtype": "categorical"
    },
    "Credit_History": {
      "sdtype": "categorical"
    },
    "Property_Area_0": {
      "sdtype": "categorical"
    },
    "Property_Area_1": {
      "sdtype": "categorical"
    },
    "Loan_Status": {
      "sdtype": "categorical"
    }
  }
}
2025-05-08 18:50:05,898 - INFO -  [SYNTHETIC PIPELINE]  Synthetic Data Evaluation Completed.
2025-05-08 18:50:05,904 - INFO -  [SYNTHETIC PIPELINE] Synthetic Data Report Generated Successfully.
2025-05-08 18:50:06,005 - INFO - Synthetic data generated with 2 synthesizer(s).
2025-05-08 18:50:06,005 - INFO - Hybrid Pipeline skipped (disabled in configuration).
2025-05-08 18:50:06,005 - INFO - Starting Utility...
2025-05-08 18:50:06,005 - INFO - [UTILITY] Preparing datasets for machine learning...
2025-05-08 18:50:06,006 - INFO - [UTILITY] Original Data - Training Size: 336, Testing Size: 144
2025-05-08 18:50:06,006 - INFO - [UTILITY] Target class distribution (Original): {'Y': 232, 'N': 104}
2025-05-08 18:50:06,006 - INFO - [UTILITY] Processing synthetic dataset generated by CTGAN...
2025-05-08 18:50:06,007 - INFO - [UTILITY] Synthetic Data (CTGAN) - Training Size: 336
2025-05-08 18:50:06,007 - INFO - [UTILITY] Target class distribution (CTGAN): {'Y': 243, 'N': 93}
2025-05-08 18:50:06,007 - WARNING -  Skipping synthetic dataset 'TVAE' - only one class in target.
2025-05-08 18:50:06,008 - INFO - [UTILITY] Training models on all datasets...
2025-05-08 18:50:06,008 - INFO - [UTILITY] Total datasets used for training: 2
2025-05-08 18:50:06,008 - INFO - [TRAINING] Training models from scratch...
2025-05-08 18:50:06,008 - INFO - [TRAINING] Starting training for dataset: Original — Rows: 336, Features: 18
2025-05-08 18:50:06,008 - INFO - [TRAINING] Training DecisionTree on Original...
2025-05-08 18:50:06,011 - INFO - [TRAINING] DecisionTree trained successfully on Original in 0.00 sec
2025-05-08 18:50:06,011 - INFO - [TRAINING] Training KNN on Original...
2025-05-08 18:50:06,013 - INFO - [TRAINING] KNN trained successfully on Original in 0.00 sec
2025-05-08 18:50:06,013 - INFO - [TRAINING] Training LogisticRegression on Original...
2025-05-08 18:50:06,019 - INFO - [TRAINING] LogisticRegression trained successfully on Original in 0.01 sec
2025-05-08 18:50:06,019 - INFO - [TRAINING] Training RandomForest on Original...
2025-05-08 18:50:06,128 - INFO - [TRAINING] RandomForest trained successfully on Original in 0.11 sec
2025-05-08 18:50:06,128 - INFO - [TRAINING] Training SVM on Original...
2025-05-08 18:50:06,133 - INFO - [TRAINING] SVM trained successfully on Original in 0.00 sec
2025-05-08 18:50:06,133 - INFO - [TRAINING] Finished training 5 model(s) for dataset: Original
2025-05-08 18:50:06,133 - INFO - [TRAINING] Starting training for dataset: CTGAN — Rows: 336, Features: 18
2025-05-08 18:50:06,133 - INFO - [TRAINING] Training DecisionTree on CTGAN...
2025-05-08 18:50:06,135 - INFO - [TRAINING] DecisionTree trained successfully on CTGAN in 0.00 sec
2025-05-08 18:50:06,135 - INFO - [TRAINING] Training KNN on CTGAN...
2025-05-08 18:50:06,136 - INFO - [TRAINING] KNN trained successfully on CTGAN in 0.00 sec
2025-05-08 18:50:06,136 - INFO - [TRAINING] Training LogisticRegression on CTGAN...
2025-05-08 18:50:06,140 - INFO - [TRAINING] LogisticRegression trained successfully on CTGAN in 0.00 sec
2025-05-08 18:50:06,140 - INFO - [TRAINING] Training RandomForest on CTGAN...
2025-05-08 18:50:06,254 - INFO - [TRAINING] RandomForest trained successfully on CTGAN in 0.11 sec
2025-05-08 18:50:06,254 - INFO - [TRAINING] Training SVM on CTGAN...
2025-05-08 18:50:06,258 - INFO - [TRAINING] SVM trained successfully on CTGAN in 0.00 sec
2025-05-08 18:50:06,258 - INFO - [TRAINING] Finished training 5 model(s) for dataset: CTGAN
2025-05-08 18:50:06,258 - INFO - [TRAINING] Total models trained across all datasets: 10
2025-05-08 18:50:06,258 - INFO - [UTILITY] Trained model names: ['Original', 'CTGAN']
2025-05-08 18:50:06,258 - INFO - [UTILITY] Model Training Completed.
2025-05-08 18:50:06,258 - INFO - Starting the Evaluating of models...
2025-05-08 18:50:06,258 - INFO - Preparing evaluation for model 'DecisionTree' across all datasets...
2025-05-08 18:50:06,258 - INFO - Evaluating DecisionTree on Original...
2025-05-08 18:50:06,260 - INFO - Predictions completed for DecisionTree on Original
2025-05-08 18:50:06,260 - INFO - Prediction distribution for DecisionTree on Original: {'Y': 90, 'N': 54}
2025-05-08 18:50:06,269 - INFO - Computed 8 metric(s) for DecisionTree on Original
2025-05-08 18:50:06,269 - INFO - Evaluating DecisionTree on CTGAN...
2025-05-08 18:50:06,271 - INFO - Predictions completed for DecisionTree on CTGAN
2025-05-08 18:50:06,271 - INFO - Prediction distribution for DecisionTree on CTGAN: {'Y': 99, 'N': 45}
2025-05-08 18:50:06,281 - INFO - Computed 8 metric(s) for DecisionTree on CTGAN
2025-05-08 18:50:06,281 - INFO - Preparing evaluation for model 'KNN' across all datasets...
2025-05-08 18:50:06,281 - INFO - Evaluating KNN on Original...
2025-05-08 18:50:06,316 - INFO - Predictions completed for KNN on Original
2025-05-08 18:50:06,316 - INFO - Prediction distribution for KNN on Original: {'Y': 115, 'N': 29}
2025-05-08 18:50:06,328 - INFO - Computed 8 metric(s) for KNN on Original
2025-05-08 18:50:06,329 - INFO - Evaluating KNN on CTGAN...
2025-05-08 18:50:06,342 - INFO - Predictions completed for KNN on CTGAN
2025-05-08 18:50:06,342 - INFO - Prediction distribution for KNN on CTGAN: {'Y': 126, 'N': 18}
2025-05-08 18:50:06,356 - INFO - Computed 8 metric(s) for KNN on CTGAN
2025-05-08 18:50:06,356 - INFO - Preparing evaluation for model 'LogisticRegression' across all datasets...
2025-05-08 18:50:06,356 - INFO - Evaluating LogisticRegression on Original...
2025-05-08 18:50:06,358 - INFO - Predictions completed for LogisticRegression on Original
2025-05-08 18:50:06,358 - INFO - Prediction distribution for LogisticRegression on Original: {'Y': 115, 'N': 29}
2025-05-08 18:50:06,372 - INFO - Computed 8 metric(s) for LogisticRegression on Original
2025-05-08 18:50:06,373 - INFO - Evaluating LogisticRegression on CTGAN...
2025-05-08 18:50:06,375 - INFO - Predictions completed for LogisticRegression on CTGAN
2025-05-08 18:50:06,375 - INFO - Prediction distribution for LogisticRegression on CTGAN: {'Y': 129, 'N': 15}
2025-05-08 18:50:06,387 - INFO - Computed 8 metric(s) for LogisticRegression on CTGAN
2025-05-08 18:50:06,388 - INFO - Preparing evaluation for model 'RandomForest' across all datasets...
2025-05-08 18:50:06,388 - INFO - Evaluating RandomForest on Original...
2025-05-08 18:50:06,396 - INFO - Predictions completed for RandomForest on Original
2025-05-08 18:50:06,396 - INFO - Prediction distribution for RandomForest on Original: {'Y': 107, 'N': 37}
2025-05-08 18:50:06,423 - INFO - Computed 8 metric(s) for RandomForest on Original
2025-05-08 18:50:06,423 - INFO - Evaluating RandomForest on CTGAN...
2025-05-08 18:50:06,432 - INFO - Predictions completed for RandomForest on CTGAN
2025-05-08 18:50:06,433 - INFO - Prediction distribution for RandomForest on CTGAN: {'Y': 136, 'N': 8}
2025-05-08 18:50:06,456 - INFO - Computed 8 metric(s) for RandomForest on CTGAN
2025-05-08 18:50:06,456 - INFO - Preparing evaluation for model 'SVM' across all datasets...
2025-05-08 18:50:06,456 - INFO - Evaluating SVM on Original...
2025-05-08 18:50:06,459 - INFO - Predictions completed for SVM on Original
2025-05-08 18:50:06,460 - INFO - Prediction distribution for SVM on Original: {'Y': 144}
2025-05-08 18:50:06,460 - WARNING -  [WARNING] :SVM on Original predicted only one class: {'Y'}
2025-05-08 18:50:06,462 - WARNING - [UndefinedMetricWarning] Precision is ill-defined and being set to 0.0 in labels with no predicted samples. Use `zero_division` parameter to control this behavior. (from /mnt/NVMETank/Projects/Students/Dele/A-STUDY-INTO-THE-QUALITY-AND-USABILITY-OF-PRIVACY-FRIENDLY-SYNTHETIC-DATA/.venv/lib/python3.12/site-packages/sklearn/metrics/_classification.py:1565)
2025-05-08 18:50:06,463 - WARNING - [UndefinedMetricWarning] Precision is ill-defined and being set to 0.0 in labels with no predicted samples. Use `zero_division` parameter to control this behavior. (from /mnt/NVMETank/Projects/Students/Dele/A-STUDY-INTO-THE-QUALITY-AND-USABILITY-OF-PRIVACY-FRIENDLY-SYNTHETIC-DATA/.venv/lib/python3.12/site-packages/sklearn/metrics/_classification.py:1565)
2025-05-08 18:50:06,465 - WARNING - [UndefinedMetricWarning] Precision is ill-defined and being set to 0.0 in labels with no predicted samples. Use `zero_division` parameter to control this behavior. (from /mnt/NVMETank/Projects/Students/Dele/A-STUDY-INTO-THE-QUALITY-AND-USABILITY-OF-PRIVACY-FRIENDLY-SYNTHETIC-DATA/.venv/lib/python3.12/site-packages/sklearn/metrics/_classification.py:1565)
2025-05-08 18:50:06,467 - INFO - Computed 8 metric(s) for SVM on Original
2025-05-08 18:50:06,468 - INFO - Evaluating SVM on CTGAN...
2025-05-08 18:50:06,471 - INFO - Predictions completed for SVM on CTGAN
2025-05-08 18:50:06,471 - INFO - Prediction distribution for SVM on CTGAN: {'Y': 144}
2025-05-08 18:50:06,471 - WARNING -  [WARNING] :SVM on CTGAN predicted only one class: {'Y'}
2025-05-08 18:50:06,473 - WARNING - [UndefinedMetricWarning] Precision is ill-defined and being set to 0.0 in labels with no predicted samples. Use `zero_division` parameter to control this behavior. (from /mnt/NVMETank/Projects/Students/Dele/A-STUDY-INTO-THE-QUALITY-AND-USABILITY-OF-PRIVACY-FRIENDLY-SYNTHETIC-DATA/.venv/lib/python3.12/site-packages/sklearn/metrics/_classification.py:1565)
2025-05-08 18:50:06,474 - WARNING - [UndefinedMetricWarning] Precision is ill-defined and being set to 0.0 in labels with no predicted samples. Use `zero_division` parameter to control this behavior. (from /mnt/NVMETank/Projects/Students/Dele/A-STUDY-INTO-THE-QUALITY-AND-USABILITY-OF-PRIVACY-FRIENDLY-SYNTHETIC-DATA/.venv/lib/python3.12/site-packages/sklearn/metrics/_classification.py:1565)
2025-05-08 18:50:06,476 - WARNING - [UndefinedMetricWarning] Precision is ill-defined and being set to 0.0 in labels with no predicted samples. Use `zero_division` parameter to control this behavior. (from /mnt/NVMETank/Projects/Students/Dele/A-STUDY-INTO-THE-QUALITY-AND-USABILITY-OF-PRIVACY-FRIENDLY-SYNTHETIC-DATA/.venv/lib/python3.12/site-packages/sklearn/metrics/_classification.py:1565)
2025-05-08 18:50:06,479 - INFO - Computed 8 metric(s) for SVM on CTGAN
2025-05-08 18:50:06,482 - INFO - Evaluation completed for all models.
2025-05-08 18:50:06,482 - INFO - Model evaluation completed in 0.22 seconds.
2025-05-08 18:50:06,484 - INFO - Evaluated models: ['DecisionTree', 'KNN', 'LogisticRegression', 'RandomForest', 'SVM']
2025-05-08 18:50:06,484 - INFO - Model Training and Evaluation completed.
2025-05-08 18:50:07,043 - INFO -  Visualizations saved.
2025-05-08 18:50:07,043 - INFO -  Benchmarking Completed. Results saved in output folder.
