2025-05-08 18:49:27,769 - INFO - Loaded config file: configs/generated_configs/loan/loan_anon_k9_sl0p1_l5.yaml
2025-05-08 18:49:27,769 - INFO -  Benchmarking started for dataset: loan
2025-05-08 18:49:27,769 - INFO - Using dataset path: /mnt/NVMETank/Projects/Students/Dele/A-STUDY-INTO-THE-QUALITY-AND-USABILITY-OF-PRIVACY-FRIENDLY-SYNTHETIC-DATA/datasets/original/loan.csv
2025-05-08 18:49:27,769 - INFO - Target column: Loan_Status, separator: ','
2025-05-08 18:49:27,769 - INFO - Configuration loaded: enable_anonymization = True, enable_synthesis = False, enable_hybrid = True, enable_utility = True, delete_after_evaluation = False
2025-05-08 18:49:27,769 - INFO - Running preprocessing...
2025-05-08 18:49:27,774 - INFO -  [PREPROCESSING] Preprocessed files found. Skipping preprocessing.
2025-05-08 18:49:27,782 - INFO - Preprocessing completed. Rows before: 614, after: 336
2025-05-08 18:49:27,782 - INFO - Preprocessed data saved to: outputs/batch/loan_batch_2025-05-08_18-38-44/loan_anon_k9_sl0p1_l5/preprocessing_report.txt
2025-05-08 18:49:27,783 - INFO - enable_anonymization = True
2025-05-08 18:49:27,783 - INFO - Starting Anonymization Pipeline with output path: /mnt/NVMETank/Projects/Students/Dele/A-STUDY-INTO-THE-QUALITY-AND-USABILITY-OF-PRIVACY-FRIENDLY-SYNTHETIC-DATA/datasets/anonymized/loan_k9_l5_sup10_anonymized.csv.......
2025-05-08 18:49:27,787 - INFO -  [ANONYMIZATION] Executing run_anonymization, config_path : configs/generated_configs/loan/loan_anon_k9_sl0p1_l5.yaml...........
2025-05-08 18:49:27,787 - INFO -  [ANONYMIZATION] Using JAR file at /mnt/NVMETank/Projects/Students/Dele/A-STUDY-INTO-THE-QUALITY-AND-USABILITY-OF-PRIVACY-FRIENDLY-SYNTHETIC-DATA/src/anonymization/anonymARXij/bin/anonymARXij.jar to anonymize the dataset.
2025-05-08 18:49:29,146 - INFO -  [ANONYMIZATION] Anonimized file saved to : /mnt/NVMETank/Projects/Students/Dele/A-STUDY-INTO-THE-QUALITY-AND-USABILITY-OF-PRIVACY-FRIENDLY-SYNTHETIC-DATA/datasets/anonymized/loan_k9_l5_sup10_anonymized.csv
2025-05-08 18:49:29,146 - INFO -  [ANONYMIZATION] Java anonymization completed successfully.
2025-05-08 18:49:29,146 - INFO -  [ANONYMIZATION] Java STDOUT:
📄 Java received config path: /mnt/NVMETank/Projects/Students/Dele/A-STUDY-INTO-THE-QUALITY-AND-USABILITY-OF-PRIVACY-FRIENDLY-SYNTHETIC-DATA/configs/generated_configs/loan/loan_anon_k9_sl0p1_l5.yaml
🔹 Loading config from: /mnt/NVMETank/Projects/Students/Dele/A-STUDY-INTO-THE-QUALITY-AND-USABILITY-OF-PRIVACY-FRIENDLY-SYNTHETIC-DATA/configs/generated_configs/loan/loan_anon_k9_sl0p1_l5.yaml
Loading config from: /mnt/NVMETank/Projects/Students/Dele/A-STUDY-INTO-THE-QUALITY-AND-USABILITY-OF-PRIVACY-FRIENDLY-SYNTHETIC-DATA/configs/generated_configs/loan/loan_anon_k9_sl0p1_l5.yaml
📂 Dataset Path (from args): /mnt/NVMETank/Projects/Students/Dele/A-STUDY-INTO-THE-QUALITY-AND-USABILITY-OF-PRIVACY-FRIENDLY-SYNTHETIC-DATA/datasets/train/loan_train_raw.csv
🔹 Dataset Separator: ,
🔹 Suppression Limit: 0.1

🔹 Configured Attributes:
  ✅ Quasi-Identifier: Gender
  ✅ Quasi-Identifier: Married
  ✅ Quasi-Identifier: Education
  ✅ Quasi-Identifier: Dependents
  ✅ Quasi-Identifier: Self_Employed
  ✅ Quasi-Identifier: Property_Area
  ✅ Quasi-Identifier: Credit_History
  ✅ Quasi-Identifier: Loan_Amount_Term
  ✅ Sensitive Attribute: LoanAmount
  ✅ Insensitive Attribute: Loan_Status
  ✅ Insensitive Attribute: ApplicantIncome
  ✅ Insensitive Attribute: CoapplicantIncome

🔹 Defined Hierarchies:
  ✅ Property_Area -> /mnt/NVMETank/Projects/Students/Dele/A-STUDY-INTO-THE-QUALITY-AND-USABILITY-OF-PRIVACY-FRIENDLY-SYNTHETIC-DATA/src/anonymization/anonymARXij/src/hierarchies_loan/property_area.csv
  ✅ Self_Employed -> /mnt/NVMETank/Projects/Students/Dele/A-STUDY-INTO-THE-QUALITY-AND-USABILITY-OF-PRIVACY-FRIENDLY-SYNTHETIC-DATA/src/anonymization/anonymARXij/src/hierarchies_loan/self_employed.csv
  ✅ Credit_History -> /mnt/NVMETank/Projects/Students/Dele/A-STUDY-INTO-THE-QUALITY-AND-USABILITY-OF-PRIVACY-FRIENDLY-SYNTHETIC-DATA/src/anonymization/anonymARXij/src/hierarchies_loan/credit_history.csv
  ✅ Dependents -> /mnt/NVMETank/Projects/Students/Dele/A-STUDY-INTO-THE-QUALITY-AND-USABILITY-OF-PRIVACY-FRIENDLY-SYNTHETIC-DATA/src/anonymization/anonymARXij/src/hierarchies_loan/dependents.csv
  ✅ Education -> /mnt/NVMETank/Projects/Students/Dele/A-STUDY-INTO-THE-QUALITY-AND-USABILITY-OF-PRIVACY-FRIENDLY-SYNTHETIC-DATA/src/anonymization/anonymARXij/src/hierarchies_loan/education.csv
  ✅ Loan_Amount_Term -> /mnt/NVMETank/Projects/Students/Dele/A-STUDY-INTO-THE-QUALITY-AND-USABILITY-OF-PRIVACY-FRIENDLY-SYNTHETIC-DATA/src/anonymization/anonymARXij/src/hierarchies_loan/loan_amount_terms.csv
  ✅ Married -> /mnt/NVMETank/Projects/Students/Dele/A-STUDY-INTO-THE-QUALITY-AND-USABILITY-OF-PRIVACY-FRIENDLY-SYNTHETIC-DATA/src/anonymization/anonymARXij/src/hierarchies_loan/married.csv
  ✅ Gender -> /mnt/NVMETank/Projects/Students/Dele/A-STUDY-INTO-THE-QUALITY-AND-USABILITY-OF-PRIVACY-FRIENDLY-SYNTHETIC-DATA/src/anonymization/anonymARXij/src/hierarchies_loan/gender.csv
Java is searching for hierarchy file at: /mnt/NVMETank/Projects/Students/Dele/A-STUDY-INTO-THE-QUALITY-AND-USABILITY-OF-PRIVACY-FRIENDLY-SYNTHETIC-DATA/src/anonymization/anonymARXij/src/hierarchies_loan/property_area.csv
Java is searching for hierarchy file at: /mnt/NVMETank/Projects/Students/Dele/A-STUDY-INTO-THE-QUALITY-AND-USABILITY-OF-PRIVACY-FRIENDLY-SYNTHETIC-DATA/src/anonymization/anonymARXij/src/hierarchies_loan/self_employed.csv
Java is searching for hierarchy file at: /mnt/NVMETank/Projects/Students/Dele/A-STUDY-INTO-THE-QUALITY-AND-USABILITY-OF-PRIVACY-FRIENDLY-SYNTHETIC-DATA/src/anonymization/anonymARXij/src/hierarchies_loan/credit_history.csv
Java is searching for hierarchy file at: /mnt/NVMETank/Projects/Students/Dele/A-STUDY-INTO-THE-QUALITY-AND-USABILITY-OF-PRIVACY-FRIENDLY-SYNTHETIC-DATA/src/anonymization/anonymARXij/src/hierarchies_loan/dependents.csv
Java is searching for hierarchy file at: /mnt/NVMETank/Projects/Students/Dele/A-STUDY-INTO-THE-QUALITY-AND-USABILITY-OF-PRIVACY-FRIENDLY-SYNTHETIC-DATA/src/anonymization/anonymARXij/src/hierarchies_loan/education.csv
Java is searching for hierarchy file at: /mnt/NVMETank/Projects/Students/Dele/A-STUDY-INTO-THE-QUALITY-AND-USABILITY-OF-PRIVACY-FRIENDLY-SYNTHETIC-DATA/src/anonymization/anonymARXij/src/hierarchies_loan/loan_amount_terms.csv
Java is searching for hierarchy file at: /mnt/NVMETank/Projects/Students/Dele/A-STUDY-INTO-THE-QUALITY-AND-USABILITY-OF-PRIVACY-FRIENDLY-SYNTHETIC-DATA/src/anonymization/anonymARXij/src/hierarchies_loan/married.csv
Java is searching for hierarchy file at: /mnt/NVMETank/Projects/Students/Dele/A-STUDY-INTO-THE-QUALITY-AND-USABILITY-OF-PRIVACY-FRIENDLY-SYNTHETIC-DATA/src/anonymization/anonymARXij/src/hierarchies_loan/gender.csv
✓ Applied Entropy L-Diversity on: LoanAmount (l=5)
🔹 Privacy Models Configured
📂 Anonymized Output Path (from args): /mnt/NVMETank/Projects/Students/Dele/A-STUDY-INTO-THE-QUALITY-AND-USABILITY-OF-PRIVACY-FRIENDLY-SYNTHETIC-DATA/datasets/anonymized/loan_k9_l5_sup10_anonymized.csv
📂 Anonymized Output Path: /mnt/NVMETank/Projects/Students/Dele/A-STUDY-INTO-THE-QUALITY-AND-USABILITY-OF-PRIVACY-FRIENDLY-SYNTHETIC-DATA/datasets/anonymized/loan_k9_l5_sup10_anonymized.csv
✅ Anonymization completed. Output saved to: /mnt/NVMETank/Projects/Students/Dele/A-STUDY-INTO-THE-QUALITY-AND-USABILITY-OF-PRIVACY-FRIENDLY-SYNTHETIC-DATA/datasets/anonymized/loan_k9_l5_sup10_anonymized.csv
Anonymized Data Quality Metrics:
 - Ambiguity: 0.9010629045006432
 - AECS: 0.9235339001526052
 - Discernibility: 0.8123260688857566
 - Granularity: 0.48999173802012996
 - MSE: 0.08587749615975426
 - Non-Uniform Entropy: 0.4235697854002125
 - Precision: 0.5139508928571429
 - Record-level SE: 0.2716500778373895
Equivalence Class Statistics:
 - Number of Classes: 11
 - Average Class Size: 27.90909090909091
Suppression Statistics:
 - Suppressed Records: 29
 - Suppression Percentage: 8.63%
2025-05-08 18:49:29,146 - INFO - Anonymized data saved to: /mnt/NVMETank/Projects/Students/Dele/A-STUDY-INTO-THE-QUALITY-AND-USABILITY-OF-PRIVACY-FRIENDLY-SYNTHETIC-DATA/datasets/anonymized/loan_k9_l5_sup10_anonymized.csv
2025-05-08 18:49:29,156 - INFO - Anonymous data report saved at: outputs/batch/loan_batch_2025-05-08_18-38-44/loan_anon_k9_sl0p1_l5/anonymous_data_report.txt
2025-05-08 18:49:29,156 - INFO -  [POSTPROCESSING] Postprocessing anonymized data: /mnt/NVMETank/Projects/Students/Dele/A-STUDY-INTO-THE-QUALITY-AND-USABILITY-OF-PRIVACY-FRIENDLY-SYNTHETIC-DATA/datasets/anonymized/loan_k9_l5_sup10_anonymized.csv
2025-05-08 18:49:29,157 - INFO -  [POSTPROCESSING] Loaded anonymized data: (336, 12)
2025-05-08 18:49:29,161 - INFO -  [POSTPROCESSING] Loaded fallback maps from training data. Categorical cols: 7, Numeric cols: 5
2025-05-08 18:49:29,162 - INFO -  [POSTPROCESSING] Normalizing anonymized data using ARX artifact cleaning and fallback values.
2025-05-08 18:49:29,178 - INFO -  [POSTPROCESSING] Normalized anonymized data saved to: /mnt/NVMETank/Projects/Students/Dele/A-STUDY-INTO-THE-QUALITY-AND-USABILITY-OF-PRIVACY-FRIENDLY-SYNTHETIC-DATA/datasets/anonymized/loan_k9_l5_sup10_anonymized_processed.csv
2025-05-08 18:49:29,187 - INFO -  [POSTPROCESSING] Binary Encoding applied to anonymized data. Encoded shape: (336, 19)
2025-05-08 18:49:29,189 - INFO -  [POSTPROCESSING] Encoded anonymized dataset saved to: /mnt/NVMETank/Projects/Students/Dele/A-STUDY-INTO-THE-QUALITY-AND-USABILITY-OF-PRIVACY-FRIENDLY-SYNTHETIC-DATA/datasets/anonymized/loan_k9_l5_sup10_anonymized_encoded.csv
2025-05-08 18:49:29,189 - INFO -  [POSTPROCESSING] Encoding map generated for anonymized data: 0 original categorical columns.
2025-05-08 18:49:29,189 - INFO - Postprocessing report saved at: outputs/batch/loan_batch_2025-05-08_18-38-44/loan_anon_k9_sl0p1_l5/postprocessing_report.txt
2025-05-08 18:49:29,189 - INFO - enable_synthetic_generation = False
2025-05-08 18:49:29,189 - INFO - Synthetic Data Generation Skipped (Disabled in Configuration).
2025-05-08 18:49:29,189 - INFO - Running Hybrid Pipeline...
2025-05-08 18:49:29,189 - INFO -  [HYBRID] Executing run_hybrid...
2025-05-08 18:49:29,190 - INFO -  [HYBRID] Looking for encoded anonymized data in /mnt/NVMETank/Projects/Students/Dele/A-STUDY-INTO-THE-QUALITY-AND-USABILITY-OF-PRIVACY-FRIENDLY-SYNTHETIC-DATA/datasets/anonymized/loan_k9_l5_sup10_anonymized_encoded.csv
2025-05-08 18:49:29,190 - INFO -  [HYBRID ] Loaded cached encoded anonymous data from /mnt/NVMETank/Projects/Students/Dele/A-STUDY-INTO-THE-QUALITY-AND-USABILITY-OF-PRIVACY-FRIENDLY-SYNTHETIC-DATA/datasets/anonymized/loan_k9_l5_sup10_anonymized_encoded.csv
2025-05-08 18:49:29,191 - INFO -  [HYBRID] Starting synthetic generation for hybrid pipeline...
2025-05-08 18:49:29,191 - INFO - Executing run_synthetic.....
2025-05-08 18:49:29,191 - INFO - [SYNTHETIC PIPELINE] executing run_synthetic for loan_k9_l5_sup10...
2025-05-08 18:49:29,191 - INFO - [SYNTHETIC] Processing dataset: loan_k9_l5_sup10
2025-05-08 18:49:29,191 - INFO - [SYNTHETIC] Original dataset size: 336 rows
2025-05-08 18:49:29,204 - INFO - Detected metadata:
2025-05-08 18:49:29,204 - INFO - {
    "METADATA_SPEC_VERSION": "SINGLE_TABLE_V1",
    "columns": {
        "Gender_0": {
            "sdtype": "categorical"
        },
        "Gender_1": {
            "sdtype": "categorical"
        },
        "Married_0": {
            "sdtype": "categorical"
        },
        "Married_1": {
            "sdtype": "categorical"
        },
        "Dependents_0": {
            "sdtype": "categorical"
        },
        "Dependents_1": {
            "sdtype": "categorical"
        },
        "Dependents_2": {
            "sdtype": "categorical"
        },
        "Education_0": {
            "sdtype": "categorical"
        },
        "Education_1": {
            "sdtype": "categorical"
        },
        "Self_Employed_0": {
            "sdtype": "categorical"
        },
        "Self_Employed_1": {
            "sdtype": "categorical"
        },
        "ApplicantIncome": {
            "sdtype": "numerical"
        },
        "CoapplicantIncome": {
            "sdtype": "numerical"
        },
        "LoanAmount": {
            "sdtype": "numerical"
        },
        "Loan_Amount_Term": {
            "sdtype": "categorical"
        },
        "Credit_History": {
            "sdtype": "categorical"
        },
        "Property_Area_0": {
            "sdtype": "categorical"
        },
        "Property_Area_1": {
            "sdtype": "categorical"
        },
        "Loan_Status": {
            "sdtype": "categorical"
        }
    }
}
2025-05-08 18:49:29,204 - INFO - [SYNTHETIC] Preparing synthesizer: CTGAN
2025-05-08 18:49:29,204 - INFO - [SYNTHETIC] Params from config: {'epochs': 300}
2025-05-08 18:49:29,204 - INFO -  [SYNTHETIC] No pre-trained synthesizer found
2025-05-08 18:49:29,204 - INFO - [SYNTHETIC] Training new CTGAN synthesizer from scratch...
2025-05-08 18:49:29,204 - WARNING - [FutureWarning] The 'SingleTableMetadata' is deprecated. Please use the new 'Metadata' class for synthesizers. (from /mnt/NVMETank/Projects/Students/Dele/A-STUDY-INTO-THE-QUALITY-AND-USABILITY-OF-PRIVACY-FRIENDLY-SYNTHETIC-DATA/.venv/lib/python3.12/site-packages/sdv/single_table/base.py:119)
2025-05-08 18:49:29,204 - WARNING - [UserWarning] We strongly recommend saving the metadata using 'save_to_json' for replicability in future SDV versions. (from /mnt/NVMETank/Projects/Students/Dele/A-STUDY-INTO-THE-QUALITY-AND-USABILITY-OF-PRIVACY-FRIENDLY-SYNTHETIC-DATA/.venv/lib/python3.12/site-packages/sdv/single_table/base.py:104)
2025-05-08 18:49:29,211 - INFO - {'EVENT': 'Instance', 'TIMESTAMP': datetime.datetime(2025, 5, 8, 18, 49, 29, 211126), 'SYNTHESIZER CLASS NAME': 'CTGANSynthesizer', 'SYNTHESIZER ID': 'CTGANSynthesizer_1.18.0_3669a3c02250418da6aa0a58bc1cd523'}
2025-05-08 18:49:29,211 - INFO - [SYNTHETIC] CTGAN initialized with epochs: 300
2025-05-08 18:49:29,211 - INFO - [SYNTHETIC] Training parameters for CTGAN: {}
2025-05-08 18:49:29,211 - INFO - [SYNTHETIC] fitting CTGAN 
2025-05-08 18:49:29,211 - INFO - {'EVENT': 'Fit', 'TIMESTAMP': datetime.datetime(2025, 5, 8, 18, 49, 29, 211421), 'SYNTHESIZER CLASS NAME': 'CTGANSynthesizer', 'SYNTHESIZER ID': 'CTGANSynthesizer_1.18.0_3669a3c02250418da6aa0a58bc1cd523', 'TOTAL NUMBER OF TABLES': 1, 'TOTAL NUMBER OF ROWS': 336, 'TOTAL NUMBER OF COLUMNS': 19}
2025-05-08 18:49:29,213 - INFO - Fitting table  metadata
2025-05-08 18:49:29,214 - INFO - Fitting formatters for table 
2025-05-08 18:49:29,216 - INFO - Fitting constraints for table 
2025-05-08 18:49:29,216 - INFO - Setting the configuration for the ``HyperTransformer`` for table 
2025-05-08 18:49:29,218 - INFO - Fitting HyperTransformer for table 
2025-05-08 18:49:29,234 - INFO - {'EVENT': 'Fit processed data', 'TIMESTAMP': datetime.datetime(2025, 5, 8, 18, 49, 29, 234396), 'SYNTHESIZER CLASS NAME': 'CTGANSynthesizer', 'SYNTHESIZER ID': 'CTGANSynthesizer_1.18.0_3669a3c02250418da6aa0a58bc1cd523', 'TOTAL NUMBER OF TABLES': 1, 'TOTAL NUMBER OF ROWS': 336, 'TOTAL NUMBER OF COLUMNS': 19}
2025-05-08 18:49:29,274 - INFO - Guidance: There are no missing values in column ApplicantIncome. Extra column not created.
2025-05-08 18:49:29,446 - INFO - Guidance: There are no missing values in column CoapplicantIncome. Extra column not created.
2025-05-08 18:49:29,499 - INFO - Guidance: There are no missing values in column LoanAmount. Extra column not created.
2025-05-08 18:49:52,832 - INFO - [SYNTHETIC] Fitting complete for CTGAN. Duration: 23.62 seconds.
2025-05-08 18:49:52,832 - INFO - [SYNTHETIC] CONFIRMATION CTGAN actually trained with epochs = 300
2025-05-08 18:49:52,832 - INFO - {'EVENT': 'Save', 'TIMESTAMP': datetime.datetime(2025, 5, 8, 18, 49, 52, 832781), 'SYNTHESIZER CLASS NAME': 'CTGANSynthesizer', 'SYNTHESIZER ID': 'CTGANSynthesizer_1.18.0_3669a3c02250418da6aa0a58bc1cd523'}
2025-05-08 18:49:52,871 - INFO - [SYNTHETIC] CTGAN trained and saved.
2025-05-08 18:49:52,871 - INFO - [SYNTHETIC] Preparing synthesizer: GaussianCopula
2025-05-08 18:49:52,871 - INFO - [SYNTHETIC] Params from config: {}
2025-05-08 18:49:52,871 - INFO -  [SYNTHETIC] No pre-trained synthesizer found
2025-05-08 18:49:52,871 - INFO - [SYNTHETIC] Training new GaussianCopula synthesizer from scratch...
2025-05-08 18:49:52,872 - WARNING - [FutureWarning] The 'SingleTableMetadata' is deprecated. Please use the new 'Metadata' class for synthesizers. (from /mnt/NVMETank/Projects/Students/Dele/A-STUDY-INTO-THE-QUALITY-AND-USABILITY-OF-PRIVACY-FRIENDLY-SYNTHETIC-DATA/.venv/lib/python3.12/site-packages/sdv/single_table/base.py:119)
2025-05-08 18:49:52,874 - INFO - {'EVENT': 'Instance', 'TIMESTAMP': datetime.datetime(2025, 5, 8, 18, 49, 52, 874282), 'SYNTHESIZER CLASS NAME': 'GaussianCopulaSynthesizer', 'SYNTHESIZER ID': 'GaussianCopulaSynthesizer_1.18.0_22dd0dfd67574815a9baff442fb5e52b'}
2025-05-08 18:49:52,874 - INFO - [SYNTHETIC] fitting GaussianCopula 
2025-05-08 18:49:52,874 - INFO - {'EVENT': 'Fit', 'TIMESTAMP': datetime.datetime(2025, 5, 8, 18, 49, 52, 874409), 'SYNTHESIZER CLASS NAME': 'GaussianCopulaSynthesizer', 'SYNTHESIZER ID': 'GaussianCopulaSynthesizer_1.18.0_22dd0dfd67574815a9baff442fb5e52b', 'TOTAL NUMBER OF TABLES': 1, 'TOTAL NUMBER OF ROWS': 336, 'TOTAL NUMBER OF COLUMNS': 19}
2025-05-08 18:49:52,875 - INFO - Fitting table  metadata
2025-05-08 18:49:52,875 - INFO - Fitting formatters for table 
2025-05-08 18:49:52,877 - INFO - Fitting constraints for table 
2025-05-08 18:49:52,877 - INFO - Setting the configuration for the ``HyperTransformer`` for table 
2025-05-08 18:49:52,883 - INFO - Fitting HyperTransformer for table 
2025-05-08 18:49:52,988 - INFO - {'EVENT': 'Fit processed data', 'TIMESTAMP': datetime.datetime(2025, 5, 8, 18, 49, 52, 988275), 'SYNTHESIZER CLASS NAME': 'GaussianCopulaSynthesizer', 'SYNTHESIZER ID': 'GaussianCopulaSynthesizer_1.18.0_22dd0dfd67574815a9baff442fb5e52b', 'TOTAL NUMBER OF TABLES': 1, 'TOTAL NUMBER OF ROWS': 336, 'TOTAL NUMBER OF COLUMNS': 19}
2025-05-08 18:49:52,988 - INFO - Fitting GaussianMultivariate(distribution="{'Gender_0': <class 'copulas.univariate.beta.BetaUnivariate'>, 'Gender_1': <class 'copulas.univariate.beta.BetaUnivariate'>, 'Married_0': <class 'copulas.univariate.beta.BetaUnivariate'>, 'Married_1': <class 'copulas.univariate.beta.BetaUnivariate'>, 'Dependents_0': <class 'copulas.univariate.beta.BetaUnivariate'>, 'Dependents_1': <class 'copulas.univariate.beta.BetaUnivariate'>, 'Dependents_2': <class 'copulas.univariate.beta.BetaUnivariate'>, 'Education_0': <class 'copulas.univariate.beta.BetaUnivariate'>, 'Education_1': <class 'copulas.univariate.beta.BetaUnivariate'>, 'Self_Employed_0': <class 'copulas.univariate.beta.BetaUnivariate'>, 'Self_Employed_1': <class 'copulas.univariate.beta.BetaUnivariate'>, 'ApplicantIncome': <class 'copulas.univariate.beta.BetaUnivariate'>, 'CoapplicantIncome': <class 'copulas.univariate.beta.BetaUnivariate'>, 'LoanAmount': <class 'copulas.univariate.beta.BetaUnivariate'>, 'Loan_Amount_Term': <class 'copulas.univariate.beta.BetaUnivariate'>, 'Credit_History': <class 'copulas.univariate.beta.BetaUnivariate'>, 'Property_Area_0': <class 'copulas.univariate.beta.BetaUnivariate'>, 'Property_Area_1': <class 'copulas.univariate.beta.BetaUnivariate'>, 'Loan_Status': <class 'copulas.univariate.beta.BetaUnivariate'>}")
2025-05-08 18:49:53,523 - INFO - [SYNTHETIC] Fitting complete for GaussianCopula. Duration: 0.65 seconds.
2025-05-08 18:49:53,523 - WARNING - [SYNTHETIC] WARNING Could not determine actual epochs used for GaussianCopula
2025-05-08 18:49:53,523 - INFO - {'EVENT': 'Save', 'TIMESTAMP': datetime.datetime(2025, 5, 8, 18, 49, 53, 523868), 'SYNTHESIZER CLASS NAME': 'GaussianCopulaSynthesizer', 'SYNTHESIZER ID': 'GaussianCopulaSynthesizer_1.18.0_22dd0dfd67574815a9baff442fb5e52b'}
2025-05-08 18:49:53,532 - INFO - [SYNTHETIC] GaussianCopula trained and saved.
2025-05-08 18:49:53,532 - INFO - [SYNTHETIC] Preparing synthesizer: TVAE
2025-05-08 18:49:53,532 - INFO - [SYNTHETIC] Params from config: {'epochs': 300}
2025-05-08 18:49:53,532 - INFO -  [SYNTHETIC] No pre-trained synthesizer found
2025-05-08 18:49:53,532 - INFO - [SYNTHETIC] Training new TVAE synthesizer from scratch...
2025-05-08 18:49:53,533 - WARNING - [FutureWarning] The 'SingleTableMetadata' is deprecated. Please use the new 'Metadata' class for synthesizers. (from /mnt/NVMETank/Projects/Students/Dele/A-STUDY-INTO-THE-QUALITY-AND-USABILITY-OF-PRIVACY-FRIENDLY-SYNTHETIC-DATA/.venv/lib/python3.12/site-packages/sdv/single_table/base.py:119)
2025-05-08 18:49:53,535 - INFO - {'EVENT': 'Instance', 'TIMESTAMP': datetime.datetime(2025, 5, 8, 18, 49, 53, 535257), 'SYNTHESIZER CLASS NAME': 'TVAESynthesizer', 'SYNTHESIZER ID': 'TVAESynthesizer_1.18.0_8843bff7190f4f13b87407a6e420fc70'}
2025-05-08 18:49:53,535 - INFO - [SYNTHETIC] TVAE initialized with epochs: 300
2025-05-08 18:49:53,535 - INFO - [SYNTHETIC] Training parameters for TVAE: {}
2025-05-08 18:49:53,535 - INFO - [SYNTHETIC] fitting TVAE 
2025-05-08 18:49:53,535 - INFO - {'EVENT': 'Fit', 'TIMESTAMP': datetime.datetime(2025, 5, 8, 18, 49, 53, 535459), 'SYNTHESIZER CLASS NAME': 'TVAESynthesizer', 'SYNTHESIZER ID': 'TVAESynthesizer_1.18.0_8843bff7190f4f13b87407a6e420fc70', 'TOTAL NUMBER OF TABLES': 1, 'TOTAL NUMBER OF ROWS': 336, 'TOTAL NUMBER OF COLUMNS': 19}
2025-05-08 18:49:53,536 - INFO - Fitting table  metadata
2025-05-08 18:49:53,537 - INFO - Fitting formatters for table 
2025-05-08 18:49:53,538 - INFO - Fitting constraints for table 
2025-05-08 18:49:53,538 - INFO - Setting the configuration for the ``HyperTransformer`` for table 
2025-05-08 18:49:53,539 - INFO - Fitting HyperTransformer for table 
2025-05-08 18:49:53,551 - INFO - {'EVENT': 'Fit processed data', 'TIMESTAMP': datetime.datetime(2025, 5, 8, 18, 49, 53, 551716), 'SYNTHESIZER CLASS NAME': 'TVAESynthesizer', 'SYNTHESIZER ID': 'TVAESynthesizer_1.18.0_8843bff7190f4f13b87407a6e420fc70', 'TOTAL NUMBER OF TABLES': 1, 'TOTAL NUMBER OF ROWS': 336, 'TOTAL NUMBER OF COLUMNS': 19}
2025-05-08 18:49:53,564 - INFO - Guidance: There are no missing values in column ApplicantIncome. Extra column not created.
2025-05-08 18:49:53,640 - INFO - Guidance: There are no missing values in column CoapplicantIncome. Extra column not created.
2025-05-08 18:49:53,673 - INFO - Guidance: There are no missing values in column LoanAmount. Extra column not created.
2025-05-08 18:49:56,729 - INFO - [SYNTHETIC] Fitting complete for TVAE. Duration: 3.19 seconds.
2025-05-08 18:49:56,730 - INFO - [SYNTHETIC] CONFIRMATION TVAE actually trained with epochs = 300
2025-05-08 18:49:56,730 - INFO - {'EVENT': 'Save', 'TIMESTAMP': datetime.datetime(2025, 5, 8, 18, 49, 56, 730065), 'SYNTHESIZER CLASS NAME': 'TVAESynthesizer', 'SYNTHESIZER ID': 'TVAESynthesizer_1.18.0_8843bff7190f4f13b87407a6e420fc70'}
2025-05-08 18:49:56,765 - INFO - [SYNTHETIC] TVAE trained and saved.
2025-05-08 18:49:56,765 - INFO - [SYNTHETIC] Using CTGAN to generate 336 rows...
2025-05-08 18:49:56,835 - INFO - {'EVENT': 'Sample', 'TIMESTAMP': datetime.datetime(2025, 5, 8, 18, 49, 56, 765926), 'SYNTHESIZER CLASS NAME': 'CTGANSynthesizer', 'SYNTHESIZER ID': 'CTGANSynthesizer_1.18.0_3669a3c02250418da6aa0a58bc1cd523', 'TOTAL NUMBER OF TABLES': 1, 'TOTAL NUMBER OF ROWS': 336, 'TOTAL NUMBER OF COLUMNS': 19}
2025-05-08 18:49:56,835 - INFO - [SYNTHETIC] CTGAN completed: 336 rows generated.
2025-05-08 18:49:56,836 - INFO - [SYNTHETIC] Target class distribution for CTGAN: {'Y': 192, 'N': 144}
2025-05-08 18:49:56,836 - INFO - [SYNTHETIC] Using GaussianCopula to generate 336 rows...
2025-05-08 18:49:56,888 - INFO - {'EVENT': 'Sample', 'TIMESTAMP': datetime.datetime(2025, 5, 8, 18, 49, 56, 836162), 'SYNTHESIZER CLASS NAME': 'GaussianCopulaSynthesizer', 'SYNTHESIZER ID': 'GaussianCopulaSynthesizer_1.18.0_22dd0dfd67574815a9baff442fb5e52b', 'TOTAL NUMBER OF TABLES': 1, 'TOTAL NUMBER OF ROWS': 336, 'TOTAL NUMBER OF COLUMNS': 19}
2025-05-08 18:49:56,888 - INFO - [SYNTHETIC] GaussianCopula completed: 336 rows generated.
2025-05-08 18:49:56,888 - INFO - [SYNTHETIC] Target class distribution for GaussianCopula: {'Y': 226, 'N': 110}
2025-05-08 18:49:56,888 - INFO - [SYNTHETIC] Using TVAE to generate 336 rows...
2025-05-08 18:49:56,935 - INFO - {'EVENT': 'Sample', 'TIMESTAMP': datetime.datetime(2025, 5, 8, 18, 49, 56, 888784), 'SYNTHESIZER CLASS NAME': 'TVAESynthesizer', 'SYNTHESIZER ID': 'TVAESynthesizer_1.18.0_8843bff7190f4f13b87407a6e420fc70', 'TOTAL NUMBER OF TABLES': 1, 'TOTAL NUMBER OF ROWS': 336, 'TOTAL NUMBER OF COLUMNS': 19}
2025-05-08 18:49:56,935 - INFO - [SYNTHETIC] TVAE completed: 336 rows generated.
2025-05-08 18:49:56,935 - INFO - [SYNTHETIC] Target class distribution for TVAE: {'Y': 335, 'N': 1}
2025-05-08 18:49:56,936 - INFO - [SYNTHETIC PIPELINE] Synthetic Data Generation Completed.
2025-05-08 18:49:56,936 - INFO - [SYNTHETIC PIPELINE] Synthesizers used: ['CTGAN', 'GaussianCopula', 'TVAE']
2025-05-08 18:49:56,936 - INFO - [SYNTHETIC PIPELINE] Evaluating synthetic dataset generated by CTGAN...
2025-05-08 18:49:56,936 - INFO - [SYNTHETIC EVAL] Real data columns     (19): ['Gender_0', 'Gender_1', 'Married_0', 'Married_1', 'Dependents_0', 'Dependents_1', 'Dependents_2', 'Education_0', 'Education_1', 'Self_Employed_0', 'Self_Employed_1', 'ApplicantIncome', 'CoapplicantIncome', 'LoanAmount', 'Loan_Amount_Term', 'Credit_History', 'Property_Area_0', 'Property_Area_1', 'Loan_Status']
2025-05-08 18:49:56,936 - INFO - [SYNTHETIC EVAL] Synthetic data columns (19): ['Gender_0', 'Gender_1', 'Married_0', 'Married_1', 'Dependents_0', 'Dependents_1', 'Dependents_2', 'Education_0', 'Education_1', 'Self_Employed_0', 'Self_Employed_1', 'ApplicantIncome', 'CoapplicantIncome', 'LoanAmount', 'Loan_Amount_Term', 'Credit_History', 'Property_Area_0', 'Property_Area_1', 'Loan_Status']
2025-05-08 18:49:56,936 - INFO - [SYNTHETIC EVAL] Metadata columns      (19): ['Gender_0', 'Gender_1', 'Married_0', 'Married_1', 'Dependents_0', 'Dependents_1', 'Dependents_2', 'Education_0', 'Education_1', 'Self_Employed_0', 'Self_Employed_1', 'ApplicantIncome', 'CoapplicantIncome', 'LoanAmount', 'Loan_Amount_Term', 'Credit_History', 'Property_Area_0', 'Property_Area_1', 'Loan_Status']
2025-05-08 18:49:56,936 - INFO - [SYNTHETIC EVAL] Shape — Real: (336, 19), Synthetic: (336, 19)
2025-05-08 18:49:56,936 - INFO - [SYNTHETIC EVAL] Metadata structure:
{
  "METADATA_SPEC_VERSION": "SINGLE_TABLE_V1",
  "columns": {
    "Gender_0": {
      "sdtype": "categorical"
    },
    "Gender_1": {
      "sdtype": "categorical"
    },
    "Married_0": {
      "sdtype": "categorical"
    },
    "Married_1": {
      "sdtype": "categorical"
    },
    "Dependents_0": {
      "sdtype": "categorical"
    },
    "Dependents_1": {
      "sdtype": "categorical"
    },
    "Dependents_2": {
      "sdtype": "categorical"
    },
    "Education_0": {
      "sdtype": "categorical"
    },
    "Education_1": {
      "sdtype": "categorical"
    },
    "Self_Employed_0": {
      "sdtype": "categorical"
    },
    "Self_Employed_1": {
      "sdtype": "categorical"
    },
    "ApplicantIncome": {
      "sdtype": "numerical"
    },
    "CoapplicantIncome": {
      "sdtype": "numerical"
    },
    "LoanAmount": {
      "sdtype": "numerical"
    },
    "Loan_Amount_Term": {
      "sdtype": "categorical"
    },
    "Credit_History": {
      "sdtype": "categorical"
    },
    "Property_Area_0": {
      "sdtype": "categorical"
    },
    "Property_Area_1": {
      "sdtype": "categorical"
    },
    "Loan_Status": {
      "sdtype": "categorical"
    }
  }
}
2025-05-08 18:49:57,272 - INFO - [SYNTHETIC PIPELINE] Evaluating synthetic dataset generated by GaussianCopula...
2025-05-08 18:49:57,273 - INFO - [SYNTHETIC EVAL] Real data columns     (19): ['Gender_0', 'Gender_1', 'Married_0', 'Married_1', 'Dependents_0', 'Dependents_1', 'Dependents_2', 'Education_0', 'Education_1', 'Self_Employed_0', 'Self_Employed_1', 'ApplicantIncome', 'CoapplicantIncome', 'LoanAmount', 'Loan_Amount_Term', 'Credit_History', 'Property_Area_0', 'Property_Area_1', 'Loan_Status']
2025-05-08 18:49:57,273 - INFO - [SYNTHETIC EVAL] Synthetic data columns (19): ['Gender_0', 'Gender_1', 'Married_0', 'Married_1', 'Dependents_0', 'Dependents_1', 'Dependents_2', 'Education_0', 'Education_1', 'Self_Employed_0', 'Self_Employed_1', 'ApplicantIncome', 'CoapplicantIncome', 'LoanAmount', 'Loan_Amount_Term', 'Credit_History', 'Property_Area_0', 'Property_Area_1', 'Loan_Status']
2025-05-08 18:49:57,273 - INFO - [SYNTHETIC EVAL] Metadata columns      (19): ['Gender_0', 'Gender_1', 'Married_0', 'Married_1', 'Dependents_0', 'Dependents_1', 'Dependents_2', 'Education_0', 'Education_1', 'Self_Employed_0', 'Self_Employed_1', 'ApplicantIncome', 'CoapplicantIncome', 'LoanAmount', 'Loan_Amount_Term', 'Credit_History', 'Property_Area_0', 'Property_Area_1', 'Loan_Status']
2025-05-08 18:49:57,273 - INFO - [SYNTHETIC EVAL] Shape — Real: (336, 19), Synthetic: (336, 19)
2025-05-08 18:49:57,273 - INFO - [SYNTHETIC EVAL] Metadata structure:
{
  "METADATA_SPEC_VERSION": "SINGLE_TABLE_V1",
  "columns": {
    "Gender_0": {
      "sdtype": "categorical"
    },
    "Gender_1": {
      "sdtype": "categorical"
    },
    "Married_0": {
      "sdtype": "categorical"
    },
    "Married_1": {
      "sdtype": "categorical"
    },
    "Dependents_0": {
      "sdtype": "categorical"
    },
    "Dependents_1": {
      "sdtype": "categorical"
    },
    "Dependents_2": {
      "sdtype": "categorical"
    },
    "Education_0": {
      "sdtype": "categorical"
    },
    "Education_1": {
      "sdtype": "categorical"
    },
    "Self_Employed_0": {
      "sdtype": "categorical"
    },
    "Self_Employed_1": {
      "sdtype": "categorical"
    },
    "ApplicantIncome": {
      "sdtype": "numerical"
    },
    "CoapplicantIncome": {
      "sdtype": "numerical"
    },
    "LoanAmount": {
      "sdtype": "numerical"
    },
    "Loan_Amount_Term": {
      "sdtype": "categorical"
    },
    "Credit_History": {
      "sdtype": "categorical"
    },
    "Property_Area_0": {
      "sdtype": "categorical"
    },
    "Property_Area_1": {
      "sdtype": "categorical"
    },
    "Loan_Status": {
      "sdtype": "categorical"
    }
  }
}
2025-05-08 18:49:57,611 - INFO - [SYNTHETIC PIPELINE] Evaluating synthetic dataset generated by TVAE...
2025-05-08 18:49:57,611 - INFO - [SYNTHETIC EVAL] Real data columns     (19): ['Gender_0', 'Gender_1', 'Married_0', 'Married_1', 'Dependents_0', 'Dependents_1', 'Dependents_2', 'Education_0', 'Education_1', 'Self_Employed_0', 'Self_Employed_1', 'ApplicantIncome', 'CoapplicantIncome', 'LoanAmount', 'Loan_Amount_Term', 'Credit_History', 'Property_Area_0', 'Property_Area_1', 'Loan_Status']
2025-05-08 18:49:57,611 - INFO - [SYNTHETIC EVAL] Synthetic data columns (19): ['Gender_0', 'Gender_1', 'Married_0', 'Married_1', 'Dependents_0', 'Dependents_1', 'Dependents_2', 'Education_0', 'Education_1', 'Self_Employed_0', 'Self_Employed_1', 'ApplicantIncome', 'CoapplicantIncome', 'LoanAmount', 'Loan_Amount_Term', 'Credit_History', 'Property_Area_0', 'Property_Area_1', 'Loan_Status']
2025-05-08 18:49:57,611 - INFO - [SYNTHETIC EVAL] Metadata columns      (19): ['Gender_0', 'Gender_1', 'Married_0', 'Married_1', 'Dependents_0', 'Dependents_1', 'Dependents_2', 'Education_0', 'Education_1', 'Self_Employed_0', 'Self_Employed_1', 'ApplicantIncome', 'CoapplicantIncome', 'LoanAmount', 'Loan_Amount_Term', 'Credit_History', 'Property_Area_0', 'Property_Area_1', 'Loan_Status']
2025-05-08 18:49:57,611 - INFO - [SYNTHETIC EVAL] Shape — Real: (336, 19), Synthetic: (336, 19)
2025-05-08 18:49:57,611 - INFO - [SYNTHETIC EVAL] Metadata structure:
{
  "METADATA_SPEC_VERSION": "SINGLE_TABLE_V1",
  "columns": {
    "Gender_0": {
      "sdtype": "categorical"
    },
    "Gender_1": {
      "sdtype": "categorical"
    },
    "Married_0": {
      "sdtype": "categorical"
    },
    "Married_1": {
      "sdtype": "categorical"
    },
    "Dependents_0": {
      "sdtype": "categorical"
    },
    "Dependents_1": {
      "sdtype": "categorical"
    },
    "Dependents_2": {
      "sdtype": "categorical"
    },
    "Education_0": {
      "sdtype": "categorical"
    },
    "Education_1": {
      "sdtype": "categorical"
    },
    "Self_Employed_0": {
      "sdtype": "categorical"
    },
    "Self_Employed_1": {
      "sdtype": "categorical"
    },
    "ApplicantIncome": {
      "sdtype": "numerical"
    },
    "CoapplicantIncome": {
      "sdtype": "numerical"
    },
    "LoanAmount": {
      "sdtype": "numerical"
    },
    "Loan_Amount_Term": {
      "sdtype": "categorical"
    },
    "Credit_History": {
      "sdtype": "categorical"
    },
    "Property_Area_0": {
      "sdtype": "categorical"
    },
    "Property_Area_1": {
      "sdtype": "categorical"
    },
    "Loan_Status": {
      "sdtype": "categorical"
    }
  }
}
2025-05-08 18:49:57,979 - INFO -  [SYNTHETIC PIPELINE]  Synthetic Data Evaluation Completed.
2025-05-08 18:49:57,987 - INFO -  [SYNTHETIC PIPELINE] Synthetic Data Report Generated Successfully.
2025-05-08 18:49:58,106 - INFO - [HYBRID] Generated hybrid dataset shape for CTGAN: (336, 19)
2025-05-08 18:49:58,106 - INFO - [HYBRID] Target distribution for CTGAN: {'Y': 192, 'N': 144}
2025-05-08 18:49:58,108 - INFO -  [HYBRID] Saved hybrid dataset to /mnt/NVMETank/Projects/Students/Dele/A-STUDY-INTO-THE-QUALITY-AND-USABILITY-OF-PRIVACY-FRIENDLY-SYNTHETIC-DATA/datasets/hybrid/loan_k9_l5_sup10_CTGAN_HYBRID.csv
2025-05-08 18:49:58,108 - INFO - [HYBRID] Generated hybrid dataset shape for GaussianCopula: (336, 19)
2025-05-08 18:49:58,108 - INFO - [HYBRID] Target distribution for GaussianCopula: {'Y': 226, 'N': 110}
2025-05-08 18:49:58,110 - INFO -  [HYBRID] Saved hybrid dataset to /mnt/NVMETank/Projects/Students/Dele/A-STUDY-INTO-THE-QUALITY-AND-USABILITY-OF-PRIVACY-FRIENDLY-SYNTHETIC-DATA/datasets/hybrid/loan_k9_l5_sup10_GaussianCopula_HYBRID.csv
2025-05-08 18:49:58,110 - INFO - [HYBRID] Generated hybrid dataset shape for TVAE: (336, 19)
2025-05-08 18:49:58,110 - INFO - [HYBRID] Target distribution for TVAE: {'Y': 335, 'N': 1}
2025-05-08 18:49:58,112 - INFO -  [HYBRID] Saved hybrid dataset to /mnt/NVMETank/Projects/Students/Dele/A-STUDY-INTO-THE-QUALITY-AND-USABILITY-OF-PRIVACY-FRIENDLY-SYNTHETIC-DATA/datasets/hybrid/loan_k9_l5_sup10_TVAE_HYBRID.csv
2025-05-08 18:49:58,112 - INFO -  [HYBRID] Hybrid pipeline complete — 3 dataset(s) ready.
2025-05-08 18:49:58,112 - INFO - [HYBRID] Total rows across all hybrid datasets: 1008
2025-05-08 18:49:58,112 - INFO - Hybrid pipeline completed successfully.
2025-05-08 18:49:58,112 - INFO - Hybrid pipeline duration: 28.92 seconds
2025-05-08 18:49:58,112 - INFO - Starting Utility...
2025-05-08 18:49:58,112 - INFO - [UTILITY] Preparing datasets for machine learning...
2025-05-08 18:49:58,112 - INFO - [UTILITY] Original Data - Training Size: 336, Testing Size: 144
2025-05-08 18:49:58,113 - INFO - [UTILITY] Target class distribution (Original): {'Y': 232, 'N': 104}
2025-05-08 18:49:58,113 - INFO - [UTILITY] Processing anonymized dataset...
2025-05-08 18:49:58,113 - INFO - [UTILITY] Anonymized Data - Training Size: 336
2025-05-08 18:49:58,113 - INFO - [UTILITY] Target class distribution (Anonymous): {'Y': 232, 'N': 104}
2025-05-08 18:49:58,113 - INFO - [UTILITY] Processing hybrid dataset generated by CTGAN...
2025-05-08 18:49:58,114 - INFO - [UTILITY] Hybrid Data (CTGAN_HYBRID) - Training Size: 336
2025-05-08 18:49:58,114 - INFO - [UTILITY] Target class distribution (CTGAN_HYBRID): {'Y': 192, 'N': 144}
2025-05-08 18:49:58,114 - INFO - [UTILITY] Processing hybrid dataset generated by GaussianCopula...
2025-05-08 18:49:58,114 - INFO - [UTILITY] Hybrid Data (GaussianCopula_HYBRID) - Training Size: 336
2025-05-08 18:49:58,115 - INFO - [UTILITY] Target class distribution (GaussianCopula_HYBRID): {'Y': 226, 'N': 110}
2025-05-08 18:49:58,115 - INFO - [UTILITY] Processing hybrid dataset generated by TVAE...
2025-05-08 18:49:58,115 - INFO - [UTILITY] Hybrid Data (TVAE_HYBRID) - Training Size: 336
2025-05-08 18:49:58,115 - INFO - [UTILITY] Target class distribution (TVAE_HYBRID): {'Y': 335, 'N': 1}
2025-05-08 18:49:58,115 - INFO - [UTILITY] Training models on all datasets...
2025-05-08 18:49:58,115 - INFO - [UTILITY] Total datasets used for training: 5
2025-05-08 18:49:58,115 - INFO - [TRAINING] Training models from scratch...
2025-05-08 18:49:58,115 - INFO - [TRAINING] Starting training for dataset: Original — Rows: 336, Features: 18
2025-05-08 18:49:58,116 - INFO - [TRAINING] Training DecisionTree on Original...
2025-05-08 18:49:58,118 - INFO - [TRAINING] DecisionTree trained successfully on Original in 0.00 sec
2025-05-08 18:49:58,118 - INFO - [TRAINING] Training KNN on Original...
2025-05-08 18:49:58,119 - INFO - [TRAINING] KNN trained successfully on Original in 0.00 sec
2025-05-08 18:49:58,119 - INFO - [TRAINING] Training LogisticRegression on Original...
2025-05-08 18:49:58,123 - INFO - [TRAINING] LogisticRegression trained successfully on Original in 0.00 sec
2025-05-08 18:49:58,123 - INFO - [TRAINING] Training RandomForest on Original...
2025-05-08 18:49:58,216 - INFO - [TRAINING] RandomForest trained successfully on Original in 0.09 sec
2025-05-08 18:49:58,216 - INFO - [TRAINING] Training SVM on Original...
2025-05-08 18:49:58,220 - INFO - [TRAINING] SVM trained successfully on Original in 0.00 sec
2025-05-08 18:49:58,220 - INFO - [TRAINING] Finished training 5 model(s) for dataset: Original
2025-05-08 18:49:58,220 - INFO - [TRAINING] Starting training for dataset: Anonymous — Rows: 336, Features: 18
2025-05-08 18:49:58,220 - INFO - [TRAINING] Training DecisionTree on Anonymous...
2025-05-08 18:49:58,222 - INFO - [TRAINING] DecisionTree trained successfully on Anonymous in 0.00 sec
2025-05-08 18:49:58,222 - INFO - [TRAINING] Training KNN on Anonymous...
2025-05-08 18:49:58,223 - INFO - [TRAINING] KNN trained successfully on Anonymous in 0.00 sec
2025-05-08 18:49:58,224 - INFO - [TRAINING] Training LogisticRegression on Anonymous...
2025-05-08 18:49:58,227 - INFO - [TRAINING] LogisticRegression trained successfully on Anonymous in 0.00 sec
2025-05-08 18:49:58,227 - INFO - [TRAINING] Training RandomForest on Anonymous...
2025-05-08 18:49:58,335 - INFO - [TRAINING] RandomForest trained successfully on Anonymous in 0.11 sec
2025-05-08 18:49:58,335 - INFO - [TRAINING] Training SVM on Anonymous...
2025-05-08 18:49:58,339 - INFO - [TRAINING] SVM trained successfully on Anonymous in 0.00 sec
2025-05-08 18:49:58,339 - INFO - [TRAINING] Finished training 5 model(s) for dataset: Anonymous
2025-05-08 18:49:58,339 - INFO - [TRAINING] Starting training for dataset: CTGAN_HYBRID — Rows: 336, Features: 18
2025-05-08 18:49:58,339 - INFO - [TRAINING] Training DecisionTree on CTGAN_HYBRID...
2025-05-08 18:49:58,342 - INFO - [TRAINING] DecisionTree trained successfully on CTGAN_HYBRID in 0.00 sec
2025-05-08 18:49:58,342 - INFO - [TRAINING] Training KNN on CTGAN_HYBRID...
2025-05-08 18:49:58,343 - INFO - [TRAINING] KNN trained successfully on CTGAN_HYBRID in 0.00 sec
2025-05-08 18:49:58,343 - INFO - [TRAINING] Training LogisticRegression on CTGAN_HYBRID...
2025-05-08 18:49:58,346 - INFO - [TRAINING] LogisticRegression trained successfully on CTGAN_HYBRID in 0.00 sec
2025-05-08 18:49:58,346 - INFO - [TRAINING] Training RandomForest on CTGAN_HYBRID...
2025-05-08 18:49:58,437 - INFO - [TRAINING] RandomForest trained successfully on CTGAN_HYBRID in 0.09 sec
2025-05-08 18:49:58,437 - INFO - [TRAINING] Training SVM on CTGAN_HYBRID...
2025-05-08 18:49:58,441 - INFO - [TRAINING] SVM trained successfully on CTGAN_HYBRID in 0.00 sec
2025-05-08 18:49:58,441 - INFO - [TRAINING] Finished training 5 model(s) for dataset: CTGAN_HYBRID
2025-05-08 18:49:58,441 - INFO - [TRAINING] Starting training for dataset: GaussianCopula_HYBRID — Rows: 336, Features: 18
2025-05-08 18:49:58,441 - INFO - [TRAINING] Training DecisionTree on GaussianCopula_HYBRID...
2025-05-08 18:49:58,443 - INFO - [TRAINING] DecisionTree trained successfully on GaussianCopula_HYBRID in 0.00 sec
2025-05-08 18:49:58,443 - INFO - [TRAINING] Training KNN on GaussianCopula_HYBRID...
2025-05-08 18:49:58,444 - INFO - [TRAINING] KNN trained successfully on GaussianCopula_HYBRID in 0.00 sec
2025-05-08 18:49:58,444 - INFO - [TRAINING] Training LogisticRegression on GaussianCopula_HYBRID...
2025-05-08 18:49:58,448 - INFO - [TRAINING] LogisticRegression trained successfully on GaussianCopula_HYBRID in 0.00 sec
2025-05-08 18:49:58,449 - INFO - [TRAINING] Training RandomForest on GaussianCopula_HYBRID...
2025-05-08 18:49:58,543 - INFO - [TRAINING] RandomForest trained successfully on GaussianCopula_HYBRID in 0.09 sec
2025-05-08 18:49:58,543 - INFO - [TRAINING] Training SVM on GaussianCopula_HYBRID...
2025-05-08 18:49:58,549 - INFO - [TRAINING] SVM trained successfully on GaussianCopula_HYBRID in 0.01 sec
2025-05-08 18:49:58,549 - INFO - [TRAINING] Finished training 5 model(s) for dataset: GaussianCopula_HYBRID
2025-05-08 18:49:58,549 - INFO - [TRAINING] Starting training for dataset: TVAE_HYBRID — Rows: 336, Features: 18
2025-05-08 18:49:58,549 - INFO - [TRAINING] Training DecisionTree on TVAE_HYBRID...
2025-05-08 18:49:58,551 - INFO - [TRAINING] DecisionTree trained successfully on TVAE_HYBRID in 0.00 sec
2025-05-08 18:49:58,551 - INFO - [TRAINING] Training KNN on TVAE_HYBRID...
2025-05-08 18:49:58,552 - INFO - [TRAINING] KNN trained successfully on TVAE_HYBRID in 0.00 sec
2025-05-08 18:49:58,552 - INFO - [TRAINING] Training LogisticRegression on TVAE_HYBRID...
2025-05-08 18:49:58,611 - INFO - [TRAINING] LogisticRegression trained successfully on TVAE_HYBRID in 0.06 sec
2025-05-08 18:49:58,611 - INFO - [TRAINING] Training RandomForest on TVAE_HYBRID...
2025-05-08 18:49:58,731 - INFO - [TRAINING] RandomForest trained successfully on TVAE_HYBRID in 0.12 sec
2025-05-08 18:49:58,731 - INFO - [TRAINING] Training SVM on TVAE_HYBRID...
2025-05-08 18:49:58,733 - INFO - [TRAINING] SVM trained successfully on TVAE_HYBRID in 0.00 sec
2025-05-08 18:49:58,733 - INFO - [TRAINING] Finished training 5 model(s) for dataset: TVAE_HYBRID
2025-05-08 18:49:58,733 - INFO - [TRAINING] Total models trained across all datasets: 25
2025-05-08 18:49:58,734 - INFO - [UTILITY] Trained model names: ['Original', 'Anonymous', 'CTGAN_HYBRID', 'GaussianCopula_HYBRID', 'TVAE_HYBRID']
2025-05-08 18:49:58,734 - INFO - [UTILITY] Model Training Completed.
2025-05-08 18:49:58,734 - INFO - Starting the Evaluating of models...
2025-05-08 18:49:58,734 - INFO - Preparing evaluation for model 'DecisionTree' across all datasets...
2025-05-08 18:49:58,734 - INFO - Evaluating DecisionTree on Original...
2025-05-08 18:49:58,735 - INFO - Predictions completed for DecisionTree on Original
2025-05-08 18:49:58,736 - INFO - Prediction distribution for DecisionTree on Original: {'Y': 91, 'N': 53}
2025-05-08 18:49:58,748 - INFO - Computed 8 metric(s) for DecisionTree on Original
2025-05-08 18:49:58,748 - INFO - Evaluating DecisionTree on Anonymous...
2025-05-08 18:49:58,750 - INFO - Predictions completed for DecisionTree on Anonymous
2025-05-08 18:49:58,750 - INFO - Prediction distribution for DecisionTree on Anonymous: {'Y': 79, 'N': 65}
2025-05-08 18:49:58,764 - INFO - Computed 8 metric(s) for DecisionTree on Anonymous
2025-05-08 18:49:58,764 - INFO - Evaluating DecisionTree on CTGAN_HYBRID...
2025-05-08 18:49:58,765 - INFO - Predictions completed for DecisionTree on CTGAN_HYBRID
2025-05-08 18:49:58,766 - INFO - Prediction distribution for DecisionTree on CTGAN_HYBRID: {'Y': 77, 'N': 67}
2025-05-08 18:49:58,776 - INFO - Computed 8 metric(s) for DecisionTree on CTGAN_HYBRID
2025-05-08 18:49:58,777 - INFO - Evaluating DecisionTree on GaussianCopula_HYBRID...
2025-05-08 18:49:58,778 - INFO - Predictions completed for DecisionTree on GaussianCopula_HYBRID
2025-05-08 18:49:58,778 - INFO - Prediction distribution for DecisionTree on GaussianCopula_HYBRID: {'Y': 108, 'N': 36}
2025-05-08 18:49:58,790 - INFO - Computed 8 metric(s) for DecisionTree on GaussianCopula_HYBRID
2025-05-08 18:49:58,790 - INFO - Evaluating DecisionTree on TVAE_HYBRID...
2025-05-08 18:49:58,791 - INFO - Predictions completed for DecisionTree on TVAE_HYBRID
2025-05-08 18:49:58,792 - INFO - Prediction distribution for DecisionTree on TVAE_HYBRID: {'Y': 142, 'N': 2}
2025-05-08 18:49:58,806 - INFO - Computed 8 metric(s) for DecisionTree on TVAE_HYBRID
2025-05-08 18:49:58,806 - INFO - Preparing evaluation for model 'KNN' across all datasets...
2025-05-08 18:49:58,806 - INFO - Evaluating KNN on Original...
2025-05-08 18:49:58,820 - INFO - Predictions completed for KNN on Original
2025-05-08 18:49:58,820 - INFO - Prediction distribution for KNN on Original: {'Y': 115, 'N': 29}
2025-05-08 18:49:58,840 - INFO - Computed 8 metric(s) for KNN on Original
2025-05-08 18:49:58,840 - INFO - Evaluating KNN on Anonymous...
2025-05-08 18:49:58,857 - INFO - Predictions completed for KNN on Anonymous
2025-05-08 18:49:58,858 - INFO - Prediction distribution for KNN on Anonymous: {'Y': 114, 'N': 30}
2025-05-08 18:49:58,871 - INFO - Computed 8 metric(s) for KNN on Anonymous
2025-05-08 18:49:58,871 - INFO - Evaluating KNN on CTGAN_HYBRID...
2025-05-08 18:49:58,878 - INFO - Predictions completed for KNN on CTGAN_HYBRID
2025-05-08 18:49:58,878 - INFO - Prediction distribution for KNN on CTGAN_HYBRID: {'Y': 98, 'N': 46}
2025-05-08 18:49:58,892 - INFO - Computed 8 metric(s) for KNN on CTGAN_HYBRID
2025-05-08 18:49:58,893 - INFO - Evaluating KNN on GaussianCopula_HYBRID...
2025-05-08 18:49:58,900 - INFO - Predictions completed for KNN on GaussianCopula_HYBRID
2025-05-08 18:49:58,900 - INFO - Prediction distribution for KNN on GaussianCopula_HYBRID: {'Y': 106, 'N': 38}
2025-05-08 18:49:58,914 - INFO - Computed 8 metric(s) for KNN on GaussianCopula_HYBRID
2025-05-08 18:49:58,914 - INFO - Evaluating KNN on TVAE_HYBRID...
2025-05-08 18:49:58,920 - INFO - Predictions completed for KNN on TVAE_HYBRID
2025-05-08 18:49:58,920 - INFO - Prediction distribution for KNN on TVAE_HYBRID: {'Y': 144}
2025-05-08 18:49:58,920 - WARNING -  [WARNING] :KNN on TVAE_HYBRID predicted only one class: {'Y'}
2025-05-08 18:49:58,922 - WARNING - [UndefinedMetricWarning] Precision is ill-defined and being set to 0.0 in labels with no predicted samples. Use `zero_division` parameter to control this behavior. (from /mnt/NVMETank/Projects/Students/Dele/A-STUDY-INTO-THE-QUALITY-AND-USABILITY-OF-PRIVACY-FRIENDLY-SYNTHETIC-DATA/.venv/lib/python3.12/site-packages/sklearn/metrics/_classification.py:1565)
2025-05-08 18:49:58,924 - WARNING - [UndefinedMetricWarning] Precision is ill-defined and being set to 0.0 in labels with no predicted samples. Use `zero_division` parameter to control this behavior. (from /mnt/NVMETank/Projects/Students/Dele/A-STUDY-INTO-THE-QUALITY-AND-USABILITY-OF-PRIVACY-FRIENDLY-SYNTHETIC-DATA/.venv/lib/python3.12/site-packages/sklearn/metrics/_classification.py:1565)
2025-05-08 18:49:58,925 - WARNING - [UndefinedMetricWarning] Precision is ill-defined and being set to 0.0 in labels with no predicted samples. Use `zero_division` parameter to control this behavior. (from /mnt/NVMETank/Projects/Students/Dele/A-STUDY-INTO-THE-QUALITY-AND-USABILITY-OF-PRIVACY-FRIENDLY-SYNTHETIC-DATA/.venv/lib/python3.12/site-packages/sklearn/metrics/_classification.py:1565)
2025-05-08 18:49:59,059 - INFO - Computed 8 metric(s) for KNN on TVAE_HYBRID
2025-05-08 18:49:59,059 - INFO - Preparing evaluation for model 'LogisticRegression' across all datasets...
2025-05-08 18:49:59,059 - INFO - Evaluating LogisticRegression on Original...
2025-05-08 18:49:59,061 - INFO - Predictions completed for LogisticRegression on Original
2025-05-08 18:49:59,061 - INFO - Prediction distribution for LogisticRegression on Original: {'Y': 115, 'N': 29}
2025-05-08 18:49:59,071 - INFO - Computed 8 metric(s) for LogisticRegression on Original
2025-05-08 18:49:59,071 - INFO - Evaluating LogisticRegression on Anonymous...
2025-05-08 18:49:59,072 - INFO - Predictions completed for LogisticRegression on Anonymous
2025-05-08 18:49:59,072 - INFO - Prediction distribution for LogisticRegression on Anonymous: {'N': 79, 'Y': 65}
2025-05-08 18:49:59,081 - INFO - Computed 8 metric(s) for LogisticRegression on Anonymous
2025-05-08 18:49:59,081 - INFO - Evaluating LogisticRegression on CTGAN_HYBRID...
2025-05-08 18:49:59,083 - INFO - Predictions completed for LogisticRegression on CTGAN_HYBRID
2025-05-08 18:49:59,083 - INFO - Prediction distribution for LogisticRegression on CTGAN_HYBRID: {'Y': 130, 'N': 14}
2025-05-08 18:49:59,092 - INFO - Computed 8 metric(s) for LogisticRegression on CTGAN_HYBRID
2025-05-08 18:49:59,092 - INFO - Evaluating LogisticRegression on GaussianCopula_HYBRID...
2025-05-08 18:49:59,093 - INFO - Predictions completed for LogisticRegression on GaussianCopula_HYBRID
2025-05-08 18:49:59,093 - INFO - Prediction distribution for LogisticRegression on GaussianCopula_HYBRID: {'Y': 141, 'N': 3}
2025-05-08 18:49:59,102 - INFO - Computed 8 metric(s) for LogisticRegression on GaussianCopula_HYBRID
2025-05-08 18:49:59,102 - INFO - Evaluating LogisticRegression on TVAE_HYBRID...
2025-05-08 18:49:59,103 - INFO - Predictions completed for LogisticRegression on TVAE_HYBRID
2025-05-08 18:49:59,104 - INFO - Prediction distribution for LogisticRegression on TVAE_HYBRID: {'Y': 143, 'N': 1}
2025-05-08 18:49:59,113 - INFO - Computed 8 metric(s) for LogisticRegression on TVAE_HYBRID
2025-05-08 18:49:59,113 - INFO - Preparing evaluation for model 'RandomForest' across all datasets...
2025-05-08 18:49:59,113 - INFO - Evaluating RandomForest on Original...
2025-05-08 18:49:59,118 - INFO - Predictions completed for RandomForest on Original
2025-05-08 18:49:59,119 - INFO - Prediction distribution for RandomForest on Original: {'Y': 106, 'N': 38}
2025-05-08 18:49:59,141 - INFO - Computed 8 metric(s) for RandomForest on Original
2025-05-08 18:49:59,141 - INFO - Evaluating RandomForest on Anonymous...
2025-05-08 18:49:59,147 - INFO - Predictions completed for RandomForest on Anonymous
2025-05-08 18:49:59,147 - INFO - Prediction distribution for RandomForest on Anonymous: {'Y': 98, 'N': 46}
2025-05-08 18:49:59,173 - INFO - Computed 8 metric(s) for RandomForest on Anonymous
2025-05-08 18:49:59,173 - INFO - Evaluating RandomForest on CTGAN_HYBRID...
2025-05-08 18:49:59,179 - INFO - Predictions completed for RandomForest on CTGAN_HYBRID
2025-05-08 18:49:59,180 - INFO - Prediction distribution for RandomForest on CTGAN_HYBRID: {'Y': 77, 'N': 67}
2025-05-08 18:49:59,200 - INFO - Computed 8 metric(s) for RandomForest on CTGAN_HYBRID
2025-05-08 18:49:59,200 - INFO - Evaluating RandomForest on GaussianCopula_HYBRID...
2025-05-08 18:49:59,206 - INFO - Predictions completed for RandomForest on GaussianCopula_HYBRID
2025-05-08 18:49:59,207 - INFO - Prediction distribution for RandomForest on GaussianCopula_HYBRID: {'Y': 118, 'N': 26}
2025-05-08 18:49:59,226 - INFO - Computed 8 metric(s) for RandomForest on GaussianCopula_HYBRID
2025-05-08 18:49:59,226 - INFO - Evaluating RandomForest on TVAE_HYBRID...
2025-05-08 18:49:59,231 - INFO - Predictions completed for RandomForest on TVAE_HYBRID
2025-05-08 18:49:59,231 - INFO - Prediction distribution for RandomForest on TVAE_HYBRID: {'Y': 144}
2025-05-08 18:49:59,232 - WARNING -  [WARNING] :RandomForest on TVAE_HYBRID predicted only one class: {'Y'}
2025-05-08 18:49:59,233 - WARNING - [UndefinedMetricWarning] Precision is ill-defined and being set to 0.0 in labels with no predicted samples. Use `zero_division` parameter to control this behavior. (from /mnt/NVMETank/Projects/Students/Dele/A-STUDY-INTO-THE-QUALITY-AND-USABILITY-OF-PRIVACY-FRIENDLY-SYNTHETIC-DATA/.venv/lib/python3.12/site-packages/sklearn/metrics/_classification.py:1565)
2025-05-08 18:49:59,235 - WARNING - [UndefinedMetricWarning] Precision is ill-defined and being set to 0.0 in labels with no predicted samples. Use `zero_division` parameter to control this behavior. (from /mnt/NVMETank/Projects/Students/Dele/A-STUDY-INTO-THE-QUALITY-AND-USABILITY-OF-PRIVACY-FRIENDLY-SYNTHETIC-DATA/.venv/lib/python3.12/site-packages/sklearn/metrics/_classification.py:1565)
2025-05-08 18:49:59,236 - WARNING - [UndefinedMetricWarning] Precision is ill-defined and being set to 0.0 in labels with no predicted samples. Use `zero_division` parameter to control this behavior. (from /mnt/NVMETank/Projects/Students/Dele/A-STUDY-INTO-THE-QUALITY-AND-USABILITY-OF-PRIVACY-FRIENDLY-SYNTHETIC-DATA/.venv/lib/python3.12/site-packages/sklearn/metrics/_classification.py:1565)
2025-05-08 18:49:59,249 - INFO - Computed 8 metric(s) for RandomForest on TVAE_HYBRID
2025-05-08 18:49:59,249 - INFO - Preparing evaluation for model 'SVM' across all datasets...
2025-05-08 18:49:59,249 - INFO - Evaluating SVM on Original...
2025-05-08 18:49:59,251 - INFO - Predictions completed for SVM on Original
2025-05-08 18:49:59,251 - INFO - Prediction distribution for SVM on Original: {'Y': 144}
2025-05-08 18:49:59,252 - WARNING -  [WARNING] :SVM on Original predicted only one class: {'Y'}
2025-05-08 18:49:59,253 - WARNING - [UndefinedMetricWarning] Precision is ill-defined and being set to 0.0 in labels with no predicted samples. Use `zero_division` parameter to control this behavior. (from /mnt/NVMETank/Projects/Students/Dele/A-STUDY-INTO-THE-QUALITY-AND-USABILITY-OF-PRIVACY-FRIENDLY-SYNTHETIC-DATA/.venv/lib/python3.12/site-packages/sklearn/metrics/_classification.py:1565)
2025-05-08 18:49:59,255 - WARNING - [UndefinedMetricWarning] Precision is ill-defined and being set to 0.0 in labels with no predicted samples. Use `zero_division` parameter to control this behavior. (from /mnt/NVMETank/Projects/Students/Dele/A-STUDY-INTO-THE-QUALITY-AND-USABILITY-OF-PRIVACY-FRIENDLY-SYNTHETIC-DATA/.venv/lib/python3.12/site-packages/sklearn/metrics/_classification.py:1565)
2025-05-08 18:49:59,256 - WARNING - [UndefinedMetricWarning] Precision is ill-defined and being set to 0.0 in labels with no predicted samples. Use `zero_division` parameter to control this behavior. (from /mnt/NVMETank/Projects/Students/Dele/A-STUDY-INTO-THE-QUALITY-AND-USABILITY-OF-PRIVACY-FRIENDLY-SYNTHETIC-DATA/.venv/lib/python3.12/site-packages/sklearn/metrics/_classification.py:1565)
2025-05-08 18:49:59,258 - INFO - Computed 8 metric(s) for SVM on Original
2025-05-08 18:49:59,258 - INFO - Evaluating SVM on Anonymous...
2025-05-08 18:49:59,260 - INFO - Predictions completed for SVM on Anonymous
2025-05-08 18:49:59,260 - INFO - Prediction distribution for SVM on Anonymous: {'Y': 144}
2025-05-08 18:49:59,260 - WARNING -  [WARNING] :SVM on Anonymous predicted only one class: {'Y'}
2025-05-08 18:49:59,262 - WARNING - [UndefinedMetricWarning] Precision is ill-defined and being set to 0.0 in labels with no predicted samples. Use `zero_division` parameter to control this behavior. (from /mnt/NVMETank/Projects/Students/Dele/A-STUDY-INTO-THE-QUALITY-AND-USABILITY-OF-PRIVACY-FRIENDLY-SYNTHETIC-DATA/.venv/lib/python3.12/site-packages/sklearn/metrics/_classification.py:1565)
2025-05-08 18:49:59,263 - WARNING - [UndefinedMetricWarning] Precision is ill-defined and being set to 0.0 in labels with no predicted samples. Use `zero_division` parameter to control this behavior. (from /mnt/NVMETank/Projects/Students/Dele/A-STUDY-INTO-THE-QUALITY-AND-USABILITY-OF-PRIVACY-FRIENDLY-SYNTHETIC-DATA/.venv/lib/python3.12/site-packages/sklearn/metrics/_classification.py:1565)
2025-05-08 18:49:59,265 - WARNING - [UndefinedMetricWarning] Precision is ill-defined and being set to 0.0 in labels with no predicted samples. Use `zero_division` parameter to control this behavior. (from /mnt/NVMETank/Projects/Students/Dele/A-STUDY-INTO-THE-QUALITY-AND-USABILITY-OF-PRIVACY-FRIENDLY-SYNTHETIC-DATA/.venv/lib/python3.12/site-packages/sklearn/metrics/_classification.py:1565)
2025-05-08 18:49:59,267 - INFO - Computed 8 metric(s) for SVM on Anonymous
2025-05-08 18:49:59,267 - INFO - Evaluating SVM on CTGAN_HYBRID...
2025-05-08 18:49:59,270 - INFO - Predictions completed for SVM on CTGAN_HYBRID
2025-05-08 18:49:59,270 - INFO - Prediction distribution for SVM on CTGAN_HYBRID: {'Y': 141, 'N': 3}
2025-05-08 18:49:59,277 - INFO - Computed 8 metric(s) for SVM on CTGAN_HYBRID
2025-05-08 18:49:59,278 - INFO - Evaluating SVM on GaussianCopula_HYBRID...
2025-05-08 18:49:59,280 - INFO - Predictions completed for SVM on GaussianCopula_HYBRID
2025-05-08 18:49:59,281 - INFO - Prediction distribution for SVM on GaussianCopula_HYBRID: {'Y': 144}
2025-05-08 18:49:59,281 - WARNING -  [WARNING] :SVM on GaussianCopula_HYBRID predicted only one class: {'Y'}
2025-05-08 18:49:59,283 - WARNING - [UndefinedMetricWarning] Precision is ill-defined and being set to 0.0 in labels with no predicted samples. Use `zero_division` parameter to control this behavior. (from /mnt/NVMETank/Projects/Students/Dele/A-STUDY-INTO-THE-QUALITY-AND-USABILITY-OF-PRIVACY-FRIENDLY-SYNTHETIC-DATA/.venv/lib/python3.12/site-packages/sklearn/metrics/_classification.py:1565)
2025-05-08 18:49:59,284 - WARNING - [UndefinedMetricWarning] Precision is ill-defined and being set to 0.0 in labels with no predicted samples. Use `zero_division` parameter to control this behavior. (from /mnt/NVMETank/Projects/Students/Dele/A-STUDY-INTO-THE-QUALITY-AND-USABILITY-OF-PRIVACY-FRIENDLY-SYNTHETIC-DATA/.venv/lib/python3.12/site-packages/sklearn/metrics/_classification.py:1565)
2025-05-08 18:49:59,286 - WARNING - [UndefinedMetricWarning] Precision is ill-defined and being set to 0.0 in labels with no predicted samples. Use `zero_division` parameter to control this behavior. (from /mnt/NVMETank/Projects/Students/Dele/A-STUDY-INTO-THE-QUALITY-AND-USABILITY-OF-PRIVACY-FRIENDLY-SYNTHETIC-DATA/.venv/lib/python3.12/site-packages/sklearn/metrics/_classification.py:1565)
2025-05-08 18:49:59,288 - INFO - Computed 8 metric(s) for SVM on GaussianCopula_HYBRID
2025-05-08 18:49:59,288 - INFO - Evaluating SVM on TVAE_HYBRID...
2025-05-08 18:49:59,289 - INFO - Predictions completed for SVM on TVAE_HYBRID
2025-05-08 18:49:59,290 - INFO - Prediction distribution for SVM on TVAE_HYBRID: {'Y': 144}
2025-05-08 18:49:59,290 - WARNING -  [WARNING] :SVM on TVAE_HYBRID predicted only one class: {'Y'}
2025-05-08 18:49:59,292 - WARNING - [UndefinedMetricWarning] Precision is ill-defined and being set to 0.0 in labels with no predicted samples. Use `zero_division` parameter to control this behavior. (from /mnt/NVMETank/Projects/Students/Dele/A-STUDY-INTO-THE-QUALITY-AND-USABILITY-OF-PRIVACY-FRIENDLY-SYNTHETIC-DATA/.venv/lib/python3.12/site-packages/sklearn/metrics/_classification.py:1565)
2025-05-08 18:49:59,293 - WARNING - [UndefinedMetricWarning] Precision is ill-defined and being set to 0.0 in labels with no predicted samples. Use `zero_division` parameter to control this behavior. (from /mnt/NVMETank/Projects/Students/Dele/A-STUDY-INTO-THE-QUALITY-AND-USABILITY-OF-PRIVACY-FRIENDLY-SYNTHETIC-DATA/.venv/lib/python3.12/site-packages/sklearn/metrics/_classification.py:1565)
2025-05-08 18:49:59,295 - WARNING - [UndefinedMetricWarning] Precision is ill-defined and being set to 0.0 in labels with no predicted samples. Use `zero_division` parameter to control this behavior. (from /mnt/NVMETank/Projects/Students/Dele/A-STUDY-INTO-THE-QUALITY-AND-USABILITY-OF-PRIVACY-FRIENDLY-SYNTHETIC-DATA/.venv/lib/python3.12/site-packages/sklearn/metrics/_classification.py:1565)
2025-05-08 18:49:59,297 - INFO - Computed 8 metric(s) for SVM on TVAE_HYBRID
2025-05-08 18:49:59,303 - INFO - Evaluation completed for all models.
2025-05-08 18:49:59,303 - INFO - Model evaluation completed in 0.57 seconds.
2025-05-08 18:49:59,306 - INFO - Evaluated models: ['DecisionTree', 'KNN', 'LogisticRegression', 'RandomForest', 'SVM']
2025-05-08 18:49:59,306 - INFO - Model Training and Evaluation completed.
2025-05-08 18:49:59,916 - INFO -  Visualizations saved.
2025-05-08 18:49:59,916 - INFO -  Benchmarking Completed. Results saved in output folder.
