2025-04-17 22:22:05,123 - INFO - Loaded config file: configs/benchmark_config.yaml
2025-04-17 22:22:05,123 - INFO -  Benchmarking started for dataset: bankMarketing
2025-04-17 22:22:05,123 - INFO - Configuration loaded: enable_anonymization = True, enable_synthesis = False, enable_hybrid = False, enable_utility = True
2025-04-17 22:22:05,124 - INFO - Running preprocessing...
2025-04-17 22:22:05,559 - INFO - Saved encoder to: artifacts/bankMarketing_binary_encoder.pkl
2025-04-17 22:22:05,694 - INFO - Saved raw train set to: datasets/train/bankMarketing_train_raw.csv
2025-04-17 22:22:05,694 - INFO - Saved encoded train set to: datasets/cleaned/bankMarketing_cleaned.csv
2025-04-17 22:22:05,697 - INFO - Saved encoded test set to: datasets/test/bankMarketing_test_set.csv
2025-04-17 22:22:05,720 - INFO - Preprocessing completed. Rows before: 45211, after: 36168
2025-04-17 22:22:05,721 - INFO - enable_anonymization = True
2025-04-17 22:22:05,724 - INFO - Running Java Anonymization Program...........
2025-04-17 22:22:05,725 - INFO - Using JAR file at C:\Users\delea\OneDrive\Documents\Desktop\Master_Thesis\MasterThesisCode\src\anonymization\anonymARXij\bin\anonymARXij.jar to anonymize the dataset.
2025-04-17 22:22:07,405 - INFO - Anonimized file saved to : C:\Users\delea\OneDrive\Documents\Desktop\Master_Thesis\MasterThesisCode\datasets\anonymized\bankMarketing_k5_l2_sup10_anonymized.csv
2025-04-17 22:22:07,406 - INFO - Java anonymization completed successfully.
2025-04-17 22:22:07,406 - INFO - Anonymized data saved to: C:\Users\delea\OneDrive\Documents\Desktop\Master_Thesis\MasterThesisCode\datasets\anonymized\bankMarketing_k5_l2_sup10_anonymized.csv
2025-04-17 22:22:07,559 - INFO - Loaded anonymized data: (36168, 17)
2025-04-17 22:22:08,250 - INFO -  Binary Encoding applied to anonymized data. Encoded shape: (36168, 32)
2025-04-17 22:22:08,385 - INFO - Encoded anonymized dataset saved to: C:\Users\delea\OneDrive\Documents\Desktop\Master_Thesis\MasterThesisCode\datasets\anonymized\bankMarketing_k5_l2_sup10_anonymized_encoded.csv
2025-04-17 22:22:08,388 - INFO - enable_synthetic_generation = False
2025-04-17 22:22:08,388 - INFO - Synthetic Data Generation Skipped (Disabled in Configuration).
2025-04-17 22:22:08,388 - INFO - Hybrid pipeline skipped (disabled in configuration).
2025-04-17 22:22:08,389 - INFO - Preparing datasets for machine learning...
2025-04-17 22:22:08,392 - INFO - Original Data - Training Size: 36168, Testing Size: 9043
2025-04-17 22:22:08,394 - INFO - Processing anonymized dataset...
2025-04-17 22:22:08,399 - INFO - Anonymized Data - Training Size: 36168
2025-04-17 22:22:08,400 - INFO - Training models on all datasets...
2025-04-17 22:22:12,932 - WARNING - [ConvergenceWarning] lbfgs failed to converge (status=1):
STOP: TOTAL NO. of ITERATIONS REACHED LIMIT.

Increase the number of iterations (max_iter) or scale the data as shown in:
    https://scikit-learn.org/stable/modules/preprocessing.html
Please also refer to the documentation for alternative solver options:
    https://scikit-learn.org/stable/modules/linear_model.html#logistic-regression (from C:\Users\delea\AppData\Local\Programs\Python\Python312\Lib\site-packages\sklearn\linear_model\_logistic.py:465)
2025-04-17 22:22:25,323 - INFO - Model Training Completed.
2025-04-17 22:22:25,323 - INFO - Evaluating models...
2025-04-17 22:22:25,323 - INFO - Preparing evaluation for model 'LogisticRegression' across all datasets...
2025-04-17 22:22:25,324 - INFO - Evaluating LogisticRegression on Original...
2025-04-17 22:22:25,328 - INFO - Predictions completed for LogisticRegression on Original
2025-04-17 22:22:25,423 - INFO - Evaluating LogisticRegression on Anonymous...
2025-04-17 22:22:25,427 - INFO - Predictions completed for LogisticRegression on Anonymous
2025-04-17 22:22:25,550 - INFO - Preparing evaluation for model 'KNN' across all datasets...
2025-04-17 22:22:25,551 - INFO - Evaluating KNN on Original...
2025-04-17 22:22:31,100 - INFO - Predictions completed for KNN on Original
2025-04-17 22:22:31,197 - INFO - Evaluating KNN on Anonymous...
2025-04-17 22:22:36,329 - INFO - Predictions completed for KNN on Anonymous
2025-04-17 22:22:36,424 - INFO - Preparing evaluation for model 'RandomForest' across all datasets...
2025-04-17 22:22:36,425 - INFO - Evaluating RandomForest on Original...
2025-04-17 22:22:36,542 - INFO - Predictions completed for RandomForest on Original
2025-04-17 22:22:36,644 - INFO - Evaluating RandomForest on Anonymous...
2025-04-17 22:22:36,778 - INFO - Predictions completed for RandomForest on Anonymous
2025-04-17 22:22:36,869 - INFO - Preparing evaluation for model 'DecisionTree' across all datasets...
2025-04-17 22:22:36,870 - INFO - Evaluating DecisionTree on Original...
2025-04-17 22:22:36,875 - INFO - Predictions completed for DecisionTree on Original
2025-04-17 22:22:36,968 - INFO - Evaluating DecisionTree on Anonymous...
2025-04-17 22:22:36,974 - INFO - Predictions completed for DecisionTree on Anonymous
2025-04-17 22:22:37,072 - INFO - Evaluation completed for all models.
2025-04-17 22:22:37,075 - INFO - Model Training and Evaluation completed.
2025-04-17 22:22:37,590 - INFO -  Visualizations saved.
2025-04-17 22:22:37,590 - INFO -  Benchmarking Completed. Results saved in output folder.
2025-04-17 22:22:37,891 - INFO - Deleted anonymized dataset: C:\Users\delea\OneDrive\Documents\Desktop\Master_Thesis\MasterThesisCode\datasets\anonymized\bankMarketing_k5_l2_sup10_anonymized.csv
