2025-04-18 11:33:24,085 - INFO - Loaded config file: configs/benchmark_config.yaml
2025-04-18 11:33:24,085 - INFO -  Benchmarking started for dataset: loan
2025-04-18 11:33:24,086 - INFO - Using dataset path: c:\Users\delea\OneDrive\Documents\Desktop\Master_Thesis\MasterThesisCode\datasets\original\loan.csv
2025-04-18 11:33:24,086 - INFO - Target column: Loan_Status, separator: ','
2025-04-18 11:33:24,087 - INFO - Configuration loaded: enable_anonymization = False, enable_synthesis = True, enable_hybrid = False, enable_utility = True, delete_after_evaluation = True
2025-04-18 11:33:24,087 - INFO - Running preprocessing...
2025-04-18 11:33:24,097 - INFO -  [PREPROCESSING] Preprocessed files found. Skipping preprocessing.
2025-04-18 11:33:24,121 - INFO - Preprocessing completed. Rows before: 614, after: 384
2025-04-18 11:33:24,122 - INFO - Preprocessed data saved to: outputs\singular\loan_2025-04-18_11-33-24\preprocessing_report.txt
2025-04-18 11:33:24,122 - INFO - enable_anonymization = False
2025-04-18 11:33:24,123 - INFO - Anonymization Skipped (Disabled in Configuration).
2025-04-18 11:33:24,123 - INFO - enable_synthetic_generation = True
2025-04-18 11:33:24,123 - INFO - Starting standard Synthetic Data Generation pipeline...
2025-04-18 11:33:24,124 - INFO - Executing run_synthetic.....
2025-04-18 11:33:24,124 - INFO - [SYNTHETIC PIPELINE] executing run_synthetic for loan...
2025-04-18 11:33:24,125 - INFO - [SYNTHETIC] Processing dataset: loan
2025-04-18 11:33:24,125 - INFO - [SYNTHETIC] Original dataset size: 384 rows
2025-04-18 11:33:24,147 - INFO - Detected metadata:
2025-04-18 11:33:24,148 - INFO - {
    "METADATA_SPEC_VERSION": "SINGLE_TABLE_V1",
    "columns": {
        "Loan_ID_0": {
            "sdtype": "categorical"
        },
        "Loan_ID_1": {
            "sdtype": "categorical"
        },
        "Loan_ID_2": {
            "sdtype": "categorical"
        },
        "Loan_ID_3": {
            "sdtype": "categorical"
        },
        "Loan_ID_4": {
            "sdtype": "categorical"
        },
        "Loan_ID_5": {
            "sdtype": "categorical"
        },
        "Loan_ID_6": {
            "sdtype": "categorical"
        },
        "Loan_ID_7": {
            "sdtype": "categorical"
        },
        "Loan_ID_8": {
            "sdtype": "categorical"
        },
        "Gender_0": {
            "sdtype": "categorical"
        },
        "Gender_1": {
            "sdtype": "categorical"
        },
        "Married_0": {
            "sdtype": "categorical"
        },
        "Married_1": {
            "sdtype": "categorical"
        },
        "Dependents_0": {
            "sdtype": "categorical"
        },
        "Dependents_1": {
            "sdtype": "categorical"
        },
        "Dependents_2": {
            "sdtype": "categorical"
        },
        "Education_0": {
            "sdtype": "categorical"
        },
        "Education_1": {
            "sdtype": "categorical"
        },
        "Self_Employed_0": {
            "sdtype": "categorical"
        },
        "Self_Employed_1": {
            "sdtype": "categorical"
        },
        "ApplicantIncome": {
            "sdtype": "numerical"
        },
        "CoapplicantIncome": {
            "sdtype": "numerical"
        },
        "LoanAmount": {
            "sdtype": "numerical"
        },
        "Loan_Amount_Term": {
            "sdtype": "categorical"
        },
        "Credit_History": {
            "sdtype": "categorical"
        },
        "Property_Area_0": {
            "sdtype": "categorical"
        },
        "Property_Area_1": {
            "sdtype": "categorical"
        },
        "Loan_Status": {
            "sdtype": "categorical"
        }
    }
}
2025-04-18 11:33:24,149 - INFO - [SYNTHETIC] Training new CTGAN synthesizer...
2025-04-18 11:33:24,150 - WARNING - [UserWarning] We strongly recommend saving the metadata using 'save_to_json' for replicability in future SDV versions. (from C:\Users\delea\AppData\Local\Programs\Python\Python312\Lib\site-packages\sdv\single_table\base.py:97)
2025-04-18 11:33:24,160 - INFO - {'EVENT': 'Instance', 'TIMESTAMP': datetime.datetime(2025, 4, 18, 11, 33, 24, 160508), 'SYNTHESIZER CLASS NAME': 'CTGANSynthesizer', 'SYNTHESIZER ID': 'CTGANSynthesizer_1.16.1_950925ed91034b599ef8435d7b0aa64d'}
2025-04-18 11:33:24,161 - INFO - [SYNTHETIC] CTGAN initialized with epochs: 300
2025-04-18 11:33:24,161 - INFO - [SYNTHETIC] Training parameters for CTGAN: {}
2025-04-18 11:33:24,161 - INFO - [SYNTHETIC] fitting CTGAN 
2025-04-18 11:33:24,162 - INFO - {'EVENT': 'Fit', 'TIMESTAMP': datetime.datetime(2025, 4, 18, 11, 33, 24, 161499), 'SYNTHESIZER CLASS NAME': 'CTGANSynthesizer', 'SYNTHESIZER ID': 'CTGANSynthesizer_1.16.1_950925ed91034b599ef8435d7b0aa64d', 'TOTAL NUMBER OF TABLES': 1, 'TOTAL NUMBER OF ROWS': 384, 'TOTAL NUMBER OF COLUMNS': 28}
2025-04-18 11:33:24,165 - INFO - Fitting table  metadata
2025-04-18 11:33:24,167 - INFO - Fitting formatters for table 
2025-04-18 11:33:24,172 - INFO - Fitting constraints for table 
2025-04-18 11:33:24,172 - INFO - Setting the configuration for the ``HyperTransformer`` for table 
2025-04-18 11:33:24,175 - INFO - Fitting HyperTransformer for table 
2025-04-18 11:33:24,203 - INFO - {'EVENT': 'Fit processed data', 'TIMESTAMP': datetime.datetime(2025, 4, 18, 11, 33, 24, 203502), 'SYNTHESIZER CLASS NAME': 'CTGANSynthesizer', 'SYNTHESIZER ID': 'CTGANSynthesizer_1.16.1_950925ed91034b599ef8435d7b0aa64d', 'TOTAL NUMBER OF TABLES': 1, 'TOTAL NUMBER OF ROWS': 384, 'TOTAL NUMBER OF COLUMNS': 28}
2025-04-18 11:33:24,249 - INFO - Guidance: There are no missing values in column ApplicantIncome. Extra column not created.
2025-04-18 11:33:24,600 - INFO - Guidance: There are no missing values in column CoapplicantIncome. Extra column not created.
2025-04-18 11:33:24,751 - INFO - Guidance: There are no missing values in column LoanAmount. Extra column not created.
2025-04-18 11:34:50,981 - INFO - [SYNTHETIC] CONFIRMATION CTGAN actually trained with epochs = 300
2025-04-18 11:34:50,981 - INFO - [SYNTHETIC] CTGAN fitting complete.
2025-04-18 11:34:50,982 - INFO - {'EVENT': 'Save', 'TIMESTAMP': datetime.datetime(2025, 4, 18, 11, 34, 50, 981106), 'SYNTHESIZER CLASS NAME': 'CTGANSynthesizer', 'SYNTHESIZER ID': 'CTGANSynthesizer_1.16.1_950925ed91034b599ef8435d7b0aa64d'}
2025-04-18 11:34:51,050 - INFO - [SYNTHETIC] CTGAN trained and saved.
2025-04-18 11:34:51,051 - INFO - [SYNTHETIC] Training new TVAE synthesizer...
2025-04-18 11:34:51,059 - INFO - {'EVENT': 'Instance', 'TIMESTAMP': datetime.datetime(2025, 4, 18, 11, 34, 51, 59900), 'SYNTHESIZER CLASS NAME': 'TVAESynthesizer', 'SYNTHESIZER ID': 'TVAESynthesizer_1.16.1_ced871d6cb604853a46259756607989a'}
2025-04-18 11:34:51,060 - INFO - [SYNTHETIC] TVAE initialized with epochs: 300
2025-04-18 11:34:51,060 - INFO - [SYNTHETIC] Training parameters for TVAE: {}
2025-04-18 11:34:51,061 - INFO - [SYNTHETIC] fitting TVAE 
2025-04-18 11:34:51,061 - INFO - {'EVENT': 'Fit', 'TIMESTAMP': datetime.datetime(2025, 4, 18, 11, 34, 51, 61900), 'SYNTHESIZER CLASS NAME': 'TVAESynthesizer', 'SYNTHESIZER ID': 'TVAESynthesizer_1.16.1_ced871d6cb604853a46259756607989a', 'TOTAL NUMBER OF TABLES': 1, 'TOTAL NUMBER OF ROWS': 384, 'TOTAL NUMBER OF COLUMNS': 28}
2025-04-18 11:34:51,064 - INFO - Fitting table  metadata
2025-04-18 11:34:51,066 - INFO - Fitting formatters for table 
2025-04-18 11:34:51,073 - INFO - Fitting constraints for table 
2025-04-18 11:34:51,074 - INFO - Setting the configuration for the ``HyperTransformer`` for table 
2025-04-18 11:34:51,077 - INFO - Fitting HyperTransformer for table 
2025-04-18 11:34:51,123 - INFO - {'EVENT': 'Fit processed data', 'TIMESTAMP': datetime.datetime(2025, 4, 18, 11, 34, 51, 123420), 'SYNTHESIZER CLASS NAME': 'TVAESynthesizer', 'SYNTHESIZER ID': 'TVAESynthesizer_1.16.1_ced871d6cb604853a46259756607989a', 'TOTAL NUMBER OF TABLES': 1, 'TOTAL NUMBER OF ROWS': 384, 'TOTAL NUMBER OF COLUMNS': 28}
2025-04-18 11:34:51,189 - INFO - Guidance: There are no missing values in column ApplicantIncome. Extra column not created.
2025-04-18 11:34:51,378 - INFO - Guidance: There are no missing values in column CoapplicantIncome. Extra column not created.
2025-04-18 11:34:51,474 - INFO - Guidance: There are no missing values in column LoanAmount. Extra column not created.
2025-04-18 11:35:05,702 - INFO - [SYNTHETIC] CONFIRMATION TVAE actually trained with epochs = 300
2025-04-18 11:35:05,702 - INFO - [SYNTHETIC] TVAE fitting complete.
2025-04-18 11:35:05,702 - INFO - {'EVENT': 'Save', 'TIMESTAMP': datetime.datetime(2025, 4, 18, 11, 35, 5, 702711), 'SYNTHESIZER CLASS NAME': 'TVAESynthesizer', 'SYNTHESIZER ID': 'TVAESynthesizer_1.16.1_ced871d6cb604853a46259756607989a'}
2025-04-18 11:35:05,729 - INFO - [SYNTHETIC] TVAE trained and saved.
2025-04-18 11:35:05,731 - INFO - [SYNTHETIC] Using CTGAN to generate 384 rows...
2025-04-18 11:35:06,039 - INFO - {'EVENT': 'Sample', 'TIMESTAMP': datetime.datetime(2025, 4, 18, 11, 35, 5, 731710), 'SYNTHESIZER CLASS NAME': 'CTGANSynthesizer', 'SYNTHESIZER ID': 'CTGANSynthesizer_1.16.1_950925ed91034b599ef8435d7b0aa64d', 'TOTAL NUMBER OF TABLES': 1, 'TOTAL NUMBER OF ROWS': 384, 'TOTAL NUMBER OF COLUMNS': 28}
2025-04-18 11:35:06,040 - INFO - [SYNTHETIC] CTGAN completed: 384 rows generated.
2025-04-18 11:35:06,041 - INFO - [SYNTHETIC] Using TVAE to generate 384 rows...
2025-04-18 11:35:06,230 - INFO - {'EVENT': 'Sample', 'TIMESTAMP': datetime.datetime(2025, 4, 18, 11, 35, 6, 41329), 'SYNTHESIZER CLASS NAME': 'TVAESynthesizer', 'SYNTHESIZER ID': 'TVAESynthesizer_1.16.1_ced871d6cb604853a46259756607989a', 'TOTAL NUMBER OF TABLES': 1, 'TOTAL NUMBER OF ROWS': 384, 'TOTAL NUMBER OF COLUMNS': 28}
2025-04-18 11:35:06,231 - INFO - [SYNTHETIC] TVAE completed: 384 rows generated.
2025-04-18 11:35:06,233 - INFO - [SYNTHETIC PIPELINE] Synthetic Data Generation Completed.
2025-04-18 11:35:06,233 - INFO - [SYNTHETIC PIPELINE] Synthesizers used: ['CTGAN', 'TVAE']
2025-04-18 11:35:18,300 - INFO -  [SYNTHETIC PIPELINE]  Synthetic Data Evaluation Completed.
2025-04-18 11:35:18,314 - INFO -  [SYNTHETIC PIPELINE] Synthetic Data Report Generated Successfully.
2025-04-18 11:35:18,602 - INFO - Synthetic data generated with 2 synthesizer(s).
2025-04-18 11:35:18,603 - INFO - Hybrid pipeline skipped (disabled in configuration).
2025-04-18 11:35:18,604 - INFO - Preparing datasets for machine learning...
2025-04-18 11:35:18,606 - INFO - Original Data - Training Size: 384, Testing Size: 96
2025-04-18 11:35:18,607 - INFO - Processing synthetic dataset generated by CTGAN...
2025-04-18 11:35:18,610 - INFO - Synthetic Data (CTGAN) - Training Size: 384
2025-04-18 11:35:18,610 - INFO - Processing synthetic dataset generated by TVAE...
2025-04-18 11:35:18,612 - INFO - Synthetic Data (TVAE) - Training Size: 384
2025-04-18 11:35:18,612 - INFO - Training models on all datasets...
2025-04-18 11:35:19,652 - INFO - Model Training Completed.
2025-04-18 11:35:19,653 - INFO - Evaluating models...
2025-04-18 11:35:19,653 - INFO - Preparing evaluation for model 'LogisticRegression' across all datasets...
2025-04-18 11:35:19,654 - INFO - Evaluating LogisticRegression on Original...
2025-04-18 11:35:19,660 - INFO - Predictions completed for LogisticRegression on Original
2025-04-18 11:35:19,681 - INFO - Evaluating LogisticRegression on CTGAN...
2025-04-18 11:35:19,685 - INFO - Predictions completed for LogisticRegression on CTGAN
2025-04-18 11:35:19,705 - INFO - Evaluating LogisticRegression on TVAE...
2025-04-18 11:35:19,708 - INFO - Predictions completed for LogisticRegression on TVAE
2025-04-18 11:35:19,730 - INFO - Preparing evaluation for model 'KNN' across all datasets...
2025-04-18 11:35:19,732 - INFO - Evaluating KNN on Original...
2025-04-18 11:35:19,763 - INFO - Predictions completed for KNN on Original
2025-04-18 11:35:19,810 - INFO - Evaluating KNN on CTGAN...
2025-04-18 11:35:19,840 - INFO - Predictions completed for KNN on CTGAN
2025-04-18 11:35:19,906 - INFO - Evaluating KNN on TVAE...
2025-04-18 11:35:19,934 - INFO - Predictions completed for KNN on TVAE
2025-04-18 11:35:19,934 - WARNING -  [WARNING] :KNN on TVAE predicted only one class: {'Y'}
2025-04-18 11:35:19,942 - WARNING - [UndefinedMetricWarning] Precision is ill-defined and being set to 0.0 in labels with no predicted samples. Use `zero_division` parameter to control this behavior. (from C:\Users\delea\AppData\Local\Programs\Python\Python312\Lib\site-packages\sklearn\metrics\_classification.py:1565)
2025-04-18 11:35:19,947 - WARNING - [UndefinedMetricWarning] Precision is ill-defined and being set to 0.0 in labels with no predicted samples. Use `zero_division` parameter to control this behavior. (from C:\Users\delea\AppData\Local\Programs\Python\Python312\Lib\site-packages\sklearn\metrics\_classification.py:1565)
2025-04-18 11:35:19,953 - WARNING - [UndefinedMetricWarning] Precision is ill-defined and being set to 0.0 in labels with no predicted samples. Use `zero_division` parameter to control this behavior. (from C:\Users\delea\AppData\Local\Programs\Python\Python312\Lib\site-packages\sklearn\metrics\_classification.py:1565)
2025-04-18 11:35:20,003 - INFO - Preparing evaluation for model 'RandomForest' across all datasets...
2025-04-18 11:35:20,004 - INFO - Evaluating RandomForest on Original...
2025-04-18 11:35:20,019 - INFO - Predictions completed for RandomForest on Original
2025-04-18 11:35:20,067 - INFO - Evaluating RandomForest on CTGAN...
2025-04-18 11:35:20,085 - INFO - Predictions completed for RandomForest on CTGAN
2025-04-18 11:35:20,150 - INFO - Evaluating RandomForest on TVAE...
2025-04-18 11:35:20,172 - INFO - Predictions completed for RandomForest on TVAE
2025-04-18 11:35:20,233 - INFO - Preparing evaluation for model 'DecisionTree' across all datasets...
2025-04-18 11:35:20,234 - INFO - Evaluating DecisionTree on Original...
2025-04-18 11:35:20,238 - INFO - Predictions completed for DecisionTree on Original
2025-04-18 11:35:20,280 - INFO - Evaluating DecisionTree on CTGAN...
2025-04-18 11:35:20,285 - INFO - Predictions completed for DecisionTree on CTGAN
2025-04-18 11:35:20,311 - INFO - Evaluating DecisionTree on TVAE...
2025-04-18 11:35:20,316 - INFO - Predictions completed for DecisionTree on TVAE
2025-04-18 11:35:20,346 - INFO - Preparing evaluation for model 'SVM' across all datasets...
2025-04-18 11:35:20,347 - INFO - Evaluating SVM on Original...
2025-04-18 11:35:20,356 - INFO - Predictions completed for SVM on Original
2025-04-18 11:35:20,357 - WARNING -  [WARNING] :SVM on Original predicted only one class: {'Y'}
2025-04-18 11:35:20,363 - WARNING - [UndefinedMetricWarning] Precision is ill-defined and being set to 0.0 in labels with no predicted samples. Use `zero_division` parameter to control this behavior. (from C:\Users\delea\AppData\Local\Programs\Python\Python312\Lib\site-packages\sklearn\metrics\_classification.py:1565)
2025-04-18 11:35:20,368 - WARNING - [UndefinedMetricWarning] Precision is ill-defined and being set to 0.0 in labels with no predicted samples. Use `zero_division` parameter to control this behavior. (from C:\Users\delea\AppData\Local\Programs\Python\Python312\Lib\site-packages\sklearn\metrics\_classification.py:1565)
2025-04-18 11:35:20,373 - WARNING - [UndefinedMetricWarning] Precision is ill-defined and being set to 0.0 in labels with no predicted samples. Use `zero_division` parameter to control this behavior. (from C:\Users\delea\AppData\Local\Programs\Python\Python312\Lib\site-packages\sklearn\metrics\_classification.py:1565)
2025-04-18 11:35:20,378 - INFO - Evaluating SVM on CTGAN...
2025-04-18 11:35:20,384 - INFO - Predictions completed for SVM on CTGAN
2025-04-18 11:35:20,400 - INFO - Evaluating SVM on TVAE...
2025-04-18 11:35:20,406 - INFO - Predictions completed for SVM on TVAE
2025-04-18 11:35:20,436 - INFO - Evaluation completed for all models.
2025-04-18 11:35:20,453 - INFO - Model Training and Evaluation completed.
2025-04-18 11:35:22,259 - INFO -  Visualizations saved.
2025-04-18 11:35:22,259 - INFO -  Benchmarking Completed. Results saved in output folder.
