2025-05-08 18:59:54,798 - INFO - Loaded config file: configs/generated_configs/loan/loan_anon_k2_sl0p05_l10.yaml
2025-05-08 18:59:54,798 - INFO -  Benchmarking started for dataset: loan
2025-05-08 18:59:54,798 - INFO - Using dataset path: /mnt/NVMETank/Projects/Students/Dele/A-STUDY-INTO-THE-QUALITY-AND-USABILITY-OF-PRIVACY-FRIENDLY-SYNTHETIC-DATA/datasets/original/loan.csv
2025-05-08 18:59:54,798 - INFO - Target column: Loan_Status, separator: ','
2025-05-08 18:59:54,798 - INFO - Configuration loaded: enable_anonymization = True, enable_synthesis = False, enable_hybrid = True, enable_utility = True, delete_after_evaluation = False
2025-05-08 18:59:54,798 - INFO - Running preprocessing...
2025-05-08 18:59:54,803 - INFO -  [PREPROCESSING] Preprocessed files found. Skipping preprocessing.
2025-05-08 18:59:54,811 - INFO - Preprocessing completed. Rows before: 614, after: 336
2025-05-08 18:59:54,811 - INFO - Preprocessed data saved to: outputs/batch/loan_batch_2025-05-08_18-38-44/loan_anon_k2_sl0p05_l10/preprocessing_report.txt
2025-05-08 18:59:54,811 - INFO - enable_anonymization = True
2025-05-08 18:59:54,811 - INFO - Starting Anonymization Pipeline with output path: /mnt/NVMETank/Projects/Students/Dele/A-STUDY-INTO-THE-QUALITY-AND-USABILITY-OF-PRIVACY-FRIENDLY-SYNTHETIC-DATA/datasets/anonymized/loan_k2_l10_sup05_anonymized.csv.......
2025-05-08 18:59:54,816 - INFO -  [ANONYMIZATION] Executing run_anonymization, config_path : configs/generated_configs/loan/loan_anon_k2_sl0p05_l10.yaml...........
2025-05-08 18:59:54,816 - INFO -  [ANONYMIZATION] Using JAR file at /mnt/NVMETank/Projects/Students/Dele/A-STUDY-INTO-THE-QUALITY-AND-USABILITY-OF-PRIVACY-FRIENDLY-SYNTHETIC-DATA/src/anonymization/anonymARXij/bin/anonymARXij.jar to anonymize the dataset.
2025-05-08 18:59:56,158 - INFO -  [ANONYMIZATION] Anonimized file saved to : /mnt/NVMETank/Projects/Students/Dele/A-STUDY-INTO-THE-QUALITY-AND-USABILITY-OF-PRIVACY-FRIENDLY-SYNTHETIC-DATA/datasets/anonymized/loan_k2_l10_sup05_anonymized.csv
2025-05-08 18:59:56,158 - INFO -  [ANONYMIZATION] Java anonymization completed successfully.
2025-05-08 18:59:56,158 - INFO -  [ANONYMIZATION] Java STDOUT:
📄 Java received config path: /mnt/NVMETank/Projects/Students/Dele/A-STUDY-INTO-THE-QUALITY-AND-USABILITY-OF-PRIVACY-FRIENDLY-SYNTHETIC-DATA/configs/generated_configs/loan/loan_anon_k2_sl0p05_l10.yaml
🔹 Loading config from: /mnt/NVMETank/Projects/Students/Dele/A-STUDY-INTO-THE-QUALITY-AND-USABILITY-OF-PRIVACY-FRIENDLY-SYNTHETIC-DATA/configs/generated_configs/loan/loan_anon_k2_sl0p05_l10.yaml
Loading config from: /mnt/NVMETank/Projects/Students/Dele/A-STUDY-INTO-THE-QUALITY-AND-USABILITY-OF-PRIVACY-FRIENDLY-SYNTHETIC-DATA/configs/generated_configs/loan/loan_anon_k2_sl0p05_l10.yaml
📂 Dataset Path (from args): /mnt/NVMETank/Projects/Students/Dele/A-STUDY-INTO-THE-QUALITY-AND-USABILITY-OF-PRIVACY-FRIENDLY-SYNTHETIC-DATA/datasets/train/loan_train_raw.csv
🔹 Dataset Separator: ,
🔹 Suppression Limit: 0.05

🔹 Configured Attributes:
  ✅ Quasi-Identifier: Gender
  ✅ Quasi-Identifier: Married
  ✅ Quasi-Identifier: Education
  ✅ Quasi-Identifier: Dependents
  ✅ Quasi-Identifier: Self_Employed
  ✅ Quasi-Identifier: Property_Area
  ✅ Quasi-Identifier: Credit_History
  ✅ Quasi-Identifier: Loan_Amount_Term
  ✅ Sensitive Attribute: LoanAmount
  ✅ Insensitive Attribute: Loan_Status
  ✅ Insensitive Attribute: ApplicantIncome
  ✅ Insensitive Attribute: CoapplicantIncome

🔹 Defined Hierarchies:
  ✅ Property_Area -> /mnt/NVMETank/Projects/Students/Dele/A-STUDY-INTO-THE-QUALITY-AND-USABILITY-OF-PRIVACY-FRIENDLY-SYNTHETIC-DATA/src/anonymization/anonymARXij/src/hierarchies_loan/property_area.csv
  ✅ Self_Employed -> /mnt/NVMETank/Projects/Students/Dele/A-STUDY-INTO-THE-QUALITY-AND-USABILITY-OF-PRIVACY-FRIENDLY-SYNTHETIC-DATA/src/anonymization/anonymARXij/src/hierarchies_loan/self_employed.csv
  ✅ Credit_History -> /mnt/NVMETank/Projects/Students/Dele/A-STUDY-INTO-THE-QUALITY-AND-USABILITY-OF-PRIVACY-FRIENDLY-SYNTHETIC-DATA/src/anonymization/anonymARXij/src/hierarchies_loan/credit_history.csv
  ✅ Dependents -> /mnt/NVMETank/Projects/Students/Dele/A-STUDY-INTO-THE-QUALITY-AND-USABILITY-OF-PRIVACY-FRIENDLY-SYNTHETIC-DATA/src/anonymization/anonymARXij/src/hierarchies_loan/dependents.csv
  ✅ Education -> /mnt/NVMETank/Projects/Students/Dele/A-STUDY-INTO-THE-QUALITY-AND-USABILITY-OF-PRIVACY-FRIENDLY-SYNTHETIC-DATA/src/anonymization/anonymARXij/src/hierarchies_loan/education.csv
  ✅ Loan_Amount_Term -> /mnt/NVMETank/Projects/Students/Dele/A-STUDY-INTO-THE-QUALITY-AND-USABILITY-OF-PRIVACY-FRIENDLY-SYNTHETIC-DATA/src/anonymization/anonymARXij/src/hierarchies_loan/loan_amount_terms.csv
  ✅ Married -> /mnt/NVMETank/Projects/Students/Dele/A-STUDY-INTO-THE-QUALITY-AND-USABILITY-OF-PRIVACY-FRIENDLY-SYNTHETIC-DATA/src/anonymization/anonymARXij/src/hierarchies_loan/married.csv
  ✅ Gender -> /mnt/NVMETank/Projects/Students/Dele/A-STUDY-INTO-THE-QUALITY-AND-USABILITY-OF-PRIVACY-FRIENDLY-SYNTHETIC-DATA/src/anonymization/anonymARXij/src/hierarchies_loan/gender.csv
Java is searching for hierarchy file at: /mnt/NVMETank/Projects/Students/Dele/A-STUDY-INTO-THE-QUALITY-AND-USABILITY-OF-PRIVACY-FRIENDLY-SYNTHETIC-DATA/src/anonymization/anonymARXij/src/hierarchies_loan/property_area.csv
Java is searching for hierarchy file at: /mnt/NVMETank/Projects/Students/Dele/A-STUDY-INTO-THE-QUALITY-AND-USABILITY-OF-PRIVACY-FRIENDLY-SYNTHETIC-DATA/src/anonymization/anonymARXij/src/hierarchies_loan/self_employed.csv
Java is searching for hierarchy file at: /mnt/NVMETank/Projects/Students/Dele/A-STUDY-INTO-THE-QUALITY-AND-USABILITY-OF-PRIVACY-FRIENDLY-SYNTHETIC-DATA/src/anonymization/anonymARXij/src/hierarchies_loan/credit_history.csv
Java is searching for hierarchy file at: /mnt/NVMETank/Projects/Students/Dele/A-STUDY-INTO-THE-QUALITY-AND-USABILITY-OF-PRIVACY-FRIENDLY-SYNTHETIC-DATA/src/anonymization/anonymARXij/src/hierarchies_loan/dependents.csv
Java is searching for hierarchy file at: /mnt/NVMETank/Projects/Students/Dele/A-STUDY-INTO-THE-QUALITY-AND-USABILITY-OF-PRIVACY-FRIENDLY-SYNTHETIC-DATA/src/anonymization/anonymARXij/src/hierarchies_loan/education.csv
Java is searching for hierarchy file at: /mnt/NVMETank/Projects/Students/Dele/A-STUDY-INTO-THE-QUALITY-AND-USABILITY-OF-PRIVACY-FRIENDLY-SYNTHETIC-DATA/src/anonymization/anonymARXij/src/hierarchies_loan/loan_amount_terms.csv
Java is searching for hierarchy file at: /mnt/NVMETank/Projects/Students/Dele/A-STUDY-INTO-THE-QUALITY-AND-USABILITY-OF-PRIVACY-FRIENDLY-SYNTHETIC-DATA/src/anonymization/anonymARXij/src/hierarchies_loan/married.csv
Java is searching for hierarchy file at: /mnt/NVMETank/Projects/Students/Dele/A-STUDY-INTO-THE-QUALITY-AND-USABILITY-OF-PRIVACY-FRIENDLY-SYNTHETIC-DATA/src/anonymization/anonymARXij/src/hierarchies_loan/gender.csv
✓ Applied Entropy L-Diversity on: LoanAmount (l=10)
🔹 Privacy Models Configured
📂 Anonymized Output Path (from args): /mnt/NVMETank/Projects/Students/Dele/A-STUDY-INTO-THE-QUALITY-AND-USABILITY-OF-PRIVACY-FRIENDLY-SYNTHETIC-DATA/datasets/anonymized/loan_k2_l10_sup05_anonymized.csv
📂 Anonymized Output Path: /mnt/NVMETank/Projects/Students/Dele/A-STUDY-INTO-THE-QUALITY-AND-USABILITY-OF-PRIVACY-FRIENDLY-SYNTHETIC-DATA/datasets/anonymized/loan_k2_l10_sup05_anonymized.csv
✅ Anonymization completed. Output saved to: /mnt/NVMETank/Projects/Students/Dele/A-STUDY-INTO-THE-QUALITY-AND-USABILITY-OF-PRIVACY-FRIENDLY-SYNTHETIC-DATA/datasets/anonymized/loan_k2_l10_sup05_anonymized.csv
Anonymized Data Quality Metrics:
 - Ambiguity: 0.9213189407994603
 - AECS: 0.8996136424193978
 - Discernibility: 0.8015739636416206
 - Granularity: 0.39422788042661894
 - MSE: 0.07517281105990781
 - Non-Uniform Entropy: 0.37217999159487636
 - Precision: 0.42057291666666663
 - Record-level SE: 0.1763408224248848
Equivalence Class Statistics:
 - Number of Classes: 9
 - Average Class Size: 35.888888888888886
Suppression Statistics:
 - Suppressed Records: 13
 - Suppression Percentage: 3.87%
2025-05-08 18:59:56,158 - INFO - Anonymized data saved to: /mnt/NVMETank/Projects/Students/Dele/A-STUDY-INTO-THE-QUALITY-AND-USABILITY-OF-PRIVACY-FRIENDLY-SYNTHETIC-DATA/datasets/anonymized/loan_k2_l10_sup05_anonymized.csv
2025-05-08 18:59:56,167 - INFO - Anonymous data report saved at: outputs/batch/loan_batch_2025-05-08_18-38-44/loan_anon_k2_sl0p05_l10/anonymous_data_report.txt
2025-05-08 18:59:56,167 - INFO -  [POSTPROCESSING] Postprocessing anonymized data: /mnt/NVMETank/Projects/Students/Dele/A-STUDY-INTO-THE-QUALITY-AND-USABILITY-OF-PRIVACY-FRIENDLY-SYNTHETIC-DATA/datasets/anonymized/loan_k2_l10_sup05_anonymized.csv
2025-05-08 18:59:56,168 - INFO -  [POSTPROCESSING] Loaded anonymized data: (336, 12)
2025-05-08 18:59:56,172 - INFO -  [POSTPROCESSING] Loaded fallback maps from training data. Categorical cols: 7, Numeric cols: 5
2025-05-08 18:59:56,173 - INFO -  [POSTPROCESSING] Normalizing anonymized data using ARX artifact cleaning and fallback values.
2025-05-08 18:59:56,186 - INFO -  [POSTPROCESSING] Normalized anonymized data saved to: /mnt/NVMETank/Projects/Students/Dele/A-STUDY-INTO-THE-QUALITY-AND-USABILITY-OF-PRIVACY-FRIENDLY-SYNTHETIC-DATA/datasets/anonymized/loan_k2_l10_sup05_anonymized_processed.csv
2025-05-08 18:59:56,194 - INFO -  [POSTPROCESSING] Binary Encoding applied to anonymized data. Encoded shape: (336, 19)
2025-05-08 18:59:56,195 - INFO -  [POSTPROCESSING] Encoded anonymized dataset saved to: /mnt/NVMETank/Projects/Students/Dele/A-STUDY-INTO-THE-QUALITY-AND-USABILITY-OF-PRIVACY-FRIENDLY-SYNTHETIC-DATA/datasets/anonymized/loan_k2_l10_sup05_anonymized_encoded.csv
2025-05-08 18:59:56,195 - INFO -  [POSTPROCESSING] Encoding map generated for anonymized data: 0 original categorical columns.
2025-05-08 18:59:56,196 - INFO - Postprocessing report saved at: outputs/batch/loan_batch_2025-05-08_18-38-44/loan_anon_k2_sl0p05_l10/postprocessing_report.txt
2025-05-08 18:59:56,196 - INFO - enable_synthetic_generation = False
2025-05-08 18:59:56,196 - INFO - Synthetic Data Generation Skipped (Disabled in Configuration).
2025-05-08 18:59:56,196 - INFO - Running Hybrid Pipeline...
2025-05-08 18:59:56,196 - INFO -  [HYBRID] Executing run_hybrid...
2025-05-08 18:59:56,196 - INFO -  [HYBRID] Looking for encoded anonymized data in /mnt/NVMETank/Projects/Students/Dele/A-STUDY-INTO-THE-QUALITY-AND-USABILITY-OF-PRIVACY-FRIENDLY-SYNTHETIC-DATA/datasets/anonymized/loan_k2_l10_sup05_anonymized_encoded.csv
2025-05-08 18:59:56,196 - INFO -  [HYBRID ] Loaded cached encoded anonymous data from /mnt/NVMETank/Projects/Students/Dele/A-STUDY-INTO-THE-QUALITY-AND-USABILITY-OF-PRIVACY-FRIENDLY-SYNTHETIC-DATA/datasets/anonymized/loan_k2_l10_sup05_anonymized_encoded.csv
2025-05-08 18:59:56,197 - INFO -  [HYBRID] Starting synthetic generation for hybrid pipeline...
2025-05-08 18:59:56,197 - INFO - Executing run_synthetic.....
2025-05-08 18:59:56,197 - INFO - [SYNTHETIC PIPELINE] executing run_synthetic for loan_k2_l10_sup05...
2025-05-08 18:59:56,198 - INFO - [SYNTHETIC] Processing dataset: loan_k2_l10_sup05
2025-05-08 18:59:56,198 - INFO - [SYNTHETIC] Original dataset size: 336 rows
2025-05-08 18:59:56,210 - INFO - Detected metadata:
2025-05-08 18:59:56,210 - INFO - {
    "METADATA_SPEC_VERSION": "SINGLE_TABLE_V1",
    "columns": {
        "Gender_0": {
            "sdtype": "categorical"
        },
        "Gender_1": {
            "sdtype": "categorical"
        },
        "Married_0": {
            "sdtype": "categorical"
        },
        "Married_1": {
            "sdtype": "categorical"
        },
        "Dependents_0": {
            "sdtype": "categorical"
        },
        "Dependents_1": {
            "sdtype": "categorical"
        },
        "Dependents_2": {
            "sdtype": "categorical"
        },
        "Education_0": {
            "sdtype": "categorical"
        },
        "Education_1": {
            "sdtype": "categorical"
        },
        "Self_Employed_0": {
            "sdtype": "categorical"
        },
        "Self_Employed_1": {
            "sdtype": "categorical"
        },
        "ApplicantIncome": {
            "sdtype": "numerical"
        },
        "CoapplicantIncome": {
            "sdtype": "numerical"
        },
        "LoanAmount": {
            "sdtype": "numerical"
        },
        "Loan_Amount_Term": {
            "sdtype": "categorical"
        },
        "Credit_History": {
            "sdtype": "categorical"
        },
        "Property_Area_0": {
            "sdtype": "categorical"
        },
        "Property_Area_1": {
            "sdtype": "categorical"
        },
        "Loan_Status": {
            "sdtype": "categorical"
        }
    }
}
2025-05-08 18:59:56,210 - INFO - [SYNTHETIC] Preparing synthesizer: CTGAN
2025-05-08 18:59:56,210 - INFO - [SYNTHETIC] Params from config: {'epochs': 300}
2025-05-08 18:59:56,210 - INFO -  [SYNTHETIC] No pre-trained synthesizer found
2025-05-08 18:59:56,210 - INFO - [SYNTHETIC] Training new CTGAN synthesizer from scratch...
2025-05-08 18:59:56,211 - WARNING - [FutureWarning] The 'SingleTableMetadata' is deprecated. Please use the new 'Metadata' class for synthesizers. (from /mnt/NVMETank/Projects/Students/Dele/A-STUDY-INTO-THE-QUALITY-AND-USABILITY-OF-PRIVACY-FRIENDLY-SYNTHETIC-DATA/.venv/lib/python3.12/site-packages/sdv/single_table/base.py:119)
2025-05-08 18:59:56,211 - WARNING - [UserWarning] We strongly recommend saving the metadata using 'save_to_json' for replicability in future SDV versions. (from /mnt/NVMETank/Projects/Students/Dele/A-STUDY-INTO-THE-QUALITY-AND-USABILITY-OF-PRIVACY-FRIENDLY-SYNTHETIC-DATA/.venv/lib/python3.12/site-packages/sdv/single_table/base.py:104)
2025-05-08 18:59:56,218 - INFO - {'EVENT': 'Instance', 'TIMESTAMP': datetime.datetime(2025, 5, 8, 18, 59, 56, 218927), 'SYNTHESIZER CLASS NAME': 'CTGANSynthesizer', 'SYNTHESIZER ID': 'CTGANSynthesizer_1.18.0_e5919a39f4174aafa27b0df3a06fa676'}
2025-05-08 18:59:56,219 - INFO - [SYNTHETIC] CTGAN initialized with epochs: 300
2025-05-08 18:59:56,219 - INFO - [SYNTHETIC] Training parameters for CTGAN: {}
2025-05-08 18:59:56,219 - INFO - [SYNTHETIC] fitting CTGAN 
2025-05-08 18:59:56,219 - INFO - {'EVENT': 'Fit', 'TIMESTAMP': datetime.datetime(2025, 5, 8, 18, 59, 56, 219290), 'SYNTHESIZER CLASS NAME': 'CTGANSynthesizer', 'SYNTHESIZER ID': 'CTGANSynthesizer_1.18.0_e5919a39f4174aafa27b0df3a06fa676', 'TOTAL NUMBER OF TABLES': 1, 'TOTAL NUMBER OF ROWS': 336, 'TOTAL NUMBER OF COLUMNS': 19}
2025-05-08 18:59:56,221 - INFO - Fitting table  metadata
2025-05-08 18:59:56,221 - INFO - Fitting formatters for table 
2025-05-08 18:59:56,224 - INFO - Fitting constraints for table 
2025-05-08 18:59:56,224 - INFO - Setting the configuration for the ``HyperTransformer`` for table 
2025-05-08 18:59:56,226 - INFO - Fitting HyperTransformer for table 
2025-05-08 18:59:56,249 - INFO - {'EVENT': 'Fit processed data', 'TIMESTAMP': datetime.datetime(2025, 5, 8, 18, 59, 56, 249289), 'SYNTHESIZER CLASS NAME': 'CTGANSynthesizer', 'SYNTHESIZER ID': 'CTGANSynthesizer_1.18.0_e5919a39f4174aafa27b0df3a06fa676', 'TOTAL NUMBER OF TABLES': 1, 'TOTAL NUMBER OF ROWS': 336, 'TOTAL NUMBER OF COLUMNS': 19}
2025-05-08 18:59:56,287 - INFO - Guidance: There are no missing values in column ApplicantIncome. Extra column not created.
2025-05-08 18:59:56,388 - INFO - Guidance: There are no missing values in column CoapplicantIncome. Extra column not created.
2025-05-08 18:59:56,422 - INFO - Guidance: There are no missing values in column LoanAmount. Extra column not created.
2025-05-08 19:00:18,588 - INFO - [SYNTHETIC] Fitting complete for CTGAN. Duration: 22.37 seconds.
2025-05-08 19:00:18,588 - INFO - [SYNTHETIC] CONFIRMATION CTGAN actually trained with epochs = 300
2025-05-08 19:00:18,589 - INFO - {'EVENT': 'Save', 'TIMESTAMP': datetime.datetime(2025, 5, 8, 19, 0, 18, 589030), 'SYNTHESIZER CLASS NAME': 'CTGANSynthesizer', 'SYNTHESIZER ID': 'CTGANSynthesizer_1.18.0_e5919a39f4174aafa27b0df3a06fa676'}
2025-05-08 19:00:18,617 - INFO - [SYNTHETIC] CTGAN trained and saved.
2025-05-08 19:00:18,617 - INFO - [SYNTHETIC] Preparing synthesizer: GaussianCopula
2025-05-08 19:00:18,617 - INFO - [SYNTHETIC] Params from config: {}
2025-05-08 19:00:18,617 - INFO -  [SYNTHETIC] No pre-trained synthesizer found
2025-05-08 19:00:18,617 - INFO - [SYNTHETIC] Training new GaussianCopula synthesizer from scratch...
2025-05-08 19:00:18,617 - WARNING - [FutureWarning] The 'SingleTableMetadata' is deprecated. Please use the new 'Metadata' class for synthesizers. (from /mnt/NVMETank/Projects/Students/Dele/A-STUDY-INTO-THE-QUALITY-AND-USABILITY-OF-PRIVACY-FRIENDLY-SYNTHETIC-DATA/.venv/lib/python3.12/site-packages/sdv/single_table/base.py:119)
2025-05-08 19:00:18,619 - INFO - {'EVENT': 'Instance', 'TIMESTAMP': datetime.datetime(2025, 5, 8, 19, 0, 18, 619634), 'SYNTHESIZER CLASS NAME': 'GaussianCopulaSynthesizer', 'SYNTHESIZER ID': 'GaussianCopulaSynthesizer_1.18.0_84d4f3370eae49df8a799c5c02317fb2'}
2025-05-08 19:00:18,619 - INFO - [SYNTHETIC] fitting GaussianCopula 
2025-05-08 19:00:18,619 - INFO - {'EVENT': 'Fit', 'TIMESTAMP': datetime.datetime(2025, 5, 8, 19, 0, 18, 619760), 'SYNTHESIZER CLASS NAME': 'GaussianCopulaSynthesizer', 'SYNTHESIZER ID': 'GaussianCopulaSynthesizer_1.18.0_84d4f3370eae49df8a799c5c02317fb2', 'TOTAL NUMBER OF TABLES': 1, 'TOTAL NUMBER OF ROWS': 336, 'TOTAL NUMBER OF COLUMNS': 19}
2025-05-08 19:00:18,620 - INFO - Fitting table  metadata
2025-05-08 19:00:18,621 - INFO - Fitting formatters for table 
2025-05-08 19:00:18,622 - INFO - Fitting constraints for table 
2025-05-08 19:00:18,622 - INFO - Setting the configuration for the ``HyperTransformer`` for table 
2025-05-08 19:00:18,628 - INFO - Fitting HyperTransformer for table 
2025-05-08 19:00:18,725 - INFO - {'EVENT': 'Fit processed data', 'TIMESTAMP': datetime.datetime(2025, 5, 8, 19, 0, 18, 725442), 'SYNTHESIZER CLASS NAME': 'GaussianCopulaSynthesizer', 'SYNTHESIZER ID': 'GaussianCopulaSynthesizer_1.18.0_84d4f3370eae49df8a799c5c02317fb2', 'TOTAL NUMBER OF TABLES': 1, 'TOTAL NUMBER OF ROWS': 336, 'TOTAL NUMBER OF COLUMNS': 19}
2025-05-08 19:00:18,725 - INFO - Fitting GaussianMultivariate(distribution="{'Gender_0': <class 'copulas.univariate.beta.BetaUnivariate'>, 'Gender_1': <class 'copulas.univariate.beta.BetaUnivariate'>, 'Married_0': <class 'copulas.univariate.beta.BetaUnivariate'>, 'Married_1': <class 'copulas.univariate.beta.BetaUnivariate'>, 'Dependents_0': <class 'copulas.univariate.beta.BetaUnivariate'>, 'Dependents_1': <class 'copulas.univariate.beta.BetaUnivariate'>, 'Dependents_2': <class 'copulas.univariate.beta.BetaUnivariate'>, 'Education_0': <class 'copulas.univariate.beta.BetaUnivariate'>, 'Education_1': <class 'copulas.univariate.beta.BetaUnivariate'>, 'Self_Employed_0': <class 'copulas.univariate.beta.BetaUnivariate'>, 'Self_Employed_1': <class 'copulas.univariate.beta.BetaUnivariate'>, 'ApplicantIncome': <class 'copulas.univariate.beta.BetaUnivariate'>, 'CoapplicantIncome': <class 'copulas.univariate.beta.BetaUnivariate'>, 'LoanAmount': <class 'copulas.univariate.beta.BetaUnivariate'>, 'Loan_Amount_Term': <class 'copulas.univariate.beta.BetaUnivariate'>, 'Credit_History': <class 'copulas.univariate.beta.BetaUnivariate'>, 'Property_Area_0': <class 'copulas.univariate.beta.BetaUnivariate'>, 'Property_Area_1': <class 'copulas.univariate.beta.BetaUnivariate'>, 'Loan_Status': <class 'copulas.univariate.beta.BetaUnivariate'>}")
2025-05-08 19:00:19,356 - INFO - [SYNTHETIC] Fitting complete for GaussianCopula. Duration: 0.74 seconds.
2025-05-08 19:00:19,356 - WARNING - [SYNTHETIC] WARNING Could not determine actual epochs used for GaussianCopula
2025-05-08 19:00:19,356 - INFO - {'EVENT': 'Save', 'TIMESTAMP': datetime.datetime(2025, 5, 8, 19, 0, 19, 356512), 'SYNTHESIZER CLASS NAME': 'GaussianCopulaSynthesizer', 'SYNTHESIZER ID': 'GaussianCopulaSynthesizer_1.18.0_84d4f3370eae49df8a799c5c02317fb2'}
2025-05-08 19:00:19,365 - INFO - [SYNTHETIC] GaussianCopula trained and saved.
2025-05-08 19:00:19,365 - INFO - [SYNTHETIC] Preparing synthesizer: TVAE
2025-05-08 19:00:19,365 - INFO - [SYNTHETIC] Params from config: {'epochs': 300}
2025-05-08 19:00:19,365 - INFO -  [SYNTHETIC] No pre-trained synthesizer found
2025-05-08 19:00:19,365 - INFO - [SYNTHETIC] Training new TVAE synthesizer from scratch...
2025-05-08 19:00:19,366 - WARNING - [FutureWarning] The 'SingleTableMetadata' is deprecated. Please use the new 'Metadata' class for synthesizers. (from /mnt/NVMETank/Projects/Students/Dele/A-STUDY-INTO-THE-QUALITY-AND-USABILITY-OF-PRIVACY-FRIENDLY-SYNTHETIC-DATA/.venv/lib/python3.12/site-packages/sdv/single_table/base.py:119)
2025-05-08 19:00:19,368 - INFO - {'EVENT': 'Instance', 'TIMESTAMP': datetime.datetime(2025, 5, 8, 19, 0, 19, 368248), 'SYNTHESIZER CLASS NAME': 'TVAESynthesizer', 'SYNTHESIZER ID': 'TVAESynthesizer_1.18.0_8d60566b629243e38c61083f4412f247'}
2025-05-08 19:00:19,368 - INFO - [SYNTHETIC] TVAE initialized with epochs: 300
2025-05-08 19:00:19,368 - INFO - [SYNTHETIC] Training parameters for TVAE: {}
2025-05-08 19:00:19,368 - INFO - [SYNTHETIC] fitting TVAE 
2025-05-08 19:00:19,368 - INFO - {'EVENT': 'Fit', 'TIMESTAMP': datetime.datetime(2025, 5, 8, 19, 0, 19, 368457), 'SYNTHESIZER CLASS NAME': 'TVAESynthesizer', 'SYNTHESIZER ID': 'TVAESynthesizer_1.18.0_8d60566b629243e38c61083f4412f247', 'TOTAL NUMBER OF TABLES': 1, 'TOTAL NUMBER OF ROWS': 336, 'TOTAL NUMBER OF COLUMNS': 19}
2025-05-08 19:00:19,369 - INFO - Fitting table  metadata
2025-05-08 19:00:19,370 - INFO - Fitting formatters for table 
2025-05-08 19:00:19,371 - INFO - Fitting constraints for table 
2025-05-08 19:00:19,371 - INFO - Setting the configuration for the ``HyperTransformer`` for table 
2025-05-08 19:00:19,372 - INFO - Fitting HyperTransformer for table 
2025-05-08 19:00:19,388 - INFO - {'EVENT': 'Fit processed data', 'TIMESTAMP': datetime.datetime(2025, 5, 8, 19, 0, 19, 388072), 'SYNTHESIZER CLASS NAME': 'TVAESynthesizer', 'SYNTHESIZER ID': 'TVAESynthesizer_1.18.0_8d60566b629243e38c61083f4412f247', 'TOTAL NUMBER OF TABLES': 1, 'TOTAL NUMBER OF ROWS': 336, 'TOTAL NUMBER OF COLUMNS': 19}
2025-05-08 19:00:19,401 - INFO - Guidance: There are no missing values in column ApplicantIncome. Extra column not created.
2025-05-08 19:00:19,475 - INFO - Guidance: There are no missing values in column CoapplicantIncome. Extra column not created.
2025-05-08 19:00:19,508 - INFO - Guidance: There are no missing values in column LoanAmount. Extra column not created.
2025-05-08 19:00:21,865 - INFO - [SYNTHETIC] Fitting complete for TVAE. Duration: 2.50 seconds.
2025-05-08 19:00:21,865 - INFO - [SYNTHETIC] CONFIRMATION TVAE actually trained with epochs = 300
2025-05-08 19:00:21,865 - INFO - {'EVENT': 'Save', 'TIMESTAMP': datetime.datetime(2025, 5, 8, 19, 0, 21, 865504), 'SYNTHESIZER CLASS NAME': 'TVAESynthesizer', 'SYNTHESIZER ID': 'TVAESynthesizer_1.18.0_8d60566b629243e38c61083f4412f247'}
2025-05-08 19:00:21,890 - INFO - [SYNTHETIC] TVAE trained and saved.
2025-05-08 19:00:21,890 - INFO - [SYNTHETIC] Using CTGAN to generate 336 rows...
2025-05-08 19:00:21,941 - INFO - {'EVENT': 'Sample', 'TIMESTAMP': datetime.datetime(2025, 5, 8, 19, 0, 21, 890191), 'SYNTHESIZER CLASS NAME': 'CTGANSynthesizer', 'SYNTHESIZER ID': 'CTGANSynthesizer_1.18.0_e5919a39f4174aafa27b0df3a06fa676', 'TOTAL NUMBER OF TABLES': 1, 'TOTAL NUMBER OF ROWS': 336, 'TOTAL NUMBER OF COLUMNS': 19}
2025-05-08 19:00:21,941 - INFO - [SYNTHETIC] CTGAN completed: 336 rows generated.
2025-05-08 19:00:21,941 - INFO - [SYNTHETIC] Target class distribution for CTGAN: {'Y': 200, 'N': 136}
2025-05-08 19:00:21,941 - INFO - [SYNTHETIC] Using GaussianCopula to generate 336 rows...
2025-05-08 19:00:21,991 - INFO - {'EVENT': 'Sample', 'TIMESTAMP': datetime.datetime(2025, 5, 8, 19, 0, 21, 941885), 'SYNTHESIZER CLASS NAME': 'GaussianCopulaSynthesizer', 'SYNTHESIZER ID': 'GaussianCopulaSynthesizer_1.18.0_84d4f3370eae49df8a799c5c02317fb2', 'TOTAL NUMBER OF TABLES': 1, 'TOTAL NUMBER OF ROWS': 336, 'TOTAL NUMBER OF COLUMNS': 19}
2025-05-08 19:00:21,991 - INFO - [SYNTHETIC] GaussianCopula completed: 336 rows generated.
2025-05-08 19:00:21,991 - INFO - [SYNTHETIC] Target class distribution for GaussianCopula: {'Y': 230, 'N': 106}
2025-05-08 19:00:21,991 - INFO - [SYNTHETIC] Using TVAE to generate 336 rows...
2025-05-08 19:00:22,028 - INFO - {'EVENT': 'Sample', 'TIMESTAMP': datetime.datetime(2025, 5, 8, 19, 0, 21, 991965), 'SYNTHESIZER CLASS NAME': 'TVAESynthesizer', 'SYNTHESIZER ID': 'TVAESynthesizer_1.18.0_8d60566b629243e38c61083f4412f247', 'TOTAL NUMBER OF TABLES': 1, 'TOTAL NUMBER OF ROWS': 336, 'TOTAL NUMBER OF COLUMNS': 19}
2025-05-08 19:00:22,028 - INFO - [SYNTHETIC] TVAE completed: 336 rows generated.
2025-05-08 19:00:22,028 - INFO - [SYNTHETIC] Target class distribution for TVAE: {'Y': 335, 'N': 1}
2025-05-08 19:00:22,028 - INFO - [SYNTHETIC PIPELINE] Synthetic Data Generation Completed.
2025-05-08 19:00:22,028 - INFO - [SYNTHETIC PIPELINE] Synthesizers used: ['CTGAN', 'GaussianCopula', 'TVAE']
2025-05-08 19:00:22,028 - INFO - [SYNTHETIC PIPELINE] Evaluating synthetic dataset generated by CTGAN...
2025-05-08 19:00:22,029 - INFO - [SYNTHETIC EVAL] Real data columns     (19): ['Gender_0', 'Gender_1', 'Married_0', 'Married_1', 'Dependents_0', 'Dependents_1', 'Dependents_2', 'Education_0', 'Education_1', 'Self_Employed_0', 'Self_Employed_1', 'ApplicantIncome', 'CoapplicantIncome', 'LoanAmount', 'Loan_Amount_Term', 'Credit_History', 'Property_Area_0', 'Property_Area_1', 'Loan_Status']
2025-05-08 19:00:22,029 - INFO - [SYNTHETIC EVAL] Synthetic data columns (19): ['Gender_0', 'Gender_1', 'Married_0', 'Married_1', 'Dependents_0', 'Dependents_1', 'Dependents_2', 'Education_0', 'Education_1', 'Self_Employed_0', 'Self_Employed_1', 'ApplicantIncome', 'CoapplicantIncome', 'LoanAmount', 'Loan_Amount_Term', 'Credit_History', 'Property_Area_0', 'Property_Area_1', 'Loan_Status']
2025-05-08 19:00:22,029 - INFO - [SYNTHETIC EVAL] Metadata columns      (19): ['Gender_0', 'Gender_1', 'Married_0', 'Married_1', 'Dependents_0', 'Dependents_1', 'Dependents_2', 'Education_0', 'Education_1', 'Self_Employed_0', 'Self_Employed_1', 'ApplicantIncome', 'CoapplicantIncome', 'LoanAmount', 'Loan_Amount_Term', 'Credit_History', 'Property_Area_0', 'Property_Area_1', 'Loan_Status']
2025-05-08 19:00:22,029 - INFO - [SYNTHETIC EVAL] Shape — Real: (336, 19), Synthetic: (336, 19)
2025-05-08 19:00:22,029 - INFO - [SYNTHETIC EVAL] Metadata structure:
{
  "METADATA_SPEC_VERSION": "SINGLE_TABLE_V1",
  "columns": {
    "Gender_0": {
      "sdtype": "categorical"
    },
    "Gender_1": {
      "sdtype": "categorical"
    },
    "Married_0": {
      "sdtype": "categorical"
    },
    "Married_1": {
      "sdtype": "categorical"
    },
    "Dependents_0": {
      "sdtype": "categorical"
    },
    "Dependents_1": {
      "sdtype": "categorical"
    },
    "Dependents_2": {
      "sdtype": "categorical"
    },
    "Education_0": {
      "sdtype": "categorical"
    },
    "Education_1": {
      "sdtype": "categorical"
    },
    "Self_Employed_0": {
      "sdtype": "categorical"
    },
    "Self_Employed_1": {
      "sdtype": "categorical"
    },
    "ApplicantIncome": {
      "sdtype": "numerical"
    },
    "CoapplicantIncome": {
      "sdtype": "numerical"
    },
    "LoanAmount": {
      "sdtype": "numerical"
    },
    "Loan_Amount_Term": {
      "sdtype": "categorical"
    },
    "Credit_History": {
      "sdtype": "categorical"
    },
    "Property_Area_0": {
      "sdtype": "categorical"
    },
    "Property_Area_1": {
      "sdtype": "categorical"
    },
    "Loan_Status": {
      "sdtype": "categorical"
    }
  }
}
2025-05-08 19:00:22,353 - INFO - [SYNTHETIC PIPELINE] Evaluating synthetic dataset generated by GaussianCopula...
2025-05-08 19:00:22,353 - INFO - [SYNTHETIC EVAL] Real data columns     (19): ['Gender_0', 'Gender_1', 'Married_0', 'Married_1', 'Dependents_0', 'Dependents_1', 'Dependents_2', 'Education_0', 'Education_1', 'Self_Employed_0', 'Self_Employed_1', 'ApplicantIncome', 'CoapplicantIncome', 'LoanAmount', 'Loan_Amount_Term', 'Credit_History', 'Property_Area_0', 'Property_Area_1', 'Loan_Status']
2025-05-08 19:00:22,353 - INFO - [SYNTHETIC EVAL] Synthetic data columns (19): ['Gender_0', 'Gender_1', 'Married_0', 'Married_1', 'Dependents_0', 'Dependents_1', 'Dependents_2', 'Education_0', 'Education_1', 'Self_Employed_0', 'Self_Employed_1', 'ApplicantIncome', 'CoapplicantIncome', 'LoanAmount', 'Loan_Amount_Term', 'Credit_History', 'Property_Area_0', 'Property_Area_1', 'Loan_Status']
2025-05-08 19:00:22,353 - INFO - [SYNTHETIC EVAL] Metadata columns      (19): ['Gender_0', 'Gender_1', 'Married_0', 'Married_1', 'Dependents_0', 'Dependents_1', 'Dependents_2', 'Education_0', 'Education_1', 'Self_Employed_0', 'Self_Employed_1', 'ApplicantIncome', 'CoapplicantIncome', 'LoanAmount', 'Loan_Amount_Term', 'Credit_History', 'Property_Area_0', 'Property_Area_1', 'Loan_Status']
2025-05-08 19:00:22,353 - INFO - [SYNTHETIC EVAL] Shape — Real: (336, 19), Synthetic: (336, 19)
2025-05-08 19:00:22,354 - INFO - [SYNTHETIC EVAL] Metadata structure:
{
  "METADATA_SPEC_VERSION": "SINGLE_TABLE_V1",
  "columns": {
    "Gender_0": {
      "sdtype": "categorical"
    },
    "Gender_1": {
      "sdtype": "categorical"
    },
    "Married_0": {
      "sdtype": "categorical"
    },
    "Married_1": {
      "sdtype": "categorical"
    },
    "Dependents_0": {
      "sdtype": "categorical"
    },
    "Dependents_1": {
      "sdtype": "categorical"
    },
    "Dependents_2": {
      "sdtype": "categorical"
    },
    "Education_0": {
      "sdtype": "categorical"
    },
    "Education_1": {
      "sdtype": "categorical"
    },
    "Self_Employed_0": {
      "sdtype": "categorical"
    },
    "Self_Employed_1": {
      "sdtype": "categorical"
    },
    "ApplicantIncome": {
      "sdtype": "numerical"
    },
    "CoapplicantIncome": {
      "sdtype": "numerical"
    },
    "LoanAmount": {
      "sdtype": "numerical"
    },
    "Loan_Amount_Term": {
      "sdtype": "categorical"
    },
    "Credit_History": {
      "sdtype": "categorical"
    },
    "Property_Area_0": {
      "sdtype": "categorical"
    },
    "Property_Area_1": {
      "sdtype": "categorical"
    },
    "Loan_Status": {
      "sdtype": "categorical"
    }
  }
}
2025-05-08 19:00:22,677 - INFO - [SYNTHETIC PIPELINE] Evaluating synthetic dataset generated by TVAE...
2025-05-08 19:00:22,678 - INFO - [SYNTHETIC EVAL] Real data columns     (19): ['Gender_0', 'Gender_1', 'Married_0', 'Married_1', 'Dependents_0', 'Dependents_1', 'Dependents_2', 'Education_0', 'Education_1', 'Self_Employed_0', 'Self_Employed_1', 'ApplicantIncome', 'CoapplicantIncome', 'LoanAmount', 'Loan_Amount_Term', 'Credit_History', 'Property_Area_0', 'Property_Area_1', 'Loan_Status']
2025-05-08 19:00:22,678 - INFO - [SYNTHETIC EVAL] Synthetic data columns (19): ['Gender_0', 'Gender_1', 'Married_0', 'Married_1', 'Dependents_0', 'Dependents_1', 'Dependents_2', 'Education_0', 'Education_1', 'Self_Employed_0', 'Self_Employed_1', 'ApplicantIncome', 'CoapplicantIncome', 'LoanAmount', 'Loan_Amount_Term', 'Credit_History', 'Property_Area_0', 'Property_Area_1', 'Loan_Status']
2025-05-08 19:00:22,678 - INFO - [SYNTHETIC EVAL] Metadata columns      (19): ['Gender_0', 'Gender_1', 'Married_0', 'Married_1', 'Dependents_0', 'Dependents_1', 'Dependents_2', 'Education_0', 'Education_1', 'Self_Employed_0', 'Self_Employed_1', 'ApplicantIncome', 'CoapplicantIncome', 'LoanAmount', 'Loan_Amount_Term', 'Credit_History', 'Property_Area_0', 'Property_Area_1', 'Loan_Status']
2025-05-08 19:00:22,678 - INFO - [SYNTHETIC EVAL] Shape — Real: (336, 19), Synthetic: (336, 19)
2025-05-08 19:00:22,678 - INFO - [SYNTHETIC EVAL] Metadata structure:
{
  "METADATA_SPEC_VERSION": "SINGLE_TABLE_V1",
  "columns": {
    "Gender_0": {
      "sdtype": "categorical"
    },
    "Gender_1": {
      "sdtype": "categorical"
    },
    "Married_0": {
      "sdtype": "categorical"
    },
    "Married_1": {
      "sdtype": "categorical"
    },
    "Dependents_0": {
      "sdtype": "categorical"
    },
    "Dependents_1": {
      "sdtype": "categorical"
    },
    "Dependents_2": {
      "sdtype": "categorical"
    },
    "Education_0": {
      "sdtype": "categorical"
    },
    "Education_1": {
      "sdtype": "categorical"
    },
    "Self_Employed_0": {
      "sdtype": "categorical"
    },
    "Self_Employed_1": {
      "sdtype": "categorical"
    },
    "ApplicantIncome": {
      "sdtype": "numerical"
    },
    "CoapplicantIncome": {
      "sdtype": "numerical"
    },
    "LoanAmount": {
      "sdtype": "numerical"
    },
    "Loan_Amount_Term": {
      "sdtype": "categorical"
    },
    "Credit_History": {
      "sdtype": "categorical"
    },
    "Property_Area_0": {
      "sdtype": "categorical"
    },
    "Property_Area_1": {
      "sdtype": "categorical"
    },
    "Loan_Status": {
      "sdtype": "categorical"
    }
  }
}
2025-05-08 19:00:23,004 - INFO -  [SYNTHETIC PIPELINE]  Synthetic Data Evaluation Completed.
2025-05-08 19:00:23,010 - INFO -  [SYNTHETIC PIPELINE] Synthetic Data Report Generated Successfully.
2025-05-08 19:00:23,104 - INFO - [HYBRID] Generated hybrid dataset shape for CTGAN: (336, 19)
2025-05-08 19:00:23,104 - INFO - [HYBRID] Target distribution for CTGAN: {'Y': 200, 'N': 136}
2025-05-08 19:00:23,106 - INFO -  [HYBRID] Saved hybrid dataset to /mnt/NVMETank/Projects/Students/Dele/A-STUDY-INTO-THE-QUALITY-AND-USABILITY-OF-PRIVACY-FRIENDLY-SYNTHETIC-DATA/datasets/hybrid/loan_k2_l10_sup05_CTGAN_HYBRID.csv
2025-05-08 19:00:23,106 - INFO - [HYBRID] Generated hybrid dataset shape for GaussianCopula: (336, 19)
2025-05-08 19:00:23,106 - INFO - [HYBRID] Target distribution for GaussianCopula: {'Y': 230, 'N': 106}
2025-05-08 19:00:23,108 - INFO -  [HYBRID] Saved hybrid dataset to /mnt/NVMETank/Projects/Students/Dele/A-STUDY-INTO-THE-QUALITY-AND-USABILITY-OF-PRIVACY-FRIENDLY-SYNTHETIC-DATA/datasets/hybrid/loan_k2_l10_sup05_GaussianCopula_HYBRID.csv
2025-05-08 19:00:23,108 - INFO - [HYBRID] Generated hybrid dataset shape for TVAE: (336, 19)
2025-05-08 19:00:23,108 - INFO - [HYBRID] Target distribution for TVAE: {'Y': 335, 'N': 1}
2025-05-08 19:00:23,109 - INFO -  [HYBRID] Saved hybrid dataset to /mnt/NVMETank/Projects/Students/Dele/A-STUDY-INTO-THE-QUALITY-AND-USABILITY-OF-PRIVACY-FRIENDLY-SYNTHETIC-DATA/datasets/hybrid/loan_k2_l10_sup05_TVAE_HYBRID.csv
2025-05-08 19:00:23,109 - INFO -  [HYBRID] Hybrid pipeline complete — 3 dataset(s) ready.
2025-05-08 19:00:23,109 - INFO - [HYBRID] Total rows across all hybrid datasets: 1008
2025-05-08 19:00:23,110 - INFO - Hybrid pipeline completed successfully.
2025-05-08 19:00:23,110 - INFO - Hybrid pipeline duration: 26.91 seconds
2025-05-08 19:00:23,110 - INFO - Starting Utility...
2025-05-08 19:00:23,110 - INFO - [UTILITY] Preparing datasets for machine learning...
2025-05-08 19:00:23,110 - INFO - [UTILITY] Original Data - Training Size: 336, Testing Size: 144
2025-05-08 19:00:23,110 - INFO - [UTILITY] Target class distribution (Original): {'Y': 232, 'N': 104}
2025-05-08 19:00:23,111 - INFO - [UTILITY] Processing anonymized dataset...
2025-05-08 19:00:23,111 - INFO - [UTILITY] Anonymized Data - Training Size: 336
2025-05-08 19:00:23,111 - INFO - [UTILITY] Target class distribution (Anonymous): {'Y': 232, 'N': 104}
2025-05-08 19:00:23,111 - INFO - [UTILITY] Processing hybrid dataset generated by CTGAN...
2025-05-08 19:00:23,111 - INFO - [UTILITY] Hybrid Data (CTGAN_HYBRID) - Training Size: 336
2025-05-08 19:00:23,112 - INFO - [UTILITY] Target class distribution (CTGAN_HYBRID): {'Y': 200, 'N': 136}
2025-05-08 19:00:23,112 - INFO - [UTILITY] Processing hybrid dataset generated by GaussianCopula...
2025-05-08 19:00:23,112 - INFO - [UTILITY] Hybrid Data (GaussianCopula_HYBRID) - Training Size: 336
2025-05-08 19:00:23,112 - INFO - [UTILITY] Target class distribution (GaussianCopula_HYBRID): {'Y': 230, 'N': 106}
2025-05-08 19:00:23,112 - INFO - [UTILITY] Processing hybrid dataset generated by TVAE...
2025-05-08 19:00:23,113 - INFO - [UTILITY] Hybrid Data (TVAE_HYBRID) - Training Size: 336
2025-05-08 19:00:23,113 - INFO - [UTILITY] Target class distribution (TVAE_HYBRID): {'Y': 335, 'N': 1}
2025-05-08 19:00:23,113 - INFO - [UTILITY] Training models on all datasets...
2025-05-08 19:00:23,113 - INFO - [UTILITY] Total datasets used for training: 5
2025-05-08 19:00:23,113 - INFO - [TRAINING] Training models from scratch...
2025-05-08 19:00:23,113 - INFO - [TRAINING] Starting training for dataset: Original — Rows: 336, Features: 18
2025-05-08 19:00:23,113 - INFO - [TRAINING] Training DecisionTree on Original...
2025-05-08 19:00:23,115 - INFO - [TRAINING] DecisionTree trained successfully on Original in 0.00 sec
2025-05-08 19:00:23,115 - INFO - [TRAINING] Training KNN on Original...
2025-05-08 19:00:23,116 - INFO - [TRAINING] KNN trained successfully on Original in 0.00 sec
2025-05-08 19:00:23,116 - INFO - [TRAINING] Training LogisticRegression on Original...
2025-05-08 19:00:23,120 - INFO - [TRAINING] LogisticRegression trained successfully on Original in 0.00 sec
2025-05-08 19:00:23,120 - INFO - [TRAINING] Training RandomForest on Original...
2025-05-08 19:00:23,203 - INFO - [TRAINING] RandomForest trained successfully on Original in 0.08 sec
2025-05-08 19:00:23,203 - INFO - [TRAINING] Training SVM on Original...
2025-05-08 19:00:23,207 - INFO - [TRAINING] SVM trained successfully on Original in 0.00 sec
2025-05-08 19:00:23,207 - INFO - [TRAINING] Finished training 5 model(s) for dataset: Original
2025-05-08 19:00:23,207 - INFO - [TRAINING] Starting training for dataset: Anonymous — Rows: 336, Features: 18
2025-05-08 19:00:23,207 - INFO - [TRAINING] Training DecisionTree on Anonymous...
2025-05-08 19:00:23,209 - INFO - [TRAINING] DecisionTree trained successfully on Anonymous in 0.00 sec
2025-05-08 19:00:23,209 - INFO - [TRAINING] Training KNN on Anonymous...
2025-05-08 19:00:23,210 - INFO - [TRAINING] KNN trained successfully on Anonymous in 0.00 sec
2025-05-08 19:00:23,210 - INFO - [TRAINING] Training LogisticRegression on Anonymous...
2025-05-08 19:00:23,213 - INFO - [TRAINING] LogisticRegression trained successfully on Anonymous in 0.00 sec
2025-05-08 19:00:23,213 - INFO - [TRAINING] Training RandomForest on Anonymous...
2025-05-08 19:00:23,295 - INFO - [TRAINING] RandomForest trained successfully on Anonymous in 0.08 sec
2025-05-08 19:00:23,295 - INFO - [TRAINING] Training SVM on Anonymous...
2025-05-08 19:00:23,299 - INFO - [TRAINING] SVM trained successfully on Anonymous in 0.00 sec
2025-05-08 19:00:23,299 - INFO - [TRAINING] Finished training 5 model(s) for dataset: Anonymous
2025-05-08 19:00:23,299 - INFO - [TRAINING] Starting training for dataset: CTGAN_HYBRID — Rows: 336, Features: 18
2025-05-08 19:00:23,299 - INFO - [TRAINING] Training DecisionTree on CTGAN_HYBRID...
2025-05-08 19:00:23,301 - INFO - [TRAINING] DecisionTree trained successfully on CTGAN_HYBRID in 0.00 sec
2025-05-08 19:00:23,301 - INFO - [TRAINING] Training KNN on CTGAN_HYBRID...
2025-05-08 19:00:23,302 - INFO - [TRAINING] KNN trained successfully on CTGAN_HYBRID in 0.00 sec
2025-05-08 19:00:23,302 - INFO - [TRAINING] Training LogisticRegression on CTGAN_HYBRID...
2025-05-08 19:00:23,304 - INFO - [TRAINING] LogisticRegression trained successfully on CTGAN_HYBRID in 0.00 sec
2025-05-08 19:00:23,304 - INFO - [TRAINING] Training RandomForest on CTGAN_HYBRID...
2025-05-08 19:00:23,388 - INFO - [TRAINING] RandomForest trained successfully on CTGAN_HYBRID in 0.08 sec
2025-05-08 19:00:23,388 - INFO - [TRAINING] Training SVM on CTGAN_HYBRID...
2025-05-08 19:00:23,392 - INFO - [TRAINING] SVM trained successfully on CTGAN_HYBRID in 0.00 sec
2025-05-08 19:00:23,392 - INFO - [TRAINING] Finished training 5 model(s) for dataset: CTGAN_HYBRID
2025-05-08 19:00:23,392 - INFO - [TRAINING] Starting training for dataset: GaussianCopula_HYBRID — Rows: 336, Features: 18
2025-05-08 19:00:23,392 - INFO - [TRAINING] Training DecisionTree on GaussianCopula_HYBRID...
2025-05-08 19:00:23,394 - INFO - [TRAINING] DecisionTree trained successfully on GaussianCopula_HYBRID in 0.00 sec
2025-05-08 19:00:23,394 - INFO - [TRAINING] Training KNN on GaussianCopula_HYBRID...
2025-05-08 19:00:23,395 - INFO - [TRAINING] KNN trained successfully on GaussianCopula_HYBRID in 0.00 sec
2025-05-08 19:00:23,395 - INFO - [TRAINING] Training LogisticRegression on GaussianCopula_HYBRID...
2025-05-08 19:00:23,397 - INFO - [TRAINING] LogisticRegression trained successfully on GaussianCopula_HYBRID in 0.00 sec
2025-05-08 19:00:23,398 - INFO - [TRAINING] Training RandomForest on GaussianCopula_HYBRID...
2025-05-08 19:00:23,481 - INFO - [TRAINING] RandomForest trained successfully on GaussianCopula_HYBRID in 0.08 sec
2025-05-08 19:00:23,481 - INFO - [TRAINING] Training SVM on GaussianCopula_HYBRID...
2025-05-08 19:00:23,484 - INFO - [TRAINING] SVM trained successfully on GaussianCopula_HYBRID in 0.00 sec
2025-05-08 19:00:23,485 - INFO - [TRAINING] Finished training 5 model(s) for dataset: GaussianCopula_HYBRID
2025-05-08 19:00:23,485 - INFO - [TRAINING] Starting training for dataset: TVAE_HYBRID — Rows: 336, Features: 18
2025-05-08 19:00:23,485 - INFO - [TRAINING] Training DecisionTree on TVAE_HYBRID...
2025-05-08 19:00:23,486 - INFO - [TRAINING] DecisionTree trained successfully on TVAE_HYBRID in 0.00 sec
2025-05-08 19:00:23,486 - INFO - [TRAINING] Training KNN on TVAE_HYBRID...
2025-05-08 19:00:23,487 - INFO - [TRAINING] KNN trained successfully on TVAE_HYBRID in 0.00 sec
2025-05-08 19:00:23,487 - INFO - [TRAINING] Training LogisticRegression on TVAE_HYBRID...
2025-05-08 19:00:23,490 - INFO - [TRAINING] LogisticRegression trained successfully on TVAE_HYBRID in 0.00 sec
2025-05-08 19:00:23,490 - INFO - [TRAINING] Training RandomForest on TVAE_HYBRID...
2025-05-08 19:00:23,558 - INFO - [TRAINING] RandomForest trained successfully on TVAE_HYBRID in 0.07 sec
2025-05-08 19:00:23,558 - INFO - [TRAINING] Training SVM on TVAE_HYBRID...
2025-05-08 19:00:23,559 - INFO - [TRAINING] SVM trained successfully on TVAE_HYBRID in 0.00 sec
2025-05-08 19:00:23,559 - INFO - [TRAINING] Finished training 5 model(s) for dataset: TVAE_HYBRID
2025-05-08 19:00:23,559 - INFO - [TRAINING] Total models trained across all datasets: 25
2025-05-08 19:00:23,560 - INFO - [UTILITY] Trained model names: ['Original', 'Anonymous', 'CTGAN_HYBRID', 'GaussianCopula_HYBRID', 'TVAE_HYBRID']
2025-05-08 19:00:23,560 - INFO - [UTILITY] Model Training Completed.
2025-05-08 19:00:23,560 - INFO - Starting the Evaluating of models...
2025-05-08 19:00:23,560 - INFO - Preparing evaluation for model 'DecisionTree' across all datasets...
2025-05-08 19:00:23,560 - INFO - Evaluating DecisionTree on Original...
2025-05-08 19:00:23,561 - INFO - Predictions completed for DecisionTree on Original
2025-05-08 19:00:23,561 - INFO - Prediction distribution for DecisionTree on Original: {'Y': 91, 'N': 53}
2025-05-08 19:00:23,570 - INFO - Computed 8 metric(s) for DecisionTree on Original
2025-05-08 19:00:23,570 - INFO - Evaluating DecisionTree on Anonymous...
2025-05-08 19:00:23,571 - INFO - Predictions completed for DecisionTree on Anonymous
2025-05-08 19:00:23,571 - INFO - Prediction distribution for DecisionTree on Anonymous: {'Y': 89, 'N': 55}
2025-05-08 19:00:23,579 - INFO - Computed 8 metric(s) for DecisionTree on Anonymous
2025-05-08 19:00:23,579 - INFO - Evaluating DecisionTree on CTGAN_HYBRID...
2025-05-08 19:00:23,580 - INFO - Predictions completed for DecisionTree on CTGAN_HYBRID
2025-05-08 19:00:23,580 - INFO - Prediction distribution for DecisionTree on CTGAN_HYBRID: {'Y': 92, 'N': 52}
2025-05-08 19:00:23,588 - INFO - Computed 8 metric(s) for DecisionTree on CTGAN_HYBRID
2025-05-08 19:00:23,588 - INFO - Evaluating DecisionTree on GaussianCopula_HYBRID...
2025-05-08 19:00:23,589 - INFO - Predictions completed for DecisionTree on GaussianCopula_HYBRID
2025-05-08 19:00:23,589 - INFO - Prediction distribution for DecisionTree on GaussianCopula_HYBRID: {'Y': 90, 'N': 54}
2025-05-08 19:00:23,597 - INFO - Computed 8 metric(s) for DecisionTree on GaussianCopula_HYBRID
2025-05-08 19:00:23,597 - INFO - Evaluating DecisionTree on TVAE_HYBRID...
2025-05-08 19:00:23,598 - INFO - Predictions completed for DecisionTree on TVAE_HYBRID
2025-05-08 19:00:23,598 - INFO - Prediction distribution for DecisionTree on TVAE_HYBRID: {'Y': 143, 'N': 1}
2025-05-08 19:00:23,606 - INFO - Computed 8 metric(s) for DecisionTree on TVAE_HYBRID
2025-05-08 19:00:23,606 - INFO - Preparing evaluation for model 'KNN' across all datasets...
2025-05-08 19:00:23,606 - INFO - Evaluating KNN on Original...
2025-05-08 19:00:23,612 - INFO - Predictions completed for KNN on Original
2025-05-08 19:00:23,612 - INFO - Prediction distribution for KNN on Original: {'Y': 115, 'N': 29}
2025-05-08 19:00:23,623 - INFO - Computed 8 metric(s) for KNN on Original
2025-05-08 19:00:23,623 - INFO - Evaluating KNN on Anonymous...
2025-05-08 19:00:23,628 - INFO - Predictions completed for KNN on Anonymous
2025-05-08 19:00:23,628 - INFO - Prediction distribution for KNN on Anonymous: {'Y': 114, 'N': 30}
2025-05-08 19:00:23,638 - INFO - Computed 8 metric(s) for KNN on Anonymous
2025-05-08 19:00:23,639 - INFO - Evaluating KNN on CTGAN_HYBRID...
2025-05-08 19:00:23,644 - INFO - Predictions completed for KNN on CTGAN_HYBRID
2025-05-08 19:00:23,644 - INFO - Prediction distribution for KNN on CTGAN_HYBRID: {'Y': 108, 'N': 36}
2025-05-08 19:00:23,655 - INFO - Computed 8 metric(s) for KNN on CTGAN_HYBRID
2025-05-08 19:00:23,655 - INFO - Evaluating KNN on GaussianCopula_HYBRID...
2025-05-08 19:00:23,661 - INFO - Predictions completed for KNN on GaussianCopula_HYBRID
2025-05-08 19:00:23,661 - INFO - Prediction distribution for KNN on GaussianCopula_HYBRID: {'Y': 126, 'N': 18}
2025-05-08 19:00:23,671 - INFO - Computed 8 metric(s) for KNN on GaussianCopula_HYBRID
2025-05-08 19:00:23,672 - INFO - Evaluating KNN on TVAE_HYBRID...
2025-05-08 19:00:23,677 - INFO - Predictions completed for KNN on TVAE_HYBRID
2025-05-08 19:00:23,677 - INFO - Prediction distribution for KNN on TVAE_HYBRID: {'Y': 144}
2025-05-08 19:00:23,677 - WARNING -  [WARNING] :KNN on TVAE_HYBRID predicted only one class: {'Y'}
2025-05-08 19:00:23,679 - WARNING - [UndefinedMetricWarning] Precision is ill-defined and being set to 0.0 in labels with no predicted samples. Use `zero_division` parameter to control this behavior. (from /mnt/NVMETank/Projects/Students/Dele/A-STUDY-INTO-THE-QUALITY-AND-USABILITY-OF-PRIVACY-FRIENDLY-SYNTHETIC-DATA/.venv/lib/python3.12/site-packages/sklearn/metrics/_classification.py:1565)
2025-05-08 19:00:23,680 - WARNING - [UndefinedMetricWarning] Precision is ill-defined and being set to 0.0 in labels with no predicted samples. Use `zero_division` parameter to control this behavior. (from /mnt/NVMETank/Projects/Students/Dele/A-STUDY-INTO-THE-QUALITY-AND-USABILITY-OF-PRIVACY-FRIENDLY-SYNTHETIC-DATA/.venv/lib/python3.12/site-packages/sklearn/metrics/_classification.py:1565)
2025-05-08 19:00:23,681 - WARNING - [UndefinedMetricWarning] Precision is ill-defined and being set to 0.0 in labels with no predicted samples. Use `zero_division` parameter to control this behavior. (from /mnt/NVMETank/Projects/Students/Dele/A-STUDY-INTO-THE-QUALITY-AND-USABILITY-OF-PRIVACY-FRIENDLY-SYNTHETIC-DATA/.venv/lib/python3.12/site-packages/sklearn/metrics/_classification.py:1565)
2025-05-08 19:00:23,698 - INFO - Computed 8 metric(s) for KNN on TVAE_HYBRID
2025-05-08 19:00:23,698 - INFO - Preparing evaluation for model 'LogisticRegression' across all datasets...
2025-05-08 19:00:23,698 - INFO - Evaluating LogisticRegression on Original...
2025-05-08 19:00:23,699 - INFO - Predictions completed for LogisticRegression on Original
2025-05-08 19:00:23,699 - INFO - Prediction distribution for LogisticRegression on Original: {'Y': 115, 'N': 29}
2025-05-08 19:00:23,708 - INFO - Computed 8 metric(s) for LogisticRegression on Original
2025-05-08 19:00:23,708 - INFO - Evaluating LogisticRegression on Anonymous...
2025-05-08 19:00:23,709 - INFO - Predictions completed for LogisticRegression on Anonymous
2025-05-08 19:00:23,709 - INFO - Prediction distribution for LogisticRegression on Anonymous: {'Y': 78, 'N': 66}
2025-05-08 19:00:23,718 - INFO - Computed 8 metric(s) for LogisticRegression on Anonymous
2025-05-08 19:00:23,718 - INFO - Evaluating LogisticRegression on CTGAN_HYBRID...
2025-05-08 19:00:23,719 - INFO - Predictions completed for LogisticRegression on CTGAN_HYBRID
2025-05-08 19:00:23,719 - INFO - Prediction distribution for LogisticRegression on CTGAN_HYBRID: {'Y': 133, 'N': 11}
2025-05-08 19:00:23,727 - INFO - Computed 8 metric(s) for LogisticRegression on CTGAN_HYBRID
2025-05-08 19:00:23,727 - INFO - Evaluating LogisticRegression on GaussianCopula_HYBRID...
2025-05-08 19:00:23,728 - INFO - Predictions completed for LogisticRegression on GaussianCopula_HYBRID
2025-05-08 19:00:23,729 - INFO - Prediction distribution for LogisticRegression on GaussianCopula_HYBRID: {'Y': 125, 'N': 19}
2025-05-08 19:00:23,737 - INFO - Computed 8 metric(s) for LogisticRegression on GaussianCopula_HYBRID
2025-05-08 19:00:23,737 - INFO - Evaluating LogisticRegression on TVAE_HYBRID...
2025-05-08 19:00:23,738 - INFO - Predictions completed for LogisticRegression on TVAE_HYBRID
2025-05-08 19:00:23,738 - INFO - Prediction distribution for LogisticRegression on TVAE_HYBRID: {'Y': 144}
2025-05-08 19:00:23,738 - WARNING -  [WARNING] :LogisticRegression on TVAE_HYBRID predicted only one class: {'Y'}
2025-05-08 19:00:23,740 - WARNING - [UndefinedMetricWarning] Precision is ill-defined and being set to 0.0 in labels with no predicted samples. Use `zero_division` parameter to control this behavior. (from /mnt/NVMETank/Projects/Students/Dele/A-STUDY-INTO-THE-QUALITY-AND-USABILITY-OF-PRIVACY-FRIENDLY-SYNTHETIC-DATA/.venv/lib/python3.12/site-packages/sklearn/metrics/_classification.py:1565)
2025-05-08 19:00:23,741 - WARNING - [UndefinedMetricWarning] Precision is ill-defined and being set to 0.0 in labels with no predicted samples. Use `zero_division` parameter to control this behavior. (from /mnt/NVMETank/Projects/Students/Dele/A-STUDY-INTO-THE-QUALITY-AND-USABILITY-OF-PRIVACY-FRIENDLY-SYNTHETIC-DATA/.venv/lib/python3.12/site-packages/sklearn/metrics/_classification.py:1565)
2025-05-08 19:00:23,743 - WARNING - [UndefinedMetricWarning] Precision is ill-defined and being set to 0.0 in labels with no predicted samples. Use `zero_division` parameter to control this behavior. (from /mnt/NVMETank/Projects/Students/Dele/A-STUDY-INTO-THE-QUALITY-AND-USABILITY-OF-PRIVACY-FRIENDLY-SYNTHETIC-DATA/.venv/lib/python3.12/site-packages/sklearn/metrics/_classification.py:1565)
2025-05-08 19:00:23,747 - INFO - Computed 8 metric(s) for LogisticRegression on TVAE_HYBRID
2025-05-08 19:00:23,747 - INFO - Preparing evaluation for model 'RandomForest' across all datasets...
2025-05-08 19:00:23,747 - INFO - Evaluating RandomForest on Original...
2025-05-08 19:00:23,753 - INFO - Predictions completed for RandomForest on Original
2025-05-08 19:00:23,753 - INFO - Prediction distribution for RandomForest on Original: {'Y': 106, 'N': 38}
2025-05-08 19:00:23,770 - INFO - Computed 8 metric(s) for RandomForest on Original
2025-05-08 19:00:23,770 - INFO - Evaluating RandomForest on Anonymous...
2025-05-08 19:00:23,775 - INFO - Predictions completed for RandomForest on Anonymous
2025-05-08 19:00:23,775 - INFO - Prediction distribution for RandomForest on Anonymous: {'Y': 105, 'N': 39}
2025-05-08 19:00:23,791 - INFO - Computed 8 metric(s) for RandomForest on Anonymous
2025-05-08 19:00:23,791 - INFO - Evaluating RandomForest on CTGAN_HYBRID...
2025-05-08 19:00:23,797 - INFO - Predictions completed for RandomForest on CTGAN_HYBRID
2025-05-08 19:00:23,797 - INFO - Prediction distribution for RandomForest on CTGAN_HYBRID: {'Y': 123, 'N': 21}
2025-05-08 19:00:23,813 - INFO - Computed 8 metric(s) for RandomForest on CTGAN_HYBRID
2025-05-08 19:00:23,813 - INFO - Evaluating RandomForest on GaussianCopula_HYBRID...
2025-05-08 19:00:23,818 - INFO - Predictions completed for RandomForest on GaussianCopula_HYBRID
2025-05-08 19:00:23,818 - INFO - Prediction distribution for RandomForest on GaussianCopula_HYBRID: {'Y': 128, 'N': 16}
2025-05-08 19:00:23,834 - INFO - Computed 8 metric(s) for RandomForest on GaussianCopula_HYBRID
2025-05-08 19:00:23,834 - INFO - Evaluating RandomForest on TVAE_HYBRID...
2025-05-08 19:00:23,839 - INFO - Predictions completed for RandomForest on TVAE_HYBRID
2025-05-08 19:00:23,839 - INFO - Prediction distribution for RandomForest on TVAE_HYBRID: {'Y': 144}
2025-05-08 19:00:23,839 - WARNING -  [WARNING] :RandomForest on TVAE_HYBRID predicted only one class: {'Y'}
2025-05-08 19:00:23,841 - WARNING - [UndefinedMetricWarning] Precision is ill-defined and being set to 0.0 in labels with no predicted samples. Use `zero_division` parameter to control this behavior. (from /mnt/NVMETank/Projects/Students/Dele/A-STUDY-INTO-THE-QUALITY-AND-USABILITY-OF-PRIVACY-FRIENDLY-SYNTHETIC-DATA/.venv/lib/python3.12/site-packages/sklearn/metrics/_classification.py:1565)
2025-05-08 19:00:23,842 - WARNING - [UndefinedMetricWarning] Precision is ill-defined and being set to 0.0 in labels with no predicted samples. Use `zero_division` parameter to control this behavior. (from /mnt/NVMETank/Projects/Students/Dele/A-STUDY-INTO-THE-QUALITY-AND-USABILITY-OF-PRIVACY-FRIENDLY-SYNTHETIC-DATA/.venv/lib/python3.12/site-packages/sklearn/metrics/_classification.py:1565)
2025-05-08 19:00:23,843 - WARNING - [UndefinedMetricWarning] Precision is ill-defined and being set to 0.0 in labels with no predicted samples. Use `zero_division` parameter to control this behavior. (from /mnt/NVMETank/Projects/Students/Dele/A-STUDY-INTO-THE-QUALITY-AND-USABILITY-OF-PRIVACY-FRIENDLY-SYNTHETIC-DATA/.venv/lib/python3.12/site-packages/sklearn/metrics/_classification.py:1565)
2025-05-08 19:00:23,854 - INFO - Computed 8 metric(s) for RandomForest on TVAE_HYBRID
2025-05-08 19:00:23,854 - INFO - Preparing evaluation for model 'SVM' across all datasets...
2025-05-08 19:00:23,854 - INFO - Evaluating SVM on Original...
2025-05-08 19:00:23,856 - INFO - Predictions completed for SVM on Original
2025-05-08 19:00:23,856 - INFO - Prediction distribution for SVM on Original: {'Y': 144}
2025-05-08 19:00:23,857 - WARNING -  [WARNING] :SVM on Original predicted only one class: {'Y'}
2025-05-08 19:00:23,858 - WARNING - [UndefinedMetricWarning] Precision is ill-defined and being set to 0.0 in labels with no predicted samples. Use `zero_division` parameter to control this behavior. (from /mnt/NVMETank/Projects/Students/Dele/A-STUDY-INTO-THE-QUALITY-AND-USABILITY-OF-PRIVACY-FRIENDLY-SYNTHETIC-DATA/.venv/lib/python3.12/site-packages/sklearn/metrics/_classification.py:1565)
2025-05-08 19:00:23,859 - WARNING - [UndefinedMetricWarning] Precision is ill-defined and being set to 0.0 in labels with no predicted samples. Use `zero_division` parameter to control this behavior. (from /mnt/NVMETank/Projects/Students/Dele/A-STUDY-INTO-THE-QUALITY-AND-USABILITY-OF-PRIVACY-FRIENDLY-SYNTHETIC-DATA/.venv/lib/python3.12/site-packages/sklearn/metrics/_classification.py:1565)
2025-05-08 19:00:23,860 - WARNING - [UndefinedMetricWarning] Precision is ill-defined and being set to 0.0 in labels with no predicted samples. Use `zero_division` parameter to control this behavior. (from /mnt/NVMETank/Projects/Students/Dele/A-STUDY-INTO-THE-QUALITY-AND-USABILITY-OF-PRIVACY-FRIENDLY-SYNTHETIC-DATA/.venv/lib/python3.12/site-packages/sklearn/metrics/_classification.py:1565)
2025-05-08 19:00:23,862 - INFO - Computed 8 metric(s) for SVM on Original
2025-05-08 19:00:23,862 - INFO - Evaluating SVM on Anonymous...
2025-05-08 19:00:23,864 - INFO - Predictions completed for SVM on Anonymous
2025-05-08 19:00:23,864 - INFO - Prediction distribution for SVM on Anonymous: {'Y': 144}
2025-05-08 19:00:23,864 - WARNING -  [WARNING] :SVM on Anonymous predicted only one class: {'Y'}
2025-05-08 19:00:23,866 - WARNING - [UndefinedMetricWarning] Precision is ill-defined and being set to 0.0 in labels with no predicted samples. Use `zero_division` parameter to control this behavior. (from /mnt/NVMETank/Projects/Students/Dele/A-STUDY-INTO-THE-QUALITY-AND-USABILITY-OF-PRIVACY-FRIENDLY-SYNTHETIC-DATA/.venv/lib/python3.12/site-packages/sklearn/metrics/_classification.py:1565)
2025-05-08 19:00:23,867 - WARNING - [UndefinedMetricWarning] Precision is ill-defined and being set to 0.0 in labels with no predicted samples. Use `zero_division` parameter to control this behavior. (from /mnt/NVMETank/Projects/Students/Dele/A-STUDY-INTO-THE-QUALITY-AND-USABILITY-OF-PRIVACY-FRIENDLY-SYNTHETIC-DATA/.venv/lib/python3.12/site-packages/sklearn/metrics/_classification.py:1565)
2025-05-08 19:00:23,868 - WARNING - [UndefinedMetricWarning] Precision is ill-defined and being set to 0.0 in labels with no predicted samples. Use `zero_division` parameter to control this behavior. (from /mnt/NVMETank/Projects/Students/Dele/A-STUDY-INTO-THE-QUALITY-AND-USABILITY-OF-PRIVACY-FRIENDLY-SYNTHETIC-DATA/.venv/lib/python3.12/site-packages/sklearn/metrics/_classification.py:1565)
2025-05-08 19:00:23,870 - INFO - Computed 8 metric(s) for SVM on Anonymous
2025-05-08 19:00:23,870 - INFO - Evaluating SVM on CTGAN_HYBRID...
2025-05-08 19:00:23,872 - INFO - Predictions completed for SVM on CTGAN_HYBRID
2025-05-08 19:00:23,872 - INFO - Prediction distribution for SVM on CTGAN_HYBRID: {'Y': 144}
2025-05-08 19:00:23,872 - WARNING -  [WARNING] :SVM on CTGAN_HYBRID predicted only one class: {'Y'}
2025-05-08 19:00:23,874 - WARNING - [UndefinedMetricWarning] Precision is ill-defined and being set to 0.0 in labels with no predicted samples. Use `zero_division` parameter to control this behavior. (from /mnt/NVMETank/Projects/Students/Dele/A-STUDY-INTO-THE-QUALITY-AND-USABILITY-OF-PRIVACY-FRIENDLY-SYNTHETIC-DATA/.venv/lib/python3.12/site-packages/sklearn/metrics/_classification.py:1565)
2025-05-08 19:00:23,875 - WARNING - [UndefinedMetricWarning] Precision is ill-defined and being set to 0.0 in labels with no predicted samples. Use `zero_division` parameter to control this behavior. (from /mnt/NVMETank/Projects/Students/Dele/A-STUDY-INTO-THE-QUALITY-AND-USABILITY-OF-PRIVACY-FRIENDLY-SYNTHETIC-DATA/.venv/lib/python3.12/site-packages/sklearn/metrics/_classification.py:1565)
2025-05-08 19:00:23,876 - WARNING - [UndefinedMetricWarning] Precision is ill-defined and being set to 0.0 in labels with no predicted samples. Use `zero_division` parameter to control this behavior. (from /mnt/NVMETank/Projects/Students/Dele/A-STUDY-INTO-THE-QUALITY-AND-USABILITY-OF-PRIVACY-FRIENDLY-SYNTHETIC-DATA/.venv/lib/python3.12/site-packages/sklearn/metrics/_classification.py:1565)
2025-05-08 19:00:23,878 - INFO - Computed 8 metric(s) for SVM on CTGAN_HYBRID
2025-05-08 19:00:23,878 - INFO - Evaluating SVM on GaussianCopula_HYBRID...
2025-05-08 19:00:23,880 - INFO - Predictions completed for SVM on GaussianCopula_HYBRID
2025-05-08 19:00:23,880 - INFO - Prediction distribution for SVM on GaussianCopula_HYBRID: {'Y': 144}
2025-05-08 19:00:23,880 - WARNING -  [WARNING] :SVM on GaussianCopula_HYBRID predicted only one class: {'Y'}
2025-05-08 19:00:23,881 - WARNING - [UndefinedMetricWarning] Precision is ill-defined and being set to 0.0 in labels with no predicted samples. Use `zero_division` parameter to control this behavior. (from /mnt/NVMETank/Projects/Students/Dele/A-STUDY-INTO-THE-QUALITY-AND-USABILITY-OF-PRIVACY-FRIENDLY-SYNTHETIC-DATA/.venv/lib/python3.12/site-packages/sklearn/metrics/_classification.py:1565)
2025-05-08 19:00:23,883 - WARNING - [UndefinedMetricWarning] Precision is ill-defined and being set to 0.0 in labels with no predicted samples. Use `zero_division` parameter to control this behavior. (from /mnt/NVMETank/Projects/Students/Dele/A-STUDY-INTO-THE-QUALITY-AND-USABILITY-OF-PRIVACY-FRIENDLY-SYNTHETIC-DATA/.venv/lib/python3.12/site-packages/sklearn/metrics/_classification.py:1565)
2025-05-08 19:00:23,884 - WARNING - [UndefinedMetricWarning] Precision is ill-defined and being set to 0.0 in labels with no predicted samples. Use `zero_division` parameter to control this behavior. (from /mnt/NVMETank/Projects/Students/Dele/A-STUDY-INTO-THE-QUALITY-AND-USABILITY-OF-PRIVACY-FRIENDLY-SYNTHETIC-DATA/.venv/lib/python3.12/site-packages/sklearn/metrics/_classification.py:1565)
2025-05-08 19:00:23,886 - INFO - Computed 8 metric(s) for SVM on GaussianCopula_HYBRID
2025-05-08 19:00:23,886 - INFO - Evaluating SVM on TVAE_HYBRID...
2025-05-08 19:00:23,887 - INFO - Predictions completed for SVM on TVAE_HYBRID
2025-05-08 19:00:23,887 - INFO - Prediction distribution for SVM on TVAE_HYBRID: {'Y': 144}
2025-05-08 19:00:23,887 - WARNING -  [WARNING] :SVM on TVAE_HYBRID predicted only one class: {'Y'}
2025-05-08 19:00:23,888 - WARNING - [UndefinedMetricWarning] Precision is ill-defined and being set to 0.0 in labels with no predicted samples. Use `zero_division` parameter to control this behavior. (from /mnt/NVMETank/Projects/Students/Dele/A-STUDY-INTO-THE-QUALITY-AND-USABILITY-OF-PRIVACY-FRIENDLY-SYNTHETIC-DATA/.venv/lib/python3.12/site-packages/sklearn/metrics/_classification.py:1565)
2025-05-08 19:00:23,889 - WARNING - [UndefinedMetricWarning] Precision is ill-defined and being set to 0.0 in labels with no predicted samples. Use `zero_division` parameter to control this behavior. (from /mnt/NVMETank/Projects/Students/Dele/A-STUDY-INTO-THE-QUALITY-AND-USABILITY-OF-PRIVACY-FRIENDLY-SYNTHETIC-DATA/.venv/lib/python3.12/site-packages/sklearn/metrics/_classification.py:1565)
2025-05-08 19:00:23,891 - WARNING - [UndefinedMetricWarning] Precision is ill-defined and being set to 0.0 in labels with no predicted samples. Use `zero_division` parameter to control this behavior. (from /mnt/NVMETank/Projects/Students/Dele/A-STUDY-INTO-THE-QUALITY-AND-USABILITY-OF-PRIVACY-FRIENDLY-SYNTHETIC-DATA/.venv/lib/python3.12/site-packages/sklearn/metrics/_classification.py:1565)
2025-05-08 19:00:23,892 - INFO - Computed 8 metric(s) for SVM on TVAE_HYBRID
2025-05-08 19:00:23,896 - INFO - Evaluation completed for all models.
2025-05-08 19:00:23,896 - INFO - Model evaluation completed in 0.34 seconds.
2025-05-08 19:00:23,898 - INFO - Evaluated models: ['DecisionTree', 'KNN', 'LogisticRegression', 'RandomForest', 'SVM']
2025-05-08 19:00:23,898 - INFO - Model Training and Evaluation completed.
2025-05-08 19:00:24,444 - INFO -  Visualizations saved.
2025-05-08 19:00:24,444 - INFO -  Benchmarking Completed. Results saved in output folder.
